[0;32mI (124) esp_image: segment 1: paddr=00030edc vaddr=3fca44ESP-ROM:esp32s3-20210327
Build:Mar 27 2021
rst:0x15 (USB_UART_CHIP_RESET),boot:0x8 (SPI_FAST_FLASH_BOOT)
Saved PC:0x4200a24f
SPIWP:0xee
mode:DIO, clock div:1
load:0x3fce2810,len:0x178c
load:0x403c8700,len:0x4
load:0x403c8704,len:0xcb8
load:0x403cb700,len:0x2db0
entry 0x403c8914
[0;32mI (26) boot: ESP-IDF v5.3-dirty 2nd stage bootloader[0m
[0;32mI (27) boot: compile time Oct  2 2026 14:07:55[0m
[0;32mI (27) boot: Multicore bootloader[0m
[0;32mI (30) boot: chip revision: v0.2[0m
[0;32mI (34) boot.esp32s3: Boot SPI Speed : 80MHz[0m
[0;32mI (39) boot.esp32s3: SPI Mode       : DIO[0m
[0;32mI (43) boot.esp32s3: SPI Flash Size : 4MB[0m
[0;32mI (48) boot: Enabling RNG early entropy source...[0m
[0;32mI (54) boot: Partition Table:[0m
[0;32mI (57) boot: ## Label            Usage          Type ST Offset   Length[0m
[0;32mI (64) boot:  0 nvs              WiFi data        01 02 00009000 00006000[0m
[0;32mI (72) boot:  1 phy_init         RF data          01 01 0000f000 00001000[0m
[0;32mI (79) boot:  2 factory          factory app      00 00 00010000 00100000[0m
[0;32mI (87) boot: End of partition table[0m
[0;32mI (91) esp_image: segment 0: paddr=00010020 vaddr=3c070020 size=20eb4h (134836) map[0m
[0;32mI (124) esp_image: segment 1: paddr=00030edc vaddr=3fca4400 size=04500h ( 17664) load[0m
[0;32mI (128) esp_image: segment 2: paddr=000353e4 vaddr=40374000 size=0ac34h ( 44084) load[0m
[0;32mI (139) esp_image: segment 3: paddr=00040020 vaddr=42000020 size=66010h (417808) map[0m
[0;32mI (214) esp_image: segment 4: paddr=000a6038 vaddr=4037ec34 size=15790h ( 87952) load[0m
[0;32mI (247) boot: Loaded app from partition at offset 0x10000[0m
[0;32mI (247) boot: Disabling RNG early entropy source...[0m
[0;32mI (259) esp_psram: Found 2MB PSRAM device[0m
[0;32mI (259) esp_psram: Speed: 40MHz[0m
[0;32mI (260) cpu_start: Multicore app[0m
[0;32mI (679) esp_psram: SPI SRAM memory test OK[0m
[0;32mI (688) cpu_start: Pro cpu start user code[0m
[0;32mI (688) cpu_start: cpu freq: 240000000 Hz[0m
[0;32mI (688) app_init: Application information:[0m
[0;32mI (691) app_init: Project name:     pocket_pan[0m
[0;32mI (696) app_init: App version:      f7f89e4-dirty[0m
[0;32mI (702) app_init: Compile time:     Oct  2 2026 14:12:07[0m
[0;32mI (708) app_init: ELF file SHA256:  1c8a5bcea...[0m
[0;32mI (713) app_init: ESP-IDF:          v5.3-dirty[0m
[0;32mI (718) efuse_init: Min chip rev:     v0.0[0m
[0;32mI (723) efuse_init: Max chip rev:     v0.99 [0m
[0;32mI (728) efuse_init: Chip rev:         v0.2[0m
[0;32mI (733) heap_init: Initializing. RAM available for dynamic allocation:[0m
[0;32mI (740) heap_init: At 3FCCC748 len 0001CFC8 (115 KiB): RAM[0m
[0;32mI (746) heap_init: At 3FCE9710 len 00005724 (21 KiB): RAM[0m
[0;32mI (752) heap_init: At 3FCF0000 len 00008000 (32 KiB): DRAM[0m
[0;32mI (758) heap_init: At 600FE100 len 00001EE8 (7 KiB): RTCRAM[0m
[0;32mI (765) esp_psram: Adding pool of 2048K of PSRAM memory to heap allocator[0m
[0;32mI (773) spi_flash: detected chip: generic[0m
[0;32mI (777) spi_flash: flash io: dio[0m
[0;32mI (781) sleep: Configure to isolate all GPIO pins in sleep state[0m
[0;32mI (788) sleep: Enable automatic switching of GPIO sleep configuration[0m
[0;32mI (795) coexist: coex firmware version: dab85ae96[0m
[0;32mI (800) coexist: coexist rom version e7ae62f[0m
[0;32mI (805) main_task: Started on CPU0[0m
[0;32mI (815) esp_psram: Reserving pool of 32K of internal memory for DMA/internal allocations[0m
[0;32mI (815) main_task: Calling app_main()[0m
[0;32mI (825) pocket_pan_main: [MEM_STAGE] stage=entry internal_free=155251 largest_internal=61440 psram_free=2094528[0m
[0;32mI (835) pocket_pan_main: ===============================================[0m
[0;32mI (835) pocket_pan_main:   Pocket Pan / Metal Modal Synthesizer v1.0.0[0m
[0;32mI (845) pocket_pan_main:   Hardware: TENSTAR TS-ESP32-S3 (Feather TFT)[0m
[0;32mI (855) pocket_pan_main: ===============================================[0m
[0;32mI (865) pocket_pan_main: [FORENSICS] candidate=25 profile=0 cpu_mhz=240 optimization_perf=1 process6=1 fine_bins=0 critical_only=0[0m
[0;32mI (895) pocket_pan_main: [MEM_STAGE] stage=dsp_ready internal_free=155251 largest_internal=61440 psram_free=2094528[0m
[0;32mI (895) gpio: GPIO[10]| InputEn: 0| OutputEn: 1| OpenDrain: 0| Pullup: 0| Pulldown: 1| Intr:0 [0m
[0;32mI (905) AudioI2S: I2S TX initialized (48kHz, 32-bit slot, stereo, 6x128 frames DMA = 1024 bytes/buf)[0m
[0;32mI (925) AudioI2S: Audio task started on Core 0 at priority 12[0m
[0;32mI (925) pocket_pan_main: [MEM_STAGE] stage=i2s_ready internal_free=140519 largest_internal=47104 psram_free=2094528[0m
[0;32mI (935) Display: [DISP_MEM_PRE] before: int_free=140519 int_largest=47104 psram_free=2094528[0m
[0;33mW (945) Display: Internal SRAM (64800 B) exhausted; falling back to PSRAM[0m
[0;32mI (955) Display: [DISP_MEM] framebuffer=0x3c0a0a44 (size=64800, align=4, internal=0, dma=0, psram=1)[0m
[0;32mI (965) Display: [DISP_MEM] scratch=0x3fcdde1c (size=9600, align=12, internal=1, dma=1)[0m
[0;32mI (965) Display: [DISP_MEM] before: int_free=140519 int_largest=47104 psram_free=2094528[0m
[0;32mI (975) Display: [DISP_MEM] after:  int_free=130915 int_largest=36864 psram_free=2029724[0m
[0;32mI (985) gpio: GPIO[39]| InputEn: 0| OutputEn: 1| OpenDrain: 0| Pullup: 0| Pulldown: 0| Intr:0 [0m
[0;32mI (995) gpio: GPIO[40]| InputEn: 0| OutputEn: 1| OpenDrain: 0| Pullup: 0| Pulldown: 0| Intr:0 [0m
[0;32mI (1005) gpio: GPIO[21]| InputEn: 0| OutputEn: 1| OpenDrain: 0| Pullup: 0| Pulldown: 0| Intr:0 [0m
[0;32mI (1235) gpio: GPIO[45]| InputEn: 0| OutputEn: 1| OpenDrain: 0| Pullup: 0| Pulldown: 0| Intr:0 [0m
[0;31mE (1245) lcd_panel.io.spi: panel_io_spi_tx_color(390): spi transmit (queue) color failed[0m
[0;31mE (1245) lcd_panel.st7789: panel_st7789_draw_bitmap(223): io tx color failed[0m
[0;32mI (1245) Display: ST7789 240x135 display initialized successfully (SPI 40MHz, GDMA callback armed)[0m
[0;32mI (1255) pocket_pan_main: [CANARY] PreparedNote canaries OK=1[0m
[0;32mI (1265) pocket_pan_main: [MEM_STAGE] stage=display_ready internal_free=95779 largest_internal=31744 psram_free=2029724[0m
[0;32mI (1275) BLE_INIT: BT controller compile version [ba3b3e3][0m
[0;32mI (1285) BLE_INIT: Bluetooth MAC: b4:3a:45:ae:6f:2a[0m
[0;32mI (1285) phy_init: phy_version 680,a6008b2,Jun  4 2024,16:41:10[0m
[0;33mW (1325) phy_init: saving new calibration data because of checksum failure, mode(0)[0m
[0;32mI (1345) BleMidi: NimBLE BLE MIDI Central initialized and pinned to Core 1[0m
[0;32mI (1345) BleMidi: NimBLE Host task running on Core 1[0m
[0;32mI (1345) pocket_pan_main: [MEM_STAGE] stage=ble_ready internal_free=35491 largest_internal=27648 psram_free=2029724[0m
[0;32mI (1345) NimBLE: Failed to restore IRKs from store; status=8
[0m
[0;32mI (1355) pocket_pan_main: [M75_MEMORY] table_bytes=9640 cache_bytes=60552 synth_bytes=81668 internal_free=35455 largest_internal=27648[0m
[0;32mI (1365) NimBLE: GAP procedure initiated: discovery; [0m
[0;32mI (1375) pocket_pan_main: [UDU_CACHE] compact_bytes=5928 modal_models=9[0m
[0;32mI (1375) NimBLE: own_addr_type=0 filter_policy=0 passive=0 limited=0 filter_duplicates=1 [0m
[0;32mI (1385) pocket_pan_main: [CACHE_LAYOUT] packed=1 storage_bytes=60552 note_scratch_bytes=132[0m
[0;32mI (1395) NimBLE: duration=forever[0m
[0;32mI (1405) NimBLE: 
[0m
[0;32mI (1405) pocket_pan_main: [UDU_STATE] voice_bytes=124 fixed_reference=0[0m
[0;32mI (1415) BleMidi: Scanning for BLE MIDI devices...[0m
[0;32mI (1415) pocket_pan_main: [MEM_STAGE] stage=ui_ready internal_free=31011 largest_internal=22528 psram_free=2029724[0m
[0;32mI (1425) gpio: GPIO[0]| InputEn: 1| OutputEn: 0| OpenDrain: 0| Pullup: 1| Pulldown: 0| Intr:0 [0m
[0;32mI (1435) pocket_pan_main: Pocket Pan initialization complete. Realtime audio active.[0m
[0;32mI (1455) main_task: Returned from app_main()[0m
[0;31mE (1455) lcd_panel.io.spi: panel_io_spi_tx_color(390): spi transmit (queue) color failed[0m
[0;31mE (1465) lcd_panel.st7789: panel_st7789_draw_bitmap(223): io tx color failed[0m
[0;32mI (1495) BleMidi: BLE MIDI device found (59:FB:B6:B7:BF:0F); connecting[0m
[0;32mI (1495) NimBLE: GAP procedure initiated: connect; [0m
[0;32mI (1495) NimBLE: peer_addr_type=0 peer_addr=[0m
[0;32mI (1505) NimBLE: 59:fb:b6:b7:bf:0f[0m
[0;32mI (1505) NimBLE:  scan_itvl=16 scan_window=16 itvl_min=24 itvl_max=40 latency=0 supervision_timeout=256 min_ce_len=0 max_ce_len=0 own_addr_type=0[0m
[0;32mI (1515) NimBLE: 
[0m
[0;32mI (1595) BleMidi: BLE Connected! conn_handle=1[0m
[0;32mI (1595) NimBLE: GAP procedure initiated: [0m
[0;32mI (1595) NimBLE: connection parameter update; conn_handle=1 itvl_min=6 itvl_max=12 latency=0 supervision_timeout=200 min_ce_len=0 max_ce_len=0[0m
[0;32mI (1605) NimBLE: 
[0m
[0;32mI (1615) BleMidi: Requested connection params 7.5-15ms latency=0 timeout=2s rc=0[0m
[0;32mI (1615) NimBLE: GATT procedure initiated: discover all services
[0m
[0;32mI (1885) BleMidi: Found BLE MIDI Service! start_handle=112 end_handle=115[0m
[0;32mI (1885) NimBLE: GATT procedure initiated: discover all characteristics; [0m
[0;32mI (1885) NimBLE: start_handle=112 end_handle=115
[0m
[0;32mI (1985) BleMidi: Found BLE MIDI Characteristic! def_handle=113 val_handle=114 props=0x16[0m
[0;32mI (1985) NimBLE: GATT procedure initiated: discover all descriptors; [0m
[0;32mI (1985) NimBLE: chr_val_handle=114 end_handle=115
[0m
[0;32mI (2085) BleMidi: Discovered CCCD (0x2902) handle=115[0m
[0;32mI (2085) NimBLE: GATT procedure initiated: write; [0m
[0;32mI (2085) NimBLE: att_handle=115 len=2
[0m
[0;32mI (2145) BleMidi: Negotiated params interval=7.50ms latency=0 timeout=2000ms[0m
[0;32mI (2155) BleMidi: CCCD subscription successful; BLE MIDI ready[0m
[0;32mI (2155) NimBLE: GAP procedure initiated: [0m
[0;32mI (2155) NimBLE: connection parameter update; conn_handle=1 itvl_min=6 itvl_max=9 latency=0 supervision_timeout=100 min_ce_len=0 max_ce_len=0[0m
[0;32mI (2175) NimBLE: 
[0m
[0;32mI (2245) BleMidi: Negotiated params interval=11.25ms latency=0 timeout=1000ms[0m
[0;32mI (5805) pocket_pan_main: [AUDIO] model=PAN blocks=1831 avg_us=510 p99_us=0 max_us=911 cpu_load=19.1 deadline=0 timeout=0 tx_error=0 short=0[0m
[0;32mI (5805) pocket_pan_main: [MIDI] push=0 pop=0 drop=0 hwm=0 last=(n=62 v=0 t=78 hex=000000)[0m
[0;32mI (5815) pocket_pan_main: [BLE] state=8 interval_ms=11.25 latency=0 rssi=-66 reconnects=0 last_disconnect=0[0m
[0;32mI (5825) pocket_pan_main: [MEM] internal_free=68559 largest_internal=32768[0m
[0;32mI (5835) pocket_pan_main: [UICORR] >1733(tot=0 draw=0 lcd=0 both=0 none=0) >2000(tot=0 draw=0 lcd=0 both=0 none=0)[0m
[0;32mI (5845) pocket_pan_main: [UIMETRIC] arch=0 field_updates=15 total_transfers=8 total_pixels=123840 last_sub_us=252 last_dma_us=1039[0m
[0;32mI (5855) pocket_pan_main: [UIREDRAW] urgent=7 telemetry=18 skip=119[0m
[0;32mI (10815) pocket_pan_main: [AUDIO] model=PAN blocks=3708 avg_us=513 p99_us=700 max_us=911 cpu_load=19.2 deadline=0 timeout=0 tx_error=0 short=0[0m
[0;32mI (10815) pocket_pan_main: [MIDI] push=0 pop=0 drop=0 hwm=0 last=(n=62 v=0 t=78 hex=000000)[0m
[0;32mI (10825) pocket_pan_main: [BLE] state=8 interval_ms=11.25 latency=0 rssi=-65 reconnects=0 last_disconnect=0[0m
[0;32mI (10835) pocket_pan_main: [MEM] internal_free=68559 largest_internal=32768[0m
[0;32mI (10845) pocket_pan_main: [UICORR] >1733(tot=0 draw=0 lcd=0 both=0 none=0) >2000(tot=0 draw=0 lcd=0 both=0 none=0)[0m
[0;32mI (10855) pocket_pan_main: [UIMETRIC] arch=0 field_updates=19 total_transfers=12 total_pixels=131520 last_sub_us=268 last_dma_us=1052[0m
[0;32mI (10865) pocket_pan_main: [UIREDRAW] urgent=7 telemetry=42 skip=260[0m
[0;32mI (13125) forensics: [SAFETY] fixture=0 hard=0 sat=0 nonfinite=0 ble_lost=0[0m
[0;32mI (13125) forensics: [EVENT_ONLY] fixture=0 n=22 avg_us=71.65 max_us=85[0m
[0;32mI (13125) forensics: [FIXTURE_IO] model=PAN fixture=0 avg_us=513 p99_us=700 max_us=911 cpu_pct=19.24 deadline=0 timeouts=0 tx_errors=0 short_writes=0[0m
[0;32mI (13145) forensics: [CURVE] model=PAN fixture=0 voices=1 class=true_steady n=4051 avg_us=505.36 p95_us=525 p99_us=675 p995_us=675 p999_us=700 max_us=727 deadline=0 bad_voices=0 ble_lost=0 hard=0 sat=0 bin_us=25 max_observed_voices=1[0m
[0;32mI (13165) forensics: [HIST] fixture=0 class=true_steady lower_us=475 n=3660[0m
[0;32mI (13175) forensics: [HIST] fixture=0 class=true_steady lower_us=500 n=206[0m
[0;32mI (13185) forensics: [HIST] fixture=0 class=true_steady lower_us=525 n=2[0m
[0;32mI (13185) forensics: [HIST] fixture=0 class=true_steady lower_us=550 n=1[0m
[0;32mI (13195) forensics: [HIST] fixture=0 class=true_steady lower_us=575 n=2[0m
[0;32mI (13205) forensics: [HIST] fixture=0 class=true_steady lower_us=650 n=174[0m
[0;32mI (13205) forensics: [HIST] fixture=0 class=true_steady lower_us=675 n=3[0m
[0;32mI (13215) forensics: [HIST] fixture=0 class=true_steady lower_us=700 n=2[0m
[0;32mI (13225) forensics: [HIST] fixture=0 class=true_steady lower_us=725 n=1[0m
[0;32mI (13235) forensics: [CALLBACK_CURVE] model=PAN fixture=0 voices=1 class=true_steady n=4050 avg_us=519.39 p95_us=625 p99_us=700 p995_us=700 p999_us=750 max_us=840 deadline=0 overhead_avg_us=14.03[0m
[0;32mI (13245) forensics: [CALLBACK_HIST] fixture=0 class=true_steady lower_us=500 n=3608[0m
[0;32mI (13255) forensics: [CALLBACK_HIST] fixture=0 class=true_steady lower_us=525 n=147[0m
[0;32mI (13265) forensics: [CALLBACK_HIST] fixture=0 class=true_steady lower_us=550 n=51[0m
[0;32mI (13275) forensics: [CALLBACK_HIST] fixture=0 class=true_steady lower_us=575 n=34[0m
[0;32mI (13285) forensics: [CALLBACK_HIST] fixture=0 class=true_steady lower_us=600 n=14[0m
[0;32mI (13295) forensics: [CALLBACK_HIST] fixture=0 class=true_steady lower_us=625 n=8[0m
[0;32mI (13295) forensics: [CALLBACK_HIST] fixture=0 class=true_steady lower_us=650 n=146[0m
[0;32mI (13305) forensics: [CALLBACK_HIST] fixture=0 class=true_steady lower_us=675 n=29[0m
[0;32mI (13315) forensics: [CALLBACK_HIST] fixture=0 class=true_steady lower_us=700 n=5[0m
[0;32mI (13325) forensics: [CALLBACK_HIST] fixture=0 class=true_steady lower_us=725 n=6[0m
[0;32mI (13335) forensics: [CALLBACK_HIST] fixture=0 class=true_steady lower_us=825 n=2[0m
[0;32mI (13345) forensics: [CURVE] model=PAN fixture=0 voices=1 class=attack_tail n=22 avg_us=558.18 p95_us=575 p99_us=575 p995_us=575 p999_us=575 max_us=563 deadline=0 bad_voices=0 ble_lost=0 hard=0 sat=0 bin_us=25 max_observed_voices=1[0m
[0;32mI (13365) forensics: [HIST] fixture=0 class=attack_tail lower_us=550 n=22[0m
[0;32mI (13365) forensics: [CALLBACK_CURVE] model=PAN fixture=0 voices=1 class=attack_tail n=22 avg_us=573.95 p95_us=600 p99_us=625 p995_us=625 p999_us=625 max_us=609 deadline=0 overhead_avg_us=15.77[0m
[0;32mI (13385) forensics: [CALLBACK_HIST] fixture=0 class=attack_tail lower_us=550 n=15[0m
[0;32mI (13395) forensics: [CALLBACK_HIST] fixture=0 class=attack_tail lower_us=575 n=6[0m
[0;32mI (13405) forensics: [CALLBACK_HIST] fixture=0 class=attack_tail lower_us=600 n=1[0m
[0;32mI (13415) forensics: [CURVE] model=PAN fixture=0 voices=1 class=event n=22 avg_us=679.86 p95_us=700 p99_us=725 p995_us=725 p999_us=725 max_us=713 deadline=0 bad_voices=0 ble_lost=0 hard=0 sat=0 bin_us=25 max_observed_voices=1[0m
[0;32mI (13435) forensics: [HIST] fixture=0 class=event lower_us=650 n=6[0m
[0;32mI (13435) forensics: [HIST] fixture=0 class=event lower_us=675 n=15[0m
[0;32mI (13445) forensics: [HIST] fixture=0 class=event lower_us=700 n=1[0m
[0;32mI (13455) forensics: [CALLBACK_CURVE] model=PAN fixture=0 voices=1 class=event n=22 avg_us=734.41 p95_us=775 p99_us=775 p995_us=775 p999_us=775 max_us=773 deadline=0 overhead_avg_us=54.55[0m
[0;32mI (13475) forensics: [CALLBACK_HIST] fixture=0 class=event lower_us=700 n=7[0m
[0;32mI (13475) forensics: [CALLBACK_HIST] fixture=0 class=event lower_us=725 n=13[0m
[0;32mI (13485) forensics: [CALLBACK_HIST] fixture=0 class=event lower_us=750 n=2[0m
[0;32mI (13495) forensics: [CURVE] model=PAN fixture=0 voices=1 class=fixture_transition n=1 avg_us=712.23 p95_us=725 p99_us=725 p995_us=725 p999_us=725 max_us=713 deadline=0 bad_voices=0 ble_lost=0 hard=0 sat=0 bin_us=25 max_observed_voices=1[0m
[0;32mI (13515) forensics: [HIST] fixture=0 class=fixture_transition lower_us=700 n=1[0m
[0;32mI (13525) forensics: [CALLBACK_CURVE] model=PAN fixture=0 voices=1 class=fixture_transition n=1 avg_us=911.00 p95_us=925 p99_us=925 p995_us=925 p999_us=925 max_us=911 deadline=0 overhead_avg_us=198.77[0m
[0;32mI (13545) forensics: [CALLBACK_HIST] fixture=0 class=fixture_transition lower_us=900 n=1[0m
[0;32mI (13555) forensics: [FASTPATH] fixture=0 stable8=0 attack=0 sustain=4051[0m
[0;32mI (13555) forensics: [OVERHEAD] fixture=0 blocks=4566 model_reset_avg_us=1.52 model_reset_max_us=16 queue_avg_us=1.80 queue_max_us=39 render_avg_us=459.62 telem_avg_us=3.25 telem_max_us=107 telem_publishes=570[0m
[0;32mI (15825) pocket_pan_main: [AUDIO] model=PAN blocks=5589 avg_us=1159 p99_us=0 max_us=1714 cpu_load=43.5 deadline=0 timeout=0 tx_error=0 short=0[0m
[0;32mI (15825) pocket_pan_main: [MIDI] push=0 pop=0 drop=0 hwm=0 last=(n=62 v=0 t=78 hex=000000)[0m
[0;32mI (15835) pocket_pan_main: [BLE] state=8 interval_ms=11.25 latency=0 rssi=-65 reconnects=0 last_disconnect=0[0m
[0;32mI (15845) pocket_pan_main: [MEM] internal_free=68407 largest_internal=32768[0m
[0;32mI (15855) pocket_pan_main: [UICORR] >1733(tot=0 draw=0 lcd=0 both=0 none=0) >2000(tot=0 draw=0 lcd=0 both=0 none=0)[0m
[0;32mI (15865) pocket_pan_main: [UIMETRIC] arch=0 field_updates=23 total_transfers=15 total_pixels=141600 last_sub_us=266 last_dma_us=1051[0m
[0;32mI (15875) pocket_pan_main: [UIREDRAW] urgent=8 telemetry=63 skip=388[0m
[0;32mI (20835) pocket_pan_main: [AUDIO] model=PAN blocks=7467 avg_us=1146 p99_us=1375 max_us=1793 cpu_load=43.0 deadline=0 timeout=0 tx_error=0 short=0[0m
[0;32mI (20835) pocket_pan_main: [MIDI] push=0 pop=0 drop=0 hwm=0 last=(n=62 v=0 t=78 hex=000000)[0m
[0;32mI (20845) pocket_pan_main: [BLE] state=8 interval_ms=11.25 latency=0 rssi=-68 reconnects=0 last_disconnect=0[0m
[0;32mI (20855) pocket_pan_main: [MEM] internal_free=68407 largest_internal=32768[0m
[0;32mI (20865) pocket_pan_main: [UICORR] >1733(tot=1 draw=0 lcd=0 both=0 none=1) >2000(tot=0 draw=0 lcd=0 both=0 none=0)[0m
[0;32mI (20875) pocket_pan_main: [UIMETRIC] arch=0 field_updates=27 total_transfers=19 total_pixels=149280 last_sub_us=260 last_dma_us=1042[0m
[0;32mI (20885) pocket_pan_main: [UIREDRAW] urgent=8 telemetry=87 skip=529[0m
[0;33mW (24045) forensics: [OVERRUN] seq=8664 callback_us=2441 inner_us=2367 class=event fixture=2 model=PAN voices=8 exciter=1 midi_depth=0 midi_consumed=0 telem=0 model_req=0 reset_req=0[0m
[0;32mI (24045) forensics: [SAFETY] fixture=1 hard=0 sat=0 nonfinite=0 ble_lost=0[0m
[0;32mI (24055) forensics: [EVENT_ONLY] fixture=1 n=22 avg_us=94.50 max_us=101[0m
[0;32mI (24065) forensics: [FIXTURE_IO] model=PAN fixture=1 avg_us=1157 p99_us=1375 max_us=1793 cpu_pct=43.38 deadline=0 timeouts=0 tx_errors=0 short_writes=0[0m
[0;32mI (24075) forensics: [CURVE] model=PAN fixture=1 voices=4 class=true_steady n=4051 avg_us=1136.08 p95_us=1175 p99_us=1200 p995_us=1225 p999_us=1250 max_us=1261 deadline=0 bad_voices=0 ble_lost=0 hard=0 sat=0 bin_us=25 max_observed_voices=4[0m
[0;32mI (24095) forensics: [HIST] fixture=1 class=true_steady lower_us=1100 n=885[0m
[0;32mI (24105) forensics: [HIST] fixture=1 class=true_steady lower_us=1125 n=2572[0m
[0;32mI (24115) forensics: [HIST] fixture=1 class=true_steady lower_us=1150 n=478[0m
[0;32mI (24125) forensics: [HIST] fixture=1 class=true_steady lower_us=1175 n=83[0m
[0;32mI (24125) forensics: [HIST] fixture=1 class=true_steady lower_us=1200 n=28[0m
[0;32mI (24135) forensics: [HIST] fixture=1 class=true_steady lower_us=1225 n=3[0m
[0;32mI (24145) forensics: [HIST] fixture=1 class=true_steady lower_us=1250 n=2[0m
[0;32mI (24155) forensics: [CALLBACK_CURVE] model=PAN fixture=1 voices=4 class=true_steady n=4051 avg_us=1151.69 p95_us=1200 p99_us=1300 p995_us=1325 p999_us=1375 max_us=1418 deadline=0 overhead_avg_us=15.61[0m
[0;32mI (24165) forensics: [CALLBACK_HIST] fixture=1 class=true_steady lower_us=525 n=1[0m
[0;32mI (24175) forensics: [CALLBACK_HIST] fixture=1 class=true_steady lower_us=1125 n=2481[0m
[0;32mI (24185) forensics: [CALLBACK_HIST] fixture=1 class=true_steady lower_us=1150 n=1078[0m
[0;32mI (24195) forensics: [CALLBACK_HIST] fixture=1 class=true_steady lower_us=1175 n=309[0m
[0;32mI (24205) forensics: [CALLBACK_HIST] fixture=1 class=true_steady lower_us=1200 n=84[0m
[0;32mI (24215) forensics: [CALLBACK_HIST] fixture=1 class=true_steady lower_us=1225 n=32[0m
[0;32mI (24215) forensics: [CALLBACK_HIST] fixture=1 class=true_steady lower_us=1250 n=25[0m
[0;32mI (24225) forensics: [CALLBACK_HIST] fixture=1 class=true_steady lower_us=1275 n=20[0m
[0;32mI (24235) forensics: [CALLBACK_HIST] fixture=1 class=true_steady lower_us=1300 n=9[0m
[0;32mI (24245) forensics: [CALLBACK_HIST] fixture=1 class=true_steady lower_us=1325 n=7[0m
[0;32mI (24255) forensics: [CALLBACK_HIST] fixture=1 class=true_steady lower_us=1350 n=4[0m
[0;32mI (24265) forensics: [CALLBACK_HIST] fixture=1 class=true_steady lower_us=1400 n=1[0m
[0;32mI (24265) forensics: [CURVE] model=PAN fixture=1 voices=4 class=attack_tail n=22 avg_us=1378.45 p95_us=1400 p99_us=1400 p995_us=1400 p999_us=1400 max_us=1394 deadline=0 bad_voices=0 ble_lost=0 hard=0 sat=0 bin_us=25 max_observed_voices=4[0m
[0;32mI (24295) forensics: [HIST] fixture=1 class=attack_tail lower_us=1350 n=4[0m
[0;32mI (24295) forensics: [HIST] fixture=1 class=attack_tail lower_us=1375 n=18[0m
[0;32mI (24305) forensics: [CALLBACK_CURVE] model=PAN fixture=1 voices=4 class=attack_tail n=22 avg_us=1395.86 p95_us=1425 p99_us=1425 p995_us=1425 p999_us=1425 max_us=1416 deadline=0 overhead_avg_us=17.41[0m
[0;32mI (24325) forensics: [CALLBACK_HIST] fixture=1 class=attack_tail lower_us=1375 n=17[0m
[0;32mI (24335) forensics: [CALLBACK_HIST] fixture=1 class=attack_tail lower_us=1400 n=5[0m
[0;32mI (24345) forensics: [CURVE] model=PAN fixture=1 voices=4 class=event n=22 avg_us=1600.84 p95_us=1625 p99_us=1675 p995_us=1675 p999_us=1675 max_us=1657 deadline=0 bad_voices=0 ble_lost=0 hard=0 sat=0 bin_us=25 max_observed_voices=4[0m
[0;32mI (24365) forensics: [HIST] fixture=1 class=event lower_us=1550 n=1[0m
[0;32mI (24365) forensics: [HIST] fixture=1 class=event lower_us=1575 n=12[0m
[0;32mI (24375) forensics: [HIST] fixture=1 class=event lower_us=1600 n=8[0m
[0;32mI (24385) forensics: [HIST] fixture=1 class=event lower_us=1650 n=1[0m
[0;32mI (24395) forensics: [CALLBACK_CURVE] model=PAN fixture=1 voices=4 class=event n=22 avg_us=1663.64 p95_us=1725 p99_us=1800 p995_us=1800 p999_us=1800 max_us=1793 deadline=0 overhead_avg_us=62.80[0m
[0;32mI (24405) forensics: [CALLBACK_HIST] fixture=1 class=event lower_us=1625 n=6[0m
[0;32mI (24415) forensics: [CALLBACK_HIST] fixture=1 class=event lower_us=1650 n=13[0m
[0;32mI (24425) forensics: [CALLBACK_HIST] fixture=1 class=event lower_us=1675 n=1[0m
[0;32mI (24435) forensics: [CALLBACK_HIST] fixture=1 class=event lower_us=1700 n=1[0m
[0;32mI (24435) forensics: [CALLBACK_HIST] fixture=1 class=event lower_us=1775 n=1[0m
[0;32mI (24445) forensics: [CURVE] model=PAN fixture=1 voices=4 class=fixture_transition n=1 avg_us=641.33 p95_us=650 p99_us=650 p995_us=650 p999_us=650 max_us=642 deadline=0 bad_voices=0 ble_lost=0 hard=0 sat=0 bin_us=25 max_observed_voices=4[0m
[0;32mI (24465) forensics: [HIST] fixture=1 class=fixture_transition lower_us=625 n=1[0m
[0;32mI (24475) forensics: [CALLBACK_CURVE] model=PAN fixture=1 voices=4 class=fixture_transition n=1 avg_us=692.00 p95_us=700 p99_us=700 p995_us=700 p999_us=700 max_us=692 deadline=0 overhead_avg_us=50.67[0m
[0;32mI (24495) forensics: [CALLBACK_HIST] fixture=1 class=fixture_transition lower_us=675 n=1[0m
[0;32mI (24505) forensics: [FASTPATH] fixture=1 stable8=0 attack=0 sustain=16204[0m
[0;32mI (24515) forensics: [OVERHEAD] fixture=1 blocks=4096 model_reset_avg_us=1.49 model_reset_max_us=13 queue_avg_us=1.70 queue_max_us=24 render_avg_us=1145.96 telem_avg_us=3.61 telem_max_us=81 telem_publishes=512[0m
[0;33mW (24565) forensics: [OVERRUN] seq=8852 callback_us=2620 inner_us=2554 class=event fixture=2 model=PAN voices=8 exciter=1 midi_depth=0 midi_consumed=0 telem=0 model_req=0 reset_req=0[0m
[0;33mW (25055) forensics: [OVERRUN] seq=9040 callback_us=2507 inner_us=2434 class=event fixture=2 model=PAN voices=8 exciter=1 midi_depth=0 midi_consumed=0 telem=0 model_req=0 reset_req=0[0m
[0;33mW (25535) forensics: [OVERRUN] seq=9228 callback_us=2491 inner_us=2434 class=event fixture=2 model=PAN voices=8 exciter=1 midi_depth=0 midi_consumed=0 telem=0 model_req=0 reset_req=0[0m
[0;32mI (25845) pocket_pan_main: [AUDIO] model=PAN blocks=9345 avg_us=1675 p99_us=0 max_us=2620 cpu_load=62.8 deadline=0 timeout=0 tx_error=0 short=0[0m
[0;32mI (25845) pocket_pan_main: [MIDI] push=0 pop=0 drop=0 hwm=0 last=(n=62 v=0 t=78 hex=000000)[0m
[0;32mI (25855) pocket_pan_main: [BLE] state=8 interval_ms=11.25 latency=0 rssi=-64 reconnects=0 last_disconnect=0[0m
[0;32mI (25865) pocket_pan_main: [MEM] internal_free=68407 largest_internal=32768[0m
[0;32mI (25875) pocket_pan_main: [UICORR] >1733(tot=53 draw=0 lcd=4 both=1 none=48) >2000(tot=8 draw=0 lcd=0 both=0 none=8)[0m
[0;32mI (25885) pocket_pan_main: [UIMETRIC] arch=0 field_updates=35 total_transfers=26 total_pixels=167040 last_sub_us=274 last_dma_us=1061[0m
[0;32mI (25895) pocket_pan_main: [UIREDRAW] urgent=10 telemetry=108 skip=654[0m
[0;33mW (26055) forensics: [OVERRUN] seq=9416 callback_us=2498 inner_us=2440 class=event fixture=2 model=PAN voices=8 exciter=1 midi_depth=0 midi_consumed=0 telem=0 model_req=0 reset_req=0[0m
[0;33mW (26535) forensics: [OVERRUN] seq=9604 callback_us=2472 inner_us=2416 class=event fixture=2 model=PAN voices=8 exciter=1 midi_depth=0 midi_consumed=0 telem=0 model_req=0 reset_req=0[0m
[0;33mW (27055) forensics: [OVERRUN] seq=9792 callback_us=2484 inner_us=2425 class=event fixture=2 model=PAN voices=8 exciter=1 midi_depth=0 midi_consumed=0 telem=0 model_req=0 reset_req=0[0m
[0;33mW (27545) forensics: [OVERRUN] seq=9980 callback_us=2483 inner_us=2425 class=event fixture=2 model=PAN voices=8 exciter=1 midi_depth=0 midi_consumed=0 telem=0 model_req=0 reset_req=0[0m
[0;33mW (28065) forensics: [OVERRUN] seq=10168 callback_us=2496 inner_us=2427 class=event fixture=2 model=PAN voices=8 exciter=1 midi_depth=0 midi_consumed=0 telem=0 model_req=0 reset_req=0[0m
[0;33mW (28555) forensics: [OVERRUN] seq=10356 callback_us=2480 inner_us=2420 class=event fixture=2 model=PAN voices=8 exciter=1 midi_depth=0 midi_consumed=0 telem=0 model_req=0 reset_req=0[0m
[0;33mW (29065) forensics: [OVERRUN] seq=10544 callback_us=2491 inner_us=2425 class=event fixture=2 model=PAN voices=8 exciter=1 midi_depth=0 midi_consumed=0 telem=0 model_req=0 reset_req=0[0m
[0;33mW (29555) forensics: [OVERRUN] seq=10732 callback_us=2475 inner_us=2419 class=event fixture=2 model=PAN voices=8 exciter=1 midi_depth=0 midi_consumed=0 telem=0 model_req=0 reset_req=0[0m
[0;33mW (30065) forensics: [OVERRUN] seq=10920 callback_us=2473 inner_us=2415 class=event fixture=2 model=PAN voices=8 exciter=1 midi_depth=0 midi_consumed=0 telem=0 model_req=0 reset_req=0[0m
[0;33mW (30555) forensics: [OVERRUN] seq=11108 callback_us=2480 inner_us=2426 class=event fixture=2 model=PAN voices=8 exciter=1 midi_depth=0 midi_consumed=0 telem=0 model_req=0 reset_req=0[0m
[0;32mI (30865) pocket_pan_main: [AUDIO] model=PAN blocks=11229 avg_us=1677 p99_us=2000 max_us=2620 cpu_load=62.9 deadline=0 timeout=0 tx_error=0 short=0[0m
[0;32mI (30865) pocket_pan_main: [MIDI] push=0 pop=0 drop=0 hwm=0 last=(n=62 v=0 t=78 hex=000000)[0m
[0;32mI (30875) pocket_pan_main: [BLE] state=8 interval_ms=11.25 latency=0 rssi=-59 reconnects=0 last_disconnect=0[0m
[0;32mI (30885) pocket_pan_main: [MEM] internal_free=68407 largest_internal=32768[0m
[0;32mI (30895) pocket_pan_main: [UICORR] >1733(tot=131 draw=2 lcd=9 both=1 none=119) >2000(tot=28 draw=0 lcd=0 both=0 none=28)[0m
[0;32mI (30905) pocket_pan_main: [UIMETRIC] arch=0 field_updates=49 total_transfers=40 total_pixels=193920 last_sub_us=269 last_dma_us=1052[0m
[0;32mI (30915) pocket_pan_main: [UIREDRAW] urgent=10 telemetry=131 skip=794[0m
[0;33mW (31075) forensics: [OVERRUN] seq=11296 callback_us=2508 inner_us=2432 class=event fixture=2 model=PAN voices=8 exciter=1 midi_depth=0 midi_consumed=0 telem=0 model_req=0 reset_req=0[0m
[0;33mW (31555) forensics: [OVERRUN] seq=11484 callback_us=2480 inner_us=2428 class=event fixture=2 model=PAN voices=8 exciter=1 midi_depth=0 midi_consumed=0 telem=0 model_req=0 reset_req=0[0m
[0;33mW (32075) forensics: [OVERRUN] seq=11672 callback_us=2504 inner_us=2427 class=event fixture=2 model=PAN voices=8 exciter=1 midi_depth=0 midi_consumed=0 telem=0 model_req=0 reset_req=0[0m
[0;33mW (32555) forensics: [OVERRUN] seq=11860 callback_us=2464 inner_us=2414 class=event fixture=2 model=PAN voices=8 exciter=1 midi_depth=0 midi_consumed=0 telem=0 model_req=0 reset_req=0[0m
[0;33mW (33075) forensics: [OVERRUN] seq=12048 callback_us=2487 inner_us=2430 class=event fixture=2 model=PAN voices=8 exciter=1 midi_depth=0 midi_consumed=0 telem=0 model_req=0 reset_req=0[0m
[0;33mW (33555) forensics: [OVERRUN] seq=12236 callback_us=2480 inner_us=2424 class=event fixture=2 model=PAN voices=8 exciter=1 midi_depth=0 midi_consumed=0 telem=0 model_req=0 reset_req=0[0m
[0;33mW (34075) forensics: [OVERRUN] seq=12424 callback_us=2463 inner_us=2411 class=event fixture=2 model=PAN voices=8 exciter=1 midi_depth=0 midi_consumed=0 telem=0 model_req=0 reset_req=0[0m
[0;33mW (34565) forensics: [OVERRUN] seq=12612 callback_us=2475 inner_us=2419 class=event fixture=2 model=PAN voices=8 exciter=1 midi_depth=0 midi_consumed=0 telem=0 model_req=0 reset_req=0[0m
[0;32mI (34965) forensics: [SAFETY] fixture=2 hard=0 sat=0 nonfinite=0 ble_lost=0[0m
[0;32mI (34965) forensics: [EVENT_ONLY] fixture=2 n=22 avg_us=145.14 max_us=151[0m
[0;32mI (34965) forensics: [FIXTURE_IO] model=PAN fixture=2 avg_us=1679 p99_us=2000 max_us=2620 cpu_pct=62.95 deadline=0 timeouts=0 tx_errors=0 short_writes=0[0m
[0;32mI (34985) forensics: [CURVE] model=PAN fixture=2 voices=8 class=true_steady n=4051 avg_us=1647.67 p95_us=1700 p99_us=1725 p995_us=1750 p999_us=1775 max_us=1821 deadline=0 bad_voices=0 ble_lost=0 hard=0 sat=0 bin_us=25 max_observed_voices=8[0m
[0;32mI (35005) forensics: [HIST] fixture=2 class=true_steady lower_us=1625 n=2682[0m
[0;32mI (35015) forensics: [HIST] fixture=2 class=true_steady lower_us=1650 n=1046[0m
[0;32mI (35015) forensics: [HIST] fixture=2 class=true_steady lower_us=1675 n=224[0m
[0;32mI (35025) forensics: [HIST] fixture=2 class=true_steady lower_us=1700 n=67[0m
[0;32mI (35035) forensics: [HIST] fixture=2 class=true_steady lower_us=1725 n=26[0m
[0;32mI (35045) forensics: [HIST] fixture=2 class=true_steady lower_us=1750 n=4[0m
[0;32mI (35045) forensics: [HIST] fixture=2 class=true_steady lower_us=1800 n=2[0m
[0;32mI (35055) forensics: [CALLBACK_CURVE] model=PAN fixture=2 voices=8 class=true_steady n=4051 avg_us=1664.44 p95_us=1725 p99_us=1825 p995_us=1850 p999_us=1900 max_us=1938 deadline=0 overhead_avg_us=16.77[0m
[0;32mI (35075) forensics: [CALLBACK_HIST] fixture=2 class=true_steady lower_us=1150 n=1[0m
[0;32mI (35085) forensics: [CALLBACK_HIST] fixture=2 class=true_steady lower_us=1625 n=1404[0m
[0;32mI (35095) forensics: [CALLBACK_HIST] fixture=2 class=true_steady lower_us=1650 n=1770[0m
[0;32mI (35105) forensics: [CALLBACK_HIST] fixture=2 class=true_steady lower_us=1675 n=541[0m
[0;32mI (35105) forensics: [CALLBACK_HIST] fixture=2 class=true_steady lower_us=1700 n=157[0m
[0;32mI (35115) forensics: [CALLBACK_HIST] fixture=2 class=true_steady lower_us=1725 n=62[0m
[0;32mI (35125) forensics: [CALLBACK_HIST] fixture=2 class=true_steady lower_us=1750 n=43[0m
[0;32mI (35135) forensics: [CALLBACK_HIST] fixture=2 class=true_steady lower_us=1775 n=29[0m
[0;32mI (35145) forensics: [CALLBACK_HIST] fixture=2 class=true_steady lower_us=1800 n=15[0m
[0;32mI (35155) forensics: [CALLBACK_HIST] fixture=2 class=true_steady lower_us=1825 n=15[0m
[0;32mI (35155) forensics: [CALLBACK_HIST] fixture=2 class=true_steady lower_us=1850 n=9[0m
[0;32mI (35165) forensics: [CALLBACK_HIST] fixture=2 class=true_steady lower_us=1875 n=1[0m
[0;32mI (35175) forensics: [CALLBACK_HIST] fixture=2 class=true_steady lower_us=1900 n=3[0m
[0;32mI (35185) forensics: [CALLBACK_HIST] fixture=2 class=true_steady lower_us=1925 n=1[0m
[0;32mI (35195) forensics: [CURVE] model=PAN fixture=2 voices=8 class=attack_tail n=22 avg_us=2015.58 p95_us=2100 p99_us=2125 p995_us=2125 p999_us=2125 max_us=2106 deadline=0 bad_voices=0 ble_lost=0 hard=0 sat=0 bin_us=25 max_observed_voices=8[0m
[0;32mI (35215) forensics: [HIST] fixture=2 class=attack_tail lower_us=1975 n=4[0m
[0;32mI (35225) forensics: [HIST] fixture=2 class=attack_tail lower_us=2000 n=16[0m
[0;32mI (35225) forensics: [HIST] fixture=2 class=attack_tail lower_us=2075 n=1[0m
[0;32mI (35235) forensics: [HIST] fixture=2 class=attack_tail lower_us=2100 n=1[0m
[0;32mI (35245) forensics: [CALLBACK_CURVE] model=PAN fixture=2 voices=8 class=attack_tail n=22 avg_us=2040.00 p95_us=2125 p99_us=2200 p995_us=2200 p999_us=2200 max_us=2188 deadline=0 overhead_avg_us=24.42[0m
[0;32mI (35265) forensics: [CALLBACK_HIST] fixture=2 class=attack_tail lower_us=2000 n=7[0m
[0;32mI (35275) forensics: [CALLBACK_HIST] fixture=2 class=attack_tail lower_us=2025 n=13[0m
[0;32mI (35275) forensics: [CALLBACK_HIST] fixture=2 class=attack_tail lower_us=2100 n=1[0m
[0;32mI (35285) forensics: [CALLBACK_HIST] fixture=2 class=attack_tail lower_us=2175 n=1[0m
[0;32mI (35295) forensics: [CURVE] model=PAN fixture=2 voices=8 class=event n=22 avg_us=2427.13 p95_us=2450 p99_us=2575 p995_us=2575 p999_us=2575 max_us=2554 deadline=0 bad_voices=0 ble_lost=0 hard=0 sat=0 bin_us=25 max_observed_voices=8[0m
[0;32mI (35315) forensics: [HIST] fixture=2 class=event lower_us=2350 n=1[0m
[0;32mI (35325) forensics: [HIST] fixture=2 class=event lower_us=2400 n=8[0m
[0;32mI (35335) forensics: [HIST] fixture=2 class=event lower_us=2425 n=12[0m
[0;32mI (35335) forensics: [HIST] fixture=2 class=event lower_us=2550 n=1[0m
[0;32mI (35345) forensics: [CALLBACK_CURVE] model=PAN fixture=2 voices=8 class=event n=22 avg_us=2488.73 p95_us=2525 p99_us=2625 p995_us=2625 p999_us=2625 max_us=2620 deadline=0 overhead_avg_us=61.59[0m
[0;32mI (35365) forensics: [CALLBACK_HIST] fixture=2 class=event lower_us=2425 n=1[0m
[0;32mI (35365) forensics: [CALLBACK_HIST] fixture=2 class=event lower_us=2450 n=4[0m
[0;32mI (35375) forensics: [CALLBACK_HIST] fixture=2 class=event lower_us=2475 n=13[0m
[0;32mI (35385) forensics: [CALLBACK_HIST] fixture=2 class=event lower_us=2500 n=3[0m
[0;32mI (35395) forensics: [CALLBACK_HIST] fixture=2 class=event lower_us=2600 n=1[0m
[0;32mI (35405) forensics: [CURVE] model=PAN fixture=2 voices=8 class=fixture_transition n=1 avg_us=601.21 p95_us=625 p99_us=625 p995_us=625 p999_us=625 max_us=602 deadline=0 bad_voices=0 ble_lost=0 hard=0 sat=0 bin_us=25 max_observed_voices=8[0m
[0;32mI (35425) forensics: [HIST] fixture=2 class=fixture_transition lower_us=600 n=1[0m
[0;32mI (35435) forensics: [CALLBACK_CURVE] model=PAN fixture=2 voices=8 class=fixture_transition n=1 avg_us=659.00 p95_us=675 p99_us=675 p995_us=675 p999_us=675 max_us=659 deadline=0 overhead_avg_us=57.79[0m
[0;32mI (35445) forensics: [CALLBACK_HIST] fixture=2 class=fixture_transition lower_us=650 n=1[0m
[0;32mI (35455) forensics: [FASTPATH] fixture=2 stable8=4051 attack=352 sustain=32408[0m
[0;32mI (35465) forensics: [OVERHEAD] fixture=2 blocks=4096 model_reset_avg_us=1.51 model_reset_max_us=13 queue_avg_us=1.78 queue_max_us=28 render_avg_us=1660.50 telem_avg_us=3.85 telem_max_us=80 telem_publishes=512[0m
[0;32mI (35875) pocket_pan_main: [AUDIO] model=PAN blocks=13107 avg_us=11 p99_us=2000 max_us=2620 cpu_load=0.4 deadline=0 timeout=0 tx_error=0 short=0[0m
[0;32mI (35875) pocket_pan_main: [MIDI] push=0 pop=0 drop=0 hwm=0 last=(n=62 v=0 t=78 hex=000000)[0m
[0;32mI (35885) pocket_pan_main: [BLE] state=8 interval_ms=11.25 latency=0 rssi=-64 reconnects=0 last_disconnect=0[0m
[0;32mI (35895) pocket_pan_main: [MEM] internal_free=68407 largest_internal=32768[0m
[0;32mI (35905) pocket_pan_main: [UICORR] >1733(tot=190 draw=4 lcd=12 both=1 none=173) >2000(tot=44 draw=0 lcd=0 both=0 none=44)[0m
[0;32mI (35915) pocket_pan_main: [UIMETRIC] arch=0 field_updates=62 total_transfers=53 total_pixels=218880 last_sub_us=314 last_dma_us=1100[0m
[0;32mI (35925) pocket_pan_main: [UIREDRAW] urgent=10 telemetry=152 skip=919[0m
[0;32mI (40885) pocket_pan_main: [AUDIO] model=PAN blocks=14985 avg_us=9 p99_us=25 max_us=2620 cpu_load=0.3 deadline=0 timeout=0 tx_error=0 short=0[0m
[0;32mI (40885) pocket_pan_main: [MIDI] push=0 pop=0 drop=0 hwm=0 last=(n=62 v=0 t=78 hex=000000)[0m
[0;32mI (40895) pocket_pan_main: [BLE] state=8 interval_ms=11.25 latency=0 rssi=-65 reconnects=0 last_disconnect=0[0m
[0;32mI (40905) pocket_pan_main: [MEM] internal_free=68407 largest_internal=32768[0m
[0;32mI (40915) pocket_pan_main: [UICORR] >1733(tot=190 draw=4 lcd=12 both=1 none=173) >2000(tot=44 draw=0 lcd=0 both=0 none=44)[0m
[0;32mI (40925) pocket_pan_main: [UIMETRIC] arch=0 field_updates=62 total_transfers=53 total_pixels=218880 last_sub_us=314 last_dma_us=1100[0m
[0;32mI (40935) pocket_pan_main: [UIREDRAW] urgent=10 telemetry=171 skip=1065[0m
