[0;32mI (124) esp_image: segment 1: paddr=00030edc vaddr=3fca44ESP-ROM:esp32s3-20210327
Build:Mar 27 2021
rst:0x15 (USB_UART_CHIP_RESET),boot:0x8 (SPI_FAST_FLASH_BOOT)
Saved PC:0x4200a274
SPIWP:0xee
mode:DIO, clock div:1
load:0x3fce2810,len:0x178c
load:0x403c8700,len:0x4
load:0x403c8704,len:0xcb8
load:0x403cb700,len:0x2db0
entry 0x403c8914
[0;32mI (26) boot: ESP-IDF v5.3-dirty 2nd stage bootloader[0m
[0;32mI (27) boot: compile time Oct  2 2026 14:07:55[0m
[0;32mI (27) boot: Multicore bootloader[0m
[0;32mI (30) boot: chip revision: v0.2[0m
[0;32mI (34) boot.esp32s3: Boot SPI Speed : 80MHz[0m
[0;32mI (39) boot.esp32s3: SPI Mode       : DIO[0m
[0;32mI (43) boot.esp32s3: SPI Flash Size : 4MB[0m
[0;32mI (48) boot: Enabling RNG early entropy source...[0m
[0;32mI (54) boot: Partition Table:[0m
[0;32mI (57) boot: ## Label            Usage          Type ST Offset   Length[0m
[0;32mI (64) boot:  0 nvs              WiFi data        01 02 00009000 00006000[0m
[0;32mI (72) boot:  1 phy_init         RF data          01 01 0000f000 00001000[0m
[0;32mI (79) boot:  2 factory          factory app      00 00 00010000 00100000[0m
[0;32mI (87) boot: End of partition table[0m
[0;32mI (91) esp_image: segment 0: paddr=00010020 vaddr=3c070020 size=20eb4h (134836) map[0m
[0;32mI (124) esp_image: segment 1: paddr=00030edc vaddr=3fca4400 size=04500h ( 17664) load[0m
[0;32mI (128) esp_image: segment 2: paddr=000353e4 vaddr=40374000 size=0ac34h ( 44084) load[0m
[0;32mI (139) esp_image: segment 3: paddr=00040020 vaddr=42000020 size=6601ch (417820) map[0m
[0;32mI (214) esp_image: segment 4: paddr=000a6044 vaddr=4037ec34 size=15790h ( 87952) load[0m
[0;32mI (247) boot: Loaded app from partition at offset 0x10000[0m
[0;32mI (247) boot: Disabling RNG early entropy source...[0m
[0;32mI (259) esp_psram: Found 2MB PSRAM device[0m
[0;32mI (259) esp_psram: Speed: 40MHz[0m
[0;32mI (259) cpu_start: Multicore app[0m
[0;32mI (679) esp_psram: SPI SRAM memory test OK[0m
[0;32mI (688) cpu_start: Pro cpu start user code[0m
[0;32mI (688) cpu_start: cpu freq: 240000000 Hz[0m
[0;32mI (688) app_init: Application information:[0m
[0;32mI (691) app_init: Project name:     pocket_pan[0m
[0;32mI (696) app_init: App version:      f7f89e4-dirty[0m
[0;32mI (702) app_init: Compile time:     Oct  2 2026 14:12:07[0m
[0;32mI (708) app_init: ELF file SHA256:  fb9db371b...[0m
[0;32mI (713) app_init: ESP-IDF:          v5.3-dirty[0m
[0;32mI (718) efuse_init: Min chip rev:     v0.0[0m
[0;32mI (723) efuse_init: Max chip rev:     v0.99 [0m
[0;32mI (728) efuse_init: Chip rev:         v0.2[0m
[0;32mI (733) heap_init: Initializing. RAM available for dynamic allocation:[0m
[0;32mI (740) heap_init: At 3FCC85F0 len 00021120 (132 KiB): RAM[0m
[0;32mI (746) heap_init: At 3FCE9710 len 00005724 (21 KiB): RAM[0m
[0;32mI (752) heap_init: At 3FCF0000 len 00008000 (32 KiB): DRAM[0m
[0;32mI (758) heap_init: At 600FE100 len 00001EE8 (7 KiB): RTCRAM[0m
[0;32mI (765) esp_psram: Adding pool of 2048K of PSRAM memory to heap allocator[0m
[0;32mI (773) spi_flash: detected chip: generic[0m
[0;32mI (777) spi_flash: flash io: dio[0m
[0;32mI (781) sleep: Configure to isolate all GPIO pins in sleep state[0m
[0;32mI (787) sleep: Enable automatic switching of GPIO sleep configuration[0m
[0;32mI (795) coexist: coex firmware version: dab85ae96[0m
[0;32mI (800) coexist: coexist rom version e7ae62f[0m
[0;32mI (805) main_task: Started on CPU0[0m
[0;32mI (815) esp_psram: Reserving pool of 32K of internal memory for DMA/internal allocations[0m
[0;32mI (815) main_task: Calling app_main()[0m
[0;32mI (825) pocket_pan_main: [MEM_STAGE] stage=entry internal_free=171911 largest_internal=77824 psram_free=2094528[0m
[0;32mI (835) pocket_pan_main: ===============================================[0m
[0;32mI (835) pocket_pan_main:   Pocket Pan / Metal Modal Synthesizer v1.0.0[0m
[0;32mI (845) pocket_pan_main:   Hardware: TENSTAR TS-ESP32-S3 (Feather TFT)[0m
[0;32mI (855) pocket_pan_main: ===============================================[0m
[0;32mI (865) pocket_pan_main: [FORENSICS] candidate=25 profile=0 cpu_mhz=240 optimization_perf=1 process6=1 fine_bins=0 critical_only=0[0m
[0;32mI (895) pocket_pan_main: [MEM_STAGE] stage=dsp_ready internal_free=171911 largest_internal=77824 psram_free=2094528[0m
[0;32mI (895) gpio: GPIO[10]| InputEn: 0| OutputEn: 1| OpenDrain: 0| Pullup: 0| Pulldown: 1| Intr:0 [0m
[0;32mI (905) AudioI2S: I2S TX initialized (48kHz, 32-bit slot, stereo, 6x128 frames DMA = 1024 bytes/buf)[0m
[0;32mI (925) AudioI2S: Audio task started on Core 0 at priority 12[0m
[0;32mI (925) pocket_pan_main: [MEM_STAGE] stage=i2s_ready internal_free=157179 largest_internal=63488 psram_free=2094528[0m
[0;32mI (935) Display: [DISP_MEM_PRE] before: int_free=157179 int_largest=63488 psram_free=2094528[0m
[0;33mW (945) Display: Internal SRAM (64800 B) exhausted; falling back to PSRAM[0m
[0;32mI (955) Display: [DISP_MEM] framebuffer=0x3c0a0a44 (size=64800, align=4, internal=0, dma=0, psram=1)[0m
[0;32mI (965) Display: [DISP_MEM] scratch=0x3fcd9d08 (size=9600, align=8, internal=1, dma=1)[0m
[0;32mI (965) Display: [DISP_MEM] before: int_free=157179 int_largest=63488 psram_free=2094528[0m
[0;32mI (975) Display: [DISP_MEM] after:  int_free=147575 int_largest=53248 psram_free=2029724[0m
[0;32mI (985) gpio: GPIO[39]| InputEn: 0| OutputEn: 1| OpenDrain: 0| Pullup: 0| Pulldown: 0| Intr:0 [0m
[0;32mI (995) gpio: GPIO[40]| InputEn: 0| OutputEn: 1| OpenDrain: 0| Pullup: 0| Pulldown: 0| Intr:0 [0m
[0;32mI (1005) gpio: GPIO[21]| InputEn: 0| OutputEn: 1| OpenDrain: 0| Pullup: 0| Pulldown: 0| Intr:0 [0m
[0;32mI (1235) gpio: GPIO[45]| InputEn: 0| OutputEn: 1| OpenDrain: 0| Pullup: 0| Pulldown: 0| Intr:0 [0m
[0;31mE (1245) lcd_panel.io.spi: panel_io_spi_tx_color(390): spi transmit (queue) color failed[0m
[0;31mE (1245) lcd_panel.st7789: panel_st7789_draw_bitmap(223): io tx color failed[0m
[0;32mI (1245) Display: ST7789 240x135 display initialized successfully (SPI 40MHz, GDMA callback armed)[0m
[0;32mI (1255) pocket_pan_main: [CANARY] PreparedNote canaries OK=1[0m
[0;32mI (1265) pocket_pan_main: [MEM_STAGE] stage=display_ready internal_free=112439 largest_internal=31744 psram_free=2029724[0m
[0;32mI (1275) BLE_INIT: BT controller compile version [ba3b3e3][0m
[0;32mI (1285) BLE_INIT: Bluetooth MAC: b4:3a:45:ae:6f:2a[0m
[0;32mI (1285) phy_init: phy_version 680,a6008b2,Jun  4 2024,16:41:10[0m
[0;32mI (1325) BleMidi: NimBLE Host task running on Core 1[0m
[0;32mI (1325) BleMidi: NimBLE BLE MIDI Central initialized and pinned to Core 1[0m
[0;32mI (1335) pocket_pan_main: [MEM_STAGE] stage=ble_ready internal_free=52095 largest_internal=31744 psram_free=2029724[0m
[0;32mI (1335) NimBLE: Failed to restore IRKs from store; status=8
[0m
[0;32mI (1345) pocket_pan_main: [M75_MEMORY] table_bytes=9640 cache_bytes=60552 synth_bytes=81668 internal_free=52095 largest_internal=31744[0m
[0;32mI (1345) NimBLE: GAP procedure initiated: discovery; [0m
[0;32mI (1365) pocket_pan_main: [UDU_CACHE] compact_bytes=5928 modal_models=9[0m
[0;32mI (1365) NimBLE: own_addr_type=0 filter_policy=0 passive=0 limited=0 filter_duplicates=1 [0m
[0;32mI (1375) pocket_pan_main: [CACHE_LAYOUT] packed=1 storage_bytes=60552 note_scratch_bytes=132[0m
[0;32mI (1385) NimBLE: duration=forever[0m
[0;32mI (1395) pocket_pan_main: [UDU_STATE] voice_bytes=124 fixed_reference=0[0m
[0;32mI (1395) NimBLE: 
[0m
[0;32mI (1405) pocket_pan_main: [MEM_STAGE] stage=ui_ready internal_free=47651 largest_internal=31744 psram_free=2029724[0m
[0;32mI (1405) BleMidi: Scanning for BLE MIDI devices...[0m
[0;32mI (1425) BleMidi: BLE MIDI device found (59:FB:B6:B7:BF:0F); connecting[0m
[0;32mI (1415) pocket_pan_main: Pocket Pan initialization complete. Realtime audio active.[0m
[0;32mI (1435) NimBLE: GAP procedure initiated: connect; [0m
[0;32mI (1445) NimBLE: peer_addr_type=0 peer_addr=[0m
[0;32mI (1435) main_task: Returned from app_main()[0m
[0;32mI (1445) NimBLE: 59:fb:b6:b7:bf:0f[0m
[0;32mI (1455) NimBLE:  scan_itvl=16 scan_window=16 itvl_min=24 itvl_max=40 latency=0 supervision_timeout=256 min_ce_len=0 max_ce_len=0 own_addr_type=0[0m
[0;32mI (1475) NimBLE: 
[0m
[0;32mI (1405) gpio: GPIO[0]| InputEn: 1| OutputEn: 0| OpenDrain: 0| Pullup: 1| Pulldown: 0| Intr:0 [0m
[0;31mE (1495) lcd_panel.io.spi: panel_io_spi_tx_color(390): spi transmit (queue) color failed[0m
[0;31mE (1495) lcd_panel.st7789: panel_st7789_draw_bitmap(223): io tx color failed[0m
[0;32mI (1525) BleMidi: BLE Connected! conn_handle=1[0m
[0;32mI (1525) NimBLE: GAP procedure initiated: [0m
[0;32mI (1525) NimBLE: connection parameter update; conn_handle=1 itvl_min=6 itvl_max=12 latency=0 supervision_timeout=200 min_ce_len=0 max_ce_len=0[0m
[0;32mI (1545) NimBLE: 
[0m
[0;32mI (1545) BleMidi: Requested connection params 7.5-15ms latency=0 timeout=2s rc=0[0m
[0;32mI (1555) NimBLE: GATT procedure initiated: discover all services
[0m
[0;32mI (1835) BleMidi: Found BLE MIDI Service! start_handle=112 end_handle=115[0m
[0;32mI (1835) NimBLE: GATT procedure initiated: discover all characteristics; [0m
[0;32mI (1835) NimBLE: start_handle=112 end_handle=115
[0m
[0;32mI (1935) BleMidi: Found BLE MIDI Characteristic! def_handle=113 val_handle=114 props=0x16[0m
[0;32mI (1935) NimBLE: GATT procedure initiated: discover all descriptors; [0m
[0;32mI (1935) NimBLE: chr_val_handle=114 end_handle=115
[0m
[0;32mI (2035) BleMidi: Discovered CCCD (0x2902) handle=115[0m
[0;32mI (2035) NimBLE: GATT procedure initiated: write; [0m
[0;32mI (2035) NimBLE: att_handle=115 len=2
[0m
[0;32mI (2085) BleMidi: Negotiated params interval=7.50ms latency=0 timeout=2000ms[0m
[0;32mI (2105) BleMidi: CCCD subscription successful; BLE MIDI ready[0m
[0;32mI (2105) NimBLE: GAP procedure initiated: [0m
[0;32mI (2105) NimBLE: connection parameter update; conn_handle=1 itvl_min=6 itvl_max=9 latency=0 supervision_timeout=100 min_ce_len=0 max_ce_len=0[0m
[0;32mI (2115) NimBLE: 
[0m
[0;32mI (2195) BleMidi: Negotiated params interval=11.25ms latency=0 timeout=1000ms[0m
[0;32mI (5825) pocket_pan_main: [AUDIO] model=PAN blocks=1838 avg_us=354 p99_us=0 max_us=1004 cpu_load=13.3 deadline=0 timeout=0 tx_error=0 short=0[0m
[0;32mI (5825) pocket_pan_main: [MIDI] push=0 pop=0 drop=0 hwm=0 last=(n=62 v=0 t=78 hex=000000)[0m
[0;32mI (5835) pocket_pan_main: [BLE] state=8 interval_ms=11.25 latency=0 rssi=-61 reconnects=0 last_disconnect=0[0m
[0;32mI (5845) pocket_pan_main: [MEM] internal_free=85199 largest_internal=32768[0m
[0;32mI (5855) pocket_pan_main: [UICORR] >1733(tot=0 draw=0 lcd=0 both=0 none=0) >2000(tot=0 draw=0 lcd=0 both=0 none=0)[0m
[0;32mI (5865) pocket_pan_main: [UIMETRIC] arch=0 field_updates=13 total_transfers=7 total_pixels=102240 last_sub_us=318 last_dma_us=1102[0m
[0;32mI (5875) pocket_pan_main: [UIREDRAW] urgent=7 telemetry=17 skip=120[0m
[0;32mI (10835) pocket_pan_main: [AUDIO] model=PAN blocks=3718 avg_us=349 p99_us=650 max_us=1004 cpu_load=13.1 deadline=0 timeout=0 tx_error=0 short=0[0m
[0;32mI (10835) pocket_pan_main: [MIDI] push=0 pop=0 drop=0 hwm=0 last=(n=62 v=0 t=78 hex=000000)[0m
[0;32mI (10845) pocket_pan_main: [BLE] state=8 interval_ms=11.25 latency=0 rssi=-66 reconnects=0 last_disconnect=0[0m
[0;32mI (10855) pocket_pan_main: [MEM] internal_free=85199 largest_internal=32768[0m
[0;32mI (10865) pocket_pan_main: [UICORR] >1733(tot=0 draw=0 lcd=0 both=0 none=0) >2000(tot=0 draw=0 lcd=0 both=0 none=0)[0m
[0;32mI (10875) pocket_pan_main: [UIMETRIC] arch=0 field_updates=13 total_transfers=7 total_pixels=102240 last_sub_us=318 last_dma_us=1102[0m
[0;32mI (10885) pocket_pan_main: [UIREDRAW] urgent=7 telemetry=37 skip=265[0m
[0;32mI (13055) forensics: [SAFETY] fixture=8 hard=0 sat=0 nonfinite=0 ble_lost=0[0m
[0;32mI (13055) forensics: [EVENT_ONLY] fixture=8 n=512 avg_us=125.17 max_us=326[0m
[0;32mI (13055) forensics: [FIXTURE_IO] model=VIBRAPHONE fixture=8 avg_us=348 p99_us=650 max_us=1004 cpu_pct=13.05 deadline=0 timeouts=0 tx_errors=0 short_writes=0[0m
[0;32mI (13075) forensics: [CURVE] model=VIBRAPHONE fixture=8 voices=1 class=true_steady n=2815 avg_us=300.18 p95_us=325 p99_us=325 p995_us=325 p999_us=350 max_us=335 deadline=0 bad_voices=0 ble_lost=0 hard=0 sat=0 bin_us=25 max_observed_voices=1[0m
[0;32mI (13095) forensics: [HIST] fixture=8 class=true_steady lower_us=300 n=2812[0m
[0;32mI (13105) forensics: [HIST] fixture=8 class=true_steady lower_us=325 n=3[0m
[0;32mI (13115) forensics: [CALLBACK_CURVE] model=VIBRAPHONE fixture=8 voices=1 class=true_steady n=2814 avg_us=314.24 p95_us=375 p99_us=425 p995_us=450 p999_us=500 max_us=500 deadline=0 overhead_avg_us=14.06[0m
[0;32mI (13135) forensics: [CALLBACK_HIST] fixture=8 class=true_steady lower_us=300 n=2548[0m
[0;32mI (13135) forensics: [CALLBACK_HIST] fixture=8 class=true_steady lower_us=325 n=67[0m
[0;32mI (13145) forensics: [CALLBACK_HIST] fixture=8 class=true_steady lower_us=350 n=155[0m
[0;32mI (13155) forensics: [CALLBACK_HIST] fixture=8 class=true_steady lower_us=375 n=8[0m
[0;32mI (13165) forensics: [CALLBACK_HIST] fixture=8 class=true_steady lower_us=400 n=9[0m
[0;32mI (13175) forensics: [CALLBACK_HIST] fixture=8 class=true_steady lower_us=425 n=21[0m
[0;32mI (13175) forensics: [CALLBACK_HIST] fixture=8 class=true_steady lower_us=450 n=3[0m
[0;32mI (13185) forensics: [CALLBACK_HIST] fixture=8 class=true_steady lower_us=475 n=2[0m
[0;32mI (13195) forensics: [CALLBACK_HIST] fixture=8 class=true_steady lower_us=500 n=1[0m
[0;32mI (13205) forensics: [CURVE] model=VIBRAPHONE fixture=8 voices=1 class=attack_tail n=768 avg_us=346.23 p95_us=375 p99_us=400 p995_us=400 p999_us=400 max_us=389 deadline=0 bad_voices=0 ble_lost=0 hard=0 sat=0 bin_us=25 max_observed_voices=1[0m
[0;32mI (13225) forensics: [HIST] fixture=8 class=attack_tail lower_us=325 n=507[0m
[0;32mI (13235) forensics: [HIST] fixture=8 class=attack_tail lower_us=350 n=249[0m
[0;32mI (13245) forensics: [HIST] fixture=8 class=attack_tail lower_us=375 n=12[0m
[0;32mI (13245) forensics: [CALLBACK_CURVE] model=VIBRAPHONE fixture=8 voices=1 class=attack_tail n=768 avg_us=364.69 p95_us=425 p99_us=475 p995_us=525 p999_us=625 max_us=601 deadline=0 overhead_avg_us=18.46[0m
[0;32mI (13265) forensics: [CALLBACK_HIST] fixture=8 class=attack_tail lower_us=325 n=376[0m
[0;32mI (13275) forensics: [CALLBACK_HIST] fixture=8 class=attack_tail lower_us=350 n=102[0m
[0;32mI (13285) forensics: [CALLBACK_HIST] fixture=8 class=attack_tail lower_us=375 n=244[0m
[0;32mI (13295) forensics: [CALLBACK_HIST] fixture=8 class=attack_tail lower_us=400 n=22[0m
[0;32mI (13305) forensics: [CALLBACK_HIST] fixture=8 class=attack_tail lower_us=425 n=12[0m
[0;32mI (13305) forensics: [CALLBACK_HIST] fixture=8 class=attack_tail lower_us=450 n=5[0m
[0;32mI (13315) forensics: [CALLBACK_HIST] fixture=8 class=attack_tail lower_us=475 n=3[0m
[0;32mI (13325) forensics: [CALLBACK_HIST] fixture=8 class=attack_tail lower_us=500 n=3[0m
[0;32mI (13335) forensics: [CALLBACK_HIST] fixture=8 class=attack_tail lower_us=600 n=1[0m
[0;32mI (13345) forensics: [CURVE] model=VIBRAPHONE fixture=8 voices=1 class=event n=512 avg_us=497.65 p95_us=625 p99_us=650 p995_us=650 p999_us=750 max_us=732 deadline=0 bad_voices=0 ble_lost=0 hard=0 sat=0 bin_us=25 max_observed_voices=1[0m
[0;32mI (13365) forensics: [HIST] fixture=8 class=event lower_us=400 n=92[0m
[0;32mI (13365) forensics: [HIST] fixture=8 class=event lower_us=425 n=35[0m
[0;32mI (13375) forensics: [HIST] fixture=8 class=event lower_us=450 n=27[0m
[0;32mI (13385) forensics: [HIST] fixture=8 class=event lower_us=475 n=39[0m
[0;32mI (13395) forensics: [HIST] fixture=8 class=event lower_us=500 n=236[0m
[0;32mI (13395) forensics: [HIST] fixture=8 class=event lower_us=525 n=17[0m
[0;32mI (13405) forensics: [HIST] fixture=8 class=event lower_us=550 n=9[0m
[0;32mI (13415) forensics: [HIST] fixture=8 class=event lower_us=575 n=9[0m
[0;32mI (13415) forensics: [HIST] fixture=8 class=event lower_us=600 n=38[0m
[0;32mI (13425) forensics: [HIST] fixture=8 class=event lower_us=625 n=8[0m
[0;32mI (13435) forensics: [HIST] fixture=8 class=event lower_us=650 n=1[0m
[0;32mI (13435) forensics: [HIST] fixture=8 class=event lower_us=725 n=1[0m
[0;32mI (13445) forensics: [CALLBACK_CURVE] model=VIBRAPHONE fixture=8 voices=1 class=event n=512 avg_us=542.19 p95_us=700 p99_us=750 p995_us=825 p999_us=1025 max_us=1000 deadline=0 overhead_avg_us=44.54[0m
[0;32mI (13465) forensics: [CALLBACK_HIST] fixture=8 class=event lower_us=400 n=29[0m
[0;32mI (13475) forensics: [CALLBACK_HIST] fixture=8 class=event lower_us=425 n=63[0m
[0;32mI (13475) forensics: [CALLBACK_HIST] fixture=8 class=event lower_us=450 n=16[0m
[0;32mI (13485) forensics: [CALLBACK_HIST] fixture=8 class=event lower_us=475 n=18[0m
[0;32mI (13495) forensics: [CALLBACK_HIST] fixture=8 class=event lower_us=500 n=40[0m
[0;32mI (13505) forensics: [CALLBACK_HIST] fixture=8 class=event lower_us=525 n=68[0m
[0;32mI (13515) forensics: [CALLBACK_HIST] fixture=8 class=event lower_us=550 n=185[0m
[0;32mI (13515) forensics: [CALLBACK_HIST] fixture=8 class=event lower_us=575 n=21[0m
[0;32mI (13525) forensics: [CALLBACK_HIST] fixture=8 class=event lower_us=600 n=10[0m
[0;32mI (13535) forensics: [CALLBACK_HIST] fixture=8 class=event lower_us=625 n=5[0m
[0;32mI (13545) forensics: [CALLBACK_HIST] fixture=8 class=event lower_us=650 n=23[0m
[0;32mI (13545) forensics: [CALLBACK_HIST] fixture=8 class=event lower_us=675 n=17[0m
[0;32mI (13555) forensics: [CALLBACK_HIST] fixture=8 class=event lower_us=700 n=11[0m
[0;32mI (13565) forensics: [CALLBACK_HIST] fixture=8 class=event lower_us=725 n=1[0m
[0;32mI (13575) forensics: [CALLBACK_HIST] fixture=8 class=event lower_us=750 n=1[0m
[0;32mI (13575) forensics: [CALLBACK_HIST] fixture=8 class=event lower_us=775 n=1[0m
[0;32mI (13585) forensics: [CALLBACK_HIST] fixture=8 class=event lower_us=800 n=1[0m
[0;32mI (13595) forensics: [CALLBACK_HIST] fixture=8 class=event lower_us=875 n=1[0m
[0;32mI (13605) forensics: [CALLBACK_HIST] fixture=8 class=event lower_us=1000 n=1[0m
[0;32mI (13615) forensics: [CURVE] model=VIBRAPHONE fixture=8 voices=1 class=fixture_transition n=1 avg_us=846.59 p95_us=850 p99_us=850 p995_us=850 p999_us=850 max_us=847 deadline=0 bad_voices=0 ble_lost=0 hard=0 sat=0 bin_us=25 max_observed_voices=1[0m
[0;32mI (13635) forensics: [HIST] fixture=8 class=fixture_transition lower_us=825 n=1[0m
[0;32mI (13645) forensics: [CALLBACK_CURVE] model=VIBRAPHONE fixture=8 voices=1 class=fixture_transition n=1 avg_us=1004.00 p95_us=1025 p99_us=1025 p995_us=1025 p999_us=1025 max_us=1004 deadline=0 overhead_avg_us=157.41[0m
[0;32mI (13665) forensics: [CALLBACK_HIST] fixture=8 class=fixture_transition lower_us=1000 n=1[0m
[0;32mI (13665) forensics: [FASTPATH] fixture=8 stable8=0 attack=1280 sustain=2815[0m
[0;32mI (13675) forensics: [OVERHEAD] fixture=8 blocks=4549 model_reset_avg_us=1.55 model_reset_max_us=17 queue_avg_us=2.38 queue_max_us=48 render_avg_us=307.69 telem_avg_us=4.09 telem_max_us=110 telem_publishes=568[0m
[0;32mI (15855) pocket_pan_main: [AUDIO] model=PAN blocks=5600 avg_us=319 p99_us=0 max_us=961 cpu_load=12.0 deadline=0 timeout=0 tx_error=0 short=0[0m
[0;32mI (15855) pocket_pan_main: [MIDI] push=0 pop=0 drop=0 hwm=0 last=(n=62 v=0 t=78 hex=000000)[0m
[0;32mI (15865) pocket_pan_main: [BLE] state=8 interval_ms=11.25 latency=0 rssi=-68 reconnects=0 last_disconnect=0[0m
[0;32mI (15875) pocket_pan_main: [MEM] internal_free=85199 largest_internal=32768[0m
[0;32mI (15885) pocket_pan_main: [UICORR] >1733(tot=0 draw=0 lcd=0 both=0 none=0) >2000(tot=0 draw=0 lcd=0 both=0 none=0)[0m
[0;32mI (15895) pocket_pan_main: [UIMETRIC] arch=0 field_updates=14 total_transfers=8 total_pixels=104160 last_sub_us=271 last_dma_us=1059[0m
[0;32mI (15905) pocket_pan_main: [UIREDRAW] urgent=7 telemetry=56 skip=390[0m
[0;32mI (20865) pocket_pan_main: [AUDIO] model=PAN blocks=7478 avg_us=319 p99_us=400 max_us=961 cpu_load=12.0 deadline=0 timeout=0 tx_error=0 short=0[0m
[0;32mI (20865) pocket_pan_main: [MIDI] push=0 pop=0 drop=0 hwm=0 last=(n=62 v=0 t=78 hex=000000)[0m
[0;32mI (20875) pocket_pan_main: [BLE] state=8 interval_ms=11.25 latency=0 rssi=-67 reconnects=0 last_disconnect=0[0m
[0;32mI (20885) pocket_pan_main: [MEM] internal_free=85199 largest_internal=32768[0m
[0;32mI (20895) pocket_pan_main: [UICORR] >1733(tot=0 draw=0 lcd=0 both=0 none=0) >2000(tot=0 draw=0 lcd=0 both=0 none=0)[0m
[0;32mI (20905) pocket_pan_main: [UIMETRIC] arch=0 field_updates=14 total_transfers=8 total_pixels=104160 last_sub_us=271 last_dma_us=1059[0m
[0;32mI (20915) pocket_pan_main: [UIREDRAW] urgent=7 telemetry=79 skip=532[0m
[0;32mI (23985) forensics: [SAFETY] fixture=9 hard=0 sat=0 nonfinite=0 ble_lost=0[0m
[0;32mI (23985) forensics: [EVENT_ONLY] fixture=9 n=22 avg_us=422.86 max_us=468[0m
[0;32mI (23985) forensics: [FIXTURE_IO] model=VIBRAPHONE fixture=9 avg_us=319 p99_us=400 max_us=961 cpu_pct=11.96 deadline=0 timeouts=0 tx_errors=0 short_writes=0[0m
[0;32mI (23995) forensics: [CURVE] model=VIBRAPHONE fixture=9 voices=1 class=true_steady n=4051 avg_us=299.86 p95_us=325 p99_us=325 p995_us=325 p999_us=325 max_us=332 deadline=0 bad_voices=0 ble_lost=0 hard=0 sat=0 bin_us=25 max_observed_voices=1[0m
[0;32mI (24025) forensics: [HIST] fixture=9 class=true_steady lower_us=300 n=4049[0m
[0;32mI (24025) forensics: [HIST] fixture=9 class=true_steady lower_us=325 n=2[0m
[0;32mI (24035) forensics: [CALLBACK_CURVE] model=VIBRAPHONE fixture=9 voices=1 class=true_steady n=4051 avg_us=314.22 p95_us=350 p99_us=400 p995_us=425 p999_us=450 max_us=533 deadline=0 overhead_avg_us=14.36[0m
[0;32mI (24055) forensics: [CALLBACK_HIST] fixture=9 class=true_steady lower_us=300 n=3732[0m
[0;32mI (24065) forensics: [CALLBACK_HIST] fixture=9 class=true_steady lower_us=325 n=198[0m
[0;32mI (24075) forensics: [CALLBACK_HIST] fixture=9 class=true_steady lower_us=350 n=50[0m
[0;32mI (24085) forensics: [CALLBACK_HIST] fixture=9 class=true_steady lower_us=375 n=31[0m
[0;32mI (24085) forensics: [CALLBACK_HIST] fixture=9 class=true_steady lower_us=400 n=26[0m
[0;32mI (24095) forensics: [CALLBACK_HIST] fixture=9 class=true_steady lower_us=425 n=11[0m
[0;32mI (24105) forensics: [CALLBACK_HIST] fixture=9 class=true_steady lower_us=450 n=1[0m
[0;32mI (24115) forensics: [CALLBACK_HIST] fixture=9 class=true_steady lower_us=475 n=1[0m
[0;32mI (24125) forensics: [CALLBACK_HIST] fixture=9 class=true_steady lower_us=525 n=1[0m
[0;32mI (24125) forensics: [CURVE] model=VIBRAPHONE fixture=9 voices=1 class=attack_tail n=22 avg_us=362.63 p95_us=375 p99_us=375 p995_us=375 p999_us=375 max_us=368 deadline=0 bad_voices=0 ble_lost=0 hard=0 sat=0 bin_us=25 max_observed_voices=1[0m
[0;32mI (24155) forensics: [HIST] fixture=9 class=attack_tail lower_us=350 n=22[0m
[0;32mI (24155) forensics: [CALLBACK_CURVE] model=VIBRAPHONE fixture=9 voices=1 class=attack_tail n=22 avg_us=394.55 p95_us=425 p99_us=450 p995_us=450 p999_us=450 max_us=425 deadline=0 overhead_avg_us=31.92[0m
[0;32mI (24175) forensics: [CALLBACK_HIST] fixture=9 class=attack_tail lower_us=375 n=17[0m
[0;32mI (24185) forensics: [CALLBACK_HIST] fixture=9 class=attack_tail lower_us=400 n=4[0m
[0;32mI (24195) forensics: [CALLBACK_HIST] fixture=9 class=attack_tail lower_us=425 n=1[0m
[0;32mI (24205) forensics: [CURVE] model=VIBRAPHONE fixture=9 voices=1 class=event n=22 avg_us=806.36 p95_us=850 p99_us=875 p995_us=875 p999_us=875 max_us=850 deadline=0 bad_voices=0 ble_lost=0 hard=0 sat=0 bin_us=25 max_observed_voices=1[0m
[0;32mI (24225) forensics: [HIST] fixture=9 class=event lower_us=750 n=1[0m
[0;32mI (24225) forensics: [HIST] fixture=9 class=event lower_us=775 n=6[0m
[0;32mI (24235) forensics: [HIST] fixture=9 class=event lower_us=800 n=11[0m
[0;32mI (24245) forensics: [HIST] fixture=9 class=event lower_us=825 n=3[0m
[0;32mI (24255) forensics: [HIST] fixture=9 class=event lower_us=850 n=1[0m
[0;32mI (24255) forensics: [CALLBACK_CURVE] model=VIBRAPHONE fixture=9 voices=1 class=event n=22 avg_us=857.77 p95_us=950 p99_us=975 p995_us=975 p999_us=975 max_us=961 deadline=0 overhead_avg_us=51.41[0m
[0;32mI (24275) forensics: [CALLBACK_HIST] fixture=9 class=event lower_us=800 n=5[0m
[0;32mI (24285) forensics: [CALLBACK_HIST] fixture=9 class=event lower_us=825 n=7[0m
[0;32mI (24295) forensics: [CALLBACK_HIST] fixture=9 class=event lower_us=850 n=3[0m
[0;32mI (24295) forensics: [CALLBACK_HIST] fixture=9 class=event lower_us=875 n=3[0m
[0;32mI (24305) forensics: [CALLBACK_HIST] fixture=9 class=event lower_us=900 n=2[0m
[0;32mI (24315) forensics: [CALLBACK_HIST] fixture=9 class=event lower_us=925 n=1[0m
[0;32mI (24325) forensics: [CALLBACK_HIST] fixture=9 class=event lower_us=950 n=1[0m
[0;32mI (24325) forensics: [CURVE] model=VIBRAPHONE fixture=9 voices=1 class=fixture_transition n=1 avg_us=417.44 p95_us=425 p99_us=425 p995_us=425 p999_us=425 max_us=418 deadline=0 bad_voices=0 ble_lost=0 hard=0 sat=0 bin_us=25 max_observed_voices=1[0m
[0;32mI (24355) forensics: [HIST] fixture=9 class=fixture_transition lower_us=400 n=1[0m
[0;32mI (24355) forensics: [CALLBACK_CURVE] model=VIBRAPHONE fixture=9 voices=1 class=fixture_transition n=1 avg_us=443.00 p95_us=450 p99_us=450 p995_us=450 p999_us=450 max_us=443 deadline=0 overhead_avg_us=25.56[0m
[0;32mI (24375) forensics: [CALLBACK_HIST] fixture=9 class=fixture_transition lower_us=425 n=1[0m
[0;32mI (24385) forensics: [FASTPATH] fixture=9 stable8=0 attack=44 sustain=4051[0m
[0;32mI (24395) forensics: [OVERHEAD] fixture=9 blocks=4096 model_reset_avg_us=1.48 model_reset_max_us=16 queue_avg_us=1.63 queue_max_us=25 render_avg_us=308.61 telem_avg_us=3.14 telem_max_us=101 telem_publishes=512[0m
[0;32mI (25885) pocket_pan_main: [AUDIO] model=PAN blocks=9360 avg_us=8 p99_us=400 max_us=961 cpu_load=0.3 deadline=0 timeout=0 tx_error=0 short=0[0m
[0;32mI (25885) pocket_pan_main: [MIDI] push=0 pop=0 drop=0 hwm=0 last=(n=62 v=0 t=78 hex=000000)[0m
[0;32mI (25895) pocket_pan_main: [BLE] state=8 interval_ms=11.25 latency=0 rssi=-68 reconnects=0 last_disconnect=0[0m
[0;32mI (25905) pocket_pan_main: [MEM] internal_free=85199 largest_internal=32768[0m
[0;32mI (25915) pocket_pan_main: [UICORR] >1733(tot=0 draw=0 lcd=0 both=0 none=0) >2000(tot=0 draw=0 lcd=0 both=0 none=0)[0m
[0;32mI (25925) pocket_pan_main: [UIMETRIC] arch=0 field_updates=15 total_transfers=9 total_pixels=106080 last_sub_us=269 last_dma_us=1055[0m
[0;32mI (25935) pocket_pan_main: [UIREDRAW] urgent=7 telemetry=98 skip=664[0m
[0;32mI (30895) pocket_pan_main: [AUDIO] model=PAN blocks=11240 avg_us=9 p99_us=25 max_us=961 cpu_load=0.3 deadline=0 timeout=0 tx_error=0 short=0[0m
