[0;32mI (695) app_init: Project name:     pocket_paESP-ROM:esp32s3-20210327
Build:Mar 27 2021
rst:0x15 (USB_UART_CHIP_RESET),boot:0x8 (SPI_FAST_FLASH_BOOT)
Saved PC:0x40048836
SPIWP:0xee
mode:DIO, clock div:1
load:0x3fce2810,len:0x178c
load:0x403c8700,len:0x4
load:0x403c8704,len:0xcb8
load:0x403cb700,len:0x2db0
entry 0x403c8914
[0;32mI (26) boot: ESP-IDF v5.3-dirty 2nd stage bootloader[0m
[0;32mI (27) boot: compile time Oct  1 2026 19:28:03[0m
[0;32mI (27) boot: Multicore bootloader[0m
[0;32mI (30) boot: chip revision: v0.2[0m
[0;32mI (34) boot.esp32s3: Boot SPI Speed : 80MHz[0m
[0;32mI (39) boot.esp32s3: SPI Mode       : DIO[0m
[0;32mI (43) boot.esp32s3: SPI Flash Size : 4MB[0m
[0;32mI (48) boot: Enabling RNG early entropy source...[0m
[0;32mI (54) boot: Partition Table:[0m
[0;32mI (57) boot: ## Label            Usage          Type ST Offset   Length[0m
[0;32mI (64) boot:  0 nvs              WiFi data        01 02 00009000 00006000[0m
[0;32mI (72) boot:  1 phy_init         RF data          01 01 0000f000 00001000[0m
[0;32mI (79) boot:  2 factory          factory app      00 00 00010000 00100000[0m
[0;32mI (87) boot: End of partition table[0m
[0;32mI (91) esp_image: segment 0: paddr=00010020 vaddr=3c070020 size=20ed4h (134868) map[0m
[0;32mI (124) esp_image: segment 1: paddr=00030efc vaddr=3fca4a00 size=04500h ( 17664) load[0m
[0;32mI (128) esp_image: segment 2: paddr=00035404 vaddr=40374000 size=0ac14h ( 44052) load[0m
[0;32mI (139) esp_image: segment 3: paddr=00040020 vaddr=42000020 size=65fd4h (417748) map[0m
[0;32mI (214) esp_image: segment 4: paddr=000a5ffc vaddr=4037ec14 size=15dcch ( 89548) load[0m
[0;32mI (247) boot: Loaded app from partition at offset 0x10000[0m
[0;32mI (248) boot: Disabling RNG early entropy source...[0m
[0;32mI (260) esp_psram: Found 2MB PSRAM device[0m
[0;32mI (260) esp_psram: Speed: 40MHz[0m
[0;32mI (260) cpu_start: Multicore app[0m
[0;32mI (680) esp_psram: SPI SRAM memory test OK[0m
[0;32mI (689) cpu_start: Pro cpu start user code[0m
[0;32mI (689) cpu_start: cpu freq: 240000000 Hz[0m
[0;32mI (689) app_init: Application information:[0m
[0;32mI (692) app_init: Project name:     pocket_pan[0m
[0;32mI (697) app_init: App version:      f7f89e4-dirty[0m
[0;32mI (702) app_init: Compile time:     Oct  2 2026 14:18:32[0m
[0;32mI (708) app_init: ELF file SHA256:  1b11bc102...[0m
[0;32mI (713) app_init: ESP-IDF:          v5.3-dirty[0m
[0;32mI (719) efuse_init: Min chip rev:     v0.0[0m
[0;32mI (723) efuse_init: Max chip rev:     v0.99 [0m
[0;32mI (728) efuse_init: Chip rev:         v0.2[0m
[0;32mI (733) heap_init: Initializing. RAM available for dynamic allocation:[0m
[0;32mI (740) heap_init: At 3FCCABF8 len 0001EB18 (122 KiB): RAM[0m
[0;32mI (746) heap_init: At 3FCE9710 len 00005724 (21 KiB): RAM[0m
[0;32mI (753) heap_init: At 3FCF0000 len 00008000 (32 KiB): DRAM[0m
[0;32mI (759) heap_init: At 600FE100 len 00001EE8 (7 KiB): RTCRAM[0m
[0;32mI (765) esp_psram: Adding pool of 2048K of PSRAM memory to heap allocator[0m
[0;32mI (773) spi_flash: detected chip: generic[0m
[0;32mI (777) spi_flash: flash io: dio[0m
[0;32mI (782) sleep: Configure to isolate all GPIO pins in sleep state[0m
[0;32mI (788) sleep: Enable automatic switching of GPIO sleep configuration[0m
[0;32mI (795) coexist: coex firmware version: dab85ae96[0m
[0;32mI (800) coexist: coexist rom version e7ae62f[0m
[0;32mI (806) main_task: Started on CPU0[0m
[0;32mI (816) esp_psram: Reserving pool of 32K of internal memory for DMA/internal allocations[0m
[0;32mI (816) main_task: Calling app_main()[0m
[0;32mI (826) pocket_pan_main: [MEM_STAGE] stage=entry internal_free=162243 largest_internal=65536 psram_free=2094528[0m
[0;32mI (836) pocket_pan_main: ===============================================[0m
[0;32mI (836) pocket_pan_main:   Pocket Pan / Metal Modal Synthesizer v1.0.0[0m
[0;32mI (846) pocket_pan_main:   Hardware: TENSTAR TS-ESP32-S3 (Feather TFT)[0m
[0;32mI (856) pocket_pan_main: ===============================================[0m
[0;32mI (866) pocket_pan_main: [FORENSICS] candidate=25 profile=0 cpu_mhz=240 optimization_perf=1 process6=1 fine_bins=5 critical_only=0[0m
[0;32mI (896) pocket_pan_main: [MEM_STAGE] stage=dsp_ready internal_free=162243 largest_internal=65536 psram_free=2094528[0m
[0;32mI (896) gpio: GPIO[10]| InputEn: 0| OutputEn: 1| OpenDrain: 0| Pullup: 0| Pulldown: 1| Intr:0 [0m
[0;32mI (906) AudioI2S: I2S TX initialized (48kHz, 32-bit slot, stereo, 6x128 frames DMA = 1024 bytes/buf)[0m
[0;32mI (926) AudioI2S: Audio task started on Core 0 at priority 12[0m
[0;32mI (926) pocket_pan_main: [MEM_STAGE] stage=i2s_ready internal_free=147511 largest_internal=53248 psram_free=2094528[0m
[0;32mI (936) Display: [DISP_MEM_PRE] before: int_free=147511 int_largest=53248 psram_free=2094528[0m
[0;33mW (946) Display: Internal SRAM (64800 B) exhausted; falling back to PSRAM[0m
[0;32mI (956) Display: [DISP_MEM] framebuffer=0x3c0a0a44 (size=64800, align=4, internal=0, dma=0, psram=1)[0m
[0;32mI (966) Display: [DISP_MEM] scratch=0x3fcdc2cc (size=9600, align=12, internal=1, dma=1)[0m
[0;32mI (966) Display: [DISP_MEM] before: int_free=147511 int_largest=53248 psram_free=2094528[0m
[0;32mI (976) Display: [DISP_MEM] after:  int_free=137907 int_largest=43008 psram_free=2029724[0m
[0;32mI (986) gpio: GPIO[39]| InputEn: 0| OutputEn: 1| OpenDrain: 0| Pullup: 0| Pulldown: 0| Intr:0 [0m
[0;32mI (996) gpio: GPIO[40]| InputEn: 0| OutputEn: 1| OpenDrain: 0| Pullup: 0| Pulldown: 0| Intr:0 [0m
[0;32mI (1006) gpio: GPIO[21]| InputEn: 0| OutputEn: 1| OpenDrain: 0| Pullup: 0| Pulldown: 0| Intr:0 [0m
[0;32mI (1236) gpio: GPIO[45]| InputEn: 0| OutputEn: 1| OpenDrain: 0| Pullup: 0| Pulldown: 0| Intr:0 [0m
[0;31mE (1246) lcd_panel.io.spi: panel_io_spi_tx_color(390): spi transmit (queue) color failed[0m
[0;31mE (1246) lcd_panel.st7789: panel_st7789_draw_bitmap(223): io tx color failed[0m
[0;32mI (1246) Display: ST7789 240x135 display initialized successfully (SPI 40MHz, GDMA callback armed)[0m
[0;32mI (1256) pocket_pan_main: [CANARY] PreparedNote canaries OK=1[0m
[0;32mI (1266) pocket_pan_main: [MEM_STAGE] stage=display_ready internal_free=102771 largest_internal=31744 psram_free=2029724[0m
[0;32mI (1276) BLE_INIT: BT controller compile version [ba3b3e3][0m
[0;32mI (1286) BLE_INIT: Bluetooth MAC: b4:3a:45:ae:6f:2a[0m
[0;32mI (1286) phy_init: phy_version 680,a6008b2,Jun  4 2024,16:41:10[0m
[0;33mW (1326) phy_init: saving new calibration data because of checksum failure, mode(0)[0m
[0;32mI (1386) BleMidi: NimBLE Host task running on Core 1[0m
[0;32mI (1386) BleMidi: NimBLE BLE MIDI Central initialized and pinned to Core 1[0m
[0;32mI (1386) pocket_pan_main: [MEM_STAGE] stage=ble_ready internal_free=42427 largest_internal=29696 psram_free=2029724[0m
[0;32mI (1386) NimBLE: Failed to restore IRKs from store; status=8
[0m
[0;32mI (1396) pocket_pan_main: [M75_MEMORY] table_bytes=9640 cache_bytes=60552 synth_bytes=81668 internal_free=42427 largest_internal=29696[0m
[0;32mI (1406) NimBLE: GAP procedure initiated: discovery; [0m
[0;32mI (1416) pocket_pan_main: [UDU_CACHE] compact_bytes=5928 modal_models=9[0m
[0;32mI (1416) NimBLE: own_addr_type=0 filter_policy=0 passive=0 limited=0 filter_duplicates=1 [0m
[0;32mI (1426) pocket_pan_main: [CACHE_LAYOUT] packed=1 storage_bytes=60552 note_scratch_bytes=132[0m
[0;32mI (1436) NimBLE: duration=forever[0m
[0;32mI (1446) pocket_pan_main: [UDU_STATE] voice_bytes=124 fixed_reference=0[0m
[0;32mI (1446) NimBLE: 
[0m
[0;32mI (1456) pocket_pan_main: [MEM_STAGE] stage=ui_ready internal_free=37983 largest_internal=25600 psram_free=2029724[0m
[0;32mI (1456) BleMidi: Scanning for BLE MIDI devices...[0m
[0;32mI (1456) gpio: GPIO[0]| InputEn: 1| OutputEn: 0| OpenDrain: 0| Pullup: 1| Pulldown: 0| Intr:0 [0m
[0;32mI (1466) pocket_pan_main: Pocket Pan initialization complete. Realtime audio active.[0m
[0;32mI (1496) main_task: Returned from app_main()[0m
[0;31mE (1496) lcd_panel.io.spi: panel_io_spi_tx_color(390): spi transmit (queue) color failed[0m
[0;31mE (1506) lcd_panel.st7789: panel_st7789_draw_bitmap(223): io tx color failed[0m
[0;32mI (1556) BleMidi: BLE MIDI device found (59:FB:B6:B7:BF:0F); connecting[0m
[0;32mI (1556) NimBLE: GAP procedure initiated: connect; [0m
[0;32mI (1556) NimBLE: peer_addr_type=0 peer_addr=[0m
[0;32mI (1556) NimBLE: 59:fb:b6:b7:bf:0f[0m
[0;32mI (1566) NimBLE:  scan_itvl=16 scan_window=16 itvl_min=24 itvl_max=40 latency=0 supervision_timeout=256 min_ce_len=0 max_ce_len=0 own_addr_type=0[0m
[0;32mI (1576) NimBLE: 
[0m
[0;32mI (1656) BleMidi: BLE Connected! conn_handle=1[0m
[0;32mI (1656) NimBLE: GAP procedure initiated: [0m
[0;32mI (1656) NimBLE: connection parameter update; conn_handle=1 itvl_min=6 itvl_max=12 latency=0 supervision_timeout=200 min_ce_len=0 max_ce_len=0[0m
[0;32mI (1666) NimBLE: 
[0m
[0;32mI (1666) BleMidi: Requested connection params 7.5-15ms latency=0 timeout=2s rc=0[0m
[0;32mI (1676) NimBLE: GATT procedure initiated: discover all services
[0m
[0;32mI (1986) BleMidi: Found BLE MIDI Service! start_handle=112 end_handle=115[0m
[0;32mI (1986) NimBLE: GATT procedure initiated: discover all characteristics; [0m
[0;32mI (1986) NimBLE: start_handle=112 end_handle=115
[0m
[0;32mI (2086) BleMidi: Found BLE MIDI Characteristic! def_handle=113 val_handle=114 props=0x16[0m
[0;32mI (2086) NimBLE: GATT procedure initiated: discover all descriptors; [0m
[0;32mI (2086) NimBLE: chr_val_handle=114 end_handle=115
[0m
[0;32mI (2186) BleMidi: Discovered CCCD (0x2902) handle=115[0m
[0;32mI (2186) NimBLE: GATT procedure initiated: write; [0m
[0;32mI (2186) NimBLE: att_handle=115 len=2
[0m
[0;32mI (2236) BleMidi: Negotiated params interval=7.50ms latency=0 timeout=2000ms[0m
[0;32mI (2256) BleMidi: CCCD subscription successful; BLE MIDI ready[0m
[0;32mI (2256) NimBLE: GAP procedure initiated: [0m
[0;32mI (2256) NimBLE: connection parameter update; conn_handle=1 itvl_min=6 itvl_max=9 latency=0 supervision_timeout=100 min_ce_len=0 max_ce_len=0[0m
[0;32mI (2266) NimBLE: 
[0m
[0;32mI (2346) BleMidi: Negotiated params interval=11.25ms latency=0 timeout=1000ms[0m
[0;32mI (5826) pocket_pan_main: [AUDIO] model=PAN blocks=1831 avg_us=304 p99_us=0 max_us=814 cpu_load=11.4 deadline=0 timeout=0 tx_error=0 short=0[0m
[0;32mI (5826) pocket_pan_main: [MIDI] push=1 pop=1 drop=0 hwm=1 last=(n=50 v=75 t=78 hex=90324B)[0m
[0;32mI (5836) pocket_pan_main: [BLE] state=8 interval_ms=11.25 latency=0 rssi=-62 reconnects=0 last_disconnect=0[0m
[0;32mI (5846) pocket_pan_main: [MEM] internal_free=75531 largest_internal=32768[0m
[0;32mI (5856) pocket_pan_main: [UICORR] >1733(tot=0 draw=0 lcd=0 both=0 none=0) >2000(tot=0 draw=0 lcd=0 both=0 none=0)[0m
[0;32mI (5866) pocket_pan_main: [UIMETRIC] arch=0 field_updates=20 total_transfers=12 total_pixels=141600 last_sub_us=252 last_dma_us=1037[0m
[0;32mI (5876) pocket_pan_main: [UIREDRAW] urgent=8 telemetry=17 skip=119[0m
[0;32mI (10836) pocket_pan_main: [AUDIO] model=PAN blocks=3711 avg_us=305 p99_us=450 max_us=814 cpu_load=11.4 deadline=0 timeout=0 tx_error=0 short=0[0m
[0;32mI (10836) pocket_pan_main: [MIDI] push=1 pop=1 drop=0 hwm=1 last=(n=50 v=75 t=78 hex=90324B)[0m
[0;32mI (10846) pocket_pan_main: [BLE] state=8 interval_ms=11.25 latency=0 rssi=-63 reconnects=0 last_disconnect=0[0m
[0;32mI (10856) pocket_pan_main: [MEM] internal_free=75531 largest_internal=32768[0m
[0;32mI (10866) pocket_pan_main: [UICORR] >1733(tot=0 draw=0 lcd=0 both=0 none=0) >2000(tot=0 draw=0 lcd=0 both=0 none=0)[0m
[0;32mI (10876) pocket_pan_main: [UIMETRIC] arch=0 field_updates=22 total_transfers=14 total_pixels=145440 last_sub_us=245 last_dma_us=1028[0m
[0;32mI (10886) pocket_pan_main: [UIREDRAW] urgent=8 telemetry=33 skip=268[0m
[0;32mI (13236) forensics: [SAFETY] fixture=18 hard=0 sat=0 nonfinite=0 ble_lost=0[0m
[0;32mI (13236) forensics: [EVENT_ONLY] fixture=18 n=512 avg_us=20.76 max_us=77[0m
[0;32mI (13236) forensics: [FIXTURE_IO] model=UDU fixture=18 avg_us=303 p99_us=450 max_us=814 cpu_pct=11.36 deadline=0 timeouts=0 tx_errors=0 short_writes=0[0m
[0;32mI (13256) forensics: [CURVE] model=UDU fixture=18 voices=1 class=true_steady n=0 avg_us=0.00 p95_us=0 p99_us=0 p995_us=0 p999_us=0 max_us=0 deadline=0 bad_voices=0 ble_lost=0 hard=0 sat=0 bin_us=5 max_observed_voices=1[0m
[0;32mI (13276) forensics: [CALLBACK_CURVE] model=UDU fixture=18 voices=1 class=true_steady n=0 avg_us=0.00 p95_us=0 p99_us=0 p995_us=0 p999_us=0 max_us=0 deadline=0 overhead_avg_us=0.00[0m
[0;32mI (13296) forensics: [CURVE] model=UDU fixture=18 voices=1 class=attack_tail n=3583 avg_us=286.15 p95_us=305 p99_us=345 p995_us=370 p999_us=450 max_us=447 deadline=0 bad_voices=0 ble_lost=0 hard=0 sat=0 bin_us=5 max_observed_voices=1[0m
[0;32mI (13316) forensics: [HIST] fixture=18 class=attack_tail lower_us=280 n=2742[0m
[0;32mI (13316) forensics: [HIST] fixture=18 class=attack_tail lower_us=285 n=456[0m
[0;32mI (13326) forensics: [HIST] fixture=18 class=attack_tail lower_us=290 n=18[0m
[0;32mI (13336) forensics: [HIST] fixture=18 class=attack_tail lower_us=295 n=53[0m
[0;32mI (13346) forensics: [HIST] fixture=18 class=attack_tail lower_us=300 n=144[0m
[0;32mI (13356) forensics: [HIST] fixture=18 class=attack_tail lower_us=305 n=69[0m
[0;32mI (13356) forensics: [HIST] fixture=18 class=attack_tail lower_us=310 n=10[0m
[0;32mI (13366) forensics: [HIST] fixture=18 class=attack_tail lower_us=315 n=2[0m
[0;32mI (13376) forensics: [HIST] fixture=18 class=attack_tail lower_us=320 n=30[0m
[0;32mI (13386) forensics: [HIST] fixture=18 class=attack_tail lower_us=325 n=5[0m
[0;32mI (13386) forensics: [HIST] fixture=18 class=attack_tail lower_us=330 n=3[0m
[0;32mI (13396) forensics: [HIST] fixture=18 class=attack_tail lower_us=335 n=6[0m
[0;32mI (13406) forensics: [HIST] fixture=18 class=attack_tail lower_us=340 n=12[0m
[0;32mI (13416) forensics: [HIST] fixture=18 class=attack_tail lower_us=345 n=7[0m
[0;32mI (13416) forensics: [HIST] fixture=18 class=attack_tail lower_us=350 n=1[0m
[0;32mI (13426) forensics: [HIST] fixture=18 class=attack_tail lower_us=355 n=1[0m
[0;32mI (13436) forensics: [HIST] fixture=18 class=attack_tail lower_us=360 n=6[0m
[0;32mI (13446) forensics: [HIST] fixture=18 class=attack_tail lower_us=365 n=2[0m
[0;32mI (13446) forensics: [HIST] fixture=18 class=attack_tail lower_us=370 n=1[0m
[0;32mI (13456) forensics: [HIST] fixture=18 class=attack_tail lower_us=395 n=2[0m
[0;32mI (13466) forensics: [HIST] fixture=18 class=attack_tail lower_us=400 n=1[0m
[0;32mI (13466) forensics: [HIST] fixture=18 class=attack_tail lower_us=430 n=1[0m
[0;32mI (13476) forensics: [HIST] fixture=18 class=attack_tail lower_us=435 n=2[0m
[0;32mI (13486) forensics: [HIST] fixture=18 class=attack_tail lower_us=440 n=5[0m
[0;32mI (13496) forensics: [HIST] fixture=18 class=attack_tail lower_us=445 n=4[0m
[0;32mI (13496) forensics: [CALLBACK_CURVE] model=UDU fixture=18 voices=1 class=attack_tail n=3582 avg_us=303.03 p95_us=345 p99_us=445 p995_us=475 p999_us=555 max_us=578 deadline=0 overhead_avg_us=16.88[0m
[0;32mI (13516) forensics: [CALLBACK_HIST] fixture=18 class=attack_tail lower_us=285 n=1[0m
[0;32mI (13526) forensics: [CALLBACK_HIST] fixture=18 class=attack_tail lower_us=290 n=2064[0m
[0;32mI (13536) forensics: [CALLBACK_HIST] fixture=18 class=attack_tail lower_us=295 n=490[0m
[0;32mI (13546) forensics: [CALLBACK_HIST] fixture=18 class=attack_tail lower_us=300 n=238[0m
[0;32mI (13556) forensics: [CALLBACK_HIST] fixture=18 class=attack_tail lower_us=305 n=54[0m
[0;32mI (13556) forensics: [CALLBACK_HIST] fixture=18 class=attack_tail lower_us=310 n=72[0m
[0;32mI (13566) forensics: [CALLBACK_HIST] fixture=18 class=attack_tail lower_us=315 n=185[0m
[0;32mI (13576) forensics: [CALLBACK_HIST] fixture=18 class=attack_tail lower_us=320 n=53[0m
[0;32mI (13586) forensics: [CALLBACK_HIST] fixture=18 class=attack_tail lower_us=325 n=37[0m
[0;32mI (13596) forensics: [CALLBACK_HIST] fixture=18 class=attack_tail lower_us=330 n=53[0m
[0;32mI (13606) forensics: [CALLBACK_HIST] fixture=18 class=attack_tail lower_us=335 n=73[0m
[0;32mI (13606) forensics: [CALLBACK_HIST] fixture=18 class=attack_tail lower_us=340 n=89[0m
[0;32mI (13616) forensics: [CALLBACK_HIST] fixture=18 class=attack_tail lower_us=345 n=35[0m
[0;32mI (13626) forensics: [CALLBACK_HIST] fixture=18 class=attack_tail lower_us=350 n=30[0m
[0;32mI (13636) forensics: [CALLBACK_HIST] fixture=18 class=attack_tail lower_us=355 n=22[0m
[0;32mI (13646) forensics: [CALLBACK_HIST] fixture=18 class=attack_tail lower_us=360 n=17[0m
[0;32mI (13656) forensics: [CALLBACK_HIST] fixture=18 class=attack_tail lower_us=365 n=6[0m
[0;32mI (13656) forensics: [CALLBACK_HIST] fixture=18 class=attack_tail lower_us=370 n=4[0m
[0;32mI (13666) forensics: [CALLBACK_HIST] fixture=18 class=attack_tail lower_us=375 n=1[0m
[0;32mI (13676) forensics: [CALLBACK_HIST] fixture=18 class=attack_tail lower_us=385 n=1[0m
[0;32mI (13686) forensics: [CALLBACK_HIST] fixture=18 class=attack_tail lower_us=400 n=4[0m
[0;32mI (13696) forensics: [CALLBACK_HIST] fixture=18 class=attack_tail lower_us=410 n=1[0m
[0;32mI (13706) forensics: [CALLBACK_HIST] fixture=18 class=attack_tail lower_us=415 n=1[0m
[0;32mI (13706) forensics: [CALLBACK_HIST] fixture=18 class=attack_tail lower_us=420 n=3[0m
[0;32mI (13716) forensics: [CALLBACK_HIST] fixture=18 class=attack_tail lower_us=425 n=4[0m
[0;32mI (13726) forensics: [CALLBACK_HIST] fixture=18 class=attack_tail lower_us=430 n=4[0m
[0;32mI (13736) forensics: [CALLBACK_HIST] fixture=18 class=attack_tail lower_us=435 n=3[0m
[0;32mI (13746) forensics: [CALLBACK_HIST] fixture=18 class=attack_tail lower_us=440 n=3[0m
[0;32mI (13756) forensics: [CALLBACK_HIST] fixture=18 class=attack_tail lower_us=445 n=1[0m
[0;32mI (13756) forensics: [CALLBACK_HIST] fixture=18 class=attack_tail lower_us=450 n=2[0m
[0;32mI (13766) forensics: [CALLBACK_HIST] fixture=18 class=attack_tail lower_us=455 n=2[0m
[0;32mI (13776) forensics: [CALLBACK_HIST] fixture=18 class=attack_tail lower_us=460 n=7[0m
[0;32mI (13786) forensics: [CALLBACK_HIST] fixture=18 class=attack_tail lower_us=465 n=3[0m
[0;32mI (13796) forensics: [CALLBACK_HIST] fixture=18 class=attack_tail lower_us=470 n=2[0m
[0;32mI (13806) forensics: [CALLBACK_HIST] fixture=18 class=attack_tail lower_us=475 n=2[0m
[0;32mI (13806) forensics: [CALLBACK_HIST] fixture=18 class=attack_tail lower_us=480 n=2[0m
[0;32mI (13816) forensics: [CALLBACK_HIST] fixture=18 class=attack_tail lower_us=485 n=3[0m
[0;32mI (13826) forensics: [CALLBACK_HIST] fixture=18 class=attack_tail lower_us=500 n=2[0m
[0;32mI (13836) forensics: [CALLBACK_HIST] fixture=18 class=attack_tail lower_us=520 n=1[0m
[0;32mI (13846) forensics: [CALLBACK_HIST] fixture=18 class=attack_tail lower_us=530 n=1[0m
[0;32mI (13846) forensics: [CALLBACK_HIST] fixture=18 class=attack_tail lower_us=535 n=1[0m
[0;32mI (13856) forensics: [CALLBACK_HIST] fixture=18 class=attack_tail lower_us=545 n=1[0m
[0;32mI (13866) forensics: [CALLBACK_HIST] fixture=18 class=attack_tail lower_us=550 n=2[0m
[0;32mI (13876) forensics: [CALLBACK_HIST] fixture=18 class=attack_tail lower_us=570 n=1[0m
[0;32mI (13886) forensics: [CALLBACK_HIST] fixture=18 class=attack_tail lower_us=575 n=1[0m
[0;32mI (13896) forensics: [CURVE] model=UDU fixture=18 voices=1 class=event n=512 avg_us=311.60 p95_us=350 p99_us=425 p995_us=500 p999_us=505 max_us=501 deadline=0 bad_voices=0 ble_lost=0 hard=0 sat=0 bin_us=5 max_observed_voices=1[0m
[0;32mI (13916) forensics: [HIST] fixture=18 class=event lower_us=285 n=2[0m
[0;32mI (13916) forensics: [HIST] fixture=18 class=event lower_us=290 n=38[0m
[0;32mI (13926) forensics: [HIST] fixture=18 class=event lower_us=295 n=53[0m
[0;32mI (13936) forensics: [HIST] fixture=18 class=event lower_us=300 n=69[0m
[0;32mI (13936) forensics: [HIST] fixture=18 class=event lower_us=305 n=182[0m
[0;32mI (13946) forensics: [HIST] fixture=18 class=event lower_us=310 n=75[0m
[0;32mI (13956) forensics: [HIST] fixture=18 class=event lower_us=315 n=20[0m
[0;32mI (13966) forensics: [HIST] fixture=18 class=event lower_us=320 n=7[0m
[0;32mI (13966) forensics: [HIST] fixture=18 class=event lower_us=325 n=5[0m
[0;32mI (13976) forensics: [HIST] fixture=18 class=event lower_us=330 n=7[0m
[0;32mI (13986) forensics: [HIST] fixture=18 class=event lower_us=335 n=20[0m
[0;32mI (13986) forensics: [HIST] fixture=18 class=event lower_us=340 n=5[0m
[0;32mI (13996) forensics: [HIST] fixture=18 class=event lower_us=345 n=11[0m
[0;32mI (14006) forensics: [HIST] fixture=18 class=event lower_us=350 n=2[0m
[0;32mI (14006) forensics: [HIST] fixture=18 class=event lower_us=365 n=1[0m
[0;32mI (14016) forensics: [HIST] fixture=18 class=event lower_us=375 n=4[0m
[0;32mI (14026) forensics: [HIST] fixture=18 class=event lower_us=380 n=3[0m
[0;32mI (14036) forensics: [HIST] fixture=18 class=event lower_us=410 n=1[0m
[0;32mI (14036) forensics: [HIST] fixture=18 class=event lower_us=415 n=1[0m
[0;32mI (14046) forensics: [HIST] fixture=18 class=event lower_us=420 n=1[0m
[0;32mI (14056) forensics: [HIST] fixture=18 class=event lower_us=450 n=1[0m
[0;32mI (14056) forensics: [HIST] fixture=18 class=event lower_us=455 n=1[0m
[0;32mI (14066) forensics: [HIST] fixture=18 class=event lower_us=495 n=1[0m
[0;32mI (14076) forensics: [HIST] fixture=18 class=event lower_us=500 n=2[0m
[0;32mI (14076) forensics: [CALLBACK_CURVE] model=UDU fixture=18 voices=1 class=event n=512 avg_us=326.90 p95_us=360 p99_us=515 p995_us=615 p999_us=630 max_us=628 deadline=0 overhead_avg_us=15.30[0m
[0;32mI (14096) forensics: [CALLBACK_HIST] fixture=18 class=event lower_us=295 n=17[0m
[0;32mI (14106) forensics: [CALLBACK_HIST] fixture=18 class=event lower_us=300 n=36[0m
[0;32mI (14116) forensics: [CALLBACK_HIST] fixture=18 class=event lower_us=305 n=35[0m
[0;32mI (14116) forensics: [CALLBACK_HIST] fixture=18 class=event lower_us=310 n=60[0m
[0;32mI (14126) forensics: [CALLBACK_HIST] fixture=18 class=event lower_us=315 n=133[0m
[0;32mI (14136) forensics: [CALLBACK_HIST] fixture=18 class=event lower_us=320 n=101[0m
[0;32mI (14146) forensics: [CALLBACK_HIST] fixture=18 class=event lower_us=325 n=22[0m
[0;32mI (14156) forensics: [CALLBACK_HIST] fixture=18 class=event lower_us=330 n=7[0m
[0;32mI (14156) forensics: [CALLBACK_HIST] fixture=18 class=event lower_us=335 n=3[0m
[0;32mI (14166) forensics: [CALLBACK_HIST] fixture=18 class=event lower_us=340 n=12[0m
[0;32mI (14176) forensics: [CALLBACK_HIST] fixture=18 class=event lower_us=345 n=26[0m
[0;32mI (14186) forensics: [CALLBACK_HIST] fixture=18 class=event lower_us=350 n=18[0m
[0;32mI (14196) forensics: [CALLBACK_HIST] fixture=18 class=event lower_us=355 n=20[0m
[0;32mI (14196) forensics: [CALLBACK_HIST] fixture=18 class=event lower_us=360 n=3[0m
[0;32mI (14206) forensics: [CALLBACK_HIST] fixture=18 class=event lower_us=365 n=1[0m
[0;32mI (14216) forensics: [CALLBACK_HIST] fixture=18 class=event lower_us=370 n=1[0m
[0;32mI (14226) forensics: [CALLBACK_HIST] fixture=18 class=event lower_us=390 n=3[0m
[0;32mI (14226) forensics: [CALLBACK_HIST] fixture=18 class=event lower_us=395 n=1[0m
[0;32mI (14236) forensics: [CALLBACK_HIST] fixture=18 class=event lower_us=420 n=1[0m
[0;32mI (14246) forensics: [CALLBACK_HIST] fixture=18 class=event lower_us=450 n=1[0m
[0;32mI (14256) forensics: [CALLBACK_HIST] fixture=18 class=event lower_us=460 n=1[0m
[0;32mI (14256) forensics: [CALLBACK_HIST] fixture=18 class=event lower_us=470 n=1[0m
[0;32mI (14266) forensics: [CALLBACK_HIST] fixture=18 class=event lower_us=475 n=1[0m
[0;32mI (14276) forensics: [CALLBACK_HIST] fixture=18 class=event lower_us=490 n=1[0m
[0;32mI (14286) forensics: [CALLBACK_HIST] fixture=18 class=event lower_us=495 n=1[0m
[0;32mI (14296) forensics: [CALLBACK_HIST] fixture=18 class=event lower_us=510 n=1[0m
[0;32mI (14296) forensics: [CALLBACK_HIST] fixture=18 class=event lower_us=525 n=1[0m
[0;32mI (14306) forensics: [CALLBACK_HIST] fixture=18 class=event lower_us=600 n=1[0m
[0;32mI (14316) forensics: [CALLBACK_HIST] fixture=18 class=event lower_us=610 n=2[0m
[0;32mI (14326) forensics: [CALLBACK_HIST] fixture=18 class=event lower_us=625 n=1[0m
[0;32mI (14326) forensics: [CURVE] model=UDU fixture=18 voices=1 class=fixture_transition n=1 avg_us=639.56 p95_us=645 p99_us=645 p995_us=645 p999_us=645 max_us=640 deadline=0 bad_voices=0 ble_lost=0 hard=0 sat=0 bin_us=5 max_observed_voices=1[0m
[0;32mI (14356) forensics: [HIST] fixture=18 class=fixture_transition lower_us=640 n=1[0m
[0;32mI (14356) forensics: [CALLBACK_CURVE] model=UDU fixture=18 voices=1 class=fixture_transition n=1 avg_us=814.00 p95_us=815 p99_us=815 p995_us=815 p999_us=815 max_us=814 deadline=0 overhead_avg_us=174.44[0m
[0;32mI (14376) forensics: [CALLBACK_HIST] fixture=18 class=fixture_transition lower_us=810 n=1[0m
[0;32mI (14386) forensics: [FASTPATH] fixture=18 stable8=0 attack=0 sustain=0 shared_noise=0[0m
[0;32mI (14396) forensics: [OVERHEAD] fixture=18 blocks=4599 model_reset_avg_us=1.76 model_reset_max_us=17 queue_avg_us=1.86 queue_max_us=37 render_avg_us=263.63 telem_avg_us=4.25 telem_max_us=161 telem_publishes=574[0m
[0;32mI (15856) pocket_pan_main: [AUDIO] model=PAN blocks=5593 avg_us=273 p99_us=0 max_us=907 cpu_load=10.2 deadline=0 timeout=0 tx_error=0 short=0[0m
[0;32mI (15856) pocket_pan_main: [MIDI] push=1 pop=1 drop=0 hwm=1 last=(n=50 v=75 t=78 hex=90324B)[0m
[0;32mI (15866) pocket_pan_main: [BLE] state=8 interval_ms=11.25 latency=0 rssi=-65 reconnects=0 last_disconnect=0[0m
[0;32mI (15876) pocket_pan_main: [MEM] internal_free=75531 largest_internal=32768[0m
[0;32mI (15886) pocket_pan_main: [UICORR] >1733(tot=0 draw=0 lcd=0 both=0 none=0) >2000(tot=0 draw=0 lcd=0 both=0 none=0)[0m
[0;32mI (15896) pocket_pan_main: [UIMETRIC] arch=0 field_updates=27 total_transfers=19 total_pixels=155040 last_sub_us=260 last_dma_us=1050[0m
[0;32mI (15906) pocket_pan_main: [UIREDRAW] urgent=8 telemetry=51 skip=376[0m
[0;32mI (20866) pocket_pan_main: [AUDIO] model=PAN blocks=7471 avg_us=271 p99_us=450 max_us=983 cpu_load=10.2 deadline=0 timeout=0 tx_error=0 short=0[0m
[0;32mI (20866) pocket_pan_main: [MIDI] push=1 pop=1 drop=0 hwm=1 last=(n=50 v=75 t=78 hex=90324B)[0m
[0;32mI (20876) pocket_pan_main: [BLE] state=8 interval_ms=11.25 latency=0 rssi=-63 reconnects=0 last_disconnect=0[0m
[0;32mI (20886) pocket_pan_main: [MEM] internal_free=75531 largest_internal=32768[0m
[0;32mI (20896) pocket_pan_main: [UICORR] >1733(tot=0 draw=0 lcd=0 both=0 none=0) >2000(tot=0 draw=0 lcd=0 both=0 none=0)[0m
[0;32mI (20906) pocket_pan_main: [UIMETRIC] arch=0 field_updates=35 total_transfers=27 total_pixels=170400 last_sub_us=311 last_dma_us=1103[0m
[0;32mI (20916) pocket_pan_main: [UIREDRAW] urgent=8 telemetry=74 skip=518[0m
[0;32mI (24136) forensics: [SAFETY] fixture=19 hard=0 sat=0 nonfinite=0 ble_lost=0[0m
[0;32mI (24136) forensics: [EVENT_ONLY] fixture=19 n=22 avg_us=442.46 max_us=493[0m
[0;32mI (24136) forensics: [FIXTURE_IO] model=UDU fixture=19 avg_us=280 p99_us=450 max_us=983 cpu_pct=10.50 deadline=0 timeouts=0 tx_errors=0 short_writes=0[0m
[0;32mI (24156) forensics: [CURVE] model=UDU fixture=19 voices=1 class=true_steady n=3765 avg_us=257.79 p95_us=280 p99_us=305 p995_us=355 p999_us=410 max_us=436 deadline=0 bad_voices=0 ble_lost=0 hard=0 sat=0 bin_us=5 max_observed_voices=1[0m
[0;32mI (24176) forensics: [HIST] fixture=19 class=true_steady lower_us=250 n=2870[0m
[0;32mI (24186) forensics: [HIST] fixture=19 class=true_steady lower_us=255 n=140[0m
[0;32mI (24196) forensics: [HIST] fixture=19 class=true_steady lower_us=260 n=153[0m
[0;32mI (24196) forensics: [HIST] fixture=19 class=true_steady lower_us=265 n=74[0m
[0;32mI (24206) forensics: [HIST] fixture=19 class=true_steady lower_us=270 n=31[0m
[0;32mI (24216) forensics: [HIST] fixture=19 class=true_steady lower_us=275 n=399[0m
[0;32mI (24226) forensics: [HIST] fixture=19 class=true_steady lower_us=280 n=26[0m
[0;32mI (24226) forensics: [HIST] fixture=19 class=true_steady lower_us=285 n=11[0m
[0;32mI (24236) forensics: [HIST] fixture=19 class=true_steady lower_us=290 n=7[0m
[0;32mI (24246) forensics: [HIST] fixture=19 class=true_steady lower_us=295 n=11[0m
[0;32mI (24256) forensics: [HIST] fixture=19 class=true_steady lower_us=300 n=8[0m
[0;32mI (24256) forensics: [HIST] fixture=19 class=true_steady lower_us=305 n=2[0m
[0;32mI (24266) forensics: [HIST] fixture=19 class=true_steady lower_us=310 n=7[0m
[0;32mI (24276) forensics: [HIST] fixture=19 class=true_steady lower_us=315 n=2[0m
[0;32mI (24286) forensics: [HIST] fixture=19 class=true_steady lower_us=320 n=3[0m
[0;32mI (24286) forensics: [HIST] fixture=19 class=true_steady lower_us=325 n=1[0m
[0;32mI (24296) forensics: [HIST] fixture=19 class=true_steady lower_us=330 n=1[0m
[0;32mI (24306) forensics: [HIST] fixture=19 class=true_steady lower_us=350 n=2[0m
[0;32mI (24316) forensics: [HIST] fixture=19 class=true_steady lower_us=365 n=1[0m
[0;32mI (24316) forensics: [HIST] fixture=19 class=true_steady lower_us=370 n=1[0m
[0;32mI (24326) forensics: [HIST] fixture=19 class=true_steady lower_us=380 n=1[0m
[0;32mI (24336) forensics: [HIST] fixture=19 class=true_steady lower_us=385 n=2[0m
[0;32mI (24346) forensics: [HIST] fixture=19 class=true_steady lower_us=400 n=1[0m
[0;32mI (24346) forensics: [HIST] fixture=19 class=true_steady lower_us=405 n=8[0m
[0;32mI (24356) forensics: [HIST] fixture=19 class=true_steady lower_us=410 n=1[0m
[0;32mI (24366) forensics: [HIST] fixture=19 class=true_steady lower_us=425 n=1[0m
[0;32mI (24376) forensics: [HIST] fixture=19 class=true_steady lower_us=435 n=1[0m
[0;32mI (24376) forensics: [CALLBACK_CURVE] model=UDU fixture=19 voices=1 class=true_steady n=3764 avg_us=273.26 p95_us=305 p99_us=405 p995_us=435 p999_us=500 max_us=591 deadline=0 overhead_avg_us=15.47[0m
[0;32mI (24396) forensics: [CALLBACK_HIST] fixture=19 class=true_steady lower_us=260 n=2099[0m
[0;32mI (24406) forensics: [CALLBACK_HIST] fixture=19 class=true_steady lower_us=265 n=478[0m
[0;32mI (24416) forensics: [CALLBACK_HIST] fixture=19 class=true_steady lower_us=270 n=110[0m
[0;32mI (24426) forensics: [CALLBACK_HIST] fixture=19 class=true_steady lower_us=275 n=86[0m
[0;32mI (24426) forensics: [CALLBACK_HIST] fixture=19 class=true_steady lower_us=280 n=171[0m
[0;32mI (24436) forensics: [CALLBACK_HIST] fixture=19 class=true_steady lower_us=285 n=328[0m
[0;32mI (24446) forensics: [CALLBACK_HIST] fixture=19 class=true_steady lower_us=290 n=170[0m
[0;32mI (24456) forensics: [CALLBACK_HIST] fixture=19 class=true_steady lower_us=295 n=106[0m
[0;32mI (24466) forensics: [CALLBACK_HIST] fixture=19 class=true_steady lower_us=300 n=45[0m
[0;32mI (24476) forensics: [CALLBACK_HIST] fixture=19 class=true_steady lower_us=305 n=27[0m
[0;32mI (24486) forensics: [CALLBACK_HIST] fixture=19 class=true_steady lower_us=310 n=22[0m
[0;32mI (24486) forensics: [CALLBACK_HIST] fixture=19 class=true_steady lower_us=315 n=9[0m
[0;32mI (24496) forensics: [CALLBACK_HIST] fixture=19 class=true_steady lower_us=320 n=12[0m
[0;32mI (24506) forensics: [CALLBACK_HIST] fixture=19 class=true_steady lower_us=325 n=8[0m
[0;32mI (24516) forensics: [CALLBACK_HIST] fixture=19 class=true_steady lower_us=330 n=9[0m
[0;32mI (24526) forensics: [CALLBACK_HIST] fixture=19 class=true_steady lower_us=335 n=7[0m
[0;32mI (24526) forensics: [CALLBACK_HIST] fixture=19 class=true_steady lower_us=340 n=4[0m
[0;32mI (24536) forensics: [CALLBACK_HIST] fixture=19 class=true_steady lower_us=345 n=3[0m
[0;32mI (24546) forensics: [CALLBACK_HIST] fixture=19 class=true_steady lower_us=350 n=3[0m
[0;32mI (24556) forensics: [CALLBACK_HIST] fixture=19 class=true_steady lower_us=355 n=1[0m
[0;32mI (24566) forensics: [CALLBACK_HIST] fixture=19 class=true_steady lower_us=360 n=4[0m
[0;32mI (24576) forensics: [CALLBACK_HIST] fixture=19 class=true_steady lower_us=365 n=7[0m
[0;32mI (24576) forensics: [CALLBACK_HIST] fixture=19 class=true_steady lower_us=370 n=3[0m
[0;32mI (24586) forensics: [CALLBACK_HIST] fixture=19 class=true_steady lower_us=375 n=3[0m
[0;32mI (24596) forensics: [CALLBACK_HIST] fixture=19 class=true_steady lower_us=380 n=2[0m
[0;32mI (24606) forensics: [CALLBACK_HIST] fixture=19 class=true_steady lower_us=385 n=2[0m
[0;32mI (24616) forensics: [CALLBACK_HIST] fixture=19 class=true_steady lower_us=390 n=1[0m
[0;32mI (24626) forensics: [CALLBACK_HIST] fixture=19 class=true_steady lower_us=395 n=4[0m
[0;32mI (24626) forensics: [CALLBACK_HIST] fixture=19 class=true_steady lower_us=400 n=5[0m
[0;32mI (24636) forensics: [CALLBACK_HIST] fixture=19 class=true_steady lower_us=405 n=2[0m
[0;32mI (24646) forensics: [CALLBACK_HIST] fixture=19 class=true_steady lower_us=410 n=1[0m
[0;32mI (24656) forensics: [CALLBACK_HIST] fixture=19 class=true_steady lower_us=420 n=5[0m
[0;32mI (24666) forensics: [CALLBACK_HIST] fixture=19 class=true_steady lower_us=425 n=5[0m
[0;32mI (24666) forensics: [CALLBACK_HIST] fixture=19 class=true_steady lower_us=430 n=4[0m
[0;32mI (24676) forensics: [CALLBACK_HIST] fixture=19 class=true_steady lower_us=435 n=2[0m
[0;32mI (24686) forensics: [CALLBACK_HIST] fixture=19 class=true_steady lower_us=445 n=1[0m
[0;32mI (24696) forensics: [CALLBACK_HIST] fixture=19 class=true_steady lower_us=450 n=1[0m
[0;32mI (24706) forensics: [CALLBACK_HIST] fixture=19 class=true_steady lower_us=455 n=2[0m
[0;32mI (24716) forensics: [CALLBACK_HIST] fixture=19 class=true_steady lower_us=460 n=3[0m
[0;32mI (24716) forensics: [CALLBACK_HIST] fixture=19 class=true_steady lower_us=465 n=1[0m
[0;32mI (24726) forensics: [CALLBACK_HIST] fixture=19 class=true_steady lower_us=475 n=1[0m
[0;32mI (24736) forensics: [CALLBACK_HIST] fixture=19 class=true_steady lower_us=480 n=1[0m
[0;32mI (24746) forensics: [CALLBACK_HIST] fixture=19 class=true_steady lower_us=485 n=2[0m
[0;32mI (24756) forensics: [CALLBACK_HIST] fixture=19 class=true_steady lower_us=495 n=1[0m
[0;32mI (24766) forensics: [CALLBACK_HIST] fixture=19 class=true_steady lower_us=505 n=1[0m
[0;32mI (24766) forensics: [CALLBACK_HIST] fixture=19 class=true_steady lower_us=520 n=1[0m
[0;32mI (24776) forensics: [CALLBACK_HIST] fixture=19 class=true_steady lower_us=590 n=1[0m
[0;32mI (24786) forensics: [CURVE] model=UDU fixture=19 voices=1 class=attack_tail n=308 avg_us=289.54 p95_us=325 p99_us=345 p995_us=370 p999_us=400 max_us=397 deadline=0 bad_voices=0 ble_lost=0 hard=0 sat=0 bin_us=5 max_observed_voices=1[0m
[0;32mI (24806) forensics: [HIST] fixture=19 class=attack_tail lower_us=280 n=209[0m
[0;32mI (24816) forensics: [HIST] fixture=19 class=attack_tail lower_us=285 n=33[0m
[0;32mI (24826) forensics: [HIST] fixture=19 class=attack_tail lower_us=290 n=8[0m
[0;32mI (24826) forensics: [HIST] fixture=19 class=attack_tail lower_us=295 n=10[0m
[0;32mI (24836) forensics: [HIST] fixture=19 class=attack_tail lower_us=300 n=5[0m
[0;32mI (24846) forensics: [HIST] fixture=19 class=attack_tail lower_us=305 n=4[0m
[0;32mI (24856) forensics: [HIST] fixture=19 class=attack_tail lower_us=310 n=5[0m
[0;32mI (24856) forensics: [HIST] fixture=19 class=attack_tail lower_us=315 n=2[0m
[0;32mI (24866) forensics: [HIST] fixture=19 class=attack_tail lower_us=320 n=24[0m
[0;32mI (24876) forensics: [HIST] fixture=19 class=attack_tail lower_us=325 n=1[0m
[0;32mI (24886) forensics: [HIST] fixture=19 class=attack_tail lower_us=330 n=3[0m
[0;32mI (24886) forensics: [HIST] fixture=19 class=attack_tail lower_us=340 n=2[0m
[0;32mI (24896) forensics: [HIST] fixture=19 class=attack_tail lower_us=365 n=1[0m
[0;32mI (24906) forensics: [HIST] fixture=19 class=attack_tail lower_us=395 n=1[0m
[0;32mI (24916) forensics: [CALLBACK_CURVE] model=UDU fixture=19 voices=1 class=attack_tail n=309 avg_us=310.40 p95_us=370 p99_us=415 p995_us=505 p999_us=525 max_us=520 deadline=0 overhead_avg_us=20.86[0m
[0;32mI (24926) forensics: [CALLBACK_HIST] fixture=19 class=attack_tail lower_us=290 n=158[0m
[0;32mI (24936) forensics: [CALLBACK_HIST] fixture=19 class=attack_tail lower_us=295 n=31[0m
[0;32mI (24946) forensics: [CALLBACK_HIST] fixture=19 class=attack_tail lower_us=300 n=8[0m
[0;32mI (24956) forensics: [CALLBACK_HIST] fixture=19 class=attack_tail lower_us=305 n=8[0m
[0;32mI (24966) forensics: [CALLBACK_HIST] fixture=19 class=attack_tail lower_us=310 n=5[0m
[0;32mI (24976) forensics: [CALLBACK_HIST] fixture=19 class=attack_tail lower_us=315 n=5[0m
[0;32mI (24976) forensics: [CALLBACK_HIST] fixture=19 class=attack_tail lower_us=320 n=10[0m
[0;32mI (24986) forensics: [CALLBACK_HIST] fixture=19 class=attack_tail lower_us=325 n=11[0m
[0;32mI (24996) forensics: [CALLBACK_HIST] fixture=19 class=attack_tail lower_us=330 n=19[0m
[0;32mI (25006) forensics: [CALLBACK_HIST] fixture=19 class=attack_tail lower_us=335 n=11[0m
[0;32mI (25016) forensics: [CALLBACK_HIST] fixture=19 class=attack_tail lower_us=340 n=9[0m
[0;32mI (25026) forensics: [CALLBACK_HIST] fixture=19 class=attack_tail lower_us=345 n=6[0m
[0;32mI (25026) forensics: [CALLBACK_HIST] fixture=19 class=attack_tail lower_us=350 n=3[0m
[0;32mI (25036) forensics: [CALLBACK_HIST] fixture=19 class=attack_tail lower_us=355 n=7[0m
[0;32mI (25046) forensics: [CALLBACK_HIST] fixture=19 class=attack_tail lower_us=365 n=6[0m
[0;32mI (25056) forensics: [CALLBACK_HIST] fixture=19 class=attack_tail lower_us=370 n=2[0m
[0;32mI (25066) forensics: [CALLBACK_HIST] fixture=19 class=attack_tail lower_us=375 n=1[0m
[0;32mI (25076) forensics: [CALLBACK_HIST] fixture=19 class=attack_tail lower_us=380 n=2[0m
[0;32mI (25076) forensics: [CALLBACK_HIST] fixture=19 class=attack_tail lower_us=385 n=1[0m
[0;32mI (25086) forensics: [CALLBACK_HIST] fixture=19 class=attack_tail lower_us=395 n=1[0m
[0;32mI (25096) forensics: [CALLBACK_HIST] fixture=19 class=attack_tail lower_us=400 n=1[0m
[0;32mI (25106) forensics: [CALLBACK_HIST] fixture=19 class=attack_tail lower_us=410 n=1[0m
[0;32mI (25116) forensics: [CALLBACK_HIST] fixture=19 class=attack_tail lower_us=485 n=1[0m
[0;32mI (25116) forensics: [CALLBACK_HIST] fixture=19 class=attack_tail lower_us=500 n=1[0m
[0;32mI (25126) forensics: [CALLBACK_HIST] fixture=19 class=attack_tail lower_us=520 n=1[0m
[0;32mI (25136) forensics: [CURVE] model=UDU fixture=19 voices=1 class=event n=22 avg_us=769.49 p95_us=865 p99_us=865 p995_us=865 p999_us=865 max_us=862 deadline=0 bad_voices=0 ble_lost=0 hard=0 sat=0 bin_us=5 max_observed_voices=1[0m
[0;32mI (25156) forensics: [HIST] fixture=19 class=event lower_us=530 n=1[0m
[0;32mI (25166) forensics: [HIST] fixture=19 class=event lower_us=725 n=1[0m
[0;32mI (25176) forensics: [HIST] fixture=19 class=event lower_us=740 n=2[0m
[0;32mI (25176) forensics: [HIST] fixture=19 class=event lower_us=745 n=1[0m
[0;32mI (25186) forensics: [HIST] fixture=19 class=event lower_us=750 n=1[0m
[0;32mI (25196) forensics: [HIST] fixture=19 class=event lower_us=765 n=2[0m
[0;32mI (25196) forensics: [HIST] fixture=19 class=event lower_us=770 n=3[0m
[0;32mI (25206) forensics: [HIST] fixture=19 class=event lower_us=775 n=2[0m
[0;32mI (25216) forensics: [HIST] fixture=19 class=event lower_us=780 n=1[0m
[0;32mI (25216) forensics: [HIST] fixture=19 class=event lower_us=790 n=1[0m
[0;32mI (25226) forensics: [HIST] fixture=19 class=event lower_us=795 n=2[0m
[0;32mI (25236) forensics: [HIST] fixture=19 class=event lower_us=800 n=2[0m
[0;32mI (25246) forensics: [HIST] fixture=19 class=event lower_us=805 n=1[0m
[0;32mI (25246) forensics: [HIST] fixture=19 class=event lower_us=860 n=2[0m
[0;32mI (25256) forensics: [CALLBACK_CURVE] model=UDU fixture=19 voices=1 class=event n=22 avg_us=820.14 p95_us=910 p99_us=985 p995_us=985 p999_us=985 max_us=983 deadline=0 overhead_avg_us=50.65[0m
[0;32mI (25276) forensics: [CALLBACK_HIST] fixture=19 class=event lower_us=585 n=1[0m
[0;32mI (25276) forensics: [CALLBACK_HIST] fixture=19 class=event lower_us=760 n=1[0m
[0;32mI (25286) forensics: [CALLBACK_HIST] fixture=19 class=event lower_us=780 n=2[0m
[0;32mI (25296) forensics: [CALLBACK_HIST] fixture=19 class=event lower_us=800 n=1[0m
[0;32mI (25306) forensics: [CALLBACK_HIST] fixture=19 class=event lower_us=805 n=4[0m
[0;32mI (25316) forensics: [CALLBACK_HIST] fixture=19 class=event lower_us=810 n=1[0m
[0;32mI (25316) forensics: [CALLBACK_HIST] fixture=19 class=event lower_us=815 n=1[0m
[0;32mI (25326) forensics: [CALLBACK_HIST] fixture=19 class=event lower_us=825 n=1[0m
[0;32mI (25336) forensics: [CALLBACK_HIST] fixture=19 class=event lower_us=830 n=1[0m
[0;32mI (25346) forensics: [CALLBACK_HIST] fixture=19 class=event lower_us=835 n=2[0m
[0;32mI (25346) forensics: [CALLBACK_HIST] fixture=19 class=event lower_us=840 n=1[0m
[0;32mI (25356) forensics: [CALLBACK_HIST] fixture=19 class=event lower_us=845 n=3[0m
[0;32mI (25366) forensics: [CALLBACK_HIST] fixture=19 class=event lower_us=860 n=1[0m
[0;32mI (25376) forensics: [CALLBACK_HIST] fixture=19 class=event lower_us=905 n=1[0m
[0;32mI (25376) forensics: [CALLBACK_HIST] fixture=19 class=event lower_us=980 n=1[0m
[0;32mI (25386) forensics: [CURVE] model=UDU fixture=19 voices=1 class=fixture_transition n=1 avg_us=436.67 p95_us=440 p99_us=440 p995_us=440 p999_us=440 max_us=437 deadline=0 bad_voices=0 ble_lost=0 hard=0 sat=0 bin_us=5 max_observed_voices=1[0m
[0;32mI (25406) forensics: [HIST] fixture=19 class=fixture_transition lower_us=435 n=1[0m
[0;32mI (25416) forensics: [CALLBACK_CURVE] model=UDU fixture=19 voices=1 class=fixture_transition n=1 avg_us=463.00 p95_us=465 p99_us=465 p995_us=465 p999_us=465 max_us=463 deadline=0 overhead_avg_us=26.33[0m
[0;32mI (25436) forensics: [CALLBACK_HIST] fixture=19 class=fixture_transition lower_us=460 n=1[0m
[0;32mI (25446) forensics: [FASTPATH] fixture=19 stable8=0 attack=0 sustain=0 shared_noise=0[0m
[0;32mI (25456) forensics: [OVERHEAD] fixture=19 blocks=4096 model_reset_avg_us=1.71 model_reset_max_us=13 queue_avg_us=1.67 queue_max_us=33 render_avg_us=269.19 telem_avg_us=3.71 telem_max_us=100 telem_publishes=512[0m
[0;32mI (25866) pocket_pan_main: [AUDIO] model=PAN blocks=9347 avg_us=10 p99_us=425 max_us=983 cpu_load=0.4 deadline=0 timeout=0 tx_error=0 short=0[0m
[0;32mI (25866) pocket_pan_main: [MIDI] push=1 pop=1 drop=0 hwm=1 last=(n=50 v=75 t=78 hex=90324B)[0m
[0;32mI (25876) pocket_pan_main: [BLE] state=8 interval_ms=11.25 latency=0 rssi=-63 reconnects=0 last_disconnect=0[0m
[0;32mI (25886) pocket_pan_main: [MEM] internal_free=75531 largest_internal=32768[0m
[0;32mI (25896) pocket_pan_main: [UICORR] >1733(tot=0 draw=0 lcd=0 both=0 none=0) >2000(tot=0 draw=0 lcd=0 both=0 none=0)[0m
[0;32mI (25906) pocket_pan_main: [UIMETRIC] arch=0 field_updates=42 total_transfers=34 total_pixels=183840 last_sub_us=257 last_dma_us=1045[0m
[0;32mI (25916) pocket_pan_main: [UIREDRAW] urgent=8 telemetry=88 skip=624[0m
[0;32mI (30876) pocket_pan_main: [AUDIO] model=PAN blocks=11226 avg_us=9 p99_us=25 max_us=983 cpu_load=0.3 deadline=0 timeout=0 tx_error=0 short=0[0m
[0;32mI (30876) pocket_pan_main: [MIDI] push=1 pop=1 drop=0 hwm=1 last=(n=50 v=75 t=78 hex=90324B)[0m
[0;32mI (30886) pocket_pan_main: [BLE] state=8 interval_ms=11.25 latency=0 rssi=-61 reconnects=0 last_disconnect=0[0m
[0;32mI (30896) pocket_pan_main: [MEM] internal_free=75531 largest_internal=32768[0m
[0;32mI (30906) pocket_pan_main: [UICORR] >1733(tot=0 draw=0 lcd=0 both=0 none=0) >2000(tot=0 draw=0 lcd=0 both=0 none=0)[0m
[0;32mI (30916) pocket_pan_main: [UIMETRIC] arch=0 field_updates=42 total_transfers=34 total_pixels=183840 last_sub_us=257 last_dma_us=1045[0m
[0;32mI (30926) pocket_pan_main: [UIREDRAW] urgent=8 telemetry=106 skip=771[0m
