[0;32mI (124) esp_image: segment 1: paddr=00030dcc vaddr=3fca44ESP-ROM:esp32s3-20210327
Build:Mar 27 2021
rst:0x15 (USB_UART_CHIP_RESET),boot:0x8 (SPI_FAST_FLASH_BOOT)
Saved PC:0x4200a210
SPIWP:0xee
mode:DIO, clock div:1
load:0x3fce2810,len:0x178c
load:0x403c8700,len:0x4
load:0x403c8704,len:0xcb8
load:0x403cb700,len:0x2db0
entry 0x403c8914
[0;32mI (26) boot: ESP-IDF v5.3-dirty 2nd stage bootloader[0m
[0;32mI (27) boot: compile time Oct  1 2026 19:28:03[0m
[0;32mI (27) boot: Multicore bootloader[0m
[0;32mI (30) boot: chip revision: v0.2[0m
[0;32mI (34) boot.esp32s3: Boot SPI Speed : 80MHz[0m
[0;32mI (39) boot.esp32s3: SPI Mode       : DIO[0m
[0;32mI (43) boot.esp32s3: SPI Flash Size : 4MB[0m
[0;32mI (48) boot: Enabling RNG early entropy source...[0m
[0;32mI (54) boot: Partition Table:[0m
[0;32mI (57) boot: ## Label            Usage          Type ST Offset   Length[0m
[0;32mI (64) boot:  0 nvs              WiFi data        01 02 00009000 00006000[0m
[0;32mI (72) boot:  1 phy_init         RF data          01 01 0000f000 00001000[0m
[0;32mI (79) boot:  2 factory          factory app      00 00 00010000 00100000[0m
[0;32mI (87) boot: End of partition table[0m
[0;32mI (91) esp_image: segment 0: paddr=00010020 vaddr=3c070020 size=20da4h (134564) map[0m
[0;32mI (124) esp_image: segment 1: paddr=00030dcc vaddr=3fca4400 size=04500h ( 17664) load[0m
[0;32mI (128) esp_image: segment 2: paddr=000352d4 vaddr=40374000 size=0ad44h ( 44356) load[0m
[0;32mI (139) esp_image: segment 3: paddr=00040020 vaddr=42000020 size=65ac8h (416456) map[0m
[0;32mI (214) esp_image: segment 4: paddr=000a5af0 vaddr=4037ed44 size=1565ch ( 87644) load[0m
[0;32mI (247) boot: Loaded app from partition at offset 0x10000[0m
[0;32mI (247) boot: Disabling RNG early entropy source...[0m
[0;32mI (259) esp_psram: Found 2MB PSRAM device[0m
[0;32mI (259) esp_psram: Speed: 40MHz[0m
[0;32mI (259) cpu_start: Multicore app[0m
[0;32mI (679) esp_psram: SPI SRAM memory test OK[0m
[0;32mI (688) cpu_start: Pro cpu start user code[0m
[0;32mI (688) cpu_start: cpu freq: 240000000 Hz[0m
[0;32mI (688) app_init: Application information:[0m
[0;32mI (691) app_init: Project name:     pocket_pan[0m
[0;32mI (696) app_init: App version:      b6454c6-dirty[0m
[0;32mI (702) app_init: Compile time:     Oct  1 2026 19:24:02[0m
[0;32mI (708) app_init: ELF file SHA256:  d795c2082...[0m
[0;32mI (713) app_init: ESP-IDF:          v5.3-dirty[0m
[0;32mI (718) efuse_init: Min chip rev:     v0.0[0m
[0;32mI (723) efuse_init: Max chip rev:     v0.99 [0m
[0;32mI (728) efuse_init: Chip rev:         v0.2[0m
[0;32mI (733) heap_init: Initializing. RAM available for dynamic allocation:[0m
[0;32mI (740) heap_init: At 3FCCF730 len 00019FE0 (103 KiB): RAM[0m
[0;32mI (746) heap_init: At 3FCE9710 len 00005724 (21 KiB): RAM[0m
[0;32mI (752) heap_init: At 3FCF0000 len 00008000 (32 KiB): DRAM[0m
[0;32mI (758) heap_init: At 600FE100 len 00001EE8 (7 KiB): RTCRAM[0m
[0;32mI (765) esp_psram: Adding pool of 2048K of PSRAM memory to heap allocator[0m
[0;32mI (773) spi_flash: detected chip: generic[0m
[0;32mI (776) spi_flash: flash io: dio[0m
[0;32mI (781) sleep: Configure to isolate all GPIO pins in sleep state[0m
[0;32mI (787) sleep: Enable automatic switching of GPIO sleep configuration[0m
[0;32mI (794) coexist: coex firmware version: dab85ae96[0m
[0;32mI (800) coexist: coexist rom version e7ae62f[0m
[0;32mI (805) main_task: Started on CPU0[0m
[0;32mI (815) esp_psram: Reserving pool of 32K of internal memory for DMA/internal allocations[0m
[0;32mI (815) main_task: Calling app_main()[0m
[0;32mI (825) pocket_pan_main: [MEM_STAGE] stage=entry internal_free=142987 largest_internal=49152 psram_free=2094528[0m
[0;32mI (835) pocket_pan_main: ===============================================[0m
[0;32mI (835) pocket_pan_main:   Pocket Pan / Metal Modal Synthesizer v1.0.0[0m
[0;32mI (845) pocket_pan_main:   Hardware: TENSTAR TS-ESP32-S3 (Feather TFT)[0m
[0;32mI (855) pocket_pan_main: ===============================================[0m
[0;32mI (865) pocket_pan_main: [FORENSICS] candidate=25 profile=0 cpu_mhz=240 optimization_perf=1 process6=1 fine_bins=5 critical_only=0[0m
[0;32mI (895) pocket_pan_main: [MEM_STAGE] stage=dsp_ready internal_free=142987 largest_internal=49152 psram_free=2094528[0m
[0;32mI (895) gpio: GPIO[10]| InputEn: 0| OutputEn: 1| OpenDrain: 0| Pullup: 0| Pulldown: 1| Intr:0 [0m
[0;32mI (905) AudioI2S: I2S TX initialized (48kHz, 32-bit slot, stereo, 6x128 frames DMA = 1024 bytes/buf)[0m
[0;32mI (925) AudioI2S: Audio task started on Core 0 at priority 12[0m
[0;32mI (925) pocket_pan_main: [MEM_STAGE] stage=i2s_ready internal_free=128255 largest_internal=34816 psram_free=2094528[0m
[0;32mI (935) Display: [DISP_MEM_PRE] before: int_free=128255 int_largest=34816 psram_free=2094528[0m
[0;33mW (945) Display: Internal SRAM (64800 B) exhausted; falling back to PSRAM[0m
[0;32mI (955) Display: [DISP_MEM] framebuffer=0x3c0a0a44 (size=64800, align=4, internal=0, dma=0, psram=1)[0m
[0;32mI (965) Display: [DISP_MEM] scratch=0x3fce0e04 (size=9600, align=4, internal=1, dma=1)[0m
[0;32mI (965) Display: [DISP_MEM] before: int_free=128255 int_largest=34816 psram_free=2094528[0m
[0;32mI (975) Display: [DISP_MEM] after:  int_free=118651 int_largest=31744 psram_free=2029724[0m
[0;32mI (985) gpio: GPIO[39]| InputEn: 0| OutputEn: 1| OpenDrain: 0| Pullup: 0| Pulldown: 0| Intr:0 [0m
[0;32mI (995) gpio: GPIO[40]| InputEn: 0| OutputEn: 1| OpenDrain: 0| Pullup: 0| Pulldown: 0| Intr:0 [0m
[0;32mI (1005) gpio: GPIO[21]| InputEn: 0| OutputEn: 1| OpenDrain: 0| Pullup: 0| Pulldown: 0| Intr:0 [0m
[0;32mI (1235) gpio: GPIO[45]| InputEn: 0| OutputEn: 1| OpenDrain: 0| Pullup: 0| Pulldown: 0| Intr:0 [0m
[0;31mE (1235) lcd_panel.io.spi: panel_io_spi_tx_color(390): spi transmit (queue) color failed[0m
[0;31mE (1235) lcd_panel.st7789: panel_st7789_draw_bitmap(223): io tx color failed[0m
[0;32mI (1245) Display: ST7789 240x135 display initialized successfully (SPI 40MHz, GDMA callback armed)[0m
[0;32mI (1255) pocket_pan_main: [CANARY] PreparedNote canaries OK=1[0m
[0;32mI (1265) pocket_pan_main: [MEM_STAGE] stage=display_ready internal_free=116287 largest_internal=31744 psram_free=2029724[0m
[0;32mI (1275) BLE_INIT: BT controller compile version [ba3b3e3][0m
[0;32mI (1285) BLE_INIT: Bluetooth MAC: b4:3a:45:ae:6f:2a[0m
[0;32mI (1285) phy_init: phy_version 680,a6008b2,Jun  4 2024,16:41:10[0m
[0;32mI (1325) BleMidi: NimBLE BLE MIDI Central initialized and pinned to Core 1[0m
[0;32mI (1325) BleMidi: NimBLE Host task running on Core 1[0m
[0;32mI (1325) pocket_pan_main: [MEM_STAGE] stage=ble_ready internal_free=55991 largest_internal=31744 psram_free=2029724[0m
[0;32mI (1335) NimBLE: Failed to restore IRKs from store; status=8
[0m
[0;32mI (1345) pocket_pan_main: [M75_MEMORY] table_bytes=9640 cache_bytes=60552 synth_bytes=81668 internal_free=55955 largest_internal=31744[0m
[0;32mI (1345) NimBLE: GAP procedure initiated: discovery; [0m
[0;32mI (1355) pocket_pan_main: [UDU_CACHE] compact_bytes=5928 modal_models=9[0m
[0;32mI (1365) NimBLE: own_addr_type=0 filter_policy=0 passive=0 limited=0 filter_duplicates=1 [0m
[0;32mI (1375) pocket_pan_main: [CACHE_LAYOUT] packed=1 storage_bytes=60552 note_scratch_bytes=132[0m
[0;32mI (1385) NimBLE: duration=forever[0m
[0;32mI (1395) pocket_pan_main: [UDU_STATE] voice_bytes=124 fixed_reference=0[0m
[0;32mI (1395) NimBLE: 
[0m
[0;32mI (1405) pocket_pan_main: [MEM_STAGE] stage=ui_ready internal_free=51511 largest_internal=31744 psram_free=2029724[0m
[0;32mI (1405) BleMidi: Scanning for BLE MIDI devices...[0m
[0;32mI (1405) gpio: GPIO[0]| InputEn: 1| OutputEn: 0| OpenDrain: 0| Pullup: 1| Pulldown: 0| Intr:0 [0m
[0;32mI (1415) pocket_pan_main: Pocket Pan initialization complete. Realtime audio active.[0m
[0;32mI (1435) main_task: Returned from app_main()[0m
[0;31mE (1445) lcd_panel.io.spi: panel_io_spi_tx_color(390): spi transmit (queue) color failed[0m
[0;31mE (1455) lcd_panel.st7789: panel_st7789_draw_bitmap(223): io tx color failed[0m
[0;31mE (1465) lcd_panel.io.spi: panel_io_spi_tx_color(390): spi transmit (queue) color failed[0m
[0;31mE (1465) lcd_panel.st7789: panel_st7789_draw_bitmap(223): io tx color failed[0m
[0;32mI (1475) BleMidi: BLE MIDI device found (59:FB:B6:B7:BF:0F); connecting[0m
[0;32mI (1485) NimBLE: GAP procedure initiated: connect; [0m
[0;32mI (1495) NimBLE: peer_addr_type=0 peer_addr=[0m
[0;32mI (1495) NimBLE: 59:fb:b6:b7:bf:0f[0m
[0;32mI (1495) NimBLE:  scan_itvl=16 scan_window=16 itvl_min=24 itvl_max=40 latency=0 supervision_timeout=256 min_ce_len=0 max_ce_len=0 own_addr_type=0[0m
[0;32mI (1515) NimBLE: 
[0m
[0;31mE (1545) lcd_panel.io.spi: panel_io_spi_tx_color(390): spi transmit (queue) color failed[0m
[0;31mE (1545) lcd_panel.st7789: panel_st7789_draw_bitmap(223): io tx color failed[0m
[0;32mI (1685) BleMidi: BLE Connected! conn_handle=1[0m
[0;32mI (1685) NimBLE: GAP procedure initiated: [0m
[0;32mI (1685) NimBLE: connection parameter update; conn_handle=1 itvl_min=6 itvl_max=12 latency=0 supervision_timeout=200 min_ce_len=0 max_ce_len=0[0m
[0;32mI (1695) NimBLE: 
[0m
[0;32mI (1695) BleMidi: Requested connection params 7.5-15ms latency=0 timeout=2s rc=0[0m
[0;32mI (1705) NimBLE: GATT procedure initiated: discover all services
[0m
[0;32mI (1985) BleMidi: Found BLE MIDI Service! start_handle=112 end_handle=115[0m
[0;32mI (1985) NimBLE: GATT procedure initiated: discover all characteristics; [0m
[0;32mI (1985) NimBLE: start_handle=112 end_handle=115
[0m
[0;32mI (2085) BleMidi: Found BLE MIDI Characteristic! def_handle=113 val_handle=114 props=0x16[0m
[0;32mI (2085) NimBLE: GATT procedure initiated: discover all descriptors; [0m
[0;32mI (2085) NimBLE: chr_val_handle=114 end_handle=115
[0m
[0;32mI (2175) BleMidi: Discovered CCCD (0x2902) handle=115[0m
[0;32mI (2185) NimBLE: GATT procedure initiated: write; [0m
[0;32mI (2185) NimBLE: att_handle=115 len=2
[0m
[0;32mI (2225) BleMidi: Negotiated params interval=7.50ms latency=0 timeout=2000ms[0m
[0;32mI (2245) BleMidi: CCCD subscription successful; BLE MIDI ready[0m
[0;32mI (2245) NimBLE: GAP procedure initiated: [0m
[0;32mI (2245) NimBLE: connection parameter update; conn_handle=1 itvl_min=6 itvl_max=9 latency=0 supervision_timeout=100 min_ce_len=0 max_ce_len=0[0m
[0;32mI (2255) NimBLE: 
[0m
[0;32mI (2335) BleMidi: Negotiated params interval=11.25ms latency=0 timeout=1000ms[0m
[0;32mI (5815) pocket_pan_main: [AUDIO] model=PAN blocks=1834 avg_us=509 p99_us=0 max_us=862 cpu_load=19.1 deadline=0 timeout=0 tx_error=0 short=0[0m
[0;32mI (5815) pocket_pan_main: [MIDI] push=0 pop=0 drop=0 hwm=0 last=(n=62 v=0 t=78 hex=000000)[0m
[0;32mI (5825) pocket_pan_main: [BLE] state=8 interval_ms=11.25 latency=0 rssi=-58 reconnects=0 last_disconnect=0[0m
[0;32mI (5835) pocket_pan_main: [MEM] internal_free=56287 largest_internal=31744[0m
[0;32mI (5845) pocket_pan_main: [UIREDRAW] urgent=8 telemetry=18 skip=117[0m
[0;32mI (10825) pocket_pan_main: [AUDIO] model=PAN blocks=3714 avg_us=512 p99_us=700 max_us=862 cpu_load=19.2 deadline=0 timeout=0 tx_error=0 short=0[0m
[0;32mI (10825) pocket_pan_main: [MIDI] push=0 pop=0 drop=0 hwm=0 last=(n=62 v=0 t=78 hex=000000)[0m
[0;32mI (10835) pocket_pan_main: [BLE] state=8 interval_ms=11.25 latency=0 rssi=-58 reconnects=0 last_disconnect=0[0m
[0;32mI (10845) pocket_pan_main: [MEM] internal_free=56287 largest_internal=31744[0m
[0;32mI (10855) pocket_pan_main: [UIREDRAW] urgent=8 telemetry=41 skip=260[0m
[0;32mI (13205) forensics: [SAFETY] fixture=0 hard=0 sat=0 nonfinite=0 ble_lost=0[0m
[0;32mI (13205) forensics: [EVENT_ONLY] fixture=0 n=22 avg_us=72.45 max_us=81[0m
[0;32mI (13205) forensics: [FIXTURE_IO] model=PAN fixture=0 avg_us=512 p99_us=700 max_us=862 cpu_pct=19.20 deadline=0 timeouts=0 tx_errors=0 short_writes=0[0m
[0;32mI (13225) forensics: [CURVE] model=PAN fixture=0 voices=1 class=true_steady n=4051 avg_us=505.87 p95_us=520 p99_us=665 p995_us=670 p999_us=710 max_us=807 deadline=0 bad_voices=0 ble_lost=0 hard=0 sat=0 bin_us=5 max_observed_voices=1[0m
[0;32mI (13245) forensics: [HIST] fixture=0 class=true_steady lower_us=495 n=3419[0m
[0;32mI (13255) forensics: [HIST] fixture=0 class=true_steady lower_us=500 n=354[0m
[0;32mI (13255) forensics: [HIST] fixture=0 class=true_steady lower_us=505 n=41[0m
[0;32mI (13265) forensics: [HIST] fixture=0 class=true_steady lower_us=510 n=21[0m
[0;32mI (13275) forensics: [HIST] fixture=0 class=true_steady lower_us=515 n=15[0m
[0;32mI (13285) forensics: [HIST] fixture=0 class=true_steady lower_us=520 n=9[0m
[0;32mI (13285) forensics: [HIST] fixture=0 class=true_steady lower_us=545 n=1[0m
[0;32mI (13295) forensics: [HIST] fixture=0 class=true_steady lower_us=585 n=1[0m
[0;32mI (13305) forensics: [HIST] fixture=0 class=true_steady lower_us=640 n=2[0m
[0;32mI (13315) forensics: [HIST] fixture=0 class=true_steady lower_us=645 n=3[0m
[0;32mI (13315) forensics: [HIST] fixture=0 class=true_steady lower_us=650 n=103[0m
[0;32mI (13325) forensics: [HIST] fixture=0 class=true_steady lower_us=655 n=36[0m
[0;32mI (13335) forensics: [HIST] fixture=0 class=true_steady lower_us=660 n=20[0m
[0;32mI (13345) forensics: [HIST] fixture=0 class=true_steady lower_us=665 n=12[0m
[0;32mI (13345) forensics: [HIST] fixture=0 class=true_steady lower_us=670 n=5[0m
[0;32mI (13355) forensics: [HIST] fixture=0 class=true_steady lower_us=675 n=2[0m
[0;32mI (13365) forensics: [HIST] fixture=0 class=true_steady lower_us=680 n=1[0m
[0;32mI (13365) forensics: [HIST] fixture=0 class=true_steady lower_us=690 n=1[0m
[0;32mI (13375) forensics: [HIST] fixture=0 class=true_steady lower_us=705 n=1[0m
[0;32mI (13385) forensics: [HIST] fixture=0 class=true_steady lower_us=720 n=2[0m
[0;32mI (13395) forensics: [HIST] fixture=0 class=true_steady lower_us=725 n=1[0m
[0;32mI (13395) forensics: [HIST] fixture=0 class=true_steady lower_us=805 n=1[0m
[0;32mI (13405) forensics: [CALLBACK_CURVE] model=PAN fixture=0 voices=1 class=true_steady n=4050 avg_us=518.77 p95_us=625 p99_us=680 p995_us=705 p999_us=790 max_us=845 deadline=0 overhead_avg_us=12.90[0m
[0;32mI (13425) forensics: [CALLBACK_HIST] fixture=0 class=true_steady lower_us=505 n=2913[0m
[0;32mI (13435) forensics: [CALLBACK_HIST] fixture=0 class=true_steady lower_us=510 n=379[0m
[0;32mI (13445) forensics: [CALLBACK_HIST] fixture=0 class=true_steady lower_us=515 n=205[0m
[0;32mI (13445) forensics: [CALLBACK_HIST] fixture=0 class=true_steady lower_us=520 n=133[0m
[0;32mI (13455) forensics: [CALLBACK_HIST] fixture=0 class=true_steady lower_us=525 n=58[0m
[0;32mI (13465) forensics: [CALLBACK_HIST] fixture=0 class=true_steady lower_us=530 n=21[0m
[0;32mI (13475) forensics: [CALLBACK_HIST] fixture=0 class=true_steady lower_us=535 n=17[0m
[0;32mI (13485) forensics: [CALLBACK_HIST] fixture=0 class=true_steady lower_us=540 n=18[0m
[0;32mI (13495) forensics: [CALLBACK_HIST] fixture=0 class=true_steady lower_us=545 n=8[0m
[0;32mI (13495) forensics: [CALLBACK_HIST] fixture=0 class=true_steady lower_us=550 n=13[0m
[0;32mI (13505) forensics: [CALLBACK_HIST] fixture=0 class=true_steady lower_us=555 n=17[0m
[0;32mI (13515) forensics: [CALLBACK_HIST] fixture=0 class=true_steady lower_us=560 n=7[0m
[0;32mI (13525) forensics: [CALLBACK_HIST] fixture=0 class=true_steady lower_us=565 n=7[0m
[0;32mI (13535) forensics: [CALLBACK_HIST] fixture=0 class=true_steady lower_us=570 n=3[0m
[0;32mI (13545) forensics: [CALLBACK_HIST] fixture=0 class=true_steady lower_us=575 n=9[0m
[0;32mI (13545) forensics: [CALLBACK_HIST] fixture=0 class=true_steady lower_us=580 n=8[0m
[0;32mI (13555) forensics: [CALLBACK_HIST] fixture=0 class=true_steady lower_us=585 n=3[0m
[0;32mI (13565) forensics: [CALLBACK_HIST] fixture=0 class=true_steady lower_us=590 n=6[0m
[0;32mI (13575) forensics: [CALLBACK_HIST] fixture=0 class=true_steady lower_us=595 n=5[0m
[0;32mI (13585) forensics: [CALLBACK_HIST] fixture=0 class=true_steady lower_us=600 n=3[0m
[0;32mI (13585) forensics: [CALLBACK_HIST] fixture=0 class=true_steady lower_us=605 n=3[0m
[0;32mI (13595) forensics: [CALLBACK_HIST] fixture=0 class=true_steady lower_us=610 n=3[0m
[0;32mI (13605) forensics: [CALLBACK_HIST] fixture=0 class=true_steady lower_us=615 n=7[0m
[0;32mI (13615) forensics: [CALLBACK_HIST] fixture=0 class=true_steady lower_us=620 n=3[0m
[0;32mI (13625) forensics: [CALLBACK_HIST] fixture=0 class=true_steady lower_us=625 n=4[0m
[0;32mI (13625) forensics: [CALLBACK_HIST] fixture=0 class=true_steady lower_us=630 n=1[0m
[0;32mI (13635) forensics: [CALLBACK_HIST] fixture=0 class=true_steady lower_us=635 n=1[0m
[0;32mI (13645) forensics: [CALLBACK_HIST] fixture=0 class=true_steady lower_us=650 n=1[0m
[0;32mI (13655) forensics: [CALLBACK_HIST] fixture=0 class=true_steady lower_us=655 n=1[0m
[0;32mI (13665) forensics: [CALLBACK_HIST] fixture=0 class=true_steady lower_us=660 n=97[0m
[0;32mI (13675) forensics: [CALLBACK_HIST] fixture=0 class=true_steady lower_us=665 n=32[0m
[0;32mI (13675) forensics: [CALLBACK_HIST] fixture=0 class=true_steady lower_us=670 n=20[0m
[0;32mI (13685) forensics: [CALLBACK_HIST] fixture=0 class=true_steady lower_us=675 n=10[0m
[0;32mI (13695) forensics: [CALLBACK_HIST] fixture=0 class=true_steady lower_us=680 n=7[0m
[0;32mI (13705) forensics: [CALLBACK_HIST] fixture=0 class=true_steady lower_us=685 n=2[0m
[0;32mI (13715) forensics: [CALLBACK_HIST] fixture=0 class=true_steady lower_us=690 n=3[0m
[0;32mI (13715) forensics: [CALLBACK_HIST] fixture=0 class=true_steady lower_us=695 n=1[0m
[0;32mI (13725) forensics: [CALLBACK_HIST] fixture=0 class=true_steady lower_us=700 n=5[0m
[0;32mI (13735) forensics: [CALLBACK_HIST] fixture=0 class=true_steady lower_us=705 n=2[0m
[0;32mI (13745) forensics: [CALLBACK_HIST] fixture=0 class=true_steady lower_us=710 n=2[0m
[0;32mI (13755) forensics: [CALLBACK_HIST] fixture=0 class=true_steady lower_us=715 n=1[0m
[0;32mI (13765) forensics: [CALLBACK_HIST] fixture=0 class=true_steady lower_us=720 n=1[0m
[0;32mI (13765) forensics: [CALLBACK_HIST] fixture=0 class=true_steady lower_us=725 n=1[0m
[0;32mI (13775) forensics: [CALLBACK_HIST] fixture=0 class=true_steady lower_us=735 n=1[0m
[0;32mI (13785) forensics: [CALLBACK_HIST] fixture=0 class=true_steady lower_us=750 n=1[0m
[0;32mI (13795) forensics: [CALLBACK_HIST] fixture=0 class=true_steady lower_us=770 n=1[0m
[0;32mI (13805) forensics: [CALLBACK_HIST] fixture=0 class=true_steady lower_us=780 n=1[0m
[0;32mI (13805) forensics: [CALLBACK_HIST] fixture=0 class=true_steady lower_us=785 n=1[0m
[0;32mI (13815) forensics: [CALLBACK_HIST] fixture=0 class=true_steady lower_us=815 n=1[0m
[0;32mI (13825) forensics: [CALLBACK_HIST] fixture=0 class=true_steady lower_us=825 n=1[0m
[0;32mI (13835) forensics: [CALLBACK_HIST] fixture=0 class=true_steady lower_us=840 n=1[0m
[0;32mI (13845) forensics: [CALLBACK_HIST] fixture=0 class=true_steady lower_us=845 n=1[0m
[0;32mI (13855) forensics: [CURVE] model=PAN fixture=0 voices=1 class=attack_tail n=22 avg_us=562.52 p95_us=570 p99_us=570 p995_us=570 p999_us=570 max_us=567 deadline=0 bad_voices=0 ble_lost=0 hard=0 sat=0 bin_us=5 max_observed_voices=1[0m
[0;32mI (13875) forensics: [HIST] fixture=0 class=attack_tail lower_us=555 n=2[0m
[0;32mI (13875) forensics: [HIST] fixture=0 class=attack_tail lower_us=560 n=15[0m
[0;32mI (13885) forensics: [HIST] fixture=0 class=attack_tail lower_us=565 n=5[0m
[0;32mI (13895) forensics: [CALLBACK_CURVE] model=PAN fixture=0 voices=1 class=attack_tail n=22 avg_us=581.14 p95_us=595 p99_us=595 p995_us=595 p999_us=595 max_us=593 deadline=0 overhead_avg_us=18.62[0m
[0;32mI (13915) forensics: [CALLBACK_HIST] fixture=0 class=attack_tail lower_us=570 n=4[0m
[0;32mI (13915) forensics: [CALLBACK_HIST] fixture=0 class=attack_tail lower_us=575 n=5[0m
[0;32mI (13925) forensics: [CALLBACK_HIST] fixture=0 class=attack_tail lower_us=580 n=7[0m
[0;32mI (13935) forensics: [CALLBACK_HIST] fixture=0 class=attack_tail lower_us=585 n=4[0m
[0;32mI (13945) forensics: [CALLBACK_HIST] fixture=0 class=attack_tail lower_us=590 n=2[0m
[0;32mI (13955) forensics: [CURVE] model=PAN fixture=0 voices=1 class=event n=22 avg_us=685.29 p95_us=700 p99_us=710 p995_us=710 p999_us=710 max_us=707 deadline=0 bad_voices=0 ble_lost=0 hard=0 sat=0 bin_us=5 max_observed_voices=1[0m
[0;32mI (13975) forensics: [HIST] fixture=0 class=event lower_us=645 n=1[0m
[0;32mI (13975) forensics: [HIST] fixture=0 class=event lower_us=675 n=4[0m
[0;32mI (13985) forensics: [HIST] fixture=0 class=event lower_us=680 n=5[0m
[0;32mI (13995) forensics: [HIST] fixture=0 class=event lower_us=685 n=4[0m
[0;32mI (14005) forensics: [HIST] fixture=0 class=event lower_us=690 n=5[0m
[0;32mI (14005) forensics: [HIST] fixture=0 class=event lower_us=695 n=2[0m
[0;32mI (14015) forensics: [HIST] fixture=0 class=event lower_us=705 n=1[0m
[0;32mI (14025) forensics: [CALLBACK_CURVE] model=PAN fixture=0 voices=1 class=event n=22 avg_us=747.77 p95_us=825 p99_us=830 p995_us=830 p999_us=830 max_us=825 deadline=0 overhead_avg_us=62.48[0m
[0;32mI (14035) forensics: [CALLBACK_HIST] fixture=0 class=event lower_us=700 n=1[0m
[0;32mI (14045) forensics: [CALLBACK_HIST] fixture=0 class=event lower_us=720 n=1[0m
[0;32mI (14055) forensics: [CALLBACK_HIST] fixture=0 class=event lower_us=725 n=1[0m
[0;32mI (14065) forensics: [CALLBACK_HIST] fixture=0 class=event lower_us=730 n=5[0m
[0;32mI (14065) forensics: [CALLBACK_HIST] fixture=0 class=event lower_us=740 n=5[0m
[0;32mI (14075) forensics: [CALLBACK_HIST] fixture=0 class=event lower_us=745 n=3[0m
[0;32mI (14085) forensics: [CALLBACK_HIST] fixture=0 class=event lower_us=750 n=2[0m
[0;32mI (14095) forensics: [CALLBACK_HIST] fixture=0 class=event lower_us=755 n=1[0m
[0;32mI (14095) forensics: [CALLBACK_HIST] fixture=0 class=event lower_us=770 n=1[0m
[0;32mI (14105) forensics: [CALLBACK_HIST] fixture=0 class=event lower_us=820 n=1[0m
[0;32mI (14115) forensics: [CALLBACK_HIST] fixture=0 class=event lower_us=825 n=1[0m
[0;32mI (14125) forensics: [CURVE] model=PAN fixture=0 voices=1 class=fixture_transition n=1 avg_us=749.70 p95_us=755 p99_us=755 p995_us=755 p999_us=755 max_us=750 deadline=0 bad_voices=0 ble_lost=0 hard=0 sat=0 bin_us=5 max_observed_voices=1[0m
[0;32mI (14145) forensics: [HIST] fixture=0 class=fixture_transition lower_us=750 n=1[0m
[0;32mI (14155) forensics: [CALLBACK_CURVE] model=PAN fixture=0 voices=1 class=fixture_transition n=1 avg_us=862.00 p95_us=865 p99_us=865 p995_us=865 p999_us=865 max_us=862 deadline=0 overhead_avg_us=112.30[0m
[0;32mI (14175) forensics: [CALLBACK_HIST] fixture=0 class=fixture_transition lower_us=860 n=1[0m
[0;32mI (14175) forensics: [FASTPATH] fixture=0 stable8=0 attack=0[0m
[0;32mI (14185) forensics: [OVERHEAD] fixture=0 blocks=4603 model_reset_avg_us=1.50 model_reset_max_us=52 queue_avg_us=2.09 queue_max_us=36 render_avg_us=455.62 telem_avg_us=2.79 telem_max_us=140 telem_publishes=575[0m
[0;32mI (15825) pocket_pan_main: [AUDIO] model=PAN blocks=5589 avg_us=1148 p99_us=0 max_us=1737 cpu_load=43.0 deadline=0 timeout=0 tx_error=0 short=0[0m
[0;32mI (15825) pocket_pan_main: [MIDI] push=0 pop=0 drop=0 hwm=0 last=(n=62 v=0 t=78 hex=000000)[0m
[0;32mI (15835) pocket_pan_main: [BLE] state=8 interval_ms=11.25 latency=0 rssi=-58 reconnects=0 last_disconnect=0[0m
[0;32mI (15845) pocket_pan_main: [MEM] internal_free=56287 largest_internal=31744[0m
[0;32mI (15855) pocket_pan_main: [UIREDRAW] urgent=9 telemetry=59 skip=373[0m
[0;32mI (20845) pocket_pan_main: [AUDIO] model=PAN blocks=7470 avg_us=1144 p99_us=1375 max_us=1737 cpu_load=42.9 deadline=0 timeout=0 tx_error=0 short=0[0m
[0;32mI (20845) pocket_pan_main: [MIDI] push=0 pop=0 drop=0 hwm=0 last=(n=62 v=0 t=78 hex=000000)[0m
[0;32mI (20855) pocket_pan_main: [BLE] state=8 interval_ms=11.25 latency=0 rssi=-59 reconnects=0 last_disconnect=0[0m
[0;32mI (20865) pocket_pan_main: [MEM] internal_free=56287 largest_internal=31744[0m
[0;32mI (20875) pocket_pan_main: [UIREDRAW] urgent=9 telemetry=83 skip=515[0m
[0;32mI (24145) forensics: [SAFETY] fixture=1 hard=0 sat=0 nonfinite=0 ble_lost=0[0m
[0;32mI (24145) forensics: [EVENT_ONLY] fixture=1 n=22 avg_us=98.39 max_us=106[0m
[0;32mI (24145) forensics: [FIXTURE_IO] model=PAN fixture=1 avg_us=1158 p99_us=1375 max_us=1786 cpu_pct=43.42 deadline=0 timeouts=0 tx_errors=0 short_writes=0[0m
[0;32mI (24165) forensics: [CURVE] model=PAN fixture=1 voices=4 class=true_steady n=4051 avg_us=1139.20 p95_us=1175 p99_us=1210 p995_us=1235 p999_us=1295 max_us=1357 deadline=0 bad_voices=0 ble_lost=0 hard=0 sat=0 bin_us=5 max_observed_voices=4[0m
[0;32mI (24185) forensics: [HIST] fixture=1 class=true_steady lower_us=1120 n=807[0m
[0;32mI (24195) forensics: [HIST] fixture=1 class=true_steady lower_us=1125 n=1061[0m
[0;32mI (24205) forensics: [HIST] fixture=1 class=true_steady lower_us=1130 n=474[0m
[0;32mI (24205) forensics: [HIST] fixture=1 class=true_steady lower_us=1135 n=270[0m
[0;32mI (24215) forensics: [HIST] fixture=1 class=true_steady lower_us=1140 n=337[0m
[0;32mI (24225) forensics: [HIST] fixture=1 class=true_steady lower_us=1145 n=235[0m
[0;32mI (24235) forensics: [HIST] fixture=1 class=true_steady lower_us=1150 n=159[0m
[0;32mI (24235) forensics: [HIST] fixture=1 class=true_steady lower_us=1155 n=154[0m
[0;32mI (24245) forensics: [HIST] fixture=1 class=true_steady lower_us=1160 n=110[0m
[0;32mI (24255) forensics: [HIST] fixture=1 class=true_steady lower_us=1165 n=148[0m
[0;32mI (24265) forensics: [HIST] fixture=1 class=true_steady lower_us=1170 n=101[0m
[0;32mI (24265) forensics: [HIST] fixture=1 class=true_steady lower_us=1175 n=39[0m
[0;32mI (24275) forensics: [HIST] fixture=1 class=true_steady lower_us=1180 n=38[0m
[0;32mI (24285) forensics: [HIST] fixture=1 class=true_steady lower_us=1185 n=24[0m
[0;32mI (24295) forensics: [HIST] fixture=1 class=true_steady lower_us=1190 n=22[0m
[0;32mI (24295) forensics: [HIST] fixture=1 class=true_steady lower_us=1195 n=14[0m
[0;32mI (24305) forensics: [HIST] fixture=1 class=true_steady lower_us=1200 n=11[0m
[0;32mI (24315) forensics: [HIST] fixture=1 class=true_steady lower_us=1205 n=10[0m
[0;32mI (24325) forensics: [HIST] fixture=1 class=true_steady lower_us=1210 n=4[0m
[0;32mI (24335) forensics: [HIST] fixture=1 class=true_steady lower_us=1215 n=4[0m
[0;32mI (24335) forensics: [HIST] fixture=1 class=true_steady lower_us=1220 n=2[0m
[0;32mI (24345) forensics: [HIST] fixture=1 class=true_steady lower_us=1225 n=2[0m
[0;32mI (24355) forensics: [HIST] fixture=1 class=true_steady lower_us=1230 n=5[0m
[0;32mI (24355) forensics: [HIST] fixture=1 class=true_steady lower_us=1240 n=6[0m
[0;32mI (24365) forensics: [HIST] fixture=1 class=true_steady lower_us=1250 n=2[0m
[0;32mI (24375) forensics: [HIST] fixture=1 class=true_steady lower_us=1265 n=1[0m
[0;32mI (24385) forensics: [HIST] fixture=1 class=true_steady lower_us=1280 n=1[0m
[0;32mI (24385) forensics: [HIST] fixture=1 class=true_steady lower_us=1285 n=3[0m
[0;32mI (24395) forensics: [HIST] fixture=1 class=true_steady lower_us=1290 n=3[0m
[0;32mI (24405) forensics: [HIST] fixture=1 class=true_steady lower_us=1300 n=1[0m
[0;32mI (24415) forensics: [HIST] fixture=1 class=true_steady lower_us=1315 n=1[0m
[0;32mI (24415) forensics: [HIST] fixture=1 class=true_steady lower_us=1320 n=1[0m
[0;32mI (24425) forensics: [HIST] fixture=1 class=true_steady lower_us=1355 n=1[0m
[0;32mI (24435) forensics: [CALLBACK_CURVE] model=PAN fixture=1 voices=4 class=true_steady n=4051 avg_us=1154.00 p95_us=1205 p99_us=1285 p995_us=1320 p999_us=1395 max_us=1473 deadline=0 overhead_avg_us=14.80[0m
[0;32mI (24455) forensics: [CALLBACK_HIST] fixture=1 class=true_steady lower_us=520 n=1[0m
[0;32mI (24465) forensics: [CALLBACK_HIST] fixture=1 class=true_steady lower_us=1130 n=735[0m
[0;32mI (24465) forensics: [CALLBACK_HIST] fixture=1 class=true_steady lower_us=1135 n=920[0m
[0;32mI (24475) forensics: [CALLBACK_HIST] fixture=1 class=true_steady lower_us=1140 n=527[0m
[0;32mI (24485) forensics: [CALLBACK_HIST] fixture=1 class=true_steady lower_us=1145 n=244[0m
[0;32mI (24495) forensics: [CALLBACK_HIST] fixture=1 class=true_steady lower_us=1150 n=276[0m
[0;32mI (24505) forensics: [CALLBACK_HIST] fixture=1 class=true_steady lower_us=1155 n=210[0m
[0;32mI (24515) forensics: [CALLBACK_HIST] fixture=1 class=true_steady lower_us=1160 n=149[0m
[0;32mI (24525) forensics: [CALLBACK_HIST] fixture=1 class=true_steady lower_us=1165 n=137[0m
[0;32mI (24525) forensics: [CALLBACK_HIST] fixture=1 class=true_steady lower_us=1170 n=151[0m
[0;32mI (24535) forensics: [CALLBACK_HIST] fixture=1 class=true_steady lower_us=1175 n=168[0m
[0;32mI (24545) forensics: [CALLBACK_HIST] fixture=1 class=true_steady lower_us=1180 n=134[0m
[0;32mI (24555) forensics: [CALLBACK_HIST] fixture=1 class=true_steady lower_us=1185 n=67[0m
[0;32mI (24565) forensics: [CALLBACK_HIST] fixture=1 class=true_steady lower_us=1190 n=65[0m
[0;32mI (24575) forensics: [CALLBACK_HIST] fixture=1 class=true_steady lower_us=1195 n=49[0m
[0;32mI (24575) forensics: [CALLBACK_HIST] fixture=1 class=true_steady lower_us=1200 n=33[0m
[0;32mI (24585) forensics: [CALLBACK_HIST] fixture=1 class=true_steady lower_us=1205 n=24[0m
[0;32mI (24595) forensics: [CALLBACK_HIST] fixture=1 class=true_steady lower_us=1210 n=24[0m
[0;32mI (24605) forensics: [CALLBACK_HIST] fixture=1 class=true_steady lower_us=1215 n=16[0m
[0;32mI (24615) forensics: [CALLBACK_HIST] fixture=1 class=true_steady lower_us=1220 n=6[0m
[0;32mI (24625) forensics: [CALLBACK_HIST] fixture=1 class=true_steady lower_us=1225 n=14[0m
[0;32mI (24625) forensics: [CALLBACK_HIST] fixture=1 class=true_steady lower_us=1230 n=11[0m
[0;32mI (24635) forensics: [CALLBACK_HIST] fixture=1 class=true_steady lower_us=1235 n=8[0m
[0;32mI (24645) forensics: [CALLBACK_HIST] fixture=1 class=true_steady lower_us=1240 n=7[0m
[0;32mI (24655) forensics: [CALLBACK_HIST] fixture=1 class=true_steady lower_us=1245 n=3[0m
[0;32mI (24665) forensics: [CALLBACK_HIST] fixture=1 class=true_steady lower_us=1250 n=6[0m
[0;32mI (24675) forensics: [CALLBACK_HIST] fixture=1 class=true_steady lower_us=1255 n=5[0m
[0;32mI (24675) forensics: [CALLBACK_HIST] fixture=1 class=true_steady lower_us=1260 n=7[0m
[0;32mI (24685) forensics: [CALLBACK_HIST] fixture=1 class=true_steady lower_us=1265 n=1[0m
[0;32mI (24695) forensics: [CALLBACK_HIST] fixture=1 class=true_steady lower_us=1270 n=3[0m
[0;32mI (24705) forensics: [CALLBACK_HIST] fixture=1 class=true_steady lower_us=1275 n=5[0m
[0;32mI (24715) forensics: [CALLBACK_HIST] fixture=1 class=true_steady lower_us=1280 n=5[0m
[0;32mI (24715) forensics: [CALLBACK_HIST] fixture=1 class=true_steady lower_us=1285 n=1[0m
[0;32mI (24725) forensics: [CALLBACK_HIST] fixture=1 class=true_steady lower_us=1290 n=2[0m
[0;32mI (24735) forensics: [CALLBACK_HIST] fixture=1 class=true_steady lower_us=1295 n=2[0m
[0;32mI (24745) forensics: [CALLBACK_HIST] fixture=1 class=true_steady lower_us=1300 n=6[0m
[0;32mI (24755) forensics: [CALLBACK_HIST] fixture=1 class=true_steady lower_us=1305 n=7[0m
[0;32mI (24765) forensics: [CALLBACK_HIST] fixture=1 class=true_steady lower_us=1310 n=1[0m
[0;32mI (24765) forensics: [CALLBACK_HIST] fixture=1 class=true_steady lower_us=1315 n=2[0m
[0;32mI (24775) forensics: [CALLBACK_HIST] fixture=1 class=true_steady lower_us=1320 n=3[0m
[0;32mI (24785) forensics: [CALLBACK_HIST] fixture=1 class=true_steady lower_us=1325 n=1[0m
[0;32mI (24795) forensics: [CALLBACK_HIST] fixture=1 class=true_steady lower_us=1330 n=1[0m
[0;32mI (24805) forensics: [CALLBACK_HIST] fixture=1 class=true_steady lower_us=1340 n=3[0m
[0;32mI (24815) forensics: [CALLBACK_HIST] fixture=1 class=true_steady lower_us=1345 n=2[0m
[0;32mI (24815) forensics: [CALLBACK_HIST] fixture=1 class=true_steady lower_us=1350 n=1[0m
[0;32mI (24825) forensics: [CALLBACK_HIST] fixture=1 class=true_steady lower_us=1355 n=1[0m
[0;32mI (24835) forensics: [CALLBACK_HIST] fixture=1 class=true_steady lower_us=1365 n=1[0m
[0;32mI (24845) forensics: [CALLBACK_HIST] fixture=1 class=true_steady lower_us=1370 n=1[0m
[0;32mI (24855) forensics: [CALLBACK_HIST] fixture=1 class=true_steady lower_us=1390 n=2[0m
[0;32mI (24855) forensics: [CALLBACK_HIST] fixture=1 class=true_steady lower_us=1395 n=1[0m
[0;32mI (24865) forensics: [CALLBACK_HIST] fixture=1 class=true_steady lower_us=1455 n=1[0m
[0;32mI (24875) forensics: [CALLBACK_HIST] fixture=1 class=true_steady lower_us=1470 n=1[0m
[0;32mI (24885) forensics: [CURVE] model=PAN fixture=1 voices=4 class=attack_tail n=22 avg_us=1394.76 p95_us=1470 p99_us=1470 p995_us=1470 p999_us=1470 max_us=1468 deadline=0 bad_voices=0 ble_lost=0 hard=0 sat=0 bin_us=5 max_observed_voices=4[0m
[0;32mI (24905) forensics: [HIST] fixture=1 class=attack_tail lower_us=1375 n=5[0m
[0;32mI (24915) forensics: [HIST] fixture=1 class=attack_tail lower_us=1380 n=4[0m
[0;32mI (24925) forensics: [HIST] fixture=1 class=attack_tail lower_us=1385 n=6[0m
[0;32mI (24925) forensics: [HIST] fixture=1 class=attack_tail lower_us=1390 n=2[0m
[0;32mI (24935) forensics: [HIST] fixture=1 class=attack_tail lower_us=1395 n=2[0m
[0;32mI (24945) forensics: [HIST] fixture=1 class=attack_tail lower_us=1445 n=1[0m
[0;32mI (24955) forensics: [HIST] fixture=1 class=attack_tail lower_us=1465 n=2[0m
[0;32mI (24955) forensics: [CALLBACK_CURVE] model=PAN fixture=1 voices=4 class=attack_tail n=22 avg_us=1421.77 p95_us=1540 p99_us=1600 p995_us=1600 p999_us=1600 max_us=1597 deadline=0 overhead_avg_us=27.01[0m
[0;32mI (24975) forensics: [CALLBACK_HIST] fixture=1 class=attack_tail lower_us=1385 n=2[0m
[0;32mI (24985) forensics: [CALLBACK_HIST] fixture=1 class=attack_tail lower_us=1390 n=1[0m
[0;32mI (24995) forensics: [CALLBACK_HIST] fixture=1 class=attack_tail lower_us=1395 n=5[0m
[0;32mI (25005) forensics: [CALLBACK_HIST] fixture=1 class=attack_tail lower_us=1400 n=7[0m
[0;32mI (25005) forensics: [CALLBACK_HIST] fixture=1 class=attack_tail lower_us=1410 n=1[0m
[0;32mI (25015) forensics: [CALLBACK_HIST] fixture=1 class=attack_tail lower_us=1420 n=1[0m
[0;32mI (25025) forensics: [CALLBACK_HIST] fixture=1 class=attack_tail lower_us=1425 n=1[0m
[0;32mI (25035) forensics: [CALLBACK_HIST] fixture=1 class=attack_tail lower_us=1435 n=1[0m
[0;32mI (25045) forensics: [CALLBACK_HIST] fixture=1 class=attack_tail lower_us=1470 n=1[0m
[0;32mI (25055) forensics: [CALLBACK_HIST] fixture=1 class=attack_tail lower_us=1535 n=1[0m
[0;32mI (25055) forensics: [CALLBACK_HIST] fixture=1 class=attack_tail lower_us=1595 n=1[0m
[0;32mI (25065) forensics: [CURVE] model=PAN fixture=1 voices=4 class=event n=22 avg_us=1617.16 p95_us=1680 p99_us=1680 p995_us=1680 p999_us=1680 max_us=1678 deadline=0 bad_voices=0 ble_lost=0 hard=0 sat=0 bin_us=5 max_observed_voices=4[0m
[0;32mI (25085) forensics: [HIST] fixture=1 class=event lower_us=1585 n=1[0m
[0;32mI (25095) forensics: [HIST] fixture=1 class=event lower_us=1590 n=2[0m
[0;32mI (25105) forensics: [HIST] fixture=1 class=event lower_us=1595 n=2[0m
[0;32mI (25105) forensics: [HIST] fixture=1 class=event lower_us=1600 n=2[0m
[0;32mI (25115) forensics: [HIST] fixture=1 class=event lower_us=1605 n=3[0m
[0;32mI (25125) forensics: [HIST] fixture=1 class=event lower_us=1610 n=2[0m
[0;32mI (25135) forensics: [HIST] fixture=1 class=event lower_us=1615 n=2[0m
[0;32mI (25135) forensics: [HIST] fixture=1 class=event lower_us=1620 n=4[0m
[0;32mI (25145) forensics: [HIST] fixture=1 class=event lower_us=1635 n=1[0m
[0;32mI (25155) forensics: [HIST] fixture=1 class=event lower_us=1665 n=1[0m
[0;32mI (25155) forensics: [HIST] fixture=1 class=event lower_us=1675 n=2[0m
[0;32mI (25165) forensics: [CALLBACK_CURVE] model=PAN fixture=1 voices=4 class=event n=22 avg_us=1675.82 p95_us=1740 p99_us=1790 p995_us=1790 p999_us=1790 max_us=1786 deadline=0 overhead_avg_us=58.65[0m
[0;32mI (25185) forensics: [CALLBACK_HIST] fixture=1 class=event lower_us=1640 n=2[0m
[0;32mI (25195) forensics: [CALLBACK_HIST] fixture=1 class=event lower_us=1650 n=4[0m
[0;32mI (25195) forensics: [CALLBACK_HIST] fixture=1 class=event lower_us=1655 n=1[0m
[0;32mI (25205) forensics: [CALLBACK_HIST] fixture=1 class=event lower_us=1660 n=2[0m
[0;32mI (25215) forensics: [CALLBACK_HIST] fixture=1 class=event lower_us=1665 n=4[0m
[0;32mI (25225) forensics: [CALLBACK_HIST] fixture=1 class=event lower_us=1670 n=2[0m
[0;32mI (25225) forensics: [CALLBACK_HIST] fixture=1 class=event lower_us=1675 n=2[0m
[0;32mI (25235) forensics: [CALLBACK_HIST] fixture=1 class=event lower_us=1680 n=1[0m
[0;32mI (25245) forensics: [CALLBACK_HIST] fixture=1 class=event lower_us=1710 n=2[0m
[0;32mI (25255) forensics: [CALLBACK_HIST] fixture=1 class=event lower_us=1735 n=1[0m
[0;32mI (25265) forensics: [CALLBACK_HIST] fixture=1 class=event lower_us=1785 n=1[0m
[0;32mI (25265) forensics: [CURVE] model=PAN fixture=1 voices=4 class=fixture_transition n=1 avg_us=634.65 p95_us=640 p99_us=640 p995_us=640 p999_us=640 max_us=635 deadline=0 bad_voices=0 ble_lost=0 hard=0 sat=0 bin_us=5 max_observed_voices=4[0m
[0;32mI (25285) forensics: [HIST] fixture=1 class=fixture_transition lower_us=635 n=1[0m
[0;32mI (25295) forensics: [CALLBACK_CURVE] model=PAN fixture=1 voices=4 class=fixture_transition n=1 avg_us=668.00 p95_us=670 p99_us=670 p995_us=670 p999_us=670 max_us=668 deadline=0 overhead_avg_us=33.35[0m
[0;32mI (25315) forensics: [CALLBACK_HIST] fixture=1 class=fixture_transition lower_us=665 n=1[0m
[0;32mI (25325) forensics: [FASTPATH] fixture=1 stable8=0 attack=0[0m
[0;32mI (25335) forensics: [OVERHEAD] fixture=1 blocks=4096 model_reset_avg_us=1.49 model_reset_max_us=17 queue_avg_us=2.30 queue_max_us=39 render_avg_us=1148.45 telem_avg_us=2.89 telem_max_us=110 telem_publishes=512[0m
[0;32mI (25865) pocket_pan_main: [AUDIO] model=PAN blocks=9352 avg_us=1671 p99_us=0 max_us=2603 cpu_load=62.7 deadline=0 timeout=0 tx_error=0 short=0[0m
[0;32mI (25865) pocket_pan_main: [MIDI] push=0 pop=0 drop=0 hwm=0 last=(n=62 v=0 t=78 hex=000000)[0m
[0;32mI (25875) pocket_pan_main: [BLE] state=8 interval_ms=11.25 latency=0 rssi=-59 reconnects=0 last_disconnect=0[0m
[0;32mI (25885) pocket_pan_main: [MEM] internal_free=47647 largest_internal=19456[0m
[0;32mI (25895) pocket_pan_main: [UIREDRAW] urgent=10 telemetry=102 skip=621[0m
[0;32mI (30875) pocket_pan_main: [AUDIO] model=PAN blocks=11233 avg_us=1673 p99_us=2000 max_us=2603 cpu_load=62.7 deadline=0 timeout=0 tx_error=0 short=0[0m
[0;32mI (30875) pocket_pan_main: [MIDI] push=0 pop=0 drop=0 hwm=0 last=(n=62 v=0 t=78 hex=000000)[0m
[0;32mI (30885) pocket_pan_main: [BLE] state=8 interval_ms=11.25 latency=0 rssi=-60 reconnects=0 last_disconnect=0[0m
[0;32mI (30895) pocket_pan_main: [MEM] internal_free=56287 largest_internal=31744[0m
[0;32mI (30905) pocket_pan_main: [UIREDRAW] urgent=10 telemetry=126 skip=763[0m
[0;32mI (35055) forensics: [SAFETY] fixture=2 hard=0 sat=0 nonfinite=0 ble_lost=0[0m
[0;32mI (35055) forensics: [EVENT_ONLY] fixture=2 n=22 avg_us=143.69 max_us=152[0m
[0;32mI (35055) forensics: [FIXTURE_IO] model=PAN fixture=2 avg_us=1675 p99_us=2000 max_us=2603 cpu_pct=62.80 deadline=0 timeouts=0 tx_errors=0 short_writes=0[0m
[0;32mI (35065) forensics: [CURVE] model=PAN fixture=2 voices=8 class=true_steady n=4051 avg_us=1650.67 p95_us=1690 p99_us=1725 p995_us=1745 p999_us=1825 max_us=1967 deadline=0 bad_voices=0 ble_lost=0 hard=0 sat=0 bin_us=5 max_observed_voices=8[0m
[0;32mI (35095) forensics: [HIST] fixture=2 class=true_steady lower_us=1630 n=560[0m
[0;32mI (35095) forensics: [HIST] fixture=2 class=true_steady lower_us=1635 n=1011[0m
[0;32mI (35105) forensics: [HIST] fixture=2 class=true_steady lower_us=1640 n=558[0m
[0;32mI (35115) forensics: [HIST] fixture=2 class=true_steady lower_us=1645 n=275[0m
[0;32mI (35125) forensics: [HIST] fixture=2 class=true_steady lower_us=1650 n=318[0m
[0;32mI (35125) forensics: [HIST] fixture=2 class=true_steady lower_us=1655 n=224[0m
[0;32mI (35135) forensics: [HIST] fixture=2 class=true_steady lower_us=1660 n=192[0m
[0;32mI (35145) forensics: [HIST] fixture=2 class=true_steady lower_us=1665 n=232[0m
[0;32mI (35155) forensics: [HIST] fixture=2 class=true_steady lower_us=1670 n=197[0m
[0;32mI (35165) forensics: [HIST] fixture=2 class=true_steady lower_us=1675 n=155[0m
[0;32mI (35165) forensics: [HIST] fixture=2 class=true_steady lower_us=1680 n=108[0m
[0;32mI (35175) forensics: [HIST] fixture=2 class=true_steady lower_us=1685 n=53[0m
[0;32mI (35185) forensics: [HIST] fixture=2 class=true_steady lower_us=1690 n=34[0m
[0;32mI (35195) forensics: [HIST] fixture=2 class=true_steady lower_us=1695 n=28[0m
[0;32mI (35195) forensics: [HIST] fixture=2 class=true_steady lower_us=1700 n=22[0m
[0;32mI (35205) forensics: [HIST] fixture=2 class=true_steady lower_us=1705 n=15[0m
[0;32mI (35215) forensics: [HIST] fixture=2 class=true_steady lower_us=1710 n=19[0m
[0;32mI (35225) forensics: [HIST] fixture=2 class=true_steady lower_us=1715 n=7[0m
[0;32mI (35225) forensics: [HIST] fixture=2 class=true_steady lower_us=1720 n=6[0m
[0;32mI (35235) forensics: [HIST] fixture=2 class=true_steady lower_us=1725 n=3[0m
[0;32mI (35245) forensics: [HIST] fixture=2 class=true_steady lower_us=1730 n=5[0m
[0;32mI (35255) forensics: [HIST] fixture=2 class=true_steady lower_us=1735 n=5[0m
[0;32mI (35255) forensics: [HIST] fixture=2 class=true_steady lower_us=1740 n=5[0m
[0;32mI (35265) forensics: [HIST] fixture=2 class=true_steady lower_us=1745 n=2[0m
[0;32mI (35275) forensics: [HIST] fixture=2 class=true_steady lower_us=1750 n=1[0m
[0;32mI (35285) forensics: [HIST] fixture=2 class=true_steady lower_us=1760 n=2[0m
[0;32mI (35285) forensics: [HIST] fixture=2 class=true_steady lower_us=1765 n=2[0m
[0;32mI (35295) forensics: [HIST] fixture=2 class=true_steady lower_us=1785 n=1[0m
[0;32mI (35305) forensics: [HIST] fixture=2 class=true_steady lower_us=1790 n=1[0m
[0;32mI (35315) forensics: [HIST] fixture=2 class=true_steady lower_us=1795 n=2[0m
[0;32mI (35315) forensics: [HIST] fixture=2 class=true_steady lower_us=1800 n=1[0m
[0;32mI (35325) forensics: [HIST] fixture=2 class=true_steady lower_us=1805 n=2[0m
[0;32mI (35335) forensics: [HIST] fixture=2 class=true_steady lower_us=1820 n=2[0m
[0;32mI (35345) forensics: [HIST] fixture=2 class=true_steady lower_us=1825 n=2[0m
[0;32mI (35345) forensics: [HIST] fixture=2 class=true_steady lower_us=1965 n=1[0m
[0;32mI (35355) forensics: [CALLBACK_CURVE] model=PAN fixture=2 voices=8 class=true_steady n=4051 avg_us=1665.85 p95_us=1715 p99_us=1795 p995_us=1835 p999_us=1885 max_us=2084 deadline=0 overhead_avg_us=15.18[0m
[0;32mI (35375) forensics: [CALLBACK_HIST] fixture=2 class=true_steady lower_us=1195 n=1[0m
[0;32mI (35385) forensics: [CALLBACK_HIST] fixture=2 class=true_steady lower_us=1640 n=535[0m
[0;32mI (35395) forensics: [CALLBACK_HIST] fixture=2 class=true_steady lower_us=1645 n=892[0m
[0;32mI (35395) forensics: [CALLBACK_HIST] fixture=2 class=true_steady lower_us=1650 n=468[0m
[0;32mI (35405) forensics: [CALLBACK_HIST] fixture=2 class=true_steady lower_us=1655 n=322[0m
[0;32mI (35415) forensics: [CALLBACK_HIST] fixture=2 class=true_steady lower_us=1660 n=254[0m
[0;32mI (35425) forensics: [CALLBACK_HIST] fixture=2 class=true_steady lower_us=1665 n=198[0m
[0;32mI (35435) forensics: [CALLBACK_HIST] fixture=2 class=true_steady lower_us=1670 n=198[0m
[0;32mI (35445) forensics: [CALLBACK_HIST] fixture=2 class=true_steady lower_us=1675 n=223[0m
[0;32mI (35445) forensics: [CALLBACK_HIST] fixture=2 class=true_steady lower_us=1680 n=186[0m
[0;32mI (35455) forensics: [CALLBACK_HIST] fixture=2 class=true_steady lower_us=1685 n=196[0m
[0;32mI (35465) forensics: [CALLBACK_HIST] fixture=2 class=true_steady lower_us=1690 n=104[0m
[0;32mI (35475) forensics: [CALLBACK_HIST] fixture=2 class=true_steady lower_us=1695 n=102[0m
[0;32mI (35485) forensics: [CALLBACK_HIST] fixture=2 class=true_steady lower_us=1700 n=82[0m
[0;32mI (35495) forensics: [CALLBACK_HIST] fixture=2 class=true_steady lower_us=1705 n=53[0m
[0;32mI (35495) forensics: [CALLBACK_HIST] fixture=2 class=true_steady lower_us=1710 n=45[0m
[0;32mI (35505) forensics: [CALLBACK_HIST] fixture=2 class=true_steady lower_us=1715 n=28[0m
[0;32mI (35515) forensics: [CALLBACK_HIST] fixture=2 class=true_steady lower_us=1720 n=26[0m
[0;32mI (35525) forensics: [CALLBACK_HIST] fixture=2 class=true_steady lower_us=1725 n=14[0m
[0;32mI (35535) forensics: [CALLBACK_HIST] fixture=2 class=true_steady lower_us=1730 n=13[0m
[0;32mI (35545) forensics: [CALLBACK_HIST] fixture=2 class=true_steady lower_us=1735 n=13[0m
[0;32mI (35545) forensics: [CALLBACK_HIST] fixture=2 class=true_steady lower_us=1740 n=11[0m
[0;32mI (35555) forensics: [CALLBACK_HIST] fixture=2 class=true_steady lower_us=1745 n=8[0m
[0;32mI (35565) forensics: [CALLBACK_HIST] fixture=2 class=true_steady lower_us=1750 n=8[0m
[0;32mI (35575) forensics: [CALLBACK_HIST] fixture=2 class=true_steady lower_us=1755 n=3[0m
[0;32mI (35585) forensics: [CALLBACK_HIST] fixture=2 class=true_steady lower_us=1760 n=2[0m
[0;32mI (35595) forensics: [CALLBACK_HIST] fixture=2 class=true_steady lower_us=1765 n=11[0m
[0;32mI (35595) forensics: [CALLBACK_HIST] fixture=2 class=true_steady lower_us=1770 n=1[0m
[0;32mI (35605) forensics: [CALLBACK_HIST] fixture=2 class=true_steady lower_us=1775 n=2[0m
[0;32mI (35615) forensics: [CALLBACK_HIST] fixture=2 class=true_steady lower_us=1780 n=3[0m
[0;32mI (35625) forensics: [CALLBACK_HIST] fixture=2 class=true_steady lower_us=1785 n=4[0m
[0;32mI (35635) forensics: [CALLBACK_HIST] fixture=2 class=true_steady lower_us=1790 n=5[0m
[0;32mI (35645) forensics: [CALLBACK_HIST] fixture=2 class=true_steady lower_us=1795 n=2[0m
[0;32mI (35645) forensics: [CALLBACK_HIST] fixture=2 class=true_steady lower_us=1800 n=1[0m
[0;32mI (35655) forensics: [CALLBACK_HIST] fixture=2 class=true_steady lower_us=1805 n=3[0m
[0;32mI (35665) forensics: [CALLBACK_HIST] fixture=2 class=true_steady lower_us=1810 n=3[0m
[0;32mI (35675) forensics: [CALLBACK_HIST] fixture=2 class=true_steady lower_us=1815 n=1[0m
[0;32mI (35685) forensics: [CALLBACK_HIST] fixture=2 class=true_steady lower_us=1820 n=4[0m
[0;32mI (35695) forensics: [CALLBACK_HIST] fixture=2 class=true_steady lower_us=1825 n=2[0m
[0;32mI (35695) forensics: [CALLBACK_HIST] fixture=2 class=true_steady lower_us=1830 n=4[0m
[0;32mI (35705) forensics: [CALLBACK_HIST] fixture=2 class=true_steady lower_us=1835 n=3[0m
[0;32mI (35715) forensics: [CALLBACK_HIST] fixture=2 class=true_steady lower_us=1840 n=1[0m
[0;32mI (35725) forensics: [CALLBACK_HIST] fixture=2 class=true_steady lower_us=1845 n=3[0m
[0;32mI (35735) forensics: [CALLBACK_HIST] fixture=2 class=true_steady lower_us=1850 n=2[0m
[0;32mI (35735) forensics: [CALLBACK_HIST] fixture=2 class=true_steady lower_us=1860 n=2[0m
[0;32mI (35745) forensics: [CALLBACK_HIST] fixture=2 class=true_steady lower_us=1870 n=2[0m
[0;32mI (35755) forensics: [CALLBACK_HIST] fixture=2 class=true_steady lower_us=1875 n=1[0m
[0;32mI (35765) forensics: [CALLBACK_HIST] fixture=2 class=true_steady lower_us=1880 n=2[0m
[0;32mI (35775) forensics: [CALLBACK_HIST] fixture=2 class=true_steady lower_us=1890 n=1[0m
[0;32mI (35785) forensics: [CALLBACK_HIST] fixture=2 class=true_steady lower_us=1895 n=1[0m
[0;32mI (35785) forensics: [CALLBACK_HIST] fixture=2 class=true_steady lower_us=1935 n=1[0m
[0;32mI (35795) forensics: [CALLBACK_HIST] fixture=2 class=true_steady lower_us=2080 n=1[0m
[0;32mI (35805) forensics: [CURVE] model=PAN fixture=2 voices=8 class=attack_tail n=22 avg_us=2018.31 p95_us=2075 p99_us=2080 p995_us=2080 p999_us=2080 max_us=2075 deadline=0 bad_voices=0 ble_lost=0 hard=0 sat=0 bin_us=5 max_observed_voices=8[0m
[0;32mI (35825) forensics: [HIST] fixture=2 class=attack_tail lower_us=1990 n=1[0m
[0;32mI (35835) forensics: [HIST] fixture=2 class=attack_tail lower_us=1995 n=1[0m
[0;32mI (35845) forensics: [HIST] fixture=2 class=attack_tail lower_us=2000 n=2[0m
[0;32mI (35845) forensics: [HIST] fixture=2 class=attack_tail lower_us=2005 n=4[0m
[0;32mI (35855) forensics: [HIST] fixture=2 class=attack_tail lower_us=2010 n=4[0m
[0;32mI (35865) forensics: [HIST] fixture=2 class=attack_tail lower_us=2015 n=3[0m
[0;32mI (35875) forensics: [HIST] fixture=2 class=attack_tail lower_us=2020 n=2[0m
[0;32mI (35875) forensics: [HIST] fixture=2 class=attack_tail lower_us=2025 n=1[0m
[0;32mI (35885) forensics: [HIST] fixture=2 class=attack_tail lower_us=2030 n=1[0m
[0;32mI (35895) forensics: [HIST] fixture=2 class=attack_tail lower_us=2040 n=1[0m
[0;32mI (35905) forensics: [HIST] fixture=2 class=attack_tail lower_us=2070 n=1[0m
[0;32mI (35905) forensics: [HIST] fixture=2 class=attack_tail lower_us=2075 n=1[0m
[0;32mI (35915) forensics: [CALLBACK_CURVE] model=PAN fixture=2 voices=8 class=attack_tail n=22 avg_us=2040.77 p95_us=2090 p99_us=2095 p995_us=2095 p999_us=2095 max_us=2092 deadline=0 overhead_avg_us=22.47[0m
[0;32mI (35935) forensics: [CALLBACK_HIST] fixture=2 class=attack_tail lower_us=2000 n=1[0m
[0;32mI (35945) forensics: [CALLBACK_HIST] fixture=2 class=attack_tail lower_us=2010 n=1[0m
[0;32mI (35955) forensics: [CALLBACK_HIST] fixture=2 class=attack_tail lower_us=2020 n=5[0m
[0;32mI (35955) forensics: [CALLBACK_HIST] fixture=2 class=attack_tail lower_us=2025 n=3[0m
[0;32mI (35965) forensics: [CALLBACK_HIST] fixture=2 class=attack_tail lower_us=2030 n=2[0m
[0;32mI (35975) forensics: [CALLBACK_HIST] fixture=2 class=attack_tail lower_us=2035 n=3[0m
[0;32mI (35985) forensics: [CALLBACK_HIST] fixture=2 class=attack_tail lower_us=2045 n=1[0m
[0;32mI (35995) forensics: [CALLBACK_HIST] fixture=2 class=attack_tail lower_us=2065 n=2[0m
[0;32mI (36005) forensics: [CALLBACK_HIST] fixture=2 class=attack_tail lower_us=2070 n=1[0m
[0;32mI (36005) forensics: [CALLBACK_HIST] fixture=2 class=attack_tail lower_us=2075 n=1[0m
[0;32mI (36015) forensics: [CALLBACK_HIST] fixture=2 class=attack_tail lower_us=2085 n=1[0m
[0;32mI (36025) forensics: [CALLBACK_HIST] fixture=2 class=attack_tail lower_us=2090 n=1[0m
[0;32mI (36035) forensics: [CURVE] model=PAN fixture=2 voices=8 class=event n=22 avg_us=2432.20 p95_us=2535 p99_us=2545 p995_us=2545 p999_us=2545 max_us=2542 deadline=0 bad_voices=0 ble_lost=0 hard=0 sat=0 bin_us=5 max_observed_voices=8[0m
[0;32mI (36055) forensics: [HIST] fixture=2 class=event lower_us=2365 n=1[0m
[0;32mI (36065) forensics: [HIST] fixture=2 class=event lower_us=2410 n=2[0m
[0;32mI (36065) forensics: [HIST] fixture=2 class=event lower_us=2415 n=6[0m
[0;32mI (36075) forensics: [HIST] fixture=2 class=event lower_us=2420 n=4[0m
[0;32mI (36085) forensics: [HIST] fixture=2 class=event lower_us=2425 n=1[0m
[0;32mI (36085) forensics: [HIST] fixture=2 class=event lower_us=2430 n=3[0m
[0;32mI (36095) forensics: [HIST] fixture=2 class=event lower_us=2435 n=1[0m
[0;32mI (36105) forensics: [HIST] fixture=2 class=event lower_us=2440 n=1[0m
[0;32mI (36115) forensics: [HIST] fixture=2 class=event lower_us=2460 n=1[0m
[0;32mI (36115) forensics: [HIST] fixture=2 class=event lower_us=2530 n=1[0m
[0;32mI (36125) forensics: [HIST] fixture=2 class=event lower_us=2540 n=1[0m
[0;32mI (36135) forensics: [CALLBACK_CURVE] model=PAN fixture=2 voices=8 class=event n=22 avg_us=2490.45 p95_us=2585 p99_us=2605 p995_us=2605 p999_us=2605 max_us=2603 deadline=0 overhead_avg_us=58.25[0m
[0;32mI (36145) forensics: [CALLBACK_HIST] fixture=2 class=event lower_us=2410 n=1[0m
[0;32mI (36155) forensics: [CALLBACK_HIST] fixture=2 class=event lower_us=2465 n=3[0m
[0;32mI (36165) forensics: [CALLBACK_HIST] fixture=2 class=event lower_us=2470 n=3[0m
[0;32mI (36175) forensics: [CALLBACK_HIST] fixture=2 class=event lower_us=2475 n=4[0m
[0;32mI (36185) forensics: [CALLBACK_HIST] fixture=2 class=event lower_us=2480 n=4[0m
[0;32mI (36185) forensics: [CALLBACK_HIST] fixture=2 class=event lower_us=2485 n=1[0m
[0;32mI (36195) forensics: [CALLBACK_HIST] fixture=2 class=event lower_us=2490 n=1[0m
[0;32mI (36205) forensics: [CALLBACK_HIST] fixture=2 class=event lower_us=2500 n=1[0m
[0;32mI (36215) forensics: [CALLBACK_HIST] fixture=2 class=event lower_us=2510 n=1[0m
[0;32mI (36215) forensics: [CALLBACK_HIST] fixture=2 class=event lower_us=2540 n=1[0m
[0;32mI (36225) forensics: [CALLBACK_HIST] fixture=2 class=event lower_us=2580 n=1[0m
[0;32mI (36235) forensics: [CALLBACK_HIST] fixture=2 class=event lower_us=2600 n=1[0m
[0;32mI (36245) forensics: [CURVE] model=PAN fixture=2 voices=8 class=fixture_transition n=1 avg_us=589.07 p95_us=595 p99_us=595 p995_us=595 p999_us=595 max_us=590 deadline=0 bad_voices=0 ble_lost=0 hard=0 sat=0 bin_us=5 max_observed_voices=8[0m
[0;32mI (36265) forensics: [HIST] fixture=2 class=fixture_transition lower_us=590 n=1[0m
[0;32mI (36275) forensics: [CALLBACK_CURVE] model=PAN fixture=2 voices=8 class=fixture_transition n=1 avg_us=604.00 p95_us=605 p99_us=605 p995_us=605 p999_us=605 max_us=604 deadline=0 overhead_avg_us=14.93[0m
[0;32mI (36295) forensics: [CALLBACK_HIST] fixture=2 class=fixture_transition lower_us=600 n=1[0m
[0;32mI (36295) forensics: [FASTPATH] fixture=2 stable8=145 attack=16[0m
[0;32mI (36305) forensics: [OVERHEAD] fixture=2 blocks=4096 model_reset_avg_us=1.51 model_reset_max_us=17 queue_avg_us=2.30 queue_max_us=41 render_avg_us=1662.28 telem_avg_us=2.93 telem_max_us=73 telem_publishes=512[0m
[0;32mI (36355) pocket_pan_main: [AUDIO] model=PAN blocks=13288 avg_us=9 p99_us=2000 max_us=2603 cpu_load=0.3 deadline=0 timeout=0 tx_error=0 short=0[0m
[0;32mI (36355) pocket_pan_main: [MIDI] push=0 pop=0 drop=0 hwm=0 last=(n=62 v=0 t=78 hex=000000)[0m
[0;32mI (36365) pocket_pan_main: [BLE] state=8 interval_ms=11.25 latency=0 rssi=-59 reconnects=0 last_disconnect=0[0m
[0;32mI (36375) pocket_pan_main: [MEM] internal_free=56287 largest_internal=31744[0m
[0;32mI (36385) pocket_pan_main: [UIREDRAW] urgent=10 telemetry=147 skip=881[0m
[0;32mI (41375) pocket_pan_main: [AUDIO] model=PAN blocks=15169 avg_us=8 p99_us=25 max_us=2603 cpu_load=0.3 deadline=0 timeout=0 tx_error=0 short=0[0m
[0;32mI (41375) pocket_pan_main: [MIDI] push=0 pop=0 drop=0 hwm=0 last=(n=62 v=0 t=78 hex=000000)[0m
[0;32mI (41385) pocket_pan_main: [BLE] state=8 interval_ms=11.25 latency=0 rssi=-61 reconnects=0 last_disconnect=0[0m
[0;32mI (41395) pocket_pan_main: [MEM] internal_free=56287 largest_internal=31744[0m
[0;32mI (41405) pocket_pan_main: [UIREDRAW] urgent=10 telemetry=163 skip=1031[0m
