[0;32mI (124) esp_image: segment 1: paddr=00030dcc vaddr=3fca44ESP-ROM:esp32s3-20210327
Build:Mar 27 2021
rst:0x15 (USB_UART_CHIP_RESET),boot:0x8 (SPI_FAST_FLASH_BOOT)
Saved PC:0x403892da
SPIWP:0xee
mode:DIO, clock div:1
load:0x3fce2810,len:0x178c
load:0x403c8700,len:0x4
load:0x403c8704,len:0xcb8
load:0x403cb700,len:0x2db0
entry 0x403c8914
[0;32mI (26) boot: ESP-IDF v5.3-dirty 2nd stage bootloader[0m
[0;32mI (27) boot: compile time Oct  1 2026 19:28:03[0m
[0;32mI (27) boot: Multicore bootloader[0m
[0;32mI (30) boot: chip revision: v0.2[0m
[0;32mI (34) boot.esp32s3: Boot SPI Speed : 80MHz[0m
[0;32mI (39) boot.esp32s3: SPI Mode       : DIO[0m
[0;32mI (43) boot.esp32s3: SPI Flash Size : 4MB[0m
[0;32mI (48) boot: Enabling RNG early entropy source...[0m
[0;32mI (54) boot: Partition Table:[0m
[0;32mI (57) boot: ## Label            Usage          Type ST Offset   Length[0m
[0;32mI (64) boot:  0 nvs              WiFi data        01 02 00009000 00006000[0m
[0;32mI (72) boot:  1 phy_init         RF data          01 01 0000f000 00001000[0m
[0;32mI (79) boot:  2 factory          factory app      00 00 00010000 00100000[0m
[0;32mI (87) boot: End of partition table[0m
[0;32mI (91) esp_image: segment 0: paddr=00010020 vaddr=3c070020 size=20da4h (134564) map[0m
[0;32mI (124) esp_image: segment 1: paddr=00030dcc vaddr=3fca4400 size=04500h ( 17664) load[0m
[0;32mI (128) esp_image: segment 2: paddr=000352d4 vaddr=40374000 size=0ad44h ( 44356) load[0m
[0;32mI (139) esp_image: segment 3: paddr=00040020 vaddr=42000020 size=65ad0h (416464) map[0m
[0;32mI (214) esp_image: segment 4: paddr=000a5af8 vaddr=4037ed44 size=1565ch ( 87644) load[0m
[0;32mI (247) boot: Loaded app from partition at offset 0x10000[0m
[0;32mI (247) boot: Disabling RNG early entropy source...[0m
[0;32mI (259) esp_psram: Found 2MB PSRAM device[0m
[0;32mI (259) esp_psram: Speed: 40MHz[0m
[0;32mI (259) cpu_start: Multicore app[0m
[0;32mI (679) esp_psram: SPI SRAM memory test OK[0m
[0;32mI (688) cpu_start: Pro cpu start user code[0m
[0;32mI (688) cpu_start: cpu freq: 240000000 Hz[0m
[0;32mI (688) app_init: Application information:[0m
[0;32mI (691) app_init: Project name:     pocket_pan[0m
[0;32mI (696) app_init: App version:      b6454c6-dirty[0m
[0;32mI (702) app_init: Compile time:     Oct  1 2026 19:24:02[0m
[0;32mI (708) app_init: ELF file SHA256:  7a32b80a9...[0m
[0;32mI (713) app_init: ESP-IDF:          v5.3-dirty[0m
[0;32mI (718) efuse_init: Min chip rev:     v0.0[0m
[0;32mI (723) efuse_init: Max chip rev:     v0.99 [0m
[0;32mI (728) efuse_init: Chip rev:         v0.2[0m
[0;32mI (733) heap_init: Initializing. RAM available for dynamic allocation:[0m
[0;32mI (740) heap_init: At 3FCCF730 len 00019FE0 (103 KiB): RAM[0m
[0;32mI (746) heap_init: At 3FCE9710 len 00005724 (21 KiB): RAM[0m
[0;32mI (752) heap_init: At 3FCF0000 len 00008000 (32 KiB): DRAM[0m
[0;32mI (758) heap_init: At 600FE100 len 00001EE8 (7 KiB): RTCRAM[0m
[0;32mI (765) esp_psram: Adding pool of 2048K of PSRAM memory to heap allocator[0m
[0;32mI (773) spi_flash: detected chip: generic[0m
[0;32mI (777) spi_flash: flash io: dio[0m
[0;32mI (781) sleep: Configure to isolate all GPIO pins in sleep state[0m
[0;32mI (787) sleep: Enable automatic switching of GPIO sleep configuration[0m
[0;32mI (794) coexist: coex firmware version: dab85ae96[0m
[0;32mI (800) coexist: coexist rom version e7ae62f[0m
[0;32mI (805) main_task: Started on CPU0[0m
[0;32mI (815) esp_psram: Reserving pool of 32K of internal memory for DMA/internal allocations[0m
[0;32mI (815) main_task: Calling app_main()[0m
[0;32mI (825) pocket_pan_main: [MEM_STAGE] stage=entry internal_free=142987 largest_internal=49152 psram_free=2094528[0m
[0;32mI (835) pocket_pan_main: ===============================================[0m
[0;32mI (835) pocket_pan_main:   Pocket Pan / Metal Modal Synthesizer v1.0.0[0m
[0;32mI (845) pocket_pan_main:   Hardware: TENSTAR TS-ESP32-S3 (Feather TFT)[0m
[0;32mI (855) pocket_pan_main: ===============================================[0m
[0;32mI (865) pocket_pan_main: [FORENSICS] candidate=25 profile=0 cpu_mhz=240 optimization_perf=1 process6=1 fine_bins=5 critical_only=0[0m
[0;32mI (895) pocket_pan_main: [MEM_STAGE] stage=dsp_ready internal_free=142987 largest_internal=49152 psram_free=2094528[0m
[0;32mI (895) gpio: GPIO[10]| InputEn: 0| OutputEn: 1| OpenDrain: 0| Pullup: 0| Pulldown: 1| Intr:0 [0m
[0;32mI (905) AudioI2S: I2S TX initialized (48kHz, 32-bit slot, stereo, 6x128 frames DMA = 1024 bytes/buf)[0m
[0;32mI (925) AudioI2S: Audio task started on Core 0 at priority 12[0m
[0;32mI (925) pocket_pan_main: [MEM_STAGE] stage=i2s_ready internal_free=128255 largest_internal=34816 psram_free=2094528[0m
[0;32mI (935) Display: [DISP_MEM_PRE] before: int_free=128255 int_largest=34816 psram_free=2094528[0m
[0;33mW (945) Display: Internal SRAM (64800 B) exhausted; falling back to PSRAM[0m
[0;32mI (955) Display: [DISP_MEM] framebuffer=0x3c0a0a44 (size=64800, align=4, internal=0, dma=0, psram=1)[0m
[0;32mI (965) Display: [DISP_MEM] scratch=0x3fce0e04 (size=9600, align=4, internal=1, dma=1)[0m
[0;32mI (965) Display: [DISP_MEM] before: int_free=128255 int_largest=34816 psram_free=2094528[0m
[0;32mI (975) Display: [DISP_MEM] after:  int_free=118651 int_largest=31744 psram_free=2029724[0m
[0;32mI (985) gpio: GPIO[39]| InputEn: 0| OutputEn: 1| OpenDrain: 0| Pullup: 0| Pulldown: 0| Intr:0 [0m
[0;32mI (995) gpio: GPIO[40]| InputEn: 0| OutputEn: 1| OpenDrain: 0| Pullup: 0| Pulldown: 0| Intr:0 [0m
[0;32mI (1005) gpio: GPIO[21]| InputEn: 0| OutputEn: 1| OpenDrain: 0| Pullup: 0| Pulldown: 0| Intr:0 [0m
[0;32mI (1235) gpio: GPIO[45]| InputEn: 0| OutputEn: 1| OpenDrain: 0| Pullup: 0| Pulldown: 0| Intr:0 [0m
[0;31mE (1235) lcd_panel.io.spi: panel_io_spi_tx_color(390): spi transmit (queue) color failed[0m
[0;31mE (1235) lcd_panel.st7789: panel_st7789_draw_bitmap(223): io tx color failed[0m
[0;32mI (1245) Display: ST7789 240x135 display initialized successfully (SPI 40MHz, GDMA callback armed)[0m
[0;32mI (1255) pocket_pan_main: [CANARY] PreparedNote canaries OK=1[0m
[0;32mI (1265) pocket_pan_main: [MEM_STAGE] stage=display_ready internal_free=116287 largest_internal=31744 psram_free=2029724[0m
[0;32mI (1275) BLE_INIT: BT controller compile version [ba3b3e3][0m
[0;32mI (1285) BLE_INIT: Bluetooth MAC: b4:3a:45:ae:6f:2a[0m
[0;32mI (1285) phy_init: phy_version 680,a6008b2,Jun  4 2024,16:41:10[0m
[0;32mI (1325) BleMidi: NimBLE BLE MIDI Central initialized and pinned to Core 1[0m
[0;32mI (1325) BleMidi: NimBLE Host task running on Core 1[0m
[0;32mI (1325) pocket_pan_main: [MEM_STAGE] stage=ble_ready internal_free=55991 largest_internal=31744 psram_free=2029724[0m
[0;32mI (1335) NimBLE: Failed to restore IRKs from store; status=8
[0m
[0;32mI (1345) pocket_pan_main: [M75_MEMORY] table_bytes=9640 cache_bytes=60552 synth_bytes=81668 internal_free=55955 largest_internal=31744[0m
[0;32mI (1345) NimBLE: GAP procedure initiated: discovery; [0m
[0;32mI (1355) pocket_pan_main: [UDU_CACHE] compact_bytes=5928 modal_models=9[0m
[0;32mI (1365) NimBLE: own_addr_type=0 filter_policy=0 passive=0 limited=0 filter_duplicates=1 [0m
[0;32mI (1375) pocket_pan_main: [CACHE_LAYOUT] packed=1 storage_bytes=60552 note_scratch_bytes=132[0m
[0;32mI (1385) NimBLE: duration=forever[0m
[0;32mI (1395) pocket_pan_main: [UDU_STATE] voice_bytes=124 fixed_reference=0[0m
[0;32mI (1395) NimBLE: 
[0m
[0;32mI (1405) pocket_pan_main: [MEM_STAGE] stage=ui_ready internal_free=51511 largest_internal=31744 psram_free=2029724[0m
[0;32mI (1405) BleMidi: Scanning for BLE MIDI devices...[0m
[0;32mI (1405) gpio: GPIO[0]| InputEn: 1| OutputEn: 0| OpenDrain: 0| Pullup: 1| Pulldown: 0| Intr:0 [0m
[0;32mI (1415) pocket_pan_main: Pocket Pan initialization complete. Realtime audio active.[0m
[0;32mI (1435) main_task: Returned from app_main()[0m
[0;31mE (1445) lcd_panel.io.spi: panel_io_spi_tx_color(390): spi transmit (queue) color failed[0m
[0;32mI (1445) BleMidi: BLE MIDI device found (59:FB:B6:B7:BF:0F); connecting[0m
[0;32mI (1465) NimBLE: GAP procedure initiated: connect; [0m
[0;32mI (1465) NimBLE: peer_addr_type=0 peer_addr=[0m
[0;32mI (1475) NimBLE: 59:fb:b6:b7:bf:0f[0m
[0;32mI (1475) NimBLE:  scan_itvl=16 scan_window=16 itvl_min=24 itvl_max=40 latency=0 supervision_timeout=256 min_ce_len=0 max_ce_len=0 own_addr_type=0[0m
[0;32mI (1485) NimBLE: 
[0m
[0;31mE (1495) lcd_panel.st7789: panel_st7789_draw_bitmap(223): io tx color failed[0m
[0;31mE (1505) lcd_panel.io.spi: panel_io_spi_tx_color(390): spi transmit (queue) color failed[0m
[0;31mE (1505) lcd_panel.st7789: panel_st7789_draw_bitmap(223): io tx color failed[0m
[0;31mE (1545) lcd_panel.io.spi: panel_io_spi_tx_color(390): spi transmit (queue) color failed[0m
[0;31mE (1545) lcd_panel.st7789: panel_st7789_draw_bitmap(223): io tx color failed[0m
[0;32mI (1545) BleMidi: BLE Connected! conn_handle=1[0m
[0;32mI (1555) NimBLE: GAP procedure initiated: [0m
[0;32mI (1565) NimBLE: connection parameter update; conn_handle=1 itvl_min=6 itvl_max=12 latency=0 supervision_timeout=200 min_ce_len=0 max_ce_len=0[0m
[0;32mI (1575) NimBLE: 
[0m
[0;32mI (1575) BleMidi: Requested connection params 7.5-15ms latency=0 timeout=2s rc=0[0m
[0;32mI (1585) NimBLE: GATT procedure initiated: discover all services
[0m
[0;32mI (1885) BleMidi: Found BLE MIDI Service! start_handle=112 end_handle=115[0m
[0;32mI (1885) NimBLE: GATT procedure initiated: discover all characteristics; [0m
[0;32mI (1885) NimBLE: start_handle=112 end_handle=115
[0m
[0;32mI (1985) BleMidi: Found BLE MIDI Characteristic! def_handle=113 val_handle=114 props=0x16[0m
[0;32mI (1985) NimBLE: GATT procedure initiated: discover all descriptors; [0m
[0;32mI (1985) NimBLE: chr_val_handle=114 end_handle=115
[0m
[0;32mI (2125) BleMidi: Negotiated params interval=7.50ms latency=0 timeout=2000ms[0m
[0;32mI (2135) BleMidi: Discovered CCCD (0x2902) handle=115[0m
[0;32mI (2135) NimBLE: GATT procedure initiated: write; [0m
[0;32mI (2135) NimBLE: att_handle=115 len=2
[0m
[0;32mI (2155) BleMidi: CCCD subscription successful; BLE MIDI ready[0m
[0;32mI (2155) NimBLE: GAP procedure initiated: [0m
[0;32mI (2155) NimBLE: connection parameter update; conn_handle=1 itvl_min=6 itvl_max=9 latency=0 supervision_timeout=100 min_ce_len=0 max_ce_len=0[0m
[0;32mI (2165) NimBLE: 
[0m
[0;32mI (2255) BleMidi: Negotiated params interval=11.25ms latency=0 timeout=1000ms[0m
[0;32mI (5805) pocket_pan_main: [AUDIO] model=PAN blocks=1831 avg_us=312 p99_us=0 max_us=755 cpu_load=11.7 deadline=0 timeout=0 tx_error=0 short=0[0m
[0;32mI (5805) pocket_pan_main: [MIDI] push=0 pop=0 drop=0 hwm=0 last=(n=62 v=0 t=78 hex=000000)[0m
[0;32mI (5815) pocket_pan_main: [BLE] state=8 interval_ms=11.25 latency=0 rssi=-60 reconnects=0 last_disconnect=0[0m
[0;32mI (5825) pocket_pan_main: [MEM] internal_free=56287 largest_internal=31744[0m
[0;32mI (5835) pocket_pan_main: [UIREDRAW] urgent=7 telemetry=17 skip=118[0m
[0;32mI (10825) pocket_pan_main: [AUDIO] model=PAN blocks=3713 avg_us=314 p99_us=450 max_us=755 cpu_load=11.8 deadline=0 timeout=0 tx_error=0 short=0[0m
[0;32mI (10825) pocket_pan_main: [MIDI] push=0 pop=0 drop=0 hwm=0 last=(n=62 v=0 t=78 hex=000000)[0m
[0;32mI (10835) pocket_pan_main: [BLE] state=8 interval_ms=11.25 latency=0 rssi=-58 reconnects=0 last_disconnect=0[0m
[0;32mI (10845) pocket_pan_main: [MEM] internal_free=56287 largest_internal=31744[0m
[0;32mI (10855) pocket_pan_main: [UIREDRAW] urgent=7 telemetry=41 skip=260[0m
[0;32mI (13105) forensics: [SAFETY] fixture=5 hard=0 sat=0 nonfinite=0 ble_lost=0[0m
[0;32mI (13105) forensics: [EVENT_ONLY] fixture=5 n=22 avg_us=66.24 max_us=75[0m
[0;32mI (13105) forensics: [FIXTURE_IO] model=VIBRAPHONE fixture=5 avg_us=315 p99_us=450 max_us=755 cpu_pct=11.81 deadline=0 timeouts=0 tx_errors=0 short_writes=0[0m
[0;32mI (13125) forensics: [CURVE] model=VIBRAPHONE fixture=5 voices=1 class=true_steady n=4051 avg_us=300.33 p95_us=305 p99_us=315 p995_us=320 p999_us=450 max_us=455 deadline=0 bad_voices=0 ble_lost=0 hard=0 sat=0 bin_us=5 max_observed_voices=1[0m
[0;32mI (13145) forensics: [HIST] fixture=5 class=true_steady lower_us=300 n=3949[0m
[0;32mI (13155) forensics: [HIST] fixture=5 class=true_steady lower_us=305 n=53[0m
[0;32mI (13165) forensics: [HIST] fixture=5 class=true_steady lower_us=310 n=24[0m
[0;32mI (13165) forensics: [HIST] fixture=5 class=true_steady lower_us=315 n=8[0m
[0;32mI (13175) forensics: [HIST] fixture=5 class=true_steady lower_us=320 n=4[0m
[0;32mI (13185) forensics: [HIST] fixture=5 class=true_steady lower_us=330 n=2[0m
[0;32mI (13195) forensics: [HIST] fixture=5 class=true_steady lower_us=440 n=1[0m
[0;32mI (13195) forensics: [HIST] fixture=5 class=true_steady lower_us=445 n=6[0m
[0;32mI (13205) forensics: [HIST] fixture=5 class=true_steady lower_us=450 n=3[0m
[0;32mI (13215) forensics: [HIST] fixture=5 class=true_steady lower_us=455 n=1[0m
[0;32mI (13225) forensics: [CALLBACK_CURVE] model=VIBRAPHONE fixture=5 voices=1 class=true_steady n=4050 avg_us=313.53 p95_us=340 p99_us=405 p995_us=430 p999_us=485 max_us=604 deadline=0 overhead_avg_us=13.20[0m
[0;32mI (13235) forensics: [CALLBACK_HIST] fixture=5 class=true_steady lower_us=305 n=3023[0m
[0;32mI (13245) forensics: [CALLBACK_HIST] fixture=5 class=true_steady lower_us=310 n=283[0m
[0;32mI (13255) forensics: [CALLBACK_HIST] fixture=5 class=true_steady lower_us=315 n=195[0m
[0;32mI (13265) forensics: [CALLBACK_HIST] fixture=5 class=true_steady lower_us=320 n=130[0m
[0;32mI (13275) forensics: [CALLBACK_HIST] fixture=5 class=true_steady lower_us=325 n=157[0m
[0;32mI (13285) forensics: [CALLBACK_HIST] fixture=5 class=true_steady lower_us=330 n=59[0m
[0;32mI (13285) forensics: [CALLBACK_HIST] fixture=5 class=true_steady lower_us=335 n=35[0m
[0;32mI (13295) forensics: [CALLBACK_HIST] fixture=5 class=true_steady lower_us=340 n=34[0m
[0;32mI (13305) forensics: [CALLBACK_HIST] fixture=5 class=true_steady lower_us=345 n=27[0m
[0;32mI (13315) forensics: [CALLBACK_HIST] fixture=5 class=true_steady lower_us=350 n=11[0m
[0;32mI (13325) forensics: [CALLBACK_HIST] fixture=5 class=true_steady lower_us=355 n=9[0m
[0;32mI (13335) forensics: [CALLBACK_HIST] fixture=5 class=true_steady lower_us=360 n=5[0m
[0;32mI (13335) forensics: [CALLBACK_HIST] fixture=5 class=true_steady lower_us=365 n=5[0m
[0;32mI (13345) forensics: [CALLBACK_HIST] fixture=5 class=true_steady lower_us=370 n=2[0m
[0;32mI (13355) forensics: [CALLBACK_HIST] fixture=5 class=true_steady lower_us=375 n=6[0m
[0;32mI (13365) forensics: [CALLBACK_HIST] fixture=5 class=true_steady lower_us=380 n=3[0m
[0;32mI (13375) forensics: [CALLBACK_HIST] fixture=5 class=true_steady lower_us=385 n=6[0m
[0;32mI (13375) forensics: [CALLBACK_HIST] fixture=5 class=true_steady lower_us=390 n=8[0m
[0;32mI (13385) forensics: [CALLBACK_HIST] fixture=5 class=true_steady lower_us=395 n=9[0m
[0;32mI (13395) forensics: [CALLBACK_HIST] fixture=5 class=true_steady lower_us=400 n=7[0m
[0;32mI (13405) forensics: [CALLBACK_HIST] fixture=5 class=true_steady lower_us=405 n=6[0m
[0;32mI (13415) forensics: [CALLBACK_HIST] fixture=5 class=true_steady lower_us=410 n=5[0m
[0;32mI (13415) forensics: [CALLBACK_HIST] fixture=5 class=true_steady lower_us=415 n=4[0m
[0;32mI (13425) forensics: [CALLBACK_HIST] fixture=5 class=true_steady lower_us=425 n=2[0m
[0;32mI (13435) forensics: [CALLBACK_HIST] fixture=5 class=true_steady lower_us=430 n=2[0m
[0;32mI (13445) forensics: [CALLBACK_HIST] fixture=5 class=true_steady lower_us=435 n=1[0m
[0;32mI (13455) forensics: [CALLBACK_HIST] fixture=5 class=true_steady lower_us=450 n=1[0m
[0;32mI (13465) forensics: [CALLBACK_HIST] fixture=5 class=true_steady lower_us=455 n=1[0m
[0;32mI (13465) forensics: [CALLBACK_HIST] fixture=5 class=true_steady lower_us=460 n=3[0m
[0;32mI (13475) forensics: [CALLBACK_HIST] fixture=5 class=true_steady lower_us=465 n=4[0m
[0;32mI (13485) forensics: [CALLBACK_HIST] fixture=5 class=true_steady lower_us=470 n=1[0m
[0;32mI (13495) forensics: [CALLBACK_HIST] fixture=5 class=true_steady lower_us=475 n=1[0m
[0;32mI (13505) forensics: [CALLBACK_HIST] fixture=5 class=true_steady lower_us=480 n=1[0m
[0;32mI (13505) forensics: [CALLBACK_HIST] fixture=5 class=true_steady lower_us=485 n=2[0m
[0;32mI (13515) forensics: [CALLBACK_HIST] fixture=5 class=true_steady lower_us=495 n=1[0m
[0;32mI (13525) forensics: [CALLBACK_HIST] fixture=5 class=true_steady lower_us=600 n=1[0m
[0;32mI (13535) forensics: [CURVE] model=VIBRAPHONE fixture=5 voices=1 class=attack_tail n=22 avg_us=362.00 p95_us=365 p99_us=370 p995_us=370 p999_us=370 max_us=367 deadline=0 bad_voices=0 ble_lost=0 hard=0 sat=0 bin_us=5 max_observed_voices=1[0m
[0;32mI (13555) forensics: [HIST] fixture=5 class=attack_tail lower_us=360 n=21[0m
[0;32mI (13565) forensics: [HIST] fixture=5 class=attack_tail lower_us=365 n=1[0m
[0;32mI (13575) forensics: [CALLBACK_CURVE] model=VIBRAPHONE fixture=5 voices=1 class=attack_tail n=22 avg_us=380.50 p95_us=405 p99_us=410 p995_us=410 p999_us=410 max_us=409 deadline=0 overhead_avg_us=18.50[0m
[0;32mI (13585) forensics: [CALLBACK_HIST] fixture=5 class=attack_tail lower_us=370 n=3[0m
[0;32mI (13595) forensics: [CALLBACK_HIST] fixture=5 class=attack_tail lower_us=375 n=10[0m
[0;32mI (13605) forensics: [CALLBACK_HIST] fixture=5 class=attack_tail lower_us=380 n=7[0m
[0;32mI (13615) forensics: [CALLBACK_HIST] fixture=5 class=attack_tail lower_us=400 n=1[0m
[0;32mI (13625) forensics: [CALLBACK_HIST] fixture=5 class=attack_tail lower_us=405 n=1[0m
[0;32mI (13625) forensics: [CURVE] model=VIBRAPHONE fixture=5 voices=1 class=event n=22 avg_us=447.94 p95_us=460 p99_us=465 p995_us=465 p999_us=465 max_us=460 deadline=0 bad_voices=0 ble_lost=0 hard=0 sat=0 bin_us=5 max_observed_voices=1[0m
[0;32mI (13655) forensics: [HIST] fixture=5 class=event lower_us=420 n=1[0m
[0;32mI (13655) forensics: [HIST] fixture=5 class=event lower_us=430 n=1[0m
[0;32mI (13665) forensics: [HIST] fixture=5 class=event lower_us=435 n=1[0m
[0;32mI (13675) forensics: [HIST] fixture=5 class=event lower_us=440 n=7[0m
[0;32mI (13675) forensics: [HIST] fixture=5 class=event lower_us=445 n=1[0m
[0;32mI (13685) forensics: [HIST] fixture=5 class=event lower_us=455 n=10[0m
[0;32mI (13695) forensics: [HIST] fixture=5 class=event lower_us=460 n=1[0m
[0;32mI (13695) forensics: [CALLBACK_CURVE] model=VIBRAPHONE fixture=5 voices=1 class=event n=22 avg_us=503.23 p95_us=530 p99_us=530 p995_us=530 p999_us=530 max_us=528 deadline=0 overhead_avg_us=55.28[0m
[0;32mI (13715) forensics: [CALLBACK_HIST] fixture=5 class=event lower_us=470 n=1[0m
[0;32mI (13725) forensics: [CALLBACK_HIST] fixture=5 class=event lower_us=480 n=1[0m
[0;32mI (13735) forensics: [CALLBACK_HIST] fixture=5 class=event lower_us=485 n=1[0m
[0;32mI (13745) forensics: [CALLBACK_HIST] fixture=5 class=event lower_us=490 n=3[0m
[0;32mI (13745) forensics: [CALLBACK_HIST] fixture=5 class=event lower_us=495 n=4[0m
[0;32mI (13755) forensics: [CALLBACK_HIST] fixture=5 class=event lower_us=500 n=1[0m
[0;32mI (13765) forensics: [CALLBACK_HIST] fixture=5 class=event lower_us=505 n=2[0m
[0;32mI (13775) forensics: [CALLBACK_HIST] fixture=5 class=event lower_us=510 n=5[0m
[0;32mI (13775) forensics: [CALLBACK_HIST] fixture=5 class=event lower_us=515 n=2[0m
[0;32mI (13785) forensics: [CALLBACK_HIST] fixture=5 class=event lower_us=525 n=2[0m
[0;32mI (13795) forensics: [CURVE] model=VIBRAPHONE fixture=5 voices=1 class=fixture_transition n=1 avg_us=566.72 p95_us=570 p99_us=570 p995_us=570 p999_us=570 max_us=567 deadline=0 bad_voices=0 ble_lost=0 hard=0 sat=0 bin_us=5 max_observed_voices=1[0m
[0;32mI (13815) forensics: [HIST] fixture=5 class=fixture_transition lower_us=565 n=1[0m
[0;32mI (13825) forensics: [CALLBACK_CURVE] model=VIBRAPHONE fixture=5 voices=1 class=fixture_transition n=1 avg_us=755.00 p95_us=760 p99_us=760 p995_us=760 p999_us=760 max_us=755 deadline=0 overhead_avg_us=188.28[0m
[0;32mI (13845) forensics: [CALLBACK_HIST] fixture=5 class=fixture_transition lower_us=755 n=1[0m
[0;32mI (13855) forensics: [FASTPATH] fixture=5 stable8=0 attack=2[0m
[0;32mI (13855) forensics: [OVERHEAD] fixture=5 blocks=4566 model_reset_avg_us=1.54 model_reset_max_us=19 queue_avg_us=2.30 queue_max_us=39 render_avg_us=274.88 telem_avg_us=2.93 telem_max_us=139 telem_publishes=570[0m
[0;32mI (15825) pocket_pan_main: [AUDIO] model=PAN blocks=5589 avg_us=676 p99_us=0 max_us=1125 cpu_load=25.3 deadline=0 timeout=0 tx_error=0 short=0[0m
[0;32mI (15825) pocket_pan_main: [MIDI] push=0 pop=0 drop=0 hwm=0 last=(n=62 v=0 t=78 hex=000000)[0m
[0;32mI (15835) pocket_pan_main: [BLE] state=8 interval_ms=11.25 latency=0 rssi=-59 reconnects=0 last_disconnect=0[0m
[0;32mI (15845) pocket_pan_main: [MEM] internal_free=47647 largest_internal=19456[0m
[0;32mI (15855) pocket_pan_main: [UIREDRAW] urgent=9 telemetry=60 skip=379[0m
[0;32mI (20845) pocket_pan_main: [AUDIO] model=PAN blocks=7471 avg_us=677 p99_us=900 max_us=1128 cpu_load=25.4 deadline=0 timeout=0 tx_error=0 short=0[0m
[0;32mI (20845) pocket_pan_main: [MIDI] push=0 pop=0 drop=0 hwm=0 last=(n=62 v=0 t=78 hex=000000)[0m
[0;32mI (20855) pocket_pan_main: [BLE] state=8 interval_ms=11.25 latency=0 rssi=-59 reconnects=0 last_disconnect=0[0m
[0;32mI (20865) pocket_pan_main: [MEM] internal_free=47647 largest_internal=19456[0m
[0;32mI (20875) pocket_pan_main: [UIREDRAW] urgent=9 telemetry=83 skip=522[0m
[0;32mI (24035) forensics: [SAFETY] fixture=6 hard=0 sat=0 nonfinite=0 ble_lost=0[0m
[0;32mI (24035) forensics: [EVENT_ONLY] fixture=6 n=22 avg_us=94.84 max_us=115[0m
[0;32mI (24035) forensics: [FIXTURE_IO] model=VIBRAPHONE fixture=6 avg_us=678 p99_us=900 max_us=1128 cpu_pct=25.42 deadline=0 timeouts=0 tx_errors=0 short_writes=0[0m
[0;32mI (24045) forensics: [CURVE] model=VIBRAPHONE fixture=6 voices=4 class=true_steady n=4051 avg_us=658.17 p95_us=665 p99_us=675 p995_us=675 p999_us=810 max_us=809 deadline=0 bad_voices=0 ble_lost=0 hard=0 sat=0 bin_us=5 max_observed_voices=4[0m
[0;32mI (24075) forensics: [HIST] fixture=6 class=true_steady lower_us=655 n=3625[0m
[0;32mI (24075) forensics: [HIST] fixture=6 class=true_steady lower_us=660 n=343[0m
[0;32mI (24085) forensics: [HIST] fixture=6 class=true_steady lower_us=665 n=36[0m
[0;32mI (24095) forensics: [HIST] fixture=6 class=true_steady lower_us=670 n=31[0m
[0;32mI (24105) forensics: [HIST] fixture=6 class=true_steady lower_us=675 n=3[0m
[0;32mI (24105) forensics: [HIST] fixture=6 class=true_steady lower_us=680 n=1[0m
[0;32mI (24115) forensics: [HIST] fixture=6 class=true_steady lower_us=690 n=1[0m
[0;32mI (24125) forensics: [HIST] fixture=6 class=true_steady lower_us=800 n=6[0m
[0;32mI (24135) forensics: [HIST] fixture=6 class=true_steady lower_us=805 n=5[0m
[0;32mI (24135) forensics: [CALLBACK_CURVE] model=VIBRAPHONE fixture=6 voices=4 class=true_steady n=4051 avg_us=671.53 p95_us=695 p99_us=750 p995_us=795 p999_us=825 max_us=852 deadline=0 overhead_avg_us=13.36[0m
[0;32mI (24155) forensics: [CALLBACK_HIST] fixture=6 class=true_steady lower_us=325 n=1[0m
[0;32mI (24165) forensics: [CALLBACK_HIST] fixture=6 class=true_steady lower_us=665 n=2874[0m
[0;32mI (24175) forensics: [CALLBACK_HIST] fixture=6 class=true_steady lower_us=670 n=390[0m
[0;32mI (24185) forensics: [CALLBACK_HIST] fixture=6 class=true_steady lower_us=675 n=321[0m
[0;32mI (24195) forensics: [CALLBACK_HIST] fixture=6 class=true_steady lower_us=680 n=156[0m
[0;32mI (24195) forensics: [CALLBACK_HIST] fixture=6 class=true_steady lower_us=685 n=78[0m
[0;32mI (24205) forensics: [CALLBACK_HIST] fixture=6 class=true_steady lower_us=690 n=41[0m
[0;32mI (24215) forensics: [CALLBACK_HIST] fixture=6 class=true_steady lower_us=695 n=27[0m
[0;32mI (24225) forensics: [CALLBACK_HIST] fixture=6 class=true_steady lower_us=700 n=35[0m
[0;32mI (24235) forensics: [CALLBACK_HIST] fixture=6 class=true_steady lower_us=705 n=18[0m
[0;32mI (24245) forensics: [CALLBACK_HIST] fixture=6 class=true_steady lower_us=710 n=10[0m
[0;32mI (24245) forensics: [CALLBACK_HIST] fixture=6 class=true_steady lower_us=715 n=10[0m
[0;32mI (24255) forensics: [CALLBACK_HIST] fixture=6 class=true_steady lower_us=720 n=11[0m
[0;32mI (24265) forensics: [CALLBACK_HIST] fixture=6 class=true_steady lower_us=725 n=7[0m
[0;32mI (24275) forensics: [CALLBACK_HIST] fixture=6 class=true_steady lower_us=730 n=6[0m
[0;32mI (24285) forensics: [CALLBACK_HIST] fixture=6 class=true_steady lower_us=735 n=11[0m
[0;32mI (24285) forensics: [CALLBACK_HIST] fixture=6 class=true_steady lower_us=740 n=8[0m
[0;32mI (24295) forensics: [CALLBACK_HIST] fixture=6 class=true_steady lower_us=745 n=8[0m
[0;32mI (24305) forensics: [CALLBACK_HIST] fixture=6 class=true_steady lower_us=750 n=5[0m
[0;32mI (24315) forensics: [CALLBACK_HIST] fixture=6 class=true_steady lower_us=755 n=6[0m
[0;32mI (24325) forensics: [CALLBACK_HIST] fixture=6 class=true_steady lower_us=760 n=4[0m
[0;32mI (24335) forensics: [CALLBACK_HIST] fixture=6 class=true_steady lower_us=765 n=1[0m
[0;32mI (24335) forensics: [CALLBACK_HIST] fixture=6 class=true_steady lower_us=770 n=1[0m
[0;32mI (24345) forensics: [CALLBACK_HIST] fixture=6 class=true_steady lower_us=780 n=1[0m
[0;32mI (24355) forensics: [CALLBACK_HIST] fixture=6 class=true_steady lower_us=790 n=3[0m
[0;32mI (24365) forensics: [CALLBACK_HIST] fixture=6 class=true_steady lower_us=795 n=4[0m
[0;32mI (24375) forensics: [CALLBACK_HIST] fixture=6 class=true_steady lower_us=800 n=1[0m
[0;32mI (24375) forensics: [CALLBACK_HIST] fixture=6 class=true_steady lower_us=805 n=2[0m
[0;32mI (24385) forensics: [CALLBACK_HIST] fixture=6 class=true_steady lower_us=810 n=4[0m
[0;32mI (24395) forensics: [CALLBACK_HIST] fixture=6 class=true_steady lower_us=815 n=1[0m
[0;32mI (24405) forensics: [CALLBACK_HIST] fixture=6 class=true_steady lower_us=820 n=4[0m
[0;32mI (24415) forensics: [CALLBACK_HIST] fixture=6 class=true_steady lower_us=825 n=1[0m
[0;32mI (24425) forensics: [CALLBACK_HIST] fixture=6 class=true_steady lower_us=850 n=1[0m
[0;32mI (24425) forensics: [CURVE] model=VIBRAPHONE fixture=6 voices=4 class=attack_tail n=22 avg_us=899.25 p95_us=910 p99_us=915 p995_us=915 p999_us=915 max_us=911 deadline=0 bad_voices=0 ble_lost=0 hard=0 sat=0 bin_us=5 max_observed_voices=4[0m
[0;32mI (24455) forensics: [HIST] fixture=6 class=attack_tail lower_us=895 n=16[0m
[0;32mI (24455) forensics: [HIST] fixture=6 class=attack_tail lower_us=900 n=3[0m
[0;32mI (24465) forensics: [HIST] fixture=6 class=attack_tail lower_us=905 n=2[0m
[0;32mI (24475) forensics: [HIST] fixture=6 class=attack_tail lower_us=910 n=1[0m
[0;32mI (24475) forensics: [CALLBACK_CURVE] model=VIBRAPHONE fixture=6 voices=4 class=attack_tail n=22 avg_us=923.00 p95_us=930 p99_us=1060 p995_us=1060 p999_us=1060 max_us=1056 deadline=0 overhead_avg_us=23.75[0m
[0;32mI (24495) forensics: [CALLBACK_HIST] fixture=6 class=attack_tail lower_us=905 n=2[0m
[0;32mI (24505) forensics: [CALLBACK_HIST] fixture=6 class=attack_tail lower_us=910 n=4[0m
[0;32mI (24515) forensics: [CALLBACK_HIST] fixture=6 class=attack_tail lower_us=915 n=10[0m
[0;32mI (24525) forensics: [CALLBACK_HIST] fixture=6 class=attack_tail lower_us=920 n=4[0m
[0;32mI (24535) forensics: [CALLBACK_HIST] fixture=6 class=attack_tail lower_us=925 n=1[0m
[0;32mI (24535) forensics: [CALLBACK_HIST] fixture=6 class=attack_tail lower_us=1055 n=1[0m
[0;32mI (24545) forensics: [CURVE] model=VIBRAPHONE fixture=6 voices=4 class=event n=22 avg_us=1043.64 p95_us=1060 p99_us=1070 p995_us=1070 p999_us=1070 max_us=1068 deadline=0 bad_voices=0 ble_lost=0 hard=0 sat=0 bin_us=5 max_observed_voices=4[0m
[0;32mI (24565) forensics: [HIST] fixture=6 class=event lower_us=1015 n=1[0m
[0;32mI (24575) forensics: [HIST] fixture=6 class=event lower_us=1025 n=3[0m
[0;32mI (24585) forensics: [HIST] fixture=6 class=event lower_us=1035 n=4[0m
[0;32mI (24595) forensics: [HIST] fixture=6 class=event lower_us=1040 n=2[0m
[0;32mI (24595) forensics: [HIST] fixture=6 class=event lower_us=1045 n=3[0m
[0;32mI (24605) forensics: [HIST] fixture=6 class=event lower_us=1050 n=6[0m
[0;32mI (24615) forensics: [HIST] fixture=6 class=event lower_us=1055 n=2[0m
[0;32mI (24615) forensics: [HIST] fixture=6 class=event lower_us=1065 n=1[0m
[0;32mI (24625) forensics: [CALLBACK_CURVE] model=VIBRAPHONE fixture=6 voices=4 class=event n=22 avg_us=1097.73 p95_us=1130 p99_us=1130 p995_us=1130 p999_us=1130 max_us=1128 deadline=0 overhead_avg_us=54.09[0m
[0;32mI (24645) forensics: [CALLBACK_HIST] fixture=6 class=event lower_us=1070 n=3[0m
[0;32mI (24655) forensics: [CALLBACK_HIST] fixture=6 class=event lower_us=1080 n=1[0m
[0;32mI (24655) forensics: [CALLBACK_HIST] fixture=6 class=event lower_us=1090 n=4[0m
[0;32mI (24665) forensics: [CALLBACK_HIST] fixture=6 class=event lower_us=1095 n=2[0m
[0;32mI (24675) forensics: [CALLBACK_HIST] fixture=6 class=event lower_us=1100 n=6[0m
[0;32mI (24685) forensics: [CALLBACK_HIST] fixture=6 class=event lower_us=1105 n=4[0m
[0;32mI (24685) forensics: [CALLBACK_HIST] fixture=6 class=event lower_us=1125 n=2[0m
[0;32mI (24695) forensics: [CURVE] model=VIBRAPHONE fixture=6 voices=4 class=fixture_transition n=1 avg_us=477.50 p95_us=480 p99_us=480 p995_us=480 p999_us=480 max_us=478 deadline=0 bad_voices=0 ble_lost=0 hard=0 sat=0 bin_us=5 max_observed_voices=4[0m
[0;32mI (24715) forensics: [HIST] fixture=6 class=fixture_transition lower_us=475 n=1[0m
[0;32mI (24725) forensics: [CALLBACK_CURVE] model=VIBRAPHONE fixture=6 voices=4 class=fixture_transition n=1 avg_us=510.00 p95_us=515 p99_us=515 p995_us=515 p999_us=515 max_us=510 deadline=0 overhead_avg_us=32.50[0m
[0;32mI (24745) forensics: [CALLBACK_HIST] fixture=6 class=fixture_transition lower_us=510 n=1[0m
[0;32mI (24755) forensics: [FASTPATH] fixture=6 stable8=0 attack=8[0m
[0;32mI (24765) forensics: [OVERHEAD] fixture=6 blocks=4096 model_reset_avg_us=1.51 model_reset_max_us=18 queue_avg_us=2.21 queue_max_us=37 render_avg_us=666.26 telem_avg_us=2.46 telem_max_us=72 telem_publishes=512[0m
[0;32mI (25865) pocket_pan_main: [AUDIO] model=PAN blocks=9353 avg_us=1115 p99_us=0 max_us=1900 cpu_load=41.8 deadline=0 timeout=0 tx_error=0 short=0[0m
[0;32mI (25865) pocket_pan_main: [MIDI] push=0 pop=0 drop=0 hwm=0 last=(n=62 v=0 t=78 hex=000000)[0m
[0;32mI (25875) pocket_pan_main: [BLE] state=8 interval_ms=11.25 latency=0 rssi=-59 reconnects=0 last_disconnect=0[0m
[0;32mI (25885) pocket_pan_main: [MEM] internal_free=56287 largest_internal=31744[0m
[0;32mI (25895) pocket_pan_main: [UIREDRAW] urgent=11 telemetry=103 skip=641[0m
[0;32mI (30885) pocket_pan_main: [AUDIO] model=PAN blocks=11235 avg_us=1115 p99_us=1525 max_us=2173 cpu_load=41.8 deadline=0 timeout=0 tx_error=0 short=0[0m
[0;32mI (30885) pocket_pan_main: [MIDI] push=0 pop=0 drop=0 hwm=0 last=(n=62 v=0 t=78 hex=000000)[0m
[0;32mI (30895) pocket_pan_main: [BLE] state=8 interval_ms=11.25 latency=0 rssi=-59 reconnects=0 last_disconnect=0[0m
[0;32mI (30905) pocket_pan_main: [MEM] internal_free=56287 largest_internal=31744[0m
[0;32mI (30915) pocket_pan_main: [UIREDRAW] urgent=11 telemetry=126 skip=784[0m
[0;32mI (34965) forensics: [SAFETY] fixture=7 hard=0 sat=0 nonfinite=0 ble_lost=0[0m
[0;32mI (34965) forensics: [EVENT_ONLY] fixture=7 n=22 avg_us=145.16 max_us=216[0m
[0;32mI (34965) forensics: [FIXTURE_IO] model=VIBRAPHONE fixture=7 avg_us=1114 p99_us=1525 max_us=2173 cpu_pct=41.77 deadline=0 timeouts=0 tx_errors=0 short_writes=0[0m
[0;32mI (34985) forensics: [CURVE] model=VIBRAPHONE fixture=7 voices=8 class=true_steady n=4051 avg_us=1089.23 p95_us=1100 p99_us=1110 p995_us=1125 p999_us=1240 max_us=1239 deadline=0 bad_voices=0 ble_lost=0 hard=0 sat=0 bin_us=5 max_observed_voices=8[0m
[0;32mI (35005) forensics: [HIST] fixture=7 class=true_steady lower_us=1085 n=3382[0m
[0;32mI (35015) forensics: [HIST] fixture=7 class=true_steady lower_us=1090 n=311[0m
[0;32mI (35025) forensics: [HIST] fixture=7 class=true_steady lower_us=1095 n=296[0m
[0;32mI (35025) forensics: [HIST] fixture=7 class=true_steady lower_us=1100 n=17[0m
[0;32mI (35035) forensics: [HIST] fixture=7 class=true_steady lower_us=1105 n=10[0m
[0;32mI (35045) forensics: [HIST] fixture=7 class=true_steady lower_us=1110 n=9[0m
[0;32mI (35055) forensics: [HIST] fixture=7 class=true_steady lower_us=1115 n=5[0m
[0;32mI (35055) forensics: [HIST] fixture=7 class=true_steady lower_us=1120 n=4[0m
[0;32mI (35065) forensics: [HIST] fixture=7 class=true_steady lower_us=1130 n=3[0m
[0;32mI (35075) forensics: [HIST] fixture=7 class=true_steady lower_us=1135 n=1[0m
[0;32mI (35085) forensics: [HIST] fixture=7 class=true_steady lower_us=1145 n=1[0m
[0;32mI (35085) forensics: [HIST] fixture=7 class=true_steady lower_us=1150 n=1[0m
[0;32mI (35095) forensics: [HIST] fixture=7 class=true_steady lower_us=1230 n=1[0m
[0;32mI (35105) forensics: [HIST] fixture=7 class=true_steady lower_us=1235 n=10[0m
[0;32mI (35115) forensics: [CALLBACK_CURVE] model=VIBRAPHONE fixture=7 voices=8 class=true_steady n=4051 avg_us=1103.15 p95_us=1125 p99_us=1205 p995_us=1240 p999_us=1275 max_us=1301 deadline=0 overhead_avg_us=13.92[0m
[0;32mI (35135) forensics: [CALLBACK_HIST] fixture=7 class=true_steady lower_us=690 n=1[0m
[0;32mI (35135) forensics: [CALLBACK_HIST] fixture=7 class=true_steady lower_us=1095 n=2717[0m
[0;32mI (35145) forensics: [CALLBACK_HIST] fixture=7 class=true_steady lower_us=1100 n=468[0m
[0;32mI (35155) forensics: [CALLBACK_HIST] fixture=7 class=true_steady lower_us=1105 n=367[0m
[0;32mI (35165) forensics: [CALLBACK_HIST] fixture=7 class=true_steady lower_us=1110 n=182[0m
[0;32mI (35175) forensics: [CALLBACK_HIST] fixture=7 class=true_steady lower_us=1115 n=82[0m
[0;32mI (35185) forensics: [CALLBACK_HIST] fixture=7 class=true_steady lower_us=1120 n=35[0m
[0;32mI (35185) forensics: [CALLBACK_HIST] fixture=7 class=true_steady lower_us=1125 n=18[0m
[0;32mI (35195) forensics: [CALLBACK_HIST] fixture=7 class=true_steady lower_us=1130 n=17[0m
[0;32mI (35205) forensics: [CALLBACK_HIST] fixture=7 class=true_steady lower_us=1135 n=24[0m
[0;32mI (35215) forensics: [CALLBACK_HIST] fixture=7 class=true_steady lower_us=1140 n=24[0m
[0;32mI (35225) forensics: [CALLBACK_HIST] fixture=7 class=true_steady lower_us=1145 n=11[0m
[0;32mI (35235) forensics: [CALLBACK_HIST] fixture=7 class=true_steady lower_us=1150 n=16[0m
[0;32mI (35235) forensics: [CALLBACK_HIST] fixture=7 class=true_steady lower_us=1155 n=8[0m
[0;32mI (35245) forensics: [CALLBACK_HIST] fixture=7 class=true_steady lower_us=1160 n=6[0m
[0;32mI (35255) forensics: [CALLBACK_HIST] fixture=7 class=true_steady lower_us=1165 n=5[0m
[0;32mI (35265) forensics: [CALLBACK_HIST] fixture=7 class=true_steady lower_us=1170 n=2[0m
[0;32mI (35275) forensics: [CALLBACK_HIST] fixture=7 class=true_steady lower_us=1175 n=5[0m
[0;32mI (35285) forensics: [CALLBACK_HIST] fixture=7 class=true_steady lower_us=1180 n=7[0m
[0;32mI (35285) forensics: [CALLBACK_HIST] fixture=7 class=true_steady lower_us=1185 n=7[0m
[0;32mI (35295) forensics: [CALLBACK_HIST] fixture=7 class=true_steady lower_us=1190 n=3[0m
[0;32mI (35305) forensics: [CALLBACK_HIST] fixture=7 class=true_steady lower_us=1195 n=4[0m
[0;32mI (35315) forensics: [CALLBACK_HIST] fixture=7 class=true_steady lower_us=1200 n=3[0m
[0;32mI (35325) forensics: [CALLBACK_HIST] fixture=7 class=true_steady lower_us=1205 n=1[0m
[0;32mI (35335) forensics: [CALLBACK_HIST] fixture=7 class=true_steady lower_us=1210 n=5[0m
[0;32mI (35335) forensics: [CALLBACK_HIST] fixture=7 class=true_steady lower_us=1215 n=1[0m
[0;32mI (35345) forensics: [CALLBACK_HIST] fixture=7 class=true_steady lower_us=1220 n=3[0m
[0;32mI (35355) forensics: [CALLBACK_HIST] fixture=7 class=true_steady lower_us=1225 n=2[0m
[0;32mI (35365) forensics: [CALLBACK_HIST] fixture=7 class=true_steady lower_us=1230 n=5[0m
[0;32mI (35375) forensics: [CALLBACK_HIST] fixture=7 class=true_steady lower_us=1235 n=3[0m
[0;32mI (35375) forensics: [CALLBACK_HIST] fixture=7 class=true_steady lower_us=1240 n=3[0m
[0;32mI (35385) forensics: [CALLBACK_HIST] fixture=7 class=true_steady lower_us=1245 n=2[0m
[0;32mI (35395) forensics: [CALLBACK_HIST] fixture=7 class=true_steady lower_us=1250 n=4[0m
[0;32mI (35405) forensics: [CALLBACK_HIST] fixture=7 class=true_steady lower_us=1255 n=3[0m
[0;32mI (35415) forensics: [CALLBACK_HIST] fixture=7 class=true_steady lower_us=1265 n=1[0m
[0;32mI (35425) forensics: [CALLBACK_HIST] fixture=7 class=true_steady lower_us=1270 n=2[0m
[0;32mI (35425) forensics: [CALLBACK_HIST] fixture=7 class=true_steady lower_us=1275 n=1[0m
[0;32mI (35435) forensics: [CALLBACK_HIST] fixture=7 class=true_steady lower_us=1280 n=1[0m
[0;32mI (35445) forensics: [CALLBACK_HIST] fixture=7 class=true_steady lower_us=1295 n=1[0m
[0;32mI (35455) forensics: [CALLBACK_HIST] fixture=7 class=true_steady lower_us=1300 n=1[0m
[0;32mI (35465) forensics: [CURVE] model=VIBRAPHONE fixture=7 voices=8 class=attack_tail n=22 avg_us=1533.31 p95_us=1540 p99_us=1540 p995_us=1540 p999_us=1540 max_us=1539 deadline=0 bad_voices=0 ble_lost=0 hard=0 sat=0 bin_us=5 max_observed_voices=8[0m
[0;32mI (35485) forensics: [HIST] fixture=7 class=attack_tail lower_us=1530 n=18[0m
[0;32mI (35495) forensics: [HIST] fixture=7 class=attack_tail lower_us=1535 n=4[0m
[0;32mI (35495) forensics: [CALLBACK_CURVE] model=VIBRAPHONE fixture=7 voices=8 class=attack_tail n=22 avg_us=1552.36 p95_us=1565 p99_us=1575 p995_us=1575 p999_us=1575 max_us=1570 deadline=0 overhead_avg_us=19.05[0m
[0;32mI (35515) forensics: [CALLBACK_HIST] fixture=7 class=attack_tail lower_us=1540 n=2[0m
[0;32mI (35525) forensics: [CALLBACK_HIST] fixture=7 class=attack_tail lower_us=1545 n=5[0m
[0;32mI (35535) forensics: [CALLBACK_HIST] fixture=7 class=attack_tail lower_us=1550 n=9[0m
[0;32mI (35545) forensics: [CALLBACK_HIST] fixture=7 class=attack_tail lower_us=1555 n=4[0m
[0;32mI (35555) forensics: [CALLBACK_HIST] fixture=7 class=attack_tail lower_us=1560 n=1[0m
[0;32mI (35555) forensics: [CALLBACK_HIST] fixture=7 class=attack_tail lower_us=1570 n=1[0m
[0;32mI (35565) forensics: [CURVE] model=VIBRAPHONE fixture=7 voices=8 class=event n=22 avg_us=1849.06 p95_us=1855 p99_us=1980 p995_us=1980 p999_us=1980 max_us=1975 deadline=0 bad_voices=0 ble_lost=0 hard=0 sat=0 bin_us=5 max_observed_voices=8[0m
[0;32mI (35585) forensics: [HIST] fixture=7 class=event lower_us=1800 n=1[0m
[0;32mI (35595) forensics: [HIST] fixture=7 class=event lower_us=1835 n=1[0m
[0;32mI (35605) forensics: [HIST] fixture=7 class=event lower_us=1840 n=10[0m
[0;32mI (35615) forensics: [HIST] fixture=7 class=event lower_us=1845 n=4[0m
[0;32mI (35615) forensics: [HIST] fixture=7 class=event lower_us=1850 n=5[0m
[0;32mI (35625) forensics: [HIST] fixture=7 class=event lower_us=1975 n=1[0m
[0;32mI (35635) forensics: [CALLBACK_CURVE] model=VIBRAPHONE fixture=7 voices=8 class=event n=22 avg_us=1910.00 p95_us=1915 p99_us=2175 p995_us=2175 p999_us=2175 max_us=2173 deadline=0 overhead_avg_us=60.94[0m
[0;32mI (35645) forensics: [CALLBACK_HIST] fixture=7 class=event lower_us=1845 n=1[0m
[0;32mI (35655) forensics: [CALLBACK_HIST] fixture=7 class=event lower_us=1885 n=1[0m
[0;32mI (35665) forensics: [CALLBACK_HIST] fixture=7 class=event lower_us=1890 n=1[0m
[0;32mI (35675) forensics: [CALLBACK_HIST] fixture=7 class=event lower_us=1895 n=9[0m
[0;32mI (35685) forensics: [CALLBACK_HIST] fixture=7 class=event lower_us=1900 n=5[0m
[0;32mI (35685) forensics: [CALLBACK_HIST] fixture=7 class=event lower_us=1905 n=3[0m
[0;32mI (35695) forensics: [CALLBACK_HIST] fixture=7 class=event lower_us=1910 n=1[0m
[0;32mI (35705) forensics: [CALLBACK_HIST] fixture=7 class=event lower_us=2170 n=1[0m
[0;32mI (35715) forensics: [CURVE] model=VIBRAPHONE fixture=7 voices=8 class=fixture_transition n=1 avg_us=471.47 p95_us=475 p99_us=475 p995_us=475 p999_us=475 max_us=472 deadline=0 bad_voices=0 ble_lost=0 hard=0 sat=0 bin_us=5 max_observed_voices=8[0m
[0;32mI (35735) forensics: [HIST] fixture=7 class=fixture_transition lower_us=470 n=1[0m
[0;32mI (35745) forensics: [CALLBACK_CURVE] model=VIBRAPHONE fixture=7 voices=8 class=fixture_transition n=1 avg_us=503.00 p95_us=505 p99_us=505 p995_us=505 p999_us=505 max_us=503 deadline=0 overhead_avg_us=31.53[0m
[0;32mI (35765) forensics: [CALLBACK_HIST] fixture=7 class=fixture_transition lower_us=500 n=1[0m
[0;32mI (35765) forensics: [FASTPATH] fixture=7 stable8=147 attack=16[0m
[0;32mI (35775) forensics: [OVERHEAD] fixture=7 blocks=4096 model_reset_avg_us=1.54 model_reset_max_us=17 queue_avg_us=2.19 queue_max_us=41 render_avg_us=1100.58 telem_avg_us=2.73 telem_max_us=74 telem_publishes=512[0m
[0;32mI (35885) pocket_pan_main: [AUDIO] model=PAN blocks=13111 avg_us=10 p99_us=1525 max_us=2173 cpu_load=0.4 deadline=0 timeout=0 tx_error=0 short=0[0m
[0;32mI (35885) pocket_pan_main: [MIDI] push=0 pop=0 drop=0 hwm=0 last=(n=62 v=0 t=78 hex=000000)[0m
[0;32mI (35895) pocket_pan_main: [BLE] state=8 interval_ms=11.25 latency=0 rssi=-59 reconnects=0 last_disconnect=0[0m
[0;32mI (35905) pocket_pan_main: [MEM] internal_free=56287 largest_internal=31744[0m
[0;32mI (35915) pocket_pan_main: [UIREDRAW] urgent=11 telemetry=146 skip=902[0m
[0;32mI (40905) pocket_pan_main: [AUDIO] model=PAN blocks=14994 avg_us=9 p99_us=25 max_us=2173 cpu_load=0.3 deadline=0 timeout=0 tx_error=0 short=0[0m
[0;32mI (40905) pocket_pan_main: [MIDI] push=0 pop=0 drop=0 hwm=0 last=(n=62 v=0 t=78 hex=000000)[0m
[0;32mI (40915) pocket_pan_main: [BLE] state=8 interval_ms=11.25 latency=0 rssi=-59 reconnects=0 last_disconnect=0[0m
[0;32mI (40925) pocket_pan_main: [MEM] internal_free=56287 largest_internal=31744[0m
[0;32mI (40935) pocket_pan_main: [UIREDRAW] urgent=11 telemetry=159 skip=1055[0m
