[0;32mI (124) esp_image: segment 1: paddr=00030dcc vaddr=3fca44ESP-ROM:esp32s3-20210327
Build:Mar 27 2021
rst:0x15 (USB_UART_CHIP_RESET),boot:0x8 (SPI_FAST_FLASH_BOOT)
Saved PC:0x4200a210
SPIWP:0xee
mode:DIO, clock div:1
load:0x3fce2810,len:0x178c
load:0x403c8700,len:0x4
load:0x403c8704,len:0xcb8
load:0x403cb700,len:0x2db0
entry 0x403c8914
[0;32mI (26) boot: ESP-IDF v5.3-dirty 2nd stage bootloader[0m
[0;32mI (27) boot: compile time Oct  1 2026 19:28:03[0m
[0;32mI (27) boot: Multicore bootloader[0m
[0;32mI (30) boot: chip revision: v0.2[0m
[0;32mI (34) boot.esp32s3: Boot SPI Speed : 80MHz[0m
[0;32mI (39) boot.esp32s3: SPI Mode       : DIO[0m
[0;32mI (43) boot.esp32s3: SPI Flash Size : 4MB[0m
[0;32mI (48) boot: Enabling RNG early entropy source...[0m
[0;32mI (54) boot: Partition Table:[0m
[0;32mI (57) boot: ## Label            Usage          Type ST Offset   Length[0m
[0;32mI (64) boot:  0 nvs              WiFi data        01 02 00009000 00006000[0m
[0;32mI (72) boot:  1 phy_init         RF data          01 01 0000f000 00001000[0m
[0;32mI (79) boot:  2 factory          factory app      00 00 00010000 00100000[0m
[0;32mI (87) boot: End of partition table[0m
[0;32mI (91) esp_image: segment 0: paddr=00010020 vaddr=3c070020 size=20da4h (134564) map[0m
[0;32mI (124) esp_image: segment 1: paddr=00030dcc vaddr=3fca4400 size=04500h ( 17664) load[0m
[0;32mI (128) esp_image: segment 2: paddr=000352d4 vaddr=40374000 size=0ad44h ( 44356) load[0m
[0;32mI (139) esp_image: segment 3: paddr=00040020 vaddr=42000020 size=65ad0h (416464) map[0m
[0;32mI (214) esp_image: segment 4: paddr=000a5af8 vaddr=4037ed44 size=1565ch ( 87644) load[0m
[0;32mI (247) boot: Loaded app from partition at offset 0x10000[0m
[0;32mI (247) boot: Disabling RNG early entropy source...[0m
[0;32mI (259) esp_psram: Found 2MB PSRAM device[0m
[0;32mI (259) esp_psram: Speed: 40MHz[0m
[0;32mI (259) cpu_start: Multicore app[0m
[0;32mI (679) esp_psram: SPI SRAM memory test OK[0m
[0;32mI (688) cpu_start: Pro cpu start user code[0m
[0;32mI (688) cpu_start: cpu freq: 240000000 Hz[0m
[0;32mI (688) app_init: Application information:[0m
[0;32mI (691) app_init: Project name:     pocket_pan[0m
[0;32mI (696) app_init: App version:      b6454c6-dirty[0m
[0;32mI (702) app_init: Compile time:     Oct  1 2026 19:24:02[0m
[0;32mI (708) app_init: ELF file SHA256:  ac527d393...[0m
[0;32mI (713) app_init: ESP-IDF:          v5.3-dirty[0m
[0;32mI (718) efuse_init: Min chip rev:     v0.0[0m
[0;32mI (723) efuse_init: Max chip rev:     v0.99 [0m
[0;32mI (728) efuse_init: Chip rev:         v0.2[0m
[0;32mI (733) heap_init: Initializing. RAM available for dynamic allocation:[0m
[0;32mI (740) heap_init: At 3FCCA5E0 len 0001F130 (124 KiB): RAM[0m
[0;32mI (746) heap_init: At 3FCE9710 len 00005724 (21 KiB): RAM[0m
[0;32mI (752) heap_init: At 3FCF0000 len 00008000 (32 KiB): DRAM[0m
[0;32mI (758) heap_init: At 600FE100 len 00001EE8 (7 KiB): RTCRAM[0m
[0;32mI (765) esp_psram: Adding pool of 2048K of PSRAM memory to heap allocator[0m
[0;32mI (773) spi_flash: detected chip: generic[0m
[0;32mI (776) spi_flash: flash io: dio[0m
[0;32mI (781) sleep: Configure to isolate all GPIO pins in sleep state[0m
[0;32mI (787) sleep: Enable automatic switching of GPIO sleep configuration[0m
[0;32mI (794) coexist: coex firmware version: dab85ae96[0m
[0;32mI (800) coexist: coexist rom version e7ae62f[0m
[0;32mI (805) main_task: Started on CPU0[0m
[0;32mI (815) esp_psram: Reserving pool of 32K of internal memory for DMA/internal allocations[0m
[0;32mI (815) main_task: Calling app_main()[0m
[0;32mI (825) pocket_pan_main: [MEM_STAGE] stage=entry internal_free=163803 largest_internal=69632 psram_free=2094528[0m
[0;32mI (835) pocket_pan_main: ===============================================[0m
[0;32mI (835) pocket_pan_main:   Pocket Pan / Metal Modal Synthesizer v1.0.0[0m
[0;32mI (845) pocket_pan_main:   Hardware: TENSTAR TS-ESP32-S3 (Feather TFT)[0m
[0;32mI (855) pocket_pan_main: ===============================================[0m
[0;32mI (865) pocket_pan_main: [FORENSICS] candidate=25 profile=0 cpu_mhz=240 optimization_perf=1 process6=1 fine_bins=5 critical_only=0[0m
[0;32mI (895) pocket_pan_main: [MEM_STAGE] stage=dsp_ready internal_free=163803 largest_internal=69632 psram_free=2094528[0m
[0;32mI (895) gpio: GPIO[10]| InputEn: 0| OutputEn: 1| OpenDrain: 0| Pullup: 0| Pulldown: 1| Intr:0 [0m
[0;32mI (905) AudioI2S: I2S TX initialized (48kHz, 32-bit slot, stereo, 6x128 frames DMA = 1024 bytes/buf)[0m
[0;32mI (925) AudioI2S: Audio task started on Core 0 at priority 12[0m
[0;32mI (925) pocket_pan_main: [MEM_STAGE] stage=i2s_ready internal_free=149071 largest_internal=55296 psram_free=2094528[0m
[0;32mI (935) Display: [DISP_MEM_PRE] before: int_free=149071 int_largest=55296 psram_free=2094528[0m
[0;33mW (945) Display: Internal SRAM (64800 B) exhausted; falling back to PSRAM[0m
[0;32mI (955) Display: [DISP_MEM] framebuffer=0x3c0a0a44 (size=64800, align=4, internal=0, dma=0, psram=1)[0m
[0;32mI (965) Display: [DISP_MEM] scratch=0x3fcdbcb4 (size=9600, align=4, internal=1, dma=1)[0m
[0;32mI (965) Display: [DISP_MEM] before: int_free=149071 int_largest=55296 psram_free=2094528[0m
[0;32mI (975) Display: [DISP_MEM] after:  int_free=139467 int_largest=45056 psram_free=2029724[0m
[0;32mI (985) gpio: GPIO[39]| InputEn: 0| OutputEn: 1| OpenDrain: 0| Pullup: 0| Pulldown: 0| Intr:0 [0m
[0;32mI (995) gpio: GPIO[40]| InputEn: 0| OutputEn: 1| OpenDrain: 0| Pullup: 0| Pulldown: 0| Intr:0 [0m
[0;32mI (1005) gpio: GPIO[21]| InputEn: 0| OutputEn: 1| OpenDrain: 0| Pullup: 0| Pulldown: 0| Intr:0 [0m
[0;32mI (1235) gpio: GPIO[45]| InputEn: 0| OutputEn: 1| OpenDrain: 0| Pullup: 0| Pulldown: 0| Intr:0 [0m
[0;31mE (1245) lcd_panel.io.spi: panel_io_spi_tx_color(390): spi transmit (queue) color failed[0m
[0;31mE (1245) lcd_panel.st7789: panel_st7789_draw_bitmap(223): io tx color failed[0m
[0;32mI (1245) Display: ST7789 240x135 display initialized successfully (SPI 40MHz, GDMA callback armed)[0m
[0;32mI (1255) pocket_pan_main: [CANARY] PreparedNote canaries OK=1[0m
[0;32mI (1265) pocket_pan_main: [MEM_STAGE] stage=display_ready internal_free=104331 largest_internal=31744 psram_free=2029724[0m
[0;32mI (1275) BLE_INIT: BT controller compile version [ba3b3e3][0m
[0;32mI (1285) BLE_INIT: Bluetooth MAC: b4:3a:45:ae:6f:2a[0m
[0;32mI (1285) phy_init: phy_version 680,a6008b2,Jun  4 2024,16:41:10[0m
[0;32mI (1325) BleMidi: NimBLE BLE MIDI Central initialized and pinned to Core 1[0m
[0;32mI (1325) BleMidi: NimBLE Host task running on Core 1[0m
[0;32mI (1335) pocket_pan_main: [MEM_STAGE] stage=ble_ready internal_free=44043 largest_internal=31744 psram_free=2029724[0m
[0;32mI (1335) NimBLE: Failed to restore IRKs from store; status=8
[0m
[0;32mI (1345) pocket_pan_main: [M75_MEMORY] table_bytes=9640 cache_bytes=60552 synth_bytes=81668 internal_free=44007 largest_internal=31744[0m
[0;32mI (1345) NimBLE: GAP procedure initiated: discovery; [0m
[0;32mI (1365) pocket_pan_main: [UDU_CACHE] compact_bytes=5928 modal_models=9[0m
[0;32mI (1365) NimBLE: own_addr_type=0 filter_policy=0 passive=0 limited=0 filter_duplicates=1 [0m
[0;32mI (1375) pocket_pan_main: [CACHE_LAYOUT] packed=1 storage_bytes=60552 note_scratch_bytes=132[0m
[0;32mI (1385) NimBLE: duration=forever[0m
[0;32mI (1395) pocket_pan_main: [UDU_STATE] voice_bytes=124 fixed_reference=0[0m
[0;32mI (1395) NimBLE: 
[0m
[0;32mI (1405) pocket_pan_main: [MEM_STAGE] stage=ui_ready internal_free=39563 largest_internal=31744 psram_free=2029724[0m
[0;32mI (1405) BleMidi: Scanning for BLE MIDI devices...[0m
[0;32mI (1405) gpio: GPIO[0]| InputEn: 1| OutputEn: 0| OpenDrain: 0| Pullup: 1| Pulldown: 0| Intr:0 [0m
[0;32mI (1415) pocket_pan_main: Pocket Pan initialization complete. Realtime audio active.[0m
[0;32mI (1445) main_task: Returned from app_main()[0m
[0;31mE (1445) lcd_panel.io.spi: panel_io_spi_tx_color(390): spi transmit (queue) color failed[0m
[0;31mE (1455) lcd_panel.st7789: panel_st7789_draw_bitmap(223): io tx color failed[0m
[0;32mI (1605) BleMidi: BLE MIDI device found (59:FB:B6:B7:BF:0F); connecting[0m
[0;32mI (1605) NimBLE: GAP procedure initiated: connect; [0m
[0;32mI (1605) NimBLE: peer_addr_type=0 peer_addr=[0m
[0;32mI (1615) NimBLE: 59:fb:b6:b7:bf:0f[0m
[0;32mI (1615) NimBLE:  scan_itvl=16 scan_window=16 itvl_min=24 itvl_max=40 latency=0 supervision_timeout=256 min_ce_len=0 max_ce_len=0 own_addr_type=0[0m
[0;32mI (1625) NimBLE: 
[0m
[0;32mI (1705) BleMidi: BLE Connected! conn_handle=1[0m
[0;32mI (1705) NimBLE: GAP procedure initiated: [0m
[0;32mI (1715) NimBLE: connection parameter update; conn_handle=1 itvl_min=6 itvl_max=12 latency=0 supervision_timeout=200 min_ce_len=0 max_ce_len=0[0m
[0;32mI (1725) NimBLE: 
[0m
[0;32mI (1725) BleMidi: Requested connection params 7.5-15ms latency=0 timeout=2s rc=0[0m
[0;32mI (1735) NimBLE: GATT procedure initiated: discover all services
[0m
[0;32mI (2035) BleMidi: Found BLE MIDI Service! start_handle=112 end_handle=115[0m
[0;32mI (2035) NimBLE: GATT procedure initiated: discover all characteristics; [0m
[0;32mI (2035) NimBLE: start_handle=112 end_handle=115
[0m
[0;32mI (2135) BleMidi: Found BLE MIDI Characteristic! def_handle=113 val_handle=114 props=0x16[0m
[0;32mI (2135) NimBLE: GATT procedure initiated: discover all descriptors; [0m
[0;32mI (2135) NimBLE: chr_val_handle=114 end_handle=115
[0m
[0;32mI (2235) BleMidi: Discovered CCCD (0x2902) handle=115[0m
[0;32mI (2235) NimBLE: GATT procedure initiated: write; [0m
[0;32mI (2235) NimBLE: att_handle=115 len=2
[0m
[0;32mI (2285) BleMidi: Negotiated params interval=7.50ms latency=0 timeout=2000ms[0m
[0;32mI (2295) BleMidi: CCCD subscription successful; BLE MIDI ready[0m
[0;32mI (2295) NimBLE: GAP procedure initiated: [0m
[0;32mI (2295) NimBLE: connection parameter update; conn_handle=1 itvl_min=6 itvl_max=9 latency=0 supervision_timeout=100 min_ce_len=0 max_ce_len=0[0m
[0;32mI (2315) NimBLE: 
[0m
[0;32mI (2395) BleMidi: Negotiated params interval=11.25ms latency=0 timeout=1000ms[0m
[0;32mI (5825) pocket_pan_main: [AUDIO] model=PAN blocks=1838 avg_us=481 p99_us=0 max_us=1218 cpu_load=18.0 deadline=0 timeout=0 tx_error=0 short=0[0m
[0;32mI (5825) pocket_pan_main: [MIDI] push=1 pop=1 drop=0 hwm=1 last=(n=50 v=75 t=78 hex=90324B)[0m
[0;32mI (5835) pocket_pan_main: [BLE] state=8 interval_ms=11.25 latency=0 rssi=-60 reconnects=0 last_disconnect=0[0m
[0;32mI (5845) pocket_pan_main: [MEM] internal_free=77111 largest_internal=31744[0m
[0;32mI (5855) pocket_pan_main: [UIREDRAW] urgent=8 telemetry=16 skip=121[0m
[0;32mI (10835) pocket_pan_main: [AUDIO] model=PAN blocks=3718 avg_us=483 p99_us=700 max_us=1218 cpu_load=18.1 deadline=0 timeout=0 tx_error=0 short=0[0m
[0;32mI (10835) pocket_pan_main: [MIDI] push=1 pop=1 drop=0 hwm=1 last=(n=50 v=75 t=78 hex=90324B)[0m
[0;32mI (10845) pocket_pan_main: [BLE] state=8 interval_ms=11.25 latency=0 rssi=-59 reconnects=0 last_disconnect=0[0m
[0;32mI (10855) pocket_pan_main: [MEM] internal_free=77111 largest_internal=31744[0m
[0;32mI (10865) pocket_pan_main: [UIREDRAW] urgent=8 telemetry=36 skip=267[0m
[0;32mI (13245) forensics: [SAFETY] fixture=13 hard=0 sat=0 nonfinite=0 ble_lost=0[0m
[0;32mI (13245) forensics: [EVENT_ONLY] fixture=13 n=512 avg_us=85.64 max_us=495[0m
[0;32mI (13245) forensics: [FIXTURE_IO] model=MBIRA fixture=13 avg_us=480 p99_us=700 max_us=1218 cpu_pct=18.00 deadline=0 timeouts=0 tx_errors=0 short_writes=0[0m
[0;32mI (13265) forensics: [CURVE] model=MBIRA fixture=13 voices=1 class=true_steady n=3583 avg_us=447.41 p95_us=460 p99_us=465 p995_us=470 p999_us=475 max_us=486 deadline=0 bad_voices=0 ble_lost=0 hard=0 sat=0 bin_us=5 max_observed_voices=1[0m
[0;32mI (13285) forensics: [HIST] fixture=13 class=true_steady lower_us=425 n=7[0m
[0;32mI (13295) forensics: [HIST] fixture=13 class=true_steady lower_us=445 n=3222[0m
[0;32mI (13305) forensics: [HIST] fixture=13 class=true_steady lower_us=450 n=149[0m
[0;32mI (13305) forensics: [HIST] fixture=13 class=true_steady lower_us=455 n=144[0m
[0;32mI (13315) forensics: [HIST] fixture=13 class=true_steady lower_us=460 n=35[0m
[0;32mI (13325) forensics: [HIST] fixture=13 class=true_steady lower_us=465 n=11[0m
[0;32mI (13335) forensics: [HIST] fixture=13 class=true_steady lower_us=470 n=14[0m
[0;32mI (13335) forensics: [HIST] fixture=13 class=true_steady lower_us=485 n=1[0m
[0;32mI (13345) forensics: [CALLBACK_CURVE] model=MBIRA fixture=13 voices=1 class=true_steady n=3582 avg_us=464.62 p95_us=520 p99_us=560 p995_us=585 p999_us=625 max_us=683 deadline=0 overhead_avg_us=17.22[0m
[0;32mI (13365) forensics: [CALLBACK_HIST] fixture=13 class=true_steady lower_us=430 n=4[0m
[0;32mI (13375) forensics: [CALLBACK_HIST] fixture=13 class=true_steady lower_us=445 n=1[0m
[0;32mI (13385) forensics: [CALLBACK_HIST] fixture=13 class=true_steady lower_us=450 n=658[0m
[0;32mI (13385) forensics: [CALLBACK_HIST] fixture=13 class=true_steady lower_us=455 n=2000[0m
[0;32mI (13395) forensics: [CALLBACK_HIST] fixture=13 class=true_steady lower_us=460 n=104[0m
[0;32mI (13405) forensics: [CALLBACK_HIST] fixture=13 class=true_steady lower_us=465 n=100[0m
[0;32mI (13415) forensics: [CALLBACK_HIST] fixture=13 class=true_steady lower_us=470 n=87[0m
[0;32mI (13425) forensics: [CALLBACK_HIST] fixture=13 class=true_steady lower_us=475 n=173[0m
[0;32mI (13435) forensics: [CALLBACK_HIST] fixture=13 class=true_steady lower_us=480 n=57[0m
[0;32mI (13435) forensics: [CALLBACK_HIST] fixture=13 class=true_steady lower_us=485 n=14[0m
[0;32mI (13445) forensics: [CALLBACK_HIST] fixture=13 class=true_steady lower_us=490 n=22[0m
[0;32mI (13455) forensics: [CALLBACK_HIST] fixture=13 class=true_steady lower_us=495 n=31[0m
[0;32mI (13465) forensics: [CALLBACK_HIST] fixture=13 class=true_steady lower_us=500 n=56[0m
[0;32mI (13475) forensics: [CALLBACK_HIST] fixture=13 class=true_steady lower_us=505 n=49[0m
[0;32mI (13485) forensics: [CALLBACK_HIST] fixture=13 class=true_steady lower_us=510 n=34[0m
[0;32mI (13485) forensics: [CALLBACK_HIST] fixture=13 class=true_steady lower_us=515 n=35[0m
[0;32mI (13495) forensics: [CALLBACK_HIST] fixture=13 class=true_steady lower_us=520 n=54[0m
[0;32mI (13505) forensics: [CALLBACK_HIST] fixture=13 class=true_steady lower_us=525 n=25[0m
[0;32mI (13515) forensics: [CALLBACK_HIST] fixture=13 class=true_steady lower_us=530 n=14[0m
[0;32mI (13525) forensics: [CALLBACK_HIST] fixture=13 class=true_steady lower_us=535 n=13[0m
[0;32mI (13535) forensics: [CALLBACK_HIST] fixture=13 class=true_steady lower_us=540 n=5[0m
[0;32mI (13535) forensics: [CALLBACK_HIST] fixture=13 class=true_steady lower_us=550 n=4[0m
[0;32mI (13545) forensics: [CALLBACK_HIST] fixture=13 class=true_steady lower_us=555 n=7[0m
[0;32mI (13555) forensics: [CALLBACK_HIST] fixture=13 class=true_steady lower_us=560 n=6[0m
[0;32mI (13565) forensics: [CALLBACK_HIST] fixture=13 class=true_steady lower_us=565 n=3[0m
[0;32mI (13575) forensics: [CALLBACK_HIST] fixture=13 class=true_steady lower_us=570 n=1[0m
[0;32mI (13585) forensics: [CALLBACK_HIST] fixture=13 class=true_steady lower_us=575 n=7[0m
[0;32mI (13585) forensics: [CALLBACK_HIST] fixture=13 class=true_steady lower_us=580 n=1[0m
[0;32mI (13595) forensics: [CALLBACK_HIST] fixture=13 class=true_steady lower_us=585 n=3[0m
[0;32mI (13605) forensics: [CALLBACK_HIST] fixture=13 class=true_steady lower_us=590 n=3[0m
[0;32mI (13615) forensics: [CALLBACK_HIST] fixture=13 class=true_steady lower_us=595 n=1[0m
[0;32mI (13625) forensics: [CALLBACK_HIST] fixture=13 class=true_steady lower_us=600 n=3[0m
[0;32mI (13635) forensics: [CALLBACK_HIST] fixture=13 class=true_steady lower_us=615 n=2[0m
[0;32mI (13635) forensics: [CALLBACK_HIST] fixture=13 class=true_steady lower_us=620 n=2[0m
[0;32mI (13645) forensics: [CALLBACK_HIST] fixture=13 class=true_steady lower_us=625 n=1[0m
[0;32mI (13655) forensics: [CALLBACK_HIST] fixture=13 class=true_steady lower_us=630 n=1[0m
[0;32mI (13665) forensics: [CALLBACK_HIST] fixture=13 class=true_steady lower_us=680 n=1[0m
[0;32mI (13675) forensics: [CURVE] model=MBIRA fixture=13 voices=1 class=attack_tail n=0 avg_us=0.00 p95_us=0 p99_us=0 p995_us=0 p999_us=0 max_us=0 deadline=0 bad_voices=0 ble_lost=0 hard=0 sat=0 bin_us=5 max_observed_voices=1[0m
[0;32mI (13695) forensics: [CALLBACK_CURVE] model=MBIRA fixture=13 voices=1 class=attack_tail n=0 avg_us=0.00 p95_us=0 p99_us=0 p995_us=0 p999_us=0 max_us=0 deadline=0 overhead_avg_us=0.00[0m
[0;32mI (13705) forensics: [CURVE] model=MBIRA fixture=13 voices=1 class=event n=512 avg_us=599.17 p95_us=725 p99_us=780 p995_us=790 p999_us=1100 max_us=1095 deadline=0 bad_voices=0 ble_lost=0 hard=0 sat=0 bin_us=5 max_observed_voices=1[0m
[0;32mI (13735) forensics: [HIST] fixture=13 class=event lower_us=520 n=25[0m
[0;32mI (13735) forensics: [HIST] fixture=13 class=event lower_us=525 n=20[0m
[0;32mI (13745) forensics: [HIST] fixture=13 class=event lower_us=530 n=3[0m
[0;32mI (13755) forensics: [HIST] fixture=13 class=event lower_us=535 n=33[0m
[0;32mI (13755) forensics: [HIST] fixture=13 class=event lower_us=540 n=12[0m
[0;32mI (13765) forensics: [HIST] fixture=13 class=event lower_us=545 n=9[0m
[0;32mI (13775) forensics: [HIST] fixture=13 class=event lower_us=550 n=14[0m
[0;32mI (13775) forensics: [HIST] fixture=13 class=event lower_us=555 n=7[0m
[0;32mI (13785) forensics: [HIST] fixture=13 class=event lower_us=560 n=7[0m
[0;32mI (13795) forensics: [HIST] fixture=13 class=event lower_us=565 n=9[0m
[0;32mI (13795) forensics: [HIST] fixture=13 class=event lower_us=570 n=11[0m
[0;32mI (13805) forensics: [HIST] fixture=13 class=event lower_us=575 n=14[0m
[0;32mI (13815) forensics: [HIST] fixture=13 class=event lower_us=580 n=11[0m
[0;32mI (13825) forensics: [HIST] fixture=13 class=event lower_us=585 n=12[0m
[0;32mI (13825) forensics: [HIST] fixture=13 class=event lower_us=590 n=24[0m
[0;32mI (13835) forensics: [HIST] fixture=13 class=event lower_us=595 n=71[0m
[0;32mI (13845) forensics: [HIST] fixture=13 class=event lower_us=600 n=34[0m
[0;32mI (13845) forensics: [HIST] fixture=13 class=event lower_us=605 n=36[0m
[0;32mI (13855) forensics: [HIST] fixture=13 class=event lower_us=610 n=45[0m
[0;32mI (13865) forensics: [HIST] fixture=13 class=event lower_us=615 n=30[0m
[0;32mI (13875) forensics: [HIST] fixture=13 class=event lower_us=620 n=12[0m
[0;32mI (13875) forensics: [HIST] fixture=13 class=event lower_us=625 n=4[0m
[0;32mI (13885) forensics: [HIST] fixture=13 class=event lower_us=630 n=1[0m
[0;32mI (13895) forensics: [HIST] fixture=13 class=event lower_us=635 n=2[0m
[0;32mI (13895) forensics: [HIST] fixture=13 class=event lower_us=640 n=2[0m
[0;32mI (13905) forensics: [HIST] fixture=13 class=event lower_us=645 n=1[0m
[0;32mI (13915) forensics: [HIST] fixture=13 class=event lower_us=650 n=3[0m
[0;32mI (13915) forensics: [HIST] fixture=13 class=event lower_us=655 n=1[0m
[0;32mI (13925) forensics: [HIST] fixture=13 class=event lower_us=660 n=2[0m
[0;32mI (13935) forensics: [HIST] fixture=13 class=event lower_us=665 n=2[0m
[0;32mI (13935) forensics: [HIST] fixture=13 class=event lower_us=695 n=2[0m
[0;32mI (13945) forensics: [HIST] fixture=13 class=event lower_us=700 n=6[0m
[0;32mI (13955) forensics: [HIST] fixture=13 class=event lower_us=705 n=7[0m
[0;32mI (13965) forensics: [HIST] fixture=13 class=event lower_us=710 n=5[0m
[0;32mI (13965) forensics: [HIST] fixture=13 class=event lower_us=715 n=5[0m
[0;32mI (13975) forensics: [HIST] fixture=13 class=event lower_us=720 n=9[0m
[0;32mI (13985) forensics: [HIST] fixture=13 class=event lower_us=725 n=5[0m
[0;32mI (13985) forensics: [HIST] fixture=13 class=event lower_us=730 n=5[0m
[0;32mI (13995) forensics: [HIST] fixture=13 class=event lower_us=735 n=1[0m
[0;32mI (14005) forensics: [HIST] fixture=13 class=event lower_us=740 n=2[0m
[0;32mI (14005) forensics: [HIST] fixture=13 class=event lower_us=745 n=1[0m
[0;32mI (14015) forensics: [HIST] fixture=13 class=event lower_us=760 n=1[0m
[0;32mI (14025) forensics: [HIST] fixture=13 class=event lower_us=775 n=2[0m
[0;32mI (14025) forensics: [HIST] fixture=13 class=event lower_us=780 n=1[0m
[0;32mI (14035) forensics: [HIST] fixture=13 class=event lower_us=785 n=1[0m
[0;32mI (14045) forensics: [HIST] fixture=13 class=event lower_us=790 n=1[0m
[0;32mI (14055) forensics: [HIST] fixture=13 class=event lower_us=1095 n=1[0m
[0;32mI (14055) forensics: [CALLBACK_CURVE] model=MBIRA fixture=13 voices=1 class=event n=512 avg_us=615.21 p95_us=735 p99_us=805 p995_us=815 p999_us=1220 max_us=1218 deadline=0 overhead_avg_us=16.05[0m
[0;32mI (14075) forensics: [CALLBACK_HIST] fixture=13 class=event lower_us=525 n=15[0m
[0;32mI (14085) forensics: [CALLBACK_HIST] fixture=13 class=event lower_us=530 n=14[0m
[0;32mI (14095) forensics: [CALLBACK_HIST] fixture=13 class=event lower_us=535 n=14[0m
[0;32mI (14095) forensics: [CALLBACK_HIST] fixture=13 class=event lower_us=540 n=22[0m
[0;32mI (14105) forensics: [CALLBACK_HIST] fixture=13 class=event lower_us=545 n=16[0m
[0;32mI (14115) forensics: [CALLBACK_HIST] fixture=13 class=event lower_us=550 n=11[0m
[0;32mI (14125) forensics: [CALLBACK_HIST] fixture=13 class=event lower_us=555 n=7[0m
[0;32mI (14135) forensics: [CALLBACK_HIST] fixture=13 class=event lower_us=560 n=8[0m
[0;32mI (14135) forensics: [CALLBACK_HIST] fixture=13 class=event lower_us=565 n=7[0m
[0;32mI (14145) forensics: [CALLBACK_HIST] fixture=13 class=event lower_us=570 n=11[0m
[0;32mI (14155) forensics: [CALLBACK_HIST] fixture=13 class=event lower_us=575 n=6[0m
[0;32mI (14165) forensics: [CALLBACK_HIST] fixture=13 class=event lower_us=580 n=9[0m
[0;32mI (14165) forensics: [CALLBACK_HIST] fixture=13 class=event lower_us=585 n=8[0m
[0;32mI (14175) forensics: [CALLBACK_HIST] fixture=13 class=event lower_us=590 n=4[0m
[0;32mI (14185) forensics: [CALLBACK_HIST] fixture=13 class=event lower_us=595 n=9[0m
[0;32mI (14195) forensics: [CALLBACK_HIST] fixture=13 class=event lower_us=600 n=27[0m
[0;32mI (14195) forensics: [CALLBACK_HIST] fixture=13 class=event lower_us=605 n=45[0m
[0;32mI (14205) forensics: [CALLBACK_HIST] fixture=13 class=event lower_us=610 n=38[0m
[0;32mI (14215) forensics: [CALLBACK_HIST] fixture=13 class=event lower_us=615 n=30[0m
[0;32mI (14225) forensics: [CALLBACK_HIST] fixture=13 class=event lower_us=620 n=43[0m
[0;32mI (14235) forensics: [CALLBACK_HIST] fixture=13 class=event lower_us=625 n=38[0m
[0;32mI (14235) forensics: [CALLBACK_HIST] fixture=13 class=event lower_us=630 n=25[0m
[0;32mI (14245) forensics: [CALLBACK_HIST] fixture=13 class=event lower_us=635 n=14[0m
[0;32mI (14255) forensics: [CALLBACK_HIST] fixture=13 class=event lower_us=640 n=7[0m
[0;32mI (14265) forensics: [CALLBACK_HIST] fixture=13 class=event lower_us=645 n=11[0m
[0;32mI (14275) forensics: [CALLBACK_HIST] fixture=13 class=event lower_us=650 n=6[0m
[0;32mI (14275) forensics: [CALLBACK_HIST] fixture=13 class=event lower_us=655 n=3[0m
[0;32mI (14285) forensics: [CALLBACK_HIST] fixture=13 class=event lower_us=660 n=2[0m
[0;32mI (14295) forensics: [CALLBACK_HIST] fixture=13 class=event lower_us=665 n=1[0m
[0;32mI (14305) forensics: [CALLBACK_HIST] fixture=13 class=event lower_us=670 n=4[0m
[0;32mI (14305) forensics: [CALLBACK_HIST] fixture=13 class=event lower_us=680 n=1[0m
[0;32mI (14315) forensics: [CALLBACK_HIST] fixture=13 class=event lower_us=705 n=1[0m
[0;32mI (14325) forensics: [CALLBACK_HIST] fixture=13 class=event lower_us=710 n=3[0m
[0;32mI (14335) forensics: [CALLBACK_HIST] fixture=13 class=event lower_us=715 n=6[0m
[0;32mI (14335) forensics: [CALLBACK_HIST] fixture=13 class=event lower_us=720 n=8[0m
[0;32mI (14345) forensics: [CALLBACK_HIST] fixture=13 class=event lower_us=725 n=8[0m
[0;32mI (14355) forensics: [CALLBACK_HIST] fixture=13 class=event lower_us=730 n=6[0m
[0;32mI (14365) forensics: [CALLBACK_HIST] fixture=13 class=event lower_us=735 n=3[0m
[0;32mI (14375) forensics: [CALLBACK_HIST] fixture=13 class=event lower_us=740 n=4[0m
[0;32mI (14375) forensics: [CALLBACK_HIST] fixture=13 class=event lower_us=745 n=3[0m
[0;32mI (14385) forensics: [CALLBACK_HIST] fixture=13 class=event lower_us=750 n=3[0m
[0;32mI (14395) forensics: [CALLBACK_HIST] fixture=13 class=event lower_us=755 n=1[0m
[0;32mI (14405) forensics: [CALLBACK_HIST] fixture=13 class=event lower_us=770 n=1[0m
[0;32mI (14405) forensics: [CALLBACK_HIST] fixture=13 class=event lower_us=785 n=1[0m
[0;32mI (14415) forensics: [CALLBACK_HIST] fixture=13 class=event lower_us=795 n=2[0m
[0;32mI (14425) forensics: [CALLBACK_HIST] fixture=13 class=event lower_us=800 n=1[0m
[0;32mI (14435) forensics: [CALLBACK_HIST] fixture=13 class=event lower_us=805 n=2[0m
[0;32mI (14445) forensics: [CALLBACK_HIST] fixture=13 class=event lower_us=810 n=1[0m
[0;32mI (14445) forensics: [CALLBACK_HIST] fixture=13 class=event lower_us=865 n=1[0m
[0;32mI (14455) forensics: [CALLBACK_HIST] fixture=13 class=event lower_us=1215 n=1[0m
[0;32mI (14465) forensics: [CURVE] model=MBIRA fixture=13 voices=1 class=fixture_transition n=1 avg_us=689.61 p95_us=695 p99_us=695 p995_us=695 p999_us=695 max_us=690 deadline=0 bad_voices=0 ble_lost=0 hard=0 sat=0 bin_us=5 max_observed_voices=1[0m
[0;32mI (14485) forensics: [HIST] fixture=13 class=fixture_transition lower_us=690 n=1[0m
[0;32mI (14495) forensics: [CALLBACK_CURVE] model=MBIRA fixture=13 voices=1 class=fixture_transition n=1 avg_us=806.00 p95_us=810 p99_us=810 p995_us=810 p999_us=810 max_us=806 deadline=0 overhead_avg_us=116.39[0m
[0;32mI (14515) forensics: [CALLBACK_HIST] fixture=13 class=fixture_transition lower_us=805 n=1[0m
[0;32mI (14525) forensics: [FASTPATH] fixture=13 stable8=0 attack=0[0m
[0;32mI (14525) forensics: [OVERHEAD] fixture=13 blocks=4619 model_reset_avg_us=1.68 model_reset_max_us=23 queue_avg_us=2.80 queue_max_us=49 render_avg_us=419.17 telem_avg_us=4.07 telem_max_us=96 telem_publishes=577[0m
[0;32mI (15835) pocket_pan_main: [AUDIO] model=PAN blocks=5592 avg_us=462 p99_us=0 max_us=1022 cpu_load=17.3 deadline=0 timeout=0 tx_error=0 short=0[0m
[0;32mI (15835) pocket_pan_main: [MIDI] push=1 pop=1 drop=0 hwm=1 last=(n=50 v=75 t=78 hex=90324B)[0m
[0;32mI (15845) pocket_pan_main: [BLE] state=8 interval_ms=11.25 latency=0 rssi=-60 reconnects=0 last_disconnect=0[0m
[0;32mI (15855) pocket_pan_main: [MEM] internal_free=77111 largest_internal=31744[0m
[0;32mI (15865) pocket_pan_main: [UIREDRAW] urgent=8 telemetry=52 skip=373[0m
[0;32mI (20855) pocket_pan_main: [AUDIO] model=PAN blocks=7474 avg_us=461 p99_us=550 max_us=1022 cpu_load=17.3 deadline=0 timeout=0 tx_error=0 short=0[0m
[0;32mI (20855) pocket_pan_main: [MIDI] push=1 pop=1 drop=0 hwm=1 last=(n=50 v=75 t=78 hex=90324B)[0m
[0;32mI (20865) pocket_pan_main: [BLE] state=8 interval_ms=11.25 latency=0 rssi=-59 reconnects=0 last_disconnect=0[0m
[0;32mI (20875) pocket_pan_main: [MEM] internal_free=77111 largest_internal=31744[0m
[0;32mI (20885) pocket_pan_main: [UIREDRAW] urgent=8 telemetry=73 skip=518[0m
[0;32mI (24185) forensics: [SAFETY] fixture=14 hard=0 sat=0 nonfinite=0 ble_lost=0[0m
[0;32mI (24185) forensics: [EVENT_ONLY] fixture=14 n=22 avg_us=395.49 max_us=449[0m
[0;32mI (24185) forensics: [FIXTURE_IO] model=MBIRA fixture=14 avg_us=462 p99_us=550 max_us=1022 cpu_pct=17.32 deadline=0 timeouts=0 tx_errors=0 short_writes=0[0m
[0;32mI (24205) forensics: [CURVE] model=MBIRA fixture=14 voices=1 class=true_steady n=4073 avg_us=444.82 p95_us=450 p99_us=460 p995_us=465 p999_us=470 max_us=476 deadline=0 bad_voices=0 ble_lost=0 hard=0 sat=0 bin_us=5 max_observed_voices=1[0m
[0;32mI (24225) forensics: [HIST] fixture=14 class=true_steady lower_us=425 n=388[0m
[0;32mI (24225) forensics: [HIST] fixture=14 class=true_steady lower_us=430 n=7[0m
[0;32mI (24235) forensics: [HIST] fixture=14 class=true_steady lower_us=435 n=25[0m
[0;32mI (24245) forensics: [HIST] fixture=14 class=true_steady lower_us=445 n=3496[0m
[0;32mI (24255) forensics: [HIST] fixture=14 class=true_steady lower_us=450 n=94[0m
[0;32mI (24265) forensics: [HIST] fixture=14 class=true_steady lower_us=455 n=29[0m
[0;32mI (24265) forensics: [HIST] fixture=14 class=true_steady lower_us=460 n=24[0m
[0;32mI (24275) forensics: [HIST] fixture=14 class=true_steady lower_us=465 n=7[0m
[0;32mI (24285) forensics: [HIST] fixture=14 class=true_steady lower_us=470 n=2[0m
[0;32mI (24295) forensics: [HIST] fixture=14 class=true_steady lower_us=475 n=1[0m
[0;32mI (24295) forensics: [CALLBACK_CURVE] model=MBIRA fixture=14 voices=1 class=true_steady n=4073 avg_us=458.34 p95_us=485 p99_us=540 p995_us=555 p999_us=605 max_us=650 deadline=0 overhead_avg_us=13.51[0m
[0;32mI (24315) forensics: [CALLBACK_HIST] fixture=14 class=true_steady lower_us=430 n=260[0m
[0;32mI (24325) forensics: [CALLBACK_HIST] fixture=14 class=true_steady lower_us=435 n=56[0m
[0;32mI (24335) forensics: [CALLBACK_HIST] fixture=14 class=true_steady lower_us=440 n=42[0m
[0;32mI (24345) forensics: [CALLBACK_HIST] fixture=14 class=true_steady lower_us=445 n=26[0m
[0;32mI (24345) forensics: [CALLBACK_HIST] fixture=14 class=true_steady lower_us=450 n=23[0m
[0;32mI (24355) forensics: [CALLBACK_HIST] fixture=14 class=true_steady lower_us=455 n=2805[0m
[0;32mI (24365) forensics: [CALLBACK_HIST] fixture=14 class=true_steady lower_us=460 n=220[0m
[0;32mI (24375) forensics: [CALLBACK_HIST] fixture=14 class=true_steady lower_us=465 n=223[0m
[0;32mI (24385) forensics: [CALLBACK_HIST] fixture=14 class=true_steady lower_us=470 n=109[0m
[0;32mI (24395) forensics: [CALLBACK_HIST] fixture=14 class=true_steady lower_us=475 n=79[0m
[0;32mI (24395) forensics: [CALLBACK_HIST] fixture=14 class=true_steady lower_us=480 n=48[0m
[0;32mI (24405) forensics: [CALLBACK_HIST] fixture=14 class=true_steady lower_us=485 n=33[0m
[0;32mI (24415) forensics: [CALLBACK_HIST] fixture=14 class=true_steady lower_us=490 n=24[0m
[0;32mI (24425) forensics: [CALLBACK_HIST] fixture=14 class=true_steady lower_us=495 n=24[0m
[0;32mI (24435) forensics: [CALLBACK_HIST] fixture=14 class=true_steady lower_us=500 n=17[0m
[0;32mI (24445) forensics: [CALLBACK_HIST] fixture=14 class=true_steady lower_us=505 n=15[0m
[0;32mI (24445) forensics: [CALLBACK_HIST] fixture=14 class=true_steady lower_us=510 n=10[0m
[0;32mI (24455) forensics: [CALLBACK_HIST] fixture=14 class=true_steady lower_us=515 n=8[0m
[0;32mI (24465) forensics: [CALLBACK_HIST] fixture=14 class=true_steady lower_us=520 n=4[0m
[0;32mI (24475) forensics: [CALLBACK_HIST] fixture=14 class=true_steady lower_us=530 n=4[0m
[0;32mI (24485) forensics: [CALLBACK_HIST] fixture=14 class=true_steady lower_us=535 n=10[0m
[0;32mI (24495) forensics: [CALLBACK_HIST] fixture=14 class=true_steady lower_us=540 n=1[0m
[0;32mI (24495) forensics: [CALLBACK_HIST] fixture=14 class=true_steady lower_us=545 n=8[0m
[0;32mI (24505) forensics: [CALLBACK_HIST] fixture=14 class=true_steady lower_us=550 n=6[0m
[0;32mI (24515) forensics: [CALLBACK_HIST] fixture=14 class=true_steady lower_us=555 n=3[0m
[0;32mI (24525) forensics: [CALLBACK_HIST] fixture=14 class=true_steady lower_us=560 n=1[0m
[0;32mI (24535) forensics: [CALLBACK_HIST] fixture=14 class=true_steady lower_us=565 n=4[0m
[0;32mI (24545) forensics: [CALLBACK_HIST] fixture=14 class=true_steady lower_us=570 n=3[0m
[0;32mI (24545) forensics: [CALLBACK_HIST] fixture=14 class=true_steady lower_us=590 n=2[0m
[0;32mI (24555) forensics: [CALLBACK_HIST] fixture=14 class=true_steady lower_us=600 n=1[0m
[0;32mI (24565) forensics: [CALLBACK_HIST] fixture=14 class=true_steady lower_us=615 n=2[0m
[0;32mI (24575) forensics: [CALLBACK_HIST] fixture=14 class=true_steady lower_us=635 n=1[0m
[0;32mI (24585) forensics: [CALLBACK_HIST] fixture=14 class=true_steady lower_us=650 n=1[0m
[0;32mI (24595) forensics: [CURVE] model=MBIRA fixture=14 voices=1 class=attack_tail n=0 avg_us=0.00 p95_us=0 p99_us=0 p995_us=0 p999_us=0 max_us=0 deadline=0 bad_voices=0 ble_lost=0 hard=0 sat=0 bin_us=5 max_observed_voices=1[0m
[0;32mI (24615) forensics: [CALLBACK_CURVE] model=MBIRA fixture=14 voices=1 class=attack_tail n=0 avg_us=0.00 p95_us=0 p99_us=0 p995_us=0 p999_us=0 max_us=0 deadline=0 overhead_avg_us=0.00[0m
[0;32mI (24625) forensics: [CURVE] model=MBIRA fixture=14 voices=1 class=event n=22 avg_us=923.90 p95_us=975 p99_us=985 p995_us=985 p999_us=985 max_us=982 deadline=0 bad_voices=0 ble_lost=0 hard=0 sat=0 bin_us=5 max_observed_voices=1[0m
[0;32mI (24645) forensics: [HIST] fixture=14 class=event lower_us=695 n=1[0m
[0;32mI (24655) forensics: [HIST] fixture=14 class=event lower_us=895 n=2[0m
[0;32mI (24665) forensics: [HIST] fixture=14 class=event lower_us=900 n=2[0m
[0;32mI (24665) forensics: [HIST] fixture=14 class=event lower_us=905 n=2[0m
[0;32mI (24675) forensics: [HIST] fixture=14 class=event lower_us=910 n=1[0m
[0;32mI (24685) forensics: [HIST] fixture=14 class=event lower_us=920 n=1[0m
[0;32mI (24685) forensics: [HIST] fixture=14 class=event lower_us=925 n=1[0m
[0;32mI (24695) forensics: [HIST] fixture=14 class=event lower_us=935 n=2[0m
[0;32mI (24705) forensics: [HIST] fixture=14 class=event lower_us=940 n=1[0m
[0;32mI (24715) forensics: [HIST] fixture=14 class=event lower_us=945 n=1[0m
[0;32mI (24715) forensics: [HIST] fixture=14 class=event lower_us=950 n=2[0m
[0;32mI (24725) forensics: [HIST] fixture=14 class=event lower_us=955 n=2[0m
[0;32mI (24735) forensics: [HIST] fixture=14 class=event lower_us=960 n=1[0m
[0;32mI (24735) forensics: [HIST] fixture=14 class=event lower_us=970 n=2[0m
[0;32mI (24745) forensics: [HIST] fixture=14 class=event lower_us=980 n=1[0m
[0;32mI (24755) forensics: [CALLBACK_CURVE] model=MBIRA fixture=14 voices=1 class=event n=22 avg_us=963.68 p95_us=1005 p99_us=1025 p995_us=1025 p999_us=1025 max_us=1022 deadline=0 overhead_avg_us=39.78[0m
[0;32mI (24775) forensics: [CALLBACK_HIST] fixture=14 class=event lower_us=740 n=1[0m
[0;32mI (24775) forensics: [CALLBACK_HIST] fixture=14 class=event lower_us=920 n=1[0m
[0;32mI (24785) forensics: [CALLBACK_HIST] fixture=14 class=event lower_us=930 n=1[0m
[0;32mI (24795) forensics: [CALLBACK_HIST] fixture=14 class=event lower_us=935 n=1[0m
[0;32mI (24805) forensics: [CALLBACK_HIST] fixture=14 class=event lower_us=950 n=3[0m
[0;32mI (24805) forensics: [CALLBACK_HIST] fixture=14 class=event lower_us=955 n=1[0m
[0;32mI (24815) forensics: [CALLBACK_HIST] fixture=14 class=event lower_us=960 n=1[0m
[0;32mI (24825) forensics: [CALLBACK_HIST] fixture=14 class=event lower_us=965 n=1[0m
[0;32mI (24835) forensics: [CALLBACK_HIST] fixture=14 class=event lower_us=970 n=2[0m
[0;32mI (24835) forensics: [CALLBACK_HIST] fixture=14 class=event lower_us=985 n=2[0m
[0;32mI (24845) forensics: [CALLBACK_HIST] fixture=14 class=event lower_us=990 n=1[0m
[0;32mI (24855) forensics: [CALLBACK_HIST] fixture=14 class=event lower_us=995 n=2[0m
[0;32mI (24865) forensics: [CALLBACK_HIST] fixture=14 class=event lower_us=1000 n=4[0m
[0;32mI (24875) forensics: [CALLBACK_HIST] fixture=14 class=event lower_us=1020 n=1[0m
[0;32mI (24875) forensics: [CURVE] model=MBIRA fixture=14 voices=1 class=fixture_transition n=1 avg_us=511.74 p95_us=515 p99_us=515 p995_us=515 p999_us=515 max_us=512 deadline=0 bad_voices=0 ble_lost=0 hard=0 sat=0 bin_us=5 max_observed_voices=1[0m
[0;32mI (24905) forensics: [HIST] fixture=14 class=fixture_transition lower_us=510 n=1[0m
[0;32mI (24905) forensics: [CALLBACK_CURVE] model=MBIRA fixture=14 voices=1 class=fixture_transition n=1 avg_us=542.00 p95_us=545 p99_us=545 p995_us=545 p999_us=545 max_us=542 deadline=0 overhead_avg_us=30.26[0m
[0;32mI (24925) forensics: [CALLBACK_HIST] fixture=14 class=fixture_transition lower_us=540 n=1[0m
[0;32mI (24935) forensics: [FASTPATH] fixture=14 stable8=0 attack=0[0m
[0;32mI (24945) forensics: [OVERHEAD] fixture=14 blocks=4096 model_reset_avg_us=1.59 model_reset_max_us=16 queue_avg_us=2.13 queue_max_us=36 render_avg_us=452.03 telem_avg_us=2.84 telem_max_us=72 telem_publishes=512[0m
[0;32mI (25865) pocket_pan_main: [AUDIO] model=PAN blocks=9354 avg_us=9 p99_us=550 max_us=1022 cpu_load=0.3 deadline=0 timeout=0 tx_error=0 short=0[0m
[0;32mI (25865) pocket_pan_main: [MIDI] push=1 pop=1 drop=0 hwm=1 last=(n=50 v=75 t=78 hex=90324B)[0m
[0;32mI (25875) pocket_pan_main: [BLE] state=8 interval_ms=11.25 latency=0 rssi=-86 reconnects=0 last_disconnect=0[0m
[0;32mI (25885) pocket_pan_main: [MEM] internal_free=77111 largest_internal=31744[0m
[0;32mI (25895) pocket_pan_main: [UIREDRAW] urgent=8 telemetry=91 skip=640[0m
[0;32mI (30885) pocket_pan_main: [AUDIO] model=PAN blocks=11236 avg_us=9 p99_us=25 max_us=1022 cpu_load=0.3 deadline=0 timeout=0 tx_error=0 short=0[0m
[0;32mI (30885) pocket_pan_main: [MIDI] push=1 pop=1 drop=0 hwm=1 last=(n=50 v=75 t=78 hex=90324B)[0m
[0;32mI (30895) pocket_pan_main: [BLE] state=8 interval_ms=11.25 latency=0 rssi=-60 reconnects=0 last_disconnect=0[0m
