{
  "sections": {
    ".iram0.text": {
      "bytes": 132555,
      "address": "0x40374404"
    },
    ".dram0.data": {
      "bytes": 17664,
      "address": "0x3fca4a00"
    },
    ".dram0.bss": {
      "bytes": 159304,
      "address": "0x3fca8f00"
    },
    ".flash.text": {
      "bytes": 417676,
      "address": "0x42000020"
    },
    ".flash.rodata": {
      "bytes": 134596,
      "address": "0x3c070120"
    },
    ".ext_ram.bss": {
      "bytes": 0,
      "address": "0x3c0a0000"
    }
  },
  "types": {
    "PreparedNote": 132,
    "PreparedNoteTable": 9640,
    "BodyResonator": 224,
    "InstrumentModelConfig": 316,
    "UduCache": 5928,
    "UduVoice": 124,
    "ModalVoice": 1108,
    "VoiceAllocator": 15012,
    "SynthEngine": 81668,
    "CanonicalStrikePowCache": 524
  }
}
