[1/2] Building CXX object CMakeFiles/test_vibraphone_runtime.dir/test_vibraphone_runtime.cpp.obj
In function 'void operator delete(void*, size_t)',
    inlined from 'void std::__new_allocator<_Tp>::deallocate(_Tp*, size_type) [with _Tp = int]' at C:/Users/devx/AppData/Local/Microsoft/WinGet/Packages/BrechtSanders.WinLibs.POSIX.UCRT.LLVM_Microsoft.Winget.Source_8wekyb3d8bbwe/mingw64/include/c++/14.2.0/bits/new_allocator.h:172:26,
    inlined from 'static void std::allocator_traits<std::allocator<_CharT> >::deallocate(allocator_type&, pointer, size_type) [with _Tp = int]' at C:/Users/devx/AppData/Local/Microsoft/WinGet/Packages/BrechtSanders.WinLibs.POSIX.UCRT.LLVM_Microsoft.Winget.Source_8wekyb3d8bbwe/mingw64/include/c++/14.2.0/bits/alloc_traits.h:513:23,
    inlined from 'void std::_Vector_base<_Tp, _Alloc>::_M_deallocate(pointer, std::size_t) [with _Tp = int; _Alloc = std::allocator<int>]' at C:/Users/devx/AppData/Local/Microsoft/WinGet/Packages/BrechtSanders.WinLibs.POSIX.UCRT.LLVM_Microsoft.Winget.Source_8wekyb3d8bbwe/mingw64/include/c++/14.2.0/bits/stl_vector.h:389:19,
    inlined from 'std::_Vector_base<_Tp, _Alloc>::~_Vector_base() [with _Tp = int; _Alloc = std::allocator<int>]' at C:/Users/devx/AppData/Local/Microsoft/WinGet/Packages/BrechtSanders.WinLibs.POSIX.UCRT.LLVM_Microsoft.Winget.Source_8wekyb3d8bbwe/mingw64/include/c++/14.2.0/bits/stl_vector.h:368:15,
    inlined from 'std::vector<_Tp, _Alloc>::~vector() [with _Tp = int; _Alloc = std::allocator<int>]' at C:/Users/devx/AppData/Local/Microsoft/WinGet/Packages/BrechtSanders.WinLibs.POSIX.UCRT.LLVM_Microsoft.Winget.Source_8wekyb3d8bbwe/mingw64/include/c++/14.2.0/bits/stl_vector.h:738:7,
    inlined from 'int main()' at C:/progs/ESPan/tests/test_vibraphone_runtime.cpp:175:1:
C:/progs/ESPan/tests/test_vibraphone_runtime.cpp:19:59: warning: 'void free(void*)' called on pointer returned from a mismatched allocation function [-Wmismatched-new-delete]
   19 | void operator delete(void* p, size_t) noexcept { std::free(p); }
      |                                                  ~~~~~~~~~^~~
In file included from C:/Users/devx/AppData/Local/Microsoft/WinGet/Packages/BrechtSanders.WinLibs.POSIX.UCRT.LLVM_Microsoft.Winget.Source_8wekyb3d8bbwe/mingw64/include/c++/14.2.0/x86_64-w64-mingw32/bits/c++allocator.h:33,
                 from C:/Users/devx/AppData/Local/Microsoft/WinGet/Packages/BrechtSanders.WinLibs.POSIX.UCRT.LLVM_Microsoft.Winget.Source_8wekyb3d8bbwe/mingw64/include/c++/14.2.0/bits/allocator.h:46,
                 from C:/Users/devx/AppData/Local/Microsoft/WinGet/Packages/BrechtSanders.WinLibs.POSIX.UCRT.LLVM_Microsoft.Winget.Source_8wekyb3d8bbwe/mingw64/include/c++/14.2.0/string:43,
                 from C:/Users/devx/AppData/Local/Microsoft/WinGet/Packages/BrechtSanders.WinLibs.POSIX.UCRT.LLVM_Microsoft.Winget.Source_8wekyb3d8bbwe/mingw64/include/c++/14.2.0/bits/locale_classes.h:40,
                 from C:/Users/devx/AppData/Local/Microsoft/WinGet/Packages/BrechtSanders.WinLibs.POSIX.UCRT.LLVM_Microsoft.Winget.Source_8wekyb3d8bbwe/mingw64/include/c++/14.2.0/bits/ios_base.h:41,
                 from C:/Users/devx/AppData/Local/Microsoft/WinGet/Packages/BrechtSanders.WinLibs.POSIX.UCRT.LLVM_Microsoft.Winget.Source_8wekyb3d8bbwe/mingw64/include/c++/14.2.0/ios:44,
                 from C:/Users/devx/AppData/Local/Microsoft/WinGet/Packages/BrechtSanders.WinLibs.POSIX.UCRT.LLVM_Microsoft.Winget.Source_8wekyb3d8bbwe/mingw64/include/c++/14.2.0/ostream:40,
                 from C:/Users/devx/AppData/Local/Microsoft/WinGet/Packages/BrechtSanders.WinLibs.POSIX.UCRT.LLVM_Microsoft.Winget.Source_8wekyb3d8bbwe/mingw64/include/c++/14.2.0/iostream:41,
                 from C:/progs/ESPan/tests/test_vibraphone_runtime.cpp:7:
In member function '_Tp* std::__new_allocator<_Tp>::allocate(size_type, const void*) [with _Tp = int]',
    inlined from 'static _Tp* std::allocator_traits<std::allocator<_CharT> >::allocate(allocator_type&, size_type) [with _Tp = int]' at C:/Users/devx/AppData/Local/Microsoft/WinGet/Packages/BrechtSanders.WinLibs.POSIX.UCRT.LLVM_Microsoft.Winget.Source_8wekyb3d8bbwe/mingw64/include/c++/14.2.0/bits/alloc_traits.h:478:28,
    inlined from 'std::_Vector_base<_Tp, _Alloc>::pointer std::_Vector_base<_Tp, _Alloc>::_M_allocate(std::size_t) [with _Tp = int; _Alloc = std::allocator<int>]' at C:/Users/devx/AppData/Local/Microsoft/WinGet/Packages/BrechtSanders.WinLibs.POSIX.UCRT.LLVM_Microsoft.Winget.Source_8wekyb3d8bbwe/mingw64/include/c++/14.2.0/bits/stl_vector.h:380:33,
    inlined from 'void std::_Vector_base<_Tp, _Alloc>::_M_create_storage(std::size_t) [with _Tp = int; _Alloc = std::allocator<int>]' at C:/Users/devx/AppData/Local/Microsoft/WinGet/Packages/BrechtSanders.WinLibs.POSIX.UCRT.LLVM_Microsoft.Winget.Source_8wekyb3d8bbwe/mingw64/include/c++/14.2.0/bits/stl_vector.h:398:44,
    inlined from 'std::_Vector_base<_Tp, _Alloc>::_Vector_base(std::size_t, const allocator_type&) [with _Tp = int; _Alloc = std::allocator<int>]' at C:/Users/devx/AppData/Local/Microsoft/WinGet/Packages/BrechtSanders.WinLibs.POSIX.UCRT.LLVM_Microsoft.Winget.Source_8wekyb3d8bbwe/mingw64/include/c++/14.2.0/bits/stl_vector.h:334:26,
    inlined from 'std::vector<_Tp, _Alloc>::vector(size_type, const allocator_type&) [with _Tp = int; _Alloc = std::allocator<int>]' at C:/Users/devx/AppData/Local/Microsoft/WinGet/Packages/BrechtSanders.WinLibs.POSIX.UCRT.LLVM_Microsoft.Winget.Source_8wekyb3d8bbwe/mingw64/include/c++/14.2.0/bits/stl_vector.h:557:47,
    inlined from 'int main()' at C:/progs/ESPan/tests/test_vibraphone_runtime.cpp:132:66:
C:/Users/devx/AppData/Local/Microsoft/WinGet/Packages/BrechtSanders.WinLibs.POSIX.UCRT.LLVM_Microsoft.Winget.Source_8wekyb3d8bbwe/mingw64/include/c++/14.2.0/bits/new_allocator.h:151:55: note: returned from 'void* operator new(size_t)'
  151 |         return static_cast<_Tp*>(_GLIBCXX_OPERATOR_NEW(__n * sizeof(_Tp)));
      |                                                       ^
In function 'void operator delete(void*, size_t)',
    inlined from 'void std::__new_allocator<_Tp>::deallocate(_Tp*, size_type) [with _Tp = int]' at C:/Users/devx/AppData/Local/Microsoft/WinGet/Packages/BrechtSanders.WinLibs.POSIX.UCRT.LLVM_Microsoft.Winget.Source_8wekyb3d8bbwe/mingw64/include/c++/14.2.0/bits/new_allocator.h:172:26,
    inlined from 'static void std::allocator_traits<std::allocator<_CharT> >::deallocate(allocator_type&, pointer, size_type) [with _Tp = int]' at C:/Users/devx/AppData/Local/Microsoft/WinGet/Packages/BrechtSanders.WinLibs.POSIX.UCRT.LLVM_Microsoft.Winget.Source_8wekyb3d8bbwe/mingw64/include/c++/14.2.0/bits/alloc_traits.h:513:23,
    inlined from 'void std::_Vector_base<_Tp, _Alloc>::_M_deallocate(pointer, std::size_t) [with _Tp = int; _Alloc = std::allocator<int>]' at C:/Users/devx/AppData/Local/Microsoft/WinGet/Packages/BrechtSanders.WinLibs.POSIX.UCRT.LLVM_Microsoft.Winget.Source_8wekyb3d8bbwe/mingw64/include/c++/14.2.0/bits/stl_vector.h:389:19,
    inlined from 'std::_Vector_base<_Tp, _Alloc>::~_Vector_base() [with _Tp = int; _Alloc = std::allocator<int>]' at C:/Users/devx/AppData/Local/Microsoft/WinGet/Packages/BrechtSanders.WinLibs.POSIX.UCRT.LLVM_Microsoft.Winget.Source_8wekyb3d8bbwe/mingw64/include/c++/14.2.0/bits/stl_vector.h:368:15,
    inlined from 'std::vector<_Tp, _Alloc>::~vector() [with _Tp = int; _Alloc = std::allocator<int>]' at C:/Users/devx/AppData/Local/Microsoft/WinGet/Packages/BrechtSanders.WinLibs.POSIX.UCRT.LLVM_Microsoft.Winget.Source_8wekyb3d8bbwe/mingw64/include/c++/14.2.0/bits/stl_vector.h:738:7,
    inlined from 'int main()' at C:/progs/ESPan/tests/test_vibraphone_runtime.cpp:175:1:
C:/progs/ESPan/tests/test_vibraphone_runtime.cpp:19:59: warning: 'void free(void*)' called on pointer returned from a mismatched allocation function [-Wmismatched-new-delete]
   19 | void operator delete(void* p, size_t) noexcept { std::free(p); }
      |                                                  ~~~~~~~~~^~~
In member function '_Tp* std::__new_allocator<_Tp>::allocate(size_type, const void*) [with _Tp = int]',
    inlined from 'static _Tp* std::allocator_traits<std::allocator<_CharT> >::allocate(allocator_type&, size_type) [with _Tp = int]' at C:/Users/devx/AppData/Local/Microsoft/WinGet/Packages/BrechtSanders.WinLibs.POSIX.UCRT.LLVM_Microsoft.Winget.Source_8wekyb3d8bbwe/mingw64/include/c++/14.2.0/bits/alloc_traits.h:478:28,
    inlined from 'std::_Vector_base<_Tp, _Alloc>::pointer std::_Vector_base<_Tp, _Alloc>::_M_allocate(std::size_t) [with _Tp = int; _Alloc = std::allocator<int>]' at C:/Users/devx/AppData/Local/Microsoft/WinGet/Packages/BrechtSanders.WinLibs.POSIX.UCRT.LLVM_Microsoft.Winget.Source_8wekyb3d8bbwe/mingw64/include/c++/14.2.0/bits/stl_vector.h:380:33,
    inlined from 'void std::_Vector_base<_Tp, _Alloc>::_M_create_storage(std::size_t) [with _Tp = int; _Alloc = std::allocator<int>]' at C:/Users/devx/AppData/Local/Microsoft/WinGet/Packages/BrechtSanders.WinLibs.POSIX.UCRT.LLVM_Microsoft.Winget.Source_8wekyb3d8bbwe/mingw64/include/c++/14.2.0/bits/stl_vector.h:398:44,
    inlined from 'std::_Vector_base<_Tp, _Alloc>::_Vector_base(std::size_t, const allocator_type&) [with _Tp = int; _Alloc = std::allocator<int>]' at C:/Users/devx/AppData/Local/Microsoft/WinGet/Packages/BrechtSanders.WinLibs.POSIX.UCRT.LLVM_Microsoft.Winget.Source_8wekyb3d8bbwe/mingw64/include/c++/14.2.0/bits/stl_vector.h:334:26,
    inlined from 'std::vector<_Tp, _Alloc>::vector(size_type, const allocator_type&) [with _Tp = int; _Alloc = std::allocator<int>]' at C:/Users/devx/AppData/Local/Microsoft/WinGet/Packages/BrechtSanders.WinLibs.POSIX.UCRT.LLVM_Microsoft.Winget.Source_8wekyb3d8bbwe/mingw64/include/c++/14.2.0/bits/stl_vector.h:557:47,
    inlined from 'int main()' at C:/progs/ESPan/tests/test_vibraphone_runtime.cpp:132:38:
C:/Users/devx/AppData/Local/Microsoft/WinGet/Packages/BrechtSanders.WinLibs.POSIX.UCRT.LLVM_Microsoft.Winget.Source_8wekyb3d8bbwe/mingw64/include/c++/14.2.0/bits/new_allocator.h:151:55: note: returned from 'void* operator new(size_t)'
  151 |         return static_cast<_Tp*>(_GLIBCXX_OPERATOR_NEW(__n * sizeof(_Tp)));
      |                                                       ^
In function 'void operator delete(void*, size_t)',
    inlined from 'void std::__new_allocator<_Tp>::deallocate(_Tp*, size_type) [with _Tp = int]' at C:/Users/devx/AppData/Local/Microsoft/WinGet/Packages/BrechtSanders.WinLibs.POSIX.UCRT.LLVM_Microsoft.Winget.Source_8wekyb3d8bbwe/mingw64/include/c++/14.2.0/bits/new_allocator.h:172:26,
    inlined from 'static void std::allocator_traits<std::allocator<_CharT> >::deallocate(allocator_type&, pointer, size_type) [with _Tp = int]' at C:/Users/devx/AppData/Local/Microsoft/WinGet/Packages/BrechtSanders.WinLibs.POSIX.UCRT.LLVM_Microsoft.Winget.Source_8wekyb3d8bbwe/mingw64/include/c++/14.2.0/bits/alloc_traits.h:513:23,
    inlined from 'void std::_Vector_base<_Tp, _Alloc>::_M_deallocate(pointer, std::size_t) [with _Tp = int; _Alloc = std::allocator<int>]' at C:/Users/devx/AppData/Local/Microsoft/WinGet/Packages/BrechtSanders.WinLibs.POSIX.UCRT.LLVM_Microsoft.Winget.Source_8wekyb3d8bbwe/mingw64/include/c++/14.2.0/bits/stl_vector.h:389:19,
    inlined from 'std::_Vector_base<_Tp, _Alloc>::~_Vector_base() [with _Tp = int; _Alloc = std::allocator<int>]' at C:/Users/devx/AppData/Local/Microsoft/WinGet/Packages/BrechtSanders.WinLibs.POSIX.UCRT.LLVM_Microsoft.Winget.Source_8wekyb3d8bbwe/mingw64/include/c++/14.2.0/bits/stl_vector.h:368:15,
    inlined from 'std::vector<_Tp, _Alloc>::~vector() [with _Tp = int; _Alloc = std::allocator<int>]' at C:/Users/devx/AppData/Local/Microsoft/WinGet/Packages/BrechtSanders.WinLibs.POSIX.UCRT.LLVM_Microsoft.Winget.Source_8wekyb3d8bbwe/mingw64/include/c++/14.2.0/bits/stl_vector.h:738:7,
    inlined from 'int main()' at C:/progs/ESPan/tests/test_vibraphone_runtime.cpp:175:1:
C:/progs/ESPan/tests/test_vibraphone_runtime.cpp:19:59: warning: 'void free(void*)' called on pointer returned from a mismatched allocation function [-Wmismatched-new-delete]
   19 | void operator delete(void* p, size_t) noexcept { std::free(p); }
      |                                                  ~~~~~~~~~^~~
In member function '_Tp* std::__new_allocator<_Tp>::allocate(size_type, const void*) [with _Tp = int]',
    inlined from 'static _Tp* std::allocator_traits<std::allocator<_CharT> >::allocate(allocator_type&, size_type) [with _Tp = int]' at C:/Users/devx/AppData/Local/Microsoft/WinGet/Packages/BrechtSanders.WinLibs.POSIX.UCRT.LLVM_Microsoft.Winget.Source_8wekyb3d8bbwe/mingw64/include/c++/14.2.0/bits/alloc_traits.h:478:28,
    inlined from 'std::_Vector_base<_Tp, _Alloc>::pointer std::_Vector_base<_Tp, _Alloc>::_M_allocate(std::size_t) [with _Tp = int; _Alloc = std::allocator<int>]' at C:/Users/devx/AppData/Local/Microsoft/WinGet/Packages/BrechtSanders.WinLibs.POSIX.UCRT.LLVM_Microsoft.Winget.Source_8wekyb3d8bbwe/mingw64/include/c++/14.2.0/bits/stl_vector.h:380:33,
    inlined from 'void std::_Vector_base<_Tp, _Alloc>::_M_create_storage(std::size_t) [with _Tp = int; _Alloc = std::allocator<int>]' at C:/Users/devx/AppData/Local/Microsoft/WinGet/Packages/BrechtSanders.WinLibs.POSIX.UCRT.LLVM_Microsoft.Winget.Source_8wekyb3d8bbwe/mingw64/include/c++/14.2.0/bits/stl_vector.h:398:44,
    inlined from 'std::_Vector_base<_Tp, _Alloc>::_Vector_base(std::size_t, const allocator_type&) [with _Tp = int; _Alloc = std::allocator<int>]' at C:/Users/devx/AppData/Local/Microsoft/WinGet/Packages/BrechtSanders.WinLibs.POSIX.UCRT.LLVM_Microsoft.Winget.Source_8wekyb3d8bbwe/mingw64/include/c++/14.2.0/bits/stl_vector.h:334:26,
    inlined from 'std::vector<_Tp, _Alloc>::vector(size_type, const allocator_type&) [with _Tp = int; _Alloc = std::allocator<int>]' at C:/Users/devx/AppData/Local/Microsoft/WinGet/Packages/BrechtSanders.WinLibs.POSIX.UCRT.LLVM_Microsoft.Winget.Source_8wekyb3d8bbwe/mingw64/include/c++/14.2.0/bits/stl_vector.h:557:47,
    inlined from 'int main()' at C:/progs/ESPan/tests/test_vibraphone_runtime.cpp:132:66:
C:/Users/devx/AppData/Local/Microsoft/WinGet/Packages/BrechtSanders.WinLibs.POSIX.UCRT.LLVM_Microsoft.Winget.Source_8wekyb3d8bbwe/mingw64/include/c++/14.2.0/bits/new_allocator.h:151:55: note: returned from 'void* operator new(size_t)'
  151 |         return static_cast<_Tp*>(_GLIBCXX_OPERATOR_NEW(__n * sizeof(_Tp)));
      |                                                       ^
In function 'void operator delete(void*, size_t)',
    inlined from 'void std::__new_allocator<_Tp>::deallocate(_Tp*, size_type) [with _Tp = int]' at C:/Users/devx/AppData/Local/Microsoft/WinGet/Packages/BrechtSanders.WinLibs.POSIX.UCRT.LLVM_Microsoft.Winget.Source_8wekyb3d8bbwe/mingw64/include/c++/14.2.0/bits/new_allocator.h:172:26,
    inlined from 'static void std::allocator_traits<std::allocator<_CharT> >::deallocate(allocator_type&, pointer, size_type) [with _Tp = int]' at C:/Users/devx/AppData/Local/Microsoft/WinGet/Packages/BrechtSanders.WinLibs.POSIX.UCRT.LLVM_Microsoft.Winget.Source_8wekyb3d8bbwe/mingw64/include/c++/14.2.0/bits/alloc_traits.h:513:23,
    inlined from 'void std::_Vector_base<_Tp, _Alloc>::_M_deallocate(pointer, std::size_t) [with _Tp = int; _Alloc = std::allocator<int>]' at C:/Users/devx/AppData/Local/Microsoft/WinGet/Packages/BrechtSanders.WinLibs.POSIX.UCRT.LLVM_Microsoft.Winget.Source_8wekyb3d8bbwe/mingw64/include/c++/14.2.0/bits/stl_vector.h:389:19,
    inlined from 'std::_Vector_base<_Tp, _Alloc>::~_Vector_base() [with _Tp = int; _Alloc = std::allocator<int>]' at C:/Users/devx/AppData/Local/Microsoft/WinGet/Packages/BrechtSanders.WinLibs.POSIX.UCRT.LLVM_Microsoft.Winget.Source_8wekyb3d8bbwe/mingw64/include/c++/14.2.0/bits/stl_vector.h:368:15,
    inlined from 'std::vector<_Tp, _Alloc>::~vector() [with _Tp = int; _Alloc = std::allocator<int>]' at C:/Users/devx/AppData/Local/Microsoft/WinGet/Packages/BrechtSanders.WinLibs.POSIX.UCRT.LLVM_Microsoft.Winget.Source_8wekyb3d8bbwe/mingw64/include/c++/14.2.0/bits/stl_vector.h:738:7,
    inlined from 'int main()' at C:/progs/ESPan/tests/test_vibraphone_runtime.cpp:175:1:
C:/progs/ESPan/tests/test_vibraphone_runtime.cpp:19:59: warning: 'void free(void*)' called on pointer returned from a mismatched allocation function [-Wmismatched-new-delete]
   19 | void operator delete(void* p, size_t) noexcept { std::free(p); }
      |                                                  ~~~~~~~~~^~~
In member function '_Tp* std::__new_allocator<_Tp>::allocate(size_type, const void*) [with _Tp = int]',
    inlined from 'static _Tp* std::allocator_traits<std::allocator<_CharT> >::allocate(allocator_type&, size_type) [with _Tp = int]' at C:/Users/devx/AppData/Local/Microsoft/WinGet/Packages/BrechtSanders.WinLibs.POSIX.UCRT.LLVM_Microsoft.Winget.Source_8wekyb3d8bbwe/mingw64/include/c++/14.2.0/bits/alloc_traits.h:478:28,
    inlined from 'std::_Vector_base<_Tp, _Alloc>::pointer std::_Vector_base<_Tp, _Alloc>::_M_allocate(std::size_t) [with _Tp = int; _Alloc = std::allocator<int>]' at C:/Users/devx/AppData/Local/Microsoft/WinGet/Packages/BrechtSanders.WinLibs.POSIX.UCRT.LLVM_Microsoft.Winget.Source_8wekyb3d8bbwe/mingw64/include/c++/14.2.0/bits/stl_vector.h:380:33,
    inlined from 'void std::_Vector_base<_Tp, _Alloc>::_M_create_storage(std::size_t) [with _Tp = int; _Alloc = std::allocator<int>]' at C:/Users/devx/AppData/Local/Microsoft/WinGet/Packages/BrechtSanders.WinLibs.POSIX.UCRT.LLVM_Microsoft.Winget.Source_8wekyb3d8bbwe/mingw64/include/c++/14.2.0/bits/stl_vector.h:398:44,
    inlined from 'std::_Vector_base<_Tp, _Alloc>::_Vector_base(std::size_t, const allocator_type&) [with _Tp = int; _Alloc = std::allocator<int>]' at C:/Users/devx/AppData/Local/Microsoft/WinGet/Packages/BrechtSanders.WinLibs.POSIX.UCRT.LLVM_Microsoft.Winget.Source_8wekyb3d8bbwe/mingw64/include/c++/14.2.0/bits/stl_vector.h:334:26,
    inlined from 'std::vector<_Tp, _Alloc>::vector(size_type, const allocator_type&) [with _Tp = int; _Alloc = std::allocator<int>]' at C:/Users/devx/AppData/Local/Microsoft/WinGet/Packages/BrechtSanders.WinLibs.POSIX.UCRT.LLVM_Microsoft.Winget.Source_8wekyb3d8bbwe/mingw64/include/c++/14.2.0/bits/stl_vector.h:557:47,
    inlined from 'int main()' at C:/progs/ESPan/tests/test_vibraphone_runtime.cpp:132:38:
C:/Users/devx/AppData/Local/Microsoft/WinGet/Packages/BrechtSanders.WinLibs.POSIX.UCRT.LLVM_Microsoft.Winget.Source_8wekyb3d8bbwe/mingw64/include/c++/14.2.0/bits/new_allocator.h:151:55: note: returned from 'void* operator new(size_t)'
  151 |         return static_cast<_Tp*>(_GLIBCXX_OPERATOR_NEW(__n * sizeof(_Tp)));
      |                                                       ^
[2/2] Linking CXX executable test_vibraphone_runtime.exe
