[0;32mI (124) esp_image: segment 1: paddr=00030eec vaddr=3fca44ESP-ROM:esp32s3-20210327
Build:Mar 27 2021
rst:0x15 (USB_UART_CHIP_RESET),boot:0x8 (SPI_FAST_FLASH_BOOT)
Saved PC:0x4200a257
SPIWP:0xee
mode:DIO, clock div:1
load:0x3fce2810,len:0x178c
load:0x403c8700,len:0x4
load:0x403c8704,len:0xcb8
load:0x403cb700,len:0x2db0
entry 0x403c8914
[0;32mI (26) boot: ESP-IDF v5.3-dirty 2nd stage bootloader[0m
[0;32mI (27) boot: compile time Oct  2 2026 14:07:55[0m
[0;32mI (27) boot: Multicore bootloader[0m
[0;32mI (30) boot: chip revision: v0.2[0m
[0;32mI (34) boot.esp32s3: Boot SPI Speed : 80MHz[0m
[0;32mI (39) boot.esp32s3: SPI Mode       : DIO[0m
[0;32mI (43) boot.esp32s3: SPI Flash Size : 4MB[0m
[0;32mI (48) boot: Enabling RNG early entropy source...[0m
[0;32mI (54) boot: Partition Table:[0m
[0;32mI (57) boot: ## Label            Usage          Type ST Offset   Length[0m
[0;32mI (64) boot:  0 nvs              WiFi data        01 02 00009000 00006000[0m
[0;32mI (72) boot:  1 phy_init         RF data          01 01 0000f000 00001000[0m
[0;32mI (79) boot:  2 factory          factory app      00 00 00010000 00100000[0m
[0;32mI (87) boot: End of partition table[0m
[0;32mI (91) esp_image: segment 0: paddr=00010020 vaddr=3c070020 size=20ec4h (134852) map[0m
[0;32mI (124) esp_image: segment 1: paddr=00030eec vaddr=3fca4400 size=04500h ( 17664) load[0m
[0;32mI (128) esp_image: segment 2: paddr=000353f4 vaddr=40374000 size=0ac24h ( 44068) load[0m
[0;32mI (139) esp_image: segment 3: paddr=00040020 vaddr=42000020 size=65f8ch (417676) map[0m
[0;32mI (214) esp_image: segment 4: paddr=000a5fb4 vaddr=4037ec24 size=157a8h ( 87976) load[0m
[0;32mI (247) boot: Loaded app from partition at offset 0x10000[0m
[0;32mI (247) boot: Disabling RNG early entropy source...[0m
[0;32mI (259) esp_psram: Found 2MB PSRAM device[0m
[0;32mI (259) esp_psram: Speed: 40MHz[0m
[0;32mI (260) cpu_start: Multicore app[0m
[0;32mI (679) esp_psram: SPI SRAM memory test OK[0m
[0;32mI (688) cpu_start: Pro cpu start user code[0m
[0;32mI (688) cpu_start: cpu freq: 240000000 Hz[0m
[0;32mI (689) app_init: Application information:[0m
[0;32mI (691) app_init: Project name:     pocket_pan[0m
[0;32mI (696) app_init: App version:      f7f89e4-dirty[0m
[0;32mI (702) app_init: Compile time:     Oct  2 2026 14:12:07[0m
[0;32mI (708) app_init: ELF file SHA256:  4e87b9290...[0m
[0;32mI (713) app_init: ESP-IDF:          v5.3-dirty[0m
[0;32mI (718) efuse_init: Min chip rev:     v0.0[0m
[0;32mI (723) efuse_init: Max chip rev:     v0.99 [0m
[0;32mI (728) efuse_init: Chip rev:         v0.2[0m
[0;32mI (733) heap_init: Initializing. RAM available for dynamic allocation:[0m
[0;32mI (740) heap_init: At 3FCCF748 len 00019FC8 (103 KiB): RAM[0m
[0;32mI (746) heap_init: At 3FCE9710 len 00005724 (21 KiB): RAM[0m
[0;32mI (752) heap_init: At 3FCF0000 len 00008000 (32 KiB): DRAM[0m
[0;32mI (758) heap_init: At 600FE100 len 00001EE8 (7 KiB): RTCRAM[0m
[0;32mI (765) esp_psram: Adding pool of 2048K of PSRAM memory to heap allocator[0m
[0;32mI (773) spi_flash: detected chip: generic[0m
[0;32mI (777) spi_flash: flash io: dio[0m
[0;32mI (781) sleep: Configure to isolate all GPIO pins in sleep state[0m
[0;32mI (788) sleep: Enable automatic switching of GPIO sleep configuration[0m
[0;32mI (795) coexist: coex firmware version: dab85ae96[0m
[0;32mI (800) coexist: coexist rom version e7ae62f[0m
[0;32mI (805) main_task: Started on CPU0[0m
[0;32mI (815) esp_psram: Reserving pool of 32K of internal memory for DMA/internal allocations[0m
[0;32mI (815) main_task: Calling app_main()[0m
[0;32mI (825) pocket_pan_main: [MEM_STAGE] stage=entry internal_free=142963 largest_internal=49152 psram_free=2094528[0m
[0;32mI (835) pocket_pan_main: ===============================================[0m
[0;32mI (845) pocket_pan_main:   Pocket Pan / Metal Modal Synthesizer v1.0.0[0m
[0;32mI (845) pocket_pan_main:   Hardware: TENSTAR TS-ESP32-S3 (Feather TFT)[0m
[0;32mI (855) pocket_pan_main: ===============================================[0m
[0;32mI (865) pocket_pan_main: [FORENSICS] candidate=25 profile=0 cpu_mhz=240 optimization_perf=1 process6=1 fine_bins=5 critical_only=0[0m
[0;32mI (895) pocket_pan_main: [MEM_STAGE] stage=dsp_ready internal_free=142963 largest_internal=49152 psram_free=2094528[0m
[0;32mI (895) gpio: GPIO[10]| InputEn: 0| OutputEn: 1| OpenDrain: 0| Pullup: 0| Pulldown: 1| Intr:0 [0m
[0;32mI (905) AudioI2S: I2S TX initialized (48kHz, 32-bit slot, stereo, 6x128 frames DMA = 1024 bytes/buf)[0m
[0;32mI (925) AudioI2S: Audio task started on Core 0 at priority 12[0m
[0;32mI (925) pocket_pan_main: [MEM_STAGE] stage=i2s_ready internal_free=128231 largest_internal=34816 psram_free=2094528[0m
[0;32mI (935) Display: [DISP_MEM_PRE] before: int_free=128231 int_largest=34816 psram_free=2094528[0m
[0;33mW (945) Display: Internal SRAM (64800 B) exhausted; falling back to PSRAM[0m
[0;32mI (955) Display: [DISP_MEM] framebuffer=0x3c0a0a44 (size=64800, align=4, internal=0, dma=0, psram=1)[0m
[0;32mI (965) Display: [DISP_MEM] scratch=0x3fce0e1c (size=9600, align=12, internal=1, dma=1)[0m
[0;32mI (965) Display: [DISP_MEM] before: int_free=128231 int_largest=34816 psram_free=2094528[0m
[0;32mI (975) Display: [DISP_MEM] after:  int_free=118627 int_largest=31744 psram_free=2029724[0m
[0;32mI (985) gpio: GPIO[39]| InputEn: 0| OutputEn: 1| OpenDrain: 0| Pullup: 0| Pulldown: 0| Intr:0 [0m
[0;32mI (995) gpio: GPIO[40]| InputEn: 0| OutputEn: 1| OpenDrain: 0| Pullup: 0| Pulldown: 0| Intr:0 [0m
[0;32mI (1005) gpio: GPIO[21]| InputEn: 0| OutputEn: 1| OpenDrain: 0| Pullup: 0| Pulldown: 0| Intr:0 [0m
[0;32mI (1235) gpio: GPIO[45]| InputEn: 0| OutputEn: 1| OpenDrain: 0| Pullup: 0| Pulldown: 0| Intr:0 [0m
[0;31mE (1235) lcd_panel.io.spi: panel_io_spi_tx_color(390): spi transmit (queue) color failed[0m
[0;31mE (1235) lcd_panel.st7789: panel_st7789_draw_bitmap(223): io tx color failed[0m
[0;32mI (1245) Display: ST7789 240x135 display initialized successfully (SPI 40MHz, GDMA callback armed)[0m
[0;32mI (1255) pocket_pan_main: [CANARY] PreparedNote canaries OK=1[0m
[0;32mI (1265) pocket_pan_main: [MEM_STAGE] stage=display_ready internal_free=116263 largest_internal=31744 psram_free=2029724[0m
[0;32mI (1275) BLE_INIT: BT controller compile version [ba3b3e3][0m
[0;32mI (1285) BLE_INIT: Bluetooth MAC: b4:3a:45:ae:6f:2a[0m
[0;32mI (1285) phy_init: phy_version 680,a6008b2,Jun  4 2024,16:41:10[0m
[0;32mI (1325) BleMidi: NimBLE BLE MIDI Central initialized and pinned to Core 1[0m
[0;32mI (1325) BleMidi: NimBLE Host task running on Core 1[0m
[0;32mI (1325) pocket_pan_main: [MEM_STAGE] stage=ble_ready internal_free=55975 largest_internal=31744 psram_free=2029724[0m
[0;32mI (1335) NimBLE: Failed to restore IRKs from store; status=8
[0m
[0;32mI (1345) pocket_pan_main: [M75_MEMORY] table_bytes=9640 cache_bytes=60552 synth_bytes=81668 internal_free=55939 largest_internal=31744[0m
[0;32mI (1345) NimBLE: GAP procedure initiated: discovery; [0m
[0;32mI (1355) pocket_pan_main: [UDU_CACHE] compact_bytes=5928 modal_models=9[0m
[0;32mI (1365) NimBLE: own_addr_type=0 filter_policy=0 passive=0 limited=0 filter_duplicates=1 [0m
[0;32mI (1375) pocket_pan_main: [CACHE_LAYOUT] packed=1 storage_bytes=60552 note_scratch_bytes=132[0m
[0;32mI (1385) NimBLE: duration=forever[0m
[0;32mI (1395) pocket_pan_main: [UDU_STATE] voice_bytes=124 fixed_reference=0[0m
[0;32mI (1395) NimBLE: 
[0m
[0;32mI (1405) pocket_pan_main: [MEM_STAGE] stage=ui_ready internal_free=51495 largest_internal=31744 psram_free=2029724[0m
[0;32mI (1405) BleMidi: Scanning for BLE MIDI devices...[0m
[0;32mI (1405) gpio: GPIO[0]| InputEn: 1| OutputEn: 0| OpenDrain: 0| Pullup: 1| Pulldown: 0| Intr:0 [0m
[0;32mI (1415) pocket_pan_main: Pocket Pan initialization complete. Realtime audio active.[0m
[0;32mI (1435) main_task: Returned from app_main()[0m
[0;31mE (1445) lcd_panel.io.spi: panel_io_spi_tx_color(390): spi transmit (queue) color failed[0m
[0;31mE (1455) lcd_panel.st7789: panel_st7789_draw_bitmap(223): io tx color failed[0m
[0;31mE (1465) lcd_panel.io.spi: panel_io_spi_tx_color(390): spi transmit (queue) color failed[0m
[0;31mE (1465) lcd_panel.st7789: panel_st7789_draw_bitmap(223): io tx color failed[0m
[0;32mI (1505) BleMidi: BLE MIDI device found (59:FB:B6:B7:BF:0F); connecting[0m
[0;32mI (1505) NimBLE: GAP procedure initiated: connect; [0m
[0;32mI (1505) NimBLE: peer_addr_type=0 peer_addr=[0m
[0;32mI (1515) NimBLE: 59:fb:b6:b7:bf:0f[0m
[0;32mI (1515) NimBLE:  scan_itvl=16 scan_window=16 itvl_min=24 itvl_max=40 latency=0 supervision_timeout=256 min_ce_len=0 max_ce_len=0 own_addr_type=0[0m
[0;32mI (1535) NimBLE: 
[0m
[0;31mE (1535) lcd_panel.io.spi: panel_io_spi_tx_color(390): spi transmit (queue) color failed[0m
[0;31mE (1545) lcd_panel.st7789: panel_st7789_draw_bitmap(223): io tx color failed[0m
[0;32mI (1605) BleMidi: BLE Connected! conn_handle=1[0m
[0;32mI (1605) NimBLE: GAP procedure initiated: [0m
[0;32mI (1605) NimBLE: connection parameter update; conn_handle=1 itvl_min=6 itvl_max=12 latency=0 supervision_timeout=200 min_ce_len=0 max_ce_len=0[0m
[0;32mI (1615) NimBLE: 
[0m
[0;32mI (1625) BleMidi: Requested connection params 7.5-15ms latency=0 timeout=2s rc=0[0m
[0;32mI (1635) NimBLE: GATT procedure initiated: discover all services
[0m
[0;32mI (1935) BleMidi: Found BLE MIDI Service! start_handle=112 end_handle=115[0m
[0;32mI (1935) NimBLE: GATT procedure initiated: discover all characteristics; [0m
[0;32mI (1935) NimBLE: start_handle=112 end_handle=115
[0m
[0;32mI (2035) BleMidi: Found BLE MIDI Characteristic! def_handle=113 val_handle=114 props=0x16[0m
[0;32mI (2035) NimBLE: GATT procedure initiated: discover all descriptors; [0m
[0;32mI (2035) NimBLE: chr_val_handle=114 end_handle=115
[0m
[0;32mI (2125) BleMidi: Discovered CCCD (0x2902) handle=115[0m
[0;32mI (2135) NimBLE: GATT procedure initiated: write; [0m
[0;32mI (2135) NimBLE: att_handle=115 len=2
[0m
[0;32mI (2185) BleMidi: Negotiated params interval=7.50ms latency=0 timeout=2000ms[0m
[0;32mI (2205) BleMidi: CCCD subscription successful; BLE MIDI ready[0m
[0;32mI (2205) NimBLE: GAP procedure initiated: [0m
[0;32mI (2205) NimBLE: connection parameter update; conn_handle=1 itvl_min=6 itvl_max=9 latency=0 supervision_timeout=100 min_ce_len=0 max_ce_len=0[0m
[0;32mI (2215) NimBLE: 
[0m
[0;32mI (2295) BleMidi: Negotiated params interval=11.25ms latency=0 timeout=1000ms[0m
[0;32mI (5825) pocket_pan_main: [AUDIO] model=PAN blocks=1837 avg_us=509 p99_us=0 max_us=863 cpu_load=19.1 deadline=0 timeout=0 tx_error=0 short=0[0m
[0;32mI (5825) pocket_pan_main: [MIDI] push=0 pop=0 drop=0 hwm=0 last=(n=62 v=0 t=78 hex=000000)[0m
[0;32mI (5835) pocket_pan_main: [BLE] state=8 interval_ms=11.25 latency=0 rssi=-68 reconnects=0 last_disconnect=0[0m
[0;32mI (5845) pocket_pan_main: [MEM] internal_free=56271 largest_internal=31744[0m
[0;32mI (5855) pocket_pan_main: [UICORR] >1733(tot=0 draw=0 lcd=0 both=0 none=0) >2000(tot=0 draw=0 lcd=0 both=0 none=0)[0m
[0;32mI (5865) pocket_pan_main: [UIMETRIC] arch=0 field_updates=15 total_transfers=6 total_pixels=123840 last_sub_us=302 last_dma_us=1095[0m
[0;32mI (5875) pocket_pan_main: [UIREDRAW] urgent=8 telemetry=18 skip=119[0m
[0;32mI (10835) pocket_pan_main: [AUDIO] model=PAN blocks=3718 avg_us=512 p99_us=700 max_us=863 cpu_load=19.2 deadline=0 timeout=0 tx_error=0 short=0[0m
[0;32mI (10835) pocket_pan_main: [MIDI] push=0 pop=0 drop=0 hwm=0 last=(n=62 v=0 t=78 hex=000000)[0m
[0;32mI (10845) pocket_pan_main: [BLE] state=8 interval_ms=11.25 latency=0 rssi=-59 reconnects=0 last_disconnect=0[0m
[0;32mI (10855) pocket_pan_main: [MEM] internal_free=56271 largest_internal=31744[0m
[0;32mI (10865) pocket_pan_main: [UICORR] >1733(tot=0 draw=0 lcd=0 both=0 none=0) >2000(tot=0 draw=0 lcd=0 both=0 none=0)[0m
[0;32mI (10875) pocket_pan_main: [UIMETRIC] arch=0 field_updates=19 total_transfers=10 total_pixels=131520 last_sub_us=231 last_dma_us=1019[0m
[0;32mI (10885) pocket_pan_main: [UIREDRAW] urgent=8 telemetry=42 skip=260[0m
[0;32mI (13175) forensics: [SAFETY] fixture=0 hard=0 sat=0 nonfinite=0 ble_lost=0[0m
[0;32mI (13175) forensics: [EVENT_ONLY] fixture=0 n=22 avg_us=70.41 max_us=76[0m
[0;32mI (13175) forensics: [FIXTURE_IO] model=PAN fixture=0 avg_us=513 p99_us=700 max_us=863 cpu_pct=19.24 deadline=0 timeouts=0 tx_errors=0 short_writes=0[0m
[0;32mI (13195) forensics: [CURVE] model=PAN fixture=0 voices=1 class=true_steady n=4051 avg_us=503.13 p95_us=515 p99_us=660 p995_us=665 p999_us=680 max_us=747 deadline=0 bad_voices=0 ble_lost=0 hard=0 sat=0 bin_us=5 max_observed_voices=1[0m
[0;32mI (13215) forensics: [HIST] fixture=0 class=true_steady lower_us=495 n=3731[0m
[0;32mI (13225) forensics: [HIST] fixture=0 class=true_steady lower_us=500 n=78[0m
[0;32mI (13225) forensics: [HIST] fixture=0 class=true_steady lower_us=505 n=35[0m
[0;32mI (13235) forensics: [HIST] fixture=0 class=true_steady lower_us=510 n=17[0m
[0;32mI (13245) forensics: [HIST] fixture=0 class=true_steady lower_us=515 n=5[0m
[0;32mI (13255) forensics: [HIST] fixture=0 class=true_steady lower_us=520 n=3[0m
[0;32mI (13255) forensics: [HIST] fixture=0 class=true_steady lower_us=525 n=1[0m
[0;32mI (13265) forensics: [HIST] fixture=0 class=true_steady lower_us=530 n=1[0m
[0;32mI (13275) forensics: [HIST] fixture=0 class=true_steady lower_us=540 n=2[0m
[0;32mI (13285) forensics: [HIST] fixture=0 class=true_steady lower_us=555 n=1[0m
[0;32mI (13285) forensics: [HIST] fixture=0 class=true_steady lower_us=570 n=1[0m
[0;32mI (13295) forensics: [HIST] fixture=0 class=true_steady lower_us=625 n=1[0m
[0;32mI (13305) forensics: [HIST] fixture=0 class=true_steady lower_us=650 n=105[0m
[0;32mI (13315) forensics: [HIST] fixture=0 class=true_steady lower_us=655 n=37[0m
[0;32mI (13315) forensics: [HIST] fixture=0 class=true_steady lower_us=660 n=19[0m
[0;32mI (13325) forensics: [HIST] fixture=0 class=true_steady lower_us=665 n=6[0m
[0;32mI (13335) forensics: [HIST] fixture=0 class=true_steady lower_us=670 n=3[0m
[0;32mI (13345) forensics: [HIST] fixture=0 class=true_steady lower_us=675 n=1[0m
[0;32mI (13345) forensics: [HIST] fixture=0 class=true_steady lower_us=680 n=1[0m
[0;32mI (13355) forensics: [HIST] fixture=0 class=true_steady lower_us=685 n=1[0m
[0;32mI (13365) forensics: [HIST] fixture=0 class=true_steady lower_us=720 n=1[0m
[0;32mI (13375) forensics: [HIST] fixture=0 class=true_steady lower_us=745 n=1[0m
[0;32mI (13375) forensics: [CALLBACK_CURVE] model=PAN fixture=0 voices=1 class=true_steady n=4050 avg_us=518.05 p95_us=600 p99_us=680 p995_us=695 p999_us=760 max_us=859 deadline=0 overhead_avg_us=14.92[0m
[0;32mI (13395) forensics: [CALLBACK_HIST] fixture=0 class=true_steady lower_us=500 n=836[0m
[0;32mI (13405) forensics: [CALLBACK_HIST] fixture=0 class=true_steady lower_us=505 n=2099[0m
[0;32mI (13415) forensics: [CALLBACK_HIST] fixture=0 class=true_steady lower_us=510 n=189[0m
[0;32mI (13425) forensics: [CALLBACK_HIST] fixture=0 class=true_steady lower_us=515 n=91[0m
[0;32mI (13425) forensics: [CALLBACK_HIST] fixture=0 class=true_steady lower_us=520 n=256[0m
[0;32mI (13435) forensics: [CALLBACK_HIST] fixture=0 class=true_steady lower_us=525 n=129[0m
[0;32mI (13445) forensics: [CALLBACK_HIST] fixture=0 class=true_steady lower_us=530 n=84[0m
[0;32mI (13455) forensics: [CALLBACK_HIST] fixture=0 class=true_steady lower_us=535 n=35[0m
[0;32mI (13465) forensics: [CALLBACK_HIST] fixture=0 class=true_steady lower_us=540 n=29[0m
[0;32mI (13475) forensics: [CALLBACK_HIST] fixture=0 class=true_steady lower_us=545 n=20[0m
[0;32mI (13475) forensics: [CALLBACK_HIST] fixture=0 class=true_steady lower_us=550 n=17[0m
[0;32mI (13485) forensics: [CALLBACK_HIST] fixture=0 class=true_steady lower_us=555 n=8[0m
[0;32mI (13495) forensics: [CALLBACK_HIST] fixture=0 class=true_steady lower_us=560 n=11[0m
[0;32mI (13505) forensics: [CALLBACK_HIST] fixture=0 class=true_steady lower_us=565 n=7[0m
[0;32mI (13515) forensics: [CALLBACK_HIST] fixture=0 class=true_steady lower_us=570 n=9[0m
[0;32mI (13515) forensics: [CALLBACK_HIST] fixture=0 class=true_steady lower_us=575 n=8[0m
[0;32mI (13525) forensics: [CALLBACK_HIST] fixture=0 class=true_steady lower_us=580 n=9[0m
[0;32mI (13535) forensics: [CALLBACK_HIST] fixture=0 class=true_steady lower_us=585 n=4[0m
[0;32mI (13545) forensics: [CALLBACK_HIST] fixture=0 class=true_steady lower_us=590 n=4[0m
[0;32mI (13555) forensics: [CALLBACK_HIST] fixture=0 class=true_steady lower_us=595 n=5[0m
[0;32mI (13565) forensics: [CALLBACK_HIST] fixture=0 class=true_steady lower_us=600 n=4[0m
[0;32mI (13565) forensics: [CALLBACK_HIST] fixture=0 class=true_steady lower_us=605 n=2[0m
[0;32mI (13575) forensics: [CALLBACK_HIST] fixture=0 class=true_steady lower_us=610 n=3[0m
[0;32mI (13585) forensics: [CALLBACK_HIST] fixture=0 class=true_steady lower_us=615 n=1[0m
[0;32mI (13595) forensics: [CALLBACK_HIST] fixture=0 class=true_steady lower_us=620 n=1[0m
[0;32mI (13605) forensics: [CALLBACK_HIST] fixture=0 class=true_steady lower_us=630 n=3[0m
[0;32mI (13605) forensics: [CALLBACK_HIST] fixture=0 class=true_steady lower_us=635 n=2[0m
[0;32mI (13615) forensics: [CALLBACK_HIST] fixture=0 class=true_steady lower_us=640 n=1[0m
[0;32mI (13625) forensics: [CALLBACK_HIST] fixture=0 class=true_steady lower_us=645 n=1[0m
[0;32mI (13635) forensics: [CALLBACK_HIST] fixture=0 class=true_steady lower_us=650 n=3[0m
[0;32mI (13645) forensics: [CALLBACK_HIST] fixture=0 class=true_steady lower_us=660 n=82[0m
[0;32mI (13655) forensics: [CALLBACK_HIST] fixture=0 class=true_steady lower_us=665 n=38[0m
[0;32mI (13655) forensics: [CALLBACK_HIST] fixture=0 class=true_steady lower_us=670 n=14[0m
[0;32mI (13665) forensics: [CALLBACK_HIST] fixture=0 class=true_steady lower_us=675 n=8[0m
[0;32mI (13675) forensics: [CALLBACK_HIST] fixture=0 class=true_steady lower_us=680 n=6[0m
[0;32mI (13685) forensics: [CALLBACK_HIST] fixture=0 class=true_steady lower_us=685 n=9[0m
[0;32mI (13695) forensics: [CALLBACK_HIST] fixture=0 class=true_steady lower_us=690 n=5[0m
[0;32mI (13695) forensics: [CALLBACK_HIST] fixture=0 class=true_steady lower_us=695 n=2[0m
[0;32mI (13705) forensics: [CALLBACK_HIST] fixture=0 class=true_steady lower_us=700 n=4[0m
[0;32mI (13715) forensics: [CALLBACK_HIST] fixture=0 class=true_steady lower_us=705 n=2[0m
[0;32mI (13725) forensics: [CALLBACK_HIST] fixture=0 class=true_steady lower_us=710 n=2[0m
[0;32mI (13735) forensics: [CALLBACK_HIST] fixture=0 class=true_steady lower_us=715 n=1[0m
[0;32mI (13745) forensics: [CALLBACK_HIST] fixture=0 class=true_steady lower_us=720 n=1[0m
[0;32mI (13745) forensics: [CALLBACK_HIST] fixture=0 class=true_steady lower_us=755 n=1[0m
[0;32mI (13755) forensics: [CALLBACK_HIST] fixture=0 class=true_steady lower_us=795 n=1[0m
[0;32mI (13765) forensics: [CALLBACK_HIST] fixture=0 class=true_steady lower_us=820 n=2[0m
[0;32mI (13775) forensics: [CALLBACK_HIST] fixture=0 class=true_steady lower_us=855 n=1[0m
[0;32mI (13785) forensics: [CURVE] model=PAN fixture=0 voices=1 class=attack_tail n=22 avg_us=558.64 p95_us=570 p99_us=570 p995_us=570 p999_us=570 max_us=568 deadline=0 bad_voices=0 ble_lost=0 hard=0 sat=0 bin_us=5 max_observed_voices=1[0m
[0;32mI (13805) forensics: [HIST] fixture=0 class=attack_tail lower_us=555 n=17[0m
[0;32mI (13805) forensics: [HIST] fixture=0 class=attack_tail lower_us=560 n=2[0m
[0;32mI (13815) forensics: [HIST] fixture=0 class=attack_tail lower_us=565 n=3[0m
[0;32mI (13825) forensics: [CALLBACK_CURVE] model=PAN fixture=0 voices=1 class=attack_tail n=22 avg_us=590.86 p95_us=625 p99_us=630 p995_us=630 p999_us=630 max_us=627 deadline=0 overhead_avg_us=32.22[0m
[0;32mI (13845) forensics: [CALLBACK_HIST] fixture=0 class=attack_tail lower_us=565 n=1[0m
[0;32mI (13855) forensics: [CALLBACK_HIST] fixture=0 class=attack_tail lower_us=570 n=5[0m
[0;32mI (13855) forensics: [CALLBACK_HIST] fixture=0 class=attack_tail lower_us=580 n=2[0m
[0;32mI (13865) forensics: [CALLBACK_HIST] fixture=0 class=attack_tail lower_us=585 n=3[0m
[0;32mI (13875) forensics: [CALLBACK_HIST] fixture=0 class=attack_tail lower_us=590 n=1[0m
[0;32mI (13885) forensics: [CALLBACK_HIST] fixture=0 class=attack_tail lower_us=595 n=5[0m
[0;32mI (13895) forensics: [CALLBACK_HIST] fixture=0 class=attack_tail lower_us=600 n=1[0m
[0;32mI (13895) forensics: [CALLBACK_HIST] fixture=0 class=attack_tail lower_us=610 n=1[0m
[0;32mI (13905) forensics: [CALLBACK_HIST] fixture=0 class=attack_tail lower_us=615 n=1[0m
[0;32mI (13915) forensics: [CALLBACK_HIST] fixture=0 class=attack_tail lower_us=620 n=1[0m
[0;32mI (13925) forensics: [CALLBACK_HIST] fixture=0 class=attack_tail lower_us=625 n=1[0m
[0;32mI (13935) forensics: [CURVE] model=PAN fixture=0 voices=1 class=event n=22 avg_us=677.49 p95_us=690 p99_us=690 p995_us=690 p999_us=690 max_us=689 deadline=0 bad_voices=0 ble_lost=0 hard=0 sat=0 bin_us=5 max_observed_voices=1[0m
[0;32mI (13955) forensics: [HIST] fixture=0 class=event lower_us=640 n=1[0m
[0;32mI (13955) forensics: [HIST] fixture=0 class=event lower_us=670 n=6[0m
[0;32mI (13965) forensics: [HIST] fixture=0 class=event lower_us=675 n=4[0m
[0;32mI (13975) forensics: [HIST] fixture=0 class=event lower_us=680 n=7[0m
[0;32mI (13985) forensics: [HIST] fixture=0 class=event lower_us=685 n=4[0m
[0;32mI (13985) forensics: [CALLBACK_CURVE] model=PAN fixture=0 voices=1 class=event n=22 avg_us=734.32 p95_us=750 p99_us=750 p995_us=750 p999_us=750 max_us=749 deadline=0 overhead_avg_us=56.83[0m
[0;32mI (14005) forensics: [CALLBACK_HIST] fixture=0 class=event lower_us=695 n=1[0m
[0;32mI (14015) forensics: [CALLBACK_HIST] fixture=0 class=event lower_us=725 n=5[0m
[0;32mI (14015) forensics: [CALLBACK_HIST] fixture=0 class=event lower_us=730 n=2[0m
[0;32mI (14025) forensics: [CALLBACK_HIST] fixture=0 class=event lower_us=735 n=7[0m
[0;32mI (14035) forensics: [CALLBACK_HIST] fixture=0 class=event lower_us=740 n=5[0m
[0;32mI (14045) forensics: [CALLBACK_HIST] fixture=0 class=event lower_us=745 n=2[0m
[0;32mI (14055) forensics: [CURVE] model=PAN fixture=0 voices=1 class=fixture_transition n=1 avg_us=730.63 p95_us=735 p99_us=735 p995_us=735 p999_us=735 max_us=731 deadline=0 bad_voices=0 ble_lost=0 hard=0 sat=0 bin_us=5 max_observed_voices=1[0m
[0;32mI (14075) forensics: [HIST] fixture=0 class=fixture_transition lower_us=730 n=1[0m
[0;32mI (14075) forensics: [CALLBACK_CURVE] model=PAN fixture=0 voices=1 class=fixture_transition n=1 avg_us=863.00 p95_us=865 p99_us=865 p995_us=865 p999_us=865 max_us=863 deadline=0 overhead_avg_us=132.37[0m
[0;32mI (14095) forensics: [CALLBACK_HIST] fixture=0 class=fixture_transition lower_us=860 n=1[0m
[0;32mI (14105) forensics: [FASTPATH] fixture=0 stable8=0 attack=0 sustain=4051[0m
[0;32mI (14115) forensics: [OVERHEAD] fixture=0 blocks=4584 model_reset_avg_us=1.56 model_reset_max_us=60 queue_avg_us=1.71 queue_max_us=36 render_avg_us=456.26 telem_avg_us=3.60 telem_max_us=79 telem_publishes=573[0m
[0;32mI (15845) pocket_pan_main: [AUDIO] model=PAN blocks=5596 avg_us=1157 p99_us=0 max_us=1745 cpu_load=43.4 deadline=0 timeout=0 tx_error=0 short=0[0m
[0;32mI (15845) pocket_pan_main: [MIDI] push=0 pop=0 drop=0 hwm=0 last=(n=62 v=0 t=78 hex=000000)[0m
[0;32mI (15855) pocket_pan_main: [BLE] state=8 interval_ms=11.25 latency=0 rssi=-68 reconnects=0 last_disconnect=0[0m
[0;32mI (15865) pocket_pan_main: [MEM] internal_free=56271 largest_internal=31744[0m
[0;32mI (15875) pocket_pan_main: [UICORR] >1733(tot=1 draw=0 lcd=0 both=0 none=1) >2000(tot=0 draw=0 lcd=0 both=0 none=0)[0m
[0;32mI (15885) pocket_pan_main: [UIMETRIC] arch=0 field_updates=23 total_transfers=13 total_pixels=141600 last_sub_us=256 last_dma_us=1047[0m
[0;32mI (15895) pocket_pan_main: [UIREDRAW] urgent=9 telemetry=62 skip=372[0m
[0;32mI (20855) pocket_pan_main: [AUDIO] model=PAN blocks=7474 avg_us=1144 p99_us=1400 max_us=1810 cpu_load=42.9 deadline=0 timeout=0 tx_error=0 short=0[0m
[0;32mI (20855) pocket_pan_main: [MIDI] push=0 pop=0 drop=0 hwm=0 last=(n=62 v=0 t=78 hex=000000)[0m
[0;32mI (20865) pocket_pan_main: [BLE] state=8 interval_ms=11.25 latency=0 rssi=-81 reconnects=0 last_disconnect=0[0m
[0;32mI (20875) pocket_pan_main: [MEM] internal_free=56271 largest_internal=31744[0m
[0;32mI (20885) pocket_pan_main: [UICORR] >1733(tot=2 draw=1 lcd=0 both=0 none=1) >2000(tot=0 draw=0 lcd=0 both=0 none=0)[0m
[0;32mI (20895) pocket_pan_main: [UIMETRIC] arch=0 field_updates=25 total_transfers=15 total_pixels=145440 last_sub_us=249 last_dma_us=1039[0m
[0;32mI (20905) pocket_pan_main: [UIREDRAW] urgent=9 telemetry=85 skip=514[0m
[0;33mW (24095) forensics: [OVERRUN] seq=8682 callback_us=2398 inner_us=2342 class=event fixture=2 model=PAN voices=8 exciter=1 midi_depth=0 midi_consumed=0 telem=0 model_req=0 reset_req=0[0m
[0;32mI (24095) forensics: [SAFETY] fixture=1 hard=0 sat=0 nonfinite=0 ble_lost=0[0m
[0;32mI (24105) forensics: [EVENT_ONLY] fixture=1 n=22 avg_us=93.40 max_us=102[0m
[0;32mI (24115) forensics: [FIXTURE_IO] model=PAN fixture=1 avg_us=1156 p99_us=1400 max_us=1810 cpu_pct=43.34 deadline=0 timeouts=0 tx_errors=0 short_writes=0[0m
[0;32mI (24125) forensics: [CURVE] model=PAN fixture=1 voices=4 class=true_steady n=4051 avg_us=1137.09 p95_us=1170 p99_us=1200 p995_us=1215 p999_us=1250 max_us=1278 deadline=0 bad_voices=0 ble_lost=0 hard=0 sat=0 bin_us=5 max_observed_voices=4[0m
[0;32mI (24145) forensics: [HIST] fixture=1 class=true_steady lower_us=1105 n=1[0m
[0;32mI (24155) forensics: [HIST] fixture=1 class=true_steady lower_us=1110 n=6[0m
[0;32mI (24165) forensics: [HIST] fixture=1 class=true_steady lower_us=1115 n=5[0m
[0;32mI (24175) forensics: [HIST] fixture=1 class=true_steady lower_us=1120 n=848[0m
[0;32mI (24175) forensics: [HIST] fixture=1 class=true_steady lower_us=1125 n=837[0m
[0;32mI (24185) forensics: [HIST] fixture=1 class=true_steady lower_us=1130 n=794[0m
[0;32mI (24195) forensics: [HIST] fixture=1 class=true_steady lower_us=1135 n=296[0m
[0;32mI (24205) forensics: [HIST] fixture=1 class=true_steady lower_us=1140 n=325[0m
[0;32mI (24205) forensics: [HIST] fixture=1 class=true_steady lower_us=1145 n=226[0m
[0;32mI (24215) forensics: [HIST] fixture=1 class=true_steady lower_us=1150 n=121[0m
[0;32mI (24225) forensics: [HIST] fixture=1 class=true_steady lower_us=1155 n=135[0m
[0;32mI (24235) forensics: [HIST] fixture=1 class=true_steady lower_us=1160 n=91[0m
[0;32mI (24235) forensics: [HIST] fixture=1 class=true_steady lower_us=1165 n=177[0m
[0;32mI (24245) forensics: [HIST] fixture=1 class=true_steady lower_us=1170 n=56[0m
[0;32mI (24255) forensics: [HIST] fixture=1 class=true_steady lower_us=1175 n=42[0m
[0;32mI (24265) forensics: [HIST] fixture=1 class=true_steady lower_us=1180 n=23[0m
[0;32mI (24265) forensics: [HIST] fixture=1 class=true_steady lower_us=1185 n=12[0m
[0;32mI (24275) forensics: [HIST] fixture=1 class=true_steady lower_us=1190 n=13[0m
[0;32mI (24285) forensics: [HIST] fixture=1 class=true_steady lower_us=1195 n=11[0m
[0;32mI (24295) forensics: [HIST] fixture=1 class=true_steady lower_us=1200 n=6[0m
[0;32mI (24295) forensics: [HIST] fixture=1 class=true_steady lower_us=1205 n=3[0m
[0;32mI (24305) forensics: [HIST] fixture=1 class=true_steady lower_us=1210 n=7[0m
[0;32mI (24315) forensics: [HIST] fixture=1 class=true_steady lower_us=1215 n=4[0m
[0;32mI (24325) forensics: [HIST] fixture=1 class=true_steady lower_us=1220 n=4[0m
[0;32mI (24325) forensics: [HIST] fixture=1 class=true_steady lower_us=1230 n=1[0m
[0;32mI (24335) forensics: [HIST] fixture=1 class=true_steady lower_us=1240 n=1[0m
[0;32mI (24345) forensics: [HIST] fixture=1 class=true_steady lower_us=1245 n=3[0m
[0;32mI (24355) forensics: [HIST] fixture=1 class=true_steady lower_us=1260 n=2[0m
[0;32mI (24355) forensics: [HIST] fixture=1 class=true_steady lower_us=1275 n=1[0m
[0;32mI (24365) forensics: [CALLBACK_CURVE] model=PAN fixture=1 voices=4 class=true_steady n=4051 avg_us=1153.06 p95_us=1200 p99_us=1260 p995_us=1305 p999_us=1380 max_us=1414 deadline=0 overhead_avg_us=15.97[0m
[0;32mI (24385) forensics: [CALLBACK_HIST] fixture=1 class=true_steady lower_us=540 n=1[0m
[0;32mI (24395) forensics: [CALLBACK_HIST] fixture=1 class=true_steady lower_us=1115 n=5[0m
[0;32mI (24405) forensics: [CALLBACK_HIST] fixture=1 class=true_steady lower_us=1120 n=4[0m
[0;32mI (24415) forensics: [CALLBACK_HIST] fixture=1 class=true_steady lower_us=1125 n=2[0m
[0;32mI (24415) forensics: [CALLBACK_HIST] fixture=1 class=true_steady lower_us=1130 n=733[0m
[0;32mI (24425) forensics: [CALLBACK_HIST] fixture=1 class=true_steady lower_us=1135 n=831[0m
[0;32mI (24435) forensics: [CALLBACK_HIST] fixture=1 class=true_steady lower_us=1140 n=470[0m
[0;32mI (24445) forensics: [CALLBACK_HIST] fixture=1 class=true_steady lower_us=1145 n=289[0m
[0;32mI (24455) forensics: [CALLBACK_HIST] fixture=1 class=true_steady lower_us=1150 n=325[0m
[0;32mI (24465) forensics: [CALLBACK_HIST] fixture=1 class=true_steady lower_us=1155 n=256[0m
[0;32mI (24465) forensics: [CALLBACK_HIST] fixture=1 class=true_steady lower_us=1160 n=208[0m
[0;32mI (24475) forensics: [CALLBACK_HIST] fixture=1 class=true_steady lower_us=1165 n=172[0m
[0;32mI (24485) forensics: [CALLBACK_HIST] fixture=1 class=true_steady lower_us=1170 n=129[0m
[0;32mI (24495) forensics: [CALLBACK_HIST] fixture=1 class=true_steady lower_us=1175 n=160[0m
[0;32mI (24505) forensics: [CALLBACK_HIST] fixture=1 class=true_steady lower_us=1180 n=122[0m
[0;32mI (24515) forensics: [CALLBACK_HIST] fixture=1 class=true_steady lower_us=1185 n=64[0m
[0;32mI (24515) forensics: [CALLBACK_HIST] fixture=1 class=true_steady lower_us=1190 n=71[0m
[0;32mI (24525) forensics: [CALLBACK_HIST] fixture=1 class=true_steady lower_us=1195 n=44[0m
[0;32mI (24535) forensics: [CALLBACK_HIST] fixture=1 class=true_steady lower_us=1200 n=28[0m
[0;32mI (24545) forensics: [CALLBACK_HIST] fixture=1 class=true_steady lower_us=1205 n=15[0m
[0;32mI (24555) forensics: [CALLBACK_HIST] fixture=1 class=true_steady lower_us=1210 n=15[0m
[0;32mI (24565) forensics: [CALLBACK_HIST] fixture=1 class=true_steady lower_us=1215 n=17[0m
[0;32mI (24565) forensics: [CALLBACK_HIST] fixture=1 class=true_steady lower_us=1220 n=8[0m
[0;32mI (24575) forensics: [CALLBACK_HIST] fixture=1 class=true_steady lower_us=1225 n=8[0m
[0;32mI (24585) forensics: [CALLBACK_HIST] fixture=1 class=true_steady lower_us=1230 n=6[0m
[0;32mI (24595) forensics: [CALLBACK_HIST] fixture=1 class=true_steady lower_us=1235 n=6[0m
[0;32mI (24605) forensics: [CALLBACK_HIST] fixture=1 class=true_steady lower_us=1240 n=5[0m
[0;32mI (24615) forensics: [CALLBACK_HIST] fixture=1 class=true_steady lower_us=1245 n=7[0m
[0;32mI (24615) forensics: [CALLBACK_HIST] fixture=1 class=true_steady lower_us=1250 n=6[0m
[0;32mI (24625) forensics: [CALLBACK_HIST] fixture=1 class=true_steady lower_us=1255 n=4[0m
[0;32mI (24635) forensics: [CALLBACK_HIST] fixture=1 class=true_steady lower_us=1260 n=2[0m
[0;32mI (24645) forensics: [CALLBACK_HIST] fixture=1 class=true_steady lower_us=1265 n=4[0m
[0;32mI (24655) forensics: [CALLBACK_HIST] fixture=1 class=true_steady lower_us=1270 n=4[0m
[0;32mI (24665) forensics: [CALLBACK_HIST] fixture=1 class=true_steady lower_us=1275 n=3[0m
[0;32mI (24665) forensics: [CALLBACK_HIST] fixture=1 class=true_steady lower_us=1280 n=1[0m
[0;32mI (24675) forensics: [CALLBACK_HIST] fixture=1 class=true_steady lower_us=1285 n=2[0m
[0;32mI (24685) forensics: [CALLBACK_HIST] fixture=1 class=true_steady lower_us=1290 n=2[0m
[0;32mI (24695) forensics: [CALLBACK_HIST] fixture=1 class=true_steady lower_us=1295 n=1[0m
[0;32mI (24705) forensics: [CALLBACK_HIST] fixture=1 class=true_steady lower_us=1300 n=2[0m
[0;32mI (24705) forensics: [CALLBACK_HIST] fixture=1 class=true_steady lower_us=1305 n=1[0m
[0;32mI (24715) forensics: [CALLBACK_HIST] fixture=1 class=true_steady lower_us=1310 n=1[0m
[0;32mI (24725) forensics: [CALLBACK_HIST] fixture=1 class=true_steady lower_us=1315 n=4[0m
[0;32mI (24735) forensics: [CALLBACK_HIST] fixture=1 class=true_steady lower_us=1320 n=2[0m
[0;32mI (24745) forensics: [CALLBACK_HIST] fixture=1 class=true_steady lower_us=1335 n=3[0m
[0;32mI (24755) forensics: [CALLBACK_HIST] fixture=1 class=true_steady lower_us=1340 n=1[0m
[0;32mI (24755) forensics: [CALLBACK_HIST] fixture=1 class=true_steady lower_us=1345 n=1[0m
[0;32mI (24765) forensics: [CALLBACK_HIST] fixture=1 class=true_steady lower_us=1365 n=1[0m
[0;32mI (24775) forensics: [CALLBACK_HIST] fixture=1 class=true_steady lower_us=1375 n=1[0m
[0;32mI (24785) forensics: [CALLBACK_HIST] fixture=1 class=true_steady lower_us=1385 n=1[0m
[0;32mI (24795) forensics: [CALLBACK_HIST] fixture=1 class=true_steady lower_us=1390 n=1[0m
[0;32mI (24805) forensics: [CALLBACK_HIST] fixture=1 class=true_steady lower_us=1405 n=1[0m
[0;32mI (24805) forensics: [CALLBACK_HIST] fixture=1 class=true_steady lower_us=1410 n=1[0m
[0;32mI (24815) forensics: [CURVE] model=PAN fixture=1 voices=4 class=attack_tail n=22 avg_us=1383.16 p95_us=1395 p99_us=1440 p995_us=1440 p999_us=1440 max_us=1438 deadline=0 bad_voices=0 ble_lost=0 hard=0 sat=0 bin_us=5 max_observed_voices=4[0m
[0;32mI (24835) forensics: [HIST] fixture=1 class=attack_tail lower_us=1370 n=4[0m
[0;32mI (24845) forensics: [HIST] fixture=1 class=attack_tail lower_us=1375 n=7[0m
[0;32mI (24855) forensics: [HIST] fixture=1 class=attack_tail lower_us=1380 n=3[0m
[0;32mI (24865) forensics: [HIST] fixture=1 class=attack_tail lower_us=1385 n=4[0m
[0;32mI (24865) forensics: [HIST] fixture=1 class=attack_tail lower_us=1390 n=3[0m
[0;32mI (24875) forensics: [HIST] fixture=1 class=attack_tail lower_us=1435 n=1[0m
[0;32mI (24885) forensics: [CALLBACK_CURVE] model=PAN fixture=1 voices=4 class=attack_tail n=22 avg_us=1423.36 p95_us=1490 p99_us=1505 p995_us=1505 p999_us=1505 max_us=1500 deadline=0 overhead_avg_us=40.20[0m
[0;32mI (24905) forensics: [CALLBACK_HIST] fixture=1 class=attack_tail lower_us=1385 n=5[0m
[0;32mI (24905) forensics: [CALLBACK_HIST] fixture=1 class=attack_tail lower_us=1390 n=1[0m
[0;32mI (24915) forensics: [CALLBACK_HIST] fixture=1 class=attack_tail lower_us=1405 n=2[0m
[0;32mI (24925) forensics: [CALLBACK_HIST] fixture=1 class=attack_tail lower_us=1415 n=1[0m
[0;32mI (24935) forensics: [CALLBACK_HIST] fixture=1 class=attack_tail lower_us=1420 n=2[0m
[0;32mI (24945) forensics: [CALLBACK_HIST] fixture=1 class=attack_tail lower_us=1425 n=3[0m
[0;32mI (24955) forensics: [CALLBACK_HIST] fixture=1 class=attack_tail lower_us=1430 n=1[0m
[0;32mI (24955) forensics: [CALLBACK_HIST] fixture=1 class=attack_tail lower_us=1435 n=2[0m
[0;32mI (24965) forensics: [CALLBACK_HIST] fixture=1 class=attack_tail lower_us=1440 n=2[0m
[0;32mI (24975) forensics: [CALLBACK_HIST] fixture=1 class=attack_tail lower_us=1450 n=1[0m
[0;32mI (24985) forensics: [CALLBACK_HIST] fixture=1 class=attack_tail lower_us=1485 n=1[0m
[0;32mI (24995) forensics: [CALLBACK_HIST] fixture=1 class=attack_tail lower_us=1500 n=1[0m
[0;32mI (25005) forensics: [CURVE] model=PAN fixture=1 voices=4 class=event n=22 avg_us=1575.58 p95_us=1635 p99_us=1650 p995_us=1650 p999_us=1650 max_us=1647 deadline=0 bad_voices=0 ble_lost=0 hard=0 sat=0 bin_us=5 max_observed_voices=4[0m
[0;32mI (25025) forensics: [HIST] fixture=1 class=event lower_us=1540 n=1[0m
[0;32mI (25025) forensics: [HIST] fixture=1 class=event lower_us=1545 n=1[0m
[0;32mI (25035) forensics: [HIST] fixture=1 class=event lower_us=1555 n=2[0m
[0;32mI (25045) forensics: [HIST] fixture=1 class=event lower_us=1560 n=2[0m
[0;32mI (25045) forensics: [HIST] fixture=1 class=event lower_us=1565 n=4[0m
[0;32mI (25055) forensics: [HIST] fixture=1 class=event lower_us=1570 n=5[0m
[0;32mI (25065) forensics: [HIST] fixture=1 class=event lower_us=1575 n=3[0m
[0;32mI (25075) forensics: [HIST] fixture=1 class=event lower_us=1585 n=1[0m
[0;32mI (25075) forensics: [HIST] fixture=1 class=event lower_us=1625 n=1[0m
[0;32mI (25085) forensics: [HIST] fixture=1 class=event lower_us=1630 n=1[0m
[0;32mI (25095) forensics: [HIST] fixture=1 class=event lower_us=1645 n=1[0m
[0;32mI (25095) forensics: [CALLBACK_CURVE] model=PAN fixture=1 voices=4 class=event n=22 avg_us=1643.36 p95_us=1750 p99_us=1815 p995_us=1815 p999_us=1815 max_us=1810 deadline=0 overhead_avg_us=67.79[0m
[0;32mI (25115) forensics: [CALLBACK_HIST] fixture=1 class=event lower_us=1595 n=2[0m
[0;32mI (25125) forensics: [CALLBACK_HIST] fixture=1 class=event lower_us=1610 n=2[0m
[0;32mI (25135) forensics: [CALLBACK_HIST] fixture=1 class=event lower_us=1615 n=1[0m
[0;32mI (25135) forensics: [CALLBACK_HIST] fixture=1 class=event lower_us=1620 n=2[0m
[0;32mI (25145) forensics: [CALLBACK_HIST] fixture=1 class=event lower_us=1625 n=4[0m
[0;32mI (25155) forensics: [CALLBACK_HIST] fixture=1 class=event lower_us=1630 n=3[0m
[0;32mI (25165) forensics: [CALLBACK_HIST] fixture=1 class=event lower_us=1635 n=3[0m
[0;32mI (25165) forensics: [CALLBACK_HIST] fixture=1 class=event lower_us=1650 n=1[0m
[0;32mI (25175) forensics: [CALLBACK_HIST] fixture=1 class=event lower_us=1660 n=1[0m
[0;32mI (25185) forensics: [CALLBACK_HIST] fixture=1 class=event lower_us=1695 n=1[0m
[0;32mI (25195) forensics: [CALLBACK_HIST] fixture=1 class=event lower_us=1745 n=1[0m
[0;32mI (25205) forensics: [CALLBACK_HIST] fixture=1 class=event lower_us=1810 n=1[0m
[0;32mI (25205) forensics: [CURVE] model=PAN fixture=1 voices=4 class=fixture_transition n=1 avg_us=630.86 p95_us=635 p99_us=635 p995_us=635 p999_us=635 max_us=631 deadline=0 bad_voices=0 ble_lost=0 hard=0 sat=0 bin_us=5 max_observed_voices=4[0m
[0;32mI (25235) forensics: [HIST] fixture=1 class=fixture_transition lower_us=630 n=1[0m
[0;32mI (25235) forensics: [CALLBACK_CURVE] model=PAN fixture=1 voices=4 class=fixture_transition n=1 avg_us=671.00 p95_us=675 p99_us=675 p995_us=675 p999_us=675 max_us=671 deadline=0 overhead_avg_us=40.14[0m
[0;32mI (25255) forensics: [CALLBACK_HIST] fixture=1 class=fixture_transition lower_us=670 n=1[0m
[0;32mI (25265) forensics: [FASTPATH] fixture=1 stable8=0 attack=0 sustain=16204[0m
[0;32mI (25275) forensics: [OVERHEAD] fixture=1 blocks=4096 model_reset_avg_us=1.48 model_reset_max_us=19 queue_avg_us=1.74 queue_max_us=22 render_avg_us=1147.02 telem_avg_us=3.78 telem_max_us=76 telem_publishes=512[0m
[0;33mW (25325) forensics: [OVERRUN] seq=8870 callback_us=2565 inner_us=2499 class=event fixture=2 model=PAN voices=8 exciter=1 midi_depth=0 midi_consumed=0 telem=0 model_req=0 reset_req=0[0m
[0;33mW (25335) forensics: [OVERRUN] seq=9058 callback_us=2546 inner_us=2486 class=event fixture=2 model=PAN voices=8 exciter=1 midi_depth=0 midi_consumed=0 telem=0 model_req=0 reset_req=0[0m
[0;33mW (25585) forensics: [OVERRUN] seq=9246 callback_us=2447 inner_us=2381 class=event fixture=2 model=PAN voices=8 exciter=1 midi_depth=0 midi_consumed=0 telem=0 model_req=0 reset_req=0[0m
[0;32mI (25865) pocket_pan_main: [AUDIO] model=PAN blocks=9354 avg_us=1672 p99_us=0 max_us=2565 cpu_load=62.7 deadline=0 timeout=0 tx_error=0 short=0[0m
[0;32mI (25865) pocket_pan_main: [MIDI] push=0 pop=0 drop=0 hwm=0 last=(n=62 v=0 t=78 hex=000000)[0m
[0;32mI (25875) pocket_pan_main: [BLE] state=8 interval_ms=11.25 latency=0 rssi=-67 reconnects=0 last_disconnect=0[0m
[0;32mI (25885) pocket_pan_main: [MEM] internal_free=47631 largest_internal=19456[0m
[0;32mI (25895) pocket_pan_main: [UICORR] >1733(tot=46 draw=0 lcd=1 both=0 none=45) >2000(tot=8 draw=0 lcd=0 both=0 none=8)[0m
[0;32mI (25905) pocket_pan_main: [UIMETRIC] arch=0 field_updates=33 total_transfers=22 total_pixels=163200 last_sub_us=261 last_dma_us=1053[0m
[0;32mI (25915) pocket_pan_main: [UIREDRAW] urgent=10 telemetry=103 skip=619[0m
[0;33mW (26105) forensics: [OVERRUN] seq=9434 callback_us=2456 inner_us=2394 class=event fixture=2 model=PAN voices=8 exciter=1 midi_depth=0 midi_consumed=0 telem=0 model_req=0 reset_req=0[0m
[0;33mW (26585) forensics: [OVERRUN] seq=9622 callback_us=2460 inner_us=2393 class=event fixture=2 model=PAN voices=8 exciter=1 midi_depth=0 midi_consumed=0 telem=0 model_req=0 reset_req=0[0m
[0;33mW (27105) forensics: [OVERRUN] seq=9810 callback_us=2461 inner_us=2393 class=event fixture=2 model=PAN voices=8 exciter=1 midi_depth=0 midi_consumed=0 telem=0 model_req=0 reset_req=0[0m
[0;33mW (27595) forensics: [OVERRUN] seq=9998 callback_us=2440 inner_us=2385 class=event fixture=2 model=PAN voices=8 exciter=1 midi_depth=0 midi_consumed=0 telem=0 model_req=0 reset_req=0[0m
[0;33mW (28115) forensics: [OVERRUN] seq=10186 callback_us=2635 inner_us=2521 class=event fixture=2 model=PAN voices=8 exciter=1 midi_depth=0 midi_consumed=0 telem=0 model_req=0 reset_req=0[0m
[0;33mW (28605) forensics: [OVERRUN] seq=10374 callback_us=2442 inner_us=2387 class=event fixture=2 model=PAN voices=8 exciter=1 midi_depth=0 midi_consumed=0 telem=0 model_req=0 reset_req=0[0m
[0;33mW (29115) forensics: [OVERRUN] seq=10562 callback_us=2476 inner_us=2396 class=event fixture=2 model=PAN voices=8 exciter=1 midi_depth=0 midi_consumed=0 telem=0 model_req=0 reset_req=0[0m
[0;33mW (29605) forensics: [OVERRUN] seq=10750 callback_us=2441 inner_us=2374 class=event fixture=2 model=PAN voices=8 exciter=1 midi_depth=0 midi_consumed=0 telem=0 model_req=0 reset_req=0[0m
[0;33mW (30115) forensics: [OVERRUN] seq=10938 callback_us=2451 inner_us=2385 class=event fixture=2 model=PAN voices=8 exciter=1 midi_depth=0 midi_consumed=0 telem=0 model_req=0 reset_req=0[0m
[0;33mW (30605) forensics: [OVERRUN] seq=11126 callback_us=2455 inner_us=2396 class=event fixture=2 model=PAN voices=8 exciter=1 midi_depth=0 midi_consumed=0 telem=0 model_req=0 reset_req=0[0m
[0;32mI (30875) pocket_pan_main: [AUDIO] model=PAN blocks=11232 avg_us=1675 p99_us=2025 max_us=2635 cpu_load=62.8 deadline=0 timeout=0 tx_error=0 short=0[0m
[0;32mI (30875) pocket_pan_main: [MIDI] push=0 pop=0 drop=0 hwm=0 last=(n=62 v=0 t=78 hex=000000)[0m
[0;32mI (30885) pocket_pan_main: [BLE] state=8 interval_ms=11.25 latency=0 rssi=-67 reconnects=0 last_disconnect=0[0m
[0;32mI (30895) pocket_pan_main: [MEM] internal_free=56271 largest_internal=31744[0m
[0;32mI (30905) pocket_pan_main: [UICORR] >1733(tot=126 draw=2 lcd=5 both=1 none=118) >2000(tot=28 draw=0 lcd=0 both=0 none=28)[0m
[0;32mI (30915) pocket_pan_main: [UIMETRIC] arch=0 field_updates=45 total_transfers=34 total_pixels=186240 last_sub_us=281 last_dma_us=1070[0m
[0;32mI (30925) pocket_pan_main: [UIREDRAW] urgent=10 telemetry=127 skip=758[0m
[0;33mW (31115) forensics: [OVERRUN] seq=11314 callback_us=2443 inner_us=2383 class=event fixture=2 model=PAN voices=8 exciter=1 midi_depth=0 midi_consumed=0 telem=0 model_req=0 reset_req=0[0m
[0;33mW (31625) forensics: [OVERRUN] seq=11502 callback_us=2495 inner_us=2410 class=event fixture=2 model=PAN voices=8 exciter=1 midi_depth=0 midi_consumed=0 telem=0 model_req=0 reset_req=0[0m
[0;33mW (32115) forensics: [OVERRUN] seq=11690 callback_us=2442 inner_us=2387 class=event fixture=2 model=PAN voices=8 exciter=1 midi_depth=0 midi_consumed=0 telem=0 model_req=0 reset_req=0[0m
[0;33mW (32625) forensics: [OVERRUN] seq=11878 callback_us=2472 inner_us=2385 class=event fixture=2 model=PAN voices=8 exciter=1 midi_depth=0 midi_consumed=0 telem=0 model_req=0 reset_req=0[0m
[0;33mW (33115) forensics: [OVERRUN] seq=12066 callback_us=2452 inner_us=2387 class=event fixture=2 model=PAN voices=8 exciter=1 midi_depth=0 midi_consumed=0 telem=0 model_req=0 reset_req=0[0m
[0;33mW (33625) forensics: [OVERRUN] seq=12254 callback_us=2487 inner_us=2390 class=event fixture=2 model=PAN voices=8 exciter=1 midi_depth=0 midi_consumed=0 telem=0 model_req=0 reset_req=0[0m
[0;33mW (34115) forensics: [OVERRUN] seq=12442 callback_us=2434 inner_us=2383 class=event fixture=2 model=PAN voices=8 exciter=1 midi_depth=0 midi_consumed=0 telem=0 model_req=0 reset_req=0[0m
[0;33mW (34625) forensics: [OVERRUN] seq=12630 callback_us=2448 inner_us=2386 class=event fixture=2 model=PAN voices=8 exciter=1 midi_depth=0 midi_consumed=0 telem=0 model_req=0 reset_req=0[0m
[0;32mI (35015) forensics: [SAFETY] fixture=2 hard=0 sat=0 nonfinite=0 ble_lost=0[0m
[0;32mI (35015) forensics: [EVENT_ONLY] fixture=2 n=22 avg_us=144.56 max_us=151[0m
[0;32mI (35015) forensics: [FIXTURE_IO] model=PAN fixture=2 avg_us=1676 p99_us=2025 max_us=2635 cpu_pct=62.84 deadline=0 timeouts=0 tx_errors=0 short_writes=0[0m
[0;32mI (35035) forensics: [CURVE] model=PAN fixture=2 voices=8 class=true_steady n=4051 avg_us=1649.26 p95_us=1690 p99_us=1725 p995_us=1745 p999_us=1760 max_us=1790 deadline=0 bad_voices=0 ble_lost=0 hard=0 sat=0 bin_us=5 max_observed_voices=8[0m
[0;32mI (35055) forensics: [HIST] fixture=2 class=true_steady lower_us=1605 n=1[0m
[0;32mI (35065) forensics: [HIST] fixture=2 class=true_steady lower_us=1620 n=3[0m
[0;32mI (35065) forensics: [HIST] fixture=2 class=true_steady lower_us=1625 n=9[0m
[0;32mI (35075) forensics: [HIST] fixture=2 class=true_steady lower_us=1630 n=598[0m
[0;32mI (35085) forensics: [HIST] fixture=2 class=true_steady lower_us=1635 n=1072[0m
[0;32mI (35095) forensics: [HIST] fixture=2 class=true_steady lower_us=1640 n=620[0m
[0;32mI (35095) forensics: [HIST] fixture=2 class=true_steady lower_us=1645 n=349[0m
[0;32mI (35105) forensics: [HIST] fixture=2 class=true_steady lower_us=1650 n=211[0m
[0;32mI (35115) forensics: [HIST] fixture=2 class=true_steady lower_us=1655 n=172[0m
[0;32mI (35125) forensics: [HIST] fixture=2 class=true_steady lower_us=1660 n=175[0m
[0;32mI (35125) forensics: [HIST] fixture=2 class=true_steady lower_us=1665 n=211[0m
[0;32mI (35135) forensics: [HIST] fixture=2 class=true_steady lower_us=1670 n=171[0m
[0;32mI (35145) forensics: [HIST] fixture=2 class=true_steady lower_us=1675 n=150[0m
[0;32mI (35155) forensics: [HIST] fixture=2 class=true_steady lower_us=1680 n=75[0m
[0;32mI (35165) forensics: [HIST] fixture=2 class=true_steady lower_us=1685 n=54[0m
[0;32mI (35165) forensics: [HIST] fixture=2 class=true_steady lower_us=1690 n=35[0m
[0;32mI (35175) forensics: [HIST] fixture=2 class=true_steady lower_us=1695 n=36[0m
[0;32mI (35185) forensics: [HIST] fixture=2 class=true_steady lower_us=1700 n=21[0m
[0;32mI (35195) forensics: [HIST] fixture=2 class=true_steady lower_us=1705 n=18[0m
[0;32mI (35195) forensics: [HIST] fixture=2 class=true_steady lower_us=1710 n=17[0m
[0;32mI (35205) forensics: [HIST] fixture=2 class=true_steady lower_us=1715 n=8[0m
[0;32mI (35215) forensics: [HIST] fixture=2 class=true_steady lower_us=1720 n=15[0m
[0;32mI (35225) forensics: [HIST] fixture=2 class=true_steady lower_us=1725 n=4[0m
[0;32mI (35225) forensics: [HIST] fixture=2 class=true_steady lower_us=1730 n=3[0m
[0;32mI (35235) forensics: [HIST] fixture=2 class=true_steady lower_us=1735 n=2[0m
[0;32mI (35245) forensics: [HIST] fixture=2 class=true_steady lower_us=1740 n=3[0m
[0;32mI (35255) forensics: [HIST] fixture=2 class=true_steady lower_us=1745 n=4[0m
[0;32mI (35255) forensics: [HIST] fixture=2 class=true_steady lower_us=1750 n=6[0m
[0;32mI (35265) forensics: [HIST] fixture=2 class=true_steady lower_us=1755 n=4[0m
[0;32mI (35275) forensics: [HIST] fixture=2 class=true_steady lower_us=1765 n=2[0m
[0;32mI (35285) forensics: [HIST] fixture=2 class=true_steady lower_us=1775 n=1[0m
[0;32mI (35285) forensics: [HIST] fixture=2 class=true_steady lower_us=1790 n=1[0m
[0;32mI (35295) forensics: [CALLBACK_CURVE] model=PAN fixture=2 voices=8 class=true_steady n=4051 avg_us=1666.30 p95_us=1720 p99_us=1795 p995_us=1830 p999_us=1880 max_us=1896 deadline=0 overhead_avg_us=17.03[0m
[0;32mI (35315) forensics: [CALLBACK_HIST] fixture=2 class=true_steady lower_us=1175 n=1[0m
[0;32mI (35325) forensics: [CALLBACK_HIST] fixture=2 class=true_steady lower_us=1610 n=1[0m
[0;32mI (35335) forensics: [CALLBACK_HIST] fixture=2 class=true_steady lower_us=1630 n=4[0m
[0;32mI (35335) forensics: [CALLBACK_HIST] fixture=2 class=true_steady lower_us=1635 n=9[0m
[0;32mI (35345) forensics: [CALLBACK_HIST] fixture=2 class=true_steady lower_us=1640 n=491[0m
[0;32mI (35355) forensics: [CALLBACK_HIST] fixture=2 class=true_steady lower_us=1645 n=1047[0m
[0;32mI (35365) forensics: [CALLBACK_HIST] fixture=2 class=true_steady lower_us=1650 n=331[0m
[0;32mI (35375) forensics: [CALLBACK_HIST] fixture=2 class=true_steady lower_us=1655 n=309[0m
[0;32mI (35385) forensics: [CALLBACK_HIST] fixture=2 class=true_steady lower_us=1660 n=261[0m
[0;32mI (35385) forensics: [CALLBACK_HIST] fixture=2 class=true_steady lower_us=1665 n=237[0m
[0;32mI (35395) forensics: [CALLBACK_HIST] fixture=2 class=true_steady lower_us=1670 n=217[0m
[0;32mI (35405) forensics: [CALLBACK_HIST] fixture=2 class=true_steady lower_us=1675 n=213[0m
[0;32mI (35415) forensics: [CALLBACK_HIST] fixture=2 class=true_steady lower_us=1680 n=180[0m
[0;32mI (35425) forensics: [CALLBACK_HIST] fixture=2 class=true_steady lower_us=1685 n=167[0m
[0;32mI (35435) forensics: [CALLBACK_HIST] fixture=2 class=true_steady lower_us=1690 n=98[0m
[0;32mI (35435) forensics: [CALLBACK_HIST] fixture=2 class=true_steady lower_us=1695 n=84[0m
[0;32mI (35445) forensics: [CALLBACK_HIST] fixture=2 class=true_steady lower_us=1700 n=78[0m
[0;32mI (35455) forensics: [CALLBACK_HIST] fixture=2 class=true_steady lower_us=1705 n=60[0m
[0;32mI (35465) forensics: [CALLBACK_HIST] fixture=2 class=true_steady lower_us=1710 n=36[0m
[0;32mI (35475) forensics: [CALLBACK_HIST] fixture=2 class=true_steady lower_us=1715 n=26[0m
[0;32mI (35485) forensics: [CALLBACK_HIST] fixture=2 class=true_steady lower_us=1720 n=28[0m
[0;32mI (35485) forensics: [CALLBACK_HIST] fixture=2 class=true_steady lower_us=1725 n=17[0m
[0;32mI (35495) forensics: [CALLBACK_HIST] fixture=2 class=true_steady lower_us=1730 n=17[0m
[0;32mI (35505) forensics: [CALLBACK_HIST] fixture=2 class=true_steady lower_us=1735 n=14[0m
[0;32mI (35515) forensics: [CALLBACK_HIST] fixture=2 class=true_steady lower_us=1740 n=12[0m
[0;32mI (35525) forensics: [CALLBACK_HIST] fixture=2 class=true_steady lower_us=1745 n=10[0m
[0;32mI (35535) forensics: [CALLBACK_HIST] fixture=2 class=true_steady lower_us=1750 n=9[0m
[0;32mI (35535) forensics: [CALLBACK_HIST] fixture=2 class=true_steady lower_us=1755 n=5[0m
[0;32mI (35545) forensics: [CALLBACK_HIST] fixture=2 class=true_steady lower_us=1760 n=5[0m
[0;32mI (35555) forensics: [CALLBACK_HIST] fixture=2 class=true_steady lower_us=1765 n=7[0m
[0;32mI (35565) forensics: [CALLBACK_HIST] fixture=2 class=true_steady lower_us=1770 n=9[0m
[0;32mI (35575) forensics: [CALLBACK_HIST] fixture=2 class=true_steady lower_us=1775 n=14[0m
[0;32mI (35585) forensics: [CALLBACK_HIST] fixture=2 class=true_steady lower_us=1780 n=6[0m
[0;32mI (35585) forensics: [CALLBACK_HIST] fixture=2 class=true_steady lower_us=1785 n=4[0m
[0;32mI (35595) forensics: [CALLBACK_HIST] fixture=2 class=true_steady lower_us=1790 n=4[0m
[0;32mI (35605) forensics: [CALLBACK_HIST] fixture=2 class=true_steady lower_us=1795 n=2[0m
[0;32mI (35615) forensics: [CALLBACK_HIST] fixture=2 class=true_steady lower_us=1800 n=4[0m
[0;32mI (35625) forensics: [CALLBACK_HIST] fixture=2 class=true_steady lower_us=1805 n=3[0m
[0;32mI (35635) forensics: [CALLBACK_HIST] fixture=2 class=true_steady lower_us=1810 n=3[0m
[0;32mI (35635) forensics: [CALLBACK_HIST] fixture=2 class=true_steady lower_us=1815 n=2[0m
[0;32mI (35645) forensics: [CALLBACK_HIST] fixture=2 class=true_steady lower_us=1820 n=5[0m
[0;32mI (35655) forensics: [CALLBACK_HIST] fixture=2 class=true_steady lower_us=1825 n=2[0m
[0;32mI (35665) forensics: [CALLBACK_HIST] fixture=2 class=true_steady lower_us=1830 n=1[0m
[0;32mI (35675) forensics: [CALLBACK_HIST] fixture=2 class=true_steady lower_us=1835 n=2[0m
[0;32mI (35675) forensics: [CALLBACK_HIST] fixture=2 class=true_steady lower_us=1840 n=3[0m
[0;32mI (35685) forensics: [CALLBACK_HIST] fixture=2 class=true_steady lower_us=1850 n=1[0m
[0;32mI (35695) forensics: [CALLBACK_HIST] fixture=2 class=true_steady lower_us=1855 n=2[0m
[0;32mI (35705) forensics: [CALLBACK_HIST] fixture=2 class=true_steady lower_us=1860 n=1[0m
[0;32mI (35715) forensics: [CALLBACK_HIST] fixture=2 class=true_steady lower_us=1865 n=2[0m
[0;32mI (35725) forensics: [CALLBACK_HIST] fixture=2 class=true_steady lower_us=1870 n=1[0m
[0;32mI (35725) forensics: [CALLBACK_HIST] fixture=2 class=true_steady lower_us=1875 n=2[0m
[0;32mI (35735) forensics: [CALLBACK_HIST] fixture=2 class=true_steady lower_us=1880 n=1[0m
[0;32mI (35745) forensics: [CALLBACK_HIST] fixture=2 class=true_steady lower_us=1890 n=1[0m
[0;32mI (35755) forensics: [CALLBACK_HIST] fixture=2 class=true_steady lower_us=1895 n=2[0m
[0;32mI (35765) forensics: [CURVE] model=PAN fixture=2 voices=8 class=attack_tail n=22 avg_us=2016.08 p95_us=2085 p99_us=2110 p995_us=2110 p999_us=2110 max_us=2106 deadline=0 bad_voices=0 ble_lost=0 hard=0 sat=0 bin_us=5 max_observed_voices=8[0m
[0;32mI (35785) forensics: [HIST] fixture=2 class=attack_tail lower_us=1995 n=4[0m
[0;32mI (35795) forensics: [HIST] fixture=2 class=attack_tail lower_us=2000 n=3[0m
[0;32mI (35795) forensics: [HIST] fixture=2 class=attack_tail lower_us=2005 n=5[0m
[0;32mI (35805) forensics: [HIST] fixture=2 class=attack_tail lower_us=2010 n=3[0m
[0;32mI (35815) forensics: [HIST] fixture=2 class=attack_tail lower_us=2015 n=2[0m
[0;32mI (35825) forensics: [HIST] fixture=2 class=attack_tail lower_us=2020 n=1[0m
[0;32mI (35825) forensics: [HIST] fixture=2 class=attack_tail lower_us=2025 n=2[0m
[0;32mI (35835) forensics: [HIST] fixture=2 class=attack_tail lower_us=2080 n=1[0m
[0;32mI (35845) forensics: [HIST] fixture=2 class=attack_tail lower_us=2105 n=1[0m
[0;32mI (35855) forensics: [CALLBACK_CURVE] model=PAN fixture=2 voices=8 class=attack_tail n=22 avg_us=2055.27 p95_us=2125 p99_us=2170 p995_us=2170 p999_us=2170 max_us=2169 deadline=0 overhead_avg_us=39.19[0m
[0;32mI (35865) forensics: [CALLBACK_HIST] fixture=2 class=attack_tail lower_us=2010 n=3[0m
[0;32mI (35875) forensics: [CALLBACK_HIST] fixture=2 class=attack_tail lower_us=2015 n=1[0m
[0;32mI (35885) forensics: [CALLBACK_HIST] fixture=2 class=attack_tail lower_us=2020 n=1[0m
[0;32mI (35895) forensics: [CALLBACK_HIST] fixture=2 class=attack_tail lower_us=2025 n=1[0m
[0;32mI (35905) forensics: [CALLBACK_HIST] fixture=2 class=attack_tail lower_us=2030 n=2[0m
[0;32mI (35915) forensics: [CALLBACK_HIST] fixture=2 class=attack_tail lower_us=2040 n=1[0m
[0;32mI (35915) forensics: [CALLBACK_HIST] fixture=2 class=attack_tail lower_us=2045 n=2[0m
[0;32mI (35925) forensics: [CALLBACK_HIST] fixture=2 class=attack_tail lower_us=2055 n=3[0m
[0;32mI (35935) forensics: [CALLBACK_HIST] fixture=2 class=attack_tail lower_us=2060 n=2[0m
[0;32mI (35945) forensics: [CALLBACK_HIST] fixture=2 class=attack_tail lower_us=2070 n=1[0m
[0;32mI (35955) forensics: [CALLBACK_HIST] fixture=2 class=attack_tail lower_us=2080 n=1[0m
[0;32mI (35955) forensics: [CALLBACK_HIST] fixture=2 class=attack_tail lower_us=2085 n=2[0m
[0;32mI (35965) forensics: [CALLBACK_HIST] fixture=2 class=attack_tail lower_us=2120 n=1[0m
[0;32mI (35975) forensics: [CALLBACK_HIST] fixture=2 class=attack_tail lower_us=2165 n=1[0m
[0;32mI (35985) forensics: [CURVE] model=PAN fixture=2 voices=8 class=event n=22 avg_us=2401.40 p95_us=2500 p99_us=2525 p995_us=2525 p999_us=2525 max_us=2521 deadline=0 bad_voices=0 ble_lost=0 hard=0 sat=0 bin_us=5 max_observed_voices=8[0m
[0;32mI (36005) forensics: [HIST] fixture=2 class=event lower_us=2340 n=1[0m
[0;32mI (36015) forensics: [HIST] fixture=2 class=event lower_us=2370 n=1[0m
[0;32mI (36015) forensics: [HIST] fixture=2 class=event lower_us=2380 n=3[0m
[0;32mI (36025) forensics: [HIST] fixture=2 class=event lower_us=2385 n=7[0m
[0;32mI (36035) forensics: [HIST] fixture=2 class=event lower_us=2390 n=4[0m
[0;32mI (36045) forensics: [HIST] fixture=2 class=event lower_us=2395 n=2[0m
[0;32mI (36045) forensics: [HIST] fixture=2 class=event lower_us=2410 n=1[0m
[0;32mI (36055) forensics: [HIST] fixture=2 class=event lower_us=2485 n=1[0m
[0;32mI (36065) forensics: [HIST] fixture=2 class=event lower_us=2495 n=1[0m
[0;32mI (36065) forensics: [HIST] fixture=2 class=event lower_us=2520 n=1[0m
[0;32mI (36075) forensics: [CALLBACK_CURVE] model=PAN fixture=2 voices=8 class=event n=22 avg_us=2470.27 p95_us=2570 p99_us=2640 p995_us=2640 p999_us=2640 max_us=2635 deadline=0 overhead_avg_us=68.87[0m
[0;32mI (36095) forensics: [CALLBACK_HIST] fixture=2 class=event lower_us=2395 n=1[0m
[0;32mI (36105) forensics: [CALLBACK_HIST] fixture=2 class=event lower_us=2430 n=1[0m
[0;32mI (36105) forensics: [CALLBACK_HIST] fixture=2 class=event lower_us=2440 n=5[0m
[0;32mI (36115) forensics: [CALLBACK_HIST] fixture=2 class=event lower_us=2445 n=2[0m
[0;32mI (36125) forensics: [CALLBACK_HIST] fixture=2 class=event lower_us=2450 n=2[0m
[0;32mI (36135) forensics: [CALLBACK_HIST] fixture=2 class=event lower_us=2455 n=2[0m
[0;32mI (36135) forensics: [CALLBACK_HIST] fixture=2 class=event lower_us=2460 n=2[0m
[0;32mI (36145) forensics: [CALLBACK_HIST] fixture=2 class=event lower_us=2470 n=1[0m
[0;32mI (36155) forensics: [CALLBACK_HIST] fixture=2 class=event lower_us=2475 n=1[0m
[0;32mI (36165) forensics: [CALLBACK_HIST] fixture=2 class=event lower_us=2485 n=1[0m
[0;32mI (36175) forensics: [CALLBACK_HIST] fixture=2 class=event lower_us=2495 n=1[0m
[0;32mI (36175) forensics: [CALLBACK_HIST] fixture=2 class=event lower_us=2545 n=1[0m
[0;32mI (36185) forensics: [CALLBACK_HIST] fixture=2 class=event lower_us=2565 n=1[0m
[0;32mI (36195) forensics: [CALLBACK_HIST] fixture=2 class=event lower_us=2635 n=1[0m
[0;32mI (36205) forensics: [CURVE] model=PAN fixture=2 voices=8 class=fixture_transition n=1 avg_us=591.48 p95_us=595 p99_us=595 p995_us=595 p999_us=595 max_us=592 deadline=0 bad_voices=0 ble_lost=0 hard=0 sat=0 bin_us=5 max_observed_voices=8[0m
[0;32mI (36225) forensics: [HIST] fixture=2 class=fixture_transition lower_us=590 n=1[0m
[0;32mI (36235) forensics: [CALLBACK_CURVE] model=PAN fixture=2 voices=8 class=fixture_transition n=1 avg_us=616.00 p95_us=620 p99_us=620 p995_us=620 p999_us=620 max_us=616 deadline=0 overhead_avg_us=24.52[0m
[0;32mI (36245) forensics: [CALLBACK_HIST] fixture=2 class=fixture_transition lower_us=615 n=1[0m
[0;32mI (36255) forensics: [FASTPATH] fixture=2 stable8=4051 attack=352 sustain=32408[0m
[0;32mI (36265) forensics: [OVERHEAD] fixture=2 blocks=4096 model_reset_avg_us=1.53 model_reset_max_us=24 queue_avg_us=1.82 queue_max_us=27 render_avg_us=1661.96 telem_avg_us=3.99 telem_max_us=81 telem_publishes=512[0m
[0;32mI (36315) pocket_pan_main: [AUDIO] model=PAN blocks=13273 avg_us=10 p99_us=2000 max_us=2635 cpu_load=0.4 deadline=0 timeout=0 tx_error=0 short=0[0m
[0;32mI (36315) pocket_pan_main: [MIDI] push=0 pop=0 drop=0 hwm=0 last=(n=62 v=0 t=78 hex=000000)[0m
[0;32mI (36325) pocket_pan_main: [BLE] state=8 interval_ms=11.25 latency=0 rssi=-70 reconnects=0 last_disconnect=0[0m
[0;32mI (36335) pocket_pan_main: [MEM] internal_free=56271 largest_internal=31744[0m
[0;32mI (36345) pocket_pan_main: [UICORR] >1733(tot=185 draw=3 lcd=8 both=2 none=172) >2000(tot=44 draw=0 lcd=0 both=0 none=44)[0m
[0;32mI (36355) pocket_pan_main: [UIMETRIC] arch=0 field_updates=58 total_transfers=47 total_pixels=211200 last_sub_us=260 last_dma_us=1050[0m
[0;32mI (36375) pocket_pan_main: [UIREDRAW] urgent=10 telemetry=147 skip=874[0m
[0;32mI (41325) pocket_pan_main: [AUDIO] model=PAN blocks=15151 avg_us=8 p99_us=25 max_us=2635 cpu_load=0.3 deadline=0 timeout=0 tx_error=0 short=0[0m
[0;32mI (41325) pocket_pan_main: [MIDI] push=0 pop=0 drop=0 hwm=0 last=(n=62 v=0 t=78 hex=000000)[0m
[0;32mI (41335) pocket_pan_main: [BLE] state=8 interval_ms=11.25 latency=0 rssi=-68 reconnects=0 last_disconnect=0[0m
[0;32mI (41345) pocket_pan_main: [MEM] internal_free=56271 largest_internal=31744[0m
[0;32mI (41355) pocket_pan_main: [UICORR] >1733(tot=185 draw=3 lcd=8 both=2 none=172) >2000(tot=44 draw=0 lcd=0 both=0 none=44)[0m
[0;32mI (41365) pocket_pan_main: [UIMETRIC] arch=0 field_updates=58 total_transfers=47 total_pixels=211200 last_sub_us=260 last_dma_us=1050[0m
[0;32mI (41375) pocket_pan_main: [UIREDRAW] urgent=10 telemetry=162 skip=1024[0m
