[0;32mI (124) esp_image: segment 1: paddr=00030eec vaddr=3fca59ESP-ROM:esp32s3-20210327
Build:Mar 27 2021
rst:0x15 (USB_UART_CHIP_RESET),boot:0x8 (SPI_FAST_FLASH_BOOT)
Saved PC:0x4200a257
SPIWP:0xee
mode:DIO, clock div:1
load:0x3fce2810,len:0x178c
load:0x403c8700,len:0x4
load:0x403c8704,len:0xcb8
load:0x403cb700,len:0x2db0
entry 0x403c8914
[0;32mI (26) boot: ESP-IDF v5.3-dirty 2nd stage bootloader[0m
[0;32mI (27) boot: compile time Oct  2 2026 14:07:55[0m
[0;32mI (27) boot: Multicore bootloader[0m
[0;32mI (30) boot: chip revision: v0.2[0m
[0;32mI (34) boot.esp32s3: Boot SPI Speed : 80MHz[0m
[0;32mI (39) boot.esp32s3: SPI Mode       : DIO[0m
[0;32mI (43) boot.esp32s3: SPI Flash Size : 4MB[0m
[0;32mI (48) boot: Enabling RNG early entropy source...[0m
[0;32mI (54) boot: Partition Table:[0m
[0;32mI (57) boot: ## Label            Usage          Type ST Offset   Length[0m
[0;32mI (64) boot:  0 nvs              WiFi data        01 02 00009000 00006000[0m
[0;32mI (72) boot:  1 phy_init         RF data          01 01 0000f000 00001000[0m
[0;32mI (79) boot:  2 factory          factory app      00 00 00010000 00100000[0m
[0;32mI (87) boot: End of partition table[0m
[0;32mI (91) esp_image: segment 0: paddr=00010020 vaddr=3c070020 size=20ec4h (134852) map[0m
[0;32mI (124) esp_image: segment 1: paddr=00030eec vaddr=3fca5900 size=04500h ( 17664) load[0m
[0;32mI (128) esp_image: segment 2: paddr=000353f4 vaddr=40374000 size=0ac24h ( 44068) load[0m
[0;32mI (139) esp_image: segment 3: paddr=00040020 vaddr=42000020 size=65f8ch (417676) map[0m
[0;32mI (214) esp_image: segment 4: paddr=000a5fb4 vaddr=4037ec24 size=16bf8h ( 93176) load[0m
[0;32mI (248) boot: Loaded app from partition at offset 0x10000[0m
[0;32mI (249) boot: Disabling RNG early entropy source...[0m
[0;32mI (261) esp_psram: Found 2MB PSRAM device[0m
[0;32mI (261) esp_psram: Speed: 40MHz[0m
[0;32mI (261) cpu_start: Multicore app[0m
[0;32mI (681) esp_psram: SPI SRAM memory test OK[0m
[0;32mI (690) cpu_start: Pro cpu start user code[0m
[0;32mI (690) cpu_start: cpu freq: 240000000 Hz[0m
[0;32mI (690) app_init: Application information:[0m
[0;32mI (693) app_init: Project name:     pocket_pan[0m
[0;32mI (698) app_init: App version:      f7f89e4-dirty[0m
[0;32mI (703) app_init: Compile time:     Oct  2 2026 14:12:07[0m
[0;32mI (709) app_init: ELF file SHA256:  9f22cc01b...[0m
[0;32mI (715) app_init: ESP-IDF:          v5.3-dirty[0m
[0;32mI (720) efuse_init: Min chip rev:     v0.0[0m
[0;32mI (725) efuse_init: Max chip rev:     v0.99 [0m
[0;32mI (729) efuse_init: Chip rev:         v0.2[0m
[0;32mI (734) heap_init: Initializing. RAM available for dynamic allocation:[0m
[0;32mI (742) heap_init: At 3FCD0C48 len 00018AC8 (98 KiB): RAM[0m
[0;32mI (748) heap_init: At 3FCE9710 len 00005724 (21 KiB): RAM[0m
[0;32mI (754) heap_init: At 3FCF0000 len 00008000 (32 KiB): DRAM[0m
[0;32mI (760) heap_init: At 600FE100 len 00001EE8 (7 KiB): RTCRAM[0m
[0;32mI (766) esp_psram: Adding pool of 2048K of PSRAM memory to heap allocator[0m
[0;32mI (774) spi_flash: detected chip: generic[0m
[0;32mI (778) spi_flash: flash io: dio[0m
[0;32mI (783) sleep: Configure to isolate all GPIO pins in sleep state[0m
[0;32mI (789) sleep: Enable automatic switching of GPIO sleep configuration[0m
[0;32mI (796) coexist: coex firmware version: dab85ae96[0m
[0;32mI (802) coexist: coexist rom version e7ae62f[0m
[0;32mI (807) main_task: Started on CPU0[0m
[0;32mI (817) esp_psram: Reserving pool of 32K of internal memory for DMA/internal allocations[0m
[0;32mI (817) main_task: Calling app_main()[0m
[0;32mI (827) pocket_pan_main: [MEM_STAGE] stage=entry internal_free=137587 largest_internal=43008 psram_free=2094528[0m
[0;32mI (837) pocket_pan_main: ===============================================[0m
[0;32mI (847) pocket_pan_main:   Pocket Pan / Metal Modal Synthesizer v1.0.0[0m
[0;32mI (847) pocket_pan_main:   Hardware: TENSTAR TS-ESP32-S3 (Feather TFT)[0m
[0;32mI (857) pocket_pan_main: ===============================================[0m
[0;32mI (867) pocket_pan_main: [FORENSICS] candidate=25 profile=0 cpu_mhz=240 optimization_perf=1 process6=1 fine_bins=5 critical_only=0[0m
[0;32mI (897) pocket_pan_main: [MEM_STAGE] stage=dsp_ready internal_free=137587 largest_internal=43008 psram_free=2094528[0m
[0;32mI (897) gpio: GPIO[10]| InputEn: 0| OutputEn: 1| OpenDrain: 0| Pullup: 0| Pulldown: 1| Intr:0 [0m
[0;32mI (907) AudioI2S: I2S TX initialized (48kHz, 32-bit slot, stereo, 6x128 frames DMA = 1024 bytes/buf)[0m
[0;32mI (927) AudioI2S: Audio task started on Core 0 at priority 12[0m
[0;32mI (927) pocket_pan_main: [MEM_STAGE] stage=i2s_ready internal_free=122855 largest_internal=31744 psram_free=2094528[0m
[0;32mI (937) Display: [DISP_MEM_PRE] before: int_free=122855 int_largest=31744 psram_free=2094528[0m
[0;33mW (947) Display: Internal SRAM (64800 B) exhausted; falling back to PSRAM[0m
[0;32mI (957) Display: [DISP_MEM] framebuffer=0x3c0a0a44 (size=64800, align=4, internal=0, dma=0, psram=1)[0m
[0;32mI (967) Display: [DISP_MEM] scratch=0x3fce231c (size=9600, align=12, internal=1, dma=1)[0m
[0;32mI (967) Display: [DISP_MEM] before: int_free=122855 int_largest=31744 psram_free=2094528[0m
[0;32mI (977) Display: [DISP_MEM] after:  int_free=113251 int_largest=31744 psram_free=2029724[0m
[0;32mI (987) gpio: GPIO[39]| InputEn: 0| OutputEn: 1| OpenDrain: 0| Pullup: 0| Pulldown: 0| Intr:0 [0m
[0;32mI (997) gpio: GPIO[40]| InputEn: 0| OutputEn: 1| OpenDrain: 0| Pullup: 0| Pulldown: 0| Intr:0 [0m
[0;32mI (1007) gpio: GPIO[21]| InputEn: 0| OutputEn: 1| OpenDrain: 0| Pullup: 0| Pulldown: 0| Intr:0 [0m
[0;32mI (1237) gpio: GPIO[45]| InputEn: 0| OutputEn: 1| OpenDrain: 0| Pullup: 0| Pulldown: 0| Intr:0 [0m
[0;31mE (1237) lcd_panel.io.spi: panel_io_spi_tx_color(390): spi transmit (queue) color failed[0m
[0;31mE (1237) lcd_panel.st7789: panel_st7789_draw_bitmap(223): io tx color failed[0m
[0;32mI (1247) Display: ST7789 240x135 display initialized successfully (SPI 40MHz, GDMA callback armed)[0m
[0;32mI (1257) pocket_pan_main: [CANARY] PreparedNote canaries OK=1[0m
[0;32mI (1267) pocket_pan_main: [MEM_STAGE] stage=display_ready internal_free=110887 largest_internal=31744 psram_free=2029724[0m
[0;32mI (1277) BLE_INIT: BT controller compile version [ba3b3e3][0m
[0;32mI (1287) BLE_INIT: Bluetooth MAC: b4:3a:45:ae:6f:2a[0m
[0;32mI (1287) phy_init: phy_version 680,a6008b2,Jun  4 2024,16:41:10[0m
[0;32mI (1327) BleMidi: NimBLE Host task running on Core 1[0m
[0;32mI (1327) BleMidi: NimBLE BLE MIDI Central initialized and pinned to Core 1[0m
[0;32mI (1327) pocket_pan_main: [MEM_STAGE] stage=ble_ready internal_free=50567 largest_internal=31744 psram_free=2029724[0m
[0;32mI (1327) NimBLE: Failed to restore IRKs from store; status=8
[0m
[0;32mI (1337) pocket_pan_main: [M75_MEMORY] table_bytes=9640 cache_bytes=60552 synth_bytes=81668 internal_free=50567 largest_internal=31744[0m
[0;32mI (1347) NimBLE: GAP procedure initiated: discovery; [0m
[0;32mI (1357) pocket_pan_main: [UDU_CACHE] compact_bytes=5928 modal_models=9[0m
[0;32mI (1367) NimBLE: own_addr_type=0 filter_policy=0 passive=0 limited=0 filter_duplicates=1 [0m
[0;32mI (1377) pocket_pan_main: [CACHE_LAYOUT] packed=1 storage_bytes=60552 note_scratch_bytes=132[0m
[0;32mI (1387) NimBLE: duration=forever[0m
[0;32mI (1387) pocket_pan_main: [UDU_STATE] voice_bytes=124 fixed_reference=0[0m
[0;32mI (1397) NimBLE: 
[0m
[0;32mI (1407) pocket_pan_main: [MEM_STAGE] stage=ui_ready internal_free=46123 largest_internal=31744 psram_free=2029724[0m
[0;32mI (1407) BleMidi: Scanning for BLE MIDI devices...[0m
[0;32mI (1427) BleMidi: BLE MIDI device found (59:FB:B6:B7:BF:0F); connecting[0m
[0;32mI (1417) pocket_pan_main: Pocket Pan initialization complete. Realtime audio active.[0m
[0;32mI (1427) NimBLE: GAP procedure initiated: connect; [0m
[0;32mI (1447) NimBLE: peer_addr_type=0 peer_addr=[0m
[0;32mI (1437) main_task: Returned from app_main()[0m
[0;32mI (1447) NimBLE: 59:fb:b6:b7:bf:0f[0m
[0;32mI (1457) NimBLE:  scan_itvl=16 scan_window=16 itvl_min=24 itvl_max=40 latency=0 supervision_timeout=256 min_ce_len=0 max_ce_len=0 own_addr_type=0[0m
[0;32mI (1467) NimBLE: 
[0m
[0;32mI (1407) gpio: GPIO[0]| InputEn: 1| OutputEn: 0| OpenDrain: 0| Pullup: 1| Pulldown: 0| Intr:0 [0m
[0;31mE (1497) lcd_panel.io.spi: panel_io_spi_tx_color(390): spi transmit (queue) color failed[0m
[0;31mE (1497) lcd_panel.st7789: panel_st7789_draw_bitmap(223): io tx color failed[0m
[0;31mE (1497) lcd_panel.io.spi: panel_io_spi_tx_color(390): spi transmit (queue) color failed[0m
[0;31mE (1507) lcd_panel.st7789: panel_st7789_draw_bitmap(223): io tx color failed[0m
[0;32mI (1517) BleMidi: BLE Connected! conn_handle=1[0m
[0;32mI (1527) NimBLE: GAP procedure initiated: [0m
[0;32mI (1527) NimBLE: connection parameter update; conn_handle=1 itvl_min=6 itvl_max=12 latency=0 supervision_timeout=200 min_ce_len=0 max_ce_len=0[0m
[0;32mI (1537) NimBLE: 
[0m
[0;32mI (1547) BleMidi: Requested connection params 7.5-15ms latency=0 timeout=2s rc=0[0m
[0;32mI (1547) NimBLE: GATT procedure initiated: discover all services
[0m
[0;32mI (1837) BleMidi: Found BLE MIDI Service! start_handle=112 end_handle=115[0m
[0;32mI (1837) NimBLE: GATT procedure initiated: discover all characteristics; [0m
[0;32mI (1837) NimBLE: start_handle=112 end_handle=115
[0m
[0;32mI (1937) BleMidi: Found BLE MIDI Characteristic! def_handle=113 val_handle=114 props=0x16[0m
[0;32mI (1937) NimBLE: GATT procedure initiated: discover all descriptors; [0m
[0;32mI (1937) NimBLE: chr_val_handle=114 end_handle=115
[0m
[0;32mI (2037) BleMidi: Discovered CCCD (0x2902) handle=115[0m
[0;32mI (2037) NimBLE: GATT procedure initiated: write; [0m
[0;32mI (2037) NimBLE: att_handle=115 len=2
[0m
[0;32mI (2087) BleMidi: Negotiated params interval=7.50ms latency=0 timeout=2000ms[0m
[0;32mI (2107) BleMidi: CCCD subscription successful; BLE MIDI ready[0m
[0;32mI (2107) NimBLE: GAP procedure initiated: [0m
[0;32mI (2107) NimBLE: connection parameter update; conn_handle=1 itvl_min=6 itvl_max=9 latency=0 supervision_timeout=100 min_ce_len=0 max_ce_len=0[0m
[0;32mI (2117) NimBLE: 
[0m
[0;32mI (2197) BleMidi: Negotiated params interval=11.25ms latency=0 timeout=1000ms[0m
[0;32mI (5817) pocket_pan_main: [AUDIO] model=PAN blocks=1835 avg_us=507 p99_us=0 max_us=1028 cpu_load=19.0 deadline=0 timeout=0 tx_error=0 short=0[0m
[0;32mI (5817) pocket_pan_main: [MIDI] push=0 pop=0 drop=0 hwm=0 last=(n=62 v=0 t=78 hex=000000)[0m
[0;32mI (5827) pocket_pan_main: [BLE] state=8 interval_ms=11.25 latency=0 rssi=-69 reconnects=0 last_disconnect=0[0m
[0;32mI (5837) pocket_pan_main: [MEM] internal_free=50895 largest_internal=31744[0m
[0;32mI (5847) pocket_pan_main: [UICORR] >1733(tot=0 draw=0 lcd=0 both=0 none=0) >2000(tot=0 draw=0 lcd=0 both=0 none=0)[0m
[0;32mI (5857) pocket_pan_main: [UIMETRIC] arch=0 field_updates=13 total_transfers=6 total_pixels=102240 last_sub_us=290 last_dma_us=1085[0m
[0;32mI (5867) pocket_pan_main: [UIREDRAW] urgent=7 telemetry=19 skip=118[0m
[0;32mI (10827) pocket_pan_main: [AUDIO] model=PAN blocks=3714 avg_us=510 p99_us=675 max_us=1028 cpu_load=19.1 deadline=0 timeout=0 tx_error=0 short=0[0m
[0;32mI (10827) pocket_pan_main: [MIDI] push=0 pop=0 drop=0 hwm=0 last=(n=62 v=0 t=78 hex=000000)[0m
[0;32mI (10837) pocket_pan_main: [BLE] state=8 interval_ms=11.25 latency=0 rssi=-63 reconnects=0 last_disconnect=0[0m
[0;32mI (10847) pocket_pan_main: [MEM] internal_free=50895 largest_internal=31744[0m
[0;32mI (10857) pocket_pan_main: [UICORR] >1733(tot=0 draw=0 lcd=0 both=0 none=0) >2000(tot=0 draw=0 lcd=0 both=0 none=0)[0m
[0;32mI (10867) pocket_pan_main: [UIMETRIC] arch=0 field_updates=17 total_transfers=10 total_pixels=109920 last_sub_us=263 last_dma_us=1053[0m
[0;32mI (10877) pocket_pan_main: [UIREDRAW] urgent=7 telemetry=42 skip=260[0m
[0;32mI (13077) forensics: [SAFETY] fixture=0 hard=0 sat=0 nonfinite=0 ble_lost=0[0m
[0;32mI (13077) forensics: [EVENT_ONLY] fixture=0 n=22 avg_us=69.53 max_us=76[0m
[0;32mI (13077) forensics: [FIXTURE_IO] model=PAN fixture=0 avg_us=511 p99_us=675 max_us=1028 cpu_pct=19.16 deadline=0 timeouts=0 tx_errors=0 short_writes=0[0m
[0;32mI (13097) forensics: [CURVE] model=PAN fixture=0 voices=1 class=true_steady n=4051 avg_us=500.95 p95_us=515 p99_us=660 p995_us=665 p999_us=670 max_us=795 deadline=0 bad_voices=0 ble_lost=0 hard=0 sat=0 bin_us=5 max_observed_voices=1[0m
[0;32mI (13117) forensics: [HIST] fixture=0 class=true_steady lower_us=490 n=3439[0m
[0;32mI (13127) forensics: [HIST] fixture=0 class=true_steady lower_us=495 n=337[0m
[0;32mI (13137) forensics: [HIST] fixture=0 class=true_steady lower_us=500 n=37[0m
[0;32mI (13137) forensics: [HIST] fixture=0 class=true_steady lower_us=505 n=21[0m
[0;32mI (13147) forensics: [HIST] fixture=0 class=true_steady lower_us=510 n=21[0m
[0;32mI (13157) forensics: [HIST] fixture=0 class=true_steady lower_us=515 n=4[0m
[0;32mI (13157) forensics: [HIST] fixture=0 class=true_steady lower_us=520 n=5[0m
[0;32mI (13167) forensics: [HIST] fixture=0 class=true_steady lower_us=525 n=3[0m
[0;32mI (13177) forensics: [HIST] fixture=0 class=true_steady lower_us=535 n=2[0m
[0;32mI (13187) forensics: [HIST] fixture=0 class=true_steady lower_us=560 n=1[0m
[0;32mI (13187) forensics: [HIST] fixture=0 class=true_steady lower_us=575 n=1[0m
[0;32mI (13197) forensics: [HIST] fixture=0 class=true_steady lower_us=645 n=103[0m
[0;32mI (13207) forensics: [HIST] fixture=0 class=true_steady lower_us=650 n=35[0m
[0;32mI (13217) forensics: [HIST] fixture=0 class=true_steady lower_us=655 n=21[0m
[0;32mI (13217) forensics: [HIST] fixture=0 class=true_steady lower_us=660 n=11[0m
[0;32mI (13227) forensics: [HIST] fixture=0 class=true_steady lower_us=665 n=6[0m
[0;32mI (13237) forensics: [HIST] fixture=0 class=true_steady lower_us=670 n=1[0m
[0;32mI (13247) forensics: [HIST] fixture=0 class=true_steady lower_us=680 n=1[0m
[0;32mI (13247) forensics: [HIST] fixture=0 class=true_steady lower_us=715 n=1[0m
[0;32mI (13257) forensics: [HIST] fixture=0 class=true_steady lower_us=795 n=1[0m
[0;32mI (13267) forensics: [CALLBACK_CURVE] model=PAN fixture=0 voices=1 class=true_steady n=4050 avg_us=515.59 p95_us=610 p99_us=680 p995_us=690 p999_us=730 max_us=933 deadline=0 overhead_avg_us=14.64[0m
[0;32mI (13287) forensics: [CALLBACK_HIST] fixture=0 class=true_steady lower_us=500 n=2608[0m
[0;32mI (13297) forensics: [CALLBACK_HIST] fixture=0 class=true_steady lower_us=505 n=396[0m
[0;32mI (13297) forensics: [CALLBACK_HIST] fixture=0 class=true_steady lower_us=510 n=175[0m
[0;32mI (13307) forensics: [CALLBACK_HIST] fixture=0 class=true_steady lower_us=515 n=263[0m
[0;32mI (13317) forensics: [CALLBACK_HIST] fixture=0 class=true_steady lower_us=520 n=152[0m
[0;32mI (13327) forensics: [CALLBACK_HIST] fixture=0 class=true_steady lower_us=525 n=83[0m
[0;32mI (13337) forensics: [CALLBACK_HIST] fixture=0 class=true_steady lower_us=530 n=33[0m
[0;32mI (13337) forensics: [CALLBACK_HIST] fixture=0 class=true_steady lower_us=535 n=30[0m
[0;32mI (13347) forensics: [CALLBACK_HIST] fixture=0 class=true_steady lower_us=540 n=19[0m
[0;32mI (13357) forensics: [CALLBACK_HIST] fixture=0 class=true_steady lower_us=545 n=12[0m
[0;32mI (13367) forensics: [CALLBACK_HIST] fixture=0 class=true_steady lower_us=550 n=18[0m
[0;32mI (13377) forensics: [CALLBACK_HIST] fixture=0 class=true_steady lower_us=555 n=11[0m
[0;32mI (13387) forensics: [CALLBACK_HIST] fixture=0 class=true_steady lower_us=560 n=6[0m
[0;32mI (13387) forensics: [CALLBACK_HIST] fixture=0 class=true_steady lower_us=565 n=5[0m
[0;32mI (13397) forensics: [CALLBACK_HIST] fixture=0 class=true_steady lower_us=570 n=8[0m
[0;32mI (13407) forensics: [CALLBACK_HIST] fixture=0 class=true_steady lower_us=575 n=2[0m
[0;32mI (13417) forensics: [CALLBACK_HIST] fixture=0 class=true_steady lower_us=580 n=10[0m
[0;32mI (13427) forensics: [CALLBACK_HIST] fixture=0 class=true_steady lower_us=585 n=4[0m
[0;32mI (13437) forensics: [CALLBACK_HIST] fixture=0 class=true_steady lower_us=590 n=8[0m
[0;32mI (13437) forensics: [CALLBACK_HIST] fixture=0 class=true_steady lower_us=595 n=1[0m
[0;32mI (13447) forensics: [CALLBACK_HIST] fixture=0 class=true_steady lower_us=600 n=3[0m
[0;32mI (13457) forensics: [CALLBACK_HIST] fixture=0 class=true_steady lower_us=605 n=4[0m
[0;32mI (13467) forensics: [CALLBACK_HIST] fixture=0 class=true_steady lower_us=610 n=3[0m
[0;32mI (13477) forensics: [CALLBACK_HIST] fixture=0 class=true_steady lower_us=615 n=2[0m
[0;32mI (13477) forensics: [CALLBACK_HIST] fixture=0 class=true_steady lower_us=620 n=1[0m
[0;32mI (13487) forensics: [CALLBACK_HIST] fixture=0 class=true_steady lower_us=625 n=3[0m
[0;32mI (13497) forensics: [CALLBACK_HIST] fixture=0 class=true_steady lower_us=635 n=1[0m
[0;32mI (13507) forensics: [CALLBACK_HIST] fixture=0 class=true_steady lower_us=640 n=2[0m
[0;32mI (13517) forensics: [CALLBACK_HIST] fixture=0 class=true_steady lower_us=650 n=1[0m
[0;32mI (13517) forensics: [CALLBACK_HIST] fixture=0 class=true_steady lower_us=655 n=86[0m
[0;32mI (13527) forensics: [CALLBACK_HIST] fixture=0 class=true_steady lower_us=660 n=43[0m
[0;32mI (13537) forensics: [CALLBACK_HIST] fixture=0 class=true_steady lower_us=665 n=9[0m
[0;32mI (13547) forensics: [CALLBACK_HIST] fixture=0 class=true_steady lower_us=670 n=6[0m
[0;32mI (13557) forensics: [CALLBACK_HIST] fixture=0 class=true_steady lower_us=675 n=11[0m
[0;32mI (13567) forensics: [CALLBACK_HIST] fixture=0 class=true_steady lower_us=680 n=8[0m
[0;32mI (13567) forensics: [CALLBACK_HIST] fixture=0 class=true_steady lower_us=685 n=4[0m
[0;32mI (13577) forensics: [CALLBACK_HIST] fixture=0 class=true_steady lower_us=690 n=4[0m
[0;32mI (13587) forensics: [CALLBACK_HIST] fixture=0 class=true_steady lower_us=695 n=2[0m
[0;32mI (13597) forensics: [CALLBACK_HIST] fixture=0 class=true_steady lower_us=700 n=4[0m
[0;32mI (13607) forensics: [CALLBACK_HIST] fixture=0 class=true_steady lower_us=705 n=2[0m
[0;32mI (13607) forensics: [CALLBACK_HIST] fixture=0 class=true_steady lower_us=710 n=1[0m
[0;32mI (13617) forensics: [CALLBACK_HIST] fixture=0 class=true_steady lower_us=720 n=1[0m
[0;32mI (13627) forensics: [CALLBACK_HIST] fixture=0 class=true_steady lower_us=725 n=1[0m
[0;32mI (13637) forensics: [CALLBACK_HIST] fixture=0 class=true_steady lower_us=780 n=1[0m
[0;32mI (13647) forensics: [CALLBACK_HIST] fixture=0 class=true_steady lower_us=820 n=1[0m
[0;32mI (13657) forensics: [CALLBACK_HIST] fixture=0 class=true_steady lower_us=825 n=1[0m
[0;32mI (13657) forensics: [CALLBACK_HIST] fixture=0 class=true_steady lower_us=930 n=1[0m
[0;32mI (13667) forensics: [CURVE] model=PAN fixture=0 voices=1 class=attack_tail n=22 avg_us=555.99 p95_us=565 p99_us=575 p995_us=575 p999_us=575 max_us=574 deadline=0 bad_voices=0 ble_lost=0 hard=0 sat=0 bin_us=5 max_observed_voices=1[0m
[0;32mI (13687) forensics: [HIST] fixture=0 class=attack_tail lower_us=550 n=5[0m
[0;32mI (13697) forensics: [HIST] fixture=0 class=attack_tail lower_us=555 n=15[0m
[0;32mI (13707) forensics: [HIST] fixture=0 class=attack_tail lower_us=560 n=1[0m
[0;32mI (13717) forensics: [HIST] fixture=0 class=attack_tail lower_us=570 n=1[0m
[0;32mI (13717) forensics: [CALLBACK_CURVE] model=PAN fixture=0 voices=1 class=attack_tail n=22 avg_us=581.50 p95_us=595 p99_us=665 p995_us=665 p999_us=665 max_us=661 deadline=0 overhead_avg_us=25.51[0m
[0;32mI (13737) forensics: [CALLBACK_HIST] fixture=0 class=attack_tail lower_us=560 n=1[0m
[0;32mI (13747) forensics: [CALLBACK_HIST] fixture=0 class=attack_tail lower_us=565 n=2[0m
[0;32mI (13757) forensics: [CALLBACK_HIST] fixture=0 class=attack_tail lower_us=570 n=6[0m
[0;32mI (13767) forensics: [CALLBACK_HIST] fixture=0 class=attack_tail lower_us=575 n=5[0m
[0;32mI (13767) forensics: [CALLBACK_HIST] fixture=0 class=attack_tail lower_us=580 n=3[0m
[0;32mI (13777) forensics: [CALLBACK_HIST] fixture=0 class=attack_tail lower_us=585 n=2[0m
[0;32mI (13787) forensics: [CALLBACK_HIST] fixture=0 class=attack_tail lower_us=590 n=2[0m
[0;32mI (13797) forensics: [CALLBACK_HIST] fixture=0 class=attack_tail lower_us=660 n=1[0m
[0;32mI (13807) forensics: [CURVE] model=PAN fixture=0 voices=1 class=event n=22 avg_us=673.02 p95_us=690 p99_us=690 p995_us=690 p999_us=690 max_us=686 deadline=0 bad_voices=0 ble_lost=0 hard=0 sat=0 bin_us=5 max_observed_voices=1[0m
[0;32mI (13827) forensics: [HIST] fixture=0 class=event lower_us=635 n=1[0m
[0;32mI (13827) forensics: [HIST] fixture=0 class=event lower_us=665 n=5[0m
[0;32mI (13837) forensics: [HIST] fixture=0 class=event lower_us=670 n=4[0m
[0;32mI (13847) forensics: [HIST] fixture=0 class=event lower_us=675 n=7[0m
[0;32mI (13847) forensics: [HIST] fixture=0 class=event lower_us=680 n=3[0m
[0;32mI (13857) forensics: [HIST] fixture=0 class=event lower_us=685 n=2[0m
[0;32mI (13867) forensics: [CALLBACK_CURVE] model=PAN fixture=0 voices=1 class=event n=22 avg_us=732.36 p95_us=755 p99_us=765 p995_us=765 p999_us=765 max_us=763 deadline=0 overhead_avg_us=59.35[0m
[0;32mI (13877) forensics: [CALLBACK_HIST] fixture=0 class=event lower_us=690 n=1[0m
[0;32mI (13887) forensics: [CALLBACK_HIST] fixture=0 class=event lower_us=715 n=3[0m
[0;32mI (13897) forensics: [CALLBACK_HIST] fixture=0 class=event lower_us=720 n=2[0m
[0;32mI (13907) forensics: [CALLBACK_HIST] fixture=0 class=event lower_us=725 n=1[0m
[0;32mI (13917) forensics: [CALLBACK_HIST] fixture=0 class=event lower_us=730 n=6[0m
[0;32mI (13917) forensics: [CALLBACK_HIST] fixture=0 class=event lower_us=735 n=3[0m
[0;32mI (13927) forensics: [CALLBACK_HIST] fixture=0 class=event lower_us=740 n=3[0m
[0;32mI (13937) forensics: [CALLBACK_HIST] fixture=0 class=event lower_us=745 n=1[0m
[0;32mI (13947) forensics: [CALLBACK_HIST] fixture=0 class=event lower_us=750 n=1[0m
[0;32mI (13947) forensics: [CALLBACK_HIST] fixture=0 class=event lower_us=760 n=1[0m
[0;32mI (13957) forensics: [CURVE] model=PAN fixture=0 voices=1 class=fixture_transition n=1 avg_us=843.53 p95_us=845 p99_us=845 p995_us=845 p999_us=845 max_us=844 deadline=0 bad_voices=0 ble_lost=0 hard=0 sat=0 bin_us=5 max_observed_voices=1[0m
[0;32mI (13977) forensics: [HIST] fixture=0 class=fixture_transition lower_us=840 n=1[0m
[0;32mI (13987) forensics: [CALLBACK_CURVE] model=PAN fixture=0 voices=1 class=fixture_transition n=1 avg_us=1028.00 p95_us=1030 p99_us=1030 p995_us=1030 p999_us=1030 max_us=1028 deadline=0 overhead_avg_us=184.47[0m
[0;32mI (14007) forensics: [CALLBACK_HIST] fixture=0 class=fixture_transition lower_us=1025 n=1[0m
[0;32mI (14017) forensics: [FASTPATH] fixture=0 stable8=0 attack=0 sustain=4051[0m
[0;32mI (14027) forensics: [OVERHEAD] fixture=0 blocks=4546 model_reset_avg_us=1.56 model_reset_max_us=34 queue_avg_us=1.97 queue_max_us=99 render_avg_us=458.02 telem_avg_us=3.39 telem_max_us=93 telem_publishes=568[0m
[0;32mI (15847) pocket_pan_main: [AUDIO] model=PAN blocks=5596 avg_us=1153 p99_us=0 max_us=1764 cpu_load=43.2 deadline=0 timeout=0 tx_error=0 short=0[0m
[0;32mI (15847) pocket_pan_main: [MIDI] push=0 pop=0 drop=0 hwm=0 last=(n=62 v=0 t=78 hex=000000)[0m
[0;32mI (15857) pocket_pan_main: [BLE] state=8 interval_ms=11.25 latency=0 rssi=-64 reconnects=0 last_disconnect=0[0m
[0;32mI (15867) pocket_pan_main: [MEM] internal_free=50895 largest_internal=31744[0m
[0;32mI (15877) pocket_pan_main: [UICORR] >1733(tot=1 draw=0 lcd=0 both=0 none=1) >2000(tot=0 draw=0 lcd=0 both=0 none=0)[0m
[0;32mI (15887) pocket_pan_main: [UIMETRIC] arch=0 field_updates=21 total_transfers=13 total_pixels=120000 last_sub_us=263 last_dma_us=1053[0m
[0;32mI (15897) pocket_pan_main: [UIREDRAW] urgent=8 telemetry=61 skip=373[0m
[0;32mI (20857) pocket_pan_main: [AUDIO] model=PAN blocks=7474 avg_us=1154 p99_us=1375 max_us=1764 cpu_load=43.3 deadline=0 timeout=0 tx_error=0 short=0[0m
[0;32mI (20857) pocket_pan_main: [MIDI] push=0 pop=0 drop=0 hwm=0 last=(n=62 v=0 t=78 hex=000000)[0m
[0;32mI (20867) pocket_pan_main: [BLE] state=8 interval_ms=11.25 latency=0 rssi=-60 reconnects=0 last_disconnect=0[0m
[0;32mI (20877) pocket_pan_main: [MEM] internal_free=50895 largest_internal=31744[0m
[0;32mI (20887) pocket_pan_main: [UICORR] >1733(tot=2 draw=0 lcd=0 both=0 none=2) >2000(tot=0 draw=0 lcd=0 both=0 none=0)[0m
[0;32mI (20897) pocket_pan_main: [UIMETRIC] arch=0 field_updates=21 total_transfers=13 total_pixels=120000 last_sub_us=263 last_dma_us=1053[0m
[0;32mI (20907) pocket_pan_main: [UIREDRAW] urgent=8 telemetry=85 skip=514[0m
[0;33mW (23977) forensics: [OVERRUN] seq=8644 callback_us=2314 inner_us=2253 class=event fixture=2 model=PAN voices=8 exciter=1 midi_depth=0 midi_consumed=0 telem=0 model_req=0 reset_req=0[0m
[0;32mI (23987) forensics: [SAFETY] fixture=1 hard=0 sat=0 nonfinite=0 ble_lost=0[0m
[0;32mI (23987) forensics: [EVENT_ONLY] fixture=1 n=22 avg_us=93.08 max_us=123[0m
[0;32mI (23997) forensics: [FIXTURE_IO] model=PAN fixture=1 avg_us=1152 p99_us=1375 max_us=1764 cpu_pct=43.19 deadline=0 timeouts=0 tx_errors=0 short_writes=0[0m
[0;32mI (24017) forensics: [CURVE] model=PAN fixture=1 voices=4 class=true_steady n=4051 avg_us=1132.22 p95_us=1170 p99_us=1190 p995_us=1200 p999_us=1230 max_us=1279 deadline=0 bad_voices=0 ble_lost=0 hard=0 sat=0 bin_us=5 max_observed_voices=4[0m
[0;32mI (24037) forensics: [HIST] fixture=1 class=true_steady lower_us=1115 n=879[0m
[0;32mI (24047) forensics: [HIST] fixture=1 class=true_steady lower_us=1120 n=1051[0m
[0;32mI (24047) forensics: [HIST] fixture=1 class=true_steady lower_us=1125 n=525[0m
[0;32mI (24057) forensics: [HIST] fixture=1 class=true_steady lower_us=1130 n=255[0m
[0;32mI (24067) forensics: [HIST] fixture=1 class=true_steady lower_us=1135 n=340[0m
[0;32mI (24077) forensics: [HIST] fixture=1 class=true_steady lower_us=1140 n=208[0m
[0;32mI (24077) forensics: [HIST] fixture=1 class=true_steady lower_us=1145 n=117[0m
[0;32mI (24087) forensics: [HIST] fixture=1 class=true_steady lower_us=1150 n=165[0m
[0;32mI (24097) forensics: [HIST] fixture=1 class=true_steady lower_us=1155 n=154[0m
[0;32mI (24107) forensics: [HIST] fixture=1 class=true_steady lower_us=1160 n=126[0m
[0;32mI (24107) forensics: [HIST] fixture=1 class=true_steady lower_us=1165 n=84[0m
[0;32mI (24117) forensics: [HIST] fixture=1 class=true_steady lower_us=1170 n=41[0m
[0;32mI (24127) forensics: [HIST] fixture=1 class=true_steady lower_us=1175 n=41[0m
[0;32mI (24137) forensics: [HIST] fixture=1 class=true_steady lower_us=1180 n=12[0m
[0;32mI (24137) forensics: [HIST] fixture=1 class=true_steady lower_us=1185 n=13[0m
[0;32mI (24147) forensics: [HIST] fixture=1 class=true_steady lower_us=1190 n=12[0m
[0;32mI (24157) forensics: [HIST] fixture=1 class=true_steady lower_us=1195 n=8[0m
[0;32mI (24167) forensics: [HIST] fixture=1 class=true_steady lower_us=1200 n=2[0m
[0;32mI (24167) forensics: [HIST] fixture=1 class=true_steady lower_us=1205 n=7[0m
[0;32mI (24177) forensics: [HIST] fixture=1 class=true_steady lower_us=1210 n=3[0m
[0;32mI (24187) forensics: [HIST] fixture=1 class=true_steady lower_us=1215 n=2[0m
[0;32mI (24197) forensics: [HIST] fixture=1 class=true_steady lower_us=1220 n=1[0m
[0;32mI (24197) forensics: [HIST] fixture=1 class=true_steady lower_us=1225 n=1[0m
[0;32mI (24207) forensics: [HIST] fixture=1 class=true_steady lower_us=1240 n=1[0m
[0;32mI (24217) forensics: [HIST] fixture=1 class=true_steady lower_us=1250 n=1[0m
[0;32mI (24227) forensics: [HIST] fixture=1 class=true_steady lower_us=1260 n=1[0m
[0;32mI (24227) forensics: [HIST] fixture=1 class=true_steady lower_us=1275 n=1[0m
[0;32mI (24237) forensics: [CALLBACK_CURVE] model=PAN fixture=1 voices=4 class=true_steady n=4051 avg_us=1147.94 p95_us=1195 p99_us=1255 p995_us=1275 p999_us=1365 max_us=1393 deadline=0 overhead_avg_us=15.72[0m
[0;32mI (24257) forensics: [CALLBACK_HIST] fixture=1 class=true_steady lower_us=625 n=1[0m
[0;32mI (24267) forensics: [CALLBACK_HIST] fixture=1 class=true_steady lower_us=1125 n=732[0m
[0;32mI (24277) forensics: [CALLBACK_HIST] fixture=1 class=true_steady lower_us=1130 n=913[0m
[0;32mI (24287) forensics: [CALLBACK_HIST] fixture=1 class=true_steady lower_us=1135 n=438[0m
[0;32mI (24287) forensics: [CALLBACK_HIST] fixture=1 class=true_steady lower_us=1140 n=236[0m
[0;32mI (24297) forensics: [CALLBACK_HIST] fixture=1 class=true_steady lower_us=1145 n=393[0m
[0;32mI (24307) forensics: [CALLBACK_HIST] fixture=1 class=true_steady lower_us=1150 n=251[0m
[0;32mI (24317) forensics: [CALLBACK_HIST] fixture=1 class=true_steady lower_us=1155 n=147[0m
[0;32mI (24327) forensics: [CALLBACK_HIST] fixture=1 class=true_steady lower_us=1160 n=160[0m
[0;32mI (24337) forensics: [CALLBACK_HIST] fixture=1 class=true_steady lower_us=1165 n=174[0m
[0;32mI (24337) forensics: [CALLBACK_HIST] fixture=1 class=true_steady lower_us=1170 n=110[0m
[0;32mI (24347) forensics: [CALLBACK_HIST] fixture=1 class=true_steady lower_us=1175 n=106[0m
[0;32mI (24357) forensics: [CALLBACK_HIST] fixture=1 class=true_steady lower_us=1180 n=72[0m
[0;32mI (24367) forensics: [CALLBACK_HIST] fixture=1 class=true_steady lower_us=1185 n=70[0m
[0;32mI (24377) forensics: [CALLBACK_HIST] fixture=1 class=true_steady lower_us=1190 n=47[0m
[0;32mI (24387) forensics: [CALLBACK_HIST] fixture=1 class=true_steady lower_us=1195 n=30[0m
[0;32mI (24387) forensics: [CALLBACK_HIST] fixture=1 class=true_steady lower_us=1200 n=28[0m
[0;32mI (24397) forensics: [CALLBACK_HIST] fixture=1 class=true_steady lower_us=1205 n=18[0m
[0;32mI (24407) forensics: [CALLBACK_HIST] fixture=1 class=true_steady lower_us=1210 n=14[0m
[0;32mI (24417) forensics: [CALLBACK_HIST] fixture=1 class=true_steady lower_us=1215 n=15[0m
[0;32mI (24427) forensics: [CALLBACK_HIST] fixture=1 class=true_steady lower_us=1220 n=13[0m
[0;32mI (24437) forensics: [CALLBACK_HIST] fixture=1 class=true_steady lower_us=1225 n=8[0m
[0;32mI (24437) forensics: [CALLBACK_HIST] fixture=1 class=true_steady lower_us=1230 n=7[0m
[0;32mI (24447) forensics: [CALLBACK_HIST] fixture=1 class=true_steady lower_us=1235 n=13[0m
[0;32mI (24457) forensics: [CALLBACK_HIST] fixture=1 class=true_steady lower_us=1240 n=5[0m
[0;32mI (24467) forensics: [CALLBACK_HIST] fixture=1 class=true_steady lower_us=1245 n=5[0m
[0;32mI (24477) forensics: [CALLBACK_HIST] fixture=1 class=true_steady lower_us=1250 n=6[0m
[0;32mI (24487) forensics: [CALLBACK_HIST] fixture=1 class=true_steady lower_us=1255 n=5[0m
[0;32mI (24487) forensics: [CALLBACK_HIST] fixture=1 class=true_steady lower_us=1260 n=7[0m
[0;32mI (24497) forensics: [CALLBACK_HIST] fixture=1 class=true_steady lower_us=1265 n=5[0m
[0;32mI (24507) forensics: [CALLBACK_HIST] fixture=1 class=true_steady lower_us=1270 n=3[0m
[0;32mI (24517) forensics: [CALLBACK_HIST] fixture=1 class=true_steady lower_us=1275 n=2[0m
[0;32mI (24527) forensics: [CALLBACK_HIST] fixture=1 class=true_steady lower_us=1280 n=2[0m
[0;32mI (24527) forensics: [CALLBACK_HIST] fixture=1 class=true_steady lower_us=1285 n=2[0m
[0;32mI (24537) forensics: [CALLBACK_HIST] fixture=1 class=true_steady lower_us=1295 n=2[0m
[0;32mI (24547) forensics: [CALLBACK_HIST] fixture=1 class=true_steady lower_us=1300 n=1[0m
[0;32mI (24557) forensics: [CALLBACK_HIST] fixture=1 class=true_steady lower_us=1305 n=1[0m
[0;32mI (24567) forensics: [CALLBACK_HIST] fixture=1 class=true_steady lower_us=1315 n=1[0m
[0;32mI (24577) forensics: [CALLBACK_HIST] fixture=1 class=true_steady lower_us=1320 n=1[0m
[0;32mI (24577) forensics: [CALLBACK_HIST] fixture=1 class=true_steady lower_us=1325 n=1[0m
[0;32mI (24587) forensics: [CALLBACK_HIST] fixture=1 class=true_steady lower_us=1330 n=1[0m
[0;32mI (24597) forensics: [CALLBACK_HIST] fixture=1 class=true_steady lower_us=1360 n=1[0m
[0;32mI (24607) forensics: [CALLBACK_HIST] fixture=1 class=true_steady lower_us=1365 n=1[0m
[0;32mI (24617) forensics: [CALLBACK_HIST] fixture=1 class=true_steady lower_us=1370 n=1[0m
[0;32mI (24627) forensics: [CALLBACK_HIST] fixture=1 class=true_steady lower_us=1390 n=2[0m
[0;32mI (24627) forensics: [CURVE] model=PAN fixture=1 voices=4 class=attack_tail n=22 avg_us=1377.26 p95_us=1400 p99_us=1445 p995_us=1445 p999_us=1445 max_us=1441 deadline=0 bad_voices=0 ble_lost=0 hard=0 sat=0 bin_us=5 max_observed_voices=4[0m
[0;32mI (24657) forensics: [HIST] fixture=1 class=attack_tail lower_us=1365 n=7[0m
[0;32mI (24657) forensics: [HIST] fixture=1 class=attack_tail lower_us=1370 n=3[0m
[0;32mI (24667) forensics: [HIST] fixture=1 class=attack_tail lower_us=1375 n=8[0m
[0;32mI (24677) forensics: [HIST] fixture=1 class=attack_tail lower_us=1385 n=2[0m
[0;32mI (24687) forensics: [HIST] fixture=1 class=attack_tail lower_us=1395 n=1[0m
[0;32mI (24687) forensics: [HIST] fixture=1 class=attack_tail lower_us=1440 n=1[0m
[0;32mI (24697) forensics: [CALLBACK_CURVE] model=PAN fixture=1 voices=4 class=attack_tail n=22 avg_us=1402.95 p95_us=1425 p99_us=1480 p995_us=1480 p999_us=1480 max_us=1475 deadline=0 overhead_avg_us=25.70[0m
[0;32mI (24717) forensics: [CALLBACK_HIST] fixture=1 class=attack_tail lower_us=1375 n=1[0m
[0;32mI (24727) forensics: [CALLBACK_HIST] fixture=1 class=attack_tail lower_us=1380 n=2[0m
[0;32mI (24737) forensics: [CALLBACK_HIST] fixture=1 class=attack_tail lower_us=1385 n=2[0m
[0;32mI (24737) forensics: [CALLBACK_HIST] fixture=1 class=attack_tail lower_us=1390 n=2[0m
[0;32mI (24747) forensics: [CALLBACK_HIST] fixture=1 class=attack_tail lower_us=1395 n=4[0m
[0;32mI (24757) forensics: [CALLBACK_HIST] fixture=1 class=attack_tail lower_us=1400 n=2[0m
[0;32mI (24767) forensics: [CALLBACK_HIST] fixture=1 class=attack_tail lower_us=1405 n=3[0m
[0;32mI (24777) forensics: [CALLBACK_HIST] fixture=1 class=attack_tail lower_us=1410 n=3[0m
[0;32mI (24777) forensics: [CALLBACK_HIST] fixture=1 class=attack_tail lower_us=1415 n=1[0m
[0;32mI (24787) forensics: [CALLBACK_HIST] fixture=1 class=attack_tail lower_us=1420 n=1[0m
[0;32mI (24797) forensics: [CALLBACK_HIST] fixture=1 class=attack_tail lower_us=1475 n=1[0m
[0;32mI (24807) forensics: [CURVE] model=PAN fixture=1 voices=4 class=event n=22 avg_us=1602.78 p95_us=1670 p99_us=1690 p995_us=1690 p999_us=1690 max_us=1686 deadline=0 bad_voices=0 ble_lost=0 hard=0 sat=0 bin_us=5 max_observed_voices=4[0m
[0;32mI (24827) forensics: [HIST] fixture=1 class=event lower_us=1560 n=1[0m
[0;32mI (24837) forensics: [HIST] fixture=1 class=event lower_us=1570 n=1[0m
[0;32mI (24837) forensics: [HIST] fixture=1 class=event lower_us=1575 n=1[0m
[0;32mI (24847) forensics: [HIST] fixture=1 class=event lower_us=1580 n=1[0m
[0;32mI (24857) forensics: [HIST] fixture=1 class=event lower_us=1585 n=2[0m
[0;32mI (24867) forensics: [HIST] fixture=1 class=event lower_us=1590 n=2[0m
[0;32mI (24867) forensics: [HIST] fixture=1 class=event lower_us=1595 n=4[0m
[0;32mI (24877) forensics: [HIST] fixture=1 class=event lower_us=1600 n=3[0m
[0;32mI (24887) forensics: [HIST] fixture=1 class=event lower_us=1605 n=2[0m
[0;32mI (24887) forensics: [HIST] fixture=1 class=event lower_us=1610 n=1[0m
[0;32mI (24897) forensics: [HIST] fixture=1 class=event lower_us=1620 n=1[0m
[0;32mI (24907) forensics: [HIST] fixture=1 class=event lower_us=1625 n=1[0m
[0;32mI (24907) forensics: [HIST] fixture=1 class=event lower_us=1665 n=1[0m
[0;32mI (24917) forensics: [HIST] fixture=1 class=event lower_us=1685 n=1[0m
[0;32mI (24927) forensics: [CALLBACK_CURVE] model=PAN fixture=1 voices=4 class=event n=22 avg_us=1672.18 p95_us=1755 p99_us=1765 p995_us=1765 p999_us=1765 max_us=1764 deadline=0 overhead_avg_us=69.40[0m
[0;32mI (24947) forensics: [CALLBACK_HIST] fixture=1 class=event lower_us=1600 n=1[0m
[0;32mI (24947) forensics: [CALLBACK_HIST] fixture=1 class=event lower_us=1625 n=1[0m
[0;32mI (24957) forensics: [CALLBACK_HIST] fixture=1 class=event lower_us=1630 n=1[0m
[0;32mI (24967) forensics: [CALLBACK_HIST] fixture=1 class=event lower_us=1640 n=1[0m
[0;32mI (24977) forensics: [CALLBACK_HIST] fixture=1 class=event lower_us=1645 n=2[0m
[0;32mI (24977) forensics: [CALLBACK_HIST] fixture=1 class=event lower_us=1650 n=1[0m
[0;32mI (24987) forensics: [CALLBACK_HIST] fixture=1 class=event lower_us=1655 n=1[0m
[0;32mI (24997) forensics: [CALLBACK_HIST] fixture=1 class=event lower_us=1660 n=3[0m
[0;32mI (25007) forensics: [CALLBACK_HIST] fixture=1 class=event lower_us=1665 n=2[0m
[0;32mI (25017) forensics: [CALLBACK_HIST] fixture=1 class=event lower_us=1670 n=2[0m
[0;32mI (25017) forensics: [CALLBACK_HIST] fixture=1 class=event lower_us=1675 n=1[0m
[0;32mI (25027) forensics: [CALLBACK_HIST] fixture=1 class=event lower_us=1685 n=1[0m
[0;32mI (25037) forensics: [CALLBACK_HIST] fixture=1 class=event lower_us=1690 n=1[0m
[0;32mI (25047) forensics: [CALLBACK_HIST] fixture=1 class=event lower_us=1705 n=1[0m
[0;32mI (25047) forensics: [CALLBACK_HIST] fixture=1 class=event lower_us=1745 n=1[0m
[0;32mI (25057) forensics: [CALLBACK_HIST] fixture=1 class=event lower_us=1750 n=1[0m
[0;32mI (25067) forensics: [CALLBACK_HIST] fixture=1 class=event lower_us=1760 n=1[0m
[0;32mI (25077) forensics: [CURVE] model=PAN fixture=1 voices=4 class=fixture_transition n=1 avg_us=630.30 p95_us=635 p99_us=635 p995_us=635 p999_us=635 max_us=631 deadline=0 bad_voices=0 ble_lost=0 hard=0 sat=0 bin_us=5 max_observed_voices=4[0m
[0;32mI (25097) forensics: [HIST] fixture=1 class=fixture_transition lower_us=630 n=1[0m
[0;32mI (25107) forensics: [CALLBACK_CURVE] model=PAN fixture=1 voices=4 class=fixture_transition n=1 avg_us=663.00 p95_us=665 p99_us=665 p995_us=665 p999_us=665 max_us=663 deadline=0 overhead_avg_us=32.70[0m
[0;32mI (25117) forensics: [CALLBACK_HIST] fixture=1 class=fixture_transition lower_us=660 n=1[0m
[0;32mI (25127) forensics: [FASTPATH] fixture=1 stable8=0 attack=0 sustain=16204[0m
[0;32mI (25137) forensics: [OVERHEAD] fixture=1 blocks=4096 model_reset_avg_us=1.55 model_reset_max_us=18 queue_avg_us=1.94 queue_max_us=25 render_avg_us=1142.24 telem_avg_us=3.34 telem_max_us=72 telem_publishes=512[0m
[0;33mW (25187) forensics: [OVERRUN] seq=8832 callback_us=2546 inner_us=2462 class=event fixture=2 model=PAN voices=8 exciter=1 midi_depth=0 midi_consumed=0 telem=0 model_req=0 reset_req=0[0m
[0;33mW (25187) forensics: [OVERRUN] seq=9020 callback_us=2502 inner_us=2431 class=event fixture=2 model=PAN voices=8 exciter=1 midi_depth=0 midi_consumed=0 telem=0 model_req=0 reset_req=0[0m
[0;33mW (25507) forensics: [OVERRUN] seq=9208 callback_us=2388 inner_us=2311 class=event fixture=2 model=PAN voices=8 exciter=1 midi_depth=0 midi_consumed=0 telem=0 model_req=0 reset_req=0[0m
[0;32mI (25877) pocket_pan_main: [AUDIO] model=PAN blocks=9358 avg_us=1547 p99_us=0 max_us=2546 cpu_load=58.0 deadline=0 timeout=0 tx_error=0 short=0[0m
[0;32mI (25877) pocket_pan_main: [MIDI] push=0 pop=0 drop=0 hwm=0 last=(n=62 v=0 t=78 hex=000000)[0m
[0;32mI (25887) pocket_pan_main: [BLE] state=8 interval_ms=11.25 latency=0 rssi=-60 reconnects=0 last_disconnect=0[0m
[0;32mI (25897) pocket_pan_main: [MEM] internal_free=50895 largest_internal=31744[0m
[0;32mI (25907) pocket_pan_main: [UICORR] >1733(tot=9 draw=0 lcd=0 both=0 none=9) >2000(tot=6 draw=0 lcd=0 both=0 none=6)[0m
[0;32mI (25917) pocket_pan_main: [UIMETRIC] arch=0 field_updates=24 total_transfers=15 total_pixels=128160 last_sub_us=264 last_dma_us=1055[0m
[0;32mI (25927) pocket_pan_main: [UIREDRAW] urgent=9 telemetry=103 skip=620[0m
[0;33mW (25997) forensics: [OVERRUN] seq=9396 callback_us=2386 inner_us=2316 class=event fixture=2 model=PAN voices=8 exciter=1 midi_depth=0 midi_consumed=0 telem=0 model_req=0 reset_req=0[0m
[0;33mW (26507) forensics: [OVERRUN] seq=9584 callback_us=2392 inner_us=2316 class=event fixture=2 model=PAN voices=8 exciter=1 midi_depth=0 midi_consumed=0 telem=0 model_req=0 reset_req=0[0m
[0;33mW (26997) forensics: [OVERRUN] seq=9772 callback_us=2391 inner_us=2319 class=event fixture=2 model=PAN voices=8 exciter=1 midi_depth=0 midi_consumed=0 telem=0 model_req=0 reset_req=0[0m
[0;33mW (27507) forensics: [OVERRUN] seq=9960 callback_us=2374 inner_us=2312 class=event fixture=2 model=PAN voices=8 exciter=1 midi_depth=0 midi_consumed=0 telem=0 model_req=0 reset_req=0[0m
[0;33mW (27997) forensics: [OVERRUN] seq=10148 callback_us=2394 inner_us=2319 class=event fixture=2 model=PAN voices=8 exciter=1 midi_depth=0 midi_consumed=0 telem=0 model_req=0 reset_req=0[0m
[0;33mW (28517) forensics: [OVERRUN] seq=10336 callback_us=2411 inner_us=2335 class=event fixture=2 model=PAN voices=8 exciter=1 midi_depth=0 midi_consumed=0 telem=0 model_req=0 reset_req=0[0m
[0;33mW (28997) forensics: [OVERRUN] seq=10524 callback_us=2388 inner_us=2318 class=event fixture=2 model=PAN voices=8 exciter=1 midi_depth=0 midi_consumed=0 telem=0 model_req=0 reset_req=0[0m
[0;33mW (29517) forensics: [OVERRUN] seq=10712 callback_us=2406 inner_us=2319 class=event fixture=2 model=PAN voices=8 exciter=1 midi_depth=0 midi_consumed=0 telem=0 model_req=0 reset_req=0[0m
[0;33mW (29997) forensics: [OVERRUN] seq=10900 callback_us=2387 inner_us=2307 class=event fixture=2 model=PAN voices=8 exciter=1 midi_depth=0 midi_consumed=0 telem=0 model_req=0 reset_req=0[0m
[0;33mW (30517) forensics: [OVERRUN] seq=11088 callback_us=2378 inner_us=2319 class=event fixture=2 model=PAN voices=8 exciter=1 midi_depth=0 midi_consumed=0 telem=0 model_req=0 reset_req=0[0m
[0;32mI (30887) pocket_pan_main: [AUDIO] model=PAN blocks=11236 avg_us=1565 p99_us=1900 max_us=2546 cpu_load=58.7 deadline=0 timeout=0 tx_error=0 short=0[0m
[0;32mI (30887) pocket_pan_main: [MIDI] push=0 pop=0 drop=0 hwm=0 last=(n=62 v=0 t=78 hex=000000)[0m
[0;32mI (30897) pocket_pan_main: [BLE] state=8 interval_ms=11.25 latency=0 rssi=-63 reconnects=0 last_disconnect=0[0m
[0;32mI (30907) pocket_pan_main: [MEM] internal_free=50895 largest_internal=31744[0m
[0;32mI (30917) pocket_pan_main: [UICORR] >1733(tot=40 draw=0 lcd=3 both=0 none=37) >2000(tot=16 draw=0 lcd=0 both=0 none=16)[0m
[0;32mI (30927) pocket_pan_main: [UIMETRIC] arch=0 field_updates=42 total_transfers=33 total_pixels=162720 last_sub_us=283 last_dma_us=1073[0m
[0;32mI (30937) pocket_pan_main: [UIREDRAW] urgent=9 telemetry=126 skip=760[0m
[0;33mW (31007) forensics: [OVERRUN] seq=11276 callback_us=2375 inner_us=2309 class=event fixture=2 model=PAN voices=8 exciter=1 midi_depth=0 midi_consumed=0 telem=0 model_req=0 reset_req=0[0m
[0;33mW (31527) forensics: [OVERRUN] seq=11464 callback_us=2420 inner_us=2336 class=event fixture=2 model=PAN voices=8 exciter=1 midi_depth=0 midi_consumed=0 telem=0 model_req=0 reset_req=0[0m
[0;33mW (32017) forensics: [OVERRUN] seq=11652 callback_us=2373 inner_us=2311 class=event fixture=2 model=PAN voices=8 exciter=1 midi_depth=0 midi_consumed=0 telem=0 model_req=0 reset_req=0[0m
[0;33mW (32527) forensics: [OVERRUN] seq=11840 callback_us=2509 inner_us=2394 class=event fixture=2 model=PAN voices=8 exciter=1 midi_depth=0 midi_consumed=0 telem=0 model_req=0 reset_req=0[0m
[0;33mW (33017) forensics: [OVERRUN] seq=12028 callback_us=2384 inner_us=2316 class=event fixture=2 model=PAN voices=8 exciter=1 midi_depth=0 midi_consumed=0 telem=0 model_req=0 reset_req=0[0m
[0;33mW (33527) forensics: [OVERRUN] seq=12216 callback_us=2394 inner_us=2313 class=event fixture=2 model=PAN voices=8 exciter=1 midi_depth=0 midi_consumed=0 telem=0 model_req=0 reset_req=0[0m
[0;33mW (34017) forensics: [OVERRUN] seq=12404 callback_us=2364 inner_us=2304 class=event fixture=2 model=PAN voices=8 exciter=1 midi_depth=0 midi_consumed=0 telem=0 model_req=0 reset_req=0[0m
[0;33mW (34527) forensics: [OVERRUN] seq=12592 callback_us=2394 inner_us=2322 class=event fixture=2 model=PAN voices=8 exciter=1 midi_depth=0 midi_consumed=0 telem=0 model_req=0 reset_req=0[0m
[0;32mI (34897) forensics: [SAFETY] fixture=2 hard=0 sat=0 nonfinite=0 ble_lost=0[0m
[0;32mI (34897) forensics: [EVENT_ONLY] fixture=2 n=22 avg_us=148.05 max_us=217[0m
[0;32mI (34897) forensics: [FIXTURE_IO] model=PAN fixture=2 avg_us=1568 p99_us=1900 max_us=2546 cpu_pct=58.79 deadline=0 timeouts=0 tx_errors=0 short_writes=0[0m
[0;32mI (34907) forensics: [CURVE] model=PAN fixture=2 voices=8 class=true_steady n=4051 avg_us=1538.44 p95_us=1580 p99_us=1615 p995_us=1635 p999_us=1665 max_us=1717 deadline=0 bad_voices=0 ble_lost=0 hard=0 sat=0 bin_us=5 max_observed_voices=8[0m
[0;32mI (34937) forensics: [HIST] fixture=2 class=true_steady lower_us=1520 n=1262[0m
[0;32mI (34937) forensics: [HIST] fixture=2 class=true_steady lower_us=1525 n=651[0m
[0;32mI (34947) forensics: [HIST] fixture=2 class=true_steady lower_us=1530 n=388[0m
[0;32mI (34957) forensics: [HIST] fixture=2 class=true_steady lower_us=1535 n=299[0m
[0;32mI (34967) forensics: [HIST] fixture=2 class=true_steady lower_us=1540 n=223[0m
[0;32mI (34967) forensics: [HIST] fixture=2 class=true_steady lower_us=1545 n=214[0m
[0;32mI (34977) forensics: [HIST] fixture=2 class=true_steady lower_us=1550 n=212[0m
[0;32mI (34987) forensics: [HIST] fixture=2 class=true_steady lower_us=1555 n=195[0m
[0;32mI (34997) forensics: [HIST] fixture=2 class=true_steady lower_us=1560 n=192[0m
[0;32mI (35007) forensics: [HIST] fixture=2 class=true_steady lower_us=1565 n=104[0m
[0;32mI (35007) forensics: [HIST] fixture=2 class=true_steady lower_us=1570 n=66[0m
[0;32mI (35017) forensics: [HIST] fixture=2 class=true_steady lower_us=1575 n=57[0m
[0;32mI (35027) forensics: [HIST] fixture=2 class=true_steady lower_us=1580 n=31[0m
[0;32mI (35037) forensics: [HIST] fixture=2 class=true_steady lower_us=1585 n=36[0m
[0;32mI (35037) forensics: [HIST] fixture=2 class=true_steady lower_us=1590 n=32[0m
[0;32mI (35047) forensics: [HIST] fixture=2 class=true_steady lower_us=1595 n=19[0m
[0;32mI (35057) forensics: [HIST] fixture=2 class=true_steady lower_us=1600 n=18[0m
[0;32mI (35067) forensics: [HIST] fixture=2 class=true_steady lower_us=1605 n=4[0m
[0;32mI (35067) forensics: [HIST] fixture=2 class=true_steady lower_us=1610 n=10[0m
[0;32mI (35077) forensics: [HIST] fixture=2 class=true_steady lower_us=1615 n=8[0m
[0;32mI (35087) forensics: [HIST] fixture=2 class=true_steady lower_us=1620 n=4[0m
[0;32mI (35097) forensics: [HIST] fixture=2 class=true_steady lower_us=1625 n=2[0m
[0;32mI (35097) forensics: [HIST] fixture=2 class=true_steady lower_us=1630 n=7[0m
[0;32mI (35107) forensics: [HIST] fixture=2 class=true_steady lower_us=1635 n=5[0m
[0;32mI (35117) forensics: [HIST] fixture=2 class=true_steady lower_us=1640 n=3[0m
[0;32mI (35127) forensics: [HIST] fixture=2 class=true_steady lower_us=1645 n=1[0m
[0;32mI (35127) forensics: [HIST] fixture=2 class=true_steady lower_us=1650 n=3[0m
[0;32mI (35137) forensics: [HIST] fixture=2 class=true_steady lower_us=1660 n=1[0m
[0;32mI (35147) forensics: [HIST] fixture=2 class=true_steady lower_us=1670 n=1[0m
[0;32mI (35157) forensics: [HIST] fixture=2 class=true_steady lower_us=1680 n=1[0m
[0;32mI (35157) forensics: [HIST] fixture=2 class=true_steady lower_us=1695 n=1[0m
[0;32mI (35167) forensics: [HIST] fixture=2 class=true_steady lower_us=1715 n=1[0m
[0;32mI (35177) forensics: [CALLBACK_CURVE] model=PAN fixture=2 voices=8 class=true_steady n=4051 avg_us=1555.36 p95_us=1610 p99_us=1705 p995_us=1730 p999_us=1785 max_us=1846 deadline=0 overhead_avg_us=16.92[0m
[0;32mI (35197) forensics: [CALLBACK_HIST] fixture=2 class=true_steady lower_us=1140 n=1[0m
[0;32mI (35197) forensics: [CALLBACK_HIST] fixture=2 class=true_steady lower_us=1525 n=416[0m
[0;32mI (35207) forensics: [CALLBACK_HIST] fixture=2 class=true_steady lower_us=1530 n=785[0m
[0;32mI (35217) forensics: [CALLBACK_HIST] fixture=2 class=true_steady lower_us=1535 n=426[0m
[0;32mI (35227) forensics: [CALLBACK_HIST] fixture=2 class=true_steady lower_us=1540 n=281[0m
[0;32mI (35237) forensics: [CALLBACK_HIST] fixture=2 class=true_steady lower_us=1545 n=331[0m
[0;32mI (35247) forensics: [CALLBACK_HIST] fixture=2 class=true_steady lower_us=1550 n=282[0m
[0;32mI (35257) forensics: [CALLBACK_HIST] fixture=2 class=true_steady lower_us=1555 n=225[0m
[0;32mI (35257) forensics: [CALLBACK_HIST] fixture=2 class=true_steady lower_us=1560 n=222[0m
[0;32mI (35267) forensics: [CALLBACK_HIST] fixture=2 class=true_steady lower_us=1565 n=191[0m
[0;32mI (35277) forensics: [CALLBACK_HIST] fixture=2 class=true_steady lower_us=1570 n=176[0m
[0;32mI (35287) forensics: [CALLBACK_HIST] fixture=2 class=true_steady lower_us=1575 n=148[0m
[0;32mI (35297) forensics: [CALLBACK_HIST] fixture=2 class=true_steady lower_us=1580 n=104[0m
[0;32mI (35307) forensics: [CALLBACK_HIST] fixture=2 class=true_steady lower_us=1585 n=85[0m
[0;32mI (35307) forensics: [CALLBACK_HIST] fixture=2 class=true_steady lower_us=1590 n=53[0m
[0;32mI (35317) forensics: [CALLBACK_HIST] fixture=2 class=true_steady lower_us=1595 n=53[0m
[0;32mI (35327) forensics: [CALLBACK_HIST] fixture=2 class=true_steady lower_us=1600 n=43[0m
[0;32mI (35337) forensics: [CALLBACK_HIST] fixture=2 class=true_steady lower_us=1605 n=38[0m
[0;32mI (35347) forensics: [CALLBACK_HIST] fixture=2 class=true_steady lower_us=1610 n=24[0m
[0;32mI (35357) forensics: [CALLBACK_HIST] fixture=2 class=true_steady lower_us=1615 n=14[0m
[0;32mI (35357) forensics: [CALLBACK_HIST] fixture=2 class=true_steady lower_us=1620 n=11[0m
[0;32mI (35367) forensics: [CALLBACK_HIST] fixture=2 class=true_steady lower_us=1625 n=11[0m
[0;32mI (35377) forensics: [CALLBACK_HIST] fixture=2 class=true_steady lower_us=1630 n=10[0m
[0;32mI (35387) forensics: [CALLBACK_HIST] fixture=2 class=true_steady lower_us=1635 n=7[0m
[0;32mI (35397) forensics: [CALLBACK_HIST] fixture=2 class=true_steady lower_us=1640 n=10[0m
[0;32mI (35407) forensics: [CALLBACK_HIST] fixture=2 class=true_steady lower_us=1645 n=6[0m
[0;32mI (35407) forensics: [CALLBACK_HIST] fixture=2 class=true_steady lower_us=1650 n=4[0m
[0;32mI (35417) forensics: [CALLBACK_HIST] fixture=2 class=true_steady lower_us=1655 n=3[0m
[0;32mI (35427) forensics: [CALLBACK_HIST] fixture=2 class=true_steady lower_us=1660 n=7[0m
[0;32mI (35437) forensics: [CALLBACK_HIST] fixture=2 class=true_steady lower_us=1665 n=7[0m
[0;32mI (35447) forensics: [CALLBACK_HIST] fixture=2 class=true_steady lower_us=1670 n=5[0m
[0;32mI (35447) forensics: [CALLBACK_HIST] fixture=2 class=true_steady lower_us=1675 n=11[0m
[0;32mI (35457) forensics: [CALLBACK_HIST] fixture=2 class=true_steady lower_us=1680 n=5[0m
[0;32mI (35467) forensics: [CALLBACK_HIST] fixture=2 class=true_steady lower_us=1685 n=3[0m
[0;32mI (35477) forensics: [CALLBACK_HIST] fixture=2 class=true_steady lower_us=1690 n=7[0m
[0;32mI (35487) forensics: [CALLBACK_HIST] fixture=2 class=true_steady lower_us=1695 n=3[0m
[0;32mI (35497) forensics: [CALLBACK_HIST] fixture=2 class=true_steady lower_us=1700 n=5[0m
[0;32mI (35497) forensics: [CALLBACK_HIST] fixture=2 class=true_steady lower_us=1705 n=5[0m
[0;32mI (35507) forensics: [CALLBACK_HIST] fixture=2 class=true_steady lower_us=1710 n=4[0m
[0;32mI (35517) forensics: [CALLBACK_HIST] fixture=2 class=true_steady lower_us=1715 n=3[0m
[0;32mI (35527) forensics: [CALLBACK_HIST] fixture=2 class=true_steady lower_us=1720 n=4[0m
[0;32mI (35537) forensics: [CALLBACK_HIST] fixture=2 class=true_steady lower_us=1725 n=3[0m
[0;32mI (35547) forensics: [CALLBACK_HIST] fixture=2 class=true_steady lower_us=1730 n=2[0m
[0;32mI (35547) forensics: [CALLBACK_HIST] fixture=2 class=true_steady lower_us=1735 n=2[0m
[0;32mI (35557) forensics: [CALLBACK_HIST] fixture=2 class=true_steady lower_us=1740 n=3[0m
[0;32mI (35567) forensics: [CALLBACK_HIST] fixture=2 class=true_steady lower_us=1745 n=1[0m
[0;32mI (35577) forensics: [CALLBACK_HIST] fixture=2 class=true_steady lower_us=1750 n=3[0m
[0;32mI (35587) forensics: [CALLBACK_HIST] fixture=2 class=true_steady lower_us=1755 n=2[0m
[0;32mI (35597) forensics: [CALLBACK_HIST] fixture=2 class=true_steady lower_us=1770 n=1[0m
[0;32mI (35597) forensics: [CALLBACK_HIST] fixture=2 class=true_steady lower_us=1780 n=3[0m
[0;32mI (35607) forensics: [CALLBACK_HIST] fixture=2 class=true_steady lower_us=1790 n=1[0m
[0;32mI (35617) forensics: [CALLBACK_HIST] fixture=2 class=true_steady lower_us=1845 n=1[0m
[0;32mI (35627) forensics: [CURVE] model=PAN fixture=2 voices=8 class=attack_tail n=22 avg_us=1909.42 p95_us=1975 p99_us=1985 p995_us=1985 p999_us=1985 max_us=1982 deadline=0 bad_voices=0 ble_lost=0 hard=0 sat=0 bin_us=5 max_observed_voices=8[0m
[0;32mI (35647) forensics: [HIST] fixture=2 class=attack_tail lower_us=1885 n=2[0m
[0;32mI (35657) forensics: [HIST] fixture=2 class=attack_tail lower_us=1890 n=4[0m
[0;32mI (35657) forensics: [HIST] fixture=2 class=attack_tail lower_us=1895 n=2[0m
[0;32mI (35667) forensics: [HIST] fixture=2 class=attack_tail lower_us=1900 n=5[0m
[0;32mI (35677) forensics: [HIST] fixture=2 class=attack_tail lower_us=1905 n=4[0m
[0;32mI (35687) forensics: [HIST] fixture=2 class=attack_tail lower_us=1915 n=2[0m
[0;32mI (35687) forensics: [HIST] fixture=2 class=attack_tail lower_us=1955 n=1[0m
[0;32mI (35697) forensics: [HIST] fixture=2 class=attack_tail lower_us=1970 n=1[0m
[0;32mI (35707) forensics: [HIST] fixture=2 class=attack_tail lower_us=1980 n=1[0m
[0;32mI (35717) forensics: [CALLBACK_CURVE] model=PAN fixture=2 voices=8 class=attack_tail n=22 avg_us=1936.50 p95_us=2005 p99_us=2045 p995_us=2045 p999_us=2045 max_us=2042 deadline=0 overhead_avg_us=27.08[0m
[0;32mI (35737) forensics: [CALLBACK_HIST] fixture=2 class=attack_tail lower_us=1900 n=1[0m
[0;32mI (35737) forensics: [CALLBACK_HIST] fixture=2 class=attack_tail lower_us=1905 n=1[0m
[0;32mI (35747) forensics: [CALLBACK_HIST] fixture=2 class=attack_tail lower_us=1910 n=3[0m
[0;32mI (35757) forensics: [CALLBACK_HIST] fixture=2 class=attack_tail lower_us=1915 n=2[0m
[0;32mI (35767) forensics: [CALLBACK_HIST] fixture=2 class=attack_tail lower_us=1920 n=3[0m
[0;32mI (35777) forensics: [CALLBACK_HIST] fixture=2 class=attack_tail lower_us=1925 n=2[0m
[0;32mI (35777) forensics: [CALLBACK_HIST] fixture=2 class=attack_tail lower_us=1930 n=3[0m
[0;32mI (35787) forensics: [CALLBACK_HIST] fixture=2 class=attack_tail lower_us=1935 n=1[0m
[0;32mI (35797) forensics: [CALLBACK_HIST] fixture=2 class=attack_tail lower_us=1940 n=2[0m
[0;32mI (35807) forensics: [CALLBACK_HIST] fixture=2 class=attack_tail lower_us=1945 n=1[0m
[0;32mI (35817) forensics: [CALLBACK_HIST] fixture=2 class=attack_tail lower_us=1990 n=1[0m
[0;32mI (35827) forensics: [CALLBACK_HIST] fixture=2 class=attack_tail lower_us=2000 n=1[0m
[0;32mI (35827) forensics: [CALLBACK_HIST] fixture=2 class=attack_tail lower_us=2040 n=1[0m
[0;32mI (35837) forensics: [CURVE] model=PAN fixture=2 voices=8 class=event n=22 avg_us=2328.80 p95_us=2435 p99_us=2465 p995_us=2465 p999_us=2465 max_us=2462 deadline=0 bad_voices=0 ble_lost=0 hard=0 sat=0 bin_us=5 max_observed_voices=8[0m
[0;32mI (35857) forensics: [HIST] fixture=2 class=event lower_us=2250 n=1[0m
[0;32mI (35867) forensics: [HIST] fixture=2 class=event lower_us=2300 n=1[0m
[0;32mI (35877) forensics: [HIST] fixture=2 class=event lower_us=2305 n=2[0m
[0;32mI (35877) forensics: [HIST] fixture=2 class=event lower_us=2310 n=4[0m
[0;32mI (35887) forensics: [HIST] fixture=2 class=event lower_us=2315 n=8[0m
[0;32mI (35897) forensics: [HIST] fixture=2 class=event lower_us=2320 n=1[0m
[0;32mI (35907) forensics: [HIST] fixture=2 class=event lower_us=2335 n=2[0m
[0;32mI (35907) forensics: [HIST] fixture=2 class=event lower_us=2390 n=1[0m
[0;32mI (35917) forensics: [HIST] fixture=2 class=event lower_us=2430 n=1[0m
[0;32mI (35927) forensics: [HIST] fixture=2 class=event lower_us=2460 n=1[0m
[0;32mI (35927) forensics: [CALLBACK_CURVE] model=PAN fixture=2 voices=8 class=event n=22 avg_us=2403.18 p95_us=2510 p99_us=2550 p995_us=2550 p999_us=2550 max_us=2546 deadline=0 overhead_avg_us=74.38[0m
[0;32mI (35947) forensics: [CALLBACK_HIST] fixture=2 class=event lower_us=2310 n=1[0m
[0;32mI (35957) forensics: [CALLBACK_HIST] fixture=2 class=event lower_us=2360 n=1[0m
[0;32mI (35967) forensics: [CALLBACK_HIST] fixture=2 class=event lower_us=2370 n=2[0m
[0;32mI (35967) forensics: [CALLBACK_HIST] fixture=2 class=event lower_us=2375 n=2[0m
[0;32mI (35977) forensics: [CALLBACK_HIST] fixture=2 class=event lower_us=2380 n=1[0m
[0;32mI (35987) forensics: [CALLBACK_HIST] fixture=2 class=event lower_us=2385 n=4[0m
[0;32mI (35997) forensics: [CALLBACK_HIST] fixture=2 class=event lower_us=2390 n=5[0m
[0;32mI (36007) forensics: [CALLBACK_HIST] fixture=2 class=event lower_us=2405 n=1[0m
[0;32mI (36007) forensics: [CALLBACK_HIST] fixture=2 class=event lower_us=2410 n=1[0m
[0;32mI (36017) forensics: [CALLBACK_HIST] fixture=2 class=event lower_us=2420 n=1[0m
[0;32mI (36027) forensics: [CALLBACK_HIST] fixture=2 class=event lower_us=2500 n=1[0m
[0;32mI (36037) forensics: [CALLBACK_HIST] fixture=2 class=event lower_us=2505 n=1[0m
[0;32mI (36037) forensics: [CALLBACK_HIST] fixture=2 class=event lower_us=2545 n=1[0m
[0;32mI (36047) forensics: [CURVE] model=PAN fixture=2 voices=8 class=fixture_transition n=1 avg_us=590.02 p95_us=595 p99_us=595 p995_us=595 p999_us=595 max_us=591 deadline=0 bad_voices=0 ble_lost=0 hard=0 sat=0 bin_us=5 max_observed_voices=8[0m
[0;32mI (36067) forensics: [HIST] fixture=2 class=fixture_transition lower_us=590 n=1[0m
[0;32mI (36077) forensics: [CALLBACK_CURVE] model=PAN fixture=2 voices=8 class=fixture_transition n=1 avg_us=614.00 p95_us=615 p99_us=615 p995_us=615 p999_us=615 max_us=614 deadline=0 overhead_avg_us=23.98[0m
[0;32mI (36097) forensics: [CALLBACK_HIST] fixture=2 class=fixture_transition lower_us=610 n=1[0m
[0;32mI (36107) forensics: [FASTPATH] fixture=2 stable8=4051 attack=352 sustain=32408[0m
[0;32mI (36117) forensics: [OVERHEAD] fixture=2 blocks=4096 model_reset_avg_us=1.63 model_reset_max_us=24 queue_avg_us=2.04 queue_max_us=34 render_avg_us=1551.30 telem_avg_us=3.70 telem_max_us=192 telem_publishes=512[0m
[0;32mI (36167) pocket_pan_main: [AUDIO] model=PAN blocks=13215 avg_us=10 p99_us=1900 max_us=2546 cpu_load=0.4 deadline=0 timeout=0 tx_error=0 short=0[0m
[0;32mI (36167) pocket_pan_main: [MIDI] push=0 pop=0 drop=0 hwm=0 last=(n=62 v=0 t=78 hex=000000)[0m
[0;32mI (36177) pocket_pan_main: [BLE] state=8 interval_ms=11.25 latency=0 rssi=-63 reconnects=0 last_disconnect=0[0m
[0;32mI (36187) pocket_pan_main: [MEM] internal_free=50895 largest_internal=31744[0m
[0;32mI (36197) pocket_pan_main: [UICORR] >1733(tot=62 draw=1 lcd=5 both=1 none=55) >2000(tot=24 draw=0 lcd=0 both=0 none=24)[0m
[0;32mI (36207) pocket_pan_main: [UIMETRIC] arch=0 field_updates=55 total_transfers=46 total_pixels=187680 last_sub_us=258 last_dma_us=1050[0m
[0;32mI (36217) pocket_pan_main: [UIREDRAW] urgent=9 telemetry=146 skip=871[0m
[0;32mI (41177) pocket_pan_main: [AUDIO] model=PAN blocks=15095 avg_us=8 p99_us=25 max_us=2546 cpu_load=0.3 deadline=0 timeout=0 tx_error=0 short=0[0m
[0;32mI (41177) pocket_pan_main: [MIDI] push=0 pop=0 drop=0 hwm=0 last=(n=62 v=0 t=78 hex=000000)[0m
[0;32mI (41187) pocket_pan_main: [BLE] state=8 interval_ms=11.25 latency=0 rssi=-60 reconnects=0 last_disconnect=0[0m
[0;32mI (41197) pocket_pan_main: [MEM] internal_free=50895 largest_internal=31744[0m
[0;32mI (41207) pocket_pan_main: [UICORR] >1733(tot=62 draw=1 lcd=5 both=1 none=55) >2000(tot=24 draw=0 lcd=0 both=0 none=24)[0m
[0;32mI (41217) pocket_pan_main: [UIMETRIC] arch=0 field_updates=55 total_transfers=46 total_pixels=187680 last_sub_us=258 last_dma_us=1050[0m
[0;32mI (41227) pocket_pan_main: [UIREDRAW] urgent=9 telemetry=160 skip=1022[0m
