[0;32mI (124) esp_image: segment 1: paddr=00030eec vaddr=3fca59ESP-ROM:esp32s3-20210327
Build:Mar 27 2021
rst:0x15 (USB_UART_CHIP_RESET),boot:0x8 (SPI_FAST_FLASH_BOOT)
Saved PC:0x4200a257
SPIWP:0xee
mode:DIO, clock div:1
load:0x3fce2810,len:0x178c
load:0x403c8700,len:0x4
load:0x403c8704,len:0xcb8
load:0x403cb700,len:0x2db0
entry 0x403c8914
[0;32mI (26) boot: ESP-IDF v5.3-dirty 2nd stage bootloader[0m
[0;32mI (27) boot: compile time Oct  2 2026 14:07:55[0m
[0;32mI (27) boot: Multicore bootloader[0m
[0;32mI (30) boot: chip revision: v0.2[0m
[0;32mI (34) boot.esp32s3: Boot SPI Speed : 80MHz[0m
[0;32mI (39) boot.esp32s3: SPI Mode       : DIO[0m
[0;32mI (43) boot.esp32s3: SPI Flash Size : 4MB[0m
[0;32mI (48) boot: Enabling RNG early entropy source...[0m
[0;32mI (54) boot: Partition Table:[0m
[0;32mI (57) boot: ## Label            Usage          Type ST Offset   Length[0m
[0;32mI (64) boot:  0 nvs              WiFi data        01 02 00009000 00006000[0m
[0;32mI (72) boot:  1 phy_init         RF data          01 01 0000f000 00001000[0m
[0;32mI (79) boot:  2 factory          factory app      00 00 00010000 00100000[0m
[0;32mI (87) boot: End of partition table[0m
[0;32mI (91) esp_image: segment 0: paddr=00010020 vaddr=3c070020 size=20ec4h (134852) map[0m
[0;32mI (124) esp_image: segment 1: paddr=00030eec vaddr=3fca5900 size=04500h ( 17664) load[0m
[0;32mI (128) esp_image: segment 2: paddr=000353f4 vaddr=40374000 size=0ac24h ( 44068) load[0m
[0;32mI (139) esp_image: segment 3: paddr=00040020 vaddr=42000020 size=65f90h (417680) map[0m
[0;32mI (214) esp_image: segment 4: paddr=000a5fb8 vaddr=4037ec24 size=16bf8h ( 93176) load[0m
[0;32mI (248) boot: Loaded app from partition at offset 0x10000[0m
[0;32mI (249) boot: Disabling RNG early entropy source...[0m
[0;32mI (261) esp_psram: Found 2MB PSRAM device[0m
[0;32mI (261) esp_psram: Speed: 40MHz[0m
[0;32mI (261) cpu_start: Multicore app[0m
[0;32mI (681) esp_psram: SPI SRAM memory test OK[0m
[0;32mI (690) cpu_start: Pro cpu start user code[0m
[0;32mI (690) cpu_start: cpu freq: 240000000 Hz[0m
[0;32mI (690) app_init: Application information:[0m
[0;32mI (693) app_init: Project name:     pocket_pan[0m
[0;32mI (698) app_init: App version:      f7f89e4-dirty[0m
[0;32mI (703) app_init: Compile time:     Oct  2 2026 14:12:07[0m
[0;32mI (709) app_init: ELF file SHA256:  490834ac8...[0m
[0;32mI (715) app_init: ESP-IDF:          v5.3-dirty[0m
[0;32mI (720) efuse_init: Min chip rev:     v0.0[0m
[0;32mI (724) efuse_init: Max chip rev:     v0.99 [0m
[0;32mI (729) efuse_init: Chip rev:         v0.2[0m
[0;32mI (734) heap_init: Initializing. RAM available for dynamic allocation:[0m
[0;32mI (741) heap_init: At 3FCCBAF0 len 0001DC20 (119 KiB): RAM[0m
[0;32mI (748) heap_init: At 3FCE9710 len 00005724 (21 KiB): RAM[0m
[0;32mI (754) heap_init: At 3FCF0000 len 00008000 (32 KiB): DRAM[0m
[0;32mI (760) heap_init: At 600FE100 len 00001EE8 (7 KiB): RTCRAM[0m
[0;32mI (766) esp_psram: Adding pool of 2048K of PSRAM memory to heap allocator[0m
[0;32mI (774) spi_flash: detected chip: generic[0m
[0;32mI (778) spi_flash: flash io: dio[0m
[0;32mI (783) sleep: Configure to isolate all GPIO pins in sleep state[0m
[0;32mI (789) sleep: Enable automatic switching of GPIO sleep configuration[0m
[0;32mI (796) coexist: coex firmware version: dab85ae96[0m
[0;32mI (802) coexist: coexist rom version e7ae62f[0m
[0;32mI (807) main_task: Started on CPU0[0m
[0;32mI (817) esp_psram: Reserving pool of 32K of internal memory for DMA/internal allocations[0m
[0;32mI (817) main_task: Calling app_main()[0m
[0;32mI (827) pocket_pan_main: [MEM_STAGE] stage=entry internal_free=158411 largest_internal=63488 psram_free=2094528[0m
[0;32mI (837) pocket_pan_main: ===============================================[0m
[0;32mI (847) pocket_pan_main:   Pocket Pan / Metal Modal Synthesizer v1.0.0[0m
[0;32mI (847) pocket_pan_main:   Hardware: TENSTAR TS-ESP32-S3 (Feather TFT)[0m
[0;32mI (857) pocket_pan_main: ===============================================[0m
[0;32mI (867) pocket_pan_main: [FORENSICS] candidate=25 profile=0 cpu_mhz=240 optimization_perf=1 process6=1 fine_bins=5 critical_only=0[0m
[0;32mI (897) pocket_pan_main: [MEM_STAGE] stage=dsp_ready internal_free=158411 largest_internal=63488 psram_free=2094528[0m
[0;32mI (897) gpio: GPIO[10]| InputEn: 0| OutputEn: 1| OpenDrain: 0| Pullup: 0| Pulldown: 1| Intr:0 [0m
[0;32mI (907) AudioI2S: I2S TX initialized (48kHz, 32-bit slot, stereo, 6x128 frames DMA = 1024 bytes/buf)[0m
[0;32mI (927) AudioI2S: Audio task started on Core 0 at priority 12[0m
[0;32mI (927) pocket_pan_main: [MEM_STAGE] stage=i2s_ready internal_free=143679 largest_internal=49152 psram_free=2094528[0m
[0;32mI (937) Display: [DISP_MEM_PRE] before: int_free=143679 int_largest=49152 psram_free=2094528[0m
[0;33mW (947) Display: Internal SRAM (64800 B) exhausted; falling back to PSRAM[0m
[0;32mI (957) Display: [DISP_MEM] framebuffer=0x3c0a0a44 (size=64800, align=4, internal=0, dma=0, psram=1)[0m
[0;32mI (967) Display: [DISP_MEM] scratch=0x3fcdd1c4 (size=9600, align=4, internal=1, dma=1)[0m
[0;32mI (967) Display: [DISP_MEM] before: int_free=143679 int_largest=49152 psram_free=2094528[0m
[0;32mI (977) Display: [DISP_MEM] after:  int_free=134075 int_largest=38912 psram_free=2029724[0m
[0;32mI (987) gpio: GPIO[39]| InputEn: 0| OutputEn: 1| OpenDrain: 0| Pullup: 0| Pulldown: 0| Intr:0 [0m
[0;32mI (997) gpio: GPIO[40]| InputEn: 0| OutputEn: 1| OpenDrain: 0| Pullup: 0| Pulldown: 0| Intr:0 [0m
[0;32mI (1007) gpio: GPIO[21]| InputEn: 0| OutputEn: 1| OpenDrain: 0| Pullup: 0| Pulldown: 0| Intr:0 [0m
[0;32mI (1237) gpio: GPIO[45]| InputEn: 0| OutputEn: 1| OpenDrain: 0| Pullup: 0| Pulldown: 0| Intr:0 [0m
[0;31mE (1247) lcd_panel.io.spi: panel_io_spi_tx_color(390): spi transmit (queue) color failed[0m
[0;31mE (1247) lcd_panel.st7789: panel_st7789_draw_bitmap(223): io tx color failed[0m
[0;32mI (1247) Display: ST7789 240x135 display initialized successfully (SPI 40MHz, GDMA callback armed)[0m
[0;32mI (1257) pocket_pan_main: [CANARY] PreparedNote canaries OK=1[0m
[0;32mI (1267) pocket_pan_main: [MEM_STAGE] stage=display_ready internal_free=98939 largest_internal=31744 psram_free=2029724[0m
[0;32mI (1277) BLE_INIT: BT controller compile version [ba3b3e3][0m
[0;32mI (1287) BLE_INIT: Bluetooth MAC: b4:3a:45:ae:6f:2a[0m
[0;32mI (1287) phy_init: phy_version 680,a6008b2,Jun  4 2024,16:41:10[0m
[0;32mI (1327) BleMidi: NimBLE BLE MIDI Central initialized and pinned to Core 1[0m
[0;32mI (1327) BleMidi: NimBLE Host task running on Core 1[0m
[0;32mI (1327) pocket_pan_main: [MEM_STAGE] stage=ble_ready internal_free=38647 largest_internal=27648 psram_free=2029724[0m
[0;32mI (1337) NimBLE: Failed to restore IRKs from store; status=8
[0m
[0;32mI (1347) pocket_pan_main: [M75_MEMORY] table_bytes=9640 cache_bytes=60552 synth_bytes=81668 internal_free=38611 largest_internal=27648[0m
[0;32mI (1347) NimBLE: GAP procedure initiated: discovery; [0m
[0;32mI (1367) pocket_pan_main: [UDU_CACHE] compact_bytes=5928 modal_models=9[0m
[0;32mI (1367) NimBLE: own_addr_type=0 filter_policy=0 passive=0 limited=0 filter_duplicates=1 [0m
[0;32mI (1377) pocket_pan_main: [CACHE_LAYOUT] packed=1 storage_bytes=60552 note_scratch_bytes=132[0m
[0;32mI (1387) NimBLE: duration=forever[0m
[0;32mI (1397) pocket_pan_main: [UDU_STATE] voice_bytes=124 fixed_reference=0[0m
[0;32mI (1397) NimBLE: 
[0m
[0;32mI (1407) pocket_pan_main: [MEM_STAGE] stage=ui_ready internal_free=34167 largest_internal=23552 psram_free=2029724[0m
[0;32mI (1407) BleMidi: Scanning for BLE MIDI devices...[0m
[0;32mI (1407) gpio: GPIO[0]| InputEn: 1| OutputEn: 0| OpenDrain: 0| Pullup: 1| Pulldown: 0| Intr:0 [0m
[0;32mI (1417) pocket_pan_main: Pocket Pan initialization complete. Realtime audio active.[0m
[0;32mI (1447) main_task: Returned from app_main()[0m
[0;31mE (1447) lcd_panel.io.spi: panel_io_spi_tx_color(390): spi transmit (queue) color failed[0m
[0;31mE (1457) lcd_panel.st7789: panel_st7789_draw_bitmap(223): io tx color failed[0m
[0;32mI (1497) BleMidi: BLE MIDI device found (59:FB:B6:B7:BF:0F); connecting[0m
[0;32mI (1497) NimBLE: GAP procedure initiated: connect; [0m
[0;32mI (1497) NimBLE: peer_addr_type=0 peer_addr=[0m
[0;32mI (1497) NimBLE: 59:fb:b6:b7:bf:0f[0m
[0;32mI (1507) NimBLE:  scan_itvl=16 scan_window=16 itvl_min=24 itvl_max=40 latency=0 supervision_timeout=256 min_ce_len=0 max_ce_len=0 own_addr_type=0[0m
[0;32mI (1517) NimBLE: 
[0m
[0;32mI (1607) BleMidi: BLE Connected! conn_handle=1[0m
[0;32mI (1607) NimBLE: GAP procedure initiated: [0m
[0;32mI (1607) NimBLE: connection parameter update; conn_handle=1 itvl_min=6 itvl_max=12 latency=0 supervision_timeout=200 min_ce_len=0 max_ce_len=0[0m
[0;32mI (1617) NimBLE: 
[0m
[0;32mI (1617) BleMidi: Requested connection params 7.5-15ms latency=0 timeout=2s rc=0[0m
[0;32mI (1627) NimBLE: GATT procedure initiated: discover all services
[0m
[0;32mI (1937) BleMidi: Found BLE MIDI Service! start_handle=112 end_handle=115[0m
[0;32mI (1937) NimBLE: GATT procedure initiated: discover all characteristics; [0m
[0;32mI (1937) NimBLE: start_handle=112 end_handle=115
[0m
[0;32mI (2037) BleMidi: Found BLE MIDI Characteristic! def_handle=113 val_handle=114 props=0x16[0m
[0;32mI (2037) NimBLE: GATT procedure initiated: discover all descriptors; [0m
[0;32mI (2037) NimBLE: chr_val_handle=114 end_handle=115
[0m
[0;32mI (2137) BleMidi: Discovered CCCD (0x2902) handle=115[0m
[0;32mI (2137) NimBLE: GATT procedure initiated: write; [0m
[0;32mI (2137) NimBLE: att_handle=115 len=2
[0m
[0;32mI (2197) BleMidi: Negotiated params interval=7.50ms latency=0 timeout=2000ms[0m
[0;32mI (2207) BleMidi: CCCD subscription successful; BLE MIDI ready[0m
[0;32mI (2207) NimBLE: GAP procedure initiated: [0m
[0;32mI (2207) NimBLE: connection parameter update; conn_handle=1 itvl_min=6 itvl_max=9 latency=0 supervision_timeout=100 min_ce_len=0 max_ce_len=0[0m
[0;32mI (2227) NimBLE: 
[0m
[0;32mI (2307) BleMidi: Negotiated params interval=11.25ms latency=0 timeout=1000ms[0m
[0;32mI (5807) pocket_pan_main: [AUDIO] model=PAN blocks=1830 avg_us=718 p99_us=0 max_us=1249 cpu_load=26.9 deadline=0 timeout=0 tx_error=0 short=0[0m
[0;32mI (5807) pocket_pan_main: [MIDI] push=0 pop=0 drop=0 hwm=0 last=(n=62 v=0 t=78 hex=000000)[0m
[0;32mI (5817) pocket_pan_main: [BLE] state=8 interval_ms=11.25 latency=0 rssi=-63 reconnects=0 last_disconnect=0[0m
[0;32mI (5827) pocket_pan_main: [MEM] internal_free=71715 largest_internal=32768[0m
[0;32mI (5837) pocket_pan_main: [UICORR] >1733(tot=0 draw=0 lcd=0 both=0 none=0) >2000(tot=0 draw=0 lcd=0 both=0 none=0)[0m
[0;32mI (5847) pocket_pan_main: [UIMETRIC] arch=0 field_updates=14 total_transfers=7 total_pixels=121920 last_sub_us=270 last_dma_us=1052[0m
[0;32mI (5857) pocket_pan_main: [UIREDRAW] urgent=8 telemetry=18 skip=118[0m
[0;32mI (10817) pocket_pan_main: [AUDIO] model=PAN blocks=3710 avg_us=722 p99_us=1025 max_us=1263 cpu_load=27.1 deadline=0 timeout=0 tx_error=0 short=0[0m
[0;32mI (10817) pocket_pan_main: [MIDI] push=0 pop=0 drop=0 hwm=0 last=(n=62 v=0 t=78 hex=000000)[0m
[0;32mI (10827) pocket_pan_main: [BLE] state=8 interval_ms=11.25 latency=0 rssi=-63 reconnects=0 last_disconnect=0[0m
[0;32mI (10837) pocket_pan_main: [MEM] internal_free=71715 largest_internal=32768[0m
[0;32mI (10847) pocket_pan_main: [UICORR] >1733(tot=0 draw=0 lcd=0 both=0 none=0) >2000(tot=0 draw=0 lcd=0 both=0 none=0)[0m
[0;32mI (10857) pocket_pan_main: [UIMETRIC] arch=0 field_updates=16 total_transfers=9 total_pixels=125760 last_sub_us=327 last_dma_us=1108[0m
[0;32mI (10867) pocket_pan_main: [UIREDRAW] urgent=8 telemetry=42 skip=259[0m
[0;32mI (13187) forensics: [SAFETY] fixture=3 hard=0 sat=0 nonfinite=0 ble_lost=0[0m
[0;32mI (13187) forensics: [EVENT_ONLY] fixture=3 n=512 avg_us=110.38 max_us=283[0m
[0;32mI (13187) forensics: [FIXTURE_IO] model=PAN fixture=3 avg_us=723 p99_us=1025 max_us=1263 cpu_pct=27.11 deadline=0 timeouts=0 tx_errors=0 short_writes=0[0m
[0;32mI (13197) forensics: [CURVE] model=PAN fixture=3 voices=1 class=true_steady n=2815 avg_us=666.57 p95_us=695 p99_us=735 p995_us=750 p999_us=775 max_us=794 deadline=0 bad_voices=0 ble_lost=0 hard=0 sat=0 bin_us=5 max_observed_voices=1[0m
[0;32mI (13227) forensics: [HIST] fixture=3 class=true_steady lower_us=490 n=5[0m
[0;32mI (13227) forensics: [HIST] fixture=3 class=true_steady lower_us=645 n=31[0m
[0;32mI (13237) forensics: [HIST] fixture=3 class=true_steady lower_us=650 n=334[0m
[0;32mI (13247) forensics: [HIST] fixture=3 class=true_steady lower_us=655 n=498[0m
[0;32mI (13257) forensics: [HIST] fixture=3 class=true_steady lower_us=660 n=561[0m
[0;32mI (13257) forensics: [HIST] fixture=3 class=true_steady lower_us=665 n=553[0m
[0;32mI (13267) forensics: [HIST] fixture=3 class=true_steady lower_us=670 n=382[0m
[0;32mI (13277) forensics: [HIST] fixture=3 class=true_steady lower_us=675 n=114[0m
[0;32mI (13287) forensics: [HIST] fixture=3 class=true_steady lower_us=680 n=84[0m
[0;32mI (13287) forensics: [HIST] fixture=3 class=true_steady lower_us=685 n=64[0m
[0;32mI (13297) forensics: [HIST] fixture=3 class=true_steady lower_us=690 n=49[0m
[0;32mI (13307) forensics: [HIST] fixture=3 class=true_steady lower_us=695 n=29[0m
[0;32mI (13317) forensics: [HIST] fixture=3 class=true_steady lower_us=700 n=25[0m
[0;32mI (13317) forensics: [HIST] fixture=3 class=true_steady lower_us=705 n=17[0m
[0;32mI (13327) forensics: [HIST] fixture=3 class=true_steady lower_us=710 n=14[0m
[0;32mI (13337) forensics: [HIST] fixture=3 class=true_steady lower_us=715 n=12[0m
[0;32mI (13347) forensics: [HIST] fixture=3 class=true_steady lower_us=720 n=5[0m
[0;32mI (13347) forensics: [HIST] fixture=3 class=true_steady lower_us=725 n=5[0m
[0;32mI (13357) forensics: [HIST] fixture=3 class=true_steady lower_us=730 n=7[0m
[0;32mI (13367) forensics: [HIST] fixture=3 class=true_steady lower_us=735 n=2[0m
[0;32mI (13367) forensics: [HIST] fixture=3 class=true_steady lower_us=740 n=5[0m
[0;32mI (13377) forensics: [HIST] fixture=3 class=true_steady lower_us=745 n=8[0m
[0;32mI (13387) forensics: [HIST] fixture=3 class=true_steady lower_us=750 n=2[0m
[0;32mI (13397) forensics: [HIST] fixture=3 class=true_steady lower_us=755 n=2[0m
[0;32mI (13397) forensics: [HIST] fixture=3 class=true_steady lower_us=760 n=3[0m
[0;32mI (13407) forensics: [HIST] fixture=3 class=true_steady lower_us=765 n=1[0m
[0;32mI (13417) forensics: [HIST] fixture=3 class=true_steady lower_us=770 n=1[0m
[0;32mI (13427) forensics: [HIST] fixture=3 class=true_steady lower_us=780 n=1[0m
[0;32mI (13427) forensics: [HIST] fixture=3 class=true_steady lower_us=790 n=1[0m
[0;32mI (13437) forensics: [CALLBACK_CURVE] model=PAN fixture=3 voices=1 class=true_steady n=2814 avg_us=680.61 p95_us=735 p99_us=825 p995_us=860 p999_us=905 max_us=913 deadline=0 overhead_avg_us=14.04[0m
[0;32mI (13457) forensics: [CALLBACK_HIST] fixture=3 class=true_steady lower_us=500 n=5[0m
[0;32mI (13467) forensics: [CALLBACK_HIST] fixture=3 class=true_steady lower_us=655 n=33[0m
[0;32mI (13477) forensics: [CALLBACK_HIST] fixture=3 class=true_steady lower_us=660 n=365[0m
[0;32mI (13477) forensics: [CALLBACK_HIST] fixture=3 class=true_steady lower_us=665 n=568[0m
[0;32mI (13487) forensics: [CALLBACK_HIST] fixture=3 class=true_steady lower_us=670 n=592[0m
[0;32mI (13497) forensics: [CALLBACK_HIST] fixture=3 class=true_steady lower_us=675 n=479[0m
[0;32mI (13507) forensics: [CALLBACK_HIST] fixture=3 class=true_steady lower_us=680 n=257[0m
[0;32mI (13517) forensics: [CALLBACK_HIST] fixture=3 class=true_steady lower_us=685 n=92[0m
[0;32mI (13527) forensics: [CALLBACK_HIST] fixture=3 class=true_steady lower_us=690 n=45[0m
[0;32mI (13527) forensics: [CALLBACK_HIST] fixture=3 class=true_steady lower_us=695 n=29[0m
[0;32mI (13537) forensics: [CALLBACK_HIST] fixture=3 class=true_steady lower_us=700 n=35[0m
[0;32mI (13547) forensics: [CALLBACK_HIST] fixture=3 class=true_steady lower_us=705 n=34[0m
[0;32mI (13557) forensics: [CALLBACK_HIST] fixture=3 class=true_steady lower_us=710 n=37[0m
[0;32mI (13567) forensics: [CALLBACK_HIST] fixture=3 class=true_steady lower_us=715 n=33[0m
[0;32mI (13577) forensics: [CALLBACK_HIST] fixture=3 class=true_steady lower_us=720 n=24[0m
[0;32mI (13577) forensics: [CALLBACK_HIST] fixture=3 class=true_steady lower_us=725 n=31[0m
[0;32mI (13587) forensics: [CALLBACK_HIST] fixture=3 class=true_steady lower_us=730 n=29[0m
[0;32mI (13597) forensics: [CALLBACK_HIST] fixture=3 class=true_steady lower_us=735 n=16[0m
[0;32mI (13607) forensics: [CALLBACK_HIST] fixture=3 class=true_steady lower_us=740 n=21[0m
[0;32mI (13617) forensics: [CALLBACK_HIST] fixture=3 class=true_steady lower_us=745 n=12[0m
[0;32mI (13617) forensics: [CALLBACK_HIST] fixture=3 class=true_steady lower_us=750 n=7[0m
[0;32mI (13627) forensics: [CALLBACK_HIST] fixture=3 class=true_steady lower_us=755 n=7[0m
[0;32mI (13637) forensics: [CALLBACK_HIST] fixture=3 class=true_steady lower_us=760 n=1[0m
[0;32mI (13647) forensics: [CALLBACK_HIST] fixture=3 class=true_steady lower_us=765 n=2[0m
[0;32mI (13657) forensics: [CALLBACK_HIST] fixture=3 class=true_steady lower_us=770 n=3[0m
[0;32mI (13667) forensics: [CALLBACK_HIST] fixture=3 class=true_steady lower_us=775 n=3[0m
[0;32mI (13667) forensics: [CALLBACK_HIST] fixture=3 class=true_steady lower_us=780 n=3[0m
[0;32mI (13677) forensics: [CALLBACK_HIST] fixture=3 class=true_steady lower_us=785 n=2[0m
[0;32mI (13687) forensics: [CALLBACK_HIST] fixture=3 class=true_steady lower_us=790 n=3[0m
[0;32mI (13697) forensics: [CALLBACK_HIST] fixture=3 class=true_steady lower_us=795 n=4[0m
[0;32mI (13707) forensics: [CALLBACK_HIST] fixture=3 class=true_steady lower_us=800 n=4[0m
[0;32mI (13707) forensics: [CALLBACK_HIST] fixture=3 class=true_steady lower_us=805 n=3[0m
[0;32mI (13717) forensics: [CALLBACK_HIST] fixture=3 class=true_steady lower_us=810 n=3[0m
[0;32mI (13727) forensics: [CALLBACK_HIST] fixture=3 class=true_steady lower_us=815 n=2[0m
[0;32mI (13737) forensics: [CALLBACK_HIST] fixture=3 class=true_steady lower_us=820 n=3[0m
[0;32mI (13747) forensics: [CALLBACK_HIST] fixture=3 class=true_steady lower_us=825 n=2[0m
[0;32mI (13757) forensics: [CALLBACK_HIST] fixture=3 class=true_steady lower_us=830 n=1[0m
[0;32mI (13757) forensics: [CALLBACK_HIST] fixture=3 class=true_steady lower_us=835 n=3[0m
[0;32mI (13767) forensics: [CALLBACK_HIST] fixture=3 class=true_steady lower_us=845 n=2[0m
[0;32mI (13777) forensics: [CALLBACK_HIST] fixture=3 class=true_steady lower_us=850 n=3[0m
[0;32mI (13787) forensics: [CALLBACK_HIST] fixture=3 class=true_steady lower_us=855 n=4[0m
[0;32mI (13797) forensics: [CALLBACK_HIST] fixture=3 class=true_steady lower_us=865 n=2[0m
[0;32mI (13797) forensics: [CALLBACK_HIST] fixture=3 class=true_steady lower_us=870 n=1[0m
[0;32mI (13807) forensics: [CALLBACK_HIST] fixture=3 class=true_steady lower_us=875 n=1[0m
[0;32mI (13817) forensics: [CALLBACK_HIST] fixture=3 class=true_steady lower_us=880 n=1[0m
[0;32mI (13827) forensics: [CALLBACK_HIST] fixture=3 class=true_steady lower_us=890 n=1[0m
[0;32mI (13837) forensics: [CALLBACK_HIST] fixture=3 class=true_steady lower_us=895 n=1[0m
[0;32mI (13837) forensics: [CALLBACK_HIST] fixture=3 class=true_steady lower_us=900 n=3[0m
[0;32mI (13847) forensics: [CALLBACK_HIST] fixture=3 class=true_steady lower_us=905 n=1[0m
[0;32mI (13857) forensics: [CALLBACK_HIST] fixture=3 class=true_steady lower_us=910 n=1[0m
[0;32mI (13867) forensics: [CURVE] model=PAN fixture=3 voices=1 class=attack_tail n=768 avg_us=720.18 p95_us=770 p99_us=800 p995_us=825 p999_us=920 max_us=917 deadline=0 bad_voices=0 ble_lost=0 hard=0 sat=0 bin_us=5 max_observed_voices=1[0m
[0;32mI (13887) forensics: [HIST] fixture=3 class=attack_tail lower_us=535 n=1[0m
[0;32mI (13897) forensics: [HIST] fixture=3 class=attack_tail lower_us=575 n=1[0m
[0;32mI (13907) forensics: [HIST] fixture=3 class=attack_tail lower_us=685 n=19[0m
[0;32mI (13907) forensics: [HIST] fixture=3 class=attack_tail lower_us=690 n=56[0m
[0;32mI (13917) forensics: [HIST] fixture=3 class=attack_tail lower_us=695 n=116[0m
[0;32mI (13927) forensics: [HIST] fixture=3 class=attack_tail lower_us=700 n=101[0m
[0;32mI (13937) forensics: [HIST] fixture=3 class=attack_tail lower_us=705 n=101[0m
[0;32mI (13937) forensics: [HIST] fixture=3 class=attack_tail lower_us=710 n=38[0m
[0;32mI (13947) forensics: [HIST] fixture=3 class=attack_tail lower_us=715 n=16[0m
[0;32mI (13957) forensics: [HIST] fixture=3 class=attack_tail lower_us=720 n=12[0m
[0;32mI (13967) forensics: [HIST] fixture=3 class=attack_tail lower_us=725 n=12[0m
[0;32mI (13967) forensics: [HIST] fixture=3 class=attack_tail lower_us=730 n=16[0m
[0;32mI (13977) forensics: [HIST] fixture=3 class=attack_tail lower_us=735 n=40[0m
[0;32mI (13987) forensics: [HIST] fixture=3 class=attack_tail lower_us=740 n=59[0m
[0;32mI (13997) forensics: [HIST] fixture=3 class=attack_tail lower_us=745 n=70[0m
[0;32mI (13997) forensics: [HIST] fixture=3 class=attack_tail lower_us=750 n=49[0m
[0;32mI (14007) forensics: [HIST] fixture=3 class=attack_tail lower_us=755 n=13[0m
[0;32mI (14017) forensics: [HIST] fixture=3 class=attack_tail lower_us=760 n=8[0m
[0;32mI (14017) forensics: [HIST] fixture=3 class=attack_tail lower_us=765 n=9[0m
[0;32mI (14027) forensics: [HIST] fixture=3 class=attack_tail lower_us=770 n=11[0m
[0;32mI (14037) forensics: [HIST] fixture=3 class=attack_tail lower_us=775 n=5[0m
[0;32mI (14047) forensics: [HIST] fixture=3 class=attack_tail lower_us=780 n=3[0m
[0;32mI (14047) forensics: [HIST] fixture=3 class=attack_tail lower_us=785 n=2[0m
[0;32mI (14057) forensics: [HIST] fixture=3 class=attack_tail lower_us=790 n=2[0m
[0;32mI (14067) forensics: [HIST] fixture=3 class=attack_tail lower_us=795 n=1[0m
[0;32mI (14077) forensics: [HIST] fixture=3 class=attack_tail lower_us=800 n=1[0m
[0;32mI (14077) forensics: [HIST] fixture=3 class=attack_tail lower_us=805 n=1[0m
[0;32mI (14087) forensics: [HIST] fixture=3 class=attack_tail lower_us=815 n=1[0m
[0;32mI (14097) forensics: [HIST] fixture=3 class=attack_tail lower_us=820 n=1[0m
[0;32mI (14107) forensics: [HIST] fixture=3 class=attack_tail lower_us=825 n=1[0m
[0;32mI (14107) forensics: [HIST] fixture=3 class=attack_tail lower_us=855 n=1[0m
[0;32mI (14117) forensics: [HIST] fixture=3 class=attack_tail lower_us=915 n=1[0m
[0;32mI (14127) forensics: [CALLBACK_CURVE] model=PAN fixture=3 voices=1 class=attack_tail n=768 avg_us=738.69 p95_us=805 p99_us=875 p995_us=925 p999_us=1070 max_us=1065 deadline=0 overhead_avg_us=18.52[0m
[0;32mI (14147) forensics: [CALLBACK_HIST] fixture=3 class=attack_tail lower_us=545 n=1[0m
[0;32mI (14147) forensics: [CALLBACK_HIST] fixture=3 class=attack_tail lower_us=605 n=1[0m
[0;32mI (14157) forensics: [CALLBACK_HIST] fixture=3 class=attack_tail lower_us=695 n=4[0m
[0;32mI (14167) forensics: [CALLBACK_HIST] fixture=3 class=attack_tail lower_us=700 n=20[0m
[0;32mI (14177) forensics: [CALLBACK_HIST] fixture=3 class=attack_tail lower_us=705 n=108[0m
[0;32mI (14187) forensics: [CALLBACK_HIST] fixture=3 class=attack_tail lower_us=710 n=111[0m
[0;32mI (14197) forensics: [CALLBACK_HIST] fixture=3 class=attack_tail lower_us=715 n=113[0m
[0;32mI (14197) forensics: [CALLBACK_HIST] fixture=3 class=attack_tail lower_us=720 n=48[0m
[0;32mI (14207) forensics: [CALLBACK_HIST] fixture=3 class=attack_tail lower_us=725 n=21[0m
[0;32mI (14217) forensics: [CALLBACK_HIST] fixture=3 class=attack_tail lower_us=730 n=12[0m
[0;32mI (14227) forensics: [CALLBACK_HIST] fixture=3 class=attack_tail lower_us=735 n=10[0m
[0;32mI (14237) forensics: [CALLBACK_HIST] fixture=3 class=attack_tail lower_us=740 n=5[0m
[0;32mI (14247) forensics: [CALLBACK_HIST] fixture=3 class=attack_tail lower_us=745 n=14[0m
[0;32mI (14247) forensics: [CALLBACK_HIST] fixture=3 class=attack_tail lower_us=750 n=27[0m
[0;32mI (14257) forensics: [CALLBACK_HIST] fixture=3 class=attack_tail lower_us=755 n=60[0m
[0;32mI (14267) forensics: [CALLBACK_HIST] fixture=3 class=attack_tail lower_us=760 n=68[0m
[0;32mI (14277) forensics: [CALLBACK_HIST] fixture=3 class=attack_tail lower_us=765 n=42[0m
[0;32mI (14287) forensics: [CALLBACK_HIST] fixture=3 class=attack_tail lower_us=770 n=22[0m
[0;32mI (14287) forensics: [CALLBACK_HIST] fixture=3 class=attack_tail lower_us=775 n=12[0m
[0;32mI (14297) forensics: [CALLBACK_HIST] fixture=3 class=attack_tail lower_us=780 n=8[0m
[0;32mI (14307) forensics: [CALLBACK_HIST] fixture=3 class=attack_tail lower_us=785 n=10[0m
[0;32mI (14317) forensics: [CALLBACK_HIST] fixture=3 class=attack_tail lower_us=790 n=7[0m
[0;32mI (14327) forensics: [CALLBACK_HIST] fixture=3 class=attack_tail lower_us=795 n=3[0m
[0;32mI (14337) forensics: [CALLBACK_HIST] fixture=3 class=attack_tail lower_us=800 n=3[0m
[0;32mI (14337) forensics: [CALLBACK_HIST] fixture=3 class=attack_tail lower_us=805 n=6[0m
[0;32mI (14347) forensics: [CALLBACK_HIST] fixture=3 class=attack_tail lower_us=810 n=6[0m
[0;32mI (14357) forensics: [CALLBACK_HIST] fixture=3 class=attack_tail lower_us=815 n=2[0m
[0;32mI (14367) forensics: [CALLBACK_HIST] fixture=3 class=attack_tail lower_us=820 n=4[0m
[0;32mI (14377) forensics: [CALLBACK_HIST] fixture=3 class=attack_tail lower_us=825 n=6[0m
[0;32mI (14377) forensics: [CALLBACK_HIST] fixture=3 class=attack_tail lower_us=830 n=1[0m
[0;32mI (14387) forensics: [CALLBACK_HIST] fixture=3 class=attack_tail lower_us=845 n=1[0m
[0;32mI (14397) forensics: [CALLBACK_HIST] fixture=3 class=attack_tail lower_us=850 n=1[0m
[0;32mI (14407) forensics: [CALLBACK_HIST] fixture=3 class=attack_tail lower_us=860 n=1[0m
[0;32mI (14417) forensics: [CALLBACK_HIST] fixture=3 class=attack_tail lower_us=865 n=2[0m
[0;32mI (14427) forensics: [CALLBACK_HIST] fixture=3 class=attack_tail lower_us=870 n=1[0m
[0;32mI (14427) forensics: [CALLBACK_HIST] fixture=3 class=attack_tail lower_us=880 n=1[0m
[0;32mI (14437) forensics: [CALLBACK_HIST] fixture=3 class=attack_tail lower_us=895 n=1[0m
[0;32mI (14447) forensics: [CALLBACK_HIST] fixture=3 class=attack_tail lower_us=900 n=1[0m
[0;32mI (14457) forensics: [CALLBACK_HIST] fixture=3 class=attack_tail lower_us=920 n=2[0m
[0;32mI (14467) forensics: [CALLBACK_HIST] fixture=3 class=attack_tail lower_us=935 n=1[0m
[0;32mI (14467) forensics: [CALLBACK_HIST] fixture=3 class=attack_tail lower_us=1065 n=1[0m
[0;32mI (14477) forensics: [CURVE] model=PAN fixture=3 voices=1 class=event n=512 avg_us=874.66 p95_us=975 p99_us=1025 p995_us=1085 p999_us=1105 max_us=1100 deadline=0 bad_voices=0 ble_lost=0 hard=0 sat=0 bin_us=5 max_observed_voices=1[0m
[0;32mI (14497) forensics: [HIST] fixture=3 class=event lower_us=625 n=1[0m
[0;32mI (14507) forensics: [HIST] fixture=3 class=event lower_us=800 n=2[0m
[0;32mI (14517) forensics: [HIST] fixture=3 class=event lower_us=805 n=4[0m
[0;32mI (14517) forensics: [HIST] fixture=3 class=event lower_us=810 n=5[0m
[0;32mI (14527) forensics: [HIST] fixture=3 class=event lower_us=815 n=19[0m
[0;32mI (14537) forensics: [HIST] fixture=3 class=event lower_us=820 n=28[0m
[0;32mI (14537) forensics: [HIST] fixture=3 class=event lower_us=825 n=14[0m
[0;32mI (14547) forensics: [HIST] fixture=3 class=event lower_us=830 n=15[0m
[0;32mI (14557) forensics: [HIST] fixture=3 class=event lower_us=835 n=14[0m
[0;32mI (14567) forensics: [HIST] fixture=3 class=event lower_us=840 n=13[0m
[0;32mI (14567) forensics: [HIST] fixture=3 class=event lower_us=845 n=14[0m
[0;32mI (14577) forensics: [HIST] fixture=3 class=event lower_us=850 n=10[0m
[0;32mI (14587) forensics: [HIST] fixture=3 class=event lower_us=855 n=28[0m
[0;32mI (14587) forensics: [HIST] fixture=3 class=event lower_us=860 n=42[0m
[0;32mI (14597) forensics: [HIST] fixture=3 class=event lower_us=865 n=57[0m
[0;32mI (14607) forensics: [HIST] fixture=3 class=event lower_us=870 n=56[0m
[0;32mI (14607) forensics: [HIST] fixture=3 class=event lower_us=875 n=47[0m
[0;32mI (14617) forensics: [HIST] fixture=3 class=event lower_us=880 n=32[0m
[0;32mI (14627) forensics: [HIST] fixture=3 class=event lower_us=885 n=19[0m
[0;32mI (14637) forensics: [HIST] fixture=3 class=event lower_us=890 n=5[0m
[0;32mI (14637) forensics: [HIST] fixture=3 class=event lower_us=895 n=4[0m
[0;32mI (14647) forensics: [HIST] fixture=3 class=event lower_us=900 n=4[0m
[0;32mI (14657) forensics: [HIST] fixture=3 class=event lower_us=910 n=3[0m
[0;32mI (14657) forensics: [HIST] fixture=3 class=event lower_us=915 n=4[0m
[0;32mI (14667) forensics: [HIST] fixture=3 class=event lower_us=920 n=1[0m
[0;32mI (14677) forensics: [HIST] fixture=3 class=event lower_us=925 n=2[0m
[0;32mI (14677) forensics: [HIST] fixture=3 class=event lower_us=935 n=3[0m
[0;32mI (14687) forensics: [HIST] fixture=3 class=event lower_us=940 n=6[0m
[0;32mI (14697) forensics: [HIST] fixture=3 class=event lower_us=945 n=5[0m
[0;32mI (14697) forensics: [HIST] fixture=3 class=event lower_us=950 n=5[0m
[0;32mI (14707) forensics: [HIST] fixture=3 class=event lower_us=955 n=8[0m
[0;32mI (14717) forensics: [HIST] fixture=3 class=event lower_us=960 n=5[0m
[0;32mI (14717) forensics: [HIST] fixture=3 class=event lower_us=965 n=8[0m
[0;32mI (14727) forensics: [HIST] fixture=3 class=event lower_us=970 n=4[0m
[0;32mI (14737) forensics: [HIST] fixture=3 class=event lower_us=975 n=5[0m
[0;32mI (14737) forensics: [HIST] fixture=3 class=event lower_us=980 n=2[0m
[0;32mI (14747) forensics: [HIST] fixture=3 class=event lower_us=985 n=6[0m
[0;32mI (14757) forensics: [HIST] fixture=3 class=event lower_us=990 n=1[0m
[0;32mI (14767) forensics: [HIST] fixture=3 class=event lower_us=995 n=2[0m
[0;32mI (14767) forensics: [HIST] fixture=3 class=event lower_us=1000 n=1[0m
[0;32mI (14777) forensics: [HIST] fixture=3 class=event lower_us=1015 n=2[0m
[0;32mI (14787) forensics: [HIST] fixture=3 class=event lower_us=1020 n=1[0m
[0;32mI (14787) forensics: [HIST] fixture=3 class=event lower_us=1060 n=1[0m
[0;32mI (14797) forensics: [HIST] fixture=3 class=event lower_us=1070 n=1[0m
[0;32mI (14807) forensics: [HIST] fixture=3 class=event lower_us=1080 n=1[0m
[0;32mI (14807) forensics: [HIST] fixture=3 class=event lower_us=1085 n=1[0m
[0;32mI (14817) forensics: [HIST] fixture=3 class=event lower_us=1100 n=1[0m
[0;32mI (14827) forensics: [CALLBACK_CURVE] model=PAN fixture=3 voices=1 class=event n=512 avg_us=924.84 p95_us=1050 p99_us=1175 p995_us=1255 p999_us=1265 max_us=1263 deadline=0 overhead_avg_us=50.18[0m
[0;32mI (14847) forensics: [CALLBACK_HIST] fixture=3 class=event lower_us=720 n=1[0m
[0;32mI (14847) forensics: [CALLBACK_HIST] fixture=3 class=event lower_us=825 n=3[0m
[0;32mI (14857) forensics: [CALLBACK_HIST] fixture=3 class=event lower_us=830 n=5[0m
[0;32mI (14867) forensics: [CALLBACK_HIST] fixture=3 class=event lower_us=835 n=6[0m
[0;32mI (14877) forensics: [CALLBACK_HIST] fixture=3 class=event lower_us=840 n=14[0m
[0;32mI (14877) forensics: [CALLBACK_HIST] fixture=3 class=event lower_us=845 n=22[0m
[0;32mI (14887) forensics: [CALLBACK_HIST] fixture=3 class=event lower_us=850 n=15[0m
[0;32mI (14897) forensics: [CALLBACK_HIST] fixture=3 class=event lower_us=855 n=12[0m
[0;32mI (14907) forensics: [CALLBACK_HIST] fixture=3 class=event lower_us=860 n=11[0m
[0;32mI (14907) forensics: [CALLBACK_HIST] fixture=3 class=event lower_us=865 n=8[0m
[0;32mI (14917) forensics: [CALLBACK_HIST] fixture=3 class=event lower_us=870 n=3[0m
[0;32mI (14927) forensics: [CALLBACK_HIST] fixture=3 class=event lower_us=875 n=6[0m
[0;32mI (14937) forensics: [CALLBACK_HIST] fixture=3 class=event lower_us=880 n=7[0m
[0;32mI (14947) forensics: [CALLBACK_HIST] fixture=3 class=event lower_us=885 n=9[0m
[0;32mI (14947) forensics: [CALLBACK_HIST] fixture=3 class=event lower_us=890 n=13[0m
[0;32mI (14957) forensics: [CALLBACK_HIST] fixture=3 class=event lower_us=895 n=8[0m
[0;32mI (14967) forensics: [CALLBACK_HIST] fixture=3 class=event lower_us=900 n=13[0m
[0;32mI (14977) forensics: [CALLBACK_HIST] fixture=3 class=event lower_us=905 n=38[0m
[0;32mI (14977) forensics: [CALLBACK_HIST] fixture=3 class=event lower_us=910 n=44[0m
[0;32mI (14987) forensics: [CALLBACK_HIST] fixture=3 class=event lower_us=915 n=54[0m
[0;32mI (14997) forensics: [CALLBACK_HIST] fixture=3 class=event lower_us=920 n=34[0m
[0;32mI (15007) forensics: [CALLBACK_HIST] fixture=3 class=event lower_us=925 n=27[0m
[0;32mI (15007) forensics: [CALLBACK_HIST] fixture=3 class=event lower_us=930 n=30[0m
[0;32mI (15017) forensics: [CALLBACK_HIST] fixture=3 class=event lower_us=935 n=19[0m
[0;32mI (15027) forensics: [CALLBACK_HIST] fixture=3 class=event lower_us=940 n=15[0m
[0;32mI (15037) forensics: [CALLBACK_HIST] fixture=3 class=event lower_us=945 n=7[0m
[0;32mI (15047) forensics: [CALLBACK_HIST] fixture=3 class=event lower_us=950 n=3[0m
[0;32mI (15047) forensics: [CALLBACK_HIST] fixture=3 class=event lower_us=955 n=2[0m
[0;32mI (15057) forensics: [CALLBACK_HIST] fixture=3 class=event lower_us=960 n=4[0m
[0;32mI (15067) forensics: [CALLBACK_HIST] fixture=3 class=event lower_us=965 n=1[0m
[0;32mI (15077) forensics: [CALLBACK_HIST] fixture=3 class=event lower_us=970 n=5[0m
[0;32mI (15077) forensics: [CALLBACK_HIST] fixture=3 class=event lower_us=975 n=1[0m
[0;32mI (15087) forensics: [CALLBACK_HIST] fixture=3 class=event lower_us=990 n=1[0m
[0;32mI (15097) forensics: [CALLBACK_HIST] fixture=3 class=event lower_us=995 n=2[0m
[0;32mI (15107) forensics: [CALLBACK_HIST] fixture=3 class=event lower_us=1000 n=2[0m
[0;32mI (15107) forensics: [CALLBACK_HIST] fixture=3 class=event lower_us=1005 n=1[0m
[0;32mI (15117) forensics: [CALLBACK_HIST] fixture=3 class=event lower_us=1010 n=2[0m
[0;32mI (15127) forensics: [CALLBACK_HIST] fixture=3 class=event lower_us=1015 n=8[0m
[0;32mI (15137) forensics: [CALLBACK_HIST] fixture=3 class=event lower_us=1020 n=6[0m
[0;32mI (15147) forensics: [CALLBACK_HIST] fixture=3 class=event lower_us=1025 n=5[0m
[0;32mI (15147) forensics: [CALLBACK_HIST] fixture=3 class=event lower_us=1030 n=6[0m
[0;32mI (15157) forensics: [CALLBACK_HIST] fixture=3 class=event lower_us=1035 n=5[0m
[0;32mI (15167) forensics: [CALLBACK_HIST] fixture=3 class=event lower_us=1040 n=6[0m
[0;32mI (15177) forensics: [CALLBACK_HIST] fixture=3 class=event lower_us=1045 n=5[0m
[0;32mI (15177) forensics: [CALLBACK_HIST] fixture=3 class=event lower_us=1050 n=1[0m
[0;32mI (15187) forensics: [CALLBACK_HIST] fixture=3 class=event lower_us=1055 n=1[0m
[0;32mI (15197) forensics: [CALLBACK_HIST] fixture=3 class=event lower_us=1060 n=3[0m
[0;32mI (15207) forensics: [CALLBACK_HIST] fixture=3 class=event lower_us=1065 n=1[0m
[0;32mI (15207) forensics: [CALLBACK_HIST] fixture=3 class=event lower_us=1070 n=1[0m
[0;32mI (15217) forensics: [CALLBACK_HIST] fixture=3 class=event lower_us=1075 n=1[0m
[0;32mI (15227) forensics: [CALLBACK_HIST] fixture=3 class=event lower_us=1080 n=1[0m
[0;32mI (15237) forensics: [CALLBACK_HIST] fixture=3 class=event lower_us=1095 n=1[0m
[0;32mI (15247) forensics: [CALLBACK_HIST] fixture=3 class=event lower_us=1105 n=3[0m
[0;32mI (15247) forensics: [CALLBACK_HIST] fixture=3 class=event lower_us=1110 n=1[0m
[0;32mI (15257) forensics: [CALLBACK_HIST] fixture=3 class=event lower_us=1120 n=1[0m
[0;32mI (15267) forensics: [CALLBACK_HIST] fixture=3 class=event lower_us=1140 n=1[0m
[0;32mI (15277) forensics: [CALLBACK_HIST] fixture=3 class=event lower_us=1160 n=1[0m
[0;32mI (15277) forensics: [CALLBACK_HIST] fixture=3 class=event lower_us=1170 n=1[0m
[0;32mI (15287) forensics: [CALLBACK_HIST] fixture=3 class=event lower_us=1245 n=2[0m
[0;32mI (15297) forensics: [CALLBACK_HIST] fixture=3 class=event lower_us=1250 n=1[0m
[0;32mI (15307) forensics: [CALLBACK_HIST] fixture=3 class=event lower_us=1260 n=2[0m
[0;32mI (15317) forensics: [CURVE] model=PAN fixture=3 voices=1 class=fixture_transition n=1 avg_us=688.70 p95_us=690 p99_us=690 p995_us=690 p999_us=690 max_us=689 deadline=0 bad_voices=0 ble_lost=0 hard=0 sat=0 bin_us=5 max_observed_voices=1[0m
[0;32mI (15337) forensics: [HIST] fixture=3 class=fixture_transition lower_us=685 n=1[0m
[0;32mI (15347) forensics: [CALLBACK_CURVE] model=PAN fixture=3 voices=1 class=fixture_transition n=1 avg_us=860.00 p95_us=865 p99_us=865 p995_us=865 p999_us=865 max_us=860 deadline=0 overhead_avg_us=171.30[0m
[0;32mI (15357) forensics: [CALLBACK_HIST] fixture=3 class=fixture_transition lower_us=860 n=1[0m
[0;32mI (15367) forensics: [FASTPATH] fixture=3 stable8=0 attack=0 sustain=2815[0m
[0;32mI (15377) forensics: [OVERHEAD] fixture=3 blocks=4589 model_reset_avg_us=1.67 model_reset_max_us=22 queue_avg_us=2.35 queue_max_us=44 render_avg_us=634.58 telem_avg_us=4.05 telem_max_us=207 telem_publishes=573[0m
[0;32mI (15817) pocket_pan_main: [AUDIO] model=PAN blocks=5584 avg_us=513 p99_us=0 max_us=1100 cpu_load=19.2 deadline=0 timeout=0 tx_error=0 short=0[0m
[0;32mI (15817) pocket_pan_main: [MIDI] push=0 pop=0 drop=0 hwm=0 last=(n=62 v=0 t=78 hex=000000)[0m
[0;32mI (15827) pocket_pan_main: [BLE] state=8 interval_ms=11.25 latency=0 rssi=-66 reconnects=0 last_disconnect=0[0m
[0;32mI (15837) pocket_pan_main: [MEM] internal_free=71715 largest_internal=32768[0m
[0;32mI (15847) pocket_pan_main: [UICORR] >1733(tot=0 draw=0 lcd=0 both=0 none=0) >2000(tot=0 draw=0 lcd=0 both=0 none=0)[0m
[0;32mI (15857) pocket_pan_main: [UIMETRIC] arch=0 field_updates=19 total_transfers=12 total_pixels=131520 last_sub_us=265 last_dma_us=1047[0m
[0;32mI (15867) pocket_pan_main: [UIREDRAW] urgent=8 telemetry=55 skip=337[0m
[0;32mI (20827) pocket_pan_main: [AUDIO] model=PAN blocks=7464 avg_us=509 p99_us=600 max_us=1145 cpu_load=19.1 deadline=0 timeout=0 tx_error=0 short=0[0m
[0;32mI (20827) pocket_pan_main: [MIDI] push=0 pop=0 drop=0 hwm=0 last=(n=62 v=0 t=78 hex=000000)[0m
[0;32mI (20837) pocket_pan_main: [BLE] state=8 interval_ms=11.25 latency=0 rssi=-64 reconnects=0 last_disconnect=0[0m
[0;32mI (20847) pocket_pan_main: [MEM] internal_free=71715 largest_internal=32768[0m
[0;32mI (20857) pocket_pan_main: [UICORR] >1733(tot=0 draw=0 lcd=0 both=0 none=0) >2000(tot=0 draw=0 lcd=0 both=0 none=0)[0m
[0;32mI (20867) pocket_pan_main: [UIMETRIC] arch=0 field_updates=19 total_transfers=12 total_pixels=131520 last_sub_us=265 last_dma_us=1047[0m
[0;32mI (20877) pocket_pan_main: [UIREDRAW] urgent=8 telemetry=79 skip=478[0m
[0;32mI (24097) forensics: [SAFETY] fixture=4 hard=0 sat=0 nonfinite=0 ble_lost=0[0m
[0;32mI (24097) forensics: [EVENT_ONLY] fixture=4 n=22 avg_us=391.79 max_us=482[0m
[0;32mI (24097) forensics: [FIXTURE_IO] model=PAN fixture=4 avg_us=514 p99_us=600 max_us=1145 cpu_pct=19.27 deadline=0 timeouts=0 tx_errors=0 short_writes=0[0m
[0;32mI (24117) forensics: [CURVE] model=PAN fixture=4 voices=1 class=true_steady n=4051 avg_us=493.84 p95_us=500 p99_us=515 p995_us=520 p999_us=525 max_us=538 deadline=0 bad_voices=0 ble_lost=0 hard=0 sat=0 bin_us=5 max_observed_voices=1[0m
[0;32mI (24137) forensics: [HIST] fixture=4 class=true_steady lower_us=490 n=3636[0m
[0;32mI (24137) forensics: [HIST] fixture=4 class=true_steady lower_us=495 n=314[0m
[0;32mI (24147) forensics: [HIST] fixture=4 class=true_steady lower_us=500 n=36[0m
[0;32mI (24157) forensics: [HIST] fixture=4 class=true_steady lower_us=505 n=24[0m
[0;32mI (24167) forensics: [HIST] fixture=4 class=true_steady lower_us=510 n=15[0m
[0;32mI (24167) forensics: [HIST] fixture=4 class=true_steady lower_us=515 n=21[0m
[0;32mI (24177) forensics: [HIST] fixture=4 class=true_steady lower_us=520 n=3[0m
[0;32mI (24187) forensics: [HIST] fixture=4 class=true_steady lower_us=525 n=1[0m
[0;32mI (24197) forensics: [HIST] fixture=4 class=true_steady lower_us=535 n=1[0m
[0;32mI (24197) forensics: [CALLBACK_CURVE] model=PAN fixture=4 voices=1 class=true_steady n=4051 avg_us=507.96 p95_us=535 p99_us=585 p995_us=605 p999_us=645 max_us=764 deadline=0 overhead_avg_us=14.12[0m
[0;32mI (24217) forensics: [CALLBACK_HIST] fixture=4 class=true_steady lower_us=500 n=2732[0m
[0;32mI (24227) forensics: [CALLBACK_HIST] fixture=4 class=true_steady lower_us=505 n=484[0m
[0;32mI (24237) forensics: [CALLBACK_HIST] fixture=4 class=true_steady lower_us=510 n=307[0m
[0;32mI (24247) forensics: [CALLBACK_HIST] fixture=4 class=true_steady lower_us=515 n=186[0m
[0;32mI (24257) forensics: [CALLBACK_HIST] fixture=4 class=true_steady lower_us=520 n=95[0m
[0;32mI (24257) forensics: [CALLBACK_HIST] fixture=4 class=true_steady lower_us=525 n=44[0m
[0;32mI (24267) forensics: [CALLBACK_HIST] fixture=4 class=true_steady lower_us=530 n=29[0m
[0;32mI (24277) forensics: [CALLBACK_HIST] fixture=4 class=true_steady lower_us=535 n=32[0m
[0;32mI (24287) forensics: [CALLBACK_HIST] fixture=4 class=true_steady lower_us=540 n=21[0m
[0;32mI (24297) forensics: [CALLBACK_HIST] fixture=4 class=true_steady lower_us=545 n=20[0m
[0;32mI (24297) forensics: [CALLBACK_HIST] fixture=4 class=true_steady lower_us=550 n=14[0m
[0;32mI (24307) forensics: [CALLBACK_HIST] fixture=4 class=true_steady lower_us=555 n=18[0m
[0;32mI (24317) forensics: [CALLBACK_HIST] fixture=4 class=true_steady lower_us=560 n=4[0m
[0;32mI (24327) forensics: [CALLBACK_HIST] fixture=4 class=true_steady lower_us=565 n=6[0m
[0;32mI (24337) forensics: [CALLBACK_HIST] fixture=4 class=true_steady lower_us=570 n=10[0m
[0;32mI (24347) forensics: [CALLBACK_HIST] fixture=4 class=true_steady lower_us=575 n=6[0m
[0;32mI (24347) forensics: [CALLBACK_HIST] fixture=4 class=true_steady lower_us=580 n=7[0m
[0;32mI (24357) forensics: [CALLBACK_HIST] fixture=4 class=true_steady lower_us=585 n=4[0m
[0;32mI (24367) forensics: [CALLBACK_HIST] fixture=4 class=true_steady lower_us=590 n=5[0m
[0;32mI (24377) forensics: [CALLBACK_HIST] fixture=4 class=true_steady lower_us=595 n=2[0m
[0;32mI (24387) forensics: [CALLBACK_HIST] fixture=4 class=true_steady lower_us=600 n=5[0m
[0;32mI (24387) forensics: [CALLBACK_HIST] fixture=4 class=true_steady lower_us=605 n=2[0m
[0;32mI (24397) forensics: [CALLBACK_HIST] fixture=4 class=true_steady lower_us=610 n=2[0m
[0;32mI (24407) forensics: [CALLBACK_HIST] fixture=4 class=true_steady lower_us=615 n=3[0m
[0;32mI (24417) forensics: [CALLBACK_HIST] fixture=4 class=true_steady lower_us=620 n=2[0m
[0;32mI (24427) forensics: [CALLBACK_HIST] fixture=4 class=true_steady lower_us=625 n=1[0m
[0;32mI (24437) forensics: [CALLBACK_HIST] fixture=4 class=true_steady lower_us=630 n=4[0m
[0;32mI (24437) forensics: [CALLBACK_HIST] fixture=4 class=true_steady lower_us=635 n=1[0m
[0;32mI (24447) forensics: [CALLBACK_HIST] fixture=4 class=true_steady lower_us=640 n=1[0m
[0;32mI (24457) forensics: [CALLBACK_HIST] fixture=4 class=true_steady lower_us=645 n=1[0m
[0;32mI (24467) forensics: [CALLBACK_HIST] fixture=4 class=true_steady lower_us=650 n=1[0m
[0;32mI (24477) forensics: [CALLBACK_HIST] fixture=4 class=true_steady lower_us=715 n=1[0m
[0;32mI (24477) forensics: [CALLBACK_HIST] fixture=4 class=true_steady lower_us=760 n=1[0m
[0;32mI (24487) forensics: [CURVE] model=PAN fixture=4 voices=1 class=attack_tail n=22 avg_us=560.43 p95_us=575 p99_us=575 p995_us=575 p999_us=575 max_us=573 deadline=0 bad_voices=0 ble_lost=0 hard=0 sat=0 bin_us=5 max_observed_voices=1[0m
[0;32mI (24507) forensics: [HIST] fixture=4 class=attack_tail lower_us=550 n=1[0m
[0;32mI (24517) forensics: [HIST] fixture=4 class=attack_tail lower_us=555 n=12[0m
[0;32mI (24527) forensics: [HIST] fixture=4 class=attack_tail lower_us=560 n=2[0m
[0;32mI (24537) forensics: [HIST] fixture=4 class=attack_tail lower_us=565 n=3[0m
[0;32mI (24537) forensics: [HIST] fixture=4 class=attack_tail lower_us=570 n=4[0m
[0;32mI (24547) forensics: [CALLBACK_CURVE] model=PAN fixture=4 voices=1 class=attack_tail n=22 avg_us=598.00 p95_us=625 p99_us=630 p995_us=630 p999_us=630 max_us=629 deadline=0 overhead_avg_us=37.57[0m
[0;32mI (24567) forensics: [CALLBACK_HIST] fixture=4 class=attack_tail lower_us=570 n=1[0m
[0;32mI (24577) forensics: [CALLBACK_HIST] fixture=4 class=attack_tail lower_us=580 n=4[0m
[0;32mI (24577) forensics: [CALLBACK_HIST] fixture=4 class=attack_tail lower_us=585 n=5[0m
[0;32mI (24587) forensics: [CALLBACK_HIST] fixture=4 class=attack_tail lower_us=590 n=2[0m
[0;32mI (24597) forensics: [CALLBACK_HIST] fixture=4 class=attack_tail lower_us=595 n=1[0m
[0;32mI (24607) forensics: [CALLBACK_HIST] fixture=4 class=attack_tail lower_us=600 n=1[0m
[0;32mI (24617) forensics: [CALLBACK_HIST] fixture=4 class=attack_tail lower_us=605 n=1[0m
[0;32mI (24627) forensics: [CALLBACK_HIST] fixture=4 class=attack_tail lower_us=610 n=3[0m
[0;32mI (24627) forensics: [CALLBACK_HIST] fixture=4 class=attack_tail lower_us=620 n=3[0m
[0;32mI (24637) forensics: [CALLBACK_HIST] fixture=4 class=attack_tail lower_us=625 n=1[0m
[0;32mI (24647) forensics: [CURVE] model=PAN fixture=4 voices=1 class=event n=22 avg_us=994.28 p95_us=1060 p99_us=1090 p995_us=1090 p999_us=1090 max_us=1085 deadline=0 bad_voices=0 ble_lost=0 hard=0 sat=0 bin_us=5 max_observed_voices=1[0m
[0;32mI (24667) forensics: [HIST] fixture=4 class=event lower_us=765 n=1[0m
[0;32mI (24677) forensics: [HIST] fixture=4 class=event lower_us=950 n=1[0m
[0;32mI (24677) forensics: [HIST] fixture=4 class=event lower_us=955 n=1[0m
[0;32mI (24687) forensics: [HIST] fixture=4 class=event lower_us=970 n=3[0m
[0;32mI (24697) forensics: [HIST] fixture=4 class=event lower_us=985 n=1[0m
[0;32mI (24707) forensics: [HIST] fixture=4 class=event lower_us=995 n=4[0m
[0;32mI (24707) forensics: [HIST] fixture=4 class=event lower_us=1000 n=1[0m
[0;32mI (24717) forensics: [HIST] fixture=4 class=event lower_us=1005 n=4[0m
[0;32mI (24727) forensics: [HIST] fixture=4 class=event lower_us=1025 n=1[0m
[0;32mI (24727) forensics: [HIST] fixture=4 class=event lower_us=1030 n=1[0m
[0;32mI (24737) forensics: [HIST] fixture=4 class=event lower_us=1040 n=1[0m
[0;32mI (24747) forensics: [HIST] fixture=4 class=event lower_us=1045 n=1[0m
[0;32mI (24747) forensics: [HIST] fixture=4 class=event lower_us=1055 n=1[0m
[0;32mI (24757) forensics: [HIST] fixture=4 class=event lower_us=1085 n=1[0m
[0;32mI (24767) forensics: [CALLBACK_CURVE] model=PAN fixture=4 voices=1 class=event n=22 avg_us=1050.23 p95_us=1145 p99_us=1150 p995_us=1150 p999_us=1150 max_us=1145 deadline=0 overhead_avg_us=55.95[0m
[0;32mI (24787) forensics: [CALLBACK_HIST] fixture=4 class=event lower_us=850 n=1[0m
[0;32mI (24787) forensics: [CALLBACK_HIST] fixture=4 class=event lower_us=1005 n=1[0m
[0;32mI (24797) forensics: [CALLBACK_HIST] fixture=4 class=event lower_us=1010 n=1[0m
[0;32mI (24807) forensics: [CALLBACK_HIST] fixture=4 class=event lower_us=1020 n=4[0m
[0;32mI (24817) forensics: [CALLBACK_HIST] fixture=4 class=event lower_us=1030 n=1[0m
[0;32mI (24817) forensics: [CALLBACK_HIST] fixture=4 class=event lower_us=1035 n=1[0m
[0;32mI (24827) forensics: [CALLBACK_HIST] fixture=4 class=event lower_us=1040 n=2[0m
[0;32mI (24837) forensics: [CALLBACK_HIST] fixture=4 class=event lower_us=1045 n=1[0m
[0;32mI (24847) forensics: [CALLBACK_HIST] fixture=4 class=event lower_us=1060 n=2[0m
[0;32mI (24847) forensics: [CALLBACK_HIST] fixture=4 class=event lower_us=1065 n=1[0m
[0;32mI (24857) forensics: [CALLBACK_HIST] fixture=4 class=event lower_us=1070 n=2[0m
[0;32mI (24867) forensics: [CALLBACK_HIST] fixture=4 class=event lower_us=1090 n=1[0m
[0;32mI (24877) forensics: [CALLBACK_HIST] fixture=4 class=event lower_us=1100 n=1[0m
[0;32mI (24887) forensics: [CALLBACK_HIST] fixture=4 class=event lower_us=1140 n=2[0m
[0;32mI (24887) forensics: [CALLBACK_HIST] fixture=4 class=event lower_us=1145 n=1[0m
[0;32mI (24897) forensics: [CURVE] model=PAN fixture=4 voices=1 class=fixture_transition n=1 avg_us=566.83 p95_us=570 p99_us=570 p995_us=570 p999_us=570 max_us=567 deadline=0 bad_voices=0 ble_lost=0 hard=0 sat=0 bin_us=5 max_observed_voices=1[0m
[0;32mI (24917) forensics: [HIST] fixture=4 class=fixture_transition lower_us=565 n=1[0m
[0;32mI (24927) forensics: [CALLBACK_CURVE] model=PAN fixture=4 voices=1 class=fixture_transition n=1 avg_us=603.00 p95_us=605 p99_us=605 p995_us=605 p999_us=605 max_us=603 deadline=0 overhead_avg_us=36.17[0m
[0;32mI (24947) forensics: [CALLBACK_HIST] fixture=4 class=fixture_transition lower_us=600 n=1[0m
[0;32mI (24957) forensics: [FASTPATH] fixture=4 stable8=0 attack=0 sustain=4051[0m
[0;32mI (24967) forensics: [OVERHEAD] fixture=4 blocks=4096 model_reset_avg_us=1.55 model_reset_max_us=18 queue_avg_us=1.76 queue_max_us=34 render_avg_us=502.33 telem_avg_us=3.07 telem_max_us=80 telem_publishes=512[0m
[0;32mI (25827) pocket_pan_main: [AUDIO] model=PAN blocks=9339 avg_us=8 p99_us=600 max_us=1145 cpu_load=0.3 deadline=0 timeout=0 tx_error=0 short=0[0m
[0;32mI (25827) pocket_pan_main: [MIDI] push=0 pop=0 drop=0 hwm=0 last=(n=62 v=0 t=78 hex=000000)[0m
[0;32mI (25837) pocket_pan_main: [BLE] state=8 interval_ms=11.25 latency=0 rssi=-67 reconnects=0 last_disconnect=0[0m
[0;32mI (25847) pocket_pan_main: [MEM] internal_free=71715 largest_internal=32768[0m
[0;32mI (25857) pocket_pan_main: [UICORR] >1733(tot=0 draw=0 lcd=0 both=0 none=0) >2000(tot=0 draw=0 lcd=0 both=0 none=0)[0m
[0;32mI (25867) pocket_pan_main: [UIMETRIC] arch=0 field_updates=20 total_transfers=13 total_pixels=133440 last_sub_us=265 last_dma_us=1048[0m
[0;32mI (25877) pocket_pan_main: [UIREDRAW] urgent=8 telemetry=97 skip=595[0m
[0;32mI (30837) pocket_pan_main: [AUDIO] model=PAN blocks=11216 avg_us=8 p99_us=25 max_us=1145 cpu_load=0.3 deadline=0 timeout=0 tx_error=0 short=0[0m
[0;32mI (30837) pocket_pan_main: [MIDI] push=0 pop=0 drop=0 hwm=0 last=(n=62 v=0 t=78 hex=000000)[0m
[0;32mI (30847) pocket_pan_main: [BLE] state=8 interval_ms=11.25 latency=0 rssi=-62 reconnects=0 last_disconnect=0[0m
[0;32mI (30857) pocket_pan_main: [MEM] internal_free=71715 largest_internal=32768[0m
[0;32mI (30867) pocket_pan_main: [UICORR] >1733(tot=0 draw=0 lcd=0 both=0 none=0) >2000(tot=0 draw=0 lcd=0 both=0 none=0)[0m
[0;32mI (30877) pocket_pan_main: [UIMETRIC] arch=0 field_updates=20 total_transfers=13 total_pixels=133440 last_sub_us=265 last_dma_us=1048[0m
[0;32mI (30887) pocket_pan_main: [UIREDRAW] urgent=8 telemetry=116 skip=741[0m
