Executing action: flash
Running ninja in directory C:\progs\ESPan\build-m81-profile
Executing "ninja flash"...
[1/5] cmd.exe /C "cd /D C:\progs\ESPan\build-m81-profile\esp-idf\esptool_py && C:\Users\devx\.espressif\python_env\idf5.3_py3.14_env\Scripts\python.exe C:/Users/devx/esp/esp-idf/components/partition_table/check_sizes.py --offset 0x8000 partition --type app C:/progs/ESPan/build-m81-profile/partition_table/partition-table.bin C:/progs/ESPan/build-m81-profile/pocket_pan.bin"

pocket_pan.bin binary size 0xacbe0 bytes. Smallest app partition is 0x100000 bytes. 0x53420 bytes (33%) free.


[2/5] Performing build step for 'bootloader'

[1/1] cmd.exe /C "cd /D C:\progs\ESPan\build-m81-profile\bootloader\esp-idf\esptool_py && C:\Users\devx\.espressif\python_env\idf5.3_py3.14_env\Scripts\python.exe C:/Users/devx/esp/esp-idf/components/partition_table/check_sizes.py --offset 0x8000 bootloader 0x0 C:/progs/ESPan/build-m81-profile/bootloader/bootloader.bin"


Bootloader binary size 0x5260 bytes. 0x2da0 bytes (36%) free.



[2/3] cmd.exe /C "cd /D C:\Users\devx\esp\esp-idf\components\esptool_py && C:\Users\devx\.espressif\tools\esptool.py --chip esp32s3 -p COM10 -b 460800 --before=default_reset --after=hard_reset write_flash --flash_mode dio --flash_freq 80m --flash_size 4MB 0x0 bootloader/bootloader.bin 0x10000 pocket_pan.bin 0x8000 partition_table/partition-table.bin

esptool.py v4.12.0

Serial port COM10

Connecting...

Chip is ESP32-S3 (QFN56) (revision v0.2)

Features: WiFi, BLE, Embedded Flash 4MB (XMC), Embedded PSRAM 2MB (AP_3v3)

Crystal is 40MHz

USB mode: USB-Serial/JTAG

MAC: b4:3a:45:ae:6f:28

Uploading stub...

Running stub...

Stub running...

Changing baud rate to 460800

Changed.

Configuring flash size...

Flash will be erased from 0x00000000 to 0x00005fff...

Flash will be erased from 0x00010000 to 0x000bcfff...

Flash will be erased from 0x00008000 to 0x00008fff...

SHA digest in image updated

Compressed 21088 bytes to 13058...

Writing at 0x00000000... (100 %)

Wrote 21088 bytes (13058 compressed) at 0x00000000 in 0.4 seconds (effective 415.6 kbit/s)...

Hash of data verified.

Compressed 707552 bytes to 435658...

Writing at 0x00010000... (3 %)

Writing at 0x0001d6f2... (7 %)

Writing at 0x00028115... (11 %)

Writing at 0x0002cc02... (14 %)

Writing at 0x000351f2... (18 %)

Writing at 0x0003bb42... (22 %)

Writing at 0x00042ac2... (25 %)

Writing at 0x0004833f... (29 %)

Writing at 0x0004da6d... (33 %)

Writing at 0x00053465... (37 %)

Writing at 0x00059370... (40 %)

Writing at 0x0005ea68... (44 %)

Writing at 0x000642f5... (48 %)

Writing at 0x00069aca... (51 %)

Writing at 0x0006f4df... (55 %)

Writing at 0x00075336... (59 %)

Writing at 0x0007a960... (62 %)

Writing at 0x000803a1... (66 %)

Writing at 0x00085a28... (70 %)

Writing at 0x0008b5ef... (74 %)

Writing at 0x00090b09... (77 %)

Writing at 0x0009673b... (81 %)

Writing at 0x000a1f6c... (85 %)

Writing at 0x000a8095... (88 %)

Writing at 0x000ad8cc... (92 %)

Writing at 0x000b334b... (96 %)

Writing at 0x000b944f... (100 %)

Wrote 707552 bytes (435658 compressed) at 0x00010000 in 6.4 seconds (effective 882.4 kbit/s)...

Hash of data verified.

Compressed 3072 bytes to 103...

Writing at 0x00008000... (100 %)

Wrote 3072 bytes (103 compressed) at 0x00008000 in 0.1 seconds (effective 303.2 kbit/s)...

Hash of data verified.



Leaving...

Hard resetting via RTS pin...

cmake\3.24.0\bin\cmake.exe -D IDF_PATH=C:/Users/devx/esp/esp-idf -D SERIAL_TOOL=C:/Users/devx/.espressif/python_env/idf5.3_py3.14_env/Scripts/python.exe;;C:/Users/devx/esp/esp-idf/components/esptool_py/esptool/esptool.py;--chip;esp32s3 -D SERIAL_TOOL_ARGS=--before=default_reset;--after=hard_reset;write_flash;@flash_args -D WORKING_DIRECTORY=C:/progs/ESPan/build-m81-profile -P C:/Users/devx/esp/esp-idf/components/esptool_py/run_serial_tool.cmake"

Done
