[0;32mI (123) esp_image: segment 1: paddr=00030abc vaddr=3fca31ESP-ROM:esp32s3-20210327
Build:Mar 27 2021
rst:0x15 (USB_UART_CHIP_RESET),boot:0x8 (SPI_FAST_FLASH_BOOT)
Saved PC:0x4200a12b
SPIWP:0xee
mode:DIO, clock div:1
load:0x3fce2810,len:0x178c
load:0x403c8700,len:0x4
load:0x403c8704,len:0xcb8
load:0x403cb700,len:0x2db0
entry 0x403c8914
[0;32mI (26) boot: ESP-IDF v5.3-dirty 2nd stage bootloader[0m
[0;32mI (27) boot: compile time Oct  1 2026 19:28:03[0m
[0;32mI (27) boot: Multicore bootloader[0m
[0;32mI (30) boot: chip revision: v0.2[0m
[0;32mI (34) boot.esp32s3: Boot SPI Speed : 80MHz[0m
[0;32mI (39) boot.esp32s3: SPI Mode       : DIO[0m
[0;32mI (43) boot.esp32s3: SPI Flash Size : 4MB[0m
[0;32mI (48) boot: Enabling RNG early entropy source...[0m
[0;32mI (54) boot: Partition Table:[0m
[0;32mI (57) boot: ## Label            Usage          Type ST Offset   Length[0m
[0;32mI (64) boot:  0 nvs              WiFi data        01 02 00009000 00006000[0m
[0;32mI (72) boot:  1 phy_init         RF data          01 01 0000f000 00001000[0m
[0;32mI (79) boot:  2 factory          factory app      00 00 00010000 00100000[0m
[0;32mI (87) boot: End of partition table[0m
[0;32mI (91) esp_image: segment 0: paddr=00010020 vaddr=3c070020 size=20a94h (133780) map[0m
[0;32mI (123) esp_image: segment 1: paddr=00030abc vaddr=3fca3100 size=04500h ( 17664) load[0m
[0;32mI (127) esp_image: segment 2: paddr=00034fc4 vaddr=40374000 size=0b054h ( 45140) load[0m
[0;32mI (139) esp_image: segment 3: paddr=00040020 vaddr=42000020 size=66180h (418176) map[0m
[0;32mI (215) esp_image: segment 4: paddr=000a61a8 vaddr=4037f054 size=13fa4h ( 81828) load[0m
[0;32mI (245) boot: Loaded app from partition at offset 0x10000[0m
[0;32mI (245) boot: Disabling RNG early entropy source...[0m
[0;32mI (257) esp_psram: Found 2MB PSRAM device[0m
[0;32mI (258) esp_psram: Speed: 40MHz[0m
[0;32mI (258) cpu_start: Multicore app[0m
[0;32mI (678) esp_psram: SPI SRAM memory test OK[0m
[0;32mI (687) cpu_start: Pro cpu start user code[0m
[0;32mI (687) cpu_start: cpu freq: 240000000 Hz[0m
[0;32mI (687) app_init: Application information:[0m
[0;32mI (690) app_init: Project name:     pocket_pan[0m
[0;32mI (695) app_init: App version:      b6454c6-dirty[0m
[0;32mI (700) app_init: Compile time:     Oct  1 2026 19:24:02[0m
[0;32mI (706) app_init: ELF file SHA256:  82e23708a...[0m
[0;32mI (711) app_init: ESP-IDF:          v5.3-dirty[0m
[0;32mI (717) efuse_init: Min chip rev:     v0.0[0m
[0;32mI (721) efuse_init: Max chip rev:     v0.99 [0m
[0;32mI (726) efuse_init: Chip rev:         v0.2[0m
[0;32mI (731) heap_init: Initializing. RAM available for dynamic allocation:[0m
[0;32mI (738) heap_init: At 3FCCF760 len 00019FB0 (103 KiB): RAM[0m
[0;32mI (744) heap_init: At 3FCE9710 len 00005724 (21 KiB): RAM[0m
[0;32mI (751) heap_init: At 3FCF0000 len 00008000 (32 KiB): DRAM[0m
[0;32mI (757) heap_init: At 600FE100 len 00001EE8 (7 KiB): RTCRAM[0m
[0;32mI (763) esp_psram: Adding pool of 2048K of PSRAM memory to heap allocator[0m
[0;32mI (771) spi_flash: detected chip: generic[0m
[0;32mI (775) spi_flash: flash io: dio[0m
[0;32mI (780) sleep: Configure to isolate all GPIO pins in sleep state[0m
[0;32mI (786) sleep: Enable automatic switching of GPIO sleep configuration[0m
[0;32mI (793) coexist: coex firmware version: dab85ae96[0m
[0;32mI (798) coexist: coexist rom version e7ae62f[0m
[0;32mI (804) main_task: Started on CPU0[0m
[0;32mI (814) esp_psram: Reserving pool of 32K of internal memory for DMA/internal allocations[0m
[0;32mI (814) main_task: Calling app_main()[0m
[0;32mI (824) pocket_pan_main: [MEM_STAGE] stage=entry internal_free=142939 largest_internal=49152 psram_free=2094528[0m
[0;32mI (834) pocket_pan_main: ===============================================[0m
[0;32mI (834) pocket_pan_main:   Pocket Pan / Metal Modal Synthesizer v1.0.0[0m
[0;32mI (844) pocket_pan_main:   Hardware: TENSTAR TS-ESP32-S3 (Feather TFT)[0m
[0;32mI (854) pocket_pan_main: ===============================================[0m
[0;32mI (864) pocket_pan_main: [FORENSICS] candidate=25 profile=0 cpu_mhz=240 optimization_perf=1 process6=1 fine_bins=5 critical_only=0[0m
[0;32mI (894) pocket_pan_main: [MEM_STAGE] stage=dsp_ready internal_free=142939 largest_internal=49152 psram_free=2094528[0m
[0;32mI (894) gpio: GPIO[10]| InputEn: 0| OutputEn: 1| OpenDrain: 0| Pullup: 0| Pulldown: 1| Intr:0 [0m
[0;32mI (904) AudioI2S: I2S TX initialized (48kHz, 32-bit slot, stereo, 6x128 frames DMA = 1024 bytes/buf)[0m
[0;32mI (914) AudioI2S: Audio task started on Core 0 at priority 12[0m
[0;32mI (924) pocket_pan_main: [MEM_STAGE] stage=i2s_ready internal_free=128207 largest_internal=34816 psram_free=2094528[0m
[0;32mI (934) Display: [DISP_MEM_PRE] before: int_free=128207 int_largest=34816 psram_free=2094528[0m
[0;33mW (944) Display: Internal SRAM (64800 B) exhausted; falling back to PSRAM[0m
[0;32mI (954) Display: [DISP_MEM] framebuffer=0x3c0a0a44 (size=64800, align=4, internal=0, dma=0, psram=1)[0m
[0;32mI (964) Display: [DISP_MEM] scratch=0x3fce0e34 (size=9600, align=4, internal=1, dma=1)[0m
[0;32mI (964) Display: [DISP_MEM] before: int_free=128207 int_largest=34816 psram_free=2094528[0m
[0;32mI (974) Display: [DISP_MEM] after:  int_free=118603 int_largest=31744 psram_free=2029724[0m
[0;32mI (984) gpio: GPIO[39]| InputEn: 0| OutputEn: 1| OpenDrain: 0| Pullup: 0| Pulldown: 0| Intr:0 [0m
[0;32mI (994) gpio: GPIO[40]| InputEn: 0| OutputEn: 1| OpenDrain: 0| Pullup: 0| Pulldown: 0| Intr:0 [0m
[0;32mI (1004) gpio: GPIO[21]| InputEn: 0| OutputEn: 1| OpenDrain: 0| Pullup: 0| Pulldown: 0| Intr:0 [0m
[0;32mI (1234) gpio: GPIO[45]| InputEn: 0| OutputEn: 1| OpenDrain: 0| Pullup: 0| Pulldown: 0| Intr:0 [0m
[0;31mE (1234) lcd_panel.io.spi: panel_io_spi_tx_color(390): spi transmit (queue) color failed[0m
[0;31mE (1234) lcd_panel.st7789: panel_st7789_draw_bitmap(223): io tx color failed[0m
[0;32mI (1244) Display: ST7789 240x135 display initialized successfully (SPI 40MHz, GDMA callback armed)[0m
[0;32mI (1254) pocket_pan_main: [CANARY] PreparedNote canaries OK=1[0m
[0;32mI (1264) pocket_pan_main: [MEM_STAGE] stage=display_ready internal_free=116239 largest_internal=31744 psram_free=2029724[0m
[0;32mI (1274) BLE_INIT: BT controller compile version [ba3b3e3][0m
[0;32mI (1284) BLE_INIT: Bluetooth MAC: b4:3a:45:ae:6f:2a[0m
[0;32mI (1284) phy_init: phy_version 680,a6008b2,Jun  4 2024,16:41:10[0m
[0;32mI (1324) BleMidi: NimBLE BLE MIDI Central initialized and pinned to Core 1[0m
[0;32mI (1324) BleMidi: NimBLE Host task running on Core 1[0m
[0;32mI (1324) pocket_pan_main: [MEM_STAGE] stage=ble_ready internal_free=55955 largest_internal=31744 psram_free=2029724[0m
[0;32mI (1334) NimBLE: Failed to restore IRKs from store; status=8
[0m
[0;32mI (1344) pocket_pan_main: [M75_MEMORY] table_bytes=9640 cache_bytes=86832 synth_bytes=107912 internal_free=55919 largest_internal=31744[0m
[0;32mI (1344) NimBLE: GAP procedure initiated: discovery; [0m
[0;32mI (1364) pocket_pan_main: [UDU_CACHE] compact_bytes=5928 modal_models=9[0m
[0;32mI (1364) NimBLE: own_addr_type=0 filter_policy=0 passive=0 limited=0 filter_duplicates=1 [0m
[0;32mI (1374) pocket_pan_main: [CACHE_LAYOUT] packed=0 storage_bytes=86832 note_scratch_bytes=132[0m
[0;32mI (1384) NimBLE: duration=forever[0m
[0;32mI (1394) pocket_pan_main: [UDU_STATE] voice_bytes=124 fixed_reference=0[0m
[0;32mI (1394) NimBLE: 
[0m
[0;32mI (1404) pocket_pan_main: [MEM_STAGE] stage=ui_ready internal_free=51475 largest_internal=31744 psram_free=2029724[0m
[0;32mI (1404) BleMidi: Scanning for BLE MIDI devices...[0m
[0;32mI (1404) gpio: GPIO[0]| InputEn: 1| OutputEn: 0| OpenDrain: 0| Pullup: 1| Pulldown: 0| Intr:0 [0m
[0;32mI (1424) BleMidi: BLE MIDI device found (59:FB:B6:B7:BF:0F); connecting[0m
[0;32mI (1414) pocket_pan_main: Pocket Pan initialization complete. Realtime audio active.[0m
[0;32mI (1434) NimBLE: GAP procedure initiated: connect; [0m
[0;32mI (1444) main_task: Returned from app_main()[0m
[0;32mI (1454) NimBLE: peer_addr_type=0 peer_addr=[0m
[0;32mI (1464) NimBLE: 59:fb:b6:b7:bf:0f[0m
[0;32mI (1464) NimBLE:  scan_itvl=16 scan_window=16 itvl_min=24 itvl_max=40 latency=0 supervision_timeout=256 min_ce_len=0 max_ce_len=0 own_addr_type=0[0m
[0;32mI (1474) NimBLE: 
[0m
[0;31mE (1454) lcd_panel.io.spi: panel_io_spi_tx_color(390): spi transmit (queue) color failed[0m
[0;31mE (1494) lcd_panel.st7789: panel_st7789_draw_bitmap(223): io tx color failed[0m
[0;31mE (1504) lcd_panel.io.spi: panel_io_spi_tx_color(390): spi transmit (queue) color failed[0m
[0;31mE (1504) lcd_panel.st7789: panel_st7789_draw_bitmap(223): io tx color failed[0m
[0;32mI (1534) BleMidi: BLE Connected! conn_handle=1[0m
[0;32mI (1534) NimBLE: GAP procedure initiated: [0m
[0;32mI (1534) NimBLE: connection parameter update; conn_handle=1 itvl_min=6 itvl_max=12 latency=0 supervision_timeout=200 min_ce_len=0 max_ce_len=0[0m
[0;32mI (1554) NimBLE: 
[0m
[0;32mI (1554) BleMidi: Requested connection params 7.5-15ms latency=0 timeout=2s rc=0[0m
[0;32mI (1564) NimBLE: GATT procedure initiated: discover all services
[0m
[0;31mE (1564) lcd_panel.io.spi: panel_io_spi_tx_color(390): spi transmit (queue) color failed[0m
[0;31mE (1574) lcd_panel.st7789: panel_st7789_draw_bitmap(223): io tx color failed[0m
[0;32mI (1834) BleMidi: Found BLE MIDI Service! start_handle=112 end_handle=115[0m
[0;32mI (1834) NimBLE: GATT procedure initiated: discover all characteristics; [0m
[0;32mI (1834) NimBLE: start_handle=112 end_handle=115
[0m
[0;32mI (1934) BleMidi: Found BLE MIDI Characteristic! def_handle=113 val_handle=114 props=0x16[0m
[0;32mI (1934) NimBLE: GATT procedure initiated: discover all descriptors; [0m
[0;32mI (1934) NimBLE: chr_val_handle=114 end_handle=115
[0m
[0;32mI (2024) BleMidi: Discovered CCCD (0x2902) handle=115[0m
[0;32mI (2034) NimBLE: GATT procedure initiated: write; [0m
[0;32mI (2034) NimBLE: att_handle=115 len=2
[0m
[0;32mI (2074) BleMidi: Negotiated params interval=7.50ms latency=0 timeout=2000ms[0m
[0;32mI (2084) BleMidi: CCCD subscription successful; BLE MIDI ready[0m
[0;32mI (2094) NimBLE: GAP procedure initiated: [0m
[0;32mI (2094) NimBLE: connection parameter update; conn_handle=1 itvl_min=6 itvl_max=9 latency=0 supervision_timeout=100 min_ce_len=0 max_ce_len=0[0m
[0;32mI (2104) NimBLE: 
[0m
[0;32mI (2184) BleMidi: Negotiated params interval=11.25ms latency=0 timeout=1000ms[0m
[0;32mI (5814) pocket_pan_main: [AUDIO] model=PAN blocks=1836 avg_us=363 p99_us=0 max_us=1289 cpu_load=13.6 deadline=0 timeout=0 tx_error=0 short=0[0m
[0;32mI (5814) pocket_pan_main: [MIDI] push=0 pop=0 drop=0 hwm=0 last=(n=62 v=0 t=78 hex=000000)[0m
[0;32mI (5824) pocket_pan_main: [BLE] state=8 interval_ms=11.25 latency=0 rssi=-63 reconnects=0 last_disconnect=0[0m
[0;32mI (5834) pocket_pan_main: [MEM] internal_free=56243 largest_internal=31744[0m
[0;32mI (5844) pocket_pan_main: [UIREDRAW] urgent=6 telemetry=17 skip=120[0m
[0;32mI (10834) pocket_pan_main: [AUDIO] model=PAN blocks=3718 avg_us=357 p99_us=750 max_us=1289 cpu_load=13.4 deadline=0 timeout=0 tx_error=0 short=0[0m
[0;32mI (10834) pocket_pan_main: [MIDI] push=0 pop=0 drop=0 hwm=0 last=(n=62 v=0 t=78 hex=000000)[0m
[0;32mI (10844) pocket_pan_main: [BLE] state=8 interval_ms=11.25 latency=0 rssi=-64 reconnects=0 last_disconnect=0[0m
[0;32mI (10854) pocket_pan_main: [MEM] internal_free=56243 largest_internal=31744[0m
[0;32mI (10864) pocket_pan_main: [UIREDRAW] urgent=6 telemetry=38 skip=265[0m
[0;32mI (13034) forensics: [SAFETY] fixture=8 hard=0 sat=0 nonfinite=0 ble_lost=0[0m
[0;32mI (13034) forensics: [EVENT_ONLY] fixture=8 n=512 avg_us=190.31 max_us=657[0m
[0;32mI (13034) forensics: [FIXTURE_IO] model=VIBRAPHONE fixture=8 avg_us=357 p99_us=750 max_us=1289 cpu_pct=13.39 deadline=0 timeouts=0 tx_errors=0 short_writes=0[0m
[0;32mI (13054) forensics: [CURVE] model=VIBRAPHONE fixture=8 voices=1 class=true_steady n=2815 avg_us=298.24 p95_us=320 p99_us=350 p995_us=355 p999_us=395 max_us=396 deadline=0 bad_voices=0 ble_lost=0 hard=0 sat=0 bin_us=5 max_observed_voices=1[0m
[0;32mI (13074) forensics: [HIST] fixture=8 class=true_steady lower_us=295 n=2462[0m
[0;32mI (13084) forensics: [HIST] fixture=8 class=true_steady lower_us=300 n=72[0m
[0;32mI (13094) forensics: [HIST] fixture=8 class=true_steady lower_us=305 n=40[0m
[0;32mI (13094) forensics: [HIST] fixture=8 class=true_steady lower_us=310 n=60[0m
[0;32mI (13104) forensics: [HIST] fixture=8 class=true_steady lower_us=315 n=71[0m
[0;32mI (13114) forensics: [HIST] fixture=8 class=true_steady lower_us=320 n=47[0m
[0;32mI (13124) forensics: [HIST] fixture=8 class=true_steady lower_us=325 n=21[0m
[0;32mI (13124) forensics: [HIST] fixture=8 class=true_steady lower_us=330 n=5[0m
[0;32mI (13134) forensics: [HIST] fixture=8 class=true_steady lower_us=335 n=3[0m
[0;32mI (13144) forensics: [HIST] fixture=8 class=true_steady lower_us=340 n=3[0m
[0;32mI (13154) forensics: [HIST] fixture=8 class=true_steady lower_us=345 n=9[0m
[0;32mI (13154) forensics: [HIST] fixture=8 class=true_steady lower_us=350 n=8[0m
[0;32mI (13164) forensics: [HIST] fixture=8 class=true_steady lower_us=355 n=3[0m
[0;32mI (13174) forensics: [HIST] fixture=8 class=true_steady lower_us=360 n=2[0m
[0;32mI (13184) forensics: [HIST] fixture=8 class=true_steady lower_us=365 n=3[0m
[0;32mI (13184) forensics: [HIST] fixture=8 class=true_steady lower_us=380 n=2[0m
[0;32mI (13194) forensics: [HIST] fixture=8 class=true_steady lower_us=390 n=2[0m
[0;32mI (13204) forensics: [HIST] fixture=8 class=true_steady lower_us=395 n=2[0m
[0;32mI (13204) forensics: [CALLBACK_CURVE] model=VIBRAPHONE fixture=8 voices=1 class=true_steady n=2814 avg_us=318.57 p95_us=380 p99_us=460 p995_us=490 p999_us=585 max_us=634 deadline=0 overhead_avg_us=20.33[0m
[0;32mI (13224) forensics: [CALLBACK_HIST] fixture=8 class=true_steady lower_us=300 n=1455[0m
[0;32mI (13234) forensics: [CALLBACK_HIST] fixture=8 class=true_steady lower_us=305 n=513[0m
[0;32mI (13244) forensics: [CALLBACK_HIST] fixture=8 class=true_steady lower_us=310 n=77[0m
[0;32mI (13254) forensics: [CALLBACK_HIST] fixture=8 class=true_steady lower_us=315 n=51[0m
[0;32mI (13264) forensics: [CALLBACK_HIST] fixture=8 class=true_steady lower_us=320 n=50[0m
[0;32mI (13274) forensics: [CALLBACK_HIST] fixture=8 class=true_steady lower_us=325 n=52[0m
[0;32mI (13274) forensics: [CALLBACK_HIST] fixture=8 class=true_steady lower_us=330 n=47[0m
[0;32mI (13284) forensics: [CALLBACK_HIST] fixture=8 class=true_steady lower_us=335 n=73[0m
[0;32mI (13294) forensics: [CALLBACK_HIST] fixture=8 class=true_steady lower_us=340 n=124[0m
[0;32mI (13304) forensics: [CALLBACK_HIST] fixture=8 class=true_steady lower_us=345 n=54[0m
[0;32mI (13314) forensics: [CALLBACK_HIST] fixture=8 class=true_steady lower_us=350 n=50[0m
[0;32mI (13314) forensics: [CALLBACK_HIST] fixture=8 class=true_steady lower_us=355 n=31[0m
[0;32mI (13324) forensics: [CALLBACK_HIST] fixture=8 class=true_steady lower_us=360 n=28[0m
[0;32mI (13334) forensics: [CALLBACK_HIST] fixture=8 class=true_steady lower_us=365 n=36[0m
[0;32mI (13344) forensics: [CALLBACK_HIST] fixture=8 class=true_steady lower_us=370 n=32[0m
[0;32mI (13354) forensics: [CALLBACK_HIST] fixture=8 class=true_steady lower_us=375 n=22[0m
[0;32mI (13364) forensics: [CALLBACK_HIST] fixture=8 class=true_steady lower_us=380 n=27[0m
[0;32mI (13364) forensics: [CALLBACK_HIST] fixture=8 class=true_steady lower_us=385 n=16[0m
[0;32mI (13374) forensics: [CALLBACK_HIST] fixture=8 class=true_steady lower_us=390 n=5[0m
[0;32mI (13384) forensics: [CALLBACK_HIST] fixture=8 class=true_steady lower_us=395 n=6[0m
[0;32mI (13394) forensics: [CALLBACK_HIST] fixture=8 class=true_steady lower_us=400 n=4[0m
[0;32mI (13404) forensics: [CALLBACK_HIST] fixture=8 class=true_steady lower_us=405 n=5[0m
[0;32mI (13414) forensics: [CALLBACK_HIST] fixture=8 class=true_steady lower_us=410 n=6[0m
[0;32mI (13414) forensics: [CALLBACK_HIST] fixture=8 class=true_steady lower_us=415 n=3[0m
[0;32mI (13424) forensics: [CALLBACK_HIST] fixture=8 class=true_steady lower_us=420 n=7[0m
[0;32mI (13434) forensics: [CALLBACK_HIST] fixture=8 class=true_steady lower_us=425 n=3[0m
[0;32mI (13444) forensics: [CALLBACK_HIST] fixture=8 class=true_steady lower_us=430 n=1[0m
[0;32mI (13454) forensics: [CALLBACK_HIST] fixture=8 class=true_steady lower_us=435 n=1[0m
[0;32mI (13454) forensics: [CALLBACK_HIST] fixture=8 class=true_steady lower_us=440 n=2[0m
[0;32mI (13464) forensics: [CALLBACK_HIST] fixture=8 class=true_steady lower_us=445 n=2[0m
[0;32mI (13474) forensics: [CALLBACK_HIST] fixture=8 class=true_steady lower_us=450 n=1[0m
[0;32mI (13484) forensics: [CALLBACK_HIST] fixture=8 class=true_steady lower_us=455 n=3[0m
[0;32mI (13494) forensics: [CALLBACK_HIST] fixture=8 class=true_steady lower_us=460 n=4[0m
[0;32mI (13494) forensics: [CALLBACK_HIST] fixture=8 class=true_steady lower_us=465 n=3[0m
[0;32mI (13504) forensics: [CALLBACK_HIST] fixture=8 class=true_steady lower_us=470 n=2[0m
[0;32mI (13514) forensics: [CALLBACK_HIST] fixture=8 class=true_steady lower_us=475 n=3[0m
[0;32mI (13524) forensics: [CALLBACK_HIST] fixture=8 class=true_steady lower_us=485 n=1[0m
[0;32mI (13534) forensics: [CALLBACK_HIST] fixture=8 class=true_steady lower_us=500 n=1[0m
[0;32mI (13544) forensics: [CALLBACK_HIST] fixture=8 class=true_steady lower_us=505 n=1[0m
[0;32mI (13544) forensics: [CALLBACK_HIST] fixture=8 class=true_steady lower_us=515 n=2[0m
[0;32mI (13554) forensics: [CALLBACK_HIST] fixture=8 class=true_steady lower_us=525 n=1[0m
[0;32mI (13564) forensics: [CALLBACK_HIST] fixture=8 class=true_steady lower_us=530 n=1[0m
[0;32mI (13574) forensics: [CALLBACK_HIST] fixture=8 class=true_steady lower_us=540 n=2[0m
[0;32mI (13584) forensics: [CALLBACK_HIST] fixture=8 class=true_steady lower_us=555 n=1[0m
[0;32mI (13584) forensics: [CALLBACK_HIST] fixture=8 class=true_steady lower_us=565 n=1[0m
[0;32mI (13594) forensics: [CALLBACK_HIST] fixture=8 class=true_steady lower_us=575 n=1[0m
[0;32mI (13604) forensics: [CALLBACK_HIST] fixture=8 class=true_steady lower_us=580 n=1[0m
[0;32mI (13614) forensics: [CALLBACK_HIST] fixture=8 class=true_steady lower_us=605 n=1[0m
[0;32mI (13624) forensics: [CALLBACK_HIST] fixture=8 class=true_steady lower_us=630 n=1[0m
[0;32mI (13634) forensics: [CURVE] model=VIBRAPHONE fixture=8 voices=1 class=attack_tail n=768 avg_us=344.69 p95_us=375 p99_us=400 p995_us=405 p999_us=425 max_us=422 deadline=0 bad_voices=0 ble_lost=0 hard=0 sat=0 bin_us=5 max_observed_voices=1[0m
[0;32mI (13654) forensics: [HIST] fixture=8 class=attack_tail lower_us=325 n=200[0m
[0;32mI (13654) forensics: [HIST] fixture=8 class=attack_tail lower_us=330 n=226[0m
[0;32mI (13664) forensics: [HIST] fixture=8 class=attack_tail lower_us=335 n=38[0m
[0;32mI (13674) forensics: [HIST] fixture=8 class=attack_tail lower_us=340 n=8[0m
[0;32mI (13684) forensics: [HIST] fixture=8 class=attack_tail lower_us=345 n=17[0m
[0;32mI (13684) forensics: [HIST] fixture=8 class=attack_tail lower_us=350 n=9[0m
[0;32mI (13694) forensics: [HIST] fixture=8 class=attack_tail lower_us=355 n=4[0m
[0;32mI (13704) forensics: [HIST] fixture=8 class=attack_tail lower_us=360 n=1[0m
[0;32mI (13714) forensics: [HIST] fixture=8 class=attack_tail lower_us=365 n=209[0m
[0;32mI (13714) forensics: [HIST] fixture=8 class=attack_tail lower_us=370 n=25[0m
[0;32mI (13724) forensics: [HIST] fixture=8 class=attack_tail lower_us=375 n=6[0m
[0;32mI (13734) forensics: [HIST] fixture=8 class=attack_tail lower_us=380 n=4[0m
[0;32mI (13744) forensics: [HIST] fixture=8 class=attack_tail lower_us=385 n=5[0m
[0;32mI (13744) forensics: [HIST] fixture=8 class=attack_tail lower_us=390 n=7[0m
[0;32mI (13754) forensics: [HIST] fixture=8 class=attack_tail lower_us=395 n=4[0m
[0;32mI (13764) forensics: [HIST] fixture=8 class=attack_tail lower_us=400 n=2[0m
[0;32mI (13774) forensics: [HIST] fixture=8 class=attack_tail lower_us=405 n=1[0m
[0;32mI (13774) forensics: [HIST] fixture=8 class=attack_tail lower_us=410 n=1[0m
[0;32mI (13784) forensics: [HIST] fixture=8 class=attack_tail lower_us=420 n=1[0m
[0;32mI (13794) forensics: [CALLBACK_CURVE] model=VIBRAPHONE fixture=8 voices=1 class=attack_tail n=768 avg_us=360.87 p95_us=405 p99_us=510 p995_us=515 p999_us=535 max_us=534 deadline=0 overhead_avg_us=16.18[0m
[0;32mI (13814) forensics: [CALLBACK_HIST] fixture=8 class=attack_tail lower_us=330 n=52[0m
[0;32mI (13814) forensics: [CALLBACK_HIST] fixture=8 class=attack_tail lower_us=335 n=61[0m
[0;32mI (13824) forensics: [CALLBACK_HIST] fixture=8 class=attack_tail lower_us=340 n=280[0m
[0;32mI (13834) forensics: [CALLBACK_HIST] fixture=8 class=attack_tail lower_us=345 n=43[0m
[0;32mI (13844) forensics: [CALLBACK_HIST] fixture=8 class=attack_tail lower_us=350 n=16[0m
[0;32mI (13854) forensics: [CALLBACK_HIST] fixture=8 class=attack_tail lower_us=355 n=3[0m
[0;32mI (13864) forensics: [CALLBACK_HIST] fixture=8 class=attack_tail lower_us=360 n=4[0m
[0;32mI (13864) forensics: [CALLBACK_HIST] fixture=8 class=attack_tail lower_us=365 n=2[0m
[0;32mI (13874) forensics: [CALLBACK_HIST] fixture=8 class=attack_tail lower_us=370 n=73[0m
[0;32mI (13884) forensics: [CALLBACK_HIST] fixture=8 class=attack_tail lower_us=375 n=55[0m
[0;32mI (13894) forensics: [CALLBACK_HIST] fixture=8 class=attack_tail lower_us=380 n=55[0m
[0;32mI (13904) forensics: [CALLBACK_HIST] fixture=8 class=attack_tail lower_us=385 n=53[0m
[0;32mI (13914) forensics: [CALLBACK_HIST] fixture=8 class=attack_tail lower_us=390 n=19[0m
[0;32mI (13914) forensics: [CALLBACK_HIST] fixture=8 class=attack_tail lower_us=395 n=4[0m
[0;32mI (13924) forensics: [CALLBACK_HIST] fixture=8 class=attack_tail lower_us=400 n=10[0m
[0;32mI (13934) forensics: [CALLBACK_HIST] fixture=8 class=attack_tail lower_us=405 n=4[0m
[0;32mI (13944) forensics: [CALLBACK_HIST] fixture=8 class=attack_tail lower_us=410 n=3[0m
[0;32mI (13954) forensics: [CALLBACK_HIST] fixture=8 class=attack_tail lower_us=415 n=2[0m
[0;32mI (13954) forensics: [CALLBACK_HIST] fixture=8 class=attack_tail lower_us=420 n=1[0m
[0;32mI (13964) forensics: [CALLBACK_HIST] fixture=8 class=attack_tail lower_us=425 n=4[0m
[0;32mI (13974) forensics: [CALLBACK_HIST] fixture=8 class=attack_tail lower_us=430 n=4[0m
[0;32mI (13984) forensics: [CALLBACK_HIST] fixture=8 class=attack_tail lower_us=435 n=1[0m
[0;32mI (13994) forensics: [CALLBACK_HIST] fixture=8 class=attack_tail lower_us=440 n=1[0m
[0;32mI (14004) forensics: [CALLBACK_HIST] fixture=8 class=attack_tail lower_us=445 n=2[0m
[0;32mI (14004) forensics: [CALLBACK_HIST] fixture=8 class=attack_tail lower_us=450 n=5[0m
[0;32mI (14014) forensics: [CALLBACK_HIST] fixture=8 class=attack_tail lower_us=460 n=1[0m
[0;32mI (14024) forensics: [CALLBACK_HIST] fixture=8 class=attack_tail lower_us=475 n=1[0m
[0;32mI (14034) forensics: [CALLBACK_HIST] fixture=8 class=attack_tail lower_us=495 n=1[0m
[0;32mI (14044) forensics: [CALLBACK_HIST] fixture=8 class=attack_tail lower_us=505 n=2[0m
[0;32mI (14044) forensics: [CALLBACK_HIST] fixture=8 class=attack_tail lower_us=510 n=3[0m
[0;32mI (14054) forensics: [CALLBACK_HIST] fixture=8 class=attack_tail lower_us=515 n=1[0m
[0;32mI (14064) forensics: [CALLBACK_HIST] fixture=8 class=attack_tail lower_us=525 n=1[0m
[0;32mI (14074) forensics: [CALLBACK_HIST] fixture=8 class=attack_tail lower_us=530 n=1[0m
[0;32mI (14084) forensics: [CURVE] model=VIBRAPHONE fixture=8 voices=1 class=event n=512 avg_us=572.50 p95_us=760 p99_us=790 p995_us=935 p999_us=1095 max_us=1090 deadline=0 bad_voices=0 ble_lost=0 hard=0 sat=0 bin_us=5 max_observed_voices=1[0m
[0;32mI (14104) forensics: [HIST] fixture=8 class=event lower_us=425 n=1[0m
[0;32mI (14114) forensics: [HIST] fixture=8 class=event lower_us=430 n=1[0m
[0;32mI (14114) forensics: [HIST] fixture=8 class=event lower_us=435 n=15[0m
[0;32mI (14124) forensics: [HIST] fixture=8 class=event lower_us=440 n=9[0m
[0;32mI (14134) forensics: [HIST] fixture=8 class=event lower_us=445 n=10[0m
[0;32mI (14134) forensics: [HIST] fixture=8 class=event lower_us=450 n=8[0m
[0;32mI (14144) forensics: [HIST] fixture=8 class=event lower_us=455 n=15[0m
[0;32mI (14154) forensics: [HIST] fixture=8 class=event lower_us=460 n=5[0m
[0;32mI (14154) forensics: [HIST] fixture=8 class=event lower_us=465 n=17[0m
[0;32mI (14164) forensics: [HIST] fixture=8 class=event lower_us=470 n=11[0m
[0;32mI (14174) forensics: [HIST] fixture=8 class=event lower_us=475 n=8[0m
[0;32mI (14174) forensics: [HIST] fixture=8 class=event lower_us=480 n=2[0m
[0;32mI (14184) forensics: [HIST] fixture=8 class=event lower_us=485 n=6[0m
[0;32mI (14194) forensics: [HIST] fixture=8 class=event lower_us=490 n=3[0m
[0;32mI (14194) forensics: [HIST] fixture=8 class=event lower_us=495 n=5[0m
[0;32mI (14204) forensics: [HIST] fixture=8 class=event lower_us=500 n=4[0m
[0;32mI (14214) forensics: [HIST] fixture=8 class=event lower_us=505 n=4[0m
[0;32mI (14224) forensics: [HIST] fixture=8 class=event lower_us=510 n=4[0m
[0;32mI (14224) forensics: [HIST] fixture=8 class=event lower_us=515 n=3[0m
[0;32mI (14234) forensics: [HIST] fixture=8 class=event lower_us=520 n=3[0m
[0;32mI (14244) forensics: [HIST] fixture=8 class=event lower_us=525 n=4[0m
[0;32mI (14244) forensics: [HIST] fixture=8 class=event lower_us=530 n=1[0m
[0;32mI (14254) forensics: [HIST] fixture=8 class=event lower_us=535 n=4[0m
[0;32mI (14264) forensics: [HIST] fixture=8 class=event lower_us=540 n=3[0m
[0;32mI (14264) forensics: [HIST] fixture=8 class=event lower_us=545 n=11[0m
[0;32mI (14274) forensics: [HIST] fixture=8 class=event lower_us=550 n=5[0m
[0;32mI (14284) forensics: [HIST] fixture=8 class=event lower_us=555 n=7[0m
[0;32mI (14284) forensics: [HIST] fixture=8 class=event lower_us=560 n=14[0m
[0;32mI (14294) forensics: [HIST] fixture=8 class=event lower_us=565 n=13[0m
[0;32mI (14304) forensics: [HIST] fixture=8 class=event lower_us=570 n=32[0m
[0;32mI (14304) forensics: [HIST] fixture=8 class=event lower_us=575 n=39[0m
[0;32mI (14314) forensics: [HIST] fixture=8 class=event lower_us=580 n=41[0m
[0;32mI (14324) forensics: [HIST] fixture=8 class=event lower_us=585 n=45[0m
[0;32mI (14334) forensics: [HIST] fixture=8 class=event lower_us=590 n=38[0m
[0;32mI (14334) forensics: [HIST] fixture=8 class=event lower_us=595 n=26[0m
[0;32mI (14344) forensics: [HIST] fixture=8 class=event lower_us=600 n=10[0m
[0;32mI (14354) forensics: [HIST] fixture=8 class=event lower_us=605 n=8[0m
[0;32mI (14354) forensics: [HIST] fixture=8 class=event lower_us=610 n=3[0m
[0;32mI (14364) forensics: [HIST] fixture=8 class=event lower_us=615 n=3[0m
[0;32mI (14374) forensics: [HIST] fixture=8 class=event lower_us=620 n=3[0m
[0;32mI (14374) forensics: [HIST] fixture=8 class=event lower_us=630 n=2[0m
[0;32mI (14384) forensics: [HIST] fixture=8 class=event lower_us=635 n=3[0m
[0;32mI (14394) forensics: [HIST] fixture=8 class=event lower_us=640 n=1[0m
[0;32mI (14394) forensics: [HIST] fixture=8 class=event lower_us=645 n=1[0m
[0;32mI (14404) forensics: [HIST] fixture=8 class=event lower_us=650 n=1[0m
[0;32mI (14414) forensics: [HIST] fixture=8 class=event lower_us=660 n=1[0m
[0;32mI (14424) forensics: [HIST] fixture=8 class=event lower_us=665 n=1[0m
[0;32mI (14424) forensics: [HIST] fixture=8 class=event lower_us=680 n=1[0m
[0;32mI (14434) forensics: [HIST] fixture=8 class=event lower_us=725 n=2[0m
[0;32mI (14444) forensics: [HIST] fixture=8 class=event lower_us=730 n=4[0m
[0;32mI (14444) forensics: [HIST] fixture=8 class=event lower_us=735 n=9[0m
[0;32mI (14454) forensics: [HIST] fixture=8 class=event lower_us=740 n=4[0m
[0;32mI (14464) forensics: [HIST] fixture=8 class=event lower_us=745 n=5[0m
[0;32mI (14464) forensics: [HIST] fixture=8 class=event lower_us=750 n=6[0m
[0;32mI (14474) forensics: [HIST] fixture=8 class=event lower_us=755 n=4[0m
[0;32mI (14484) forensics: [HIST] fixture=8 class=event lower_us=760 n=3[0m
[0;32mI (14484) forensics: [HIST] fixture=8 class=event lower_us=765 n=6[0m
[0;32mI (14494) forensics: [HIST] fixture=8 class=event lower_us=770 n=4[0m
[0;32mI (14504) forensics: [HIST] fixture=8 class=event lower_us=775 n=3[0m
[0;32mI (14504) forensics: [HIST] fixture=8 class=event lower_us=785 n=2[0m
[0;32mI (14514) forensics: [HIST] fixture=8 class=event lower_us=790 n=1[0m
[0;32mI (14524) forensics: [HIST] fixture=8 class=event lower_us=800 n=1[0m
[0;32mI (14524) forensics: [HIST] fixture=8 class=event lower_us=930 n=1[0m
[0;32mI (14534) forensics: [HIST] fixture=8 class=event lower_us=985 n=1[0m
[0;32mI (14544) forensics: [HIST] fixture=8 class=event lower_us=1090 n=1[0m
[0;32mI (14554) forensics: [CALLBACK_CURVE] model=VIBRAPHONE fixture=8 voices=1 class=event n=512 avg_us=595.09 p95_us=780 p99_us=905 p995_us=1070 p999_us=1290 max_us=1289 deadline=0 overhead_avg_us=22.59[0m
[0;32mI (14564) forensics: [CALLBACK_HIST] fixture=8 class=event lower_us=440 n=4[0m
[0;32mI (14574) forensics: [CALLBACK_HIST] fixture=8 class=event lower_us=445 n=10[0m
[0;32mI (14584) forensics: [CALLBACK_HIST] fixture=8 class=event lower_us=450 n=8[0m
[0;32mI (14594) forensics: [CALLBACK_HIST] fixture=8 class=event lower_us=455 n=7[0m
[0;32mI (14594) forensics: [CALLBACK_HIST] fixture=8 class=event lower_us=460 n=9[0m
[0;32mI (14604) forensics: [CALLBACK_HIST] fixture=8 class=event lower_us=465 n=9[0m
[0;32mI (14614) forensics: [CALLBACK_HIST] fixture=8 class=event lower_us=470 n=11[0m
[0;32mI (14624) forensics: [CALLBACK_HIST] fixture=8 class=event lower_us=475 n=12[0m
[0;32mI (14634) forensics: [CALLBACK_HIST] fixture=8 class=event lower_us=480 n=12[0m
[0;32mI (14634) forensics: [CALLBACK_HIST] fixture=8 class=event lower_us=485 n=10[0m
[0;32mI (14644) forensics: [CALLBACK_HIST] fixture=8 class=event lower_us=490 n=7[0m
[0;32mI (14654) forensics: [CALLBACK_HIST] fixture=8 class=event lower_us=495 n=5[0m
[0;32mI (14664) forensics: [CALLBACK_HIST] fixture=8 class=event lower_us=500 n=3[0m
[0;32mI (14664) forensics: [CALLBACK_HIST] fixture=8 class=event lower_us=505 n=7[0m
[0;32mI (14674) forensics: [CALLBACK_HIST] fixture=8 class=event lower_us=510 n=3[0m
[0;32mI (14684) forensics: [CALLBACK_HIST] fixture=8 class=event lower_us=515 n=6[0m
[0;32mI (14694) forensics: [CALLBACK_HIST] fixture=8 class=event lower_us=520 n=3[0m
[0;32mI (14694) forensics: [CALLBACK_HIST] fixture=8 class=event lower_us=525 n=3[0m
[0;32mI (14704) forensics: [CALLBACK_HIST] fixture=8 class=event lower_us=530 n=1[0m
[0;32mI (14714) forensics: [CALLBACK_HIST] fixture=8 class=event lower_us=535 n=3[0m
[0;32mI (14724) forensics: [CALLBACK_HIST] fixture=8 class=event lower_us=540 n=2[0m
[0;32mI (14724) forensics: [CALLBACK_HIST] fixture=8 class=event lower_us=545 n=1[0m
[0;32mI (14734) forensics: [CALLBACK_HIST] fixture=8 class=event lower_us=550 n=2[0m
[0;32mI (14744) forensics: [CALLBACK_HIST] fixture=8 class=event lower_us=560 n=5[0m
[0;32mI (14754) forensics: [CALLBACK_HIST] fixture=8 class=event lower_us=570 n=6[0m
[0;32mI (14764) forensics: [CALLBACK_HIST] fixture=8 class=event lower_us=575 n=5[0m
[0;32mI (14764) forensics: [CALLBACK_HIST] fixture=8 class=event lower_us=580 n=12[0m
[0;32mI (14774) forensics: [CALLBACK_HIST] fixture=8 class=event lower_us=585 n=22[0m
[0;32mI (14784) forensics: [CALLBACK_HIST] fixture=8 class=event lower_us=590 n=47[0m
[0;32mI (14794) forensics: [CALLBACK_HIST] fixture=8 class=event lower_us=595 n=37[0m
[0;32mI (14794) forensics: [CALLBACK_HIST] fixture=8 class=event lower_us=600 n=51[0m
[0;32mI (14804) forensics: [CALLBACK_HIST] fixture=8 class=event lower_us=605 n=32[0m
[0;32mI (14814) forensics: [CALLBACK_HIST] fixture=8 class=event lower_us=610 n=26[0m
[0;32mI (14824) forensics: [CALLBACK_HIST] fixture=8 class=event lower_us=615 n=15[0m
[0;32mI (14824) forensics: [CALLBACK_HIST] fixture=8 class=event lower_us=620 n=10[0m
[0;32mI (14834) forensics: [CALLBACK_HIST] fixture=8 class=event lower_us=625 n=14[0m
[0;32mI (14844) forensics: [CALLBACK_HIST] fixture=8 class=event lower_us=630 n=11[0m
[0;32mI (14854) forensics: [CALLBACK_HIST] fixture=8 class=event lower_us=635 n=4[0m
[0;32mI (14864) forensics: [CALLBACK_HIST] fixture=8 class=event lower_us=640 n=1[0m
[0;32mI (14864) forensics: [CALLBACK_HIST] fixture=8 class=event lower_us=645 n=4[0m
[0;32mI (14874) forensics: [CALLBACK_HIST] fixture=8 class=event lower_us=650 n=4[0m
[0;32mI (14884) forensics: [CALLBACK_HIST] fixture=8 class=event lower_us=655 n=2[0m
[0;32mI (14894) forensics: [CALLBACK_HIST] fixture=8 class=event lower_us=660 n=2[0m
[0;32mI (14894) forensics: [CALLBACK_HIST] fixture=8 class=event lower_us=670 n=2[0m
[0;32mI (14904) forensics: [CALLBACK_HIST] fixture=8 class=event lower_us=685 n=2[0m
[0;32mI (14914) forensics: [CALLBACK_HIST] fixture=8 class=event lower_us=690 n=1[0m
[0;32mI (14924) forensics: [CALLBACK_HIST] fixture=8 class=event lower_us=720 n=1[0m
[0;32mI (14924) forensics: [CALLBACK_HIST] fixture=8 class=event lower_us=740 n=2[0m
[0;32mI (14934) forensics: [CALLBACK_HIST] fixture=8 class=event lower_us=745 n=5[0m
[0;32mI (14944) forensics: [CALLBACK_HIST] fixture=8 class=event lower_us=750 n=2[0m
[0;32mI (14954) forensics: [CALLBACK_HIST] fixture=8 class=event lower_us=755 n=5[0m
[0;32mI (14954) forensics: [CALLBACK_HIST] fixture=8 class=event lower_us=760 n=7[0m
[0;32mI (14964) forensics: [CALLBACK_HIST] fixture=8 class=event lower_us=765 n=7[0m
[0;32mI (14974) forensics: [CALLBACK_HIST] fixture=8 class=event lower_us=770 n=3[0m
[0;32mI (14984) forensics: [CALLBACK_HIST] fixture=8 class=event lower_us=775 n=2[0m
[0;32mI (14994) forensics: [CALLBACK_HIST] fixture=8 class=event lower_us=780 n=1[0m
[0;32mI (14994) forensics: [CALLBACK_HIST] fixture=8 class=event lower_us=785 n=4[0m
[0;32mI (15004) forensics: [CALLBACK_HIST] fixture=8 class=event lower_us=790 n=2[0m
[0;32mI (15014) forensics: [CALLBACK_HIST] fixture=8 class=event lower_us=795 n=2[0m
[0;32mI (15024) forensics: [CALLBACK_HIST] fixture=8 class=event lower_us=800 n=5[0m
[0;32mI (15024) forensics: [CALLBACK_HIST] fixture=8 class=event lower_us=810 n=1[0m
[0;32mI (15034) forensics: [CALLBACK_HIST] fixture=8 class=event lower_us=830 n=1[0m
[0;32mI (15044) forensics: [CALLBACK_HIST] fixture=8 class=event lower_us=835 n=1[0m
[0;32mI (15054) forensics: [CALLBACK_HIST] fixture=8 class=event lower_us=870 n=2[0m
[0;32mI (15054) forensics: [CALLBACK_HIST] fixture=8 class=event lower_us=900 n=1[0m
[0;32mI (15064) forensics: [CALLBACK_HIST] fixture=8 class=event lower_us=915 n=2[0m
[0;32mI (15074) forensics: [CALLBACK_HIST] fixture=8 class=event lower_us=1065 n=1[0m
[0;32mI (15084) forensics: [CALLBACK_HIST] fixture=8 class=event lower_us=1155 n=1[0m
[0;32mI (15084) forensics: [CALLBACK_HIST] fixture=8 class=event lower_us=1285 n=1[0m
[0;32mI (15094) forensics: [CURVE] model=VIBRAPHONE fixture=8 voices=1 class=fixture_transition n=1 avg_us=869.02 p95_us=875 p99_us=875 p995_us=875 p999_us=875 max_us=870 deadline=0 bad_voices=0 ble_lost=0 hard=0 sat=0 bin_us=5 max_observed_voices=1[0m
[0;32mI (15114) forensics: [HIST] fixture=8 class=fixture_transition lower_us=870 n=1[0m
[0;32mI (15124) forensics: [CALLBACK_CURVE] model=VIBRAPHONE fixture=8 voices=1 class=fixture_transition n=1 avg_us=1073.00 p95_us=1075 p99_us=1075 p995_us=1075 p999_us=1075 max_us=1073 deadline=0 overhead_avg_us=203.98[0m
[0;32mI (15144) forensics: [CALLBACK_HIST] fixture=8 class=fixture_transition lower_us=1070 n=1[0m
[0;32mI (15154) forensics: [FASTPATH] fixture=8 stable8=0 attack=1280[0m
[0;32mI (15164) forensics: [OVERHEAD] fixture=8 blocks=4536 model_reset_avg_us=2.02 model_reset_max_us=25 queue_avg_us=2.37 queue_max_us=51 render_avg_us=314.10 telem_avg_us=5.64 telem_max_us=120 telem_publishes=567[0m
[0;32mI (15844) pocket_pan_main: [AUDIO] model=PAN blocks=5595 avg_us=317 p99_us=0 max_us=1110 cpu_load=11.9 deadline=0 timeout=0 tx_error=0 short=0[0m
[0;32mI (15844) pocket_pan_main: [MIDI] push=0 pop=0 drop=0 hwm=0 last=(n=62 v=0 t=78 hex=000000)[0m
[0;32mI (15854) pocket_pan_main: [BLE] state=8 interval_ms=11.25 latency=0 rssi=-62 reconnects=0 last_disconnect=0[0m
[0;32mI (15864) pocket_pan_main: [MEM] internal_free=56243 largest_internal=31744[0m
[0;32mI (15874) pocket_pan_main: [UIREDRAW] urgent=6 telemetry=51 skip=346[0m
[0;32mI (20854) pocket_pan_main: [AUDIO] model=PAN blocks=7476 avg_us=317 p99_us=450 max_us=1110 cpu_load=11.9 deadline=0 timeout=0 tx_error=0 short=0[0m
[0;32mI (20854) pocket_pan_main: [MIDI] push=0 pop=0 drop=0 hwm=0 last=(n=62 v=0 t=78 hex=000000)[0m
[0;32mI (20864) pocket_pan_main: [BLE] state=8 interval_ms=11.25 latency=0 rssi=-63 reconnects=0 last_disconnect=0[0m
[0;32mI (20874) pocket_pan_main: [MEM] internal_free=56243 largest_internal=31744[0m
[0;32mI (20884) pocket_pan_main: [UIREDRAW] urgent=6 telemetry=74 skip=489[0m
[0;32mI (23954) forensics: [SAFETY] fixture=9 hard=0 sat=0 nonfinite=0 ble_lost=0[0m
[0;32mI (23954) forensics: [EVENT_ONLY] fixture=9 n=22 avg_us=579.35 max_us=662[0m
[0;32mI (23954) forensics: [FIXTURE_IO] model=VIBRAPHONE fixture=9 avg_us=317 p99_us=450 max_us=1110 cpu_pct=11.89 deadline=0 timeouts=0 tx_errors=0 short_writes=0[0m
[0;32mI (23964) forensics: [CURVE] model=VIBRAPHONE fixture=9 voices=1 class=true_steady n=4051 avg_us=296.85 p95_us=310 p99_us=335 p995_us=340 p999_us=355 max_us=385 deadline=0 bad_voices=0 ble_lost=0 hard=0 sat=0 bin_us=5 max_observed_voices=1[0m
[0;32mI (23994) forensics: [HIST] fixture=9 class=true_steady lower_us=295 n=3579[0m
[0;32mI (23994) forensics: [HIST] fixture=9 class=true_steady lower_us=300 n=237[0m
[0;32mI (24004) forensics: [HIST] fixture=9 class=true_steady lower_us=305 n=130[0m
[0;32mI (24014) forensics: [HIST] fixture=9 class=true_steady lower_us=310 n=19[0m
[0;32mI (24024) forensics: [HIST] fixture=9 class=true_steady lower_us=315 n=21[0m
[0;32mI (24024) forensics: [HIST] fixture=9 class=true_steady lower_us=320 n=7[0m
[0;32mI (24034) forensics: [HIST] fixture=9 class=true_steady lower_us=325 n=6[0m
[0;32mI (24044) forensics: [HIST] fixture=9 class=true_steady lower_us=330 n=22[0m
[0;32mI (24054) forensics: [HIST] fixture=9 class=true_steady lower_us=335 n=11[0m
[0;32mI (24054) forensics: [HIST] fixture=9 class=true_steady lower_us=340 n=10[0m
[0;32mI (24064) forensics: [HIST] fixture=9 class=true_steady lower_us=345 n=4[0m
[0;32mI (24074) forensics: [HIST] fixture=9 class=true_steady lower_us=350 n=4[0m
[0;32mI (24084) forensics: [HIST] fixture=9 class=true_steady lower_us=385 n=1[0m
[0;32mI (24084) forensics: [CALLBACK_CURVE] model=VIBRAPHONE fixture=9 voices=1 class=true_steady n=4051 avg_us=310.00 p95_us=340 p99_us=400 p995_us=420 p999_us=455 max_us=533 deadline=0 overhead_avg_us=13.15[0m
[0;32mI (24104) forensics: [CALLBACK_HIST] fixture=9 class=true_steady lower_us=300 n=2272[0m
[0;32mI (24114) forensics: [CALLBACK_HIST] fixture=9 class=true_steady lower_us=305 n=931[0m
[0;32mI (24124) forensics: [CALLBACK_HIST] fixture=9 class=true_steady lower_us=310 n=152[0m
[0;32mI (24134) forensics: [CALLBACK_HIST] fixture=9 class=true_steady lower_us=315 n=184[0m
[0;32mI (24144) forensics: [CALLBACK_HIST] fixture=9 class=true_steady lower_us=320 n=223[0m
[0;32mI (24144) forensics: [CALLBACK_HIST] fixture=9 class=true_steady lower_us=325 n=48[0m
[0;32mI (24154) forensics: [CALLBACK_HIST] fixture=9 class=true_steady lower_us=330 n=37[0m
[0;32mI (24164) forensics: [CALLBACK_HIST] fixture=9 class=true_steady lower_us=335 n=28[0m
[0;32mI (24174) forensics: [CALLBACK_HIST] fixture=9 class=true_steady lower_us=340 n=17[0m
[0;32mI (24184) forensics: [CALLBACK_HIST] fixture=9 class=true_steady lower_us=345 n=18[0m
[0;32mI (24194) forensics: [CALLBACK_HIST] fixture=9 class=true_steady lower_us=350 n=20[0m
[0;32mI (24194) forensics: [CALLBACK_HIST] fixture=9 class=true_steady lower_us=355 n=21[0m
[0;32mI (24204) forensics: [CALLBACK_HIST] fixture=9 class=true_steady lower_us=360 n=12[0m
[0;32mI (24214) forensics: [CALLBACK_HIST] fixture=9 class=true_steady lower_us=365 n=16[0m
[0;32mI (24224) forensics: [CALLBACK_HIST] fixture=9 class=true_steady lower_us=370 n=10[0m
[0;32mI (24234) forensics: [CALLBACK_HIST] fixture=9 class=true_steady lower_us=375 n=3[0m
[0;32mI (24234) forensics: [CALLBACK_HIST] fixture=9 class=true_steady lower_us=380 n=2[0m
[0;32mI (24244) forensics: [CALLBACK_HIST] fixture=9 class=true_steady lower_us=385 n=8[0m
[0;32mI (24254) forensics: [CALLBACK_HIST] fixture=9 class=true_steady lower_us=390 n=7[0m
[0;32mI (24264) forensics: [CALLBACK_HIST] fixture=9 class=true_steady lower_us=395 n=4[0m
[0;32mI (24274) forensics: [CALLBACK_HIST] fixture=9 class=true_steady lower_us=400 n=5[0m
[0;32mI (24284) forensics: [CALLBACK_HIST] fixture=9 class=true_steady lower_us=405 n=5[0m
[0;32mI (24284) forensics: [CALLBACK_HIST] fixture=9 class=true_steady lower_us=410 n=3[0m
[0;32mI (24294) forensics: [CALLBACK_HIST] fixture=9 class=true_steady lower_us=415 n=5[0m
[0;32mI (24304) forensics: [CALLBACK_HIST] fixture=9 class=true_steady lower_us=420 n=4[0m
[0;32mI (24314) forensics: [CALLBACK_HIST] fixture=9 class=true_steady lower_us=425 n=3[0m
[0;32mI (24324) forensics: [CALLBACK_HIST] fixture=9 class=true_steady lower_us=430 n=1[0m
[0;32mI (24324) forensics: [CALLBACK_HIST] fixture=9 class=true_steady lower_us=435 n=3[0m
[0;32mI (24334) forensics: [CALLBACK_HIST] fixture=9 class=true_steady lower_us=440 n=3[0m
[0;32mI (24344) forensics: [CALLBACK_HIST] fixture=9 class=true_steady lower_us=445 n=1[0m
[0;32mI (24354) forensics: [CALLBACK_HIST] fixture=9 class=true_steady lower_us=450 n=1[0m
[0;32mI (24364) forensics: [CALLBACK_HIST] fixture=9 class=true_steady lower_us=460 n=1[0m
[0;32mI (24374) forensics: [CALLBACK_HIST] fixture=9 class=true_steady lower_us=495 n=1[0m
[0;32mI (24374) forensics: [CALLBACK_HIST] fixture=9 class=true_steady lower_us=520 n=1[0m
[0;32mI (24384) forensics: [CALLBACK_HIST] fixture=9 class=true_steady lower_us=530 n=1[0m
[0;32mI (24394) forensics: [CURVE] model=VIBRAPHONE fixture=9 voices=1 class=attack_tail n=22 avg_us=365.20 p95_us=375 p99_us=400 p995_us=400 p999_us=400 max_us=395 deadline=0 bad_voices=0 ble_lost=0 hard=0 sat=0 bin_us=5 max_observed_voices=1[0m
[0;32mI (24414) forensics: [HIST] fixture=9 class=attack_tail lower_us=355 n=1[0m
[0;32mI (24424) forensics: [HIST] fixture=9 class=attack_tail lower_us=360 n=11[0m
[0;32mI (24434) forensics: [HIST] fixture=9 class=attack_tail lower_us=365 n=8[0m
[0;32mI (24434) forensics: [HIST] fixture=9 class=attack_tail lower_us=370 n=1[0m
[0;32mI (24444) forensics: [HIST] fixture=9 class=attack_tail lower_us=395 n=1[0m
[0;32mI (24454) forensics: [CALLBACK_CURVE] model=VIBRAPHONE fixture=9 voices=1 class=attack_tail n=22 avg_us=434.95 p95_us=465 p99_us=515 p995_us=515 p999_us=515 max_us=514 deadline=0 overhead_avg_us=69.75[0m
[0;32mI (24474) forensics: [CALLBACK_HIST] fixture=9 class=attack_tail lower_us=385 n=1[0m
[0;32mI (24484) forensics: [CALLBACK_HIST] fixture=9 class=attack_tail lower_us=390 n=1[0m
[0;32mI (24484) forensics: [CALLBACK_HIST] fixture=9 class=attack_tail lower_us=395 n=1[0m
[0;32mI (24494) forensics: [CALLBACK_HIST] fixture=9 class=attack_tail lower_us=400 n=2[0m
[0;32mI (24504) forensics: [CALLBACK_HIST] fixture=9 class=attack_tail lower_us=405 n=3[0m
[0;32mI (24514) forensics: [CALLBACK_HIST] fixture=9 class=attack_tail lower_us=415 n=1[0m
[0;32mI (24524) forensics: [CALLBACK_HIST] fixture=9 class=attack_tail lower_us=425 n=1[0m
[0;32mI (24524) forensics: [CALLBACK_HIST] fixture=9 class=attack_tail lower_us=435 n=1[0m
[0;32mI (24534) forensics: [CALLBACK_HIST] fixture=9 class=attack_tail lower_us=445 n=1[0m
[0;32mI (24544) forensics: [CALLBACK_HIST] fixture=9 class=attack_tail lower_us=450 n=2[0m
[0;32mI (24554) forensics: [CALLBACK_HIST] fixture=9 class=attack_tail lower_us=455 n=4[0m
[0;32mI (24564) forensics: [CALLBACK_HIST] fixture=9 class=attack_tail lower_us=460 n=3[0m
[0;32mI (24564) forensics: [CALLBACK_HIST] fixture=9 class=attack_tail lower_us=510 n=1[0m
[0;32mI (24574) forensics: [CURVE] model=VIBRAPHONE fixture=9 voices=1 class=event n=22 avg_us=977.72 p95_us=1060 p99_us=1065 p995_us=1065 p999_us=1065 max_us=1063 deadline=0 bad_voices=0 ble_lost=0 hard=0 sat=0 bin_us=5 max_observed_voices=1[0m
[0;32mI (24594) forensics: [HIST] fixture=9 class=event lower_us=790 n=1[0m
[0;32mI (24604) forensics: [HIST] fixture=9 class=event lower_us=945 n=1[0m
[0;32mI (24614) forensics: [HIST] fixture=9 class=event lower_us=955 n=5[0m
[0;32mI (24624) forensics: [HIST] fixture=9 class=event lower_us=960 n=3[0m
[0;32mI (24624) forensics: [HIST] fixture=9 class=event lower_us=965 n=2[0m
[0;32mI (24634) forensics: [HIST] fixture=9 class=event lower_us=975 n=1[0m
[0;32mI (24644) forensics: [HIST] fixture=9 class=event lower_us=995 n=1[0m
[0;32mI (24644) forensics: [HIST] fixture=9 class=event lower_us=1000 n=1[0m
[0;32mI (24654) forensics: [HIST] fixture=9 class=event lower_us=1005 n=1[0m
[0;32mI (24664) forensics: [HIST] fixture=9 class=event lower_us=1015 n=2[0m
[0;32mI (24664) forensics: [HIST] fixture=9 class=event lower_us=1020 n=2[0m
[0;32mI (24674) forensics: [HIST] fixture=9 class=event lower_us=1055 n=1[0m
[0;32mI (24684) forensics: [HIST] fixture=9 class=event lower_us=1060 n=1[0m
[0;32mI (24684) forensics: [CALLBACK_CURVE] model=VIBRAPHONE fixture=9 voices=1 class=event n=22 avg_us=1020.77 p95_us=1110 p99_us=1115 p995_us=1115 p999_us=1115 max_us=1110 deadline=0 overhead_avg_us=43.05[0m
[0;32mI (24704) forensics: [CALLBACK_HIST] fixture=9 class=event lower_us=820 n=1[0m
[0;32mI (24714) forensics: [CALLBACK_HIST] fixture=9 class=event lower_us=975 n=1[0m
[0;32mI (24724) forensics: [CALLBACK_HIST] fixture=9 class=event lower_us=985 n=2[0m
[0;32mI (24734) forensics: [CALLBACK_HIST] fixture=9 class=event lower_us=990 n=3[0m
[0;32mI (24734) forensics: [CALLBACK_HIST] fixture=9 class=event lower_us=1000 n=1[0m
[0;32mI (24744) forensics: [CALLBACK_HIST] fixture=9 class=event lower_us=1005 n=2[0m
[0;32mI (24754) forensics: [CALLBACK_HIST] fixture=9 class=event lower_us=1010 n=1[0m
[0;32mI (24764) forensics: [CALLBACK_HIST] fixture=9 class=event lower_us=1015 n=1[0m
[0;32mI (24764) forensics: [CALLBACK_HIST] fixture=9 class=event lower_us=1020 n=1[0m
[0;32mI (24774) forensics: [CALLBACK_HIST] fixture=9 class=event lower_us=1030 n=1[0m
[0;32mI (24784) forensics: [CALLBACK_HIST] fixture=9 class=event lower_us=1035 n=1[0m
[0;32mI (24794) forensics: [CALLBACK_HIST] fixture=9 class=event lower_us=1055 n=2[0m
[0;32mI (24804) forensics: [CALLBACK_HIST] fixture=9 class=event lower_us=1070 n=2[0m
[0;32mI (24804) forensics: [CALLBACK_HIST] fixture=9 class=event lower_us=1090 n=1[0m
[0;32mI (24814) forensics: [CALLBACK_HIST] fixture=9 class=event lower_us=1105 n=1[0m
[0;32mI (24824) forensics: [CALLBACK_HIST] fixture=9 class=event lower_us=1110 n=1[0m
[0;32mI (24834) forensics: [CURVE] model=VIBRAPHONE fixture=9 voices=1 class=fixture_transition n=1 avg_us=476.15 p95_us=480 p99_us=480 p995_us=480 p999_us=480 max_us=477 deadline=0 bad_voices=0 ble_lost=0 hard=0 sat=0 bin_us=5 max_observed_voices=1[0m
[0;32mI (24854) forensics: [HIST] fixture=9 class=fixture_transition lower_us=475 n=1[0m
[0;32mI (24864) forensics: [CALLBACK_CURVE] model=VIBRAPHONE fixture=9 voices=1 class=fixture_transition n=1 avg_us=491.00 p95_us=495 p99_us=495 p995_us=495 p999_us=495 max_us=491 deadline=0 overhead_avg_us=14.85[0m
[0;32mI (24884) forensics: [CALLBACK_HIST] fixture=9 class=fixture_transition lower_us=490 n=1[0m
[0;32mI (24884) forensics: [FASTPATH] fixture=9 stable8=0 attack=2[0m
[0;32mI (24894) forensics: [OVERHEAD] fixture=9 blocks=4096 model_reset_avg_us=1.73 model_reset_max_us=11 queue_avg_us=1.58 queue_max_us=24 render_avg_us=305.18 telem_avg_us=3.57 telem_max_us=97 telem_publishes=512[0m
[0;32mI (25874) pocket_pan_main: [AUDIO] model=PAN blocks=9358 avg_us=9 p99_us=425 max_us=1110 cpu_load=0.3 deadline=0 timeout=0 tx_error=0 short=0[0m
[0;32mI (25874) pocket_pan_main: [MIDI] push=0 pop=0 drop=0 hwm=0 last=(n=62 v=0 t=78 hex=000000)[0m
[0;32mI (25884) pocket_pan_main: [BLE] state=8 interval_ms=11.25 latency=0 rssi=-62 reconnects=0 last_disconnect=0[0m
[0;32mI (25894) pocket_pan_main: [MEM] internal_free=56243 largest_internal=31744[0m
[0;32mI (25904) pocket_pan_main: [UIREDRAW] urgent=6 telemetry=91 skip=606[0m
[0;32mI (30894) pocket_pan_main: [AUDIO] model=PAN blocks=11240 avg_us=9 p99_us=50 max_us=1110 cpu_load=0.3 deadline=0 timeout=0 tx_error=0 short=0[0m
