[0;32mI (123) esp_image: segment 1: paddr=00030abc vaddr=3fca31ESP-ROM:esp32s3-20210327
Build:Mar 27 2021
rst:0x15 (USB_UART_CHIP_RESET),boot:0x8 (SPI_FAST_FLASH_BOOT)
Saved PC:0x4200a12b
SPIWP:0xee
mode:DIO, clock div:1
load:0x3fce2810,len:0x178c
load:0x403c8700,len:0x4
load:0x403c8704,len:0xcb8
load:0x403cb700,len:0x2db0
entry 0x403c8914
[0;32mI (26) boot: ESP-IDF v5.3-dirty 2nd stage bootloader[0m
[0;32mI (27) boot: compile time Oct  1 2026 19:28:03[0m
[0;32mI (27) boot: Multicore bootloader[0m
[0;32mI (30) boot: chip revision: v0.2[0m
[0;32mI (34) boot.esp32s3: Boot SPI Speed : 80MHz[0m
[0;32mI (39) boot.esp32s3: SPI Mode       : DIO[0m
[0;32mI (43) boot.esp32s3: SPI Flash Size : 4MB[0m
[0;32mI (48) boot: Enabling RNG early entropy source...[0m
[0;32mI (54) boot: Partition Table:[0m
[0;32mI (57) boot: ## Label            Usage          Type ST Offset   Length[0m
[0;32mI (64) boot:  0 nvs              WiFi data        01 02 00009000 00006000[0m
[0;32mI (72) boot:  1 phy_init         RF data          01 01 0000f000 00001000[0m
[0;32mI (79) boot:  2 factory          factory app      00 00 00010000 00100000[0m
[0;32mI (87) boot: End of partition table[0m
[0;32mI (91) esp_image: segment 0: paddr=00010020 vaddr=3c070020 size=20a94h (133780) map[0m
[0;32mI (123) esp_image: segment 1: paddr=00030abc vaddr=3fca3100 size=04500h ( 17664) load[0m
[0;32mI (127) esp_image: segment 2: paddr=00034fc4 vaddr=40374000 size=0b054h ( 45140) load[0m
[0;32mI (139) esp_image: segment 3: paddr=00040020 vaddr=42000020 size=66198h (418200) map[0m
[0;32mI (215) esp_image: segment 4: paddr=000a61c0 vaddr=4037f054 size=13fa4h ( 81828) load[0m
[0;32mI (245) boot: Loaded app from partition at offset 0x10000[0m
[0;32mI (245) boot: Disabling RNG early entropy source...[0m
[0;32mI (257) esp_psram: Found 2MB PSRAM device[0m
[0;32mI (258) esp_psram: Speed: 40MHz[0m
[0;32mI (258) cpu_start: Multicore app[0m
[0;32mI (677) esp_psram: SPI SRAM memory test OK[0m
[0;32mI (687) cpu_start: Pro cpu start user code[0m
[0;32mI (687) cpu_start: cpu freq: 240000000 Hz[0m
[0;32mI (687) app_init: Application information:[0m
[0;32mI (690) app_init: Project name:     pocket_pan[0m
[0;32mI (695) app_init: App version:      b6454c6-dirty[0m
[0;32mI (700) app_init: Compile time:     Oct  1 2026 19:24:02[0m
[0;32mI (706) app_init: ELF file SHA256:  a3053039b...[0m
[0;32mI (711) app_init: ESP-IDF:          v5.3-dirty[0m
[0;32mI (716) efuse_init: Min chip rev:     v0.0[0m
[0;32mI (721) efuse_init: Max chip rev:     v0.99 [0m
[0;32mI (726) efuse_init: Chip rev:         v0.2[0m
[0;32mI (731) heap_init: Initializing. RAM available for dynamic allocation:[0m
[0;32mI (738) heap_init: At 3FCCF760 len 00019FB0 (103 KiB): RAM[0m
[0;32mI (744) heap_init: At 3FCE9710 len 00005724 (21 KiB): RAM[0m
[0;32mI (750) heap_init: At 3FCF0000 len 00008000 (32 KiB): DRAM[0m
[0;32mI (757) heap_init: At 600FE100 len 00001EE8 (7 KiB): RTCRAM[0m
[0;32mI (763) esp_psram: Adding pool of 2048K of PSRAM memory to heap allocator[0m
[0;32mI (771) spi_flash: detected chip: generic[0m
[0;32mI (775) spi_flash: flash io: dio[0m
[0;32mI (779) sleep: Configure to isolate all GPIO pins in sleep state[0m
[0;32mI (786) sleep: Enable automatic switching of GPIO sleep configuration[0m
[0;32mI (793) coexist: coex firmware version: dab85ae96[0m
[0;32mI (798) coexist: coexist rom version e7ae62f[0m
[0;32mI (804) main_task: Started on CPU0[0m
[0;32mI (814) esp_psram: Reserving pool of 32K of internal memory for DMA/internal allocations[0m
[0;32mI (814) main_task: Calling app_main()[0m
[0;32mI (824) pocket_pan_main: [MEM_STAGE] stage=entry internal_free=142939 largest_internal=49152 psram_free=2094528[0m
[0;32mI (834) pocket_pan_main: ===============================================[0m
[0;32mI (834) pocket_pan_main:   Pocket Pan / Metal Modal Synthesizer v1.0.0[0m
[0;32mI (844) pocket_pan_main:   Hardware: TENSTAR TS-ESP32-S3 (Feather TFT)[0m
[0;32mI (854) pocket_pan_main: ===============================================[0m
[0;32mI (864) pocket_pan_main: [FORENSICS] candidate=25 profile=0 cpu_mhz=240 optimization_perf=1 process6=1 fine_bins=5 critical_only=0[0m
[0;32mI (894) pocket_pan_main: [MEM_STAGE] stage=dsp_ready internal_free=142939 largest_internal=49152 psram_free=2094528[0m
[0;32mI (894) gpio: GPIO[10]| InputEn: 0| OutputEn: 1| OpenDrain: 0| Pullup: 0| Pulldown: 1| Intr:0 [0m
[0;32mI (904) AudioI2S: I2S TX initialized (48kHz, 32-bit slot, stereo, 6x128 frames DMA = 1024 bytes/buf)[0m
[0;32mI (914) AudioI2S: Audio task started on Core 0 at priority 12[0m
[0;32mI (924) pocket_pan_main: [MEM_STAGE] stage=i2s_ready internal_free=128207 largest_internal=34816 psram_free=2094528[0m
[0;32mI (934) Display: [DISP_MEM_PRE] before: int_free=128207 int_largest=34816 psram_free=2094528[0m
[0;33mW (944) Display: Internal SRAM (64800 B) exhausted; falling back to PSRAM[0m
[0;32mI (954) Display: [DISP_MEM] framebuffer=0x3c0a0a44 (size=64800, align=4, internal=0, dma=0, psram=1)[0m
[0;32mI (964) Display: [DISP_MEM] scratch=0x3fce0e34 (size=9600, align=4, internal=1, dma=1)[0m
[0;32mI (964) Display: [DISP_MEM] before: int_free=128207 int_largest=34816 psram_free=2094528[0m
[0;32mI (974) Display: [DISP_MEM] after:  int_free=118603 int_largest=31744 psram_free=2029724[0m
[0;32mI (984) gpio: GPIO[39]| InputEn: 0| OutputEn: 1| OpenDrain: 0| Pullup: 0| Pulldown: 0| Intr:0 [0m
[0;32mI (994) gpio: GPIO[40]| InputEn: 0| OutputEn: 1| OpenDrain: 0| Pullup: 0| Pulldown: 0| Intr:0 [0m
[0;32mI (1004) gpio: GPIO[21]| InputEn: 0| OutputEn: 1| OpenDrain: 0| Pullup: 0| Pulldown: 0| Intr:0 [0m
[0;32mI (1234) gpio: GPIO[45]| InputEn: 0| OutputEn: 1| OpenDrain: 0| Pullup: 0| Pulldown: 0| Intr:0 [0m
[0;31mE (1234) lcd_panel.io.spi: panel_io_spi_tx_color(390): spi transmit (queue) color failed[0m
[0;31mE (1234) lcd_panel.st7789: panel_st7789_draw_bitmap(223): io tx color failed[0m
[0;32mI (1244) Display: ST7789 240x135 display initialized successfully (SPI 40MHz, GDMA callback armed)[0m
[0;32mI (1254) pocket_pan_main: [CANARY] PreparedNote canaries OK=1[0m
[0;32mI (1264) pocket_pan_main: [MEM_STAGE] stage=display_ready internal_free=116239 largest_internal=31744 psram_free=2029724[0m
[0;32mI (1274) BLE_INIT: BT controller compile version [ba3b3e3][0m
[0;32mI (1284) BLE_INIT: Bluetooth MAC: b4:3a:45:ae:6f:2a[0m
[0;32mI (1284) phy_init: phy_version 680,a6008b2,Jun  4 2024,16:41:10[0m
[0;32mI (1324) BleMidi: NimBLE BLE MIDI Central initialized and pinned to Core 1[0m
[0;32mI (1324) BleMidi: NimBLE Host task running on Core 1[0m
[0;32mI (1324) pocket_pan_main: [MEM_STAGE] stage=ble_ready internal_free=55955 largest_internal=31744 psram_free=2029724[0m
[0;32mI (1334) NimBLE: Failed to restore IRKs from store; status=8
[0m
[0;32mI (1344) pocket_pan_main: [M75_MEMORY] table_bytes=9640 cache_bytes=86832 synth_bytes=107912 internal_free=55919 largest_internal=31744[0m
[0;32mI (1344) NimBLE: GAP procedure initiated: discovery; [0m
[0;32mI (1354) pocket_pan_main: [UDU_CACHE] compact_bytes=5928 modal_models=9[0m
[0;32mI (1364) NimBLE: own_addr_type=0 filter_policy=0 passive=0 limited=0 filter_duplicates=1 [0m
[0;32mI (1374) pocket_pan_main: [CACHE_LAYOUT] packed=0 storage_bytes=86832 note_scratch_bytes=132[0m
[0;32mI (1384) NimBLE: duration=forever[0m
[0;32mI (1394) pocket_pan_main: [UDU_STATE] voice_bytes=124 fixed_reference=0[0m
[0;32mI (1394) NimBLE: 
[0m
[0;32mI (1404) pocket_pan_main: [MEM_STAGE] stage=ui_ready internal_free=51475 largest_internal=31744 psram_free=2029724[0m
[0;32mI (1404) BleMidi: Scanning for BLE MIDI devices...[0m
[0;32mI (1404) gpio: GPIO[0]| InputEn: 1| OutputEn: 0| OpenDrain: 0| Pullup: 1| Pulldown: 0| Intr:0 [0m
[0;32mI (1414) pocket_pan_main: Pocket Pan initialization complete. Realtime audio active.[0m
[0;32mI (1434) main_task: Returned from app_main()[0m
[0;31mE (1444) lcd_panel.io.spi: panel_io_spi_tx_color(390): spi transmit (queue) color failed[0m
[0;31mE (1454) lcd_panel.st7789: panel_st7789_draw_bitmap(223): io tx color failed[0m
[0;31mE (1464) lcd_panel.io.spi: panel_io_spi_tx_color(390): spi transmit (queue) color failed[0m
[0;31mE (1464) lcd_panel.st7789: panel_st7789_draw_bitmap(223): io tx color failed[0m
[0;32mI (1474) BleMidi: BLE MIDI device found (59:FB:B6:B7:BF:0F); connecting[0m
[0;32mI (1484) NimBLE: GAP procedure initiated: connect; [0m
[0;32mI (1484) NimBLE: peer_addr_type=0 peer_addr=[0m
[0;32mI (1494) NimBLE: 59:fb:b6:b7:bf:0f[0m
[0;32mI (1494) NimBLE:  scan_itvl=16 scan_window=16 itvl_min=24 itvl_max=40 latency=0 supervision_timeout=256 min_ce_len=0 max_ce_len=0 own_addr_type=0[0m
[0;32mI (1514) NimBLE: 
[0m
[0;31mE (1514) lcd_panel.io.spi: panel_io_spi_tx_color(390): spi transmit (queue) color failed[0m
[0;31mE (1524) lcd_panel.st7789: panel_st7789_draw_bitmap(223): io tx color failed[0m
[0;32mI (1584) BleMidi: BLE Connected! conn_handle=1[0m
[0;32mI (1594) NimBLE: GAP procedure initiated: [0m
[0;32mI (1594) NimBLE: connection parameter update; conn_handle=1 itvl_min=6 itvl_max=12 latency=0 supervision_timeout=200 min_ce_len=0 max_ce_len=0[0m
[0;32mI (1604) NimBLE: 
[0m
[0;32mI (1604) BleMidi: Requested connection params 7.5-15ms latency=0 timeout=2s rc=0[0m
[0;32mI (1614) NimBLE: GATT procedure initiated: discover all services
[0m
[0;32mI (1934) BleMidi: Negotiated params interval=50.00ms latency=0 timeout=2560ms[0m
[0;32mI (1934) NimBLE: Reattempt connection; reason = 0x3e, status = 0,reattempt count = 0 [0m
[0;31mE (1934) BleMidi: MIDI service discovery failed; disconnecting for recovery[0m
[0;32mI (1944) NimBLE: GAP procedure initiated: terminate connection; conn_handle=1 hci_reason=19
[0m
[0;32mI (1954) NimBLE: GAP procedure initiated: connect; [0m
[0;32mI (1954) NimBLE: peer_addr_type=0 peer_addr=[0m
[0;32mI (1964) NimBLE: 59:fb:b6:b7:bf:0f[0m
[0;32mI (1964) NimBLE:  scan_itvl=16 scan_window=16 itvl_min=24 itvl_max=40 latency=0 supervision_timeout=256 min_ce_len=0 max_ce_len=0 own_addr_type=0[0m
[0;32mI (1984) NimBLE: 
[0m
[0;32mI (2054) BleMidi: BLE Connected! conn_handle=1[0m
[0;32mI (2054) NimBLE: GAP procedure initiated: [0m
[0;32mI (2054) NimBLE: connection parameter update; conn_handle=1 itvl_min=6 itvl_max=12 latency=0 supervision_timeout=200 min_ce_len=0 max_ce_len=0[0m
[0;32mI (2064) NimBLE: 
[0m
[0;32mI (2074) BleMidi: Requested connection params 7.5-15ms latency=0 timeout=2s rc=0[0m
[0;32mI (2074) NimBLE: GATT procedure initiated: discover all services
[0m
[0;31mE (2084) lcd_panel.io.spi: panel_io_spi_tx_color(390): spi transmit (queue) color failed[0m
[0;31mE (2094) lcd_panel.st7789: panel_st7789_draw_bitmap(223): io tx color failed[0m
[0;32mI (2384) BleMidi: Found BLE MIDI Service! start_handle=112 end_handle=115[0m
[0;32mI (2384) NimBLE: GATT procedure initiated: discover all characteristics; [0m
[0;32mI (2384) NimBLE: start_handle=112 end_handle=115
[0m
[0;32mI (2484) BleMidi: Found BLE MIDI Characteristic! def_handle=113 val_handle=114 props=0x16[0m
[0;32mI (2484) NimBLE: GATT procedure initiated: discover all descriptors; [0m
[0;32mI (2484) NimBLE: chr_val_handle=114 end_handle=115
[0m
[0;32mI (2584) BleMidi: Discovered CCCD (0x2902) handle=115[0m
[0;32mI (2584) NimBLE: GATT procedure initiated: write; [0m
[0;32mI (2584) NimBLE: att_handle=115 len=2
[0m
[0;32mI (2634) BleMidi: Negotiated params interval=7.50ms latency=0 timeout=2000ms[0m
[0;32mI (5824) pocket_pan_main: [AUDIO] model=PAN blocks=1837 avg_us=9 p99_us=0 max_us=325 cpu_load=0.3 deadline=0 timeout=0 tx_error=0 short=0[0m
[0;32mI (5824) pocket_pan_main: [MIDI] push=5 pop=5 drop=0 hwm=1 last=(n=62 v=75 t=78 hex=903E4B)[0m
[0;32mI (5834) pocket_pan_main: [BLE] state=7 interval_ms=7.50 latency=0 rssi=-58 reconnects=0 last_disconnect=0[0m
[0;32mI (5844) pocket_pan_main: [MEM] internal_free=52403 largest_internal=31744[0m
[0;32mI (5844) pocket_pan_main: [UIREDRAW] urgent=12 telemetry=12 skip=118[0m
[0;32mI (10834) pocket_pan_main: [AUDIO] model=PAN blocks=3718 avg_us=9 p99_us=75 max_us=325 cpu_load=0.3 deadline=0 timeout=0 tx_error=0 short=0[0m
[0;32mI (10834) pocket_pan_main: [MIDI] push=12 pop=12 drop=0 hwm=1 last=(n=60 v=75 t=78 hex=903C4B)[0m
[0;32mI (10844) pocket_pan_main: [BLE] state=7 interval_ms=7.50 latency=0 rssi=-59 reconnects=0 last_disconnect=0[0m
[0;32mI (10854) pocket_pan_main: [MEM] internal_free=52403 largest_internal=31744[0m
[0;32mI (10864) pocket_pan_main: [UIREDRAW] urgent=19 telemetry=25 skip=264[0m
[0;31mE (12364) BleMidi: CCCD subscription failed; disconnecting for recovery[0m
[0;32mI (12364) NimBLE: GAP procedure initiated: terminate connection; conn_handle=1 hci_reason=19
[0m
[0;32mI (12374) BleMidi: BLE disconnected reason=520; retry after backoff[0m
[0;32mI (13134) NimBLE: GAP procedure initiated: discovery; [0m
[0;32mI (13134) NimBLE: own_addr_type=0 filter_policy=0 passive=0 limited=0 filter_duplicates=1 [0m
[0;32mI (13134) NimBLE: duration=forever[0m
[0;32mI (13144) NimBLE: 
[0m
[0;32mI (13144) BleMidi: Scanning for BLE MIDI devices...[0m
[0;32mI (13234) BleMidi: BLE MIDI device found (59:FB:B6:B7:BF:0F); connecting[0m
[0;32mI (13234) NimBLE: GAP procedure initiated: connect; [0m
[0;32mI (13234) NimBLE: peer_addr_type=0 peer_addr=[0m
[0;32mI (13244) NimBLE: 59:fb:b6:b7:bf:0f[0m
[0;32mI (13244) NimBLE:  scan_itvl=16 scan_window=16 itvl_min=24 itvl_max=40 latency=0 supervision_timeout=256 min_ce_len=0 max_ce_len=0 own_addr_type=0[0m
[0;32mI (13264) NimBLE: 
[0m
[0;32mI (13334) BleMidi: BLE Connected! conn_handle=1[0m
[0;32mI (13334) NimBLE: GAP procedure initiated: [0m
[0;32mI (13344) NimBLE: connection parameter update; conn_handle=1 itvl_min=6 itvl_max=12 latency=0 supervision_timeout=200 min_ce_len=0 max_ce_len=0[0m
[0;32mI (13354) NimBLE: 
[0m
[0;32mI (13354) BleMidi: Requested connection params 7.5-15ms latency=0 timeout=2s rc=0[0m
[0;32mI (13364) NimBLE: GATT procedure initiated: discover all services
[0m
[0;32mI (13634) BleMidi: Found BLE MIDI Service! start_handle=112 end_handle=115[0m
[0;32mI (13634) NimBLE: GATT procedure initiated: discover all characteristics; [0m
[0;32mI (13634) NimBLE: start_handle=112 end_handle=115
[0m
[0;32mI (13734) BleMidi: Found BLE MIDI Characteristic! def_handle=113 val_handle=114 props=0x16[0m
[0;32mI (13734) NimBLE: GATT procedure initiated: discover all descriptors; [0m
[0;32mI (13734) NimBLE: chr_val_handle=114 end_handle=115
[0m
[0;32mI (13824) BleMidi: Discovered CCCD (0x2902) handle=115[0m
[0;32mI (13834) NimBLE: GATT procedure initiated: write; [0m
[0;32mI (13834) NimBLE: att_handle=115 len=2
[0m
[0;32mI (13884) BleMidi: Negotiated params interval=7.50ms latency=0 timeout=2000ms[0m
[0;32mI (13904) BleMidi: CCCD subscription successful; BLE MIDI ready[0m
[0;32mI (13904) NimBLE: GAP procedure initiated: [0m
[0;32mI (13904) NimBLE: connection parameter update; conn_handle=1 itvl_min=6 itvl_max=9 latency=0 supervision_timeout=100 min_ce_len=0 max_ce_len=0[0m
[0;32mI (13914) NimBLE: 
[0m
[0;32mI (13994) BleMidi: Negotiated params interval=11.25ms latency=0 timeout=1000ms[0m
[0;32mI (15844) pocket_pan_main: [AUDIO] model=PAN blocks=5597 avg_us=299 p99_us=0 max_us=920 cpu_load=11.2 deadline=0 timeout=0 tx_error=0 short=0[0m
[0;32mI (15844) pocket_pan_main: [MIDI] push=16 pop=16 drop=0 hwm=1 last=(n=69 v=75 t=78 hex=90454B)[0m
[0;32mI (15854) pocket_pan_main: [BLE] state=8 interval_ms=11.25 latency=0 rssi=-58 reconnects=1 last_disconnect=8[0m
[0;32mI (15864) pocket_pan_main: [MEM] internal_free=56243 largest_internal=31744[0m
[0;32mI (15874) pocket_pan_main: [UIREDRAW] urgent=31 telemetry=42 skip=399[0m
[0;32mI (20864) pocket_pan_main: [AUDIO] model=PAN blocks=7479 avg_us=298 p99_us=450 max_us=920 cpu_load=11.2 deadline=0 timeout=0 tx_error=0 short=0[0m
[0;32mI (20864) pocket_pan_main: [MIDI] push=16 pop=16 drop=0 hwm=1 last=(n=69 v=75 t=78 hex=90454B)[0m
[0;32mI (20874) pocket_pan_main: [BLE] state=8 interval_ms=11.25 latency=0 rssi=-60 reconnects=1 last_disconnect=8[0m
[0;32mI (20884) pocket_pan_main: [MEM] internal_free=56243 largest_internal=31744[0m
[0;32mI (20894) pocket_pan_main: [UIREDRAW] urgent=31 telemetry=64 skip=543[0m
[0;32mI (24864) forensics: [SAFETY] fixture=18 hard=0 sat=0 nonfinite=0 ble_lost=0[0m
[0;32mI (24864) forensics: [EVENT_ONLY] fixture=18 n=512 avg_us=27.42 max_us=125[0m
[0;32mI (24864) forensics: [FIXTURE_IO] model=UDU fixture=18 avg_us=303 p99_us=450 max_us=920 cpu_pct=11.36 deadline=0 timeouts=0 tx_errors=0 short_writes=0[0m
[0;32mI (24884) forensics: [CURVE] model=UDU fixture=18 voices=1 class=true_steady n=0 avg_us=0.00 p95_us=0 p99_us=0 p995_us=0 p999_us=0 max_us=0 deadline=0 bad_voices=0 ble_lost=0 hard=0 sat=0 bin_us=5 max_observed_voices=1[0m
[0;32mI (24904) forensics: [CALLBACK_CURVE] model=UDU fixture=18 voices=1 class=true_steady n=0 avg_us=0.00 p95_us=0 p99_us=0 p995_us=0 p999_us=0 max_us=0 deadline=0 overhead_avg_us=0.00[0m
[0;32mI (24924) forensics: [CURVE] model=UDU fixture=18 voices=1 class=attack_tail n=3583 avg_us=280.80 p95_us=310 p99_us=360 p995_us=370 p999_us=405 max_us=442 deadline=0 bad_voices=0 ble_lost=0 hard=0 sat=0 bin_us=5 max_observed_voices=1[0m
[0;32mI (24944) forensics: [HIST] fixture=18 class=attack_tail lower_us=275 n=3078[0m
[0;32mI (24944) forensics: [HIST] fixture=18 class=attack_tail lower_us=280 n=116[0m
[0;32mI (24954) forensics: [HIST] fixture=18 class=attack_tail lower_us=285 n=19[0m
[0;32mI (24964) forensics: [HIST] fixture=18 class=attack_tail lower_us=290 n=25[0m
[0;32mI (24974) forensics: [HIST] fixture=18 class=attack_tail lower_us=295 n=38[0m
[0;32mI (24984) forensics: [HIST] fixture=18 class=attack_tail lower_us=300 n=89[0m
[0;32mI (24984) forensics: [HIST] fixture=18 class=attack_tail lower_us=305 n=93[0m
[0;32mI (24994) forensics: [HIST] fixture=18 class=attack_tail lower_us=310 n=12[0m
[0;32mI (25004) forensics: [HIST] fixture=18 class=attack_tail lower_us=315 n=17[0m
[0;32mI (25014) forensics: [HIST] fixture=18 class=attack_tail lower_us=320 n=13[0m
[0;32mI (25014) forensics: [HIST] fixture=18 class=attack_tail lower_us=325 n=6[0m
[0;32mI (25024) forensics: [HIST] fixture=18 class=attack_tail lower_us=330 n=13[0m
[0;32mI (25034) forensics: [HIST] fixture=18 class=attack_tail lower_us=335 n=6[0m
[0;32mI (25044) forensics: [HIST] fixture=18 class=attack_tail lower_us=340 n=4[0m
[0;32mI (25044) forensics: [HIST] fixture=18 class=attack_tail lower_us=345 n=8[0m
[0;32mI (25054) forensics: [HIST] fixture=18 class=attack_tail lower_us=350 n=4[0m
[0;32mI (25064) forensics: [HIST] fixture=18 class=attack_tail lower_us=355 n=12[0m
[0;32mI (25074) forensics: [HIST] fixture=18 class=attack_tail lower_us=360 n=5[0m
[0;32mI (25074) forensics: [HIST] fixture=18 class=attack_tail lower_us=365 n=12[0m
[0;32mI (25084) forensics: [HIST] fixture=18 class=attack_tail lower_us=370 n=3[0m
[0;32mI (25094) forensics: [HIST] fixture=18 class=attack_tail lower_us=375 n=5[0m
[0;32mI (25104) forensics: [HIST] fixture=18 class=attack_tail lower_us=390 n=1[0m
[0;32mI (25104) forensics: [HIST] fixture=18 class=attack_tail lower_us=400 n=1[0m
[0;32mI (25114) forensics: [HIST] fixture=18 class=attack_tail lower_us=430 n=1[0m
[0;32mI (25124) forensics: [HIST] fixture=18 class=attack_tail lower_us=440 n=2[0m
[0;32mI (25134) forensics: [CALLBACK_CURVE] model=UDU fixture=18 voices=1 class=attack_tail n=3582 avg_us=296.94 p95_us=345 p99_us=455 p995_us=475 p999_us=560 max_us=584 deadline=0 overhead_avg_us=16.14[0m
[0;32mI (25144) forensics: [CALLBACK_HIST] fixture=18 class=attack_tail lower_us=280 n=1303[0m
[0;32mI (25154) forensics: [CALLBACK_HIST] fixture=18 class=attack_tail lower_us=285 n=1338[0m
[0;32mI (25164) forensics: [CALLBACK_HIST] fixture=18 class=attack_tail lower_us=290 n=129[0m
[0;32mI (25174) forensics: [CALLBACK_HIST] fixture=18 class=attack_tail lower_us=295 n=33[0m
[0;32mI (25184) forensics: [CALLBACK_HIST] fixture=18 class=attack_tail lower_us=300 n=46[0m
[0;32mI (25194) forensics: [CALLBACK_HIST] fixture=18 class=attack_tail lower_us=305 n=28[0m
[0;32mI (25194) forensics: [CALLBACK_HIST] fixture=18 class=attack_tail lower_us=310 n=46[0m
[0;32mI (25204) forensics: [CALLBACK_HIST] fixture=18 class=attack_tail lower_us=315 n=71[0m
[0;32mI (25214) forensics: [CALLBACK_HIST] fixture=18 class=attack_tail lower_us=320 n=80[0m
[0;32mI (25224) forensics: [CALLBACK_HIST] fixture=18 class=attack_tail lower_us=325 n=169[0m
[0;32mI (25234) forensics: [CALLBACK_HIST] fixture=18 class=attack_tail lower_us=330 n=111[0m
[0;32mI (25244) forensics: [CALLBACK_HIST] fixture=18 class=attack_tail lower_us=335 n=31[0m
[0;32mI (25244) forensics: [CALLBACK_HIST] fixture=18 class=attack_tail lower_us=340 n=27[0m
[0;32mI (25254) forensics: [CALLBACK_HIST] fixture=18 class=attack_tail lower_us=345 n=21[0m
[0;32mI (25264) forensics: [CALLBACK_HIST] fixture=18 class=attack_tail lower_us=350 n=24[0m
[0;32mI (25274) forensics: [CALLBACK_HIST] fixture=18 class=attack_tail lower_us=355 n=15[0m
[0;32mI (25284) forensics: [CALLBACK_HIST] fixture=18 class=attack_tail lower_us=360 n=26[0m
[0;32mI (25294) forensics: [CALLBACK_HIST] fixture=18 class=attack_tail lower_us=365 n=5[0m
[0;32mI (25294) forensics: [CALLBACK_HIST] fixture=18 class=attack_tail lower_us=375 n=3[0m
[0;32mI (25304) forensics: [CALLBACK_HIST] fixture=18 class=attack_tail lower_us=380 n=4[0m
[0;32mI (25314) forensics: [CALLBACK_HIST] fixture=18 class=attack_tail lower_us=385 n=4[0m
[0;32mI (25324) forensics: [CALLBACK_HIST] fixture=18 class=attack_tail lower_us=395 n=4[0m
[0;32mI (25334) forensics: [CALLBACK_HIST] fixture=18 class=attack_tail lower_us=400 n=5[0m
[0;32mI (25344) forensics: [CALLBACK_HIST] fixture=18 class=attack_tail lower_us=405 n=7[0m
[0;32mI (25344) forensics: [CALLBACK_HIST] fixture=18 class=attack_tail lower_us=410 n=3[0m
[0;32mI (25354) forensics: [CALLBACK_HIST] fixture=18 class=attack_tail lower_us=415 n=3[0m
[0;32mI (25364) forensics: [CALLBACK_HIST] fixture=18 class=attack_tail lower_us=420 n=1[0m
[0;32mI (25374) forensics: [CALLBACK_HIST] fixture=18 class=attack_tail lower_us=430 n=4[0m
[0;32mI (25384) forensics: [CALLBACK_HIST] fixture=18 class=attack_tail lower_us=435 n=2[0m
[0;32mI (25384) forensics: [CALLBACK_HIST] fixture=18 class=attack_tail lower_us=440 n=2[0m
[0;32mI (25394) forensics: [CALLBACK_HIST] fixture=18 class=attack_tail lower_us=445 n=1[0m
[0;32mI (25404) forensics: [CALLBACK_HIST] fixture=18 class=attack_tail lower_us=450 n=3[0m
[0;32mI (25414) forensics: [CALLBACK_HIST] fixture=18 class=attack_tail lower_us=455 n=5[0m
[0;32mI (25424) forensics: [CALLBACK_HIST] fixture=18 class=attack_tail lower_us=460 n=3[0m
[0;32mI (25434) forensics: [CALLBACK_HIST] fixture=18 class=attack_tail lower_us=465 n=4[0m
[0;32mI (25434) forensics: [CALLBACK_HIST] fixture=18 class=attack_tail lower_us=470 n=4[0m
[0;32mI (25444) forensics: [CALLBACK_HIST] fixture=18 class=attack_tail lower_us=475 n=3[0m
[0;32mI (25454) forensics: [CALLBACK_HIST] fixture=18 class=attack_tail lower_us=485 n=1[0m
[0;32mI (25464) forensics: [CALLBACK_HIST] fixture=18 class=attack_tail lower_us=490 n=2[0m
[0;32mI (25474) forensics: [CALLBACK_HIST] fixture=18 class=attack_tail lower_us=495 n=2[0m
[0;32mI (25484) forensics: [CALLBACK_HIST] fixture=18 class=attack_tail lower_us=500 n=1[0m
[0;32mI (25484) forensics: [CALLBACK_HIST] fixture=18 class=attack_tail lower_us=505 n=1[0m
[0;32mI (25494) forensics: [CALLBACK_HIST] fixture=18 class=attack_tail lower_us=515 n=1[0m
[0;32mI (25504) forensics: [CALLBACK_HIST] fixture=18 class=attack_tail lower_us=535 n=1[0m
[0;32mI (25514) forensics: [CALLBACK_HIST] fixture=18 class=attack_tail lower_us=545 n=1[0m
[0;32mI (25524) forensics: [CALLBACK_HIST] fixture=18 class=attack_tail lower_us=555 n=1[0m
[0;32mI (25524) forensics: [CALLBACK_HIST] fixture=18 class=attack_tail lower_us=560 n=1[0m
[0;32mI (25534) forensics: [CALLBACK_HIST] fixture=18 class=attack_tail lower_us=565 n=1[0m
[0;32mI (25544) forensics: [CALLBACK_HIST] fixture=18 class=attack_tail lower_us=580 n=1[0m
[0;32mI (25554) forensics: [CURVE] model=UDU fixture=18 voices=1 class=event n=512 avg_us=310.22 p95_us=350 p99_us=395 p995_us=425 p999_us=465 max_us=461 deadline=0 bad_voices=0 ble_lost=0 hard=0 sat=0 bin_us=5 max_observed_voices=1[0m
[0;32mI (25574) forensics: [HIST] fixture=18 class=event lower_us=275 n=1[0m
[0;32mI (25584) forensics: [HIST] fixture=18 class=event lower_us=280 n=84[0m
[0;32mI (25584) forensics: [HIST] fixture=18 class=event lower_us=285 n=15[0m
[0;32mI (25594) forensics: [HIST] fixture=18 class=event lower_us=290 n=29[0m
[0;32mI (25604) forensics: [HIST] fixture=18 class=event lower_us=295 n=28[0m
[0;32mI (25614) forensics: [HIST] fixture=18 class=event lower_us=300 n=28[0m
[0;32mI (25614) forensics: [HIST] fixture=18 class=event lower_us=305 n=41[0m
[0;32mI (25624) forensics: [HIST] fixture=18 class=event lower_us=310 n=123[0m
[0;32mI (25634) forensics: [HIST] fixture=18 class=event lower_us=315 n=34[0m
[0;32mI (25634) forensics: [HIST] fixture=18 class=event lower_us=320 n=24[0m
[0;32mI (25644) forensics: [HIST] fixture=18 class=event lower_us=325 n=22[0m
[0;32mI (25654) forensics: [HIST] fixture=18 class=event lower_us=330 n=8[0m
[0;32mI (25654) forensics: [HIST] fixture=18 class=event lower_us=335 n=14[0m
[0;32mI (25664) forensics: [HIST] fixture=18 class=event lower_us=340 n=20[0m
[0;32mI (25674) forensics: [HIST] fixture=18 class=event lower_us=345 n=17[0m
[0;32mI (25684) forensics: [HIST] fixture=18 class=event lower_us=350 n=10[0m
[0;32mI (25684) forensics: [HIST] fixture=18 class=event lower_us=355 n=2[0m
[0;32mI (25694) forensics: [HIST] fixture=18 class=event lower_us=360 n=2[0m
[0;32mI (25704) forensics: [HIST] fixture=18 class=event lower_us=365 n=2[0m
[0;32mI (25704) forensics: [HIST] fixture=18 class=event lower_us=380 n=1[0m
[0;32mI (25714) forensics: [HIST] fixture=18 class=event lower_us=385 n=1[0m
[0;32mI (25724) forensics: [HIST] fixture=18 class=event lower_us=390 n=1[0m
[0;32mI (25724) forensics: [HIST] fixture=18 class=event lower_us=405 n=2[0m
[0;32mI (25734) forensics: [HIST] fixture=18 class=event lower_us=420 n=2[0m
[0;32mI (25744) forensics: [HIST] fixture=18 class=event lower_us=460 n=1[0m
[0;32mI (25754) forensics: [CALLBACK_CURVE] model=UDU fixture=18 voices=1 class=event n=512 avg_us=321.23 p95_us=365 p99_us=460 p995_us=485 p999_us=525 max_us=524 deadline=0 overhead_avg_us=11.01[0m
[0;32mI (25764) forensics: [CALLBACK_HIST] fixture=18 class=event lower_us=285 n=68[0m
[0;32mI (25774) forensics: [CALLBACK_HIST] fixture=18 class=event lower_us=290 n=23[0m
[0;32mI (25784) forensics: [CALLBACK_HIST] fixture=18 class=event lower_us=295 n=20[0m
[0;32mI (25794) forensics: [CALLBACK_HIST] fixture=18 class=event lower_us=300 n=35[0m
[0;32mI (25794) forensics: [CALLBACK_HIST] fixture=18 class=event lower_us=305 n=25[0m
[0;32mI (25804) forensics: [CALLBACK_HIST] fixture=18 class=event lower_us=310 n=35[0m
[0;32mI (25814) forensics: [CALLBACK_HIST] fixture=18 class=event lower_us=315 n=111[0m
[0;32mI (25824) forensics: [CALLBACK_HIST] fixture=18 class=event lower_us=320 n=46[0m
[0;32mI (25834) forensics: [CALLBACK_HIST] fixture=18 class=event lower_us=325 n=24[0m
[0;32mI (25834) forensics: [CALLBACK_HIST] fixture=18 class=event lower_us=330 n=8[0m
[0;32mI (25844) forensics: [CALLBACK_HIST] fixture=18 class=event lower_us=335 n=7[0m
[0;32mI (25854) forensics: [CALLBACK_HIST] fixture=18 class=event lower_us=340 n=5[0m
[0;32mI (25864) forensics: [CALLBACK_HIST] fixture=18 class=event lower_us=345 n=28[0m
[0;32mI (25864) forensics: [CALLBACK_HIST] fixture=18 class=event lower_us=350 n=23[0m
[0;32mI (25874) forensics: [CALLBACK_HIST] fixture=18 class=event lower_us=355 n=24[0m
[0;32mI (25884) forensics: [CALLBACK_HIST] fixture=18 class=event lower_us=360 n=9[0m
[0;32mI (25894) forensics: [CALLBACK_HIST] fixture=18 class=event lower_us=365 n=5[0m
[0;32mI (25904) forensics: [CALLBACK_HIST] fixture=18 class=event lower_us=375 n=1[0m
[0;32mI (25904) forensics: [CALLBACK_HIST] fixture=18 class=event lower_us=385 n=2[0m
[0;32mI (25914) forensics: [CALLBACK_HIST] fixture=18 class=event lower_us=390 n=1[0m
[0;32mI (25924) forensics: [CALLBACK_HIST] fixture=18 class=event lower_us=400 n=2[0m
[0;32mI (25934) forensics: [CALLBACK_HIST] fixture=18 class=event lower_us=415 n=2[0m
[0;32mI (25934) forensics: [CALLBACK_HIST] fixture=18 class=event lower_us=420 n=1[0m
[0;32mI (25944) forensics: [CALLBACK_HIST] fixture=18 class=event lower_us=440 n=1[0m
[0;32mI (25954) forensics: [CALLBACK_HIST] fixture=18 class=event lower_us=455 n=1[0m
[0;32mI (25964) forensics: [CALLBACK_HIST] fixture=18 class=event lower_us=460 n=1[0m
[0;32mI (25964) forensics: [CALLBACK_HIST] fixture=18 class=event lower_us=480 n=2[0m
[0;32mI (25974) forensics: [CALLBACK_HIST] fixture=18 class=event lower_us=500 n=1[0m
[0;32mI (25984) forensics: [CALLBACK_HIST] fixture=18 class=event lower_us=520 n=1[0m
[0;32mI (25994) forensics: [CURVE] model=UDU fixture=18 voices=1 class=fixture_transition n=1 avg_us=747.41 p95_us=750 p99_us=750 p995_us=750 p999_us=750 max_us=748 deadline=0 bad_voices=0 ble_lost=0 hard=0 sat=0 bin_us=5 max_observed_voices=1[0m
[0;32mI (26014) forensics: [HIST] fixture=18 class=fixture_transition lower_us=745 n=1[0m
[0;32mI (26024) forensics: [CALLBACK_CURVE] model=UDU fixture=18 voices=1 class=fixture_transition n=1 avg_us=920.00 p95_us=925 p99_us=925 p995_us=925 p999_us=925 max_us=920 deadline=0 overhead_avg_us=172.59[0m
[0;32mI (26044) forensics: [CALLBACK_HIST] fixture=18 class=fixture_transition lower_us=920 n=1[0m
[0;32mI (26044) forensics: [FASTPATH] fixture=18 stable8=0 attack=0[0m
[0;32mI (26054) forensics: [OVERHEAD] fixture=18 blocks=8971 model_reset_avg_us=1.81 model_reset_max_us=21 queue_avg_us=1.69 queue_max_us=41 render_avg_us=133.39 telem_avg_us=3.92 telem_max_us=202 telem_publishes=1121[0m
[0;32mI (26104) pocket_pan_main: [AUDIO] model=PAN blocks=9445 avg_us=301 p99_us=0 max_us=1069 cpu_load=11.3 deadline=0 timeout=0 tx_error=0 short=0[0m
[0;32mI (26104) pocket_pan_main: [MIDI] push=16 pop=16 drop=0 hwm=1 last=(n=69 v=75 t=78 hex=90454B)[0m
[0;32mI (26114) pocket_pan_main: [BLE] state=8 interval_ms=11.25 latency=0 rssi=-58 reconnects=1 last_disconnect=8[0m
[0;32mI (26124) pocket_pan_main: [MEM] internal_free=56243 largest_internal=31744[0m
[0;32mI (26134) pocket_pan_main: [UIREDRAW] urgent=31 telemetry=80 skip=660[0m
[0;32mI (31124) pocket_pan_main: [AUDIO] model=PAN blocks=11327 avg_us=272 p99_us=400 max_us=1069 cpu_load=10.2 deadline=0 timeout=0 tx_error=0 short=0[0m
[0;32mI (31124) pocket_pan_main: [MIDI] push=16 pop=16 drop=0 hwm=1 last=(n=69 v=75 t=78 hex=90454B)[0m
[0;32mI (31134) pocket_pan_main: [BLE] state=8 interval_ms=11.25 latency=0 rssi=-58 reconnects=1 last_disconnect=8[0m
[0;32mI (31144) pocket_pan_main: [MEM] internal_free=56243 largest_internal=31744[0m
[0;32mI (31154) pocket_pan_main: [UIREDRAW] urgent=31 telemetry=101 skip=805[0m
[0;32mI (35784) forensics: [SAFETY] fixture=19 hard=0 sat=0 nonfinite=0 ble_lost=0[0m
[0;32mI (35784) forensics: [EVENT_ONLY] fixture=19 n=22 avg_us=507.91 max_us=648[0m
[0;32mI (35784) forensics: [FIXTURE_IO] model=UDU fixture=19 avg_us=274 p99_us=400 max_us=1069 cpu_pct=10.27 deadline=0 timeouts=0 tx_errors=0 short_writes=0[0m
[0;32mI (35804) forensics: [CURVE] model=UDU fixture=19 voices=1 class=true_steady n=3765 avg_us=251.96 p95_us=275 p99_us=310 p995_us=315 p999_us=345 max_us=417 deadline=0 bad_voices=0 ble_lost=0 hard=0 sat=0 bin_us=5 max_observed_voices=1[0m
[0;32mI (35824) forensics: [HIST] fixture=19 class=true_steady lower_us=245 n=2914[0m
[0;32mI (35834) forensics: [HIST] fixture=19 class=true_steady lower_us=250 n=76[0m
[0;32mI (35834) forensics: [HIST] fixture=19 class=true_steady lower_us=255 n=53[0m
[0;32mI (35844) forensics: [HIST] fixture=19 class=true_steady lower_us=260 n=193[0m
[0;32mI (35854) forensics: [HIST] fixture=19 class=true_steady lower_us=265 n=31[0m
[0;32mI (35864) forensics: [HIST] fixture=19 class=true_steady lower_us=270 n=347[0m
[0;32mI (35864) forensics: [HIST] fixture=19 class=true_steady lower_us=275 n=46[0m
[0;32mI (35874) forensics: [HIST] fixture=19 class=true_steady lower_us=280 n=36[0m
[0;32mI (35884) forensics: [HIST] fixture=19 class=true_steady lower_us=285 n=9[0m
[0;32mI (35894) forensics: [HIST] fixture=19 class=true_steady lower_us=290 n=3[0m
[0;32mI (35894) forensics: [HIST] fixture=19 class=true_steady lower_us=295 n=4[0m
[0;32mI (35904) forensics: [HIST] fixture=19 class=true_steady lower_us=300 n=9[0m
[0;32mI (35914) forensics: [HIST] fixture=19 class=true_steady lower_us=305 n=15[0m
[0;32mI (35924) forensics: [HIST] fixture=19 class=true_steady lower_us=310 n=11[0m
[0;32mI (35924) forensics: [HIST] fixture=19 class=true_steady lower_us=315 n=5[0m
[0;32mI (35934) forensics: [HIST] fixture=19 class=true_steady lower_us=320 n=4[0m
[0;32mI (35944) forensics: [HIST] fixture=19 class=true_steady lower_us=325 n=1[0m
[0;32mI (35954) forensics: [HIST] fixture=19 class=true_steady lower_us=330 n=3[0m
[0;32mI (35954) forensics: [HIST] fixture=19 class=true_steady lower_us=335 n=1[0m
[0;32mI (35964) forensics: [HIST] fixture=19 class=true_steady lower_us=340 n=1[0m
[0;32mI (35974) forensics: [HIST] fixture=19 class=true_steady lower_us=355 n=1[0m
[0;32mI (35984) forensics: [HIST] fixture=19 class=true_steady lower_us=360 n=1[0m
[0;32mI (35984) forensics: [HIST] fixture=19 class=true_steady lower_us=415 n=1[0m
[0;32mI (35994) forensics: [CALLBACK_CURVE] model=UDU fixture=19 voices=1 class=true_steady n=3764 avg_us=265.79 p95_us=300 p99_us=385 p995_us=405 p999_us=455 max_us=582 deadline=0 overhead_avg_us=13.84[0m
[0;32mI (36014) forensics: [CALLBACK_HIST] fixture=19 class=true_steady lower_us=255 n=2595[0m
[0;32mI (36024) forensics: [CALLBACK_HIST] fixture=19 class=true_steady lower_us=260 n=98[0m
[0;32mI (36034) forensics: [CALLBACK_HIST] fixture=19 class=true_steady lower_us=265 n=42[0m
[0;32mI (36034) forensics: [CALLBACK_HIST] fixture=19 class=true_steady lower_us=270 n=38[0m
[0;32mI (36044) forensics: [CALLBACK_HIST] fixture=19 class=true_steady lower_us=275 n=137[0m
[0;32mI (36054) forensics: [CALLBACK_HIST] fixture=19 class=true_steady lower_us=280 n=472[0m
[0;32mI (36064) forensics: [CALLBACK_HIST] fixture=19 class=true_steady lower_us=285 n=101[0m
[0;32mI (36074) forensics: [CALLBACK_HIST] fixture=19 class=true_steady lower_us=290 n=59[0m
[0;32mI (36084) forensics: [CALLBACK_HIST] fixture=19 class=true_steady lower_us=295 n=39[0m
[0;32mI (36084) forensics: [CALLBACK_HIST] fixture=19 class=true_steady lower_us=300 n=32[0m
[0;32mI (36094) forensics: [CALLBACK_HIST] fixture=19 class=true_steady lower_us=305 n=26[0m
[0;32mI (36104) forensics: [CALLBACK_HIST] fixture=19 class=true_steady lower_us=310 n=20[0m
[0;32mI (36114) forensics: [CALLBACK_HIST] fixture=19 class=true_steady lower_us=315 n=4[0m
[0;32mI (36124) forensics: [CALLBACK_HIST] fixture=19 class=true_steady lower_us=320 n=14[0m
[0;32mI (36134) forensics: [CALLBACK_HIST] fixture=19 class=true_steady lower_us=325 n=15[0m
[0;32mI (36134) forensics: [CALLBACK_HIST] fixture=19 class=true_steady lower_us=330 n=3[0m
[0;32mI (36144) forensics: [CALLBACK_HIST] fixture=19 class=true_steady lower_us=335 n=1[0m
[0;32mI (36154) forensics: [CALLBACK_HIST] fixture=19 class=true_steady lower_us=340 n=8[0m
[0;32mI (36164) forensics: [CALLBACK_HIST] fixture=19 class=true_steady lower_us=350 n=6[0m
[0;32mI (36174) forensics: [CALLBACK_HIST] fixture=19 class=true_steady lower_us=355 n=1[0m
[0;32mI (36174) forensics: [CALLBACK_HIST] fixture=19 class=true_steady lower_us=360 n=1[0m
[0;32mI (36184) forensics: [CALLBACK_HIST] fixture=19 class=true_steady lower_us=365 n=2[0m
[0;32mI (36194) forensics: [CALLBACK_HIST] fixture=19 class=true_steady lower_us=370 n=4[0m
[0;32mI (36204) forensics: [CALLBACK_HIST] fixture=19 class=true_steady lower_us=375 n=6[0m
[0;32mI (36214) forensics: [CALLBACK_HIST] fixture=19 class=true_steady lower_us=380 n=4[0m
[0;32mI (36224) forensics: [CALLBACK_HIST] fixture=19 class=true_steady lower_us=385 n=6[0m
[0;32mI (36224) forensics: [CALLBACK_HIST] fixture=19 class=true_steady lower_us=390 n=7[0m
[0;32mI (36234) forensics: [CALLBACK_HIST] fixture=19 class=true_steady lower_us=395 n=3[0m
[0;32mI (36244) forensics: [CALLBACK_HIST] fixture=19 class=true_steady lower_us=400 n=3[0m
[0;32mI (36254) forensics: [CALLBACK_HIST] fixture=19 class=true_steady lower_us=405 n=3[0m
[0;32mI (36264) forensics: [CALLBACK_HIST] fixture=19 class=true_steady lower_us=410 n=2[0m
[0;32mI (36274) forensics: [CALLBACK_HIST] fixture=19 class=true_steady lower_us=415 n=2[0m
[0;32mI (36274) forensics: [CALLBACK_HIST] fixture=19 class=true_steady lower_us=420 n=2[0m
[0;32mI (36284) forensics: [CALLBACK_HIST] fixture=19 class=true_steady lower_us=425 n=2[0m
[0;32mI (36294) forensics: [CALLBACK_HIST] fixture=19 class=true_steady lower_us=445 n=2[0m
[0;32mI (36304) forensics: [CALLBACK_HIST] fixture=19 class=true_steady lower_us=450 n=2[0m
[0;32mI (36314) forensics: [CALLBACK_HIST] fixture=19 class=true_steady lower_us=490 n=1[0m
[0;32mI (36324) forensics: [CALLBACK_HIST] fixture=19 class=true_steady lower_us=580 n=1[0m
[0;32mI (36324) forensics: [CURVE] model=UDU fixture=19 voices=1 class=attack_tail n=308 avg_us=286.01 p95_us=325 p99_us=360 p995_us=370 p999_us=380 max_us=377 deadline=0 bad_voices=0 ble_lost=0 hard=0 sat=0 bin_us=5 max_observed_voices=1[0m
[0;32mI (36344) forensics: [HIST] fixture=19 class=attack_tail lower_us=275 n=209[0m
[0;32mI (36354) forensics: [HIST] fixture=19 class=attack_tail lower_us=280 n=15[0m
[0;32mI (36364) forensics: [HIST] fixture=19 class=attack_tail lower_us=285 n=11[0m
[0;32mI (36374) forensics: [HIST] fixture=19 class=attack_tail lower_us=290 n=15[0m
[0;32mI (36374) forensics: [HIST] fixture=19 class=attack_tail lower_us=295 n=4[0m
[0;32mI (36384) forensics: [HIST] fixture=19 class=attack_tail lower_us=300 n=5[0m
[0;32mI (36394) forensics: [HIST] fixture=19 class=attack_tail lower_us=305 n=4[0m
[0;32mI (36404) forensics: [HIST] fixture=19 class=attack_tail lower_us=310 n=5[0m
[0;32mI (36404) forensics: [HIST] fixture=19 class=attack_tail lower_us=315 n=23[0m
[0;32mI (36414) forensics: [HIST] fixture=19 class=attack_tail lower_us=320 n=2[0m
[0;32mI (36424) forensics: [HIST] fixture=19 class=attack_tail lower_us=325 n=2[0m
[0;32mI (36434) forensics: [HIST] fixture=19 class=attack_tail lower_us=330 n=4[0m
[0;32mI (36434) forensics: [HIST] fixture=19 class=attack_tail lower_us=335 n=1[0m
[0;32mI (36444) forensics: [HIST] fixture=19 class=attack_tail lower_us=350 n=3[0m
[0;32mI (36454) forensics: [HIST] fixture=19 class=attack_tail lower_us=355 n=3[0m
[0;32mI (36464) forensics: [HIST] fixture=19 class=attack_tail lower_us=365 n=1[0m
[0;32mI (36464) forensics: [HIST] fixture=19 class=attack_tail lower_us=375 n=1[0m
[0;32mI (36474) forensics: [CALLBACK_CURVE] model=UDU fixture=19 voices=1 class=attack_tail n=309 avg_us=307.25 p95_us=370 p99_us=430 p995_us=450 p999_us=530 max_us=526 deadline=0 overhead_avg_us=21.24[0m
[0;32mI (36494) forensics: [CALLBACK_HIST] fixture=19 class=attack_tail lower_us=280 n=50[0m
[0;32mI (36504) forensics: [CALLBACK_HIST] fixture=19 class=attack_tail lower_us=285 n=130[0m
[0;32mI (36514) forensics: [CALLBACK_HIST] fixture=19 class=attack_tail lower_us=290 n=9[0m
[0;32mI (36524) forensics: [CALLBACK_HIST] fixture=19 class=attack_tail lower_us=295 n=5[0m
[0;32mI (36524) forensics: [CALLBACK_HIST] fixture=19 class=attack_tail lower_us=300 n=1[0m
[0;32mI (36534) forensics: [CALLBACK_HIST] fixture=19 class=attack_tail lower_us=305 n=3[0m
[0;32mI (36544) forensics: [CALLBACK_HIST] fixture=19 class=attack_tail lower_us=310 n=3[0m
[0;32mI (36554) forensics: [CALLBACK_HIST] fixture=19 class=attack_tail lower_us=315 n=2[0m
[0;32mI (36564) forensics: [CALLBACK_HIST] fixture=19 class=attack_tail lower_us=320 n=18[0m
[0;32mI (36564) forensics: [CALLBACK_HIST] fixture=19 class=attack_tail lower_us=325 n=14[0m
[0;32mI (36574) forensics: [CALLBACK_HIST] fixture=19 class=attack_tail lower_us=330 n=15[0m
[0;32mI (36584) forensics: [CALLBACK_HIST] fixture=19 class=attack_tail lower_us=335 n=14[0m
[0;32mI (36594) forensics: [CALLBACK_HIST] fixture=19 class=attack_tail lower_us=340 n=11[0m
[0;32mI (36604) forensics: [CALLBACK_HIST] fixture=19 class=attack_tail lower_us=345 n=4[0m
[0;32mI (36614) forensics: [CALLBACK_HIST] fixture=19 class=attack_tail lower_us=350 n=8[0m
[0;32mI (36614) forensics: [CALLBACK_HIST] fixture=19 class=attack_tail lower_us=355 n=4[0m
[0;32mI (36624) forensics: [CALLBACK_HIST] fixture=19 class=attack_tail lower_us=360 n=1[0m
[0;32mI (36634) forensics: [CALLBACK_HIST] fixture=19 class=attack_tail lower_us=365 n=2[0m
[0;32mI (36644) forensics: [CALLBACK_HIST] fixture=19 class=attack_tail lower_us=375 n=4[0m
[0;32mI (36654) forensics: [CALLBACK_HIST] fixture=19 class=attack_tail lower_us=380 n=1[0m
[0;32mI (36664) forensics: [CALLBACK_HIST] fixture=19 class=attack_tail lower_us=385 n=1[0m
[0;32mI (36664) forensics: [CALLBACK_HIST] fixture=19 class=attack_tail lower_us=395 n=1[0m
[0;32mI (36674) forensics: [CALLBACK_HIST] fixture=19 class=attack_tail lower_us=400 n=1[0m
[0;32mI (36684) forensics: [CALLBACK_HIST] fixture=19 class=attack_tail lower_us=405 n=2[0m
[0;32mI (36694) forensics: [CALLBACK_HIST] fixture=19 class=attack_tail lower_us=410 n=1[0m
[0;32mI (36704) forensics: [CALLBACK_HIST] fixture=19 class=attack_tail lower_us=425 n=1[0m
[0;32mI (36714) forensics: [CALLBACK_HIST] fixture=19 class=attack_tail lower_us=445 n=2[0m
[0;32mI (36714) forensics: [CALLBACK_HIST] fixture=19 class=attack_tail lower_us=525 n=1[0m
[0;32mI (36724) forensics: [CURVE] model=UDU fixture=19 voices=1 class=event n=22 avg_us=836.64 p95_us=925 p99_us=1020 p995_us=1020 p999_us=1020 max_us=1017 deadline=0 bad_voices=0 ble_lost=0 hard=0 sat=0 bin_us=5 max_observed_voices=1[0m
[0;32mI (36744) forensics: [HIST] fixture=19 class=event lower_us=630 n=1[0m
[0;32mI (36754) forensics: [HIST] fixture=19 class=event lower_us=810 n=1[0m
[0;32mI (36764) forensics: [HIST] fixture=19 class=event lower_us=815 n=4[0m
[0;32mI (36764) forensics: [HIST] fixture=19 class=event lower_us=820 n=2[0m
[0;32mI (36774) forensics: [HIST] fixture=19 class=event lower_us=825 n=2[0m
[0;32mI (36784) forensics: [HIST] fixture=19 class=event lower_us=830 n=3[0m
[0;32mI (36784) forensics: [HIST] fixture=19 class=event lower_us=840 n=3[0m
[0;32mI (36794) forensics: [HIST] fixture=19 class=event lower_us=850 n=1[0m
[0;32mI (36804) forensics: [HIST] fixture=19 class=event lower_us=855 n=1[0m
[0;32mI (36814) forensics: [HIST] fixture=19 class=event lower_us=865 n=1[0m
[0;32mI (36814) forensics: [HIST] fixture=19 class=event lower_us=870 n=1[0m
[0;32mI (36824) forensics: [HIST] fixture=19 class=event lower_us=920 n=1[0m
[0;32mI (36834) forensics: [HIST] fixture=19 class=event lower_us=1015 n=1[0m
[0;32mI (36834) forensics: [CALLBACK_CURVE] model=UDU fixture=19 voices=1 class=event n=22 avg_us=878.86 p95_us=970 p99_us=1070 p995_us=1070 p999_us=1070 max_us=1069 deadline=0 overhead_avg_us=42.23[0m
[0;32mI (36854) forensics: [CALLBACK_HIST] fixture=19 class=event lower_us=675 n=1[0m
[0;32mI (36864) forensics: [CALLBACK_HIST] fixture=19 class=event lower_us=850 n=3[0m
[0;32mI (36874) forensics: [CALLBACK_HIST] fixture=19 class=event lower_us=855 n=1[0m
[0;32mI (36874) forensics: [CALLBACK_HIST] fixture=19 class=event lower_us=860 n=2[0m
[0;32mI (36884) forensics: [CALLBACK_HIST] fixture=19 class=event lower_us=865 n=2[0m
[0;32mI (36894) forensics: [CALLBACK_HIST] fixture=19 class=event lower_us=870 n=3[0m
[0;32mI (36904) forensics: [CALLBACK_HIST] fixture=19 class=event lower_us=875 n=2[0m
[0;32mI (36904) forensics: [CALLBACK_HIST] fixture=19 class=event lower_us=880 n=2[0m
[0;32mI (36914) forensics: [CALLBACK_HIST] fixture=19 class=event lower_us=890 n=1[0m
[0;32mI (36924) forensics: [CALLBACK_HIST] fixture=19 class=event lower_us=895 n=1[0m
[0;32mI (36934) forensics: [CALLBACK_HIST] fixture=19 class=event lower_us=905 n=1[0m
[0;32mI (36944) forensics: [CALLBACK_HIST] fixture=19 class=event lower_us=915 n=1[0m
[0;32mI (36944) forensics: [CALLBACK_HIST] fixture=19 class=event lower_us=965 n=1[0m
[0;32mI (36954) forensics: [CALLBACK_HIST] fixture=19 class=event lower_us=1065 n=1[0m
[0;32mI (36964) forensics: [CURVE] model=UDU fixture=19 voices=1 class=fixture_transition n=1 avg_us=457.34 p95_us=460 p99_us=460 p995_us=460 p999_us=460 max_us=458 deadline=0 bad_voices=0 ble_lost=0 hard=0 sat=0 bin_us=5 max_observed_voices=1[0m
[0;32mI (36984) forensics: [HIST] fixture=19 class=fixture_transition lower_us=455 n=1[0m
[0;32mI (36994) forensics: [CALLBACK_CURVE] model=UDU fixture=19 voices=1 class=fixture_transition n=1 avg_us=492.00 p95_us=495 p99_us=495 p995_us=495 p999_us=495 max_us=492 deadline=0 overhead_avg_us=34.66[0m
[0;32mI (37014) forensics: [CALLBACK_HIST] fixture=19 class=fixture_transition lower_us=490 n=1[0m
[0;32mI (37024) forensics: [FASTPATH] fixture=19 stable8=0 attack=0[0m
[0;32mI (37024) forensics: [OVERHEAD] fixture=19 blocks=4096 model_reset_avg_us=1.70 model_reset_max_us=13 queue_avg_us=1.78 queue_max_us=29 render_avg_us=262.23 telem_avg_us=4.22 telem_max_us=85 telem_publishes=512[0m
[0;32mI (37074) pocket_pan_main: [AUDIO] model=PAN blocks=13558 avg_us=11 p99_us=400 max_us=1069 cpu_load=0.4 deadline=0 timeout=0 tx_error=0 short=0[0m
[0;32mI (37074) pocket_pan_main: [MIDI] push=16 pop=16 drop=0 hwm=1 last=(n=69 v=75 t=78 hex=90454B)[0m
[0;32mI (37084) pocket_pan_main: [BLE] state=8 interval_ms=11.25 latency=0 rssi=-59 reconnects=1 last_disconnect=8[0m
[0;32mI (37094) pocket_pan_main: [MEM] internal_free=56243 largest_internal=31744[0m
[0;32mI (37104) pocket_pan_main: [UIREDRAW] urgent=31 telemetry=120 skip=941[0m
[0;32mI (42094) pocket_pan_main: [AUDIO] model=PAN blocks=15440 avg_us=10 p99_us=50 max_us=1069 cpu_load=0.4 deadline=0 timeout=0 tx_error=0 short=0[0m
[0;32mI (42094) pocket_pan_main: [MIDI] push=16 pop=16 drop=0 hwm=1 last=(n=69 v=75 t=78 hex=90454B)[0m
[0;32mI (42104) pocket_pan_main: [BLE] state=8 interval_ms=11.25 latency=0 rssi=-58 reconnects=1 last_disconnect=8[0m
[0;32mI (42114) pocket_pan_main: [MEM] internal_free=56243 largest_internal=31744[0m
[0;32mI (42124) pocket_pan_main: [UIREDRAW] urgent=31 telemetry=132 skip=1095[0m
