[0;32mI (123) esp_image: segment 1: paddr=000305ac vaddr=3fca2e[0;32mI (679) esp_psram: SPI SRAM memory test OK[0m
[0;32mI (689) cpu_start: Pro cpu start user code[0m
[0;32mI (689) cpu_start: cpu freq: 240000000 Hz[0m
[0;32mI (689) app_init: Application information:[0m
[0;32mI (692) app_init: Project name:     pocket_pan[0m
[0;32mI (697) app_init: App version:      5d9172a-dirty[0m
[0;32mI (702) app_init: Compile time:     Oct  1 2026 11:40:35[0m
[0;32mI (708) app_init: ELF file SHA256:  75f6d416d...[0m
[0;32mI (713) app_init: ESP-IDF:          v5.3-dirty[0m
[0;32mI (718) efuse_init: Min chip rev:     v0.0[0m
[0;32mI (723) efuse_init: Max chip rev:     v0.99 [0m
[0;32mI (728) efuse_init: Chip rev:         v0.2[0m
[0;32mI (733) heap_init: Initializing. RAM available for dynamic allocation:[0m
[0;32mI (740) heap_init: At 3FCD2938 len 00016DD8 (91 KiB): RAM[0m
[0;32mI (746) heap_init: At 3FCE9710 len 00005724 (21 KiB): RAM[0m
[0;32mI (752) heap_init: At 3FCF0000 len 00008000 (32 KiB): DRAM[0m
[0;32mI (758) heap_init: At 600FE100 len 00001EE8 (7 KiB): RTCRAM[0m
[0;32mI (765) esp_psram: Adding pool of 2048K of PSRAM memory to heap allocator[0m
[0;32mI (773) spi_flash: detected chip: generic[0m
[0;32mI (777) spi_flash: flash io: dio[0m
[0;32mI (781) sleep: Configure to isolate all GPIO pins in sleep state[0m
[0;32mI (788) sleep: Enable automatic switching of GPIO sleep configuration[0m
[0;32mI (795) coexist: coex firmware version: dab85ae96[0m
[0;32mI (800) coexist: coexist rom version e7ae62f[0m
[0;32mI (805) main_task: Started on CPU0[0m
[0;32mI (815) esp_psram: Reserving pool of 32K of internal memory for DMA/internal allocations[0m
[0;32mI (815) main_task: Calling app_main()[0m
[0;32mI (825) pocket_pan_main: ===============================================[0m
[0;32mI (825) pocket_pan_main:   Pocket Pan / Metal Modal Synthesizer v1.0.0[0m
[0;32mI (835) pocket_pan_main:   Hardware: TENSTAR TS-ESP32-S3 (Feather TFT)[0m
[0;32mI (845) pocket_pan_main: ===============================================[0m
[0;32mI (855) pocket_pan_main: [FORENSICS] candidate=25 profile=0 cpu_mhz=240 optimization_perf=1 process6=1 fine_bins=5 critical_only=0[0m
[0;32mI (915) pocket_pan_main: [MBIRA_BUZZ_COST] blocks=1024 avg_us=28.329 max_us=35.788 checksum=-0.002034[0m
[0;32mI (915) gpio: GPIO[10]| InputEn: 0| OutputEn: 1| OpenDrain: 0| Pullup: 0| Pulldown: 1| Intr:0 [0m
[0;32mI (925) AudioI2S: I2S TX initialized (48kHz, 32-bit slot, stereo, 6x128 frames DMA = 1024 bytes/buf)[0m
[0;32mI (935) AudioI2S: Audio task started on Core 0 at priority 12[0m
[0;32mI (935) Display: [DISP_MEM_PRE] before: int_free=115079 int_largest=31744 psram_free=2094528[0m
[0;33mW (945) Display: Internal SRAM (64800 B) exhausted; falling back to PSRAM[0m
[0;32mI (955) Display: [DISP_MEM] framebuffer=0x3c0a0a44 (size=64800, align=4, internal=0, dma=0, psram=1)[0m
[0;32mI (965) Display: [DISP_MEM] scratch=0x3fce417c (size=9600, align=12, internal=1, dma=1)[0m
[0;32mI (975) Display: [DISP_MEM] before: int_free=115079 int_largest=31744 psram_free=2094528[0m
[0;32mI (985) Display: [DISP_MEM] after:  int_free=105475 int_largest=31744 psram_free=2029724[0m
[0;32mI (995) gpio: GPIO[39]| InputEn: 0| OutputEn: 1| OpenDrain: 0| Pullup: 0| Pulldown: 0| Intr:0 [0m
[0;32mI (1005) gpio: GPIO[40]| InputEn: 0| OutputEn: 1| OpenDrain: 0| Pullup: 0| Pulldown: 0| Intr:0 [0m
[0;32mI (1005) gpio: GPIO[21]| InputEn: 0| OutputEn: 1| OpenDrain: 0| Pullup: 0| Pulldown: 0| Intr:0 [0m
[0;32mI (1235) gpio: GPIO[45]| InputEn: 0| OutputEn: 1| OpenDrain: 0| Pullup: 0| Pulldown: 0| Intr:0 [0m
[0;31mE (1235) lcd_panel.io.spi: panel_io_spi_tx_color(390): spi transmit (queue) color failed[0m
[0;31mE (1235) lcd_panel.st7789: panel_st7789_draw_bitmap(223): io tx color failed[0m
[0;32mI (1245) Display: ST7789 240x135 display initialized successfully (SPI 40MHz, GDMA callback armed)[0m
[0;32mI (1255) pocket_pan_main: [CANARY] PreparedNote canaries OK=1[0m
[0;32mI (1265) BLE_INIT: BT controller compile version [ba3b3e3][0m
[0;32mI (1265) BLE_INIT: Bluetooth MAC: b4:3a:45:ae:6f:2a[0m
[0;32mI (1275) phy_init: phy_version 680,a6008b2,Jun  4 2024,16:41:10[0m
[0;32mI (1315) BleMidi: NimBLE BLE MIDI Central initialized and pinned to Core 1[0m
[0;32mI (1315) BleMidi: NimBLE Host task running on Core 1[0m
[0;32mI (1315) pocket_pan_main: [M75_MEMORY] table_bytes=9640 cache_bytes=86760 synth_bytes=100672 internal_free=42827 largest_internal=31744[0m
[0;32mI (1325) NimBLE: Failed to restore IRKs from store; status=8
[0m
[0;32mI (1335) pocket_pan_main: Pocket Pan initialization complete. Realtime audio active.[0m
[0;32mI (1335) NimBLE: GAP procedure initiated: discovery; [0m
[0;32mI (1355) NimBLE: own_addr_type=0 filter_policy=0 passive=0 limited=0 filter_duplicates=1 [0m
[0;32mI (1345) main_task: Returned from app_main()[0m
[0;32mI (1355) NimBLE: duration=forever[0m
[0;32mI (1365) NimBLE: 
[0m
[0;32mI (1375) BleMidi: Scanning for BLE MIDI devices...[0m
[0;32mI (1375) BleMidi: BLE MIDI device found (59:FB:B6:B7:BF:0F); connecting[0m
[0;32mI (1385) NimBLE: GAP procedure initiated: connect; [0m
[0;32mI (1385) NimBLE: peer_addr_type=0 peer_addr=[0m
[0;32mI (1395) NimBLE: 59:fb:b6:b7:bf:0f[0m
[0;32mI (1395) NimBLE:  scan_itvl=16 scan_window=16 itvl_min=24 itvl_max=40 latency=0 supervision_timeout=256 min_ce_len=0 max_ce_len=0 own_addr_type=0[0m
[0;32mI (1415) NimBLE: 
[0m
[0;32mI (1335) gpio: GPIO[0]| InputEn: 1| OutputEn: 0| OpenDrain: 0| Pullup: 1| Pulldown: 0| Intr:0 [0m
[0;31mE (1435) lcd_panel.io.spi: panel_io_spi_tx_color(390): spi transmit (queue) color failed[0m
[0;31mE (1435) lcd_panel.st7789: panel_st7789_draw_bitmap(223): io tx color failed[0m
[0;31mE (1445) lcd_panel.io.spi: panel_io_spi_tx_color(390): spi transmit (queue) color failed[0m
[0;31mE (1445) lcd_panel.st7789: panel_st7789_draw_bitmap(223): io tx color failed[0m
[0;32mI (1485) BleMidi: BLE Connected! conn_handle=1[0m
[0;32mI (1485) NimBLE: GAP procedure initiated: [0m
[0;32mI (1485) NimBLE: connection parameter update; conn_handle=1 itvl_min=6 itvl_max=12 latency=0 supervision_timeout=200 min_ce_len=0 max_ce_len=0[0m
[0;32mI (1495) NimBLE: 
[0m
[0;32mI (1495) BleMidi: Requested connection params 7.5-15ms latency=0 timeout=2s rc=0[0m
[0;32mI (1505) NimBLE: GATT procedure initiated: discover all services
[0m
[0;31mE (1515) lcd_panel.io.spi: panel_io_spi_tx_color(390): spi transmit (queue) color failed[0m
[0;31mE (1525) lcd_panel.st7789: panel_st7789_draw_bitmap(223): io tx color failed[0m
[0;32mI (1765) BleMidi: Found BLE MIDI Service! start_handle=112 end_handle=115[0m
[0;32mI (1765) NimBLE: GATT procedure initiated: discover all characteristics; [0m
[0;32mI (1775) NimBLE: start_handle=112 end_handle=115
[0m
[0;32mI (1865) BleMidi: Found BLE MIDI Characteristic! def_handle=113 val_handle=114 props=0x16[0m
[0;32mI (1865) NimBLE: GATT procedure initiated: discover all descriptors; [0m
[0;32mI (1875) NimBLE: chr_val_handle=114 end_handle=115
[0m
[0;32mI (1965) BleMidi: Discovered CCCD (0x2902) handle=115[0m
[0;32mI (1965) NimBLE: GATT procedure initiated: write; [0m
[0;32mI (1965) NimBLE: att_handle=115 len=2
[0m
[0;32mI (2025) BleMidi: Negotiated params interval=7.50ms latency=0 timeout=2000ms[0m
[0;32mI (2035) BleMidi: CCCD subscription successful; BLE MIDI ready[0m
[0;32mI (2035) NimBLE: GAP procedure initiated: [0m
[0;32mI (2035) NimBLE: connection parameter update; conn_handle=1 itvl_min=6 itvl_max=9 latency=0 supervision_timeout=100 min_ce_len=0 max_ce_len=0[0m
[0;32mI (2055) NimBLE: 
[0m
[0;32mI (2135) BleMidi: Negotiated params interval=11.25ms latency=0 timeout=1000ms[0m
[0;32mI (5815) pocket_pan_main: [AUDIO] model=PAN blocks=1829 avg_us=466 p99_us=0 max_us=1011 cpu_load=17.5 deadline=0 timeout=0 tx_error=0 short=0[0m
[0;32mI (5815) pocket_pan_main: [MIDI] push=0 pop=0 drop=0 hwm=0 last=(n=62 v=0 t=78 hex=000000)[0m
[0;32mI (5825) pocket_pan_main: [BLE] state=8 interval_ms=11.25 latency=0 rssi=-59 reconnects=0 last_disconnect=0[0m
[0;32mI (5835) pocket_pan_main: [MEM] internal_free=43491 largest_internal=27648[0m
[0;32mI (5845) pocket_pan_main: [UIREDRAW] urgent=7 telemetry=17 skip=121[0m
[0;32mI (10825) pocket_pan_main: [AUDIO] model=PAN blocks=3709 avg_us=472 p99_us=925 max_us=1094 cpu_load=17.7 deadline=0 timeout=0 tx_error=0 short=0[0m
[0;32mI (10825) pocket_pan_main: [MIDI] push=0 pop=0 drop=0 hwm=0 last=(n=62 v=0 t=78 hex=000000)[0m
[0;32mI (10835) pocket_pan_main: [BLE] state=8 interval_ms=11.25 latency=0 rssi=-55 reconnects=0 last_disconnect=0[0m
[0;32mI (10845) pocket_pan_main: [MEM] internal_free=43491 largest_internal=27648[0m
[0;32mI (10855) pocket_pan_main: [UIREDRAW] urgent=7 telemetry=37 skip=267[0m
[0;32mI (15845) pocket_pan_main: [AUDIO] model=PAN blocks=5591 avg_us=471 p99_us=900 max_us=1094 cpu_load=17.7 deadline=0 timeout=0 tx_error=0 short=0[0m
[0;32mI (15845) pocket_pan_main: [MIDI] push=0 pop=0 drop=0 hwm=0 last=(n=62 v=0 t=78 hex=000000)[0m
[0;32mI (15855) pocket_pan_main: [BLE] state=8 interval_ms=11.25 latency=0 rssi=-55 reconnects=0 last_disconnect=0[0m
[0;32mI (15865) pocket_pan_main: [MEM] internal_free=43491 largest_internal=27648[0m
[0;32mI (15875) pocket_pan_main: [UIREDRAW] urgent=7 telemetry=58 skip=412[0m
[0;32mI (20865) pocket_pan_main: [AUDIO] model=PAN blocks=7473 avg_us=470 p99_us=925 max_us=1094 cpu_load=17.6 deadline=0 timeout=0 tx_error=0 short=0[0m
[0;32mI (20865) pocket_pan_main: [MIDI] push=0 pop=0 drop=0 hwm=0 last=(n=62 v=0 t=78 hex=000000)[0m
[0;32mI (20875) pocket_pan_main: [BLE] state=8 interval_ms=11.25 latency=0 rssi=-55 reconnects=0 last_disconnect=0[0m
[0;32mI (20885) pocket_pan_main: [MEM] internal_free=43491 largest_internal=27648[0m
[0;32mI (20895) pocket_pan_main: [UIREDRAW] urgent=7 telemetry=78 skip=558[0m
[0;32mI (23935) forensics: [SAFETY] fixture=3 hard=0 sat=0 nonfinite=0 ble_lost=0[0m
[0;32mI (23935) forensics: [FIXTURE_IO] model=MBIRA fixture=3 avg_us=471 p99_us=925 max_us=1094 cpu_pct=17.66 deadline=0 timeouts=0 tx_errors=0 short_writes=0[0m
[0;32mI (23945) forensics: [CURVE] model=MBIRA fixture=3 voices=1 class=true_steady n=7975 avg_us=443.14 p95_us=455 p99_us=485 p995_us=495 p999_us=600 max_us=616 deadline=0 bad_voices=0 ble_lost=0 hard=0 sat=0 bin_us=5 max_observed_voices=1[0m
[0;32mI (23965) forensics: [HIST] fixture=3 class=true_steady lower_us=440 n=6221[0m
[0;32mI (23975) forensics: [HIST] fixture=3 class=true_steady lower_us=445 n=1079[0m
[0;32mI (23985) forensics: [HIST] fixture=3 class=true_steady lower_us=450 n=361[0m
[0;32mI (23995) forensics: [HIST] fixture=3 class=true_steady lower_us=455 n=103[0m
[0;32mI (23995) forensics: [HIST] fixture=3 class=true_steady lower_us=460 n=57[0m
[0;32mI (24005) forensics: [HIST] fixture=3 class=true_steady lower_us=465 n=22[0m
[0;32mI (24015) forensics: [HIST] fixture=3 class=true_steady lower_us=470 n=20[0m
[0;32mI (24025) forensics: [HIST] fixture=3 class=true_steady lower_us=475 n=30[0m
[0;32mI (24025) forensics: [HIST] fixture=3 class=true_steady lower_us=480 n=23[0m
[0;32mI (24035) forensics: [HIST] fixture=3 class=true_steady lower_us=485 n=18[0m
[0;32mI (24045) forensics: [HIST] fixture=3 class=true_steady lower_us=490 n=9[0m
[0;32mI (24055) forensics: [HIST] fixture=3 class=true_steady lower_us=495 n=2[0m
[0;32mI (24055) forensics: [HIST] fixture=3 class=true_steady lower_us=500 n=1[0m
[0;32mI (24065) forensics: [HIST] fixture=3 class=true_steady lower_us=505 n=3[0m
[0;32mI (24075) forensics: [HIST] fixture=3 class=true_steady lower_us=510 n=1[0m
[0;32mI (24075) forensics: [HIST] fixture=3 class=true_steady lower_us=515 n=2[0m
[0;32mI (24085) forensics: [HIST] fixture=3 class=true_steady lower_us=520 n=1[0m
[0;32mI (24095) forensics: [HIST] fixture=3 class=true_steady lower_us=590 n=13[0m
[0;32mI (24105) forensics: [HIST] fixture=3 class=true_steady lower_us=595 n=6[0m
[0;32mI (24105) forensics: [HIST] fixture=3 class=true_steady lower_us=600 n=1[0m
[0;32mI (24115) forensics: [HIST] fixture=3 class=true_steady lower_us=605 n=1[0m
[0;32mI (24125) forensics: [HIST] fixture=3 class=true_steady lower_us=615 n=1[0m
[0;32mI (24135) forensics: [CALLBACK_CURVE] model=MBIRA fixture=3 voices=1 class=true_steady n=7974 avg_us=460.66 p95_us=505 p99_us=565 p995_us=595 p999_us=650 max_us=900 deadline=0 overhead_avg_us=17.51[0m
[0;32mI (24145) forensics: [CALLBACK_HIST] fixture=3 class=true_steady lower_us=445 n=3887[0m
[0;32mI (24155) forensics: [CALLBACK_HIST] fixture=3 class=true_steady lower_us=450 n=924[0m
[0;32mI (24165) forensics: [CALLBACK_HIST] fixture=3 class=true_steady lower_us=455 n=865[0m
[0;32mI (24175) forensics: [CALLBACK_HIST] fixture=3 class=true_steady lower_us=460 n=411[0m
[0;32mI (24185) forensics: [CALLBACK_HIST] fixture=3 class=true_steady lower_us=465 n=323[0m
[0;32mI (24195) forensics: [CALLBACK_HIST] fixture=3 class=true_steady lower_us=470 n=215[0m
[0;32mI (24205) forensics: [CALLBACK_HIST] fixture=3 class=true_steady lower_us=475 n=242[0m
[0;32mI (24205) forensics: [CALLBACK_HIST] fixture=3 class=true_steady lower_us=480 n=245[0m
[0;32mI (24215) forensics: [CALLBACK_HIST] fixture=3 class=true_steady lower_us=485 n=234[0m
[0;32mI (24225) forensics: [CALLBACK_HIST] fixture=3 class=true_steady lower_us=490 n=116[0m
[0;32mI (24235) forensics: [CALLBACK_HIST] fixture=3 class=true_steady lower_us=495 n=91[0m
[0;32mI (24245) forensics: [CALLBACK_HIST] fixture=3 class=true_steady lower_us=500 n=66[0m
[0;32mI (24245) forensics: [CALLBACK_HIST] fixture=3 class=true_steady lower_us=505 n=51[0m
[0;32mI (24255) forensics: [CALLBACK_HIST] fixture=3 class=true_steady lower_us=510 n=55[0m
[0;32mI (24265) forensics: [CALLBACK_HIST] fixture=3 class=true_steady lower_us=515 n=48[0m
[0;32mI (24275) forensics: [CALLBACK_HIST] fixture=3 class=true_steady lower_us=520 n=31[0m
[0;32mI (24285) forensics: [CALLBACK_HIST] fixture=3 class=true_steady lower_us=525 n=10[0m
[0;32mI (24295) forensics: [CALLBACK_HIST] fixture=3 class=true_steady lower_us=530 n=13[0m
[0;32mI (24295) forensics: [CALLBACK_HIST] fixture=3 class=true_steady lower_us=535 n=5[0m
[0;32mI (24305) forensics: [CALLBACK_HIST] fixture=3 class=true_steady lower_us=540 n=12[0m
[0;32mI (24315) forensics: [CALLBACK_HIST] fixture=3 class=true_steady lower_us=545 n=13[0m
[0;32mI (24325) forensics: [CALLBACK_HIST] fixture=3 class=true_steady lower_us=550 n=13[0m
[0;32mI (24335) forensics: [CALLBACK_HIST] fixture=3 class=true_steady lower_us=555 n=18[0m
[0;32mI (24345) forensics: [CALLBACK_HIST] fixture=3 class=true_steady lower_us=560 n=12[0m
[0;32mI (24345) forensics: [CALLBACK_HIST] fixture=3 class=true_steady lower_us=565 n=10[0m
[0;32mI (24355) forensics: [CALLBACK_HIST] fixture=3 class=true_steady lower_us=570 n=7[0m
[0;32mI (24365) forensics: [CALLBACK_HIST] fixture=3 class=true_steady lower_us=575 n=7[0m
[0;32mI (24375) forensics: [CALLBACK_HIST] fixture=3 class=true_steady lower_us=580 n=8[0m
[0;32mI (24385) forensics: [CALLBACK_HIST] fixture=3 class=true_steady lower_us=585 n=1[0m
[0;32mI (24385) forensics: [CALLBACK_HIST] fixture=3 class=true_steady lower_us=590 n=3[0m
[0;32mI (24395) forensics: [CALLBACK_HIST] fixture=3 class=true_steady lower_us=595 n=1[0m
[0;32mI (24405) forensics: [CALLBACK_HIST] fixture=3 class=true_steady lower_us=600 n=4[0m
[0;32mI (24415) forensics: [CALLBACK_HIST] fixture=3 class=true_steady lower_us=605 n=9[0m
[0;32mI (24425) forensics: [CALLBACK_HIST] fixture=3 class=true_steady lower_us=610 n=9[0m
[0;32mI (24435) forensics: [CALLBACK_HIST] fixture=3 class=true_steady lower_us=615 n=1[0m
[0;32mI (24435) forensics: [CALLBACK_HIST] fixture=3 class=true_steady lower_us=620 n=2[0m
[0;32mI (24445) forensics: [CALLBACK_HIST] fixture=3 class=true_steady lower_us=635 n=2[0m
[0;32mI (24455) forensics: [CALLBACK_HIST] fixture=3 class=true_steady lower_us=640 n=2[0m
[0;32mI (24465) forensics: [CALLBACK_HIST] fixture=3 class=true_steady lower_us=645 n=2[0m
[0;32mI (24475) forensics: [CALLBACK_HIST] fixture=3 class=true_steady lower_us=650 n=1[0m
[0;32mI (24475) forensics: [CALLBACK_HIST] fixture=3 class=true_steady lower_us=655 n=2[0m
[0;32mI (24485) forensics: [CALLBACK_HIST] fixture=3 class=true_steady lower_us=675 n=1[0m
[0;32mI (24495) forensics: [CALLBACK_HIST] fixture=3 class=true_steady lower_us=690 n=1[0m
[0;32mI (24505) forensics: [CALLBACK_HIST] fixture=3 class=true_steady lower_us=900 n=1[0m
[0;32mI (24515) forensics: [CURVE] model=MBIRA fixture=3 voices=1 class=attack_tail n=0 avg_us=0.00 p95_us=0 p99_us=0 p995_us=0 p999_us=0 max_us=0 deadline=0 bad_voices=0 ble_lost=0 hard=0 sat=0 bin_us=5 max_observed_voices=1[0m
[0;32mI (24535) forensics: [CALLBACK_CURVE] model=MBIRA fixture=3 voices=1 class=attack_tail n=0 avg_us=0.00 p95_us=0 p99_us=0 p995_us=0 p999_us=0 max_us=0 deadline=0 overhead_avg_us=0.00[0m
[0;32mI (24545) forensics: [CURVE] model=MBIRA fixture=3 voices=1 class=event n=216 avg_us=832.14 p95_us=920 p99_us=960 p995_us=975 p999_us=1030 max_us=1026 deadline=0 bad_voices=0 ble_lost=0 hard=0 sat=0 bin_us=5 max_observed_voices=1[0m
[0;32mI (24565) forensics: [HIST] fixture=3 class=event lower_us=725 n=1[0m
[0;32mI (24575) forensics: [HIST] fixture=3 class=event lower_us=740 n=4[0m
[0;32mI (24585) forensics: [HIST] fixture=3 class=event lower_us=745 n=10[0m
[0;32mI (24595) forensics: [HIST] fixture=3 class=event lower_us=750 n=9[0m
[0;32mI (24595) forensics: [HIST] fixture=3 class=event lower_us=755 n=16[0m
[0;32mI (24605) forensics: [HIST] fixture=3 class=event lower_us=760 n=14[0m
[0;32mI (24615) forensics: [HIST] fixture=3 class=event lower_us=765 n=18[0m
[0;32mI (24615) forensics: [HIST] fixture=3 class=event lower_us=770 n=8[0m
[0;32mI (24625) forensics: [HIST] fixture=3 class=event lower_us=775 n=2[0m
[0;32mI (24635) forensics: [HIST] fixture=3 class=event lower_us=780 n=6[0m
[0;32mI (24635) forensics: [HIST] fixture=3 class=event lower_us=790 n=2[0m
[0;32mI (24645) forensics: [HIST] fixture=3 class=event lower_us=795 n=4[0m
[0;32mI (24655) forensics: [HIST] fixture=3 class=event lower_us=805 n=1[0m
[0;32mI (24655) forensics: [HIST] fixture=3 class=event lower_us=810 n=1[0m
[0;32mI (24665) forensics: [HIST] fixture=3 class=event lower_us=820 n=2[0m
[0;32mI (24675) forensics: [HIST] fixture=3 class=event lower_us=825 n=1[0m
[0;32mI (24675) forensics: [HIST] fixture=3 class=event lower_us=835 n=3[0m
[0;32mI (24685) forensics: [HIST] fixture=3 class=event lower_us=840 n=7[0m
[0;32mI (24695) forensics: [HIST] fixture=3 class=event lower_us=845 n=2[0m
[0;32mI (24705) forensics: [HIST] fixture=3 class=event lower_us=850 n=2[0m
[0;32mI (24705) forensics: [HIST] fixture=3 class=event lower_us=855 n=3[0m
[0;32mI (24715) forensics: [HIST] fixture=3 class=event lower_us=860 n=6[0m
[0;32mI (24725) forensics: [HIST] fixture=3 class=event lower_us=865 n=3[0m
[0;32mI (24725) forensics: [HIST] fixture=3 class=event lower_us=870 n=3[0m
[0;32mI (24735) forensics: [HIST] fixture=3 class=event lower_us=875 n=5[0m
[0;32mI (24745) forensics: [HIST] fixture=3 class=event lower_us=880 n=13[0m
[0;32mI (24745) forensics: [HIST] fixture=3 class=event lower_us=885 n=8[0m
[0;32mI (24755) forensics: [HIST] fixture=3 class=event lower_us=890 n=15[0m
[0;32mI (24765) forensics: [HIST] fixture=3 class=event lower_us=895 n=9[0m
[0;32mI (24765) forensics: [HIST] fixture=3 class=event lower_us=900 n=15[0m
[0;32mI (24775) forensics: [HIST] fixture=3 class=event lower_us=905 n=6[0m
[0;32mI (24785) forensics: [HIST] fixture=3 class=event lower_us=910 n=3[0m
[0;32mI (24785) forensics: [HIST] fixture=3 class=event lower_us=915 n=4[0m
[0;32mI (24795) forensics: [HIST] fixture=3 class=event lower_us=920 n=2[0m
[0;32mI (24805) forensics: [HIST] fixture=3 class=event lower_us=930 n=2[0m
[0;32mI (24815) forensics: [HIST] fixture=3 class=event lower_us=945 n=1[0m
[0;32mI (24815) forensics: [HIST] fixture=3 class=event lower_us=950 n=2[0m
[0;32mI (24825) forensics: [HIST] fixture=3 class=event lower_us=955 n=1[0m
[0;32mI (24835) forensics: [HIST] fixture=3 class=event lower_us=970 n=1[0m
[0;32mI (24835) forensics: [HIST] fixture=3 class=event lower_us=1025 n=1[0m
[0;32mI (24845) forensics: [CALLBACK_CURVE] model=MBIRA fixture=3 voices=1 class=event n=216 avg_us=880.39 p95_us=985 p99_us=1060 p995_us=1090 p999_us=1095 max_us=1094 deadline=0 overhead_avg_us=48.25[0m
[0;32mI (24865) forensics: [CALLBACK_HIST] fixture=3 class=event lower_us=750 n=1[0m
[0;32mI (24875) forensics: [CALLBACK_HIST] fixture=3 class=event lower_us=760 n=1[0m
[0;32mI (24875) forensics: [CALLBACK_HIST] fixture=3 class=event lower_us=770 n=2[0m
[0;32mI (24885) forensics: [CALLBACK_HIST] fixture=3 class=event lower_us=775 n=3[0m
[0;32mI (24895) forensics: [CALLBACK_HIST] fixture=3 class=event lower_us=780 n=3[0m
[0;32mI (24905) forensics: [CALLBACK_HIST] fixture=3 class=event lower_us=785 n=7[0m
[0;32mI (24905) forensics: [CALLBACK_HIST] fixture=3 class=event lower_us=790 n=7[0m
[0;32mI (24915) forensics: [CALLBACK_HIST] fixture=3 class=event lower_us=795 n=13[0m
[0;32mI (24925) forensics: [CALLBACK_HIST] fixture=3 class=event lower_us=800 n=13[0m
[0;32mI (24935) forensics: [CALLBACK_HIST] fixture=3 class=event lower_us=805 n=11[0m
[0;32mI (24935) forensics: [CALLBACK_HIST] fixture=3 class=event lower_us=810 n=12[0m
[0;32mI (24945) forensics: [CALLBACK_HIST] fixture=3 class=event lower_us=815 n=4[0m
[0;32mI (24955) forensics: [CALLBACK_HIST] fixture=3 class=event lower_us=820 n=5[0m
[0;32mI (24965) forensics: [CALLBACK_HIST] fixture=3 class=event lower_us=825 n=4[0m
[0;32mI (24975) forensics: [CALLBACK_HIST] fixture=3 class=event lower_us=830 n=2[0m
[0;32mI (24975) forensics: [CALLBACK_HIST] fixture=3 class=event lower_us=835 n=1[0m
[0;32mI (24985) forensics: [CALLBACK_HIST] fixture=3 class=event lower_us=840 n=2[0m
[0;32mI (24995) forensics: [CALLBACK_HIST] fixture=3 class=event lower_us=845 n=3[0m
[0;32mI (25005) forensics: [CALLBACK_HIST] fixture=3 class=event lower_us=860 n=2[0m
[0;32mI (25005) forensics: [CALLBACK_HIST] fixture=3 class=event lower_us=870 n=2[0m
[0;32mI (25015) forensics: [CALLBACK_HIST] fixture=3 class=event lower_us=875 n=1[0m
[0;32mI (25025) forensics: [CALLBACK_HIST] fixture=3 class=event lower_us=880 n=1[0m
[0;32mI (25035) forensics: [CALLBACK_HIST] fixture=3 class=event lower_us=885 n=2[0m
[0;32mI (25035) forensics: [CALLBACK_HIST] fixture=3 class=event lower_us=890 n=2[0m
[0;32mI (25045) forensics: [CALLBACK_HIST] fixture=3 class=event lower_us=895 n=4[0m
[0;32mI (25055) forensics: [CALLBACK_HIST] fixture=3 class=event lower_us=900 n=3[0m
[0;32mI (25065) forensics: [CALLBACK_HIST] fixture=3 class=event lower_us=905 n=5[0m
[0;32mI (25065) forensics: [CALLBACK_HIST] fixture=3 class=event lower_us=910 n=4[0m
[0;32mI (25075) forensics: [CALLBACK_HIST] fixture=3 class=event lower_us=915 n=4[0m
[0;32mI (25085) forensics: [CALLBACK_HIST] fixture=3 class=event lower_us=920 n=6[0m
[0;32mI (25095) forensics: [CALLBACK_HIST] fixture=3 class=event lower_us=925 n=6[0m
[0;32mI (25105) forensics: [CALLBACK_HIST] fixture=3 class=event lower_us=930 n=16[0m
[0;32mI (25105) forensics: [CALLBACK_HIST] fixture=3 class=event lower_us=935 n=9[0m
[0;32mI (25115) forensics: [CALLBACK_HIST] fixture=3 class=event lower_us=940 n=11[0m
[0;32mI (25125) forensics: [CALLBACK_HIST] fixture=3 class=event lower_us=945 n=10[0m
[0;32mI (25135) forensics: [CALLBACK_HIST] fixture=3 class=event lower_us=950 n=6[0m
[0;32mI (25135) forensics: [CALLBACK_HIST] fixture=3 class=event lower_us=955 n=6[0m
[0;32mI (25145) forensics: [CALLBACK_HIST] fixture=3 class=event lower_us=960 n=4[0m
[0;32mI (25155) forensics: [CALLBACK_HIST] fixture=3 class=event lower_us=965 n=3[0m
[0;32mI (25165) forensics: [CALLBACK_HIST] fixture=3 class=event lower_us=970 n=1[0m
[0;32mI (25165) forensics: [CALLBACK_HIST] fixture=3 class=event lower_us=975 n=2[0m
[0;32mI (25175) forensics: [CALLBACK_HIST] fixture=3 class=event lower_us=980 n=2[0m
[0;32mI (25185) forensics: [CALLBACK_HIST] fixture=3 class=event lower_us=985 n=2[0m
[0;32mI (25195) forensics: [CALLBACK_HIST] fixture=3 class=event lower_us=995 n=3[0m
[0;32mI (25195) forensics: [CALLBACK_HIST] fixture=3 class=event lower_us=1010 n=1[0m
[0;32mI (25205) forensics: [CALLBACK_HIST] fixture=3 class=event lower_us=1030 n=1[0m
[0;32mI (25215) forensics: [CALLBACK_HIST] fixture=3 class=event lower_us=1055 n=1[0m
[0;32mI (25225) forensics: [CALLBACK_HIST] fixture=3 class=event lower_us=1085 n=1[0m
[0;32mI (25235) forensics: [CALLBACK_HIST] fixture=3 class=event lower_us=1090 n=1[0m
[0;32mI (25235) forensics: [CURVE] model=MBIRA fixture=3 voices=1 class=fixture_transition n=1 avg_us=673.08 p95_us=675 p99_us=675 p995_us=675 p999_us=675 max_us=674 deadline=0 bad_voices=0 ble_lost=0 hard=0 sat=0 bin_us=5 max_observed_voices=1[0m
[0;32mI (25265) forensics: [HIST] fixture=3 class=fixture_transition lower_us=670 n=1[0m
[0;32mI (25265) forensics: [CALLBACK_CURVE] model=MBIRA fixture=3 voices=1 class=fixture_transition n=1 avg_us=871.00 p95_us=875 p99_us=875 p995_us=875 p999_us=875 max_us=871 deadline=0 overhead_avg_us=197.92[0m
[0;32mI (25285) forensics: [CALLBACK_HIST] fixture=3 class=fixture_transition lower_us=870 n=1[0m
[0;32mI (25295) forensics: [FASTPATH] fixture=3 stable8=0 attack=0[0m
[0;32mI (25305) forensics: [OVERHEAD] fixture=3 blocks=8614 model_reset_avg_us=1.61 model_reset_max_us=23 queue_avg_us=2.00 queue_max_us=50 render_avg_us=436.86 telem_avg_us=5.21 telem_max_us=85 telem_publishes=1076[0m
[0;32mI (25865) pocket_pan_main: [AUDIO] model=PAN blocks=9347 avg_us=1275 p99_us=0 max_us=1795 cpu_load=47.8 deadline=0 timeout=0 tx_error=0 short=0[0m
[0;32mI (25865) pocket_pan_main: [MIDI] push=0 pop=0 drop=0 hwm=0 last=(n=62 v=0 t=78 hex=000000)[0m
[0;32mI (25875) pocket_pan_main: [BLE] state=8 interval_ms=11.25 latency=0 rssi=-56 reconnects=0 last_disconnect=0[0m
[0;32mI (25885) pocket_pan_main: [MEM] internal_free=43491 largest_internal=27648[0m
[0;32mI (25895) pocket_pan_main: [UIREDRAW] urgent=9 telemetry=91 skip=662[0m
[0;32mI (30875) pocket_pan_main: [AUDIO] model=PAN blocks=11227 avg_us=1188 p99_us=1675 max_us=1893 cpu_load=44.5 deadline=0 timeout=0 tx_error=0 short=0[0m
[0;32mI (30875) pocket_pan_main: [MIDI] push=0 pop=0 drop=0 hwm=0 last=(n=62 v=0 t=78 hex=000000)[0m
[0;32mI (30885) pocket_pan_main: [BLE] state=8 interval_ms=11.25 latency=0 rssi=-57 reconnects=0 last_disconnect=0[0m
[0;32mI (30895) pocket_pan_main: [MEM] internal_free=43491 largest_internal=27648[0m
[0;32mI (30905) pocket_pan_main: [UIREDRAW] urgent=21 telemetry=108 skip=799[0m
[0;32mI (35895) pocket_pan_main: [AUDIO] model=PAN blocks=13110 avg_us=1259 p99_us=1725 max_us=1893 cpu_load=47.2 deadline=0 timeout=0 tx_error=0 short=0[0m
[0;32mI (35895) pocket_pan_main: [MIDI] push=0 pop=0 drop=0 hwm=0 last=(n=62 v=0 t=78 hex=000000)[0m
[0;32mI (35905) pocket_pan_main: [BLE] state=8 interval_ms=11.25 latency=0 rssi=-57 reconnects=0 last_disconnect=0[0m
[0;32mI (35915) pocket_pan_main: [MEM] internal_free=43491 largest_internal=27648[0m
[0;32mI (35925) pocket_pan_main: [UIREDRAW] urgent=31 telemetry=126 skip=937[0m
[0;32mI (40915) pocket_pan_main: [AUDIO] model=PAN blocks=14991 avg_us=1143 p99_us=1700 max_us=2097 cpu_load=42.9 deadline=0 timeout=0 tx_error=0 short=0[0m
[0;32mI (40915) pocket_pan_main: [MIDI] push=0 pop=0 drop=0 hwm=0 last=(n=62 v=0 t=78 hex=000000)[0m
[0;32mI (40925) pocket_pan_main: [BLE] state=8 interval_ms=11.25 latency=0 rssi=-56 reconnects=0 last_disconnect=0[0m
[0;32mI (40935) pocket_pan_main: [MEM] internal_free=43491 largest_internal=27648[0m
[0;32mI (40945) pocket_pan_main: [UIREDRAW] urgent=43 telemetry=143 skip=1074[0m
[0;32mI (45775) forensics: [SAFETY] fixture=4 hard=0 sat=0 nonfinite=0 ble_lost=0[0m
[0;32mI (45775) forensics: [FIXTURE_IO] model=MBIRA fixture=4 avg_us=1279 p99_us=1700 max_us=2097 cpu_pct=47.96 deadline=0 timeouts=0 tx_errors=0 short_writes=0[0m
[0;32mI (45785) forensics: [CURVE] model=MBIRA fixture=4 voices=1 class=true_steady n=8044 avg_us=1181.59 p95_us=1265 p99_us=1380 p995_us=1420 p999_us=1450 max_us=1578 deadline=0 bad_voices=0 ble_lost=0 hard=0 sat=0 bin_us=5 max_observed_voices=7[0m
[0;32mI (45805) forensics: [HIST] fixture=4 class=true_steady lower_us=440 n=45[0m
[0;32mI (45815) forensics: [HIST] fixture=4 class=true_steady lower_us=445 n=8[0m
[0;32mI (45825) forensics: [HIST] fixture=4 class=true_steady lower_us=455 n=1[0m
[0;32mI (45825) forensics: [HIST] fixture=4 class=true_steady lower_us=480 n=1[0m
[0;32mI (45835) forensics: [HIST] fixture=4 class=true_steady lower_us=575 n=19[0m
[0;32mI (45845) forensics: [HIST] fixture=4 class=true_steady lower_us=580 n=12[0m
[0;32mI (45855) forensics: [HIST] fixture=4 class=true_steady lower_us=585 n=5[0m
[0;32mI (45855) forensics: [HIST] fixture=4 class=true_steady lower_us=590 n=9[0m
[0;32mI (45865) forensics: [HIST] fixture=4 class=true_steady lower_us=595 n=5[0m
[0;32mI (45875) forensics: [HIST] fixture=4 class=true_steady lower_us=600 n=2[0m
[0;32mI (45875) forensics: [HIST] fixture=4 class=true_steady lower_us=610 n=1[0m
[0;32mI (45885) forensics: [HIST] fixture=4 class=true_steady lower_us=635 n=1[0m
[0;32mI (45895) forensics: [HIST] fixture=4 class=true_steady lower_us=710 n=28[0m
[0;32mI (45905) forensics: [HIST] fixture=4 class=true_steady lower_us=715 n=8[0m
[0;32mI (45905) forensics: [HIST] fixture=4 class=true_steady lower_us=720 n=3[0m
[0;32mI (45915) forensics: [HIST] fixture=4 class=true_steady lower_us=730 n=10[0m
[0;32mI (45925) forensics: [HIST] fixture=4 class=true_steady lower_us=735 n=2[0m
[0;32mI (45935) forensics: [HIST] fixture=4 class=true_steady lower_us=740 n=2[0m
[0;32mI (45935) forensics: [HIST] fixture=4 class=true_steady lower_us=745 n=1[0m
[0;32mI (45945) forensics: [HIST] fixture=4 class=true_steady lower_us=750 n=1[0m
[0;32mI (45955) forensics: [HIST] fixture=4 class=true_steady lower_us=840 n=30[0m
[0;32mI (45965) forensics: [HIST] fixture=4 class=true_steady lower_us=845 n=4[0m
[0;32mI (45965) forensics: [HIST] fixture=4 class=true_steady lower_us=850 n=6[0m
[0;32mI (45975) forensics: [HIST] fixture=4 class=true_steady lower_us=855 n=6[0m
[0;32mI (45985) forensics: [HIST] fixture=4 class=true_steady lower_us=860 n=8[0m
[0;32mI (45995) forensics: [HIST] fixture=4 class=true_steady lower_us=865 n=1[0m
[0;32mI (45995) forensics: [HIST] fixture=4 class=true_steady lower_us=900 n=1[0m
[0;32mI (46005) forensics: [HIST] fixture=4 class=true_steady lower_us=970 n=17[0m
[0;32mI (46015) forensics: [HIST] fixture=4 class=true_steady lower_us=975 n=8[0m
[0;32mI (46025) forensics: [HIST] fixture=4 class=true_steady lower_us=980 n=9[0m
[0;32mI (46025) forensics: [HIST] fixture=4 class=true_steady lower_us=985 n=8[0m
[0;32mI (46035) forensics: [HIST] fixture=4 class=true_steady lower_us=990 n=5[0m
[0;32mI (46045) forensics: [HIST] fixture=4 class=true_steady lower_us=995 n=1[0m
[0;32mI (46045) forensics: [HIST] fixture=4 class=true_steady lower_us=1000 n=3[0m
[0;32mI (46055) forensics: [HIST] fixture=4 class=true_steady lower_us=1010 n=1[0m
[0;32mI (46065) forensics: [HIST] fixture=4 class=true_steady lower_us=1035 n=1[0m
[0;32mI (46075) forensics: [HIST] fixture=4 class=true_steady lower_us=1040 n=1[0m
[0;32mI (46075) forensics: [HIST] fixture=4 class=true_steady lower_us=1095 n=1[0m
[0;32mI (46085) forensics: [HIST] fixture=4 class=true_steady lower_us=1100 n=1151[0m
[0;32mI (46095) forensics: [HIST] fixture=4 class=true_steady lower_us=1105 n=620[0m
[0;32mI (46105) forensics: [HIST] fixture=4 class=true_steady lower_us=1110 n=431[0m
[0;32mI (46105) forensics: [HIST] fixture=4 class=true_steady lower_us=1115 n=173[0m
[0;32mI (46115) forensics: [HIST] fixture=4 class=true_steady lower_us=1120 n=124[0m
[0;32mI (46125) forensics: [HIST] fixture=4 class=true_steady lower_us=1125 n=66[0m
[0;32mI (46135) forensics: [HIST] fixture=4 class=true_steady lower_us=1130 n=61[0m
[0;32mI (46145) forensics: [HIST] fixture=4 class=true_steady lower_us=1135 n=43[0m
[0;32mI (46145) forensics: [HIST] fixture=4 class=true_steady lower_us=1140 n=19[0m
[0;32mI (46155) forensics: [HIST] fixture=4 class=true_steady lower_us=1145 n=14[0m
[0;32mI (46165) forensics: [HIST] fixture=4 class=true_steady lower_us=1150 n=9[0m
[0;32mI (46175) forensics: [HIST] fixture=4 class=true_steady lower_us=1155 n=9[0m
[0;32mI (46175) forensics: [HIST] fixture=4 class=true_steady lower_us=1160 n=2[0m
[0;32mI (46185) forensics: [HIST] fixture=4 class=true_steady lower_us=1165 n=4[0m
[0;32mI (46195) forensics: [HIST] fixture=4 class=true_steady lower_us=1170 n=2[0m
[0;32mI (46205) forensics: [HIST] fixture=4 class=true_steady lower_us=1175 n=6[0m
[0;32mI (46205) forensics: [HIST] fixture=4 class=true_steady lower_us=1180 n=5[0m
[0;32mI (46215) forensics: [HIST] fixture=4 class=true_steady lower_us=1185 n=1[0m
[0;32mI (46225) forensics: [HIST] fixture=4 class=true_steady lower_us=1190 n=2[0m
[0;32mI (46235) forensics: [HIST] fixture=4 class=true_steady lower_us=1195 n=1[0m
[0;32mI (46235) forensics: [HIST] fixture=4 class=true_steady lower_us=1200 n=1[0m
[0;32mI (46245) forensics: [HIST] fixture=4 class=true_steady lower_us=1205 n=1[0m
[0;32mI (46255) forensics: [HIST] fixture=4 class=true_steady lower_us=1210 n=2[0m
[0;32mI (46265) forensics: [HIST] fixture=4 class=true_steady lower_us=1215 n=5[0m
[0;32mI (46265) forensics: [HIST] fixture=4 class=true_steady lower_us=1225 n=2[0m
[0;32mI (46275) forensics: [HIST] fixture=4 class=true_steady lower_us=1230 n=2[0m
[0;32mI (46285) forensics: [HIST] fixture=4 class=true_steady lower_us=1235 n=2461[0m
[0;32mI (46295) forensics: [HIST] fixture=4 class=true_steady lower_us=1240 n=1288[0m
[0;32mI (46295) forensics: [HIST] fixture=4 class=true_steady lower_us=1245 n=415[0m
[0;32mI (46305) forensics: [HIST] fixture=4 class=true_steady lower_us=1250 n=226[0m
[0;32mI (46315) forensics: [HIST] fixture=4 class=true_steady lower_us=1255 n=137[0m
[0;32mI (46325) forensics: [HIST] fixture=4 class=true_steady lower_us=1260 n=96[0m
[0;32mI (46325) forensics: [HIST] fixture=4 class=true_steady lower_us=1265 n=68[0m
[0;32mI (46335) forensics: [HIST] fixture=4 class=true_steady lower_us=1270 n=63[0m
[0;32mI (46345) forensics: [HIST] fixture=4 class=true_steady lower_us=1275 n=37[0m
[0;32mI (46355) forensics: [HIST] fixture=4 class=true_steady lower_us=1280 n=22[0m
[0;32mI (46355) forensics: [HIST] fixture=4 class=true_steady lower_us=1285 n=25[0m
[0;32mI (46365) forensics: [HIST] fixture=4 class=true_steady lower_us=1290 n=11[0m
[0;32mI (46375) forensics: [HIST] fixture=4 class=true_steady lower_us=1295 n=7[0m
[0;32mI (46385) forensics: [HIST] fixture=4 class=true_steady lower_us=1300 n=7[0m
[0;32mI (46385) forensics: [HIST] fixture=4 class=true_steady lower_us=1305 n=6[0m
[0;32mI (46395) forensics: [HIST] fixture=4 class=true_steady lower_us=1310 n=3[0m
[0;32mI (46405) forensics: [HIST] fixture=4 class=true_steady lower_us=1315 n=8[0m
[0;32mI (46415) forensics: [HIST] fixture=4 class=true_steady lower_us=1320 n=4[0m
[0;32mI (46415) forensics: [HIST] fixture=4 class=true_steady lower_us=1325 n=2[0m
[0;32mI (46425) forensics: [HIST] fixture=4 class=true_steady lower_us=1330 n=4[0m
[0;32mI (46435) forensics: [HIST] fixture=4 class=true_steady lower_us=1335 n=7[0m
[0;32mI (46445) forensics: [HIST] fixture=4 class=true_steady lower_us=1340 n=6[0m
[0;32mI (46445) forensics: [HIST] fixture=4 class=true_steady lower_us=1345 n=5[0m
[0;32mI (46455) forensics: [HIST] fixture=4 class=true_steady lower_us=1350 n=4[0m
[0;32mI (46465) forensics: [HIST] fixture=4 class=true_steady lower_us=1355 n=7[0m
[0;32mI (46475) forensics: [HIST] fixture=4 class=true_steady lower_us=1360 n=2[0m
[0;32mI (46475) forensics: [HIST] fixture=4 class=true_steady lower_us=1365 n=5[0m
[0;32mI (46485) forensics: [HIST] fixture=4 class=true_steady lower_us=1370 n=3[0m
[0;32mI (46495) forensics: [HIST] fixture=4 class=true_steady lower_us=1375 n=5[0m
[0;32mI (46505) forensics: [HIST] fixture=4 class=true_steady lower_us=1380 n=6[0m
[0;32mI (46505) forensics: [HIST] fixture=4 class=true_steady lower_us=1385 n=7[0m
[0;32mI (46515) forensics: [HIST] fixture=4 class=true_steady lower_us=1390 n=4[0m
[0;32mI (46525) forensics: [HIST] fixture=4 class=true_steady lower_us=1395 n=4[0m
[0;32mI (46535) forensics: [HIST] fixture=4 class=true_steady lower_us=1400 n=3[0m
[0;32mI (46535) forensics: [HIST] fixture=4 class=true_steady lower_us=1405 n=4[0m
[0;32mI (46545) forensics: [HIST] fixture=4 class=true_steady lower_us=1410 n=5[0m
[0;32mI (46555) forensics: [HIST] fixture=4 class=true_steady lower_us=1415 n=6[0m
[0;32mI (46565) forensics: [HIST] fixture=4 class=true_steady lower_us=1420 n=6[0m
[0;32mI (46565) forensics: [HIST] fixture=4 class=true_steady lower_us=1425 n=6[0m
[0;32mI (46575) forensics: [HIST] fixture=4 class=true_steady lower_us=1430 n=6[0m
[0;32mI (46585) forensics: [HIST] fixture=4 class=true_steady lower_us=1435 n=4[0m
[0;32mI (46595) forensics: [HIST] fixture=4 class=true_steady lower_us=1440 n=3[0m
[0;32mI (46595) forensics: [HIST] fixture=4 class=true_steady lower_us=1445 n=8[0m
[0;32mI (46605) forensics: [HIST] fixture=4 class=true_steady lower_us=1455 n=3[0m
[0;32mI (46615) forensics: [HIST] fixture=4 class=true_steady lower_us=1460 n=1[0m
[0;32mI (46615) forensics: [HIST] fixture=4 class=true_steady lower_us=1470 n=2[0m
[0;32mI (46625) forensics: [HIST] fixture=4 class=true_steady lower_us=1575 n=1[0m
[0;32mI (46635) forensics: [CALLBACK_CURVE] model=MBIRA fixture=4 voices=1 class=true_steady n=8044 avg_us=1202.32 p95_us=1310 p99_us=1465 p995_us=1535 p999_us=1595 max_us=1643 deadline=0 overhead_avg_us=20.72[0m
[0;32mI (46655) forensics: [CALLBACK_HIST] fixture=4 class=true_steady lower_us=445 n=5[0m
[0;32mI (46665) forensics: [CALLBACK_HIST] fixture=4 class=true_steady lower_us=450 n=19[0m
[0;32mI (46665) forensics: [CALLBACK_HIST] fixture=4 class=true_steady lower_us=455 n=18[0m
[0;32mI (46675) forensics: [CALLBACK_HIST] fixture=4 class=true_steady lower_us=460 n=2[0m
[0;32mI (46685) forensics: [CALLBACK_HIST] fixture=4 class=true_steady lower_us=465 n=2[0m
[0;32mI (46695) forensics: [CALLBACK_HIST] fixture=4 class=true_steady lower_us=470 n=3[0m
[0;32mI (46705) forensics: [CALLBACK_HIST] fixture=4 class=true_steady lower_us=475 n=3[0m
[0;32mI (46715) forensics: [CALLBACK_HIST] fixture=4 class=true_steady lower_us=480 n=1[0m
[0;32mI (46715) forensics: [CALLBACK_HIST] fixture=4 class=true_steady lower_us=490 n=1[0m
[0;32mI (46725) forensics: [CALLBACK_HIST] fixture=4 class=true_steady lower_us=510 n=1[0m
[0;32mI (46735) forensics: [CALLBACK_HIST] fixture=4 class=true_steady lower_us=575 n=1[0m
[0;32mI (46745) forensics: [CALLBACK_HIST] fixture=4 class=true_steady lower_us=585 n=13[0m
[0;32mI (46755) forensics: [CALLBACK_HIST] fixture=4 class=true_steady lower_us=590 n=4[0m
[0;32mI (46755) forensics: [CALLBACK_HIST] fixture=4 class=true_steady lower_us=595 n=7[0m
[0;32mI (46765) forensics: [CALLBACK_HIST] fixture=4 class=true_steady lower_us=600 n=6[0m
[0;32mI (46775) forensics: [CALLBACK_HIST] fixture=4 class=true_steady lower_us=605 n=2[0m
[0;32mI (46785) forensics: [CALLBACK_HIST] fixture=4 class=true_steady lower_us=610 n=8[0m
[0;32mI (46795) forensics: [CALLBACK_HIST] fixture=4 class=true_steady lower_us=615 n=4[0m
[0;32mI (46805) forensics: [CALLBACK_HIST] fixture=4 class=true_steady lower_us=620 n=2[0m
[0;32mI (46805) forensics: [CALLBACK_HIST] fixture=4 class=true_steady lower_us=625 n=3[0m
[0;32mI (46815) forensics: [CALLBACK_HIST] fixture=4 class=true_steady lower_us=630 n=1[0m
[0;32mI (46825) forensics: [CALLBACK_HIST] fixture=4 class=true_steady lower_us=640 n=1[0m
[0;32mI (46835) forensics: [CALLBACK_HIST] fixture=4 class=true_steady lower_us=650 n=1[0m
[0;32mI (46845) forensics: [CALLBACK_HIST] fixture=4 class=true_steady lower_us=675 n=1[0m
[0;32mI (46845) forensics: [CALLBACK_HIST] fixture=4 class=true_steady lower_us=715 n=10[0m
[0;32mI (46855) forensics: [CALLBACK_HIST] fixture=4 class=true_steady lower_us=720 n=11[0m
[0;32mI (46865) forensics: [CALLBACK_HIST] fixture=4 class=true_steady lower_us=725 n=6[0m
[0;32mI (46875) forensics: [CALLBACK_HIST] fixture=4 class=true_steady lower_us=730 n=3[0m
[0;32mI (46885) forensics: [CALLBACK_HIST] fixture=4 class=true_steady lower_us=735 n=4[0m
[0;32mI (46895) forensics: [CALLBACK_HIST] fixture=4 class=true_steady lower_us=740 n=4[0m
[0;32mI (46895) forensics: [CALLBACK_HIST] fixture=4 class=true_steady lower_us=745 n=1[0m
[0;32mI (46905) forensics: [CALLBACK_HIST] fixture=4 class=true_steady lower_us=750 n=6[0m
[0;32mI (46915) forensics: [CALLBACK_HIST] fixture=4 class=true_steady lower_us=755 n=3[0m
[0;32mI (46925) forensics: [CALLBACK_HIST] fixture=4 class=true_steady lower_us=760 n=1[0m
[0;32mI (46935) forensics: [CALLBACK_HIST] fixture=4 class=true_steady lower_us=765 n=2[0m
[0;32mI (46935) forensics: [CALLBACK_HIST] fixture=4 class=true_steady lower_us=775 n=1[0m
[0;32mI (46945) forensics: [CALLBACK_HIST] fixture=4 class=true_steady lower_us=785 n=1[0m
[0;32mI (46955) forensics: [CALLBACK_HIST] fixture=4 class=true_steady lower_us=790 n=2[0m
[0;32mI (46965) forensics: [CALLBACK_HIST] fixture=4 class=true_steady lower_us=810 n=1[0m
[0;32mI (46975) forensics: [CALLBACK_HIST] fixture=4 class=true_steady lower_us=850 n=22[0m
[0;32mI (46985) forensics: [CALLBACK_HIST] fixture=4 class=true_steady lower_us=855 n=5[0m
[0;32mI (46985) forensics: [CALLBACK_HIST] fixture=4 class=true_steady lower_us=860 n=2[0m
[0;32mI (46995) forensics: [CALLBACK_HIST] fixture=4 class=true_steady lower_us=865 n=4[0m
[0;32mI (47005) forensics: [CALLBACK_HIST] fixture=4 class=true_steady lower_us=870 n=3[0m
[0;32mI (47015) forensics: [CALLBACK_HIST] fixture=4 class=true_steady lower_us=875 n=4[0m
[0;32mI (47025) forensics: [CALLBACK_HIST] fixture=4 class=true_steady lower_us=880 n=7[0m
[0;32mI (47025) forensics: [CALLBACK_HIST] fixture=4 class=true_steady lower_us=885 n=3[0m
[0;32mI (47035) forensics: [CALLBACK_HIST] fixture=4 class=true_steady lower_us=890 n=2[0m
[0;32mI (47045) forensics: [CALLBACK_HIST] fixture=4 class=true_steady lower_us=900 n=1[0m
[0;32mI (47055) forensics: [CALLBACK_HIST] fixture=4 class=true_steady lower_us=905 n=2[0m
[0;32mI (47065) forensics: [CALLBACK_HIST] fixture=4 class=true_steady lower_us=945 n=1[0m
[0;32mI (47075) forensics: [CALLBACK_HIST] fixture=4 class=true_steady lower_us=980 n=14[0m
[0;32mI (47075) forensics: [CALLBACK_HIST] fixture=4 class=true_steady lower_us=985 n=7[0m
[0;32mI (47085) forensics: [CALLBACK_HIST] fixture=4 class=true_steady lower_us=990 n=4[0m
[0;32mI (47095) forensics: [CALLBACK_HIST] fixture=4 class=true_steady lower_us=995 n=2[0m
[0;32mI (47105) forensics: [CALLBACK_HIST] fixture=4 class=true_steady lower_us=1000 n=5[0m
[0;32mI (47115) forensics: [CALLBACK_HIST] fixture=4 class=true_steady lower_us=1005 n=5[0m
[0;32mI (47115) forensics: [CALLBACK_HIST] fixture=4 class=true_steady lower_us=1010 n=1[0m
[0;32mI (47125) forensics: [CALLBACK_HIST] fixture=4 class=true_steady lower_us=1015 n=4[0m
[0;32mI (47135) forensics: [CALLBACK_HIST] fixture=4 class=true_steady lower_us=1020 n=2[0m
[0;32mI (47145) forensics: [CALLBACK_HIST] fixture=4 class=true_steady lower_us=1025 n=2[0m
[0;32mI (47155) forensics: [CALLBACK_HIST] fixture=4 class=true_steady lower_us=1030 n=1[0m
[0;32mI (47165) forensics: [CALLBACK_HIST] fixture=4 class=true_steady lower_us=1035 n=2[0m
[0;32mI (47165) forensics: [CALLBACK_HIST] fixture=4 class=true_steady lower_us=1045 n=2[0m
[0;32mI (47175) forensics: [CALLBACK_HIST] fixture=4 class=true_steady lower_us=1060 n=1[0m
[0;32mI (47185) forensics: [CALLBACK_HIST] fixture=4 class=true_steady lower_us=1075 n=1[0m
[0;32mI (47195) forensics: [CALLBACK_HIST] fixture=4 class=true_steady lower_us=1095 n=1[0m
[0;32mI (47205) forensics: [CALLBACK_HIST] fixture=4 class=true_steady lower_us=1110 n=902[0m
[0;32mI (47215) forensics: [CALLBACK_HIST] fixture=4 class=true_steady lower_us=1115 n=425[0m
[0;32mI (47215) forensics: [CALLBACK_HIST] fixture=4 class=true_steady lower_us=1120 n=303[0m
[0;32mI (47225) forensics: [CALLBACK_HIST] fixture=4 class=true_steady lower_us=1125 n=205[0m
[0;32mI (47235) forensics: [CALLBACK_HIST] fixture=4 class=true_steady lower_us=1130 n=147[0m
[0;32mI (47245) forensics: [CALLBACK_HIST] fixture=4 class=true_steady lower_us=1135 n=117[0m
[0;32mI (47255) forensics: [CALLBACK_HIST] fixture=4 class=true_steady lower_us=1140 n=107[0m
[0;32mI (47265) forensics: [CALLBACK_HIST] fixture=4 class=true_steady lower_us=1145 n=106[0m
[0;32mI (47265) forensics: [CALLBACK_HIST] fixture=4 class=true_steady lower_us=1150 n=77[0m
[0;32mI (47275) forensics: [CALLBACK_HIST] fixture=4 class=true_steady lower_us=1155 n=80[0m
[0;32mI (47285) forensics: [CALLBACK_HIST] fixture=4 class=true_steady lower_us=1160 n=43[0m
[0;32mI (47295) forensics: [CALLBACK_HIST] fixture=4 class=true_steady lower_us=1165 n=38[0m
[0;32mI (47305) forensics: [CALLBACK_HIST] fixture=4 class=true_steady lower_us=1170 n=36[0m
[0;32mI (47315) forensics: [CALLBACK_HIST] fixture=4 class=true_steady lower_us=1175 n=31[0m
[0;32mI (47315) forensics: [CALLBACK_HIST] fixture=4 class=true_steady lower_us=1180 n=29[0m
[0;32mI (47325) forensics: [CALLBACK_HIST] fixture=4 class=true_steady lower_us=1185 n=32[0m
[0;32mI (47335) forensics: [CALLBACK_HIST] fixture=4 class=true_steady lower_us=1190 n=16[0m
[0;32mI (47345) forensics: [CALLBACK_HIST] fixture=4 class=true_steady lower_us=1195 n=8[0m
[0;32mI (47355) forensics: [CALLBACK_HIST] fixture=4 class=true_steady lower_us=1200 n=10[0m
[0;32mI (47365) forensics: [CALLBACK_HIST] fixture=4 class=true_steady lower_us=1205 n=4[0m
[0;32mI (47365) forensics: [CALLBACK_HIST] fixture=4 class=true_steady lower_us=1210 n=3[0m
[0;32mI (47375) forensics: [CALLBACK_HIST] fixture=4 class=true_steady lower_us=1215 n=4[0m
[0;32mI (47385) forensics: [CALLBACK_HIST] fixture=4 class=true_steady lower_us=1220 n=4[0m
[0;32mI (47395) forensics: [CALLBACK_HIST] fixture=4 class=true_steady lower_us=1225 n=5[0m
[0;32mI (47405) forensics: [CALLBACK_HIST] fixture=4 class=true_steady lower_us=1230 n=3[0m
[0;32mI (47415) forensics: [CALLBACK_HIST] fixture=4 class=true_steady lower_us=1235 n=4[0m
[0;32mI (47415) forensics: [CALLBACK_HIST] fixture=4 class=true_steady lower_us=1240 n=1025[0m
[0;32mI (47425) forensics: [CALLBACK_HIST] fixture=4 class=true_steady lower_us=1245 n=925[0m
[0;32mI (47435) forensics: [CALLBACK_HIST] fixture=4 class=true_steady lower_us=1250 n=871[0m
[0;32mI (47445) forensics: [CALLBACK_HIST] fixture=4 class=true_steady lower_us=1255 n=337[0m
[0;32mI (47455) forensics: [CALLBACK_HIST] fixture=4 class=true_steady lower_us=1260 n=314[0m
[0;32mI (47465) forensics: [CALLBACK_HIST] fixture=4 class=true_steady lower_us=1265 n=190[0m
[0;32mI (47465) forensics: [CALLBACK_HIST] fixture=4 class=true_steady lower_us=1270 n=152[0m
[0;32mI (47475) forensics: [CALLBACK_HIST] fixture=4 class=true_steady lower_us=1275 n=183[0m
[0;32mI (47485) forensics: [CALLBACK_HIST] fixture=4 class=true_steady lower_us=1280 n=174[0m
[0;32mI (47495) forensics: [CALLBACK_HIST] fixture=4 class=true_steady lower_us=1285 n=116[0m
[0;32mI (47505) forensics: [CALLBACK_HIST] fixture=4 class=true_steady lower_us=1290 n=121[0m
[0;32mI (47515) forensics: [CALLBACK_HIST] fixture=4 class=true_steady lower_us=1295 n=97[0m
[0;32mI (47515) forensics: [CALLBACK_HIST] fixture=4 class=true_steady lower_us=1300 n=57[0m
[0;32mI (47525) forensics: [CALLBACK_HIST] fixture=4 class=true_steady lower_us=1305 n=67[0m
[0;32mI (47535) forensics: [CALLBACK_HIST] fixture=4 class=true_steady lower_us=1310 n=64[0m
[0;32mI (47545) forensics: [CALLBACK_HIST] fixture=4 class=true_steady lower_us=1315 n=51[0m
[0;32mI (47555) forensics: [CALLBACK_HIST] fixture=4 class=true_steady lower_us=1320 n=37[0m
[0;32mI (47565) forensics: [CALLBACK_HIST] fixture=4 class=true_steady lower_us=1325 n=26[0m
[0;32mI (47565) forensics: [CALLBACK_HIST] fixture=4 class=true_steady lower_us=1330 n=13[0m
[0;32mI (47575) forensics: [CALLBACK_HIST] fixture=4 class=true_steady lower_us=1335 n=5[0m
[0;32mI (47585) forensics: [CALLBACK_HIST] fixture=4 class=true_steady lower_us=1340 n=9[0m
[0;32mI (47595) forensics: [CALLBACK_HIST] fixture=4 class=true_steady lower_us=1345 n=7[0m
[0;32mI (47605) forensics: [CALLBACK_HIST] fixture=4 class=true_steady lower_us=1350 n=5[0m
[0;32mI (47615) forensics: [CALLBACK_HIST] fixture=4 class=true_steady lower_us=1355 n=3[0m
[0;32mI (47615) forensics: [CALLBACK_HIST] fixture=4 class=true_steady lower_us=1360 n=8[0m
[0;32mI (47625) forensics: [CALLBACK_HIST] fixture=4 class=true_steady lower_us=1365 n=1[0m
[0;32mI (47635) forensics: [CALLBACK_HIST] fixture=4 class=true_steady lower_us=1370 n=6[0m
[0;32mI (47645) forensics: [CALLBACK_HIST] fixture=4 class=true_steady lower_us=1375 n=4[0m
[0;32mI (47655) forensics: [CALLBACK_HIST] fixture=4 class=true_steady lower_us=1380 n=10[0m
[0;32mI (47665) forensics: [CALLBACK_HIST] fixture=4 class=true_steady lower_us=1385 n=8[0m
[0;32mI (47665) forensics: [CALLBACK_HIST] fixture=4 class=true_steady lower_us=1390 n=6[0m
[0;32mI (47675) forensics: [CALLBACK_HIST] fixture=4 class=true_steady lower_us=1395 n=3[0m
[0;32mI (47685) forensics: [CALLBACK_HIST] fixture=4 class=true_steady lower_us=1400 n=6[0m
[0;32mI (47695) forensics: [CALLBACK_HIST] fixture=4 class=true_steady lower_us=1405 n=2[0m
[0;32mI (47705) forensics: [CALLBACK_HIST] fixture=4 class=true_steady lower_us=1410 n=3[0m
[0;32mI (47705) forensics: [CALLBACK_HIST] fixture=4 class=true_steady lower_us=1415 n=7[0m
[0;32mI (47715) forensics: [CALLBACK_HIST] fixture=4 class=true_steady lower_us=1420 n=5[0m
[0;32mI (47725) forensics: [CALLBACK_HIST] fixture=4 class=true_steady lower_us=1425 n=4[0m
[0;32mI (47735) forensics: [CALLBACK_HIST] fixture=4 class=true_steady lower_us=1430 n=5[0m
[0;32mI (47745) forensics: [CALLBACK_HIST] fixture=4 class=true_steady lower_us=1435 n=2[0m
[0;32mI (47755) forensics: [CALLBACK_HIST] fixture=4 class=true_steady lower_us=1440 n=4[0m
[0;32mI (47755) forensics: [CALLBACK_HIST] fixture=4 class=true_steady lower_us=1445 n=3[0m
[0;32mI (47765) forensics: [CALLBACK_HIST] fixture=4 class=true_steady lower_us=1450 n=9[0m
[0;32mI (47775) forensics: [CALLBACK_HIST] fixture=4 class=true_steady lower_us=1455 n=4[0m
[0;32mI (47785) forensics: [CALLBACK_HIST] fixture=4 class=true_steady lower_us=1460 n=6[0m
[0;32mI (47795) forensics: [CALLBACK_HIST] fixture=4 class=true_steady lower_us=1465 n=3[0m
[0;32mI (47805) forensics: [CALLBACK_HIST] fixture=4 class=true_steady lower_us=1470 n=5[0m
[0;32mI (47805) forensics: [CALLBACK_HIST] fixture=4 class=true_steady lower_us=1475 n=4[0m
[0;32mI (47815) forensics: [CALLBACK_HIST] fixture=4 class=true_steady lower_us=1480 n=4[0m
[0;32mI (47825) forensics: [CALLBACK_HIST] fixture=4 class=true_steady lower_us=1485 n=2[0m
[0;32mI (47835) forensics: [CALLBACK_HIST] fixture=4 class=true_steady lower_us=1490 n=7[0m
[0;32mI (47845) forensics: [CALLBACK_HIST] fixture=4 class=true_steady lower_us=1495 n=1[0m
[0;32mI (47855) forensics: [CALLBACK_HIST] fixture=4 class=true_steady lower_us=1500 n=1[0m
[0;32mI (47855) forensics: [CALLBACK_HIST] fixture=4 class=true_steady lower_us=1505 n=1[0m
[0;32mI (47865) forensics: [CALLBACK_HIST] fixture=4 class=true_steady lower_us=1510 n=2[0m
[0;32mI (47875) forensics: [CALLBACK_HIST] fixture=4 class=true_steady lower_us=1520 n=2[0m
[0;32mI (47885) forensics: [CALLBACK_HIST] fixture=4 class=true_steady lower_us=1525 n=2[0m
[0;32mI (47895) forensics: [CALLBACK_HIST] fixture=4 class=true_steady lower_us=1530 n=5[0m
[0;32mI (47895) forensics: [CALLBACK_HIST] fixture=4 class=true_steady lower_us=1535 n=2[0m
[0;32mI (47905) forensics: [CALLBACK_HIST] fixture=4 class=true_steady lower_us=1540 n=1[0m
[0;32mI (47915) forensics: [CALLBACK_HIST] fixture=4 class=true_steady lower_us=1545 n=6[0m
[0;32mI (47925) forensics: [CALLBACK_HIST] fixture=4 class=true_steady lower_us=1550 n=2[0m
[0;32mI (47935) forensics: [CALLBACK_HIST] fixture=4 class=true_steady lower_us=1555 n=2[0m
[0;32mI (47945) forensics: [CALLBACK_HIST] fixture=4 class=true_steady lower_us=1560 n=2[0m
[0;32mI (47945) forensics: [CALLBACK_HIST] fixture=4 class=true_steady lower_us=1570 n=2[0m
[0;32mI (47955) forensics: [CALLBACK_HIST] fixture=4 class=true_steady lower_us=1575 n=2[0m
[0;32mI (47965) forensics: [CALLBACK_HIST] fixture=4 class=true_steady lower_us=1580 n=5[0m
[0;32mI (47975) forensics: [CALLBACK_HIST] fixture=4 class=true_steady lower_us=1585 n=1[0m
[0;32mI (47985) forensics: [CALLBACK_HIST] fixture=4 class=true_steady lower_us=1590 n=3[0m
[0;32mI (47995) forensics: [CALLBACK_HIST] fixture=4 class=true_steady lower_us=1595 n=3[0m
[0;32mI (47995) forensics: [CALLBACK_HIST] fixture=4 class=true_steady lower_us=1600 n=1[0m
[0;32mI (48005) forensics: [CALLBACK_HIST] fixture=4 class=true_steady lower_us=1605 n=1[0m
[0;32mI (48015) forensics: [CALLBACK_HIST] fixture=4 class=true_steady lower_us=1610 n=2[0m
[0;32mI (48025) forensics: [CALLBACK_HIST] fixture=4 class=true_steady lower_us=1640 n=1[0m
[0;32mI (48035) forensics: [CURVE] model=MBIRA fixture=4 voices=1 class=attack_tail n=0 avg_us=0.00 p95_us=0 p99_us=0 p995_us=0 p999_us=0 max_us=0 deadline=0 bad_voices=0 ble_lost=0 hard=0 sat=0 bin_us=5 max_observed_voices=7[0m
[0;32mI (48055) forensics: [CALLBACK_CURVE] model=MBIRA fixture=4 voices=1 class=attack_tail n=0 avg_us=0.00 p95_us=0 p99_us=0 p995_us=0 p999_us=0 max_us=0 deadline=0 overhead_avg_us=0.00[0m
[0;32mI (48065) forensics: [CURVE] model=MBIRA fixture=4 voices=1 class=event n=147 avg_us=1652.04 p95_us=1800 p99_us=1930 p995_us=2010 p999_us=2010 max_us=2005 deadline=0 bad_voices=0 ble_lost=0 hard=0 sat=0 bin_us=5 max_observed_voices=7[0m
[0;32mI (48085) forensics: [HIST] fixture=4 class=event lower_us=690 n=1[0m
[0;32mI (48095) forensics: [HIST] fixture=4 class=event lower_us=1050 n=1[0m
[0;32mI (48105) forensics: [HIST] fixture=4 class=event lower_us=1130 n=1[0m
[0;32mI (48115) forensics: [HIST] fixture=4 class=event lower_us=1215 n=1[0m
[0;32mI (48115) forensics: [HIST] fixture=4 class=event lower_us=1300 n=1[0m
[0;32mI (48125) forensics: [HIST] fixture=4 class=event lower_us=1505 n=1[0m
[0;32mI (48135) forensics: [HIST] fixture=4 class=event lower_us=1515 n=1[0m
[0;32mI (48135) forensics: [HIST] fixture=4 class=event lower_us=1520 n=3[0m
[0;32mI (48145) forensics: [HIST] fixture=4 class=event lower_us=1530 n=1[0m
[0;32mI (48155) forensics: [HIST] fixture=4 class=event lower_us=1535 n=2[0m
[0;32mI (48155) forensics: [HIST] fixture=4 class=event lower_us=1540 n=2[0m
[0;32mI (48165) forensics: [HIST] fixture=4 class=event lower_us=1545 n=1[0m
[0;32mI (48175) forensics: [HIST] fixture=4 class=event lower_us=1550 n=5[0m
[0;32mI (48175) forensics: [HIST] fixture=4 class=event lower_us=1560 n=2[0m
[0;32mI (48185) forensics: [HIST] fixture=4 class=event lower_us=1570 n=2[0m
[0;32mI (48195) forensics: [HIST] fixture=4 class=event lower_us=1575 n=3[0m
[0;32mI (48205) forensics: [HIST] fixture=4 class=event lower_us=1590 n=2[0m
[0;32mI (48205) forensics: [HIST] fixture=4 class=event lower_us=1595 n=4[0m
[0;32mI (48215) forensics: [HIST] fixture=4 class=event lower_us=1600 n=5[0m
[0;32mI (48225) forensics: [HIST] fixture=4 class=event lower_us=1605 n=3[0m
[0;32mI (48225) forensics: [HIST] fixture=4 class=event lower_us=1610 n=4[0m
[0;32mI (48235) forensics: [HIST] fixture=4 class=event lower_us=1615 n=4[0m
[0;32mI (48245) forensics: [HIST] fixture=4 class=event lower_us=1625 n=1[0m
[0;32mI (48245) forensics: [HIST] fixture=4 class=event lower_us=1630 n=3[0m
[0;32mI (48255) forensics: [HIST] fixture=4 class=event lower_us=1635 n=4[0m
[0;32mI (48265) forensics: [HIST] fixture=4 class=event lower_us=1640 n=5[0m
[0;32mI (48275) forensics: [HIST] fixture=4 class=event lower_us=1645 n=3[0m
[0;32mI (48275) forensics: [HIST] fixture=4 class=event lower_us=1650 n=4[0m
[0;32mI (48285) forensics: [HIST] fixture=4 class=event lower_us=1655 n=2[0m
[0;32mI (48295) forensics: [HIST] fixture=4 class=event lower_us=1660 n=1[0m
[0;32mI (48295) forensics: [HIST] fixture=4 class=event lower_us=1665 n=1[0m
[0;32mI (48305) forensics: [HIST] fixture=4 class=event lower_us=1670 n=2[0m
[0;32mI (48315) forensics: [HIST] fixture=4 class=event lower_us=1675 n=3[0m
[0;32mI (48315) forensics: [HIST] fixture=4 class=event lower_us=1680 n=1[0m
[0;32mI (48325) forensics: [HIST] fixture=4 class=event lower_us=1685 n=3[0m
[0;32mI (48335) forensics: [HIST] fixture=4 class=event lower_us=1695 n=3[0m
[0;32mI (48335) forensics: [HIST] fixture=4 class=event lower_us=1700 n=2[0m
[0;32mI (48345) forensics: [HIST] fixture=4 class=event lower_us=1705 n=2[0m
[0;32mI (48355) forensics: [HIST] fixture=4 class=event lower_us=1710 n=1[0m
[0;32mI (48365) forensics: [HIST] fixture=4 class=event lower_us=1715 n=3[0m
[0;32mI (48365) forensics: [HIST] fixture=4 class=event lower_us=1720 n=5[0m
[0;32mI (48375) forensics: [HIST] fixture=4 class=event lower_us=1725 n=6[0m
[0;32mI (48385) forensics: [HIST] fixture=4 class=event lower_us=1730 n=6[0m
[0;32mI (48385) forensics: [HIST] fixture=4 class=event lower_us=1735 n=7[0m
[0;32mI (48395) forensics: [HIST] fixture=4 class=event lower_us=1740 n=4[0m
[0;32mI (48405) forensics: [HIST] fixture=4 class=event lower_us=1745 n=2[0m
[0;32mI (48405) forensics: [HIST] fixture=4 class=event lower_us=1750 n=4[0m
[0;32mI (48415) forensics: [HIST] fixture=4 class=event lower_us=1755 n=4[0m
[0;32mI (48425) forensics: [HIST] fixture=4 class=event lower_us=1760 n=4[0m
[0;32mI (48425) forensics: [HIST] fixture=4 class=event lower_us=1770 n=2[0m
[0;32mI (48435) forensics: [HIST] fixture=4 class=event lower_us=1790 n=1[0m
[0;32mI (48445) forensics: [HIST] fixture=4 class=event lower_us=1795 n=1[0m
[0;32mI (48455) forensics: [HIST] fixture=4 class=event lower_us=1810 n=1[0m
[0;32mI (48455) forensics: [HIST] fixture=4 class=event lower_us=1815 n=2[0m
[0;32mI (48465) forensics: [HIST] fixture=4 class=event lower_us=1820 n=1[0m
[0;32mI (48475) forensics: [HIST] fixture=4 class=event lower_us=1850 n=1[0m
[0;32mI (48475) forensics: [HIST] fixture=4 class=event lower_us=1925 n=1[0m
[0;32mI (48485) forensics: [HIST] fixture=4 class=event lower_us=2005 n=1[0m
[0;32mI (48495) forensics: [CALLBACK_CURVE] model=MBIRA fixture=4 voices=1 class=event n=147 avg_us=1714.43 p95_us=1885 p99_us=1995 p995_us=2100 p999_us=2100 max_us=2097 deadline=0 overhead_avg_us=62.39[0m
[0;32mI (48515) forensics: [CALLBACK_HIST] fixture=4 class=event lower_us=730 n=1[0m
[0;32mI (48515) forensics: [CALLBACK_HIST] fixture=4 class=event lower_us=1105 n=1[0m
[0;32mI (48525) forensics: [CALLBACK_HIST] fixture=4 class=event lower_us=1185 n=1[0m
[0;32mI (48535) forensics: [CALLBACK_HIST] fixture=4 class=event lower_us=1270 n=1[0m
[0;32mI (48545) forensics: [CALLBACK_HIST] fixture=4 class=event lower_us=1350 n=1[0m
[0;32mI (48545) forensics: [CALLBACK_HIST] fixture=4 class=event lower_us=1565 n=1[0m
[0;32mI (48555) forensics: [CALLBACK_HIST] fixture=4 class=event lower_us=1570 n=1[0m
[0;32mI (48565) forensics: [CALLBACK_HIST] fixture=4 class=event lower_us=1575 n=1[0m
[0;32mI (48575) forensics: [CALLBACK_HIST] fixture=4 class=event lower_us=1585 n=3[0m
[0;32mI (48585) forensics: [CALLBACK_HIST] fixture=4 class=event lower_us=1590 n=1[0m
[0;32mI (48585) forensics: [CALLBACK_HIST] fixture=4 class=event lower_us=1595 n=2[0m
[0;32mI (48595) forensics: [CALLBACK_HIST] fixture=4 class=event lower_us=1600 n=3[0m
[0;32mI (48605) forensics: [CALLBACK_HIST] fixture=4 class=event lower_us=1605 n=1[0m
[0;32mI (48615) forensics: [CALLBACK_HIST] fixture=4 class=event lower_us=1615 n=1[0m
[0;32mI (48615) forensics: [CALLBACK_HIST] fixture=4 class=event lower_us=1620 n=3[0m
[0;32mI (48625) forensics: [CALLBACK_HIST] fixture=4 class=event lower_us=1625 n=2[0m
[0;32mI (48635) forensics: [CALLBACK_HIST] fixture=4 class=event lower_us=1635 n=3[0m
[0;32mI (48645) forensics: [CALLBACK_HIST] fixture=4 class=event lower_us=1640 n=4[0m
[0;32mI (48645) forensics: [CALLBACK_HIST] fixture=4 class=event lower_us=1650 n=1[0m
[0;32mI (48655) forensics: [CALLBACK_HIST] fixture=4 class=event lower_us=1655 n=3[0m
[0;32mI (48665) forensics: [CALLBACK_HIST] fixture=4 class=event lower_us=1660 n=4[0m
[0;32mI (48675) forensics: [CALLBACK_HIST] fixture=4 class=event lower_us=1665 n=2[0m
[0;32mI (48685) forensics: [CALLBACK_HIST] fixture=4 class=event lower_us=1670 n=2[0m
[0;32mI (48685) forensics: [CALLBACK_HIST] fixture=4 class=event lower_us=1675 n=5[0m
[0;32mI (48695) forensics: [CALLBACK_HIST] fixture=4 class=event lower_us=1680 n=4[0m
[0;32mI (48705) forensics: [CALLBACK_HIST] fixture=4 class=event lower_us=1685 n=4[0m
[0;32mI (48715) forensics: [CALLBACK_HIST] fixture=4 class=event lower_us=1690 n=3[0m
[0;32mI (48715) forensics: [CALLBACK_HIST] fixture=4 class=event lower_us=1695 n=2[0m
[0;32mI (48725) forensics: [CALLBACK_HIST] fixture=4 class=event lower_us=1700 n=1[0m
[0;32mI (48735) forensics: [CALLBACK_HIST] fixture=4 class=event lower_us=1705 n=4[0m
[0;32mI (48745) forensics: [CALLBACK_HIST] fixture=4 class=event lower_us=1715 n=7[0m
[0;32mI (48745) forensics: [CALLBACK_HIST] fixture=4 class=event lower_us=1720 n=1[0m
[0;32mI (48755) forensics: [CALLBACK_HIST] fixture=4 class=event lower_us=1725 n=2[0m
[0;32mI (48765) forensics: [CALLBACK_HIST] fixture=4 class=event lower_us=1730 n=2[0m
[0;32mI (48775) forensics: [CALLBACK_HIST] fixture=4 class=event lower_us=1735 n=3[0m
[0;32mI (48785) forensics: [CALLBACK_HIST] fixture=4 class=event lower_us=1740 n=2[0m
[0;32mI (48785) forensics: [CALLBACK_HIST] fixture=4 class=event lower_us=1750 n=1[0m
[0;32mI (48795) forensics: [CALLBACK_HIST] fixture=4 class=event lower_us=1755 n=3[0m
[0;32mI (48805) forensics: [CALLBACK_HIST] fixture=4 class=event lower_us=1760 n=1[0m
[0;32mI (48815) forensics: [CALLBACK_HIST] fixture=4 class=event lower_us=1765 n=2[0m
[0;32mI (48815) forensics: [CALLBACK_HIST] fixture=4 class=event lower_us=1770 n=1[0m
[0;32mI (48825) forensics: [CALLBACK_HIST] fixture=4 class=event lower_us=1775 n=3[0m
[0;32mI (48835) forensics: [CALLBACK_HIST] fixture=4 class=event lower_us=1780 n=8[0m
[0;32mI (48845) forensics: [CALLBACK_HIST] fixture=4 class=event lower_us=1785 n=2[0m
[0;32mI (48855) forensics: [CALLBACK_HIST] fixture=4 class=event lower_us=1790 n=7[0m
[0;32mI (48855) forensics: [CALLBACK_HIST] fixture=4 class=event lower_us=1795 n=4[0m
[0;32mI (48865) forensics: [CALLBACK_HIST] fixture=4 class=event lower_us=1800 n=3[0m
[0;32mI (48875) forensics: [CALLBACK_HIST] fixture=4 class=event lower_us=1805 n=6[0m
[0;32mI (48885) forensics: [CALLBACK_HIST] fixture=4 class=event lower_us=1810 n=2[0m
[0;32mI (48885) forensics: [CALLBACK_HIST] fixture=4 class=event lower_us=1815 n=1[0m
[0;32mI (48895) forensics: [CALLBACK_HIST] fixture=4 class=event lower_us=1820 n=3[0m
[0;32mI (48905) forensics: [CALLBACK_HIST] fixture=4 class=event lower_us=1825 n=2[0m
[0;32mI (48915) forensics: [CALLBACK_HIST] fixture=4 class=event lower_us=1830 n=1[0m
[0;32mI (48915) forensics: [CALLBACK_HIST] fixture=4 class=event lower_us=1835 n=3[0m
[0;32mI (48925) forensics: [CALLBACK_HIST] fixture=4 class=event lower_us=1845 n=1[0m
[0;32mI (48935) forensics: [CALLBACK_HIST] fixture=4 class=event lower_us=1860 n=1[0m
[0;32mI (48945) forensics: [CALLBACK_HIST] fixture=4 class=event lower_us=1865 n=1[0m
[0;32mI (48955) forensics: [CALLBACK_HIST] fixture=4 class=event lower_us=1880 n=1[0m
[0;32mI (48955) forensics: [CALLBACK_HIST] fixture=4 class=event lower_us=1890 n=1[0m
[0;32mI (48965) forensics: [CALLBACK_HIST] fixture=4 class=event lower_us=1930 n=1[0m
[0;32mI (48975) forensics: [CALLBACK_HIST] fixture=4 class=event lower_us=1935 n=3[0m
[0;32mI (48985) forensics: [CALLBACK_HIST] fixture=4 class=event lower_us=1990 n=1[0m
[0;32mI (48985) forensics: [CALLBACK_HIST] fixture=4 class=event lower_us=2095 n=1[0m
[0;32mI (48995) forensics: [CURVE] model=MBIRA fixture=4 voices=1 class=fixture_transition n=1 avg_us=490.82 p95_us=495 p99_us=495 p995_us=495 p999_us=495 max_us=491 deadline=0 bad_voices=0 ble_lost=0 hard=0 sat=0 bin_us=5 max_observed_voices=7[0m
[0;32mI (49015) forensics: [HIST] fixture=4 class=fixture_transition lower_us=490 n=1[0m
[0;32mI (49025) forensics: [CALLBACK_CURVE] model=MBIRA fixture=4 voices=1 class=fixture_transition n=1 avg_us=544.00 p95_us=545 p99_us=545 p995_us=545 p999_us=545 max_us=544 deadline=0 overhead_avg_us=53.18[0m
[0;32mI (49045) forensics: [CALLBACK_HIST] fixture=4 class=fixture_transition lower_us=540 n=1[0m
[0;32mI (49055) forensics: [FASTPATH] fixture=4 stable8=0 attack=0[0m
[0;32mI (49065) forensics: [OVERHEAD] fixture=4 blocks=8192 model_reset_avg_us=1.66 model_reset_max_us=20 queue_avg_us=2.20 queue_max_us=32 render_avg_us=1197.05 telem_avg_us=6.56 telem_max_us=117 telem_publishes=1024[0m
[0;32mI (49115) pocket_pan_main: [AUDIO] model=PAN blocks=18067 avg_us=461 p99_us=0 max_us=1224 cpu_load=17.3 deadline=0 timeout=0 tx_error=0 short=0[0m
[0;32mI (49115) pocket_pan_main: [MIDI] push=0 pop=0 drop=0 hwm=0 last=(n=62 v=0 t=78 hex=000000)[0m
[0;32mI (49125) pocket_pan_main: [BLE] state=8 interval_ms=11.25 latency=0 rssi=-57 reconnects=0 last_disconnect=0[0m
[0;32mI (49135) pocket_pan_main: [MEM] internal_free=43335 largest_internal=27648[0m
[0;32mI (49145) pocket_pan_main: [UIREDRAW] urgent=56 telemetry=159 skip=1207[0m
[0;32mI (54135) pocket_pan_main: [AUDIO] model=PAN blocks=19948 avg_us=464 p99_us=600 max_us=1224 cpu_load=17.4 deadline=0 timeout=0 tx_error=0 short=0[0m
[0;32mI (54135) pocket_pan_main: [MIDI] push=0 pop=0 drop=0 hwm=0 last=(n=62 v=0 t=78 hex=000000)[0m
[0;32mI (54145) pocket_pan_main: [BLE] state=8 interval_ms=11.25 latency=0 rssi=-55 reconnects=0 last_disconnect=0[0m
[0;32mI (54155) pocket_pan_main: [MEM] internal_free=34695 largest_internal=14848[0m
[0;32mI (54165) pocket_pan_main: [UIREDRAW] urgent=56 telemetry=181 skip=1351[0m
[0;32mI (59145) pocket_pan_main: [AUDIO] model=PAN blocks=21829 avg_us=459 p99_us=575 max_us=1224 cpu_load=17.2 deadline=0 timeout=0 tx_error=0 short=0[0m
[0;32mI (59145) pocket_pan_main: [MIDI] push=0 pop=0 drop=0 hwm=0 last=(n=62 v=0 t=78 hex=000000)[0m
[0;32mI (59155) pocket_pan_main: [BLE] state=8 interval_ms=11.25 latency=0 rssi=-56 reconnects=0 last_disconnect=0[0m
[0;32mI (59165) pocket_pan_main: [MEM] internal_free=34695 largest_internal=14848[0m
[0;32mI (59175) pocket_pan_main: [UIREDRAW] urgent=56 telemetry=203 skip=1495[0m
[0;32mI (64165) pocket_pan_main: [AUDIO] model=PAN blocks=23711 avg_us=458 p99_us=600 max_us=1242 cpu_load=17.2 deadline=0 timeout=0 tx_error=0 short=0[0m
[0;32mI (64165) pocket_pan_main: [MIDI] push=0 pop=0 drop=0 hwm=0 last=(n=62 v=0 t=78 hex=000000)[0m
[0;32mI (64175) pocket_pan_main: [BLE] state=8 interval_ms=11.25 latency=0 rssi=-55 reconnects=0 last_disconnect=0[0m
[0;32mI (64185) pocket_pan_main: [MEM] internal_free=43335 largest_internal=27648[0m
[0;32mI (64195) pocket_pan_main: [UIREDRAW] urgent=56 telemetry=226 skip=1638[0m
[0;32mI (67625) forensics: [SAFETY] fixture=5 hard=0 sat=0 nonfinite=0 ble_lost=0[0m
[0;32mI (67625) forensics: [FIXTURE_IO] model=MBIRA fixture=5 avg_us=464 p99_us=600 max_us=1356 cpu_pct=17.40 deadline=0 timeouts=0 tx_errors=0 short_writes=0[0m
[0;32mI (67635) forensics: [CURVE] model=MBIRA fixture=5 voices=1 class=true_steady n=8147 avg_us=440.75 p95_us=455 p99_us=475 p995_us=485 p999_us=600 max_us=700 deadline=0 bad_voices=0 ble_lost=0 hard=0 sat=0 bin_us=5 max_observed_voices=1[0m
[0;32mI (67655) forensics: [HIST] fixture=5 class=true_steady lower_us=415 n=514[0m
[0;32mI (67665) forensics: [HIST] fixture=5 class=true_steady lower_us=420 n=162[0m
[0;32mI (67665) forensics: [HIST] fixture=5 class=true_steady lower_us=425 n=125[0m
[0;32mI (67675) forensics: [HIST] fixture=5 class=true_steady lower_us=430 n=32[0m
[0;32mI (67685) forensics: [HIST] fixture=5 class=true_steady lower_us=435 n=10[0m
[0;32mI (67695) forensics: [HIST] fixture=5 class=true_steady lower_us=440 n=5793[0m
[0;32mI (67695) forensics: [HIST] fixture=5 class=true_steady lower_us=445 n=950[0m
[0;32mI (67705) forensics: [HIST] fixture=5 class=true_steady lower_us=450 n=320[0m
[0;32mI (67715) forensics: [HIST] fixture=5 class=true_steady lower_us=455 n=74[0m
[0;32mI (67725) forensics: [HIST] fixture=5 class=true_steady lower_us=460 n=37[0m
[0;32mI (67725) forensics: [HIST] fixture=5 class=true_steady lower_us=465 n=30[0m
[0;32mI (67735) forensics: [HIST] fixture=5 class=true_steady lower_us=470 n=21[0m
[0;32mI (67745) forensics: [HIST] fixture=5 class=true_steady lower_us=475 n=20[0m
[0;32mI (67755) forensics: [HIST] fixture=5 class=true_steady lower_us=480 n=21[0m
[0;32mI (67755) forensics: [HIST] fixture=5 class=true_steady lower_us=485 n=6[0m
[0;32mI (67765) forensics: [HIST] fixture=5 class=true_steady lower_us=495 n=1[0m
[0;32mI (67775) forensics: [HIST] fixture=5 class=true_steady lower_us=500 n=4[0m
[0;32mI (67785) forensics: [HIST] fixture=5 class=true_steady lower_us=505 n=4[0m
[0;32mI (67785) forensics: [HIST] fixture=5 class=true_steady lower_us=510 n=1[0m
[0;32mI (67795) forensics: [HIST] fixture=5 class=true_steady lower_us=555 n=1[0m
[0;32mI (67805) forensics: [HIST] fixture=5 class=true_steady lower_us=585 n=1[0m
[0;32mI (67815) forensics: [HIST] fixture=5 class=true_steady lower_us=590 n=11[0m
[0;32mI (67815) forensics: [HIST] fixture=5 class=true_steady lower_us=595 n=6[0m
[0;32mI (67825) forensics: [HIST] fixture=5 class=true_steady lower_us=605 n=1[0m
[0;32mI (67835) forensics: [HIST] fixture=5 class=true_steady lower_us=620 n=1[0m
[0;32mI (67835) forensics: [HIST] fixture=5 class=true_steady lower_us=700 n=1[0m
[0;32mI (67845) forensics: [CALLBACK_CURVE] model=MBIRA fixture=5 voices=1 class=true_steady n=8147 avg_us=457.68 p95_us=495 p99_us=555 p995_us=600 p999_us=645 max_us=1137 deadline=0 overhead_avg_us=16.93[0m
[0;32mI (67865) forensics: [CALLBACK_HIST] fixture=5 class=true_steady lower_us=425 n=431[0m
[0;32mI (67875) forensics: [CALLBACK_HIST] fixture=5 class=true_steady lower_us=430 n=107[0m
[0;32mI (67885) forensics: [CALLBACK_HIST] fixture=5 class=true_steady lower_us=435 n=103[0m
[0;32mI (67895) forensics: [CALLBACK_HIST] fixture=5 class=true_steady lower_us=440 n=35[0m
[0;32mI (67895) forensics: [CALLBACK_HIST] fixture=5 class=true_steady lower_us=445 n=3172[0m
[0;32mI (67905) forensics: [CALLBACK_HIST] fixture=5 class=true_steady lower_us=450 n=1314[0m
[0;32mI (67915) forensics: [CALLBACK_HIST] fixture=5 class=true_steady lower_us=455 n=910[0m
[0;32mI (67925) forensics: [CALLBACK_HIST] fixture=5 class=true_steady lower_us=460 n=464[0m
[0;32mI (67935) forensics: [CALLBACK_HIST] fixture=5 class=true_steady lower_us=465 n=223[0m
[0;32mI (67945) forensics: [CALLBACK_HIST] fixture=5 class=true_steady lower_us=470 n=224[0m
[0;32mI (67945) forensics: [CALLBACK_HIST] fixture=5 class=true_steady lower_us=475 n=192[0m
[0;32mI (67955) forensics: [CALLBACK_HIST] fixture=5 class=true_steady lower_us=480 n=233[0m
[0;32mI (67965) forensics: [CALLBACK_HIST] fixture=5 class=true_steady lower_us=485 n=206[0m
[0;32mI (67975) forensics: [CALLBACK_HIST] fixture=5 class=true_steady lower_us=490 n=137[0m
[0;32mI (67985) forensics: [CALLBACK_HIST] fixture=5 class=true_steady lower_us=495 n=57[0m
[0;32mI (67995) forensics: [CALLBACK_HIST] fixture=5 class=true_steady lower_us=500 n=64[0m
[0;32mI (67995) forensics: [CALLBACK_HIST] fixture=5 class=true_steady lower_us=505 n=53[0m
[0;32mI (68005) forensics: [CALLBACK_HIST] fixture=5 class=true_steady lower_us=510 n=42[0m
[0;32mI (68015) forensics: [CALLBACK_HIST] fixture=5 class=true_steady lower_us=515 n=27[0m
[0;32mI (68025) forensics: [CALLBACK_HIST] fixture=5 class=true_steady lower_us=520 n=18[0m
[0;32mI (68035) forensics: [CALLBACK_HIST] fixture=5 class=true_steady lower_us=525 n=11[0m
[0;32mI (68035) forensics: [CALLBACK_HIST] fixture=5 class=true_steady lower_us=530 n=9[0m
[0;32mI (68045) forensics: [CALLBACK_HIST] fixture=5 class=true_steady lower_us=535 n=10[0m
[0;32mI (68055) forensics: [CALLBACK_HIST] fixture=5 class=true_steady lower_us=540 n=12[0m
[0;32mI (68065) forensics: [CALLBACK_HIST] fixture=5 class=true_steady lower_us=545 n=9[0m
[0;32mI (68075) forensics: [CALLBACK_HIST] fixture=5 class=true_steady lower_us=550 n=8[0m
[0;32mI (68085) forensics: [CALLBACK_HIST] fixture=5 class=true_steady lower_us=555 n=7[0m
[0;32mI (68085) forensics: [CALLBACK_HIST] fixture=5 class=true_steady lower_us=560 n=7[0m
[0;32mI (68095) forensics: [CALLBACK_HIST] fixture=5 class=true_steady lower_us=565 n=5[0m
[0;32mI (68105) forensics: [CALLBACK_HIST] fixture=5 class=true_steady lower_us=570 n=2[0m
[0;32mI (68115) forensics: [CALLBACK_HIST] fixture=5 class=true_steady lower_us=575 n=2[0m
[0;32mI (68125) forensics: [CALLBACK_HIST] fixture=5 class=true_steady lower_us=580 n=3[0m
[0;32mI (68125) forensics: [CALLBACK_HIST] fixture=5 class=true_steady lower_us=585 n=4[0m
[0;32mI (68135) forensics: [CALLBACK_HIST] fixture=5 class=true_steady lower_us=590 n=4[0m
[0;32mI (68145) forensics: [CALLBACK_HIST] fixture=5 class=true_steady lower_us=595 n=2[0m
[0;32mI (68155) forensics: [CALLBACK_HIST] fixture=5 class=true_steady lower_us=600 n=8[0m
[0;32mI (68165) forensics: [CALLBACK_HIST] fixture=5 class=true_steady lower_us=605 n=4[0m
[0;32mI (68175) forensics: [CALLBACK_HIST] fixture=5 class=true_steady lower_us=610 n=6[0m
[0;32mI (68175) forensics: [CALLBACK_HIST] fixture=5 class=true_steady lower_us=615 n=4[0m
[0;32mI (68185) forensics: [CALLBACK_HIST] fixture=5 class=true_steady lower_us=620 n=3[0m
[0;32mI (68195) forensics: [CALLBACK_HIST] fixture=5 class=true_steady lower_us=630 n=2[0m
[0;32mI (68205) forensics: [CALLBACK_HIST] fixture=5 class=true_steady lower_us=635 n=2[0m
[0;32mI (68215) forensics: [CALLBACK_HIST] fixture=5 class=true_steady lower_us=640 n=3[0m
[0;32mI (68215) forensics: [CALLBACK_HIST] fixture=5 class=true_steady lower_us=650 n=2[0m
[0;32mI (68225) forensics: [CALLBACK_HIST] fixture=5 class=true_steady lower_us=660 n=1[0m
[0;32mI (68235) forensics: [CALLBACK_HIST] fixture=5 class=true_steady lower_us=665 n=1[0m
[0;32mI (68245) forensics: [CALLBACK_HIST] fixture=5 class=true_steady lower_us=710 n=1[0m
[0;32mI (68255) forensics: [CALLBACK_HIST] fixture=5 class=true_steady lower_us=725 n=1[0m
[0;32mI (68265) forensics: [CALLBACK_HIST] fixture=5 class=true_steady lower_us=775 n=1[0m
[0;32mI (68265) forensics: [CALLBACK_HIST] fixture=5 class=true_steady lower_us=1135 n=1[0m
[0;32mI (68275) forensics: [CURVE] model=MBIRA fixture=5 voices=1 class=attack_tail n=0 avg_us=0.00 p95_us=0 p99_us=0 p995_us=0 p999_us=0 max_us=0 deadline=0 bad_voices=0 ble_lost=0 hard=0 sat=0 bin_us=5 max_observed_voices=1[0m
[0;32mI (68295) forensics: [CALLBACK_CURVE] model=MBIRA fixture=5 voices=1 class=attack_tail n=0 avg_us=0.00 p95_us=0 p99_us=0 p995_us=0 p999_us=0 max_us=0 deadline=0 overhead_avg_us=0.00[0m
[0;32mI (68315) forensics: [CURVE] model=MBIRA fixture=5 voices=1 class=event n=44 avg_us=1127.47 p95_us=1150 p99_us=1295 p995_us=1295 p999_us=1295 max_us=1293 deadline=0 bad_voices=0 ble_lost=0 hard=0 sat=0 bin_us=5 max_observed_voices=1[0m
[0;32mI (68335) forensics: [HIST] fixture=5 class=event lower_us=995 n=1[0m
[0;32mI (68345) forensics: [HIST] fixture=5 class=event lower_us=1030 n=1[0m
[0;32mI (68345) forensics: [HIST] fixture=5 class=event lower_us=1065 n=1[0m
[0;32mI (68355) forensics: [HIST] fixture=5 class=event lower_us=1110 n=2[0m
[0;32mI (68365) forensics: [HIST] fixture=5 class=event lower_us=1115 n=2[0m
[0;32mI (68365) forensics: [HIST] fixture=5 class=event lower_us=1120 n=5[0m
[0;32mI (68375) forensics: [HIST] fixture=5 class=event lower_us=1125 n=15[0m
[0;32mI (68385) forensics: [HIST] fixture=5 class=event lower_us=1130 n=4[0m
[0;32mI (68395) forensics: [HIST] fixture=5 class=event lower_us=1135 n=2[0m
[0;32mI (68395) forensics: [HIST] fixture=5 class=event lower_us=1140 n=5[0m
[0;32mI (68405) forensics: [HIST] fixture=5 class=event lower_us=1145 n=4[0m
[0;32mI (68415) forensics: [HIST] fixture=5 class=event lower_us=1170 n=1[0m
[0;32mI (68415) forensics: [HIST] fixture=5 class=event lower_us=1290 n=1[0m
[0;32mI (68425) forensics: [CALLBACK_CURVE] model=MBIRA fixture=5 voices=1 class=event n=44 avg_us=1182.55 p95_us=1245 p99_us=1360 p995_us=1360 p999_us=1360 max_us=1356 deadline=0 overhead_avg_us=55.08[0m
[0;32mI (68445) forensics: [CALLBACK_HIST] fixture=5 class=event lower_us=1045 n=1[0m
[0;32mI (68455) forensics: [CALLBACK_HIST] fixture=5 class=event lower_us=1095 n=1[0m
[0;32mI (68455) forensics: [CALLBACK_HIST] fixture=5 class=event lower_us=1130 n=1[0m
[0;32mI (68465) forensics: [CALLBACK_HIST] fixture=5 class=event lower_us=1140 n=1[0m
[0;32mI (68475) forensics: [CALLBACK_HIST] fixture=5 class=event lower_us=1155 n=1[0m
[0;32mI (68485) forensics: [CALLBACK_HIST] fixture=5 class=event lower_us=1160 n=4[0m
[0;32mI (68485) forensics: [CALLBACK_HIST] fixture=5 class=event lower_us=1170 n=7[0m
[0;32mI (68495) forensics: [CALLBACK_HIST] fixture=5 class=event lower_us=1175 n=4[0m
[0;32mI (68505) forensics: [CALLBACK_HIST] fixture=5 class=event lower_us=1180 n=8[0m
[0;32mI (68515) forensics: [CALLBACK_HIST] fixture=5 class=event lower_us=1185 n=3[0m
[0;32mI (68525) forensics: [CALLBACK_HIST] fixture=5 class=event lower_us=1190 n=2[0m
[0;32mI (68525) forensics: [CALLBACK_HIST] fixture=5 class=event lower_us=1195 n=4[0m
[0;32mI (68535) forensics: [CALLBACK_HIST] fixture=5 class=event lower_us=1200 n=1[0m
[0;32mI (68545) forensics: [CALLBACK_HIST] fixture=5 class=event lower_us=1210 n=1[0m
[0;32mI (68555) forensics: [CALLBACK_HIST] fixture=5 class=event lower_us=1215 n=1[0m
[0;32mI (68555) forensics: [CALLBACK_HIST] fixture=5 class=event lower_us=1220 n=1[0m
[0;32mI (68565) forensics: [CALLBACK_HIST] fixture=5 class=event lower_us=1240 n=2[0m
[0;32mI (68575) forensics: [CALLBACK_HIST] fixture=5 class=event lower_us=1355 n=1[0m
[0;32mI (68585) forensics: [CURVE] model=MBIRA fixture=5 voices=1 class=fixture_transition n=1 avg_us=496.78 p95_us=500 p99_us=500 p995_us=500 p999_us=500 max_us=497 deadline=0 bad_voices=0 ble_lost=0 hard=0 sat=0 bin_us=5 max_observed_voices=1[0m
[0;32mI (68605) forensics: [HIST] fixture=5 class=fixture_transition lower_us=495 n=1[0m
[0;32mI (68615) forensics: [CALLBACK_CURVE] model=MBIRA fixture=5 voices=1 class=fixture_transition n=1 avg_us=557.00 p95_us=560 p99_us=560 p995_us=560 p999_us=560 max_us=557 deadline=0 overhead_avg_us=60.22[0m
[0;32mI (68635) forensics: [CALLBACK_HIST] fixture=5 class=fixture_transition lower_us=555 n=1[0m
[0;32mI (68635) forensics: [FASTPATH] fixture=5 stable8=0 attack=0[0m
[0;32mI (68645) forensics: [OVERHEAD] fixture=5 blocks=8192 model_reset_avg_us=1.53 model_reset_max_us=17 queue_avg_us=1.77 queue_max_us=33 render_avg_us=449.69 telem_avg_us=4.97 telem_max_us=122 telem_publishes=1024[0m
[0;32mI (69175) pocket_pan_main: [AUDIO] model=PAN blocks=25589 avg_us=11 p99_us=575 max_us=1356 cpu_load=0.4 deadline=0 timeout=0 tx_error=0 short=0[0m
[0;32mI (69175) pocket_pan_main: [MIDI] push=0 pop=0 drop=0 hwm=0 last=(n=62 v=0 t=78 hex=000000)[0m
[0;32mI (69185) pocket_pan_main: [BLE] state=8 interval_ms=11.25 latency=0 rssi=-57 reconnects=0 last_disconnect=0[0m
[0;32mI (69195) pocket_pan_main: [MEM] internal_free=43335 largest_internal=27648[0m
[0;32mI (69205) pocket_pan_main: [UIREDRAW] urgent=56 telemetry=242 skip=1753[0m
[0;32mI (74185) pocket_pan_main: [AUDIO] model=PAN blocks=27469 avg_us=10 p99_us=25 max_us=1356 cpu_load=0.4 deadline=0 timeout=0 tx_error=0 short=0[0m
[0;32mI (74185) pocket_pan_main: [MIDI] push=0 pop=0 drop=0 hwm=0 last=(n=62 v=0 t=78 hex=000000)[0m
[0;32mI (74195) pocket_pan_main: [BLE] state=8 interval_ms=11.25 latency=0 rssi=-57 reconnects=0 last_disconnect=0[0m
[0;32mI (74205) pocket_pan_main: [MEM] internal_free=43335 largest_internal=27648[0m
[0;32mI (74215) pocket_pan_main: [UIREDRAW] urgent=56 telemetry=257 skip=1904[0m
