[0;32mI (835) pocket_pan_main:   Pocket Pan / Metal Modal Synthesizer v1.0.0[0m
[0;32mI (845) pocket_pan_main:   Hardware: TENSTAR TS-ESP32-S3 (Feather TFT)[0m
[0;32mI (845) pocket_pan_main: ===============================================[0m
[0;32mI (855) pocket_pan_main: [FORENSICS] candidate=25 profile=0 cpu_mhz=240 optimization_perf=1 process6=1 fine_bins=5 critical_only=0[0m
[0;32mI (915) pocket_pan_main: [MBIRA_BUZZ_COST] blocks=1024 avg_us=28.329 max_us=35.788 checksum=-0.002034[0m
[0;32mI (915) gpio: GPIO[10]| InputEn: 0| OutputEn: 1| OpenDrain: 0| Pullup: 0| Pulldown: 1| Intr:0 [0m
[0;32mI (925) AudioI2S: I2S TX initialized (48kHz, 32-bit slot, stereo, 6x128 frames DMA = 1024 bytes/buf)[0m
[0;32mI (935) AudioI2S: Audio task started on Core 0 at priority 12[0m
[0;32mI (945) Display: [DISP_MEM_PRE] before: int_free=156603 int_largest=61440 psram_free=2094528[0m
[0;33mW (955) Display: Internal SRAM (64800 B) exhausted; falling back to PSRAM[0m
[0;32mI (955) Display: [DISP_MEM] framebuffer=0x3c0a0a44 (size=64800, align=4, internal=0, dma=0, psram=1)[0m
[0;32mI (965) Display: [DISP_MEM] scratch=0x3fcd9f48 (size=9600, align=8, internal=1, dma=1)[0m
[0;32mI (975) Display: [DISP_MEM] before: int_free=156603 int_largest=61440 psram_free=2094528[0m
[0;32mI (985) Display: [DISP_MEM] after:  int_free=146999 int_largest=53248 psram_free=2029724[0m
[0;32mI (995) gpio: GPIO[39]| InputEn: 0| OutputEn: 1| OpenDrain: 0| Pullup: 0| Pulldown: 0| Intr:0 [0m
[0;32mI (1005) gpio: GPIO[40]| InputEn: 0| OutputEn: 1| OpenDrain: 0| Pullup: 0| Pulldown: 0| Intr:0 [0m
[0;32mI (1015) gpio: GPIO[21]| InputEn: 0| OutputEn: 1| OpenDrain: 0| Pullup: 0| Pulldown: 0| Intr:0 [0m
[0;32mI (1245) gpio: GPIO[45]| InputEn: 0| OutputEn: 1| OpenDrain: 0| Pullup: 0| Pulldown: 0| Intr:0 [0m
[0;31mE (1255) lcd_panel.io.spi: panel_io_spi_tx_color(390): spi transmit (queue) color failed[0m
[0;31mE (1255) lcd_panel.st7789: panel_st7789_draw_bitmap(223): io tx color failed[0m
[0;32mI (1255) Display: ST7789 240x135 display initialized successfully (SPI 40MHz, GDMA callback armed)[0m
[0;32mI (1265) pocket_pan_main: [CANARY] PreparedNote canaries OK=1[0m
[0;32mI (1275) BLE_INIT: BT controller compile version [ba3b3e3][0m
[0;32mI (1285) BLE_INIT: Bluetooth MAC: b4:3a:45:ae:6f:2a[0m
[0;32mI (1285) phy_init: phy_version 680,a6008b2,Jun  4 2024,16:41:10[0m
[0;32mI (1325) BleMidi: NimBLE Host task running on Core 1[0m
[0;32mI (1325) BleMidi: NimBLE BLE MIDI Central initialized and pinned to Core 1[0m
[0;32mI (1335) pocket_pan_main: [M75_MEMORY] table_bytes=9640 cache_bytes=86760 synth_bytes=100672 internal_free=51527 largest_internal=31744[0m
[0;32mI (1335) NimBLE: Failed to restore IRKs from store; status=8
[0m
[0;32mI (1345) pocket_pan_main: Pocket Pan initialization complete. Realtime audio active.[0m
[0;32mI (1345) NimBLE: GAP procedure initiated: discovery; [0m
[0;32mI (1365) NimBLE: own_addr_type=0 filter_policy=0 passive=0 limited=0 filter_duplicates=1 [0m
[0;32mI (1355) main_task: Returned from app_main()[0m
[0;32mI (1375) NimBLE: duration=forever[0m
[0;32mI (1385) NimBLE: 
[0m
[0;32mI (1385) BleMidi: Scanning for BLE MIDI devices...[0m
[0;32mI (1345) gpio: GPIO[0]| InputEn: 1| OutputEn: 0| OpenDrain: 0| Pullup: 1| Pulldown: 0| Intr:0 [0m
[0;31mE (1415) lcd_panel.io.spi: panel_io_spi_tx_color(390): spi transmit (queue) color failed[0m
[0;31mE (1415) lcd_panel.st7789: panel_st7789_draw_bitmap(223): io tx color failed[0m
[0;32mI (1495) BleMidi: BLE MIDI device found (59:FB:B6:B7:BF:0F); connecting[0m
[0;32mI (1495) NimBLE: GAP procedure initiated: connect; [0m
[0;32mI (1495) NimBLE: peer_addr_type=0 peer_addr=[0m
[0;32mI (1495) NimBLE: 59:fb:b6:b7:bf:0f[0m
[0;32mI (1505) NimBLE:  scan_itvl=16 scan_window=16 itvl_min=24 itvl_max=40 latency=0 supervision_timeout=256 min_ce_len=0 max_ce_len=0 own_addr_type=0[0m
[0;32mI (1515) NimBLE: 
[0m
[0;32mI (1595) BleMidi: BLE Connected! conn_handle=1[0m
[0;32mI (1595) NimBLE: GAP procedure initiated: [0m
[0;32mI (1595) NimBLE: connection parameter update; conn_handle=1 itvl_min=6 itvl_max=12 latency=0 supervision_timeout=200 min_ce_len=0 max_ce_len=0[0m
[0;32mI (1615) NimBLE: 
[0m
[0;32mI (1615) BleMidi: Requested connection params 7.5-15ms latency=0 timeout=2s rc=0[0m
[0;32mI (1625) NimBLE: GATT procedure initiated: discover all services
[0m
[0;32mI (1885) BleMidi: Found BLE MIDI Service! start_handle=112 end_handle=115[0m
[0;32mI (1885) NimBLE: GATT procedure initiated: discover all characteristics; [0m
[0;32mI (1885) NimBLE: start_handle=112 end_handle=115
[0m
[0;32mI (1985) BleMidi: Found BLE MIDI Characteristic! def_handle=113 val_handle=114 props=0x16[0m
[0;32mI (1985) NimBLE: GATT procedure initiated: discover all descriptors; [0m
[0;32mI (1985) NimBLE: chr_val_handle=114 end_handle=115
[0m
[0;32mI (2085) BleMidi: Discovered CCCD (0x2902) handle=115[0m
[0;32mI (2085) NimBLE: GATT procedure initiated: write; [0m
[0;32mI (2085) NimBLE: att_handle=115 len=2
[0m
[0;32mI (2135) BleMidi: Negotiated params interval=7.50ms latency=0 timeout=2000ms[0m
[0;32mI (2155) BleMidi: CCCD subscription successful; BLE MIDI ready[0m
[0;32mI (2155) NimBLE: GAP procedure initiated: [0m
[0;32mI (2155) NimBLE: connection parameter update; conn_handle=1 itvl_min=6 itvl_max=9 latency=0 supervision_timeout=100 min_ce_len=0 max_ce_len=0[0m
[0;32mI (2165) NimBLE: 
[0m
[0;32mI (2245) BleMidi: Negotiated params interval=11.25ms latency=0 timeout=1000ms[0m
[0;32mI (5835) pocket_pan_main: [AUDIO] model=PAN blocks=1835 avg_us=454 p99_us=0 max_us=958 cpu_load=17.0 deadline=0 timeout=0 tx_error=0 short=0[0m
[0;32mI (5835) pocket_pan_main: [MIDI] push=0 pop=0 drop=0 hwm=0 last=(n=62 v=0 t=78 hex=000000)[0m
[0;32mI (5845) pocket_pan_main: [BLE] state=8 interval_ms=11.25 latency=0 rssi=-56 reconnects=0 last_disconnect=0[0m
[0;32mI (5855) pocket_pan_main: [MEM] internal_free=84999 largest_internal=32768[0m
[0;32mI (5865) pocket_pan_main: [UIREDRAW] urgent=8 telemetry=17 skip=122[0m
[0;32mI (10855) pocket_pan_main: [AUDIO] model=PAN blocks=3717 avg_us=455 p99_us=575 max_us=958 cpu_load=17.1 deadline=0 timeout=0 tx_error=0 short=0[0m
[0;32mI (10855) pocket_pan_main: [MIDI] push=0 pop=0 drop=0 hwm=0 last=(n=62 v=0 t=78 hex=000000)[0m
[0;32mI (10865) pocket_pan_main: [BLE] state=8 interval_ms=11.25 latency=0 rssi=-61 reconnects=0 last_disconnect=0[0m
[0;32mI (10875) pocket_pan_main: [MEM] internal_free=84999 largest_internal=32768[0m
[0;32mI (10885) pocket_pan_main: [UIREDRAW] urgent=8 telemetry=39 skip=266[0m
[0;32mI (15865) pocket_pan_main: [AUDIO] model=PAN blocks=5595 avg_us=456 p99_us=575 max_us=958 cpu_load=17.1 deadline=0 timeout=0 tx_error=0 short=0[0m
[0;32mI (15865) pocket_pan_main: [MIDI] push=0 pop=0 drop=0 hwm=0 last=(n=62 v=0 t=78 hex=000000)[0m
[0;32mI (15875) pocket_pan_main: [BLE] state=8 interval_ms=11.25 latency=0 rssi=-59 reconnects=0 last_disconnect=0[0m
[0;32mI (15885) pocket_pan_main: [MEM] internal_free=84999 largest_internal=32768[0m
[0;32mI (15895) pocket_pan_main: [UIREDRAW] urgent=8 telemetry=62 skip=409[0m
[0;32mI (20875) pocket_pan_main: [AUDIO] model=PAN blocks=7475 avg_us=456 p99_us=550 max_us=980 cpu_load=17.1 deadline=0 timeout=0 tx_error=0 short=0[0m
[0;32mI (20875) pocket_pan_main: [MIDI] push=0 pop=0 drop=0 hwm=0 last=(n=62 v=0 t=78 hex=000000)[0m
[0;32mI (20885) pocket_pan_main: [BLE] state=8 interval_ms=11.25 latency=0 rssi=-57 reconnects=0 last_disconnect=0[0m
[0;32mI (20895) pocket_pan_main: [MEM] internal_free=84999 largest_internal=32768[0m
[0;32mI (20905) pocket_pan_main: [UIREDRAW] urgent=8 telemetry=84 skip=553[0m
[0;32mI (24035) forensics: [SAFETY] fixture=6 hard=0 sat=0 nonfinite=0 ble_lost=0[0m
[0;32mI (24035) forensics: [FIXTURE_IO] model=MBIRA fixture=6 avg_us=455 p99_us=550 max_us=980 cpu_pct=17.06 deadline=0 timeouts=0 tx_errors=0 short_writes=0[0m
[0;32mI (24045) forensics: [CURVE] model=MBIRA fixture=6 voices=1 class=true_steady n=8147 avg_us=439.71 p95_us=450 p99_us=475 p995_us=485 p999_us=500 max_us=528 deadline=0 bad_voices=0 ble_lost=0 hard=0 sat=0 bin_us=5 max_observed_voices=1[0m
[0;32mI (24065) forensics: [HIST] fixture=6 class=true_steady lower_us=415 n=608[0m
[0;32mI (24075) forensics: [HIST] fixture=6 class=true_steady lower_us=420 n=84[0m
[0;32mI (24085) forensics: [HIST] fixture=6 class=true_steady lower_us=425 n=134[0m
[0;32mI (24095) forensics: [HIST] fixture=6 class=true_steady lower_us=430 n=17[0m
[0;32mI (24095) forensics: [HIST] fixture=6 class=true_steady lower_us=435 n=6[0m
[0;32mI (24105) forensics: [HIST] fixture=6 class=true_steady lower_us=440 n=6037[0m
[0;32mI (24115) forensics: [HIST] fixture=6 class=true_steady lower_us=445 n=923[0m
[0;32mI (24125) forensics: [HIST] fixture=6 class=true_steady lower_us=450 n=179[0m
[0;32mI (24125) forensics: [HIST] fixture=6 class=true_steady lower_us=455 n=31[0m
[0;32mI (24135) forensics: [HIST] fixture=6 class=true_steady lower_us=460 n=25[0m
[0;32mI (24145) forensics: [HIST] fixture=6 class=true_steady lower_us=465 n=21[0m
[0;32mI (24155) forensics: [HIST] fixture=6 class=true_steady lower_us=470 n=20[0m
[0;32mI (24155) forensics: [HIST] fixture=6 class=true_steady lower_us=475 n=20[0m
[0;32mI (24165) forensics: [HIST] fixture=6 class=true_steady lower_us=480 n=10[0m
[0;32mI (24175) forensics: [HIST] fixture=6 class=true_steady lower_us=485 n=7[0m
[0;32mI (24185) forensics: [HIST] fixture=6 class=true_steady lower_us=490 n=13[0m
[0;32mI (24185) forensics: [HIST] fixture=6 class=true_steady lower_us=495 n=6[0m
[0;32mI (24195) forensics: [HIST] fixture=6 class=true_steady lower_us=505 n=3[0m
[0;32mI (24205) forensics: [HIST] fixture=6 class=true_steady lower_us=520 n=2[0m
[0;32mI (24205) forensics: [HIST] fixture=6 class=true_steady lower_us=525 n=1[0m
[0;32mI (24215) forensics: [CALLBACK_CURVE] model=MBIRA fixture=6 voices=1 class=true_steady n=8146 avg_us=454.05 p95_us=485 p99_us=535 p995_us=575 p999_us=620 max_us=669 deadline=0 overhead_avg_us=14.34[0m
[0;32mI (24235) forensics: [CALLBACK_HIST] fixture=6 class=true_steady lower_us=425 n=533[0m
[0;32mI (24245) forensics: [CALLBACK_HIST] fixture=6 class=true_steady lower_us=430 n=109[0m
[0;32mI (24255) forensics: [CALLBACK_HIST] fixture=6 class=true_steady lower_us=435 n=58[0m
[0;32mI (24265) forensics: [CALLBACK_HIST] fixture=6 class=true_steady lower_us=440 n=19[0m
[0;32mI (24265) forensics: [CALLBACK_HIST] fixture=6 class=true_steady lower_us=445 n=4474[0m
[0;32mI (24275) forensics: [CALLBACK_HIST] fixture=6 class=true_steady lower_us=450 n=974[0m
[0;32mI (24285) forensics: [CALLBACK_HIST] fixture=6 class=true_steady lower_us=455 n=515[0m
[0;32mI (24295) forensics: [CALLBACK_HIST] fixture=6 class=true_steady lower_us=460 n=172[0m
[0;32mI (24305) forensics: [CALLBACK_HIST] fixture=6 class=true_steady lower_us=465 n=203[0m
[0;32mI (24315) forensics: [CALLBACK_HIST] fixture=6 class=true_steady lower_us=470 n=380[0m
[0;32mI (24315) forensics: [CALLBACK_HIST] fixture=6 class=true_steady lower_us=475 n=217[0m
[0;32mI (24325) forensics: [CALLBACK_HIST] fixture=6 class=true_steady lower_us=480 n=104[0m
[0;32mI (24335) forensics: [CALLBACK_HIST] fixture=6 class=true_steady lower_us=485 n=62[0m
[0;32mI (24345) forensics: [CALLBACK_HIST] fixture=6 class=true_steady lower_us=490 n=50[0m
[0;32mI (24355) forensics: [CALLBACK_HIST] fixture=6 class=true_steady lower_us=495 n=27[0m
[0;32mI (24355) forensics: [CALLBACK_HIST] fixture=6 class=true_steady lower_us=500 n=49[0m
[0;32mI (24365) forensics: [CALLBACK_HIST] fixture=6 class=true_steady lower_us=505 n=40[0m
[0;32mI (24375) forensics: [CALLBACK_HIST] fixture=6 class=true_steady lower_us=510 n=17[0m
[0;32mI (24385) forensics: [CALLBACK_HIST] fixture=6 class=true_steady lower_us=515 n=22[0m
[0;32mI (24395) forensics: [CALLBACK_HIST] fixture=6 class=true_steady lower_us=520 n=17[0m
[0;32mI (24405) forensics: [CALLBACK_HIST] fixture=6 class=true_steady lower_us=525 n=13[0m
[0;32mI (24405) forensics: [CALLBACK_HIST] fixture=6 class=true_steady lower_us=530 n=16[0m
[0;32mI (24415) forensics: [CALLBACK_HIST] fixture=6 class=true_steady lower_us=535 n=4[0m
[0;32mI (24425) forensics: [CALLBACK_HIST] fixture=6 class=true_steady lower_us=540 n=7[0m
[0;32mI (24435) forensics: [CALLBACK_HIST] fixture=6 class=true_steady lower_us=545 n=6[0m
[0;32mI (24445) forensics: [CALLBACK_HIST] fixture=6 class=true_steady lower_us=550 n=6[0m
[0;32mI (24455) forensics: [CALLBACK_HIST] fixture=6 class=true_steady lower_us=555 n=5[0m
[0;32mI (24455) forensics: [CALLBACK_HIST] fixture=6 class=true_steady lower_us=560 n=1[0m
[0;32mI (24465) forensics: [CALLBACK_HIST] fixture=6 class=true_steady lower_us=565 n=4[0m
[0;32mI (24475) forensics: [CALLBACK_HIST] fixture=6 class=true_steady lower_us=570 n=2[0m
[0;32mI (24485) forensics: [CALLBACK_HIST] fixture=6 class=true_steady lower_us=575 n=2[0m
[0;32mI (24495) forensics: [CALLBACK_HIST] fixture=6 class=true_steady lower_us=580 n=4[0m
[0;32mI (24495) forensics: [CALLBACK_HIST] fixture=6 class=true_steady lower_us=585 n=6[0m
[0;32mI (24505) forensics: [CALLBACK_HIST] fixture=6 class=true_steady lower_us=590 n=9[0m
[0;32mI (24515) forensics: [CALLBACK_HIST] fixture=6 class=true_steady lower_us=595 n=1[0m
[0;32mI (24525) forensics: [CALLBACK_HIST] fixture=6 class=true_steady lower_us=600 n=2[0m
[0;32mI (24535) forensics: [CALLBACK_HIST] fixture=6 class=true_steady lower_us=605 n=2[0m
[0;32mI (24535) forensics: [CALLBACK_HIST] fixture=6 class=true_steady lower_us=610 n=5[0m
[0;32mI (24545) forensics: [CALLBACK_HIST] fixture=6 class=true_steady lower_us=615 n=2[0m
[0;32mI (24555) forensics: [CALLBACK_HIST] fixture=6 class=true_steady lower_us=625 n=1[0m
[0;32mI (24565) forensics: [CALLBACK_HIST] fixture=6 class=true_steady lower_us=645 n=2[0m
[0;32mI (24575) forensics: [CALLBACK_HIST] fixture=6 class=true_steady lower_us=655 n=1[0m
[0;32mI (24585) forensics: [CALLBACK_HIST] fixture=6 class=true_steady lower_us=660 n=1[0m
[0;32mI (24585) forensics: [CALLBACK_HIST] fixture=6 class=true_steady lower_us=665 n=2[0m
[0;32mI (24595) forensics: [CURVE] model=MBIRA fixture=6 voices=1 class=attack_tail n=0 avg_us=0.00 p95_us=0 p99_us=0 p995_us=0 p999_us=0 max_us=0 deadline=0 bad_voices=0 ble_lost=0 hard=0 sat=0 bin_us=5 max_observed_voices=1[0m
[0;32mI (24615) forensics: [CALLBACK_CURVE] model=MBIRA fixture=6 voices=1 class=attack_tail n=0 avg_us=0.00 p95_us=0 p99_us=0 p995_us=0 p999_us=0 max_us=0 deadline=0 overhead_avg_us=0.00[0m
[0;32mI (24635) forensics: [CURVE] model=MBIRA fixture=6 voices=1 class=event n=44 avg_us=793.22 p95_us=830 p99_us=880 p995_us=880 p999_us=880 max_us=876 deadline=0 bad_voices=0 ble_lost=0 hard=0 sat=0 bin_us=5 max_observed_voices=1[0m
[0;32mI (24655) forensics: [HIST] fixture=6 class=event lower_us=725 n=1[0m
[0;32mI (24665) forensics: [HIST] fixture=6 class=event lower_us=775 n=3[0m
[0;32mI (24665) forensics: [HIST] fixture=6 class=event lower_us=780 n=7[0m
[0;32mI (24675) forensics: [HIST] fixture=6 class=event lower_us=785 n=6[0m
[0;32mI (24685) forensics: [HIST] fixture=6 class=event lower_us=790 n=11[0m
[0;32mI (24685) forensics: [HIST] fixture=6 class=event lower_us=795 n=8[0m
[0;32mI (24695) forensics: [HIST] fixture=6 class=event lower_us=800 n=1[0m
[0;32mI (24705) forensics: [HIST] fixture=6 class=event lower_us=805 n=2[0m
[0;32mI (24705) forensics: [HIST] fixture=6 class=event lower_us=810 n=2[0m
[0;32mI (24715) forensics: [HIST] fixture=6 class=event lower_us=825 n=1[0m
[0;32mI (24725) forensics: [HIST] fixture=6 class=event lower_us=835 n=1[0m
[0;32mI (24735) forensics: [HIST] fixture=6 class=event lower_us=875 n=1[0m
[0;32mI (24735) forensics: [CALLBACK_CURVE] model=MBIRA fixture=6 voices=1 class=event n=44 avg_us=897.98 p95_us=945 p99_us=985 p995_us=985 p999_us=985 max_us=980 deadline=0 overhead_avg_us=104.76[0m
[0;32mI (24755) forensics: [CALLBACK_HIST] fixture=6 class=event lower_us=780 n=1[0m
[0;32mI (24765) forensics: [CALLBACK_HIST] fixture=6 class=event lower_us=865 n=1[0m
[0;32mI (24775) forensics: [CALLBACK_HIST] fixture=6 class=event lower_us=870 n=1[0m
[0;32mI (24775) forensics: [CALLBACK_HIST] fixture=6 class=event lower_us=875 n=3[0m
[0;32mI (24785) forensics: [CALLBACK_HIST] fixture=6 class=event lower_us=880 n=5[0m
[0;32mI (24795) forensics: [CALLBACK_HIST] fixture=6 class=event lower_us=885 n=5[0m
[0;32mI (24805) forensics: [CALLBACK_HIST] fixture=6 class=event lower_us=890 n=3[0m
[0;32mI (24805) forensics: [CALLBACK_HIST] fixture=6 class=event lower_us=895 n=8[0m
[0;32mI (24815) forensics: [CALLBACK_HIST] fixture=6 class=event lower_us=900 n=1[0m
[0;32mI (24825) forensics: [CALLBACK_HIST] fixture=6 class=event lower_us=905 n=5[0m
[0;32mI (24835) forensics: [CALLBACK_HIST] fixture=6 class=event lower_us=910 n=3[0m
[0;32mI (24835) forensics: [CALLBACK_HIST] fixture=6 class=event lower_us=915 n=2[0m
[0;32mI (24845) forensics: [CALLBACK_HIST] fixture=6 class=event lower_us=920 n=2[0m
[0;32mI (24855) forensics: [CALLBACK_HIST] fixture=6 class=event lower_us=935 n=1[0m
[0;32mI (24865) forensics: [CALLBACK_HIST] fixture=6 class=event lower_us=940 n=1[0m
[0;32mI (24865) forensics: [CALLBACK_HIST] fixture=6 class=event lower_us=955 n=1[0m
[0;32mI (24875) forensics: [CALLBACK_HIST] fixture=6 class=event lower_us=980 n=1[0m
[0;32mI (24885) forensics: [CURVE] model=MBIRA fixture=6 voices=1 class=fixture_transition n=1 avg_us=636.61 p95_us=640 p99_us=640 p995_us=640 p999_us=640 max_us=637 deadline=0 bad_voices=0 ble_lost=0 hard=0 sat=0 bin_us=5 max_observed_voices=1[0m
[0;32mI (24905) forensics: [HIST] fixture=6 class=fixture_transition lower_us=635 n=1[0m
[0;32mI (24915) forensics: [CALLBACK_CURVE] model=MBIRA fixture=6 voices=1 class=fixture_transition n=1 avg_us=851.00 p95_us=855 p99_us=855 p995_us=855 p999_us=855 max_us=851 deadline=0 overhead_avg_us=214.39[0m
[0;32mI (24935) forensics: [CALLBACK_HIST] fixture=6 class=fixture_transition lower_us=850 n=1[0m
[0;32mI (24945) forensics: [FASTPATH] fixture=6 stable8=0 attack=0[0m
[0;32mI (24945) forensics: [OVERHEAD] fixture=6 blocks=8654 model_reset_avg_us=1.79 model_reset_max_us=21 queue_avg_us=1.91 queue_max_us=43 render_avg_us=422.73 telem_avg_us=4.19 telem_max_us=137 telem_publishes=1081[0m
[0;32mI (25895) pocket_pan_main: [AUDIO] model=PAN blocks=9357 avg_us=9 p99_us=550 max_us=980 cpu_load=0.3 deadline=0 timeout=0 tx_error=0 short=0[0m
[0;32mI (25895) pocket_pan_main: [MIDI] push=0 pop=0 drop=0 hwm=0 last=(n=62 v=0 t=78 hex=000000)[0m
[0;32mI (25905) pocket_pan_main: [BLE] state=8 interval_ms=11.25 latency=0 rssi=-56 reconnects=0 last_disconnect=0[0m
[0;32mI (25915) pocket_pan_main: [MEM] internal_free=84999 largest_internal=32768[0m
[0;32mI (25925) pocket_pan_main: [UIREDRAW] urgent=8 telemetry=101 skip=671[0m
[0;32mI (30915) pocket_pan_main: [AUDIO] model=PAN blocks=11239 avg_us=8 p99_us=25 max_us=980 cpu_load=0.3 deadline=0 timeout=0 tx_error=0 short=0[0m
[0;32mI (30915) pocket_pan_main: [MIDI] push=0 pop=0 drop=0 hwm=0 last=(n=62 v=0 t=78 hex=000000)[0m
[0;32mI (30925) pocket_pan_main: [BLE] state=8 interval_ms=11.25 latency=0 rssi=-56 reconnects=0 last_disconnect=0[0m
[0;32mI (30935) pocket_pan_main: [MEM] internal_free=84999 largest_internal=32768[0m
[0;32mI (30945) pocket_pan_main: [UIREDRAW] urgent=8 telemetry=118 skip=820[0m
