[0;32mI (123) esp_image: segment 1: paddr=000306dc vaddr=3fca44[0;32mI (681) esp_psram: SPI SRAM memory test OK[0m
[0;32mI (690) cpu_start: Pro cpu start user code[0m
[0;32mI (690) cpu_start: cpu freq: 240000000 Hz[0m
[0;32mI (690) app_init: Application information:[0m
[0;32mI (693) app_init: Project name:     pocket_pan[0m
[0;32mI (698) app_init: App version:      b6454c6-dirty[0m
[0;32mI (703) app_init: Compile time:     Oct  1 2026 19:09:37[0m
[0;32mI (709) app_init: ELF file SHA256:  9bcb775c4...[0m
[0;32mI (715) app_init: ESP-IDF:          v5.3-dirty[0m
[0;32mI (720) efuse_init: Min chip rev:     v0.0[0m
[0;32mI (724) efuse_init: Max chip rev:     v0.99 [0m
[0;32mI (729) efuse_init: Chip rev:         v0.2[0m
[0;32mI (734) heap_init: Initializing. RAM available for dynamic allocation:[0m
[0;32mI (741) heap_init: At 3FCC0010 len 00029700 (165 KiB): RAM[0m
[0;32mI (747) heap_init: At 3FCE9710 len 00005724 (21 KiB): RAM[0m
[0;32mI (754) heap_init: At 3FCF0000 len 00008000 (32 KiB): DRAM[0m
[0;32mI (760) heap_init: At 600FE100 len 00001EE8 (7 KiB): RTCRAM[0m
[0;32mI (766) esp_psram: Adding pool of 2048K of PSRAM memory to heap allocator[0m
[0;32mI (774) spi_flash: detected chip: generic[0m
[0;32mI (778) spi_flash: flash io: dio[0m
[0;32mI (783) sleep: Configure to isolate all GPIO pins in sleep state[0m
[0;32mI (789) sleep: Enable automatic switching of GPIO sleep configuration[0m
[0;32mI (796) coexist: coex firmware version: dab85ae96[0m
[0;32mI (802) coexist: coexist rom version e7ae62f[0m
[0;32mI (807) main_task: Started on CPU0[0m
[0;32mI (817) esp_psram: Reserving pool of 32K of internal memory for DMA/internal allocations[0m
[0;32mI (817) main_task: Calling app_main()[0m
[0;32mI (827) pocket_pan_main: [MEM_STAGE] stage=entry internal_free=206183 largest_internal=110592 psram_free=2094528[0m
[0;32mI (837) pocket_pan_main: ===============================================[0m
[0;32mI (847) pocket_pan_main:   Pocket Pan / Metal Modal Synthesizer v1.0.0[0m
[0;32mI (847) pocket_pan_main:   Hardware: TENSTAR TS-ESP32-S3 (Feather TFT)[0m
[0;32mI (857) pocket_pan_main: ===============================================[0m
[0;32mI (887) pocket_pan_main: [MEM_STAGE] stage=dsp_ready internal_free=206183 largest_internal=110592 psram_free=2094528[0m
[0;32mI (887) gpio: GPIO[10]| InputEn: 0| OutputEn: 1| OpenDrain: 0| Pullup: 0| Pulldown: 1| Intr:0 [0m
[0;32mI (897) AudioI2S: I2S TX initialized (48kHz, 32-bit slot, stereo, 6x128 frames DMA = 1024 bytes/buf)[0m
[0;32mI (907) AudioI2S: Audio task started on Core 0 at priority 12[0m
[0;32mI (917) pocket_pan_main: [MEM_STAGE] stage=i2s_ready internal_free=191451 largest_internal=94208 psram_free=2094528[0m
[0;32mI (927) Display: [DISP_MEM_PRE] before: int_free=191451 int_largest=94208 psram_free=2094528[0m
[0;32mI (937) Display: [DISP_MEM] framebuffer=0x3fcd1728 (size=64800, align=8, internal=1, dma=1, psram=0)[0m
[0;32mI (947) Display: [DISP_MEM] scratch=0x3fce144c (size=9600, align=12, internal=1, dma=1)[0m
[0;32mI (957) Display: [DISP_MEM] before: int_free=191451 int_largest=94208 psram_free=2094528[0m
[0;32mI (957) Display: [DISP_MEM] after:  int_free=117043 int_largest=31744 psram_free=2094528[0m
[0;32mI (967) gpio: GPIO[39]| InputEn: 0| OutputEn: 1| OpenDrain: 0| Pullup: 0| Pulldown: 0| Intr:0 [0m
[0;32mI (977) gpio: GPIO[40]| InputEn: 0| OutputEn: 1| OpenDrain: 0| Pullup: 0| Pulldown: 0| Intr:0 [0m
[0;32mI (987) gpio: GPIO[21]| InputEn: 0| OutputEn: 1| OpenDrain: 0| Pullup: 0| Pulldown: 0| Intr:0 [0m
[0;32mI (1217) gpio: GPIO[45]| InputEn: 0| OutputEn: 1| OpenDrain: 0| Pullup: 0| Pulldown: 0| Intr:0 [0m
[0;32mI (1217) Display: ST7789 240x135 display initialized successfully (SPI 40MHz, GDMA callback armed)[0m
[0;32mI (1217) pocket_pan_main: [CANARY] PreparedNote canaries OK=1[0m
[0;32mI (1227) pocket_pan_main: [MEM_STAGE] stage=display_ready internal_free=114679 largest_internal=31744 psram_free=2094528[0m
[0;32mI (1247) BLE_INIT: BT controller compile version [ba3b3e3][0m
[0;32mI (1247) BLE_INIT: Bluetooth MAC: b4:3a:45:ae:6f:2a[0m
[0;32mI (1247) phy_init: phy_version 680,a6008b2,Jun  4 2024,16:41:10[0m
[0;32mI (1297) BleMidi: NimBLE Host task running on Core 1[0m
[0;32mI (1297) BleMidi: NimBLE BLE MIDI Central initialized and pinned to Core 1[0m
[0;32mI (1297) pocket_pan_main: [MEM_STAGE] stage=ble_ready internal_free=54355 largest_internal=31744 psram_free=2094528[0m
[0;32mI (1297) NimBLE: Failed to restore IRKs from store; status=8
[0m
[0;32mI (1307) pocket_pan_main: [M75_MEMORY] table_bytes=9640 cache_bytes=60552 synth_bytes=81668 internal_free=54355 largest_internal=31744[0m
[0;32mI (1317) NimBLE: GAP procedure initiated: discovery; [0m
[0;32mI (1327) pocket_pan_main: [UDU_CACHE] compact_bytes=5928 modal_models=9[0m
[0;32mI (1337) NimBLE: own_addr_type=0 filter_policy=0 passive=0 limited=0 filter_duplicates=1 [0m
[0;32mI (1347) pocket_pan_main: [CACHE_LAYOUT] packed=1 storage_bytes=60552 note_scratch_bytes=132[0m
[0;32mI (1357) NimBLE: duration=forever[0m
[0;32mI (1357) pocket_pan_main: [UDU_STATE] voice_bytes=124 fixed_reference=0[0m
[0;32mI (1367) NimBLE: 
[0m
[0;32mI (1377) pocket_pan_main: [MEM_STAGE] stage=ui_ready internal_free=49911 largest_internal=31744 psram_free=2094528[0m
[0;32mI (1377) BleMidi: Scanning for BLE MIDI devices...[0m
[0;32mI (1377) gpio: GPIO[0]| InputEn: 1| OutputEn: 0| OpenDrain: 0| Pullup: 1| Pulldown: 0| Intr:0 [0m
[0;32mI (1387) pocket_pan_main: Pocket Pan initialization complete. Realtime audio active.[0m
[0;32mI (1407) main_task: Returned from app_main()[0m
[0;32mI (1467) BleMidi: BLE MIDI device found (59:FB:B6:B7:BF:0F); connecting[0m
[0;32mI (1467) NimBLE: GAP procedure initiated: connect; [0m
[0;32mI (1467) NimBLE: peer_addr_type=0 peer_addr=[0m
[0;32mI (1477) NimBLE: 59:fb:b6:b7:bf:0f[0m
[0;32mI (1477) NimBLE:  scan_itvl=16 scan_window=16 itvl_min=24 itvl_max=40 latency=0 supervision_timeout=256 min_ce_len=0 max_ce_len=0 own_addr_type=0[0m
[0;32mI (1497) NimBLE: 
[0m
[0;32mI (1567) BleMidi: BLE Connected! conn_handle=1[0m
[0;32mI (1567) NimBLE: GAP procedure initiated: [0m
[0;32mI (1567) NimBLE: connection parameter update; conn_handle=1 itvl_min=6 itvl_max=12 latency=0 supervision_timeout=200 min_ce_len=0 max_ce_len=0[0m
[0;32mI (1587) NimBLE: 
[0m
[0;32mI (1587) BleMidi: Requested connection params 7.5-15ms latency=0 timeout=2s rc=0[0m
[0;32mI (1597) NimBLE: GATT procedure initiated: discover all services
[0m
[0;32mI (1897) BleMidi: Found BLE MIDI Service! start_handle=112 end_handle=115[0m
[0;32mI (1897) NimBLE: GATT procedure initiated: discover all characteristics; [0m
[0;32mI (1897) NimBLE: start_handle=112 end_handle=115
[0m
[0;32mI (1997) BleMidi: Found BLE MIDI Characteristic! def_handle=113 val_handle=114 props=0x16[0m
[0;32mI (1997) NimBLE: GATT procedure initiated: discover all descriptors; [0m
[0;32mI (1997) NimBLE: chr_val_handle=114 end_handle=115
[0m
[0;32mI (2097) BleMidi: Discovered CCCD (0x2902) handle=115[0m
[0;32mI (2097) NimBLE: GATT procedure initiated: write; [0m
[0;32mI (2097) NimBLE: att_handle=115 len=2
[0m
[0;32mI (2157) BleMidi: Negotiated params interval=7.50ms latency=0 timeout=2000ms[0m
[0;32mI (2167) BleMidi: CCCD subscription successful; BLE MIDI ready[0m
[0;32mI (2167) NimBLE: GAP procedure initiated: [0m
[0;32mI (2167) NimBLE: connection parameter update; conn_handle=1 itvl_min=6 itvl_max=9 latency=0 supervision_timeout=100 min_ce_len=0 max_ce_len=0[0m
[0;32mI (2187) NimBLE: 
[0m
[0;32mI (2267) BleMidi: Negotiated params interval=11.25ms latency=0 timeout=1000ms[0m
[0;32mI (5817) pocket_pan_main: [AUDIO] model=PAN blocks=1840 avg_us=344 p99_us=0 max_us=514 cpu_load=12.9 deadline=0 timeout=0 tx_error=0 short=0[0m
[0;32mI (5817) pocket_pan_main: [MIDI] push=0 pop=0 drop=0 hwm=0 last=(n=62 v=0 t=78 hex=000000)[0m
[0;32mI (5827) pocket_pan_main: [BLE] state=8 interval_ms=11.25 latency=0 rssi=-59 reconnects=0 last_disconnect=0[0m
[0;32mI (5837) pocket_pan_main: [MEM] internal_free=58531 largest_internal=31744[0m
[0;32mI (5847) pocket_pan_main: [UIREDRAW] urgent=6 telemetry=13 skip=127[0m
[0;32mI (10837) pocket_pan_main: [AUDIO] model=PAN blocks=3722 avg_us=343 p99_us=400 max_us=514 cpu_load=12.9 deadline=0 timeout=0 tx_error=0 short=0[0m
[0;32mI (10837) pocket_pan_main: [MIDI] push=0 pop=0 drop=0 hwm=0 last=(n=62 v=0 t=78 hex=000000)[0m
[0;32mI (10847) pocket_pan_main: [BLE] state=8 interval_ms=11.25 latency=0 rssi=-59 reconnects=0 last_disconnect=0[0m
[0;32mI (10857) pocket_pan_main: [MEM] internal_free=58531 largest_internal=31744[0m
[0;32mI (10867) pocket_pan_main: [UIREDRAW] urgent=6 telemetry=33 skip=273[0m
[0;32mI (15857) pocket_pan_main: [AUDIO] model=PAN blocks=5603 avg_us=344 p99_us=375 max_us=514 cpu_load=12.9 deadline=0 timeout=0 tx_error=0 short=0[0m
[0;32mI (15857) pocket_pan_main: [MIDI] push=0 pop=0 drop=0 hwm=0 last=(n=62 v=0 t=78 hex=000000)[0m
[0;32mI (15867) pocket_pan_main: [BLE] state=8 interval_ms=11.25 latency=0 rssi=-59 reconnects=0 last_disconnect=0[0m
[0;32mI (15877) pocket_pan_main: [MEM] internal_free=58531 largest_internal=31744[0m
[0;32mI (15887) pocket_pan_main: [UIREDRAW] urgent=6 telemetry=50 skip=422[0m
[0;32mI (20867) pocket_pan_main: [AUDIO] model=PAN blocks=7483 avg_us=344 p99_us=375 max_us=514 cpu_load=12.9 deadline=0 timeout=0 tx_error=0 short=0[0m
[0;32mI (20867) pocket_pan_main: [MIDI] push=0 pop=0 drop=0 hwm=0 last=(n=62 v=0 t=78 hex=000000)[0m
[0;32mI (20877) pocket_pan_main: [BLE] state=8 interval_ms=11.25 latency=0 rssi=-59 reconnects=0 last_disconnect=0[0m
[0;32mI (20887) pocket_pan_main: [MEM] internal_free=58531 largest_internal=31744[0m
[0;32mI (20897) pocket_pan_main: [UIREDRAW] urgent=6 telemetry=65 skip=573[0m
[0;32mI (25887) pocket_pan_main: [AUDIO] model=PAN blocks=9366 avg_us=344 p99_us=350 max_us=514 cpu_load=12.9 deadline=0 timeout=0 tx_error=0 short=0[0m
[0;32mI (25887) pocket_pan_main: [MIDI] push=0 pop=0 drop=0 hwm=0 last=(n=62 v=0 t=78 hex=000000)[0m
[0;32mI (25897) pocket_pan_main: [BLE] state=8 interval_ms=11.25 latency=0 rssi=-58 reconnects=0 last_disconnect=0[0m
[0;32mI (25907) pocket_pan_main: [MEM] internal_free=58531 largest_internal=31744[0m
[0;32mI (25917) pocket_pan_main: [UIREDRAW] urgent=6 telemetry=79 skip=725[0m
