Executing action: all (aliases: build)
Running ninja in directory C:\progs\ESPan\build-ci-prod
Executing "ninja all"...
[1/9] Performing build step for 'bootloader'
[1/1] cmd.exe /C "cd /D C:\progs\ESPan\build-ci-prod\bootloader\esp-idf\esptool_py && C:\Users\devx\.espressif\python_env\idf5.3_py3.14_env\Scripts\python.exe C:/Users/devx/esp/esp-idf/components/partition_table/check_sizes.py --offset 0x8000 bootloader 0x0 C:/progs/ESPan/build-ci-prod/bootloader/bootloader.bin"

Bootloader binary size 0x5260 bytes. 0x2da0 bytes (36%) free.


[2/7] Building CXX object esp-idf/main/CMakeFiles/__idf_main.dir/app/app_main.cpp.obj
C:/progs/ESPan/main/app/app_main.cpp: In function 'void {anonymous}::uiTaskLoop(void*)':
C:/progs/ESPan/main/app/app_main.cpp:317:14: warning: unused variable 'renderTick' [-Wunused-variable]
  317 |     uint32_t renderTick = 0;
      |              ^~~~~~~~~~
In file included from C:/progs/ESPan/main/dsp/modal_voice.h:6,
                 from C:/progs/ESPan/main/dsp/voice_allocator.h:6,
                 from C:/progs/ESPan/main/dsp/synth_engine.h:6,
                 from C:/progs/ESPan/main/app/app_main.cpp:15:
C:/progs/ESPan/main/dsp/modal_resonator.h: At global scope:
C:/progs/ESPan/main/dsp/modal_resonator.h:119:72: warning: 'always_inline' function might not be inlinable [-Wattributes]
  119 |     template<bool Safety> DSP_HOT __attribute__((always_inline)) float processSampleMicro10(float excitation);
      |                                                                        ^~~~~~~~~~~~~~~~~~~~
C:/progs/ESPan/main/dsp/modal_resonator.h:118:72: warning: 'always_inline' function might not be inlinable [-Wattributes]
  118 |     template<bool Safety> DSP_HOT __attribute__((always_inline)) float processSampleMicro8(float excitation);
      |                                                                        ^~~~~~~~~~~~~~~~~~~
C:/progs/ESPan/main/dsp/modal_resonator.h:116:72: warning: 'always_inline' function might not be inlinable [-Wattributes]
  116 |     template<bool Safety> DSP_HOT __attribute__((always_inline)) float processSampleMicro6(float excitation);
      |                                                                        ^~~~~~~~~~~~~~~~~~~
[3/7] Linking C static library esp-idf\main\libmain.a
[4/7] Generating ld/sections.ld
info: INFO: Symbol IDF_TARGET_LINUX defined in multiple locations (see below). Please check if this is a correct behavior or a random name match:

    C:\Users\devx\esp\esp-idf\Kconfig:162

    C:\Users\devx\esp\esp-idf\Kconfig:78

[5/7] Linking CXX executable pocket_pan.elf
[6/7] Generating binary image from built executable
esptool.py v4.12.0

Creating esp32s3 image...

Merged 2 ELF sections

Successfully created esp32s3 image.

Generated C:/progs/ESPan/build-ci-prod/pocket_pan.bin
[7/7] cmd.exe /C "cd /D C:\progs\ESPan\build-ci-prod\esp-idf\esptool_py && C:\Users\devx\.espressif\python_env\idf5.3_py3.14_env\Scripts\python.exe C:/Users/devx/esp/esp-idf/components/partition_table/check_sizes.py --offset 0x8000 partition --type app C:/progs/ESPan/build-ci-prod/partition_table/partition-table.bin C:/progs/ESPan/build-ci-prod/pocket_pan.bin"
pocket_pan.bin binary size 0xa7c20 bytes. Smallest app partition is 0x100000 bytes. 0x583e0 bytes (34%) free.




Project build complete. To flash, run:
 idf.py flash
or
 idf.py -p PORT flash
or
 python -m esptool --chip esp32s3 -b 460800 --before default_reset --after hard_reset write_flash --flash_mode dio --flash_size 4MB --flash_freq 80m 0x0 build-ci-prod\bootloader\bootloader.bin 0x8000 build-ci-prod\partition_table\partition-table.bin 0x10000 build-ci-prod\pocket_pan.bin
or from the "C:\progs\ESPan\build-ci-prod" directory
 python -m esptool --chip esp32s3 -b 460800 --before default_reset --after hard_reset write_flash "@flash_args"
