Setting IDF_PATH: C:\Users\devx\esp\esp-idf
Checking Python compatibility
Adding ESP-IDF tools to PATH...
Not using an unsupported version of tool cmake found in PATH: 4.1.1. To use it, run 'C:\Python314\python.exe C:\Users\devx\esp\esp-idf\tools\idf_tools.py export --prefer-system'
Not using an unsupported version of tool ninja found in PATH: 1.12.1. To use it, run 'C:\Python314\python.exe C:\Users\devx\esp\esp-idf\tools\idf_tools.py export --prefer-system'
Not using an unsupported version of tool ccache found in PATH: 4.10.2. To use it, run 'C:\Python314\python.exe C:\Users\devx\esp\esp-idf\tools\idf_tools.py export --prefer-system'

Name                           Value
----                           -----
OPENOCD_SCRIPTS                C:\Users\devx\.espressif\tools\openocd-esp32\v0.12.0-esp32-20240318\openocd-esp32\share\…
IDF_CCACHE_ENABLE              1
ESP_ROM_ELF_DIR                C:\Users\devx\.espressif\tools\esp-rom-elfs\20240305\
IDF_PYTHON_ENV_PATH            C:\Users\devx\.espressif\python_env\idf5.3_py3.14_env
ESP_IDF_VERSION                5.3
IDF_DEACTIVATE_FILE_PATH       C:\Users\devx\AppData\Local\Temp\tmpfyjhgdlsidf_26300

Added to PATH
-------------
C:\Users\devx\.espressif\tools\xtensa-esp-elf-gdb\14.2_20240403\xtensa-esp-elf-gdb\bin
C:\Users\devx\.espressif\tools\riscv32-esp-elf-gdb\14.2_20240403\riscv32-esp-elf-gdb\bin
C:\Users\devx\.espressif\tools\xtensa-esp-elf\esp-13.2.0_20240530\xtensa-esp-elf\bin
C:\Users\devx\.espressif\tools\riscv32-esp-elf\esp-13.2.0_20240530\riscv32-esp-elf\bin
C:\Users\devx\.espressif\tools\esp32ulp-elf\2.38_20240113\esp32ulp-elf\bin
C:\Users\devx\.espressif\tools\cmake\3.24.0\bin
C:\Users\devx\.espressif\tools\openocd-esp32\v0.12.0-esp32-20240318\openocd-esp32\bin
C:\Users\devx\.espressif\tools\ninja\1.11.1\
C:\Users\devx\.espressif\tools\idf-exe\1.0.3\
C:\Users\devx\.espressif\tools\ccache\4.8\ccache-4.8-windows-x86_64
C:\Users\devx\.espressif\tools\dfu-util\0.11\dfu-util-0.11-win64
C:\Users\devx\.espressif\python_env\idf5.3_py3.14_env\Scripts
C:\Users\devx\esp\esp-idf\tools
Checking if Python packages are up to date...

Detected installed tools that are not currently used by active ESP-IDF version.
For removing old versions of ccache, cmake, esp-clang, esp-rom-elfs, ninja, openocd-esp32, riscv32-esp-elf, riscv32-esp-elf-gdb, xtensa-esp-elf, xtensa-esp-elf-gdb use command 'python.exe C:\Users\devx\esp\esp-idf\tools\idf_tools.py uninstall'
For free up even more space, remove installation packages of those tools. Use option 'python.exe C:\Users\devx\esp\esp-idf\tools\idf_tools.py uninstall --remove-archives'.


Done! You can now compile ESP-IDF projects.
Go to the project directory and run:
    idf.py build



