[0;32mI (124) esp_image: segment 1: paddr=00030dcc vaddr=3fca41ESP-ROM:esp32s3-20210327
Build:Mar 27 2021
rst:0x15 (USB_UART_CHIP_RESET),boot:0x8 (SPI_FAST_FLASH_BOOT)
Saved PC:0x4200a1f0
SPIWP:0xee
mode:DIO, clock div:1
load:0x3fce2810,len:0x178c
load:0x403c8700,len:0x4
load:0x403c8704,len:0xcb8
load:0x403cb700,len:0x2db0
entry 0x403c8914
[0;32mI (26) boot: ESP-IDF v5.3-dirty 2nd stage bootloader[0m
[0;32mI (27) boot: compile time Oct  1 2026 19:28:03[0m
[0;32mI (27) boot: Multicore bootloader[0m
[0;32mI (30) boot: chip revision: v0.2[0m
[0;32mI (34) boot.esp32s3: Boot SPI Speed : 80MHz[0m
[0;32mI (39) boot.esp32s3: SPI Mode       : DIO[0m
[0;32mI (43) boot.esp32s3: SPI Flash Size : 4MB[0m
[0;32mI (48) boot: Enabling RNG early entropy source...[0m
[0;32mI (54) boot: Partition Table:[0m
[0;32mI (57) boot: ## Label            Usage          Type ST Offset   Length[0m
[0;32mI (64) boot:  0 nvs              WiFi data        01 02 00009000 00006000[0m
[0;32mI (72) boot:  1 phy_init         RF data          01 01 0000f000 00001000[0m
[0;32mI (79) boot:  2 factory          factory app      00 00 00010000 00100000[0m
[0;32mI (87) boot: End of partition table[0m
[0;32mI (91) esp_image: segment 0: paddr=00010020 vaddr=3c070020 size=20da4h (134564) map[0m
[0;32mI (124) esp_image: segment 1: paddr=00030dcc vaddr=3fca4100 size=04500h ( 17664) load[0m
[0;32mI (128) esp_image: segment 2: paddr=000352d4 vaddr=40374000 size=0ad44h ( 44356) load[0m
[0;32mI (139) esp_image: segment 3: paddr=00040020 vaddr=42000020 size=65cdch (416988) map[0m
[0;32mI (214) esp_image: segment 4: paddr=000a5d04 vaddr=4037ed44 size=15308h ( 86792) load[0m
[0;32mI (246) boot: Loaded app from partition at offset 0x10000[0m
[0;32mI (247) boot: Disabling RNG early entropy source...[0m
[0;32mI (259) esp_psram: Found 2MB PSRAM device[0m
[0;32mI (259) esp_psram: Speed: 40MHz[0m
[0;32mI (259) cpu_start: Multicore app[0m
[0;32mI (679) esp_psram: SPI SRAM memory test OK[0m
[0;32mI (688) cpu_start: Pro cpu start user code[0m
[0;32mI (688) cpu_start: cpu freq: 240000000 Hz[0m
[0;32mI (688) app_init: Application information:[0m
[0;32mI (691) app_init: Project name:     pocket_pan[0m
[0;32mI (696) app_init: App version:      b6454c6-dirty[0m
[0;32mI (701) app_init: Compile time:     Oct  1 2026 19:24:02[0m
[0;32mI (707) app_init: ELF file SHA256:  966920a7f...[0m
[0;32mI (713) app_init: ESP-IDF:          v5.3-dirty[0m
[0;32mI (718) efuse_init: Min chip rev:     v0.0[0m
[0;32mI (722) efuse_init: Max chip rev:     v0.99 [0m
[0;32mI (727) efuse_init: Chip rev:         v0.2[0m
[0;32mI (732) heap_init: Initializing. RAM available for dynamic allocation:[0m
[0;32mI (740) heap_init: At 3FCCF208 len 0001A508 (105 KiB): RAM[0m
[0;32mI (746) heap_init: At 3FCE9710 len 00005724 (21 KiB): RAM[0m
[0;32mI (752) heap_init: At 3FCF0000 len 00008000 (32 KiB): DRAM[0m
[0;32mI (758) heap_init: At 600FE100 len 00001EE8 (7 KiB): RTCRAM[0m
[0;32mI (764) esp_psram: Adding pool of 2048K of PSRAM memory to heap allocator[0m
[0;32mI (772) spi_flash: detected chip: generic[0m
[0;32mI (776) spi_flash: flash io: dio[0m
[0;32mI (781) sleep: Configure to isolate all GPIO pins in sleep state[0m
[0;32mI (787) sleep: Enable automatic switching of GPIO sleep configuration[0m
[0;32mI (794) coexist: coex firmware version: dab85ae96[0m
[0;32mI (800) coexist: coexist rom version e7ae62f[0m
[0;32mI (805) main_task: Started on CPU0[0m
[0;32mI (815) esp_psram: Reserving pool of 32K of internal memory for DMA/internal allocations[0m
[0;32mI (815) main_task: Calling app_main()[0m
[0;32mI (825) pocket_pan_main: [MEM_STAGE] stage=entry internal_free=144307 largest_internal=49152 psram_free=2094528[0m
[0;32mI (835) pocket_pan_main: ===============================================[0m
[0;32mI (835) pocket_pan_main:   Pocket Pan / Metal Modal Synthesizer v1.0.0[0m
[0;32mI (845) pocket_pan_main:   Hardware: TENSTAR TS-ESP32-S3 (Feather TFT)[0m
[0;32mI (855) pocket_pan_main: ===============================================[0m
[0;32mI (865) pocket_pan_main: [FORENSICS] candidate=25 profile=0 cpu_mhz=240 optimization_perf=1 process6=1 fine_bins=5 critical_only=0[0m
[0;32mI (895) pocket_pan_main: [MEM_STAGE] stage=dsp_ready internal_free=144307 largest_internal=49152 psram_free=2094528[0m
[0;32mI (895) gpio: GPIO[10]| InputEn: 0| OutputEn: 1| OpenDrain: 0| Pullup: 0| Pulldown: 1| Intr:0 [0m
[0;32mI (905) AudioI2S: I2S TX initialized (48kHz, 32-bit slot, stereo, 6x128 frames DMA = 1024 bytes/buf)[0m
[0;32mI (915) AudioI2S: Audio task started on Core 0 at priority 12[0m
[0;32mI (925) pocket_pan_main: [MEM_STAGE] stage=i2s_ready internal_free=129575 largest_internal=34816 psram_free=2094528[0m
[0;32mI (935) Display: [DISP_MEM_PRE] before: int_free=129575 int_largest=34816 psram_free=2094528[0m
[0;33mW (945) Display: Internal SRAM (64800 B) exhausted; falling back to PSRAM[0m
[0;32mI (955) Display: [DISP_MEM] framebuffer=0x3c0a0a44 (size=64800, align=4, internal=0, dma=0, psram=1)[0m
[0;32mI (965) Display: [DISP_MEM] scratch=0x3fce08dc (size=9600, align=12, internal=1, dma=1)[0m
[0;32mI (965) Display: [DISP_MEM] before: int_free=129575 int_largest=34816 psram_free=2094528[0m
[0;32mI (975) Display: [DISP_MEM] after:  int_free=119971 int_largest=31744 psram_free=2029724[0m
[0;32mI (985) gpio: GPIO[39]| InputEn: 0| OutputEn: 1| OpenDrain: 0| Pullup: 0| Pulldown: 0| Intr:0 [0m
[0;32mI (995) gpio: GPIO[40]| InputEn: 0| OutputEn: 1| OpenDrain: 0| Pullup: 0| Pulldown: 0| Intr:0 [0m
[0;32mI (1005) gpio: GPIO[21]| InputEn: 0| OutputEn: 1| OpenDrain: 0| Pullup: 0| Pulldown: 0| Intr:0 [0m
[0;32mI (1235) gpio: GPIO[45]| InputEn: 0| OutputEn: 1| OpenDrain: 0| Pullup: 0| Pulldown: 0| Intr:0 [0m
[0;31mE (1235) lcd_panel.io.spi: panel_io_spi_tx_color(390): spi transmit (queue) color failed[0m
[0;31mE (1235) lcd_panel.st7789: panel_st7789_draw_bitmap(223): io tx color failed[0m
[0;32mI (1245) Display: ST7789 240x135 display initialized successfully (SPI 40MHz, GDMA callback armed)[0m
[0;32mI (1255) pocket_pan_main: [CANARY] PreparedNote canaries OK=1[0m
[0;32mI (1265) pocket_pan_main: [MEM_STAGE] stage=display_ready internal_free=117607 largest_internal=31744 psram_free=2029724[0m
[0;32mI (1275) BLE_INIT: BT controller compile version [ba3b3e3][0m
[0;32mI (1285) BLE_INIT: Bluetooth MAC: b4:3a:45:ae:6f:2a[0m
[0;32mI (1285) phy_init: phy_version 680,a6008b2,Jun  4 2024,16:41:10[0m
[0;33mW (1325) phy_init: saving new calibration data because of checksum failure, mode(0)[0m
[0;32mI (1345) BleMidi: NimBLE BLE MIDI Central initialized and pinned to Core 1[0m
[0;32mI (1345) BleMidi: NimBLE Host task running on Core 1[0m
[0;32mI (1345) pocket_pan_main: [MEM_STAGE] stage=ble_ready internal_free=57311 largest_internal=31744 psram_free=2029724[0m
[0;32mI (1345) NimBLE: Failed to restore IRKs from store; status=8
[0m
[0;32mI (1355) pocket_pan_main: [M75_MEMORY] table_bytes=9640 cache_bytes=60552 synth_bytes=81632 internal_free=57275 largest_internal=31744[0m
[0;32mI (1365) NimBLE: GAP procedure initiated: discovery; [0m
[0;32mI (1375) pocket_pan_main: [UDU_CACHE] compact_bytes=5928 modal_models=9[0m
[0;32mI (1375) NimBLE: own_addr_type=0 filter_policy=0 passive=0 limited=0 filter_duplicates=1 [0m
[0;32mI (1385) pocket_pan_main: [CACHE_LAYOUT] packed=1 storage_bytes=60552 note_scratch_bytes=132[0m
[0;32mI (1395) NimBLE: duration=forever[0m
[0;32mI (1405) pocket_pan_main: [UDU_STATE] voice_bytes=124 fixed_reference=0[0m
[0;32mI (1405) NimBLE: 
[0m
[0;32mI (1415) pocket_pan_main: [MEM_STAGE] stage=ui_ready internal_free=52831 largest_internal=31744 psram_free=2029724[0m
[0;32mI (1415) BleMidi: Scanning for BLE MIDI devices...[0m
[0;32mI (1415) gpio: GPIO[0]| InputEn: 1| OutputEn: 0| OpenDrain: 0| Pullup: 1| Pulldown: 0| Intr:0 [0m
[0;32mI (1425) pocket_pan_main: Pocket Pan initialization complete. Realtime audio active.[0m
[0;32mI (1455) main_task: Returned from app_main()[0m
[0;32mI (1455) BleMidi: BLE MIDI device found (59:FB:B6:B7:BF:0F); connecting[0m
[0;32mI (1465) NimBLE: GAP procedure initiated: connect; [0m
[0;32mI (1475) NimBLE: peer_addr_type=0 peer_addr=[0m
[0;32mI (1475) NimBLE: 59:fb:b6:b7:bf:0f[0m
[0;32mI (1475) NimBLE:  scan_itvl=16 scan_window=16 itvl_min=24 itvl_max=40 latency=0 supervision_timeout=256 min_ce_len=0 max_ce_len=0 own_addr_type=0[0m
[0;32mI (1495) NimBLE: 
[0m
[0;31mE (1455) lcd_panel.io.spi: panel_io_spi_tx_color(390): spi transmit (queue) color failed[0m
[0;31mE (1505) lcd_panel.st7789: panel_st7789_draw_bitmap(223): io tx color failed[0m
[0;31mE (1515) lcd_panel.io.spi: panel_io_spi_tx_color(390): spi transmit (queue) color failed[0m
[0;31mE (1525) lcd_panel.st7789: panel_st7789_draw_bitmap(223): io tx color failed[0m
[0;31mE (1555) lcd_panel.io.spi: panel_io_spi_tx_color(390): spi transmit (queue) color failed[0m
[0;31mE (1555) lcd_panel.st7789: panel_st7789_draw_bitmap(223): io tx color failed[0m
[0;32mI (1655) BleMidi: BLE Connected! conn_handle=1[0m
[0;32mI (1655) NimBLE: GAP procedure initiated: [0m
[0;32mI (1655) NimBLE: connection parameter update; conn_handle=1 itvl_min=6 itvl_max=12 latency=0 supervision_timeout=200 min_ce_len=0 max_ce_len=0[0m
[0;32mI (1665) NimBLE: 
[0m
[0;32mI (1675) BleMidi: Requested connection params 7.5-15ms latency=0 timeout=2s rc=0[0m
[0;32mI (1685) NimBLE: GATT procedure initiated: discover all services
[0m
[0;32mI (2035) BleMidi: Found BLE MIDI Service! start_handle=112 end_handle=115[0m
[0;32mI (2035) NimBLE: GATT procedure initiated: discover all characteristics; [0m
[0;32mI (2035) NimBLE: start_handle=112 end_handle=115
[0m
[0;32mI (2135) BleMidi: Found BLE MIDI Characteristic! def_handle=113 val_handle=114 props=0x16[0m
[0;32mI (2135) NimBLE: GATT procedure initiated: discover all descriptors; [0m
[0;32mI (2135) NimBLE: chr_val_handle=114 end_handle=115
[0m
[0;32mI (2235) BleMidi: Negotiated params interval=7.50ms latency=0 timeout=2000ms[0m
[0;32mI (2235) BleMidi: Discovered CCCD (0x2902) handle=115[0m
[0;32mI (2235) NimBLE: GATT procedure initiated: write; [0m
[0;32mI (2245) NimBLE: att_handle=115 len=2
[0m
[0;32mI (2255) BleMidi: CCCD subscription successful; BLE MIDI ready[0m
[0;32mI (2255) NimBLE: GAP procedure initiated: [0m
[0;32mI (2255) NimBLE: connection parameter update; conn_handle=1 itvl_min=6 itvl_max=9 latency=0 supervision_timeout=100 min_ce_len=0 max_ce_len=0[0m
[0;32mI (2275) NimBLE: 
[0m
[0;32mI (2355) BleMidi: Negotiated params interval=11.25ms latency=0 timeout=1000ms[0m
[0;32mI (5815) pocket_pan_main: [AUDIO] model=PAN blocks=1835 avg_us=509 p99_us=0 max_us=1231 cpu_load=19.1 deadline=0 timeout=0 tx_error=0 short=0[0m
[0;32mI (5815) pocket_pan_main: [MIDI] push=0 pop=0 drop=0 hwm=0 last=(n=62 v=0 t=78 hex=000000)[0m
[0;32mI (5825) pocket_pan_main: [BLE] state=8 interval_ms=11.25 latency=0 rssi=-58 reconnects=0 last_disconnect=0[0m
[0;32mI (5835) pocket_pan_main: [MEM] internal_free=57607 largest_internal=31744[0m
[0;32mI (5845) pocket_pan_main: [UIREDRAW] urgent=7 telemetry=18 skip=118[0m
[0;32mI (10835) pocket_pan_main: [AUDIO] model=PAN blocks=3717 avg_us=514 p99_us=725 max_us=1231 cpu_load=19.3 deadline=0 timeout=0 tx_error=0 short=0[0m
[0;32mI (10835) pocket_pan_main: [MIDI] push=0 pop=0 drop=0 hwm=0 last=(n=62 v=0 t=78 hex=000000)[0m
[0;32mI (10845) pocket_pan_main: [BLE] state=8 interval_ms=11.25 latency=0 rssi=-58 reconnects=0 last_disconnect=0[0m
[0;32mI (10855) pocket_pan_main: [MEM] internal_free=57607 largest_internal=31744[0m
[0;32mI (10865) pocket_pan_main: [UIREDRAW] urgent=7 telemetry=42 skip=260[0m
[0;32mI (13215) forensics: [SAFETY] fixture=0 hard=0 sat=0 nonfinite=0 ble_lost=0[0m
[0;32mI (13215) forensics: [EVENT_ONLY] fixture=0 n=22 avg_us=200.22 max_us=394[0m
[0;32mI (13215) forensics: [FIXTURE_IO] model=PAN fixture=0 avg_us=514 p99_us=725 max_us=1231 cpu_pct=19.27 deadline=0 timeouts=0 tx_errors=0 short_writes=0[0m
[0;32mI (13235) forensics: [CURVE] model=PAN fixture=0 voices=1 class=true_steady n=4051 avg_us=503.60 p95_us=555 p99_us=660 p995_us=670 p999_us=700 max_us=817 deadline=0 bad_voices=0 ble_lost=0 hard=0 sat=0 bin_us=5 max_observed_voices=1[0m
[0;32mI (13255) forensics: [HIST] fixture=0 class=true_steady lower_us=490 n=2961[0m
[0;32mI (13265) forensics: [HIST] fixture=0 class=true_steady lower_us=495 n=218[0m
[0;32mI (13275) forensics: [HIST] fixture=0 class=true_steady lower_us=500 n=344[0m
[0;32mI (13275) forensics: [HIST] fixture=0 class=true_steady lower_us=505 n=136[0m
[0;32mI (13285) forensics: [HIST] fixture=0 class=true_steady lower_us=510 n=97[0m
[0;32mI (13295) forensics: [HIST] fixture=0 class=true_steady lower_us=515 n=30[0m
[0;32mI (13305) forensics: [HIST] fixture=0 class=true_steady lower_us=520 n=23[0m
[0;32mI (13305) forensics: [HIST] fixture=0 class=true_steady lower_us=525 n=17[0m
[0;32mI (13315) forensics: [HIST] fixture=0 class=true_steady lower_us=530 n=6[0m
[0;32mI (13325) forensics: [HIST] fixture=0 class=true_steady lower_us=535 n=9[0m
[0;32mI (13325) forensics: [HIST] fixture=0 class=true_steady lower_us=540 n=2[0m
[0;32mI (13335) forensics: [HIST] fixture=0 class=true_steady lower_us=545 n=5[0m
[0;32mI (13345) forensics: [HIST] fixture=0 class=true_steady lower_us=550 n=3[0m
[0;32mI (13355) forensics: [HIST] fixture=0 class=true_steady lower_us=555 n=1[0m
[0;32mI (13355) forensics: [HIST] fixture=0 class=true_steady lower_us=560 n=1[0m
[0;32mI (13365) forensics: [HIST] fixture=0 class=true_steady lower_us=565 n=2[0m
[0;32mI (13375) forensics: [HIST] fixture=0 class=true_steady lower_us=570 n=1[0m
[0;32mI (13385) forensics: [HIST] fixture=0 class=true_steady lower_us=575 n=1[0m
[0;32mI (13385) forensics: [HIST] fixture=0 class=true_steady lower_us=580 n=1[0m
[0;32mI (13395) forensics: [HIST] fixture=0 class=true_steady lower_us=590 n=1[0m
[0;32mI (13405) forensics: [HIST] fixture=0 class=true_steady lower_us=605 n=1[0m
[0;32mI (13415) forensics: [HIST] fixture=0 class=true_steady lower_us=610 n=1[0m
[0;32mI (13415) forensics: [HIST] fixture=0 class=true_steady lower_us=640 n=1[0m
[0;32mI (13425) forensics: [HIST] fixture=0 class=true_steady lower_us=645 n=98[0m
[0;32mI (13435) forensics: [HIST] fixture=0 class=true_steady lower_us=650 n=36[0m
[0;32mI (13445) forensics: [HIST] fixture=0 class=true_steady lower_us=655 n=23[0m
[0;32mI (13445) forensics: [HIST] fixture=0 class=true_steady lower_us=660 n=10[0m
[0;32mI (13455) forensics: [HIST] fixture=0 class=true_steady lower_us=665 n=3[0m
[0;32mI (13465) forensics: [HIST] fixture=0 class=true_steady lower_us=670 n=5[0m
[0;32mI (13475) forensics: [HIST] fixture=0 class=true_steady lower_us=680 n=7[0m
[0;32mI (13475) forensics: [HIST] fixture=0 class=true_steady lower_us=685 n=2[0m
[0;32mI (13485) forensics: [HIST] fixture=0 class=true_steady lower_us=695 n=1[0m
[0;32mI (13495) forensics: [HIST] fixture=0 class=true_steady lower_us=700 n=1[0m
[0;32mI (13495) forensics: [HIST] fixture=0 class=true_steady lower_us=735 n=1[0m
[0;32mI (13505) forensics: [HIST] fixture=0 class=true_steady lower_us=745 n=1[0m
[0;32mI (13515) forensics: [HIST] fixture=0 class=true_steady lower_us=815 n=1[0m
[0;32mI (13525) forensics: [CALLBACK_CURVE] model=PAN fixture=0 voices=1 class=true_steady n=4050 avg_us=518.43 p95_us=655 p99_us=685 p995_us=715 p999_us=750 max_us=878 deadline=0 overhead_avg_us=14.84[0m
[0;32mI (13545) forensics: [CALLBACK_HIST] fixture=0 class=true_steady lower_us=500 n=2608[0m
[0;32mI (13545) forensics: [CALLBACK_HIST] fixture=0 class=true_steady lower_us=505 n=409[0m
[0;32mI (13555) forensics: [CALLBACK_HIST] fixture=0 class=true_steady lower_us=510 n=84[0m
[0;32mI (13565) forensics: [CALLBACK_HIST] fixture=0 class=true_steady lower_us=515 n=60[0m
[0;32mI (13575) forensics: [CALLBACK_HIST] fixture=0 class=true_steady lower_us=520 n=61[0m
[0;32mI (13585) forensics: [CALLBACK_HIST] fixture=0 class=true_steady lower_us=525 n=73[0m
[0;32mI (13585) forensics: [CALLBACK_HIST] fixture=0 class=true_steady lower_us=530 n=213[0m
[0;32mI (13595) forensics: [CALLBACK_HIST] fixture=0 class=true_steady lower_us=535 n=112[0m
[0;32mI (13605) forensics: [CALLBACK_HIST] fixture=0 class=true_steady lower_us=540 n=53[0m
[0;32mI (13615) forensics: [CALLBACK_HIST] fixture=0 class=true_steady lower_us=545 n=35[0m
[0;32mI (13625) forensics: [CALLBACK_HIST] fixture=0 class=true_steady lower_us=550 n=23[0m
[0;32mI (13635) forensics: [CALLBACK_HIST] fixture=0 class=true_steady lower_us=555 n=25[0m
[0;32mI (13635) forensics: [CALLBACK_HIST] fixture=0 class=true_steady lower_us=560 n=16[0m
[0;32mI (13645) forensics: [CALLBACK_HIST] fixture=0 class=true_steady lower_us=565 n=15[0m
[0;32mI (13655) forensics: [CALLBACK_HIST] fixture=0 class=true_steady lower_us=570 n=7[0m
[0;32mI (13665) forensics: [CALLBACK_HIST] fixture=0 class=true_steady lower_us=575 n=4[0m
[0;32mI (13675) forensics: [CALLBACK_HIST] fixture=0 class=true_steady lower_us=580 n=6[0m
[0;32mI (13685) forensics: [CALLBACK_HIST] fixture=0 class=true_steady lower_us=585 n=2[0m
[0;32mI (13685) forensics: [CALLBACK_HIST] fixture=0 class=true_steady lower_us=590 n=3[0m
[0;32mI (13695) forensics: [CALLBACK_HIST] fixture=0 class=true_steady lower_us=595 n=4[0m
[0;32mI (13705) forensics: [CALLBACK_HIST] fixture=0 class=true_steady lower_us=600 n=4[0m
[0;32mI (13715) forensics: [CALLBACK_HIST] fixture=0 class=true_steady lower_us=605 n=4[0m
[0;32mI (13725) forensics: [CALLBACK_HIST] fixture=0 class=true_steady lower_us=610 n=5[0m
[0;32mI (13725) forensics: [CALLBACK_HIST] fixture=0 class=true_steady lower_us=615 n=4[0m
[0;32mI (13735) forensics: [CALLBACK_HIST] fixture=0 class=true_steady lower_us=620 n=4[0m
[0;32mI (13745) forensics: [CALLBACK_HIST] fixture=0 class=true_steady lower_us=625 n=1[0m
[0;32mI (13755) forensics: [CALLBACK_HIST] fixture=0 class=true_steady lower_us=630 n=4[0m
[0;32mI (13765) forensics: [CALLBACK_HIST] fixture=0 class=true_steady lower_us=635 n=3[0m
[0;32mI (13775) forensics: [CALLBACK_HIST] fixture=0 class=true_steady lower_us=640 n=3[0m
[0;32mI (13775) forensics: [CALLBACK_HIST] fixture=0 class=true_steady lower_us=645 n=1[0m
[0;32mI (13785) forensics: [CALLBACK_HIST] fixture=0 class=true_steady lower_us=650 n=2[0m
[0;32mI (13795) forensics: [CALLBACK_HIST] fixture=0 class=true_steady lower_us=655 n=89[0m
[0;32mI (13805) forensics: [CALLBACK_HIST] fixture=0 class=true_steady lower_us=660 n=38[0m
[0;32mI (13815) forensics: [CALLBACK_HIST] fixture=0 class=true_steady lower_us=665 n=14[0m
[0;32mI (13815) forensics: [CALLBACK_HIST] fixture=0 class=true_steady lower_us=670 n=9[0m
[0;32mI (13825) forensics: [CALLBACK_HIST] fixture=0 class=true_steady lower_us=675 n=8[0m
[0;32mI (13835) forensics: [CALLBACK_HIST] fixture=0 class=true_steady lower_us=680 n=5[0m
[0;32mI (13845) forensics: [CALLBACK_HIST] fixture=0 class=true_steady lower_us=685 n=7[0m
[0;32mI (13855) forensics: [CALLBACK_HIST] fixture=0 class=true_steady lower_us=690 n=6[0m
[0;32mI (13865) forensics: [CALLBACK_HIST] fixture=0 class=true_steady lower_us=695 n=3[0m
[0;32mI (13865) forensics: [CALLBACK_HIST] fixture=0 class=true_steady lower_us=710 n=4[0m
[0;32mI (13875) forensics: [CALLBACK_HIST] fixture=0 class=true_steady lower_us=715 n=6[0m
[0;32mI (13885) forensics: [CALLBACK_HIST] fixture=0 class=true_steady lower_us=720 n=2[0m
[0;32mI (13895) forensics: [CALLBACK_HIST] fixture=0 class=true_steady lower_us=725 n=2[0m
[0;32mI (13905) forensics: [CALLBACK_HIST] fixture=0 class=true_steady lower_us=735 n=3[0m
[0;32mI (13905) forensics: [CALLBACK_HIST] fixture=0 class=true_steady lower_us=740 n=1[0m
[0;32mI (13915) forensics: [CALLBACK_HIST] fixture=0 class=true_steady lower_us=745 n=2[0m
[0;32mI (13925) forensics: [CALLBACK_HIST] fixture=0 class=true_steady lower_us=830 n=1[0m
[0;32mI (13935) forensics: [CALLBACK_HIST] fixture=0 class=true_steady lower_us=845 n=1[0m
[0;32mI (13945) forensics: [CALLBACK_HIST] fixture=0 class=true_steady lower_us=875 n=1[0m
[0;32mI (13955) forensics: [CURVE] model=PAN fixture=0 voices=1 class=attack_tail n=22 avg_us=559.23 p95_us=565 p99_us=570 p995_us=570 p999_us=570 max_us=568 deadline=0 bad_voices=0 ble_lost=0 hard=0 sat=0 bin_us=5 max_observed_voices=1[0m
[0;32mI (13975) forensics: [HIST] fixture=0 class=attack_tail lower_us=550 n=1[0m
[0;32mI (13975) forensics: [HIST] fixture=0 class=attack_tail lower_us=555 n=9[0m
[0;32mI (13985) forensics: [HIST] fixture=0 class=attack_tail lower_us=560 n=11[0m
[0;32mI (13995) forensics: [HIST] fixture=0 class=attack_tail lower_us=565 n=1[0m
[0;32mI (14005) forensics: [CALLBACK_CURVE] model=PAN fixture=0 voices=1 class=attack_tail n=22 avg_us=615.23 p95_us=665 p99_us=670 p995_us=670 p999_us=670 max_us=666 deadline=0 overhead_avg_us=55.99[0m
[0;32mI (14015) forensics: [CALLBACK_HIST] fixture=0 class=attack_tail lower_us=575 n=3[0m
[0;32mI (14025) forensics: [CALLBACK_HIST] fixture=0 class=attack_tail lower_us=585 n=2[0m
[0;32mI (14035) forensics: [CALLBACK_HIST] fixture=0 class=attack_tail lower_us=590 n=3[0m
[0;32mI (14045) forensics: [CALLBACK_HIST] fixture=0 class=attack_tail lower_us=595 n=1[0m
[0;32mI (14055) forensics: [CALLBACK_HIST] fixture=0 class=attack_tail lower_us=600 n=1[0m
[0;32mI (14055) forensics: [CALLBACK_HIST] fixture=0 class=attack_tail lower_us=605 n=1[0m
[0;32mI (14065) forensics: [CALLBACK_HIST] fixture=0 class=attack_tail lower_us=610 n=1[0m
[0;32mI (14075) forensics: [CALLBACK_HIST] fixture=0 class=attack_tail lower_us=615 n=1[0m
[0;32mI (14085) forensics: [CALLBACK_HIST] fixture=0 class=attack_tail lower_us=620 n=1[0m
[0;32mI (14095) forensics: [CALLBACK_HIST] fixture=0 class=attack_tail lower_us=625 n=1[0m
[0;32mI (14105) forensics: [CALLBACK_HIST] fixture=0 class=attack_tail lower_us=640 n=1[0m
[0;32mI (14105) forensics: [CALLBACK_HIST] fixture=0 class=attack_tail lower_us=645 n=2[0m
[0;32mI (14115) forensics: [CALLBACK_HIST] fixture=0 class=attack_tail lower_us=650 n=1[0m
[0;32mI (14125) forensics: [CALLBACK_HIST] fixture=0 class=attack_tail lower_us=655 n=1[0m
[0;32mI (14135) forensics: [CALLBACK_HIST] fixture=0 class=attack_tail lower_us=660 n=1[0m
[0;32mI (14145) forensics: [CALLBACK_HIST] fixture=0 class=attack_tail lower_us=665 n=1[0m
[0;32mI (14145) forensics: [CURVE] model=PAN fixture=0 voices=1 class=event n=22 avg_us=818.71 p95_us=835 p99_us=1040 p995_us=1040 p999_us=1040 max_us=1039 deadline=0 bad_voices=0 ble_lost=0 hard=0 sat=0 bin_us=5 max_observed_voices=1[0m
[0;32mI (14175) forensics: [HIST] fixture=0 class=event lower_us=775 n=1[0m
[0;32mI (14175) forensics: [HIST] fixture=0 class=event lower_us=790 n=1[0m
[0;32mI (14185) forensics: [HIST] fixture=0 class=event lower_us=795 n=2[0m
[0;32mI (14195) forensics: [HIST] fixture=0 class=event lower_us=800 n=1[0m
[0;32mI (14195) forensics: [HIST] fixture=0 class=event lower_us=805 n=5[0m
[0;32mI (14205) forensics: [HIST] fixture=0 class=event lower_us=810 n=7[0m
[0;32mI (14215) forensics: [HIST] fixture=0 class=event lower_us=815 n=1[0m
[0;32mI (14215) forensics: [HIST] fixture=0 class=event lower_us=820 n=2[0m
[0;32mI (14225) forensics: [HIST] fixture=0 class=event lower_us=830 n=1[0m
[0;32mI (14235) forensics: [HIST] fixture=0 class=event lower_us=1035 n=1[0m
[0;32mI (14235) forensics: [CALLBACK_CURVE] model=PAN fixture=0 voices=1 class=event n=22 avg_us=918.23 p95_us=955 p99_us=1235 p995_us=1235 p999_us=1235 max_us=1231 deadline=0 overhead_avg_us=99.52[0m
[0;32mI (14255) forensics: [CALLBACK_HIST] fixture=0 class=event lower_us=840 n=1[0m
[0;32mI (14265) forensics: [CALLBACK_HIST] fixture=0 class=event lower_us=875 n=1[0m
[0;32mI (14275) forensics: [CALLBACK_HIST] fixture=0 class=event lower_us=885 n=3[0m
[0;32mI (14275) forensics: [CALLBACK_HIST] fixture=0 class=event lower_us=890 n=1[0m
[0;32mI (14285) forensics: [CALLBACK_HIST] fixture=0 class=event lower_us=895 n=2[0m
[0;32mI (14295) forensics: [CALLBACK_HIST] fixture=0 class=event lower_us=900 n=5[0m
[0;32mI (14305) forensics: [CALLBACK_HIST] fixture=0 class=event lower_us=905 n=2[0m
[0;32mI (14305) forensics: [CALLBACK_HIST] fixture=0 class=event lower_us=910 n=2[0m
[0;32mI (14315) forensics: [CALLBACK_HIST] fixture=0 class=event lower_us=920 n=1[0m
[0;32mI (14325) forensics: [CALLBACK_HIST] fixture=0 class=event lower_us=930 n=1[0m
[0;32mI (14335) forensics: [CALLBACK_HIST] fixture=0 class=event lower_us=940 n=1[0m
[0;32mI (14345) forensics: [CALLBACK_HIST] fixture=0 class=event lower_us=950 n=1[0m
[0;32mI (14345) forensics: [CALLBACK_HIST] fixture=0 class=event lower_us=1230 n=1[0m
[0;32mI (14355) forensics: [CURVE] model=PAN fixture=0 voices=1 class=fixture_transition n=1 avg_us=780.33 p95_us=785 p99_us=785 p995_us=785 p999_us=785 max_us=781 deadline=0 bad_voices=0 ble_lost=0 hard=0 sat=0 bin_us=5 max_observed_voices=1[0m
[0;32mI (14375) forensics: [HIST] fixture=0 class=fixture_transition lower_us=780 n=1[0m
[0;32mI (14385) forensics: [CALLBACK_CURVE] model=PAN fixture=0 voices=1 class=fixture_transition n=1 avg_us=901.00 p95_us=905 p99_us=905 p995_us=905 p999_us=905 max_us=901 deadline=0 overhead_avg_us=120.67[0m
[0;32mI (14405) forensics: [CALLBACK_HIST] fixture=0 class=fixture_transition lower_us=900 n=1[0m
[0;32mI (14415) forensics: [FASTPATH] fixture=0 stable8=0 attack=0[0m
[0;32mI (14415) forensics: [OVERHEAD] fixture=0 blocks=4604 model_reset_avg_us=1.96 model_reset_max_us=34 queue_avg_us=1.56 queue_max_us=34 render_avg_us=454.50 telem_avg_us=4.50 telem_max_us=149 telem_publishes=575[0m
[0;32mI (15845) pocket_pan_main: [AUDIO] model=PAN blocks=5595 avg_us=1162 p99_us=0 max_us=1905 cpu_load=43.6 deadline=0 timeout=0 tx_error=0 short=0[0m
[0;32mI (15845) pocket_pan_main: [MIDI] push=0 pop=0 drop=0 hwm=0 last=(n=62 v=0 t=78 hex=000000)[0m
[0;32mI (15855) pocket_pan_main: [BLE] state=8 interval_ms=11.25 latency=0 rssi=-58 reconnects=0 last_disconnect=0[0m
[0;32mI (15865) pocket_pan_main: [MEM] internal_free=57607 largest_internal=31744[0m
[0;32mI (15875) pocket_pan_main: [UIREDRAW] urgent=8 telemetry=59 skip=367[0m
[0;32mI (20855) pocket_pan_main: [AUDIO] model=PAN blocks=7475 avg_us=1155 p99_us=1450 max_us=1905 cpu_load=43.3 deadline=0 timeout=0 tx_error=0 short=0[0m
[0;32mI (20855) pocket_pan_main: [MIDI] push=0 pop=0 drop=0 hwm=0 last=(n=62 v=0 t=78 hex=000000)[0m
[0;32mI (20865) pocket_pan_main: [BLE] state=8 interval_ms=11.25 latency=0 rssi=-58 reconnects=0 last_disconnect=0[0m
[0;32mI (20875) pocket_pan_main: [MEM] internal_free=57607 largest_internal=31744[0m
[0;32mI (20885) pocket_pan_main: [UIREDRAW] urgent=8 telemetry=83 skip=509[0m
[0;32mI (24135) forensics: [SAFETY] fixture=1 hard=0 sat=0 nonfinite=0 ble_lost=0[0m
[0;32mI (24135) forensics: [EVENT_ONLY] fixture=1 n=22 avg_us=151.40 max_us=182[0m
[0;32mI (24135) forensics: [FIXTURE_IO] model=PAN fixture=1 avg_us=1170 p99_us=1450 max_us=1905 cpu_pct=43.87 deadline=0 timeouts=0 tx_errors=0 short_writes=0[0m
[0;32mI (24145) forensics: [CURVE] model=PAN fixture=1 voices=4 class=true_steady n=4051 avg_us=1147.97 p95_us=1205 p99_us=1305 p995_us=1335 p999_us=1370 max_us=1457 deadline=0 bad_voices=0 ble_lost=0 hard=0 sat=0 bin_us=5 max_observed_voices=4[0m
[0;32mI (24175) forensics: [HIST] fixture=1 class=true_steady lower_us=1120 n=539[0m
[0;32mI (24175) forensics: [HIST] fixture=1 class=true_steady lower_us=1125 n=752[0m
[0;32mI (24185) forensics: [HIST] fixture=1 class=true_steady lower_us=1130 n=594[0m
[0;32mI (24195) forensics: [HIST] fixture=1 class=true_steady lower_us=1135 n=355[0m
[0;32mI (24205) forensics: [HIST] fixture=1 class=true_steady lower_us=1140 n=333[0m
[0;32mI (24205) forensics: [HIST] fixture=1 class=true_steady lower_us=1145 n=209[0m
[0;32mI (24215) forensics: [HIST] fixture=1 class=true_steady lower_us=1150 n=160[0m
[0;32mI (24225) forensics: [HIST] fixture=1 class=true_steady lower_us=1155 n=134[0m
[0;32mI (24235) forensics: [HIST] fixture=1 class=true_steady lower_us=1160 n=136[0m
[0;32mI (24245) forensics: [HIST] fixture=1 class=true_steady lower_us=1165 n=113[0m
[0;32mI (24245) forensics: [HIST] fixture=1 class=true_steady lower_us=1170 n=113[0m
[0;32mI (24255) forensics: [HIST] fixture=1 class=true_steady lower_us=1175 n=88[0m
[0;32mI (24265) forensics: [HIST] fixture=1 class=true_steady lower_us=1180 n=76[0m
[0;32mI (24275) forensics: [HIST] fixture=1 class=true_steady lower_us=1185 n=77[0m
[0;32mI (24275) forensics: [HIST] fixture=1 class=true_steady lower_us=1190 n=72[0m
[0;32mI (24285) forensics: [HIST] fixture=1 class=true_steady lower_us=1195 n=65[0m
[0;32mI (24295) forensics: [HIST] fixture=1 class=true_steady lower_us=1200 n=34[0m
[0;32mI (24305) forensics: [HIST] fixture=1 class=true_steady lower_us=1205 n=41[0m
[0;32mI (24305) forensics: [HIST] fixture=1 class=true_steady lower_us=1210 n=17[0m
[0;32mI (24315) forensics: [HIST] fixture=1 class=true_steady lower_us=1215 n=13[0m
[0;32mI (24325) forensics: [HIST] fixture=1 class=true_steady lower_us=1220 n=17[0m
[0;32mI (24335) forensics: [HIST] fixture=1 class=true_steady lower_us=1225 n=7[0m
[0;32mI (24335) forensics: [HIST] fixture=1 class=true_steady lower_us=1230 n=6[0m
[0;32mI (24345) forensics: [HIST] fixture=1 class=true_steady lower_us=1235 n=5[0m
[0;32mI (24355) forensics: [HIST] fixture=1 class=true_steady lower_us=1240 n=8[0m
[0;32mI (24365) forensics: [HIST] fixture=1 class=true_steady lower_us=1245 n=6[0m
[0;32mI (24365) forensics: [HIST] fixture=1 class=true_steady lower_us=1250 n=4[0m
[0;32mI (24375) forensics: [HIST] fixture=1 class=true_steady lower_us=1255 n=5[0m
[0;32mI (24385) forensics: [HIST] fixture=1 class=true_steady lower_us=1260 n=4[0m
[0;32mI (24395) forensics: [HIST] fixture=1 class=true_steady lower_us=1265 n=7[0m
[0;32mI (24395) forensics: [HIST] fixture=1 class=true_steady lower_us=1270 n=7[0m
[0;32mI (24405) forensics: [HIST] fixture=1 class=true_steady lower_us=1275 n=3[0m
[0;32mI (24415) forensics: [HIST] fixture=1 class=true_steady lower_us=1280 n=1[0m
[0;32mI (24425) forensics: [HIST] fixture=1 class=true_steady lower_us=1285 n=3[0m
[0;32mI (24425) forensics: [HIST] fixture=1 class=true_steady lower_us=1290 n=2[0m
[0;32mI (24435) forensics: [HIST] fixture=1 class=true_steady lower_us=1295 n=4[0m
[0;32mI (24445) forensics: [HIST] fixture=1 class=true_steady lower_us=1300 n=5[0m
[0;32mI (24455) forensics: [HIST] fixture=1 class=true_steady lower_us=1305 n=7[0m
[0;32mI (24455) forensics: [HIST] fixture=1 class=true_steady lower_us=1315 n=5[0m
[0;32mI (24465) forensics: [HIST] fixture=1 class=true_steady lower_us=1320 n=2[0m
[0;32mI (24475) forensics: [HIST] fixture=1 class=true_steady lower_us=1325 n=1[0m
[0;32mI (24485) forensics: [HIST] fixture=1 class=true_steady lower_us=1330 n=3[0m
[0;32mI (24485) forensics: [HIST] fixture=1 class=true_steady lower_us=1335 n=1[0m
[0;32mI (24495) forensics: [HIST] fixture=1 class=true_steady lower_us=1340 n=3[0m
[0;32mI (24505) forensics: [HIST] fixture=1 class=true_steady lower_us=1345 n=4[0m
[0;32mI (24515) forensics: [HIST] fixture=1 class=true_steady lower_us=1350 n=1[0m
[0;32mI (24515) forensics: [HIST] fixture=1 class=true_steady lower_us=1355 n=3[0m
[0;32mI (24525) forensics: [HIST] fixture=1 class=true_steady lower_us=1365 n=2[0m
[0;32mI (24535) forensics: [HIST] fixture=1 class=true_steady lower_us=1400 n=2[0m
[0;32mI (24545) forensics: [HIST] fixture=1 class=true_steady lower_us=1425 n=1[0m
[0;32mI (24545) forensics: [HIST] fixture=1 class=true_steady lower_us=1455 n=1[0m
[0;32mI (24555) forensics: [CALLBACK_CURVE] model=PAN fixture=1 voices=4 class=true_steady n=4051 avg_us=1166.76 p95_us=1255 p99_us=1385 p995_us=1440 p999_us=1500 max_us=1600 deadline=0 overhead_avg_us=18.79[0m
[0;32mI (24575) forensics: [CALLBACK_HIST] fixture=1 class=true_steady lower_us=525 n=1[0m
[0;32mI (24585) forensics: [CALLBACK_HIST] fixture=1 class=true_steady lower_us=1130 n=470[0m
[0;32mI (24595) forensics: [CALLBACK_HIST] fixture=1 class=true_steady lower_us=1135 n=713[0m
[0;32mI (24595) forensics: [CALLBACK_HIST] fixture=1 class=true_steady lower_us=1140 n=547[0m
[0;32mI (24605) forensics: [CALLBACK_HIST] fixture=1 class=true_steady lower_us=1145 n=325[0m
[0;32mI (24615) forensics: [CALLBACK_HIST] fixture=1 class=true_steady lower_us=1150 n=274[0m
[0;32mI (24625) forensics: [CALLBACK_HIST] fixture=1 class=true_steady lower_us=1155 n=193[0m
[0;32mI (24635) forensics: [CALLBACK_HIST] fixture=1 class=true_steady lower_us=1160 n=113[0m
[0;32mI (24645) forensics: [CALLBACK_HIST] fixture=1 class=true_steady lower_us=1165 n=131[0m
[0;32mI (24645) forensics: [CALLBACK_HIST] fixture=1 class=true_steady lower_us=1170 n=126[0m
[0;32mI (24655) forensics: [CALLBACK_HIST] fixture=1 class=true_steady lower_us=1175 n=141[0m
[0;32mI (24665) forensics: [CALLBACK_HIST] fixture=1 class=true_steady lower_us=1180 n=105[0m
[0;32mI (24675) forensics: [CALLBACK_HIST] fixture=1 class=true_steady lower_us=1185 n=87[0m
[0;32mI (24685) forensics: [CALLBACK_HIST] fixture=1 class=true_steady lower_us=1190 n=94[0m
[0;32mI (24695) forensics: [CALLBACK_HIST] fixture=1 class=true_steady lower_us=1195 n=77[0m
[0;32mI (24695) forensics: [CALLBACK_HIST] fixture=1 class=true_steady lower_us=1200 n=71[0m
[0;32mI (24705) forensics: [CALLBACK_HIST] fixture=1 class=true_steady lower_us=1205 n=71[0m
[0;32mI (24715) forensics: [CALLBACK_HIST] fixture=1 class=true_steady lower_us=1210 n=53[0m
[0;32mI (24725) forensics: [CALLBACK_HIST] fixture=1 class=true_steady lower_us=1215 n=53[0m
[0;32mI (24735) forensics: [CALLBACK_HIST] fixture=1 class=true_steady lower_us=1220 n=33[0m
[0;32mI (24745) forensics: [CALLBACK_HIST] fixture=1 class=true_steady lower_us=1225 n=35[0m
[0;32mI (24745) forensics: [CALLBACK_HIST] fixture=1 class=true_steady lower_us=1230 n=44[0m
[0;32mI (24755) forensics: [CALLBACK_HIST] fixture=1 class=true_steady lower_us=1235 n=25[0m
[0;32mI (24765) forensics: [CALLBACK_HIST] fixture=1 class=true_steady lower_us=1240 n=29[0m
[0;32mI (24775) forensics: [CALLBACK_HIST] fixture=1 class=true_steady lower_us=1245 n=29[0m
[0;32mI (24785) forensics: [CALLBACK_HIST] fixture=1 class=true_steady lower_us=1250 n=19[0m
[0;32mI (24795) forensics: [CALLBACK_HIST] fixture=1 class=true_steady lower_us=1255 n=20[0m
[0;32mI (24795) forensics: [CALLBACK_HIST] fixture=1 class=true_steady lower_us=1260 n=22[0m
[0;32mI (24805) forensics: [CALLBACK_HIST] fixture=1 class=true_steady lower_us=1265 n=11[0m
[0;32mI (24815) forensics: [CALLBACK_HIST] fixture=1 class=true_steady lower_us=1270 n=7[0m
[0;32mI (24825) forensics: [CALLBACK_HIST] fixture=1 class=true_steady lower_us=1275 n=14[0m
[0;32mI (24835) forensics: [CALLBACK_HIST] fixture=1 class=true_steady lower_us=1280 n=4[0m
[0;32mI (24845) forensics: [CALLBACK_HIST] fixture=1 class=true_steady lower_us=1285 n=7[0m
[0;32mI (24845) forensics: [CALLBACK_HIST] fixture=1 class=true_steady lower_us=1290 n=7[0m
[0;32mI (24855) forensics: [CALLBACK_HIST] fixture=1 class=true_steady lower_us=1295 n=5[0m
[0;32mI (24865) forensics: [CALLBACK_HIST] fixture=1 class=true_steady lower_us=1300 n=5[0m
[0;32mI (24875) forensics: [CALLBACK_HIST] fixture=1 class=true_steady lower_us=1305 n=4[0m
[0;32mI (24885) forensics: [CALLBACK_HIST] fixture=1 class=true_steady lower_us=1310 n=3[0m
[0;32mI (24895) forensics: [CALLBACK_HIST] fixture=1 class=true_steady lower_us=1320 n=4[0m
[0;32mI (24895) forensics: [CALLBACK_HIST] fixture=1 class=true_steady lower_us=1325 n=7[0m
[0;32mI (24905) forensics: [CALLBACK_HIST] fixture=1 class=true_steady lower_us=1330 n=5[0m
[0;32mI (24915) forensics: [CALLBACK_HIST] fixture=1 class=true_steady lower_us=1335 n=1[0m
[0;32mI (24925) forensics: [CALLBACK_HIST] fixture=1 class=true_steady lower_us=1340 n=5[0m
[0;32mI (24935) forensics: [CALLBACK_HIST] fixture=1 class=true_steady lower_us=1345 n=2[0m
[0;32mI (24935) forensics: [CALLBACK_HIST] fixture=1 class=true_steady lower_us=1350 n=3[0m
[0;32mI (24945) forensics: [CALLBACK_HIST] fixture=1 class=true_steady lower_us=1355 n=1[0m
[0;32mI (24955) forensics: [CALLBACK_HIST] fixture=1 class=true_steady lower_us=1360 n=3[0m
[0;32mI (24965) forensics: [CALLBACK_HIST] fixture=1 class=true_steady lower_us=1365 n=3[0m
[0;32mI (24975) forensics: [CALLBACK_HIST] fixture=1 class=true_steady lower_us=1370 n=3[0m
[0;32mI (24985) forensics: [CALLBACK_HIST] fixture=1 class=true_steady lower_us=1375 n=5[0m
[0;32mI (24985) forensics: [CALLBACK_HIST] fixture=1 class=true_steady lower_us=1380 n=2[0m
[0;32mI (24995) forensics: [CALLBACK_HIST] fixture=1 class=true_steady lower_us=1385 n=1[0m
[0;32mI (25005) forensics: [CALLBACK_HIST] fixture=1 class=true_steady lower_us=1390 n=4[0m
[0;32mI (25015) forensics: [CALLBACK_HIST] fixture=1 class=true_steady lower_us=1395 n=3[0m
[0;32mI (25025) forensics: [CALLBACK_HIST] fixture=1 class=true_steady lower_us=1405 n=2[0m
[0;32mI (25035) forensics: [CALLBACK_HIST] fixture=1 class=true_steady lower_us=1410 n=2[0m
[0;32mI (25035) forensics: [CALLBACK_HIST] fixture=1 class=true_steady lower_us=1415 n=1[0m
[0;32mI (25045) forensics: [CALLBACK_HIST] fixture=1 class=true_steady lower_us=1420 n=4[0m
[0;32mI (25055) forensics: [CALLBACK_HIST] fixture=1 class=true_steady lower_us=1430 n=1[0m
[0;32mI (25065) forensics: [CALLBACK_HIST] fixture=1 class=true_steady lower_us=1435 n=2[0m
[0;32mI (25075) forensics: [CALLBACK_HIST] fixture=1 class=true_steady lower_us=1440 n=2[0m
[0;32mI (25075) forensics: [CALLBACK_HIST] fixture=1 class=true_steady lower_us=1445 n=1[0m
[0;32mI (25085) forensics: [CALLBACK_HIST] fixture=1 class=true_steady lower_us=1450 n=5[0m
[0;32mI (25095) forensics: [CALLBACK_HIST] fixture=1 class=true_steady lower_us=1460 n=2[0m
[0;32mI (25105) forensics: [CALLBACK_HIST] fixture=1 class=true_steady lower_us=1470 n=1[0m
[0;32mI (25115) forensics: [CALLBACK_HIST] fixture=1 class=true_steady lower_us=1475 n=2[0m
[0;32mI (25125) forensics: [CALLBACK_HIST] fixture=1 class=true_steady lower_us=1490 n=1[0m
[0;32mI (25125) forensics: [CALLBACK_HIST] fixture=1 class=true_steady lower_us=1495 n=2[0m
[0;32mI (25135) forensics: [CALLBACK_HIST] fixture=1 class=true_steady lower_us=1500 n=2[0m
[0;32mI (25145) forensics: [CALLBACK_HIST] fixture=1 class=true_steady lower_us=1600 n=1[0m
[0;32mI (25155) forensics: [CURVE] model=PAN fixture=1 voices=4 class=attack_tail n=22 avg_us=1404.70 p95_us=1470 p99_us=1480 p995_us=1480 p999_us=1480 max_us=1475 deadline=0 bad_voices=0 ble_lost=0 hard=0 sat=0 bin_us=5 max_observed_voices=4[0m
[0;32mI (25175) forensics: [HIST] fixture=1 class=attack_tail lower_us=1365 n=1[0m
[0;32mI (25185) forensics: [HIST] fixture=1 class=attack_tail lower_us=1370 n=1[0m
[0;32mI (25195) forensics: [HIST] fixture=1 class=attack_tail lower_us=1375 n=5[0m
[0;32mI (25195) forensics: [HIST] fixture=1 class=attack_tail lower_us=1380 n=1[0m
[0;32mI (25205) forensics: [HIST] fixture=1 class=attack_tail lower_us=1385 n=5[0m
[0;32mI (25215) forensics: [HIST] fixture=1 class=attack_tail lower_us=1390 n=1[0m
[0;32mI (25225) forensics: [HIST] fixture=1 class=attack_tail lower_us=1400 n=1[0m
[0;32mI (25225) forensics: [HIST] fixture=1 class=attack_tail lower_us=1435 n=1[0m
[0;32mI (25235) forensics: [HIST] fixture=1 class=attack_tail lower_us=1440 n=1[0m
[0;32mI (25245) forensics: [HIST] fixture=1 class=attack_tail lower_us=1445 n=1[0m
[0;32mI (25255) forensics: [HIST] fixture=1 class=attack_tail lower_us=1450 n=1[0m
[0;32mI (25255) forensics: [HIST] fixture=1 class=attack_tail lower_us=1455 n=1[0m
[0;32mI (25265) forensics: [HIST] fixture=1 class=attack_tail lower_us=1465 n=1[0m
[0;32mI (25275) forensics: [HIST] fixture=1 class=attack_tail lower_us=1475 n=1[0m
[0;32mI (25285) forensics: [CALLBACK_CURVE] model=PAN fixture=1 voices=4 class=attack_tail n=22 avg_us=1456.27 p95_us=1555 p99_us=1595 p995_us=1595 p999_us=1595 max_us=1594 deadline=0 overhead_avg_us=51.57[0m
[0;32mI (25295) forensics: [CALLBACK_HIST] fixture=1 class=attack_tail lower_us=1375 n=1[0m
[0;32mI (25305) forensics: [CALLBACK_HIST] fixture=1 class=attack_tail lower_us=1390 n=1[0m
[0;32mI (25315) forensics: [CALLBACK_HIST] fixture=1 class=attack_tail lower_us=1395 n=2[0m
[0;32mI (25325) forensics: [CALLBACK_HIST] fixture=1 class=attack_tail lower_us=1405 n=2[0m
[0;32mI (25335) forensics: [CALLBACK_HIST] fixture=1 class=attack_tail lower_us=1410 n=2[0m
[0;32mI (25335) forensics: [CALLBACK_HIST] fixture=1 class=attack_tail lower_us=1415 n=1[0m
[0;32mI (25345) forensics: [CALLBACK_HIST] fixture=1 class=attack_tail lower_us=1440 n=1[0m
[0;32mI (25355) forensics: [CALLBACK_HIST] fixture=1 class=attack_tail lower_us=1445 n=1[0m
[0;32mI (25365) forensics: [CALLBACK_HIST] fixture=1 class=attack_tail lower_us=1450 n=1[0m
[0;32mI (25375) forensics: [CALLBACK_HIST] fixture=1 class=attack_tail lower_us=1455 n=2[0m
[0;32mI (25385) forensics: [CALLBACK_HIST] fixture=1 class=attack_tail lower_us=1485 n=2[0m
[0;32mI (25385) forensics: [CALLBACK_HIST] fixture=1 class=attack_tail lower_us=1490 n=1[0m
[0;32mI (25395) forensics: [CALLBACK_HIST] fixture=1 class=attack_tail lower_us=1505 n=2[0m
[0;32mI (25405) forensics: [CALLBACK_HIST] fixture=1 class=attack_tail lower_us=1535 n=1[0m
[0;32mI (25415) forensics: [CALLBACK_HIST] fixture=1 class=attack_tail lower_us=1550 n=1[0m
[0;32mI (25425) forensics: [CALLBACK_HIST] fixture=1 class=attack_tail lower_us=1590 n=1[0m
[0;32mI (25435) forensics: [CURVE] model=PAN fixture=1 voices=4 class=event n=22 avg_us=1673.04 p95_us=1750 p99_us=1785 p995_us=1785 p999_us=1785 max_us=1781 deadline=0 bad_voices=0 ble_lost=0 hard=0 sat=0 bin_us=5 max_observed_voices=4[0m
[0;32mI (25455) forensics: [HIST] fixture=1 class=event lower_us=1625 n=1[0m
[0;32mI (25455) forensics: [HIST] fixture=1 class=event lower_us=1630 n=1[0m
[0;32mI (25465) forensics: [HIST] fixture=1 class=event lower_us=1635 n=1[0m
[0;32mI (25475) forensics: [HIST] fixture=1 class=event lower_us=1645 n=1[0m
[0;32mI (25475) forensics: [HIST] fixture=1 class=event lower_us=1650 n=1[0m
[0;32mI (25485) forensics: [HIST] fixture=1 class=event lower_us=1655 n=3[0m
[0;32mI (25495) forensics: [HIST] fixture=1 class=event lower_us=1660 n=2[0m
[0;32mI (25505) forensics: [HIST] fixture=1 class=event lower_us=1665 n=3[0m
[0;32mI (25505) forensics: [HIST] fixture=1 class=event lower_us=1670 n=3[0m
[0;32mI (25515) forensics: [HIST] fixture=1 class=event lower_us=1675 n=1[0m
[0;32mI (25525) forensics: [HIST] fixture=1 class=event lower_us=1690 n=2[0m
[0;32mI (25525) forensics: [HIST] fixture=1 class=event lower_us=1725 n=1[0m
[0;32mI (25535) forensics: [HIST] fixture=1 class=event lower_us=1745 n=1[0m
[0;32mI (25545) forensics: [HIST] fixture=1 class=event lower_us=1780 n=1[0m
[0;32mI (25545) forensics: [CALLBACK_CURVE] model=PAN fixture=1 voices=4 class=event n=22 avg_us=1764.91 p95_us=1855 p99_us=1910 p995_us=1910 p999_us=1910 max_us=1905 deadline=0 overhead_avg_us=91.87[0m
[0;32mI (25565) forensics: [CALLBACK_HIST] fixture=1 class=event lower_us=1705 n=1[0m
[0;32mI (25575) forensics: [CALLBACK_HIST] fixture=1 class=event lower_us=1710 n=2[0m
[0;32mI (25585) forensics: [CALLBACK_HIST] fixture=1 class=event lower_us=1735 n=2[0m
[0;32mI (25585) forensics: [CALLBACK_HIST] fixture=1 class=event lower_us=1740 n=2[0m
[0;32mI (25595) forensics: [CALLBACK_HIST] fixture=1 class=event lower_us=1745 n=2[0m
[0;32mI (25605) forensics: [CALLBACK_HIST] fixture=1 class=event lower_us=1750 n=1[0m
[0;32mI (25615) forensics: [CALLBACK_HIST] fixture=1 class=event lower_us=1755 n=3[0m
[0;32mI (25625) forensics: [CALLBACK_HIST] fixture=1 class=event lower_us=1760 n=3[0m
[0;32mI (25625) forensics: [CALLBACK_HIST] fixture=1 class=event lower_us=1765 n=2[0m
[0;32mI (25635) forensics: [CALLBACK_HIST] fixture=1 class=event lower_us=1800 n=1[0m
[0;32mI (25645) forensics: [CALLBACK_HIST] fixture=1 class=event lower_us=1840 n=1[0m
[0;32mI (25655) forensics: [CALLBACK_HIST] fixture=1 class=event lower_us=1850 n=1[0m
[0;32mI (25655) forensics: [CALLBACK_HIST] fixture=1 class=event lower_us=1905 n=1[0m
[0;32mI (25665) forensics: [CURVE] model=PAN fixture=1 voices=4 class=fixture_transition n=1 avg_us=675.46 p95_us=680 p99_us=680 p995_us=680 p999_us=680 max_us=676 deadline=0 bad_voices=0 ble_lost=0 hard=0 sat=0 bin_us=5 max_observed_voices=4[0m
[0;32mI (25685) forensics: [HIST] fixture=1 class=fixture_transition lower_us=675 n=1[0m
[0;32mI (25695) forensics: [CALLBACK_CURVE] model=PAN fixture=1 voices=4 class=fixture_transition n=1 avg_us=721.00 p95_us=725 p99_us=725 p995_us=725 p999_us=725 max_us=721 deadline=0 overhead_avg_us=45.54[0m
[0;32mI (25715) forensics: [CALLBACK_HIST] fixture=1 class=fixture_transition lower_us=720 n=1[0m
[0;32mI (25725) forensics: [FASTPATH] fixture=1 stable8=0 attack=0[0m
[0;32mI (25735) forensics: [OVERHEAD] fixture=1 blocks=4096 model_reset_avg_us=1.93 model_reset_max_us=20 queue_avg_us=1.94 queue_max_us=29 render_avg_us=1158.69 telem_avg_us=5.68 telem_max_us=87 telem_publishes=512[0m
[0;33mW (25785) forensics: [OVERRUN] seq=8890 callback_us=2737 inner_us=2633 class=event fixture=2 model=PAN voices=8 exciter=1 midi_depth=0 midi_consumed=0 telem=0 model_req=0 reset_req=0[0m
[0;33mW (25795) forensics: [OVERRUN] seq=9078 callback_us=2689 inner_us=2587 class=event fixture=2 model=PAN voices=8 exciter=1 midi_depth=0 midi_consumed=0 telem=0 model_req=0 reset_req=0[0m
[0;33mW (25805) forensics: [OVERRUN] seq=9266 callback_us=2747 inner_us=2634 class=event fixture=2 model=PAN voices=8 exciter=1 midi_depth=0 midi_consumed=0 telem=0 model_req=0 reset_req=0[0m
[0;32mI (25855) pocket_pan_main: [AUDIO] model=PAN blocks=9349 avg_us=1733 p99_us=0 max_us=2747 cpu_load=65.0 deadline=3 timeout=0 tx_error=0 short=0[0m
[0;32mI (25855) pocket_pan_main: [MIDI] push=0 pop=0 drop=0 hwm=0 last=(n=62 v=0 t=78 hex=000000)[0m
[0;32mI (25865) pocket_pan_main: [BLE] state=8 interval_ms=11.25 latency=0 rssi=-58 reconnects=0 last_disconnect=0[0m
[0;32mI (25875) pocket_pan_main: [MEM] internal_free=48967 largest_internal=31744[0m
[0;32mI (25885) pocket_pan_main: [UIREDRAW] urgent=9 telemetry=99 skip=602[0m
[0;33mW (28165) forensics: [OVERRUN] seq=10206 callback_us=2702 inner_us=2557 class=event fixture=2 model=PAN voices=8 exciter=1 midi_depth=0 midi_consumed=0 telem=0 model_req=0 reset_req=0[0m
[0;32mI (30875) pocket_pan_main: [AUDIO] model=PAN blocks=11231 avg_us=1684 p99_us=2050 max_us=2747 cpu_load=63.1 deadline=4 timeout=0 tx_error=0 short=0[0m
[0;32mI (30875) pocket_pan_main: [MIDI] push=0 pop=0 drop=0 hwm=0 last=(n=62 v=0 t=78 hex=000000)[0m
[0;32mI (30885) pocket_pan_main: [BLE] state=8 interval_ms=11.25 latency=0 rssi=-58 reconnects=0 last_disconnect=0[0m
[0;32mI (30895) pocket_pan_main: [MEM] internal_free=57607 largest_internal=31744[0m
[0;32mI (30905) pocket_pan_main: [UIREDRAW] urgent=9 telemetry=123 skip=744[0m
[0;32mI (35075) forensics: [SAFETY] fixture=2 hard=0 sat=0 nonfinite=0 ble_lost=0[0m
[0;32mI (35075) forensics: [EVENT_ONLY] fixture=2 n=22 avg_us=195.80 max_us=235[0m
[0;32mI (35075) forensics: [FIXTURE_IO] model=PAN fixture=2 avg_us=1686 p99_us=2050 max_us=2747 cpu_pct=63.22 deadline=4 timeouts=0 tx_errors=0 short_writes=0[0m
[0;32mI (35095) forensics: [CURVE] model=PAN fixture=2 voices=8 class=true_steady n=4051 avg_us=1660.29 p95_us=1720 p99_us=1805 p995_us=1825 p999_us=1870 max_us=1985 deadline=0 bad_voices=0 ble_lost=0 hard=0 sat=0 bin_us=5 max_observed_voices=8[0m
[0;32mI (35115) forensics: [HIST] fixture=2 class=true_steady lower_us=1630 n=344[0m
[0;32mI (35125) forensics: [HIST] fixture=2 class=true_steady lower_us=1635 n=736[0m
[0;32mI (35135) forensics: [HIST] fixture=2 class=true_steady lower_us=1640 n=608[0m
[0;32mI (35135) forensics: [HIST] fixture=2 class=true_steady lower_us=1645 n=359[0m
[0;32mI (35145) forensics: [HIST] fixture=2 class=true_steady lower_us=1650 n=233[0m
[0;32mI (35155) forensics: [HIST] fixture=2 class=true_steady lower_us=1655 n=230[0m
[0;32mI (35165) forensics: [HIST] fixture=2 class=true_steady lower_us=1660 n=182[0m
[0;32mI (35165) forensics: [HIST] fixture=2 class=true_steady lower_us=1665 n=186[0m
[0;32mI (35175) forensics: [HIST] fixture=2 class=true_steady lower_us=1670 n=173[0m
[0;32mI (35185) forensics: [HIST] fixture=2 class=true_steady lower_us=1675 n=166[0m
[0;32mI (35195) forensics: [HIST] fixture=2 class=true_steady lower_us=1680 n=117[0m
[0;32mI (35195) forensics: [HIST] fixture=2 class=true_steady lower_us=1685 n=118[0m
[0;32mI (35205) forensics: [HIST] fixture=2 class=true_steady lower_us=1690 n=99[0m
[0;32mI (35215) forensics: [HIST] fixture=2 class=true_steady lower_us=1695 n=92[0m
[0;32mI (35225) forensics: [HIST] fixture=2 class=true_steady lower_us=1700 n=79[0m
[0;32mI (35225) forensics: [HIST] fixture=2 class=true_steady lower_us=1705 n=63[0m
[0;32mI (35235) forensics: [HIST] fixture=2 class=true_steady lower_us=1710 n=47[0m
[0;32mI (35245) forensics: [HIST] fixture=2 class=true_steady lower_us=1715 n=35[0m
[0;32mI (35255) forensics: [HIST] fixture=2 class=true_steady lower_us=1720 n=30[0m
[0;32mI (35265) forensics: [HIST] fixture=2 class=true_steady lower_us=1725 n=22[0m
[0;32mI (35265) forensics: [HIST] fixture=2 class=true_steady lower_us=1730 n=15[0m
[0;32mI (35275) forensics: [HIST] fixture=2 class=true_steady lower_us=1735 n=8[0m
[0;32mI (35285) forensics: [HIST] fixture=2 class=true_steady lower_us=1740 n=9[0m
[0;32mI (35295) forensics: [HIST] fixture=2 class=true_steady lower_us=1745 n=6[0m
[0;32mI (35295) forensics: [HIST] fixture=2 class=true_steady lower_us=1750 n=8[0m
[0;32mI (35305) forensics: [HIST] fixture=2 class=true_steady lower_us=1755 n=10[0m
[0;32mI (35315) forensics: [HIST] fixture=2 class=true_steady lower_us=1760 n=8[0m
[0;32mI (35325) forensics: [HIST] fixture=2 class=true_steady lower_us=1765 n=7[0m
[0;32mI (35325) forensics: [HIST] fixture=2 class=true_steady lower_us=1770 n=4[0m
[0;32mI (35335) forensics: [HIST] fixture=2 class=true_steady lower_us=1775 n=4[0m
[0;32mI (35345) forensics: [HIST] fixture=2 class=true_steady lower_us=1780 n=5[0m
[0;32mI (35355) forensics: [HIST] fixture=2 class=true_steady lower_us=1785 n=2[0m
[0;32mI (35355) forensics: [HIST] fixture=2 class=true_steady lower_us=1790 n=2[0m
[0;32mI (35365) forensics: [HIST] fixture=2 class=true_steady lower_us=1795 n=2[0m
[0;32mI (35375) forensics: [HIST] fixture=2 class=true_steady lower_us=1800 n=5[0m
[0;32mI (35375) forensics: [HIST] fixture=2 class=true_steady lower_us=1805 n=3[0m
[0;32mI (35385) forensics: [HIST] fixture=2 class=true_steady lower_us=1810 n=3[0m
[0;32mI (35395) forensics: [HIST] fixture=2 class=true_steady lower_us=1815 n=6[0m
[0;32mI (35405) forensics: [HIST] fixture=2 class=true_steady lower_us=1820 n=5[0m
[0;32mI (35405) forensics: [HIST] fixture=2 class=true_steady lower_us=1825 n=2[0m
[0;32mI (35415) forensics: [HIST] fixture=2 class=true_steady lower_us=1830 n=2[0m
[0;32mI (35425) forensics: [HIST] fixture=2 class=true_steady lower_us=1835 n=3[0m
[0;32mI (35435) forensics: [HIST] fixture=2 class=true_steady lower_us=1840 n=2[0m
[0;32mI (35435) forensics: [HIST] fixture=2 class=true_steady lower_us=1845 n=3[0m
[0;32mI (35445) forensics: [HIST] fixture=2 class=true_steady lower_us=1855 n=2[0m
[0;32mI (35455) forensics: [HIST] fixture=2 class=true_steady lower_us=1860 n=1[0m
[0;32mI (35465) forensics: [HIST] fixture=2 class=true_steady lower_us=1865 n=1[0m
[0;32mI (35465) forensics: [HIST] fixture=2 class=true_steady lower_us=1870 n=2[0m
[0;32mI (35475) forensics: [HIST] fixture=2 class=true_steady lower_us=1960 n=1[0m
[0;32mI (35485) forensics: [HIST] fixture=2 class=true_steady lower_us=1985 n=1[0m
[0;32mI (35495) forensics: [CALLBACK_CURVE] model=PAN fixture=2 voices=8 class=true_steady n=4051 avg_us=1679.38 p95_us=1760 p99_us=1880 p995_us=1915 p999_us=1980 max_us=2220 deadline=0 overhead_avg_us=19.09[0m
[0;32mI (35515) forensics: [CALLBACK_HIST] fixture=2 class=true_steady lower_us=1170 n=1[0m
[0;32mI (35515) forensics: [CALLBACK_HIST] fixture=2 class=true_steady lower_us=1635 n=232[0m
[0;32mI (35525) forensics: [CALLBACK_HIST] fixture=2 class=true_steady lower_us=1640 n=451[0m
[0;32mI (35535) forensics: [CALLBACK_HIST] fixture=2 class=true_steady lower_us=1645 n=397[0m
[0;32mI (35545) forensics: [CALLBACK_HIST] fixture=2 class=true_steady lower_us=1650 n=441[0m
[0;32mI (35555) forensics: [CALLBACK_HIST] fixture=2 class=true_steady lower_us=1655 n=311[0m
[0;32mI (35565) forensics: [CALLBACK_HIST] fixture=2 class=true_steady lower_us=1660 n=206[0m
[0;32mI (35565) forensics: [CALLBACK_HIST] fixture=2 class=true_steady lower_us=1665 n=222[0m
[0;32mI (35575) forensics: [CALLBACK_HIST] fixture=2 class=true_steady lower_us=1670 n=147[0m
[0;32mI (35585) forensics: [CALLBACK_HIST] fixture=2 class=true_steady lower_us=1675 n=163[0m
[0;32mI (35595) forensics: [CALLBACK_HIST] fixture=2 class=true_steady lower_us=1680 n=170[0m
[0;32mI (35605) forensics: [CALLBACK_HIST] fixture=2 class=true_steady lower_us=1685 n=154[0m
[0;32mI (35615) forensics: [CALLBACK_HIST] fixture=2 class=true_steady lower_us=1690 n=119[0m
[0;32mI (35615) forensics: [CALLBACK_HIST] fixture=2 class=true_steady lower_us=1695 n=116[0m
[0;32mI (35625) forensics: [CALLBACK_HIST] fixture=2 class=true_steady lower_us=1700 n=76[0m
[0;32mI (35635) forensics: [CALLBACK_HIST] fixture=2 class=true_steady lower_us=1705 n=104[0m
[0;32mI (35645) forensics: [CALLBACK_HIST] fixture=2 class=true_steady lower_us=1710 n=97[0m
[0;32mI (35655) forensics: [CALLBACK_HIST] fixture=2 class=true_steady lower_us=1715 n=65[0m
[0;32mI (35665) forensics: [CALLBACK_HIST] fixture=2 class=true_steady lower_us=1720 n=57[0m
[0;32mI (35665) forensics: [CALLBACK_HIST] fixture=2 class=true_steady lower_us=1725 n=71[0m
[0;32mI (35675) forensics: [CALLBACK_HIST] fixture=2 class=true_steady lower_us=1730 n=56[0m
[0;32mI (35685) forensics: [CALLBACK_HIST] fixture=2 class=true_steady lower_us=1735 n=41[0m
[0;32mI (35695) forensics: [CALLBACK_HIST] fixture=2 class=true_steady lower_us=1740 n=59[0m
[0;32mI (35705) forensics: [CALLBACK_HIST] fixture=2 class=true_steady lower_us=1745 n=43[0m
[0;32mI (35715) forensics: [CALLBACK_HIST] fixture=2 class=true_steady lower_us=1750 n=39[0m
[0;32mI (35715) forensics: [CALLBACK_HIST] fixture=2 class=true_steady lower_us=1755 n=20[0m
[0;32mI (35725) forensics: [CALLBACK_HIST] fixture=2 class=true_steady lower_us=1760 n=15[0m
[0;32mI (35735) forensics: [CALLBACK_HIST] fixture=2 class=true_steady lower_us=1765 n=16[0m
[0;32mI (35745) forensics: [CALLBACK_HIST] fixture=2 class=true_steady lower_us=1770 n=15[0m
[0;32mI (35755) forensics: [CALLBACK_HIST] fixture=2 class=true_steady lower_us=1775 n=14[0m
[0;32mI (35765) forensics: [CALLBACK_HIST] fixture=2 class=true_steady lower_us=1780 n=10[0m
[0;32mI (35765) forensics: [CALLBACK_HIST] fixture=2 class=true_steady lower_us=1785 n=6[0m
[0;32mI (35775) forensics: [CALLBACK_HIST] fixture=2 class=true_steady lower_us=1790 n=12[0m
[0;32mI (35785) forensics: [CALLBACK_HIST] fixture=2 class=true_steady lower_us=1795 n=6[0m
[0;32mI (35795) forensics: [CALLBACK_HIST] fixture=2 class=true_steady lower_us=1800 n=3[0m
[0;32mI (35805) forensics: [CALLBACK_HIST] fixture=2 class=true_steady lower_us=1805 n=3[0m
[0;32mI (35815) forensics: [CALLBACK_HIST] fixture=2 class=true_steady lower_us=1810 n=6[0m
[0;32mI (35815) forensics: [CALLBACK_HIST] fixture=2 class=true_steady lower_us=1815 n=4[0m
[0;32mI (35825) forensics: [CALLBACK_HIST] fixture=2 class=true_steady lower_us=1820 n=5[0m
[0;32mI (35835) forensics: [CALLBACK_HIST] fixture=2 class=true_steady lower_us=1825 n=2[0m
[0;32mI (35845) forensics: [CALLBACK_HIST] fixture=2 class=true_steady lower_us=1830 n=7[0m
[0;32mI (35855) forensics: [CALLBACK_HIST] fixture=2 class=true_steady lower_us=1835 n=5[0m
[0;32mI (35865) forensics: [CALLBACK_HIST] fixture=2 class=true_steady lower_us=1840 n=4[0m
[0;32mI (35865) forensics: [CALLBACK_HIST] fixture=2 class=true_steady lower_us=1845 n=3[0m
[0;32mI (35875) forensics: [CALLBACK_HIST] fixture=2 class=true_steady lower_us=1850 n=3[0m
[0;32mI (35885) forensics: [CALLBACK_HIST] fixture=2 class=true_steady lower_us=1855 n=3[0m
[0;32mI (35895) forensics: [CALLBACK_HIST] fixture=2 class=true_steady lower_us=1860 n=2[0m
[0;32mI (35905) forensics: [CALLBACK_HIST] fixture=2 class=true_steady lower_us=1865 n=5[0m
[0;32mI (35915) forensics: [CALLBACK_HIST] fixture=2 class=true_steady lower_us=1870 n=3[0m
[0;32mI (35915) forensics: [CALLBACK_HIST] fixture=2 class=true_steady lower_us=1875 n=4[0m
[0;32mI (35925) forensics: [CALLBACK_HIST] fixture=2 class=true_steady lower_us=1880 n=3[0m
[0;32mI (35935) forensics: [CALLBACK_HIST] fixture=2 class=true_steady lower_us=1885 n=2[0m
[0;32mI (35945) forensics: [CALLBACK_HIST] fixture=2 class=true_steady lower_us=1890 n=2[0m
[0;32mI (35955) forensics: [CALLBACK_HIST] fixture=2 class=true_steady lower_us=1895 n=3[0m
[0;32mI (35955) forensics: [CALLBACK_HIST] fixture=2 class=true_steady lower_us=1900 n=3[0m
[0;32mI (35965) forensics: [CALLBACK_HIST] fixture=2 class=true_steady lower_us=1905 n=3[0m
[0;32mI (35975) forensics: [CALLBACK_HIST] fixture=2 class=true_steady lower_us=1910 n=3[0m
[0;32mI (35985) forensics: [CALLBACK_HIST] fixture=2 class=true_steady lower_us=1920 n=1[0m
[0;32mI (35995) forensics: [CALLBACK_HIST] fixture=2 class=true_steady lower_us=1925 n=2[0m
[0;32mI (36005) forensics: [CALLBACK_HIST] fixture=2 class=true_steady lower_us=1930 n=1[0m
[0;32mI (36005) forensics: [CALLBACK_HIST] fixture=2 class=true_steady lower_us=1935 n=3[0m
[0;32mI (36015) forensics: [CALLBACK_HIST] fixture=2 class=true_steady lower_us=1940 n=3[0m
[0;32mI (36025) forensics: [CALLBACK_HIST] fixture=2 class=true_steady lower_us=1945 n=1[0m
[0;32mI (36035) forensics: [CALLBACK_HIST] fixture=2 class=true_steady lower_us=1950 n=1[0m
[0;32mI (36045) forensics: [CALLBACK_HIST] fixture=2 class=true_steady lower_us=1955 n=1[0m
[0;32mI (36055) forensics: [CALLBACK_HIST] fixture=2 class=true_steady lower_us=1975 n=1[0m
[0;32mI (36055) forensics: [CALLBACK_HIST] fixture=2 class=true_steady lower_us=1990 n=1[0m
[0;32mI (36065) forensics: [CALLBACK_HIST] fixture=2 class=true_steady lower_us=2035 n=1[0m
[0;32mI (36075) forensics: [CALLBACK_HIST] fixture=2 class=true_steady lower_us=2050 n=1[0m
[0;32mI (36085) forensics: [CALLBACK_HIST] fixture=2 class=true_steady lower_us=2220 n=1[0m
[0;32mI (36095) forensics: [CURVE] model=PAN fixture=2 voices=8 class=attack_tail n=22 avg_us=2040.17 p95_us=2135 p99_us=2180 p995_us=2180 p999_us=2180 max_us=2178 deadline=0 bad_voices=0 ble_lost=0 hard=0 sat=0 bin_us=5 max_observed_voices=8[0m
[0;32mI (36115) forensics: [HIST] fixture=2 class=attack_tail lower_us=2000 n=1[0m
[0;32mI (36125) forensics: [HIST] fixture=2 class=attack_tail lower_us=2005 n=4[0m
[0;32mI (36125) forensics: [HIST] fixture=2 class=attack_tail lower_us=2010 n=3[0m
[0;32mI (36135) forensics: [HIST] fixture=2 class=attack_tail lower_us=2015 n=2[0m
[0;32mI (36145) forensics: [HIST] fixture=2 class=attack_tail lower_us=2020 n=5[0m
[0;32mI (36155) forensics: [HIST] fixture=2 class=attack_tail lower_us=2025 n=1[0m
[0;32mI (36155) forensics: [HIST] fixture=2 class=attack_tail lower_us=2055 n=1[0m
[0;32mI (36165) forensics: [HIST] fixture=2 class=attack_tail lower_us=2090 n=1[0m
[0;32mI (36175) forensics: [HIST] fixture=2 class=attack_tail lower_us=2095 n=2[0m
[0;32mI (36185) forensics: [HIST] fixture=2 class=attack_tail lower_us=2130 n=1[0m
[0;32mI (36185) forensics: [HIST] fixture=2 class=attack_tail lower_us=2175 n=1[0m
[0;32mI (36195) forensics: [CALLBACK_CURVE] model=PAN fixture=2 voices=8 class=attack_tail n=22 avg_us=2096.32 p95_us=2265 p99_us=2320 p995_us=2320 p999_us=2320 max_us=2317 deadline=0 overhead_avg_us=56.15[0m
[0;32mI (36215) forensics: [CALLBACK_HIST] fixture=2 class=attack_tail lower_us=2020 n=1[0m
[0;32mI (36225) forensics: [CALLBACK_HIST] fixture=2 class=attack_tail lower_us=2025 n=3[0m
[0;32mI (36235) forensics: [CALLBACK_HIST] fixture=2 class=attack_tail lower_us=2035 n=1[0m
[0;32mI (36235) forensics: [CALLBACK_HIST] fixture=2 class=attack_tail lower_us=2040 n=1[0m
[0;32mI (36245) forensics: [CALLBACK_HIST] fixture=2 class=attack_tail lower_us=2045 n=1[0m
[0;32mI (36255) forensics: [CALLBACK_HIST] fixture=2 class=attack_tail lower_us=2060 n=2[0m
[0;32mI (36265) forensics: [CALLBACK_HIST] fixture=2 class=attack_tail lower_us=2070 n=1[0m
[0;32mI (36275) forensics: [CALLBACK_HIST] fixture=2 class=attack_tail lower_us=2080 n=1[0m
[0;32mI (36275) forensics: [CALLBACK_HIST] fixture=2 class=attack_tail lower_us=2085 n=3[0m
[0;32mI (36285) forensics: [CALLBACK_HIST] fixture=2 class=attack_tail lower_us=2095 n=1[0m
[0;32mI (36295) forensics: [CALLBACK_HIST] fixture=2 class=attack_tail lower_us=2120 n=1[0m
[0;32mI (36305) forensics: [CALLBACK_HIST] fixture=2 class=attack_tail lower_us=2125 n=1[0m
[0;32mI (36315) forensics: [CALLBACK_HIST] fixture=2 class=attack_tail lower_us=2130 n=2[0m
[0;32mI (36325) forensics: [CALLBACK_HIST] fixture=2 class=attack_tail lower_us=2160 n=1[0m
[0;32mI (36325) forensics: [CALLBACK_HIST] fixture=2 class=attack_tail lower_us=2260 n=1[0m
[0;32mI (36335) forensics: [CALLBACK_HIST] fixture=2 class=attack_tail lower_us=2315 n=1[0m
[0;32mI (36345) forensics: [CURVE] model=PAN fixture=2 voices=8 class=event n=22 avg_us=2495.94 p95_us=2635 p99_us=2635 p995_us=2635 p999_us=2635 max_us=2634 deadline=0 bad_voices=0 ble_lost=0 hard=0 sat=0 bin_us=5 max_observed_voices=8[0m
[0;32mI (36365) forensics: [HIST] fixture=2 class=event lower_us=2410 n=1[0m
[0;32mI (36375) forensics: [HIST] fixture=2 class=event lower_us=2455 n=2[0m
[0;32mI (36385) forensics: [HIST] fixture=2 class=event lower_us=2460 n=3[0m
[0;32mI (36385) forensics: [HIST] fixture=2 class=event lower_us=2465 n=1[0m
[0;32mI (36395) forensics: [HIST] fixture=2 class=event lower_us=2470 n=1[0m
[0;32mI (36405) forensics: [HIST] fixture=2 class=event lower_us=2475 n=3[0m
[0;32mI (36405) forensics: [HIST] fixture=2 class=event lower_us=2480 n=1[0m
[0;32mI (36415) forensics: [HIST] fixture=2 class=event lower_us=2485 n=3[0m
[0;32mI (36425) forensics: [HIST] fixture=2 class=event lower_us=2495 n=3[0m
[0;32mI (36425) forensics: [HIST] fixture=2 class=event lower_us=2555 n=1[0m
[0;32mI (36435) forensics: [HIST] fixture=2 class=event lower_us=2585 n=1[0m
[0;32mI (36445) forensics: [HIST] fixture=2 class=event lower_us=2630 n=2[0m
[0;32mI (36455) forensics: [CALLBACK_CURVE] model=PAN fixture=2 voices=8 class=event n=22 avg_us=2589.68 p95_us=2740 p99_us=2750 p995_us=2750 p999_us=2750 max_us=2747 deadline=4 overhead_avg_us=93.74[0m
[0;32mI (36465) forensics: [CALLBACK_HIST] fixture=2 class=event lower_us=2455 n=1[0m
[0;32mI (36475) forensics: [CALLBACK_HIST] fixture=2 class=event lower_us=2540 n=2[0m
[0;32mI (36485) forensics: [CALLBACK_HIST] fixture=2 class=event lower_us=2545 n=3[0m
[0;32mI (36495) forensics: [CALLBACK_HIST] fixture=2 class=event lower_us=2555 n=2[0m
[0;32mI (36495) forensics: [CALLBACK_HIST] fixture=2 class=event lower_us=2565 n=1[0m
[0;32mI (36505) forensics: [CALLBACK_HIST] fixture=2 class=event lower_us=2570 n=3[0m
[0;32mI (36515) forensics: [CALLBACK_HIST] fixture=2 class=event lower_us=2575 n=1[0m
[0;32mI (36525) forensics: [CALLBACK_HIST] fixture=2 class=event lower_us=2580 n=1[0m
[0;32mI (36525) forensics: [CALLBACK_HIST] fixture=2 class=event lower_us=2585 n=3[0m
[0;32mI (36535) forensics: [CALLBACK_HIST] fixture=2 class=event lower_us=2595 n=1[0m
[0;32mI (36545) forensics: [CALLBACK_HIST] fixture=2 class=event lower_us=2685 n=1[0m
[0;32mI (36555) forensics: [CALLBACK_HIST] fixture=2 class=event lower_us=2700 n=1[0m
[0;32mI (36565) forensics: [CALLBACK_HIST] fixture=2 class=event lower_us=2735 n=1[0m
[0;32mI (36565) forensics: [CALLBACK_HIST] fixture=2 class=event lower_us=2745 n=1[0m
[0;32mI (36575) forensics: [CURVE] model=PAN fixture=2 voices=8 class=fixture_transition n=1 avg_us=606.45 p95_us=610 p99_us=610 p995_us=610 p999_us=610 max_us=607 deadline=0 bad_voices=0 ble_lost=0 hard=0 sat=0 bin_us=5 max_observed_voices=8[0m
[0;32mI (36595) forensics: [HIST] fixture=2 class=fixture_transition lower_us=605 n=1[0m
[0;32mI (36605) forensics: [CALLBACK_CURVE] model=PAN fixture=2 voices=8 class=fixture_transition n=1 avg_us=624.00 p95_us=625 p99_us=625 p995_us=625 p999_us=625 max_us=624 deadline=0 overhead_avg_us=17.55[0m
[0;32mI (36625) forensics: [CALLBACK_HIST] fixture=2 class=fixture_transition lower_us=620 n=1[0m
[0;32mI (36635) forensics: [FASTPATH] fixture=2 stable8=145 attack=16[0m
[0;32mI (36635) forensics: [OVERHEAD] fixture=2 blocks=4096 model_reset_avg_us=1.88 model_reset_max_us=15 queue_avg_us=1.89 queue_max_us=23 render_avg_us=1673.47 telem_avg_us=5.76 telem_max_us=121 telem_publishes=512[0m
[0;32mI (36685) pocket_pan_main: [AUDIO] model=PAN blocks=13412 avg_us=12 p99_us=2025 max_us=2747 cpu_load=0.4 deadline=4 timeout=0 tx_error=0 short=0[0m
[0;32mI (36685) pocket_pan_main: [MIDI] push=0 pop=0 drop=0 hwm=0 last=(n=62 v=0 t=78 hex=000000)[0m
[0;32mI (36695) pocket_pan_main: [BLE] state=8 interval_ms=11.25 latency=0 rssi=-60 reconnects=0 last_disconnect=0[0m
[0;32mI (36705) pocket_pan_main: [MEM] internal_free=57607 largest_internal=31744[0m
[0;32mI (36715) pocket_pan_main: [UIREDRAW] urgent=9 telemetry=144 skip=863[0m
[0;32mI (41705) pocket_pan_main: [AUDIO] model=PAN blocks=15293 avg_us=11 p99_us=50 max_us=2747 cpu_load=0.4 deadline=4 timeout=0 tx_error=0 short=0[0m
[0;32mI (41705) pocket_pan_main: [MIDI] push=0 pop=0 drop=0 hwm=0 last=(n=62 v=0 t=78 hex=000000)[0m
[0;32mI (41715) pocket_pan_main: [BLE] state=8 interval_ms=11.25 latency=0 rssi=-58 reconnects=0 last_disconnect=0[0m
[0;32mI (41725) pocket_pan_main: [MEM] internal_free=57607 largest_internal=31744[0m
[0;32mI (41735) pocket_pan_main: [UIREDRAW] urgent=9 telemetry=160 skip=1013[0m
