[0;32mI (124) esp_image: segment 1: paddr=00030dcc vaddr=3fca35ESP-ROM:esp32s3-20210327
Build:Mar 27 2021
rst:0x15 (USB_UART_CHIP_RESET),boot:0x8 (SPI_FAST_FLASH_BOOT)
Saved PC:0x4200a1ef
SPIWP:0xee
mode:DIO, clock div:1
load:0x3fce2810,len:0x178c
load:0x403c8700,len:0x4
load:0x403c8704,len:0xcb8
load:0x403cb700,len:0x2db0
entry 0x403c8914
[0;32mI (26) boot: ESP-IDF v5.3-dirty 2nd stage bootloader[0m
[0;32mI (27) boot: compile time Oct  1 2026 19:28:03[0m
[0;32mI (27) boot: Multicore bootloader[0m
[0;32mI (30) boot: chip revision: v0.2[0m
[0;32mI (34) boot.esp32s3: Boot SPI Speed : 80MHz[0m
[0;32mI (39) boot.esp32s3: SPI Mode       : DIO[0m
[0;32mI (43) boot.esp32s3: SPI Flash Size : 4MB[0m
[0;32mI (48) boot: Enabling RNG early entropy source...[0m
[0;32mI (54) boot: Partition Table:[0m
[0;32mI (57) boot: ## Label            Usage          Type ST Offset   Length[0m
[0;32mI (64) boot:  0 nvs              WiFi data        01 02 00009000 00006000[0m
[0;32mI (72) boot:  1 phy_init         RF data          01 01 0000f000 00001000[0m
[0;32mI (79) boot:  2 factory          factory app      00 00 00010000 00100000[0m
[0;32mI (87) boot: End of partition table[0m
[0;32mI (91) esp_image: segment 0: paddr=00010020 vaddr=3c070020 size=20da4h (134564) map[0m
[0;32mI (124) esp_image: segment 1: paddr=00030dcc vaddr=3fca3500 size=04500h ( 17664) load[0m
[0;32mI (128) esp_image: segment 2: paddr=000352d4 vaddr=40374000 size=0ad44h ( 44356) load[0m
[0;32mI (139) esp_image: segment 3: paddr=00040020 vaddr=42000020 size=6682ch (419884) map[0m
[0;32mI (215) esp_image: segment 4: paddr=000a6854 vaddr=4037ed44 size=146dch ( 83676) load[0m
[0;32mI (246) boot: Loaded app from partition at offset 0x10000[0m
[0;32mI (246) boot: Disabling RNG early entropy source...[0m
[0;32mI (258) esp_psram: Found 2MB PSRAM device[0m
[0;32mI (258) esp_psram: Speed: 40MHz[0m
[0;32mI (259) cpu_start: Multicore app[0m
[0;32mI (678) esp_psram: SPI SRAM memory test OK[0m
[0;32mI (687) cpu_start: Pro cpu start user code[0m
[0;32mI (687) cpu_start: cpu freq: 240000000 Hz[0m
[0;32mI (688) app_init: Application information:[0m
[0;32mI (690) app_init: Project name:     pocket_pan[0m
[0;32mI (695) app_init: App version:      b6454c6-dirty[0m
[0;32mI (701) app_init: Compile time:     Oct  1 2026 19:24:02[0m
[0;32mI (707) app_init: ELF file SHA256:  0011cd8c3...[0m
[0;32mI (712) app_init: ESP-IDF:          v5.3-dirty[0m
[0;32mI (717) efuse_init: Min chip rev:     v0.0[0m
[0;32mI (722) efuse_init: Max chip rev:     v0.99 [0m
[0;32mI (727) efuse_init: Chip rev:         v0.2[0m
[0;32mI (732) heap_init: Initializing. RAM available for dynamic allocation:[0m
[0;32mI (739) heap_init: At 3FCCE608 len 0001B108 (108 KiB): RAM[0m
[0;32mI (745) heap_init: At 3FCE9710 len 00005724 (21 KiB): RAM[0m
[0;32mI (751) heap_init: At 3FCF0000 len 00008000 (32 KiB): DRAM[0m
[0;32mI (757) heap_init: At 600FE100 len 00001EE8 (7 KiB): RTCRAM[0m
[0;32mI (764) esp_psram: Adding pool of 2048K of PSRAM memory to heap allocator[0m
[0;32mI (772) spi_flash: detected chip: generic[0m
[0;32mI (776) spi_flash: flash io: dio[0m
[0;32mI (780) sleep: Configure to isolate all GPIO pins in sleep state[0m
[0;32mI (787) sleep: Enable automatic switching of GPIO sleep configuration[0m
[0;32mI (794) coexist: coex firmware version: dab85ae96[0m
[0;32mI (799) coexist: coexist rom version e7ae62f[0m
[0;32mI (804) main_task: Started on CPU0[0m
[0;32mI (814) esp_psram: Reserving pool of 32K of internal memory for DMA/internal allocations[0m
[0;32mI (814) main_task: Calling app_main()[0m
[0;32mI (824) pocket_pan_main: [MEM_STAGE] stage=entry internal_free=147379 largest_internal=53248 psram_free=2094528[0m
[0;32mI (834) pocket_pan_main: ===============================================[0m
[0;32mI (844) pocket_pan_main:   Pocket Pan / Metal Modal Synthesizer v1.0.0[0m
[0;32mI (844) pocket_pan_main:   Hardware: TENSTAR TS-ESP32-S3 (Feather TFT)[0m
[0;32mI (854) pocket_pan_main: ===============================================[0m
[0;32mI (864) pocket_pan_main: [FORENSICS] candidate=25 profile=0 cpu_mhz=240 optimization_perf=1 process6=1 fine_bins=5 critical_only=0[0m
[0;32mI (894) pocket_pan_main: [MEM_STAGE] stage=dsp_ready internal_free=147379 largest_internal=53248 psram_free=2094528[0m
[0;32mI (894) gpio: GPIO[10]| InputEn: 0| OutputEn: 1| OpenDrain: 0| Pullup: 0| Pulldown: 1| Intr:0 [0m
[0;32mI (904) AudioI2S: I2S TX initialized (48kHz, 32-bit slot, stereo, 6x128 frames DMA = 1024 bytes/buf)[0m
[0;32mI (914) AudioI2S: Audio task started on Core 0 at priority 12[0m
[0;32mI (924) pocket_pan_main: [MEM_STAGE] stage=i2s_ready internal_free=132647 largest_internal=38912 psram_free=2094528[0m
[0;32mI (934) Display: [DISP_MEM_PRE] before: int_free=132647 int_largest=38912 psram_free=2094528[0m
[0;33mW (944) Display: Internal SRAM (64800 B) exhausted; falling back to PSRAM[0m
[0;32mI (954) Display: [DISP_MEM] framebuffer=0x3c0a0a44 (size=64800, align=4, internal=0, dma=0, psram=1)[0m
[0;32mI (964) Display: [DISP_MEM] scratch=0x3fcdfcdc (size=9600, align=12, internal=1, dma=1)[0m
[0;32mI (964) Display: [DISP_MEM] before: int_free=132647 int_largest=38912 psram_free=2094528[0m
[0;32mI (974) Display: [DISP_MEM] after:  int_free=123043 int_largest=31744 psram_free=2029724[0m
[0;32mI (984) gpio: GPIO[39]| InputEn: 0| OutputEn: 1| OpenDrain: 0| Pullup: 0| Pulldown: 0| Intr:0 [0m
[0;32mI (994) gpio: GPIO[40]| InputEn: 0| OutputEn: 1| OpenDrain: 0| Pullup: 0| Pulldown: 0| Intr:0 [0m
[0;32mI (1004) gpio: GPIO[21]| InputEn: 0| OutputEn: 1| OpenDrain: 0| Pullup: 0| Pulldown: 0| Intr:0 [0m
[0;32mI (1234) gpio: GPIO[45]| InputEn: 0| OutputEn: 1| OpenDrain: 0| Pullup: 0| Pulldown: 0| Intr:0 [0m
[0;31mE (1234) lcd_panel.io.spi: panel_io_spi_tx_color(390): spi transmit (queue) color failed[0m
[0;31mE (1234) lcd_panel.st7789: panel_st7789_draw_bitmap(223): io tx color failed[0m
[0;32mI (1244) Display: ST7789 240x135 display initialized successfully (SPI 40MHz, GDMA callback armed)[0m
[0;32mI (1254) pocket_pan_main: [CANARY] PreparedNote canaries OK=1[0m
[0;32mI (1264) pocket_pan_main: [MEM_STAGE] stage=display_ready internal_free=120679 largest_internal=31744 psram_free=2029724[0m
[0;32mI (1274) BLE_INIT: BT controller compile version [ba3b3e3][0m
[0;32mI (1284) BLE_INIT: Bluetooth MAC: b4:3a:45:ae:6f:2a[0m
[0;32mI (1284) phy_init: phy_version 680,a6008b2,Jun  4 2024,16:41:10[0m
[0;32mI (1324) BleMidi: NimBLE Host task running on Core 1[0m
[0;32mI (1324) BleMidi: NimBLE BLE MIDI Central initialized and pinned to Core 1[0m
[0;32mI (1324) pocket_pan_main: [MEM_STAGE] stage=ble_ready internal_free=60359 largest_internal=31744 psram_free=2029724[0m
[0;32mI (1334) NimBLE: Failed to restore IRKs from store; status=8
[0m
[0;32mI (1344) pocket_pan_main: [M75_MEMORY] table_bytes=9640 cache_bytes=60552 synth_bytes=81632 internal_free=60359 largest_internal=31744[0m
[0;32mI (1344) NimBLE: GAP procedure initiated: discovery; [0m
[0;32mI (1354) pocket_pan_main: [UDU_CACHE] compact_bytes=5928 modal_models=9[0m
[0;32mI (1364) NimBLE: own_addr_type=0 filter_policy=0 passive=0 limited=0 filter_duplicates=1 [0m
[0;32mI (1374) pocket_pan_main: [CACHE_LAYOUT] packed=1 storage_bytes=60552 note_scratch_bytes=132[0m
[0;32mI (1384) NimBLE: duration=forever[0m
[0;32mI (1394) pocket_pan_main: [UDU_STATE] voice_bytes=124 fixed_reference=0[0m
[0;32mI (1394) NimBLE: 
[0m
[0;32mI (1404) pocket_pan_main: [MEM_STAGE] stage=ui_ready internal_free=55915 largest_internal=31744 psram_free=2029724[0m
[0;32mI (1404) BleMidi: Scanning for BLE MIDI devices...[0m
[0;32mI (1404) gpio: GPIO[0]| InputEn: 1| OutputEn: 0| OpenDrain: 0| Pullup: 1| Pulldown: 0| Intr:0 [0m
[0;32mI (1414) pocket_pan_main: Pocket Pan initialization complete. Realtime audio active.[0m
[0;32mI (1434) main_task: Returned from app_main()[0m
[0;31mE (1444) lcd_panel.io.spi: panel_io_spi_tx_color(390): spi transmit (queue) color failed[0m
[0;31mE (1454) lcd_panel.st7789: panel_st7789_draw_bitmap(223): io tx color failed[0m
[0;31mE (1464) lcd_panel.io.spi: panel_io_spi_tx_color(390): spi transmit (queue) color failed[0m
[0;31mE (1464) lcd_panel.st7789: panel_st7789_draw_bitmap(223): io tx color failed[0m
[0;32mI (1514) BleMidi: BLE MIDI device found (59:FB:B6:B7:BF:0F); connecting[0m
[0;32mI (1514) NimBLE: GAP procedure initiated: connect; [0m
[0;32mI (1514) NimBLE: peer_addr_type=0 peer_addr=[0m
[0;32mI (1514) NimBLE: 59:fb:b6:b7:bf:0f[0m
[0;32mI (1524) NimBLE:  scan_itvl=16 scan_window=16 itvl_min=24 itvl_max=40 latency=0 supervision_timeout=256 min_ce_len=0 max_ce_len=0 own_addr_type=0[0m
[0;32mI (1534) NimBLE: 
[0m
[0;31mE (1544) lcd_panel.io.spi: panel_io_spi_tx_color(390): spi transmit (queue) color failed[0m
[0;31mE (1544) lcd_panel.st7789: panel_st7789_draw_bitmap(223): io tx color failed[0m
[0;32mI (1614) BleMidi: BLE Connected! conn_handle=1[0m
[0;32mI (1614) NimBLE: GAP procedure initiated: [0m
[0;32mI (1624) NimBLE: connection parameter update; conn_handle=1 itvl_min=6 itvl_max=12 latency=0 supervision_timeout=200 min_ce_len=0 max_ce_len=0[0m
[0;32mI (1634) NimBLE: 
[0m
[0;32mI (1634) BleMidi: Requested connection params 7.5-15ms latency=0 timeout=2s rc=0[0m
[0;32mI (1644) NimBLE: GATT procedure initiated: discover all services
[0m
[0;32mI (1934) BleMidi: Found BLE MIDI Service! start_handle=112 end_handle=115[0m
[0;32mI (1934) NimBLE: GATT procedure initiated: discover all characteristics; [0m
[0;32mI (1934) NimBLE: start_handle=112 end_handle=115
[0m
[0;32mI (2084) BleMidi: Found BLE MIDI Characteristic! def_handle=113 val_handle=114 props=0x16[0m
[0;32mI (2084) NimBLE: GATT procedure initiated: discover all descriptors; [0m
[0;32mI (2084) NimBLE: chr_val_handle=114 end_handle=115
[0m
[0;32mI (2184) BleMidi: Negotiated params interval=7.50ms latency=0 timeout=2000ms[0m
[0;32mI (2194) BleMidi: Discovered CCCD (0x2902) handle=115[0m
[0;32mI (2194) NimBLE: GATT procedure initiated: write; [0m
[0;32mI (2194) NimBLE: att_handle=115 len=2
[0m
[0;32mI (2214) BleMidi: CCCD subscription successful; BLE MIDI ready[0m
[0;32mI (2214) NimBLE: GAP procedure initiated: [0m
[0;32mI (2214) NimBLE: connection parameter update; conn_handle=1 itvl_min=6 itvl_max=9 latency=0 supervision_timeout=100 min_ce_len=0 max_ce_len=0[0m
[0;32mI (2224) NimBLE: 
[0m
[0;32mI (2304) BleMidi: Negotiated params interval=11.25ms latency=0 timeout=1000ms[0m
[0;32mI (5804) pocket_pan_main: [AUDIO] model=PAN blocks=1831 avg_us=509 p99_us=0 max_us=1106 cpu_load=19.1 deadline=0 timeout=0 tx_error=0 short=0[0m
[0;32mI (5804) pocket_pan_main: [MIDI] push=0 pop=0 drop=0 hwm=0 last=(n=62 v=0 t=78 hex=000000)[0m
[0;32mI (5814) pocket_pan_main: [BLE] state=8 interval_ms=11.25 latency=0 rssi=-59 reconnects=0 last_disconnect=0[0m
[0;32mI (5824) pocket_pan_main: [MEM] internal_free=60679 largest_internal=31744[0m
[0;32mI (5834) pocket_pan_main: [UIREDRAW] urgent=7 telemetry=18 skip=119[0m
[0;32mI (10824) pocket_pan_main: [AUDIO] model=PAN blocks=3713 avg_us=515 p99_us=700 max_us=1106 cpu_load=19.3 deadline=0 timeout=0 tx_error=0 short=0[0m
[0;32mI (10824) pocket_pan_main: [MIDI] push=0 pop=0 drop=0 hwm=0 last=(n=62 v=0 t=78 hex=000000)[0m
[0;32mI (10834) pocket_pan_main: [BLE] state=8 interval_ms=11.25 latency=0 rssi=-60 reconnects=0 last_disconnect=0[0m
[0;32mI (10844) pocket_pan_main: [MEM] internal_free=60679 largest_internal=31744[0m
[0;32mI (10854) pocket_pan_main: [UIREDRAW] urgent=7 telemetry=42 skip=261[0m
[0;32mI (13164) forensics: [SAFETY] fixture=0 hard=0 sat=0 nonfinite=0 ble_lost=0[0m
[0;32mI (13164) forensics: [EVENT_ONLY] fixture=0 n=22 avg_us=328.71 max_us=345[0m
[0;32mI (13164) forensics: [FIXTURE_IO] model=PAN fixture=0 avg_us=516 p99_us=700 max_us=1106 cpu_pct=19.35 deadline=0 timeouts=0 tx_errors=0 short_writes=0[0m
[0;32mI (13184) forensics: [CURVE] model=PAN fixture=0 voices=1 class=true_steady n=4051 avg_us=502.97 p95_us=550 p99_us=660 p995_us=670 p999_us=695 max_us=806 deadline=0 bad_voices=0 ble_lost=0 hard=0 sat=0 bin_us=5 max_observed_voices=1[0m
[0;32mI (13204) forensics: [HIST] fixture=0 class=true_steady lower_us=490 n=2827[0m
[0;32mI (13204) forensics: [HIST] fixture=0 class=true_steady lower_us=495 n=402[0m
[0;32mI (13214) forensics: [HIST] fixture=0 class=true_steady lower_us=500 n=423[0m
[0;32mI (13224) forensics: [HIST] fixture=0 class=true_steady lower_us=505 n=113[0m
[0;32mI (13234) forensics: [HIST] fixture=0 class=true_steady lower_us=510 n=21[0m
[0;32mI (13234) forensics: [HIST] fixture=0 class=true_steady lower_us=515 n=10[0m
[0;32mI (13244) forensics: [HIST] fixture=0 class=true_steady lower_us=520 n=8[0m
[0;32mI (13254) forensics: [HIST] fixture=0 class=true_steady lower_us=525 n=9[0m
[0;32mI (13264) forensics: [HIST] fixture=0 class=true_steady lower_us=530 n=8[0m
[0;32mI (13264) forensics: [HIST] fixture=0 class=true_steady lower_us=535 n=9[0m
[0;32mI (13274) forensics: [HIST] fixture=0 class=true_steady lower_us=540 n=13[0m
[0;32mI (13284) forensics: [HIST] fixture=0 class=true_steady lower_us=545 n=15[0m
[0;32mI (13294) forensics: [HIST] fixture=0 class=true_steady lower_us=550 n=2[0m
[0;32mI (13294) forensics: [HIST] fixture=0 class=true_steady lower_us=555 n=1[0m
[0;32mI (13304) forensics: [HIST] fixture=0 class=true_steady lower_us=560 n=4[0m
[0;32mI (13314) forensics: [HIST] fixture=0 class=true_steady lower_us=565 n=2[0m
[0;32mI (13324) forensics: [HIST] fixture=0 class=true_steady lower_us=570 n=1[0m
[0;32mI (13324) forensics: [HIST] fixture=0 class=true_steady lower_us=580 n=1[0m
[0;32mI (13334) forensics: [HIST] fixture=0 class=true_steady lower_us=595 n=1[0m
[0;32mI (13344) forensics: [HIST] fixture=0 class=true_steady lower_us=645 n=96[0m
[0;32mI (13354) forensics: [HIST] fixture=0 class=true_steady lower_us=650 n=37[0m
[0;32mI (13354) forensics: [HIST] fixture=0 class=true_steady lower_us=655 n=22[0m
[0;32mI (13364) forensics: [HIST] fixture=0 class=true_steady lower_us=660 n=5[0m
[0;32mI (13374) forensics: [HIST] fixture=0 class=true_steady lower_us=665 n=7[0m
[0;32mI (13384) forensics: [HIST] fixture=0 class=true_steady lower_us=670 n=5[0m
[0;32mI (13384) forensics: [HIST] fixture=0 class=true_steady lower_us=680 n=3[0m
[0;32mI (13394) forensics: [HIST] fixture=0 class=true_steady lower_us=690 n=2[0m
[0;32mI (13404) forensics: [HIST] fixture=0 class=true_steady lower_us=710 n=1[0m
[0;32mI (13414) forensics: [HIST] fixture=0 class=true_steady lower_us=730 n=1[0m
[0;32mI (13414) forensics: [HIST] fixture=0 class=true_steady lower_us=760 n=1[0m
[0;32mI (13424) forensics: [HIST] fixture=0 class=true_steady lower_us=805 n=1[0m
[0;32mI (13434) forensics: [CALLBACK_CURVE] model=PAN fixture=0 voices=1 class=true_steady n=4050 avg_us=517.84 p95_us=635 p99_us=685 p995_us=705 p999_us=760 max_us=893 deadline=0 overhead_avg_us=14.86[0m
[0;32mI (13454) forensics: [CALLBACK_HIST] fixture=0 class=true_steady lower_us=500 n=2556[0m
[0;32mI (13454) forensics: [CALLBACK_HIST] fixture=0 class=true_steady lower_us=505 n=429[0m
[0;32mI (13464) forensics: [CALLBACK_HIST] fixture=0 class=true_steady lower_us=510 n=125[0m
[0;32mI (13474) forensics: [CALLBACK_HIST] fixture=0 class=true_steady lower_us=515 n=80[0m
[0;32mI (13484) forensics: [CALLBACK_HIST] fixture=0 class=true_steady lower_us=520 n=101[0m
[0;32mI (13494) forensics: [CALLBACK_HIST] fixture=0 class=true_steady lower_us=525 n=110[0m
[0;32mI (13504) forensics: [CALLBACK_HIST] fixture=0 class=true_steady lower_us=530 n=195[0m
[0;32mI (13504) forensics: [CALLBACK_HIST] fixture=0 class=true_steady lower_us=535 n=47[0m
[0;32mI (13514) forensics: [CALLBACK_HIST] fixture=0 class=true_steady lower_us=540 n=31[0m
[0;32mI (13524) forensics: [CALLBACK_HIST] fixture=0 class=true_steady lower_us=545 n=39[0m
[0;32mI (13534) forensics: [CALLBACK_HIST] fixture=0 class=true_steady lower_us=550 n=31[0m
[0;32mI (13544) forensics: [CALLBACK_HIST] fixture=0 class=true_steady lower_us=555 n=23[0m
[0;32mI (13544) forensics: [CALLBACK_HIST] fixture=0 class=true_steady lower_us=560 n=14[0m
[0;32mI (13554) forensics: [CALLBACK_HIST] fixture=0 class=true_steady lower_us=565 n=7[0m
[0;32mI (13564) forensics: [CALLBACK_HIST] fixture=0 class=true_steady lower_us=570 n=11[0m
[0;32mI (13574) forensics: [CALLBACK_HIST] fixture=0 class=true_steady lower_us=575 n=10[0m
[0;32mI (13584) forensics: [CALLBACK_HIST] fixture=0 class=true_steady lower_us=580 n=3[0m
[0;32mI (13594) forensics: [CALLBACK_HIST] fixture=0 class=true_steady lower_us=585 n=3[0m
[0;32mI (13594) forensics: [CALLBACK_HIST] fixture=0 class=true_steady lower_us=590 n=1[0m
[0;32mI (13604) forensics: [CALLBACK_HIST] fixture=0 class=true_steady lower_us=595 n=2[0m
[0;32mI (13614) forensics: [CALLBACK_HIST] fixture=0 class=true_steady lower_us=605 n=6[0m
[0;32mI (13624) forensics: [CALLBACK_HIST] fixture=0 class=true_steady lower_us=610 n=5[0m
[0;32mI (13634) forensics: [CALLBACK_HIST] fixture=0 class=true_steady lower_us=615 n=6[0m
[0;32mI (13634) forensics: [CALLBACK_HIST] fixture=0 class=true_steady lower_us=620 n=5[0m
[0;32mI (13644) forensics: [CALLBACK_HIST] fixture=0 class=true_steady lower_us=625 n=6[0m
[0;32mI (13654) forensics: [CALLBACK_HIST] fixture=0 class=true_steady lower_us=630 n=5[0m
[0;32mI (13664) forensics: [CALLBACK_HIST] fixture=0 class=true_steady lower_us=635 n=5[0m
[0;32mI (13674) forensics: [CALLBACK_HIST] fixture=0 class=true_steady lower_us=650 n=3[0m
[0;32mI (13684) forensics: [CALLBACK_HIST] fixture=0 class=true_steady lower_us=655 n=94[0m
[0;32mI (13684) forensics: [CALLBACK_HIST] fixture=0 class=true_steady lower_us=660 n=36[0m
[0;32mI (13694) forensics: [CALLBACK_HIST] fixture=0 class=true_steady lower_us=665 n=7[0m
[0;32mI (13704) forensics: [CALLBACK_HIST] fixture=0 class=true_steady lower_us=670 n=4[0m
[0;32mI (13714) forensics: [CALLBACK_HIST] fixture=0 class=true_steady lower_us=675 n=8[0m
[0;32mI (13724) forensics: [CALLBACK_HIST] fixture=0 class=true_steady lower_us=680 n=5[0m
[0;32mI (13724) forensics: [CALLBACK_HIST] fixture=0 class=true_steady lower_us=685 n=4[0m
[0;32mI (13734) forensics: [CALLBACK_HIST] fixture=0 class=true_steady lower_us=690 n=9[0m
[0;32mI (13744) forensics: [CALLBACK_HIST] fixture=0 class=true_steady lower_us=695 n=3[0m
[0;32mI (13754) forensics: [CALLBACK_HIST] fixture=0 class=true_steady lower_us=700 n=4[0m
[0;32mI (13764) forensics: [CALLBACK_HIST] fixture=0 class=true_steady lower_us=705 n=3[0m
[0;32mI (13774) forensics: [CALLBACK_HIST] fixture=0 class=true_steady lower_us=710 n=1[0m
[0;32mI (13774) forensics: [CALLBACK_HIST] fixture=0 class=true_steady lower_us=715 n=1[0m
[0;32mI (13784) forensics: [CALLBACK_HIST] fixture=0 class=true_steady lower_us=720 n=3[0m
[0;32mI (13794) forensics: [CALLBACK_HIST] fixture=0 class=true_steady lower_us=725 n=1[0m
[0;32mI (13804) forensics: [CALLBACK_HIST] fixture=0 class=true_steady lower_us=730 n=1[0m
[0;32mI (13814) forensics: [CALLBACK_HIST] fixture=0 class=true_steady lower_us=735 n=1[0m
[0;32mI (13814) forensics: [CALLBACK_HIST] fixture=0 class=true_steady lower_us=745 n=1[0m
[0;32mI (13824) forensics: [CALLBACK_HIST] fixture=0 class=true_steady lower_us=755 n=1[0m
[0;32mI (13834) forensics: [CALLBACK_HIST] fixture=0 class=true_steady lower_us=815 n=1[0m
[0;32mI (13844) forensics: [CALLBACK_HIST] fixture=0 class=true_steady lower_us=835 n=1[0m
[0;32mI (13854) forensics: [CALLBACK_HIST] fixture=0 class=true_steady lower_us=885 n=1[0m
[0;32mI (13864) forensics: [CALLBACK_HIST] fixture=0 class=true_steady lower_us=890 n=1[0m
[0;32mI (13864) forensics: [CURVE] model=PAN fixture=0 voices=1 class=attack_tail n=22 avg_us=575.68 p95_us=620 p99_us=625 p995_us=625 p999_us=625 max_us=620 deadline=0 bad_voices=0 ble_lost=0 hard=0 sat=0 bin_us=5 max_observed_voices=1[0m
[0;32mI (13884) forensics: [HIST] fixture=0 class=attack_tail lower_us=550 n=1[0m
[0;32mI (13894) forensics: [HIST] fixture=0 class=attack_tail lower_us=560 n=2[0m
[0;32mI (13904) forensics: [HIST] fixture=0 class=attack_tail lower_us=565 n=4[0m
[0;32mI (13914) forensics: [HIST] fixture=0 class=attack_tail lower_us=570 n=7[0m
[0;32mI (13914) forensics: [HIST] fixture=0 class=attack_tail lower_us=575 n=4[0m
[0;32mI (13924) forensics: [HIST] fixture=0 class=attack_tail lower_us=580 n=1[0m
[0;32mI (13934) forensics: [HIST] fixture=0 class=attack_tail lower_us=605 n=1[0m
[0;32mI (13944) forensics: [HIST] fixture=0 class=attack_tail lower_us=615 n=1[0m
[0;32mI (13944) forensics: [HIST] fixture=0 class=attack_tail lower_us=620 n=1[0m
[0;32mI (13954) forensics: [CALLBACK_CURVE] model=PAN fixture=0 voices=1 class=attack_tail n=22 avg_us=625.18 p95_us=725 p99_us=730 p995_us=730 p999_us=730 max_us=729 deadline=0 overhead_avg_us=49.50[0m
[0;32mI (13974) forensics: [CALLBACK_HIST] fixture=0 class=attack_tail lower_us=590 n=1[0m
[0;32mI (13984) forensics: [CALLBACK_HIST] fixture=0 class=attack_tail lower_us=600 n=5[0m
[0;32mI (13994) forensics: [CALLBACK_HIST] fixture=0 class=attack_tail lower_us=605 n=4[0m
[0;32mI (13994) forensics: [CALLBACK_HIST] fixture=0 class=attack_tail lower_us=610 n=2[0m
[0;32mI (14004) forensics: [CALLBACK_HIST] fixture=0 class=attack_tail lower_us=615 n=4[0m
[0;32mI (14014) forensics: [CALLBACK_HIST] fixture=0 class=attack_tail lower_us=620 n=2[0m
[0;32mI (14024) forensics: [CALLBACK_HIST] fixture=0 class=attack_tail lower_us=625 n=1[0m
[0;32mI (14034) forensics: [CALLBACK_HIST] fixture=0 class=attack_tail lower_us=705 n=1[0m
[0;32mI (14034) forensics: [CALLBACK_HIST] fixture=0 class=attack_tail lower_us=720 n=1[0m
[0;32mI (14044) forensics: [CALLBACK_HIST] fixture=0 class=attack_tail lower_us=725 n=1[0m
[0;32mI (14054) forensics: [CURVE] model=PAN fixture=0 voices=1 class=event n=22 avg_us=944.87 p95_us=965 p99_us=975 p995_us=975 p999_us=975 max_us=970 deadline=0 bad_voices=0 ble_lost=0 hard=0 sat=0 bin_us=5 max_observed_voices=1[0m
[0;32mI (14074) forensics: [HIST] fixture=0 class=event lower_us=905 n=1[0m
[0;32mI (14084) forensics: [HIST] fixture=0 class=event lower_us=920 n=1[0m
[0;32mI (14084) forensics: [HIST] fixture=0 class=event lower_us=925 n=1[0m
[0;32mI (14094) forensics: [HIST] fixture=0 class=event lower_us=930 n=2[0m
[0;32mI (14104) forensics: [HIST] fixture=0 class=event lower_us=935 n=2[0m
[0;32mI (14114) forensics: [HIST] fixture=0 class=event lower_us=940 n=1[0m
[0;32mI (14114) forensics: [HIST] fixture=0 class=event lower_us=945 n=2[0m
[0;32mI (14124) forensics: [HIST] fixture=0 class=event lower_us=950 n=7[0m
[0;32mI (14134) forensics: [HIST] fixture=0 class=event lower_us=955 n=3[0m
[0;32mI (14134) forensics: [HIST] fixture=0 class=event lower_us=960 n=1[0m
[0;32mI (14144) forensics: [HIST] fixture=0 class=event lower_us=970 n=1[0m
[0;32mI (14154) forensics: [CALLBACK_CURVE] model=PAN fixture=0 voices=1 class=event n=22 avg_us=1063.64 p95_us=1110 p99_us=1110 p995_us=1110 p999_us=1110 max_us=1106 deadline=0 overhead_avg_us=118.77[0m
[0;32mI (14164) forensics: [CALLBACK_HIST] fixture=0 class=event lower_us=995 n=1[0m
[0;32mI (14174) forensics: [CALLBACK_HIST] fixture=0 class=event lower_us=1045 n=3[0m
[0;32mI (14184) forensics: [CALLBACK_HIST] fixture=0 class=event lower_us=1050 n=2[0m
[0;32mI (14194) forensics: [CALLBACK_HIST] fixture=0 class=event lower_us=1055 n=3[0m
[0;32mI (14204) forensics: [CALLBACK_HIST] fixture=0 class=event lower_us=1060 n=3[0m
[0;32mI (14204) forensics: [CALLBACK_HIST] fixture=0 class=event lower_us=1065 n=3[0m
[0;32mI (14214) forensics: [CALLBACK_HIST] fixture=0 class=event lower_us=1070 n=1[0m
[0;32mI (14224) forensics: [CALLBACK_HIST] fixture=0 class=event lower_us=1075 n=2[0m
[0;32mI (14234) forensics: [CALLBACK_HIST] fixture=0 class=event lower_us=1080 n=2[0m
[0;32mI (14234) forensics: [CALLBACK_HIST] fixture=0 class=event lower_us=1105 n=2[0m
[0;32mI (14244) forensics: [CURVE] model=PAN fixture=0 voices=1 class=fixture_transition n=1 avg_us=795.34 p95_us=800 p99_us=800 p995_us=800 p999_us=800 max_us=796 deadline=0 bad_voices=0 ble_lost=0 hard=0 sat=0 bin_us=5 max_observed_voices=1[0m
[0;32mI (14264) forensics: [HIST] fixture=0 class=fixture_transition lower_us=795 n=1[0m
[0;32mI (14274) forensics: [CALLBACK_CURVE] model=PAN fixture=0 voices=1 class=fixture_transition n=1 avg_us=919.00 p95_us=920 p99_us=920 p995_us=920 p999_us=920 max_us=919 deadline=0 overhead_avg_us=123.66[0m
[0;32mI (14294) forensics: [CALLBACK_HIST] fixture=0 class=fixture_transition lower_us=915 n=1[0m
[0;32mI (14304) forensics: [FASTPATH] fixture=0 stable8=0 attack=0[0m
[0;32mI (14304) forensics: [OVERHEAD] fixture=0 blocks=4587 model_reset_avg_us=1.57 model_reset_max_us=23 queue_avg_us=1.89 queue_max_us=35 render_avg_us=456.60 telem_avg_us=4.51 telem_max_us=84 telem_publishes=573[0m
[0;32mI (15824) pocket_pan_main: [AUDIO] model=PAN blocks=5589 avg_us=1159 p99_us=0 max_us=2078 cpu_load=43.5 deadline=0 timeout=0 tx_error=0 short=0[0m
[0;32mI (15824) pocket_pan_main: [MIDI] push=0 pop=0 drop=0 hwm=0 last=(n=62 v=0 t=78 hex=000000)[0m
[0;32mI (15834) pocket_pan_main: [BLE] state=8 interval_ms=11.25 latency=0 rssi=-58 reconnects=0 last_disconnect=0[0m
[0;32mI (15844) pocket_pan_main: [MEM] internal_free=60679 largest_internal=31744[0m
[0;32mI (15854) pocket_pan_main: [UIREDRAW] urgent=8 telemetry=60 skip=369[0m
[0;32mI (20844) pocket_pan_main: [AUDIO] model=PAN blocks=7472 avg_us=1153 p99_us=1425 max_us=2143 cpu_load=43.2 deadline=0 timeout=0 tx_error=0 short=0[0m
[0;32mI (20844) pocket_pan_main: [MIDI] push=0 pop=0 drop=0 hwm=0 last=(n=62 v=0 t=78 hex=000000)[0m
[0;32mI (20854) pocket_pan_main: [BLE] state=8 interval_ms=11.25 latency=0 rssi=-60 reconnects=0 last_disconnect=0[0m
[0;32mI (20864) pocket_pan_main: [MEM] internal_free=60679 largest_internal=31744[0m
[0;32mI (20874) pocket_pan_main: [UIREDRAW] urgent=8 telemetry=83 skip=512[0m
[0;33mW (24094) forensics: [OVERRUN] seq=8685 callback_us=2679 inner_us=2611 class=event fixture=2 model=PAN voices=8 exciter=1 midi_depth=0 midi_consumed=0 telem=0 model_req=0 reset_req=0[0m
[0;32mI (24104) forensics: [SAFETY] fixture=1 hard=0 sat=0 nonfinite=0 ble_lost=0[0m
[0;32mI (24104) forensics: [EVENT_ONLY] fixture=1 n=22 avg_us=315.93 max_us=405[0m
[0;32mI (24114) forensics: [FIXTURE_IO] model=PAN fixture=1 avg_us=1170 p99_us=1425 max_us=2143 cpu_pct=43.87 deadline=0 timeouts=0 tx_errors=0 short_writes=0[0m
[0;32mI (24134) forensics: [CURVE] model=PAN fixture=1 voices=4 class=true_steady n=4051 avg_us=1145.94 p95_us=1205 p99_us=1295 p995_us=1310 p999_us=1360 max_us=1434 deadline=0 bad_voices=0 ble_lost=0 hard=0 sat=0 bin_us=5 max_observed_voices=4[0m
[0;32mI (24154) forensics: [HIST] fixture=1 class=true_steady lower_us=1120 n=640[0m
[0;32mI (24164) forensics: [HIST] fixture=1 class=true_steady lower_us=1125 n=880[0m
[0;32mI (24164) forensics: [HIST] fixture=1 class=true_steady lower_us=1130 n=570[0m
[0;32mI (24174) forensics: [HIST] fixture=1 class=true_steady lower_us=1135 n=299[0m
[0;32mI (24184) forensics: [HIST] fixture=1 class=true_steady lower_us=1140 n=278[0m
[0;32mI (24194) forensics: [HIST] fixture=1 class=true_steady lower_us=1145 n=207[0m
[0;32mI (24194) forensics: [HIST] fixture=1 class=true_steady lower_us=1150 n=167[0m
[0;32mI (24204) forensics: [HIST] fixture=1 class=true_steady lower_us=1155 n=131[0m
[0;32mI (24214) forensics: [HIST] fixture=1 class=true_steady lower_us=1160 n=130[0m
[0;32mI (24224) forensics: [HIST] fixture=1 class=true_steady lower_us=1165 n=97[0m
[0;32mI (24224) forensics: [HIST] fixture=1 class=true_steady lower_us=1170 n=90[0m
[0;32mI (24234) forensics: [HIST] fixture=1 class=true_steady lower_us=1175 n=87[0m
[0;32mI (24244) forensics: [HIST] fixture=1 class=true_steady lower_us=1180 n=77[0m
[0;32mI (24254) forensics: [HIST] fixture=1 class=true_steady lower_us=1185 n=66[0m
[0;32mI (24254) forensics: [HIST] fixture=1 class=true_steady lower_us=1190 n=71[0m
[0;32mI (24264) forensics: [HIST] fixture=1 class=true_steady lower_us=1195 n=43[0m
[0;32mI (24274) forensics: [HIST] fixture=1 class=true_steady lower_us=1200 n=27[0m
[0;32mI (24284) forensics: [HIST] fixture=1 class=true_steady lower_us=1205 n=20[0m
[0;32mI (24284) forensics: [HIST] fixture=1 class=true_steady lower_us=1210 n=28[0m
[0;32mI (24294) forensics: [HIST] fixture=1 class=true_steady lower_us=1215 n=10[0m
[0;32mI (24304) forensics: [HIST] fixture=1 class=true_steady lower_us=1220 n=17[0m
[0;32mI (24314) forensics: [HIST] fixture=1 class=true_steady lower_us=1225 n=8[0m
[0;32mI (24314) forensics: [HIST] fixture=1 class=true_steady lower_us=1230 n=4[0m
[0;32mI (24324) forensics: [HIST] fixture=1 class=true_steady lower_us=1235 n=4[0m
[0;32mI (24334) forensics: [HIST] fixture=1 class=true_steady lower_us=1240 n=12[0m
[0;32mI (24344) forensics: [HIST] fixture=1 class=true_steady lower_us=1245 n=10[0m
[0;32mI (24344) forensics: [HIST] fixture=1 class=true_steady lower_us=1250 n=7[0m
[0;32mI (24354) forensics: [HIST] fixture=1 class=true_steady lower_us=1255 n=10[0m
[0;32mI (24364) forensics: [HIST] fixture=1 class=true_steady lower_us=1260 n=5[0m
[0;32mI (24374) forensics: [HIST] fixture=1 class=true_steady lower_us=1265 n=4[0m
[0;32mI (24374) forensics: [HIST] fixture=1 class=true_steady lower_us=1270 n=2[0m
[0;32mI (24384) forensics: [HIST] fixture=1 class=true_steady lower_us=1275 n=4[0m
[0;32mI (24394) forensics: [HIST] fixture=1 class=true_steady lower_us=1280 n=4[0m
[0;32mI (24404) forensics: [HIST] fixture=1 class=true_steady lower_us=1285 n=1[0m
[0;32mI (24404) forensics: [HIST] fixture=1 class=true_steady lower_us=1290 n=3[0m
[0;32mI (24414) forensics: [HIST] fixture=1 class=true_steady lower_us=1295 n=6[0m
[0;32mI (24424) forensics: [HIST] fixture=1 class=true_steady lower_us=1300 n=8[0m
[0;32mI (24434) forensics: [HIST] fixture=1 class=true_steady lower_us=1305 n=6[0m
[0;32mI (24434) forensics: [HIST] fixture=1 class=true_steady lower_us=1310 n=4[0m
[0;32mI (24444) forensics: [HIST] fixture=1 class=true_steady lower_us=1330 n=3[0m
[0;32mI (24454) forensics: [HIST] fixture=1 class=true_steady lower_us=1335 n=1[0m
[0;32mI (24464) forensics: [HIST] fixture=1 class=true_steady lower_us=1340 n=2[0m
[0;32mI (24464) forensics: [HIST] fixture=1 class=true_steady lower_us=1345 n=2[0m
[0;32mI (24474) forensics: [HIST] fixture=1 class=true_steady lower_us=1355 n=3[0m
[0;32mI (24484) forensics: [HIST] fixture=1 class=true_steady lower_us=1360 n=1[0m
[0;32mI (24494) forensics: [HIST] fixture=1 class=true_steady lower_us=1365 n=1[0m
[0;32mI (24494) forensics: [HIST] fixture=1 class=true_steady lower_us=1430 n=1[0m
[0;32mI (24504) forensics: [CALLBACK_CURVE] model=PAN fixture=1 voices=4 class=true_steady n=4051 avg_us=1164.87 p95_us=1245 p99_us=1375 p995_us=1420 p999_us=1505 max_us=1593 deadline=0 overhead_avg_us=18.93[0m
[0;32mI (24524) forensics: [CALLBACK_HIST] fixture=1 class=true_steady lower_us=520 n=1[0m
[0;32mI (24534) forensics: [CALLBACK_HIST] fixture=1 class=true_steady lower_us=1130 n=571[0m
[0;32mI (24544) forensics: [CALLBACK_HIST] fixture=1 class=true_steady lower_us=1135 n=846[0m
[0;32mI (24554) forensics: [CALLBACK_HIST] fixture=1 class=true_steady lower_us=1140 n=488[0m
[0;32mI (24554) forensics: [CALLBACK_HIST] fixture=1 class=true_steady lower_us=1145 n=245[0m
[0;32mI (24564) forensics: [CALLBACK_HIST] fixture=1 class=true_steady lower_us=1150 n=245[0m
[0;32mI (24574) forensics: [CALLBACK_HIST] fixture=1 class=true_steady lower_us=1155 n=177[0m
[0;32mI (24584) forensics: [CALLBACK_HIST] fixture=1 class=true_steady lower_us=1160 n=121[0m
[0;32mI (24594) forensics: [CALLBACK_HIST] fixture=1 class=true_steady lower_us=1165 n=105[0m
[0;32mI (24604) forensics: [CALLBACK_HIST] fixture=1 class=true_steady lower_us=1170 n=125[0m
[0;32mI (24604) forensics: [CALLBACK_HIST] fixture=1 class=true_steady lower_us=1175 n=133[0m
[0;32mI (24614) forensics: [CALLBACK_HIST] fixture=1 class=true_steady lower_us=1180 n=118[0m
[0;32mI (24624) forensics: [CALLBACK_HIST] fixture=1 class=true_steady lower_us=1185 n=95[0m
[0;32mI (24634) forensics: [CALLBACK_HIST] fixture=1 class=true_steady lower_us=1190 n=77[0m
[0;32mI (24644) forensics: [CALLBACK_HIST] fixture=1 class=true_steady lower_us=1195 n=74[0m
[0;32mI (24654) forensics: [CALLBACK_HIST] fixture=1 class=true_steady lower_us=1200 n=76[0m
[0;32mI (24654) forensics: [CALLBACK_HIST] fixture=1 class=true_steady lower_us=1205 n=66[0m
[0;32mI (24664) forensics: [CALLBACK_HIST] fixture=1 class=true_steady lower_us=1210 n=67[0m
[0;32mI (24674) forensics: [CALLBACK_HIST] fixture=1 class=true_steady lower_us=1215 n=61[0m
[0;32mI (24684) forensics: [CALLBACK_HIST] fixture=1 class=true_steady lower_us=1220 n=49[0m
[0;32mI (24694) forensics: [CALLBACK_HIST] fixture=1 class=true_steady lower_us=1225 n=35[0m
[0;32mI (24704) forensics: [CALLBACK_HIST] fixture=1 class=true_steady lower_us=1230 n=38[0m
[0;32mI (24704) forensics: [CALLBACK_HIST] fixture=1 class=true_steady lower_us=1235 n=23[0m
[0;32mI (24714) forensics: [CALLBACK_HIST] fixture=1 class=true_steady lower_us=1240 n=15[0m
[0;32mI (24724) forensics: [CALLBACK_HIST] fixture=1 class=true_steady lower_us=1245 n=20[0m
[0;32mI (24734) forensics: [CALLBACK_HIST] fixture=1 class=true_steady lower_us=1250 n=18[0m
[0;32mI (24744) forensics: [CALLBACK_HIST] fixture=1 class=true_steady lower_us=1255 n=8[0m
[0;32mI (24754) forensics: [CALLBACK_HIST] fixture=1 class=true_steady lower_us=1260 n=10[0m
[0;32mI (24754) forensics: [CALLBACK_HIST] fixture=1 class=true_steady lower_us=1265 n=9[0m
[0;32mI (24764) forensics: [CALLBACK_HIST] fixture=1 class=true_steady lower_us=1270 n=7[0m
[0;32mI (24774) forensics: [CALLBACK_HIST] fixture=1 class=true_steady lower_us=1275 n=8[0m
[0;32mI (24784) forensics: [CALLBACK_HIST] fixture=1 class=true_steady lower_us=1280 n=4[0m
[0;32mI (24794) forensics: [CALLBACK_HIST] fixture=1 class=true_steady lower_us=1285 n=5[0m
[0;32mI (24804) forensics: [CALLBACK_HIST] fixture=1 class=true_steady lower_us=1290 n=9[0m
[0;32mI (24804) forensics: [CALLBACK_HIST] fixture=1 class=true_steady lower_us=1295 n=4[0m
[0;32mI (24814) forensics: [CALLBACK_HIST] fixture=1 class=true_steady lower_us=1300 n=5[0m
[0;32mI (24824) forensics: [CALLBACK_HIST] fixture=1 class=true_steady lower_us=1305 n=4[0m
[0;32mI (24834) forensics: [CALLBACK_HIST] fixture=1 class=true_steady lower_us=1310 n=9[0m
[0;32mI (24844) forensics: [CALLBACK_HIST] fixture=1 class=true_steady lower_us=1315 n=6[0m
[0;32mI (24844) forensics: [CALLBACK_HIST] fixture=1 class=true_steady lower_us=1320 n=1[0m
[0;32mI (24854) forensics: [CALLBACK_HIST] fixture=1 class=true_steady lower_us=1325 n=7[0m
[0;32mI (24864) forensics: [CALLBACK_HIST] fixture=1 class=true_steady lower_us=1330 n=5[0m
[0;32mI (24874) forensics: [CALLBACK_HIST] fixture=1 class=true_steady lower_us=1335 n=1[0m
[0;32mI (24884) forensics: [CALLBACK_HIST] fixture=1 class=true_steady lower_us=1340 n=4[0m
[0;32mI (24894) forensics: [CALLBACK_HIST] fixture=1 class=true_steady lower_us=1345 n=2[0m
[0;32mI (24894) forensics: [CALLBACK_HIST] fixture=1 class=true_steady lower_us=1350 n=4[0m
[0;32mI (24904) forensics: [CALLBACK_HIST] fixture=1 class=true_steady lower_us=1355 n=3[0m
[0;32mI (24914) forensics: [CALLBACK_HIST] fixture=1 class=true_steady lower_us=1360 n=3[0m
[0;32mI (24924) forensics: [CALLBACK_HIST] fixture=1 class=true_steady lower_us=1365 n=3[0m
[0;32mI (24934) forensics: [CALLBACK_HIST] fixture=1 class=true_steady lower_us=1370 n=1[0m
[0;32mI (24944) forensics: [CALLBACK_HIST] fixture=1 class=true_steady lower_us=1375 n=3[0m
[0;32mI (24944) forensics: [CALLBACK_HIST] fixture=1 class=true_steady lower_us=1380 n=2[0m
[0;32mI (24954) forensics: [CALLBACK_HIST] fixture=1 class=true_steady lower_us=1385 n=4[0m
[0;32mI (24964) forensics: [CALLBACK_HIST] fixture=1 class=true_steady lower_us=1390 n=3[0m
[0;32mI (24974) forensics: [CALLBACK_HIST] fixture=1 class=true_steady lower_us=1395 n=2[0m
[0;32mI (24984) forensics: [CALLBACK_HIST] fixture=1 class=true_steady lower_us=1400 n=2[0m
[0;32mI (24984) forensics: [CALLBACK_HIST] fixture=1 class=true_steady lower_us=1405 n=1[0m
[0;32mI (24994) forensics: [CALLBACK_HIST] fixture=1 class=true_steady lower_us=1410 n=2[0m
[0;32mI (25004) forensics: [CALLBACK_HIST] fixture=1 class=true_steady lower_us=1415 n=1[0m
[0;32mI (25014) forensics: [CALLBACK_HIST] fixture=1 class=true_steady lower_us=1420 n=1[0m
[0;32mI (25024) forensics: [CALLBACK_HIST] fixture=1 class=true_steady lower_us=1425 n=1[0m
[0;32mI (25034) forensics: [CALLBACK_HIST] fixture=1 class=true_steady lower_us=1430 n=2[0m
[0;32mI (25034) forensics: [CALLBACK_HIST] fixture=1 class=true_steady lower_us=1445 n=4[0m
[0;32mI (25044) forensics: [CALLBACK_HIST] fixture=1 class=true_steady lower_us=1465 n=1[0m
[0;32mI (25054) forensics: [CALLBACK_HIST] fixture=1 class=true_steady lower_us=1470 n=2[0m
[0;32mI (25064) forensics: [CALLBACK_HIST] fixture=1 class=true_steady lower_us=1480 n=2[0m
[0;32mI (25074) forensics: [CALLBACK_HIST] fixture=1 class=true_steady lower_us=1485 n=1[0m
[0;32mI (25084) forensics: [CALLBACK_HIST] fixture=1 class=true_steady lower_us=1490 n=1[0m
[0;32mI (25084) forensics: [CALLBACK_HIST] fixture=1 class=true_steady lower_us=1500 n=2[0m
[0;32mI (25094) forensics: [CALLBACK_HIST] fixture=1 class=true_steady lower_us=1530 n=1[0m
[0;32mI (25104) forensics: [CALLBACK_HIST] fixture=1 class=true_steady lower_us=1560 n=1[0m
[0;32mI (25114) forensics: [CALLBACK_HIST] fixture=1 class=true_steady lower_us=1590 n=1[0m
[0;32mI (25124) forensics: [CURVE] model=PAN fixture=1 voices=4 class=attack_tail n=22 avg_us=1415.24 p95_us=1505 p99_us=1550 p995_us=1550 p999_us=1550 max_us=1548 deadline=0 bad_voices=0 ble_lost=0 hard=0 sat=0 bin_us=5 max_observed_voices=4[0m
[0;32mI (25144) forensics: [HIST] fixture=1 class=attack_tail lower_us=1380 n=1[0m
[0;32mI (25154) forensics: [HIST] fixture=1 class=attack_tail lower_us=1385 n=1[0m
[0;32mI (25154) forensics: [HIST] fixture=1 class=attack_tail lower_us=1390 n=3[0m
[0;32mI (25164) forensics: [HIST] fixture=1 class=attack_tail lower_us=1395 n=3[0m
[0;32mI (25174) forensics: [HIST] fixture=1 class=attack_tail lower_us=1400 n=3[0m
[0;32mI (25184) forensics: [HIST] fixture=1 class=attack_tail lower_us=1405 n=2[0m
[0;32mI (25184) forensics: [HIST] fixture=1 class=attack_tail lower_us=1410 n=2[0m
[0;32mI (25194) forensics: [HIST] fixture=1 class=attack_tail lower_us=1415 n=2[0m
[0;32mI (25204) forensics: [HIST] fixture=1 class=attack_tail lower_us=1420 n=2[0m
[0;32mI (25214) forensics: [HIST] fixture=1 class=attack_tail lower_us=1445 n=1[0m
[0;32mI (25214) forensics: [HIST] fixture=1 class=attack_tail lower_us=1500 n=1[0m
[0;32mI (25224) forensics: [HIST] fixture=1 class=attack_tail lower_us=1545 n=1[0m
[0;32mI (25234) forensics: [CALLBACK_CURVE] model=PAN fixture=1 voices=4 class=attack_tail n=22 avg_us=1454.27 p95_us=1585 p99_us=1640 p995_us=1640 p999_us=1640 max_us=1637 deadline=0 overhead_avg_us=39.03[0m
[0;32mI (25254) forensics: [CALLBACK_HIST] fixture=1 class=attack_tail lower_us=1405 n=1[0m
[0;32mI (25254) forensics: [CALLBACK_HIST] fixture=1 class=attack_tail lower_us=1410 n=1[0m
[0;32mI (25264) forensics: [CALLBACK_HIST] fixture=1 class=attack_tail lower_us=1415 n=1[0m
[0;32mI (25274) forensics: [CALLBACK_HIST] fixture=1 class=attack_tail lower_us=1425 n=1[0m
[0;32mI (25284) forensics: [CALLBACK_HIST] fixture=1 class=attack_tail lower_us=1430 n=5[0m
[0;32mI (25294) forensics: [CALLBACK_HIST] fixture=1 class=attack_tail lower_us=1435 n=1[0m
[0;32mI (25304) forensics: [CALLBACK_HIST] fixture=1 class=attack_tail lower_us=1440 n=4[0m
[0;32mI (25304) forensics: [CALLBACK_HIST] fixture=1 class=attack_tail lower_us=1445 n=1[0m
[0;32mI (25314) forensics: [CALLBACK_HIST] fixture=1 class=attack_tail lower_us=1450 n=2[0m
[0;32mI (25324) forensics: [CALLBACK_HIST] fixture=1 class=attack_tail lower_us=1455 n=1[0m
[0;32mI (25334) forensics: [CALLBACK_HIST] fixture=1 class=attack_tail lower_us=1460 n=1[0m
[0;32mI (25344) forensics: [CALLBACK_HIST] fixture=1 class=attack_tail lower_us=1470 n=1[0m
[0;32mI (25354) forensics: [CALLBACK_HIST] fixture=1 class=attack_tail lower_us=1580 n=1[0m
[0;32mI (25354) forensics: [CALLBACK_HIST] fixture=1 class=attack_tail lower_us=1635 n=1[0m
[0;32mI (25364) forensics: [CURVE] model=PAN fixture=1 voices=4 class=event n=22 avg_us=1847.99 p95_us=1945 p99_us=1950 p995_us=1950 p999_us=1950 max_us=1948 deadline=0 bad_voices=0 ble_lost=0 hard=0 sat=0 bin_us=5 max_observed_voices=4[0m
[0;32mI (25384) forensics: [HIST] fixture=1 class=event lower_us=1780 n=1[0m
[0;32mI (25394) forensics: [HIST] fixture=1 class=event lower_us=1805 n=4[0m
[0;32mI (25404) forensics: [HIST] fixture=1 class=event lower_us=1810 n=1[0m
[0;32mI (25404) forensics: [HIST] fixture=1 class=event lower_us=1820 n=2[0m
[0;32mI (25414) forensics: [HIST] fixture=1 class=event lower_us=1825 n=1[0m
[0;32mI (25424) forensics: [HIST] fixture=1 class=event lower_us=1835 n=1[0m
[0;32mI (25424) forensics: [HIST] fixture=1 class=event lower_us=1840 n=1[0m
[0;32mI (25434) forensics: [HIST] fixture=1 class=event lower_us=1845 n=2[0m
[0;32mI (25444) forensics: [HIST] fixture=1 class=event lower_us=1850 n=1[0m
[0;32mI (25454) forensics: [HIST] fixture=1 class=event lower_us=1855 n=1[0m
[0;32mI (25454) forensics: [HIST] fixture=1 class=event lower_us=1860 n=1[0m
[0;32mI (25464) forensics: [HIST] fixture=1 class=event lower_us=1870 n=2[0m
[0;32mI (25474) forensics: [HIST] fixture=1 class=event lower_us=1875 n=1[0m
[0;32mI (25474) forensics: [HIST] fixture=1 class=event lower_us=1925 n=1[0m
[0;32mI (25484) forensics: [HIST] fixture=1 class=event lower_us=1940 n=1[0m
[0;32mI (25494) forensics: [HIST] fixture=1 class=event lower_us=1945 n=1[0m
[0;32mI (25494) forensics: [CALLBACK_CURVE] model=PAN fixture=1 voices=4 class=event n=22 avg_us=1968.45 p95_us=2080 p99_us=2145 p995_us=2145 p999_us=2145 max_us=2143 deadline=0 overhead_avg_us=120.46[0m
[0;32mI (25514) forensics: [CALLBACK_HIST] fixture=1 class=event lower_us=1885 n=1[0m
[0;32mI (25524) forensics: [CALLBACK_HIST] fixture=1 class=event lower_us=1905 n=1[0m
[0;32mI (25534) forensics: [CALLBACK_HIST] fixture=1 class=event lower_us=1910 n=2[0m
[0;32mI (25544) forensics: [CALLBACK_HIST] fixture=1 class=event lower_us=1915 n=2[0m
[0;32mI (25544) forensics: [CALLBACK_HIST] fixture=1 class=event lower_us=1935 n=1[0m
[0;32mI (25554) forensics: [CALLBACK_HIST] fixture=1 class=event lower_us=1940 n=2[0m
[0;32mI (25564) forensics: [CALLBACK_HIST] fixture=1 class=event lower_us=1945 n=1[0m
[0;32mI (25574) forensics: [CALLBACK_HIST] fixture=1 class=event lower_us=1955 n=1[0m
[0;32mI (25574) forensics: [CALLBACK_HIST] fixture=1 class=event lower_us=1960 n=1[0m
[0;32mI (25584) forensics: [CALLBACK_HIST] fixture=1 class=event lower_us=1965 n=2[0m
[0;32mI (25594) forensics: [CALLBACK_HIST] fixture=1 class=event lower_us=1970 n=2[0m
[0;32mI (25604) forensics: [CALLBACK_HIST] fixture=1 class=event lower_us=1985 n=1[0m
[0;32mI (25604) forensics: [CALLBACK_HIST] fixture=1 class=event lower_us=2000 n=1[0m
[0;32mI (25614) forensics: [CALLBACK_HIST] fixture=1 class=event lower_us=2010 n=1[0m
[0;32mI (25624) forensics: [CALLBACK_HIST] fixture=1 class=event lower_us=2065 n=1[0m
[0;32mI (25634) forensics: [CALLBACK_HIST] fixture=1 class=event lower_us=2075 n=1[0m
[0;32mI (25644) forensics: [CALLBACK_HIST] fixture=1 class=event lower_us=2140 n=1[0m
[0;32mI (25644) forensics: [CURVE] model=PAN fixture=1 voices=4 class=fixture_transition n=1 avg_us=669.78 p95_us=675 p99_us=675 p995_us=675 p999_us=675 max_us=670 deadline=0 bad_voices=0 ble_lost=0 hard=0 sat=0 bin_us=5 max_observed_voices=4[0m
[0;32mI (25664) forensics: [HIST] fixture=1 class=fixture_transition lower_us=670 n=1[0m
[0;32mI (25674) forensics: [CALLBACK_CURVE] model=PAN fixture=1 voices=4 class=fixture_transition n=1 avg_us=716.00 p95_us=720 p99_us=720 p995_us=720 p999_us=720 max_us=716 deadline=0 overhead_avg_us=46.22[0m
[0;32mI (25694) forensics: [CALLBACK_HIST] fixture=1 class=fixture_transition lower_us=715 n=1[0m
[0;32mI (25704) forensics: [FASTPATH] fixture=1 stable8=0 attack=0[0m
[0;32mI (25714) forensics: [OVERHEAD] fixture=1 blocks=4096 model_reset_avg_us=1.68 model_reset_max_us=19 queue_avg_us=1.94 queue_max_us=45 render_avg_us=1158.07 telem_avg_us=5.94 telem_max_us=121 telem_publishes=512[0m
[0;33mW (25764) forensics: [OVERRUN] seq=8873 callback_us=2938 inner_us=2787 class=event fixture=2 model=PAN voices=8 exciter=1 midi_depth=0 midi_consumed=0 telem=0 model_req=0 reset_req=0[0m
[0;33mW (25764) forensics: [OVERRUN] seq=9061 callback_us=2836 inner_us=2720 class=event fixture=2 model=PAN voices=8 exciter=1 midi_depth=0 midi_consumed=0 telem=0 model_req=0 reset_req=0[0m
[0;33mW (25784) forensics: [OVERRUN] seq=9249 callback_us=2900 inner_us=2766 class=event fixture=2 model=PAN voices=8 exciter=1 midi_depth=0 midi_consumed=0 telem=0 model_req=0 reset_req=0[0m
[0;32mI (25864) pocket_pan_main: [AUDIO] model=PAN blocks=9353 avg_us=1735 p99_us=0 max_us=2938 cpu_load=65.1 deadline=4 timeout=0 tx_error=0 short=0[0m
[0;32mI (25864) pocket_pan_main: [MIDI] push=0 pop=0 drop=0 hwm=0 last=(n=62 v=0 t=78 hex=000000)[0m
[0;32mI (25874) pocket_pan_main: [BLE] state=8 interval_ms=11.25 latency=0 rssi=-58 reconnects=0 last_disconnect=0[0m
[0;32mI (25884) pocket_pan_main: [MEM] internal_free=52039 largest_internal=31744[0m
[0;32mI (25894) pocket_pan_main: [UIREDRAW] urgent=9 telemetry=100 skip=604[0m
[0;33mW (26114) forensics: [OVERRUN] seq=9437 callback_us=2982 inner_us=2772 class=event fixture=2 model=PAN voices=8 exciter=1 midi_depth=0 midi_consumed=0 telem=0 model_req=0 reset_req=0[0m
[0;33mW (26594) forensics: [OVERRUN] seq=9625 callback_us=2810 inner_us=2674 class=event fixture=2 model=PAN voices=8 exciter=1 midi_depth=0 midi_consumed=0 telem=0 model_req=0 reset_req=0[0m
[0;33mW (27114) forensics: [OVERRUN] seq=9813 callback_us=2831 inner_us=2697 class=event fixture=2 model=PAN voices=8 exciter=1 midi_depth=0 midi_consumed=0 telem=0 model_req=0 reset_req=0[0m
[0;33mW (27594) forensics: [OVERRUN] seq=10001 callback_us=2814 inner_us=2677 class=event fixture=2 model=PAN voices=8 exciter=1 midi_depth=0 midi_consumed=0 telem=0 model_req=0 reset_req=0[0m
[0;33mW (28114) forensics: [OVERRUN] seq=10189 callback_us=2772 inner_us=2656 class=event fixture=2 model=PAN voices=8 exciter=1 midi_depth=0 midi_consumed=0 telem=0 model_req=0 reset_req=0[0m
[0;33mW (28604) forensics: [OVERRUN] seq=10377 callback_us=2772 inner_us=2644 class=event fixture=2 model=PAN voices=8 exciter=1 midi_depth=0 midi_consumed=0 telem=0 model_req=0 reset_req=0[0m
[0;33mW (29124) forensics: [OVERRUN] seq=10565 callback_us=2863 inner_us=2724 class=event fixture=2 model=PAN voices=8 exciter=1 midi_depth=0 midi_consumed=0 telem=0 model_req=0 reset_req=0[0m
[0;33mW (29614) forensics: [OVERRUN] seq=10753 callback_us=2755 inner_us=2629 class=event fixture=2 model=PAN voices=8 exciter=1 midi_depth=0 midi_consumed=0 telem=0 model_req=0 reset_req=0[0m
[0;33mW (30124) forensics: [OVERRUN] seq=10941 callback_us=2785 inner_us=2669 class=event fixture=2 model=PAN voices=8 exciter=1 midi_depth=0 midi_consumed=0 telem=0 model_req=0 reset_req=0[0m
[0;33mW (30614) forensics: [OVERRUN] seq=11129 callback_us=2838 inner_us=2703 class=event fixture=2 model=PAN voices=8 exciter=1 midi_depth=0 midi_consumed=0 telem=0 model_req=0 reset_req=0[0m
[0;32mI (30884) pocket_pan_main: [AUDIO] model=PAN blocks=11235 avg_us=1690 p99_us=2050 max_us=2982 cpu_load=63.4 deadline=14 timeout=0 tx_error=0 short=0[0m
[0;32mI (30884) pocket_pan_main: [MIDI] push=0 pop=0 drop=0 hwm=0 last=(n=62 v=0 t=78 hex=000000)[0m
[0;32mI (30894) pocket_pan_main: [BLE] state=8 interval_ms=11.25 latency=0 rssi=-60 reconnects=0 last_disconnect=0[0m
[0;32mI (30904) pocket_pan_main: [MEM] internal_free=60679 largest_internal=31744[0m
[0;32mI (30914) pocket_pan_main: [UIREDRAW] urgent=9 telemetry=124 skip=744[0m
[0;33mW (31124) forensics: [OVERRUN] seq=11317 callback_us=2799 inner_us=2663 class=event fixture=2 model=PAN voices=8 exciter=1 midi_depth=0 midi_consumed=0 telem=0 model_req=0 reset_req=0[0m
[0;33mW (31614) forensics: [OVERRUN] seq=11505 callback_us=2826 inner_us=2695 class=event fixture=2 model=PAN voices=8 exciter=1 midi_depth=0 midi_consumed=0 telem=0 model_req=0 reset_req=0[0m
[0;33mW (32124) forensics: [OVERRUN] seq=11693 callback_us=2773 inner_us=2651 class=event fixture=2 model=PAN voices=8 exciter=1 midi_depth=0 midi_consumed=0 telem=0 model_req=0 reset_req=0[0m
[0;33mW (32614) forensics: [OVERRUN] seq=11881 callback_us=2792 inner_us=2670 class=event fixture=2 model=PAN voices=8 exciter=1 midi_depth=0 midi_consumed=0 telem=0 model_req=0 reset_req=0[0m
[0;33mW (33134) forensics: [OVERRUN] seq=12069 callback_us=2861 inner_us=2717 class=event fixture=2 model=PAN voices=8 exciter=1 midi_depth=0 midi_consumed=0 telem=0 model_req=0 reset_req=0[0m
[0;33mW (33614) forensics: [OVERRUN] seq=12257 callback_us=2770 inner_us=2646 class=event fixture=2 model=PAN voices=8 exciter=1 midi_depth=0 midi_consumed=0 telem=0 model_req=0 reset_req=0[0m
[0;33mW (34134) forensics: [OVERRUN] seq=12445 callback_us=2805 inner_us=2670 class=event fixture=2 model=PAN voices=8 exciter=1 midi_depth=0 midi_consumed=0 telem=0 model_req=0 reset_req=0[0m
[0;33mW (34614) forensics: [OVERRUN] seq=12633 callback_us=2806 inner_us=2671 class=event fixture=2 model=PAN voices=8 exciter=1 midi_depth=0 midi_consumed=0 telem=0 model_req=0 reset_req=0[0m
[0;32mI (35014) forensics: [SAFETY] fixture=2 hard=0 sat=0 nonfinite=0 ble_lost=0[0m
[0;32mI (35014) forensics: [EVENT_ONLY] fixture=2 n=22 avg_us=366.97 max_us=449[0m
[0;32mI (35014) forensics: [FIXTURE_IO] model=PAN fixture=2 avg_us=1690 p99_us=2050 max_us=2982 cpu_pct=63.37 deadline=22 timeouts=0 tx_errors=0 short_writes=0[0m
[0;32mI (35024) forensics: [CURVE] model=PAN fixture=2 voices=8 class=true_steady n=4051 avg_us=1659.57 p95_us=1720 p99_us=1815 p995_us=1845 p999_us=1920 max_us=2022 deadline=0 bad_voices=0 ble_lost=0 hard=0 sat=0 bin_us=5 max_observed_voices=8[0m
[0;32mI (35054) forensics: [HIST] fixture=2 class=true_steady lower_us=1630 n=450[0m
[0;32mI (35054) forensics: [HIST] fixture=2 class=true_steady lower_us=1635 n=864[0m
[0;32mI (35064) forensics: [HIST] fixture=2 class=true_steady lower_us=1640 n=528[0m
[0;32mI (35074) forensics: [HIST] fixture=2 class=true_steady lower_us=1645 n=285[0m
[0;32mI (35084) forensics: [HIST] fixture=2 class=true_steady lower_us=1650 n=208[0m
[0;32mI (35084) forensics: [HIST] fixture=2 class=true_steady lower_us=1655 n=189[0m
[0;32mI (35094) forensics: [HIST] fixture=2 class=true_steady lower_us=1660 n=185[0m
[0;32mI (35104) forensics: [HIST] fixture=2 class=true_steady lower_us=1665 n=193[0m
[0;32mI (35114) forensics: [HIST] fixture=2 class=true_steady lower_us=1670 n=178[0m
[0;32mI (35124) forensics: [HIST] fixture=2 class=true_steady lower_us=1675 n=152[0m
[0;32mI (35124) forensics: [HIST] fixture=2 class=true_steady lower_us=1680 n=132[0m
[0;32mI (35134) forensics: [HIST] fixture=2 class=true_steady lower_us=1685 n=98[0m
[0;32mI (35144) forensics: [HIST] fixture=2 class=true_steady lower_us=1690 n=100[0m
[0;32mI (35154) forensics: [HIST] fixture=2 class=true_steady lower_us=1695 n=93[0m
[0;32mI (35154) forensics: [HIST] fixture=2 class=true_steady lower_us=1700 n=76[0m
[0;32mI (35164) forensics: [HIST] fixture=2 class=true_steady lower_us=1705 n=65[0m
[0;32mI (35174) forensics: [HIST] fixture=2 class=true_steady lower_us=1710 n=42[0m
[0;32mI (35184) forensics: [HIST] fixture=2 class=true_steady lower_us=1715 n=25[0m
[0;32mI (35184) forensics: [HIST] fixture=2 class=true_steady lower_us=1720 n=25[0m
[0;32mI (35194) forensics: [HIST] fixture=2 class=true_steady lower_us=1725 n=19[0m
[0;32mI (35204) forensics: [HIST] fixture=2 class=true_steady lower_us=1730 n=14[0m
[0;32mI (35214) forensics: [HIST] fixture=2 class=true_steady lower_us=1735 n=9[0m
[0;32mI (35214) forensics: [HIST] fixture=2 class=true_steady lower_us=1740 n=7[0m
[0;32mI (35224) forensics: [HIST] fixture=2 class=true_steady lower_us=1745 n=11[0m
[0;32mI (35234) forensics: [HIST] fixture=2 class=true_steady lower_us=1750 n=5[0m
[0;32mI (35244) forensics: [HIST] fixture=2 class=true_steady lower_us=1755 n=4[0m
[0;32mI (35244) forensics: [HIST] fixture=2 class=true_steady lower_us=1760 n=5[0m
[0;32mI (35254) forensics: [HIST] fixture=2 class=true_steady lower_us=1765 n=6[0m
[0;32mI (35264) forensics: [HIST] fixture=2 class=true_steady lower_us=1770 n=6[0m
[0;32mI (35274) forensics: [HIST] fixture=2 class=true_steady lower_us=1775 n=5[0m
[0;32mI (35274) forensics: [HIST] fixture=2 class=true_steady lower_us=1780 n=6[0m
[0;32mI (35284) forensics: [HIST] fixture=2 class=true_steady lower_us=1785 n=6[0m
[0;32mI (35294) forensics: [HIST] fixture=2 class=true_steady lower_us=1790 n=6[0m
[0;32mI (35304) forensics: [HIST] fixture=2 class=true_steady lower_us=1795 n=1[0m
[0;32mI (35304) forensics: [HIST] fixture=2 class=true_steady lower_us=1800 n=5[0m
[0;32mI (35314) forensics: [HIST] fixture=2 class=true_steady lower_us=1805 n=3[0m
[0;32mI (35324) forensics: [HIST] fixture=2 class=true_steady lower_us=1810 n=5[0m
[0;32mI (35334) forensics: [HIST] fixture=2 class=true_steady lower_us=1815 n=6[0m
[0;32mI (35334) forensics: [HIST] fixture=2 class=true_steady lower_us=1820 n=7[0m
[0;32mI (35344) forensics: [HIST] fixture=2 class=true_steady lower_us=1830 n=3[0m
[0;32mI (35354) forensics: [HIST] fixture=2 class=true_steady lower_us=1835 n=1[0m
[0;32mI (35364) forensics: [HIST] fixture=2 class=true_steady lower_us=1840 n=5[0m
[0;32mI (35364) forensics: [HIST] fixture=2 class=true_steady lower_us=1845 n=3[0m
[0;32mI (35374) forensics: [HIST] fixture=2 class=true_steady lower_us=1860 n=2[0m
[0;32mI (35384) forensics: [HIST] fixture=2 class=true_steady lower_us=1865 n=3[0m
[0;32mI (35394) forensics: [HIST] fixture=2 class=true_steady lower_us=1870 n=1[0m
[0;32mI (35394) forensics: [HIST] fixture=2 class=true_steady lower_us=1875 n=1[0m
[0;32mI (35404) forensics: [HIST] fixture=2 class=true_steady lower_us=1880 n=1[0m
[0;32mI (35414) forensics: [HIST] fixture=2 class=true_steady lower_us=1885 n=1[0m
[0;32mI (35424) forensics: [HIST] fixture=2 class=true_steady lower_us=1900 n=1[0m
[0;32mI (35424) forensics: [HIST] fixture=2 class=true_steady lower_us=1915 n=1[0m
[0;32mI (35434) forensics: [HIST] fixture=2 class=true_steady lower_us=1925 n=1[0m
[0;32mI (35444) forensics: [HIST] fixture=2 class=true_steady lower_us=1930 n=1[0m
[0;32mI (35454) forensics: [HIST] fixture=2 class=true_steady lower_us=1950 n=1[0m
[0;32mI (35454) forensics: [HIST] fixture=2 class=true_steady lower_us=2020 n=1[0m
[0;32mI (35464) forensics: [CALLBACK_CURVE] model=PAN fixture=2 voices=8 class=true_steady n=4051 avg_us=1679.55 p95_us=1765 p99_us=1900 p995_us=1945 p999_us=2050 max_us=2176 deadline=0 overhead_avg_us=19.97[0m
[0;32mI (35484) forensics: [CALLBACK_HIST] fixture=2 class=true_steady lower_us=1150 n=1[0m
[0;32mI (35494) forensics: [CALLBACK_HIST] fixture=2 class=true_steady lower_us=1635 n=247[0m
[0;32mI (35504) forensics: [CALLBACK_HIST] fixture=2 class=true_steady lower_us=1640 n=651[0m
[0;32mI (35504) forensics: [CALLBACK_HIST] fixture=2 class=true_steady lower_us=1645 n=376[0m
[0;32mI (35514) forensics: [CALLBACK_HIST] fixture=2 class=true_steady lower_us=1650 n=333[0m
[0;32mI (35524) forensics: [CALLBACK_HIST] fixture=2 class=true_steady lower_us=1655 n=284[0m
[0;32mI (35534) forensics: [CALLBACK_HIST] fixture=2 class=true_steady lower_us=1660 n=186[0m
[0;32mI (35544) forensics: [CALLBACK_HIST] fixture=2 class=true_steady lower_us=1665 n=193[0m
[0;32mI (35554) forensics: [CALLBACK_HIST] fixture=2 class=true_steady lower_us=1670 n=142[0m
[0;32mI (35554) forensics: [CALLBACK_HIST] fixture=2 class=true_steady lower_us=1675 n=159[0m
[0;32mI (35564) forensics: [CALLBACK_HIST] fixture=2 class=true_steady lower_us=1680 n=159[0m
[0;32mI (35574) forensics: [CALLBACK_HIST] fixture=2 class=true_steady lower_us=1685 n=148[0m
[0;32mI (35584) forensics: [CALLBACK_HIST] fixture=2 class=true_steady lower_us=1690 n=121[0m
[0;32mI (35594) forensics: [CALLBACK_HIST] fixture=2 class=true_steady lower_us=1695 n=112[0m
[0;32mI (35604) forensics: [CALLBACK_HIST] fixture=2 class=true_steady lower_us=1700 n=98[0m
[0;32mI (35604) forensics: [CALLBACK_HIST] fixture=2 class=true_steady lower_us=1705 n=90[0m
[0;32mI (35614) forensics: [CALLBACK_HIST] fixture=2 class=true_steady lower_us=1710 n=97[0m
[0;32mI (35624) forensics: [CALLBACK_HIST] fixture=2 class=true_steady lower_us=1715 n=73[0m
[0;32mI (35634) forensics: [CALLBACK_HIST] fixture=2 class=true_steady lower_us=1720 n=75[0m
[0;32mI (35644) forensics: [CALLBACK_HIST] fixture=2 class=true_steady lower_us=1725 n=66[0m
[0;32mI (35654) forensics: [CALLBACK_HIST] fixture=2 class=true_steady lower_us=1730 n=53[0m
[0;32mI (35654) forensics: [CALLBACK_HIST] fixture=2 class=true_steady lower_us=1735 n=53[0m
[0;32mI (35664) forensics: [CALLBACK_HIST] fixture=2 class=true_steady lower_us=1740 n=39[0m
[0;32mI (35674) forensics: [CALLBACK_HIST] fixture=2 class=true_steady lower_us=1745 n=38[0m
[0;32mI (35684) forensics: [CALLBACK_HIST] fixture=2 class=true_steady lower_us=1750 n=28[0m
[0;32mI (35694) forensics: [CALLBACK_HIST] fixture=2 class=true_steady lower_us=1755 n=25[0m
[0;32mI (35704) forensics: [CALLBACK_HIST] fixture=2 class=true_steady lower_us=1760 n=23[0m
[0;32mI (35704) forensics: [CALLBACK_HIST] fixture=2 class=true_steady lower_us=1765 n=12[0m
[0;32mI (35714) forensics: [CALLBACK_HIST] fixture=2 class=true_steady lower_us=1770 n=17[0m
[0;32mI (35724) forensics: [CALLBACK_HIST] fixture=2 class=true_steady lower_us=1775 n=7[0m
[0;32mI (35734) forensics: [CALLBACK_HIST] fixture=2 class=true_steady lower_us=1780 n=11[0m
[0;32mI (35744) forensics: [CALLBACK_HIST] fixture=2 class=true_steady lower_us=1785 n=5[0m
[0;32mI (35754) forensics: [CALLBACK_HIST] fixture=2 class=true_steady lower_us=1790 n=7[0m
[0;32mI (35754) forensics: [CALLBACK_HIST] fixture=2 class=true_steady lower_us=1795 n=6[0m
[0;32mI (35764) forensics: [CALLBACK_HIST] fixture=2 class=true_steady lower_us=1800 n=1[0m
[0;32mI (35774) forensics: [CALLBACK_HIST] fixture=2 class=true_steady lower_us=1805 n=1[0m
[0;32mI (35784) forensics: [CALLBACK_HIST] fixture=2 class=true_steady lower_us=1810 n=4[0m
[0;32mI (35794) forensics: [CALLBACK_HIST] fixture=2 class=true_steady lower_us=1815 n=6[0m
[0;32mI (35804) forensics: [CALLBACK_HIST] fixture=2 class=true_steady lower_us=1820 n=6[0m
[0;32mI (35804) forensics: [CALLBACK_HIST] fixture=2 class=true_steady lower_us=1825 n=10[0m
[0;32mI (35814) forensics: [CALLBACK_HIST] fixture=2 class=true_steady lower_us=1830 n=3[0m
[0;32mI (35824) forensics: [CALLBACK_HIST] fixture=2 class=true_steady lower_us=1835 n=2[0m
[0;32mI (35834) forensics: [CALLBACK_HIST] fixture=2 class=true_steady lower_us=1840 n=6[0m
[0;32mI (35844) forensics: [CALLBACK_HIST] fixture=2 class=true_steady lower_us=1845 n=4[0m
[0;32mI (35854) forensics: [CALLBACK_HIST] fixture=2 class=true_steady lower_us=1850 n=2[0m
[0;32mI (35854) forensics: [CALLBACK_HIST] fixture=2 class=true_steady lower_us=1855 n=2[0m
[0;32mI (35864) forensics: [CALLBACK_HIST] fixture=2 class=true_steady lower_us=1860 n=7[0m
[0;32mI (35874) forensics: [CALLBACK_HIST] fixture=2 class=true_steady lower_us=1865 n=3[0m
[0;32mI (35884) forensics: [CALLBACK_HIST] fixture=2 class=true_steady lower_us=1870 n=6[0m
[0;32mI (35894) forensics: [CALLBACK_HIST] fixture=2 class=true_steady lower_us=1875 n=1[0m
[0;32mI (35894) forensics: [CALLBACK_HIST] fixture=2 class=true_steady lower_us=1880 n=4[0m
[0;32mI (35904) forensics: [CALLBACK_HIST] fixture=2 class=true_steady lower_us=1885 n=2[0m
[0;32mI (35914) forensics: [CALLBACK_HIST] fixture=2 class=true_steady lower_us=1890 n=2[0m
[0;32mI (35924) forensics: [CALLBACK_HIST] fixture=2 class=true_steady lower_us=1895 n=4[0m
[0;32mI (35934) forensics: [CALLBACK_HIST] fixture=2 class=true_steady lower_us=1900 n=1[0m
[0;32mI (35944) forensics: [CALLBACK_HIST] fixture=2 class=true_steady lower_us=1905 n=3[0m
[0;32mI (35944) forensics: [CALLBACK_HIST] fixture=2 class=true_steady lower_us=1910 n=4[0m
[0;32mI (35954) forensics: [CALLBACK_HIST] fixture=2 class=true_steady lower_us=1915 n=2[0m
[0;32mI (35964) forensics: [CALLBACK_HIST] fixture=2 class=true_steady lower_us=1920 n=3[0m
[0;32mI (35974) forensics: [CALLBACK_HIST] fixture=2 class=true_steady lower_us=1925 n=2[0m
[0;32mI (35984) forensics: [CALLBACK_HIST] fixture=2 class=true_steady lower_us=1930 n=1[0m
[0;32mI (35994) forensics: [CALLBACK_HIST] fixture=2 class=true_steady lower_us=1935 n=2[0m
[0;32mI (35994) forensics: [CALLBACK_HIST] fixture=2 class=true_steady lower_us=1940 n=2[0m
[0;32mI (36004) forensics: [CALLBACK_HIST] fixture=2 class=true_steady lower_us=1945 n=2[0m
[0;32mI (36014) forensics: [CALLBACK_HIST] fixture=2 class=true_steady lower_us=1950 n=2[0m
[0;32mI (36024) forensics: [CALLBACK_HIST] fixture=2 class=true_steady lower_us=1960 n=1[0m
[0;32mI (36034) forensics: [CALLBACK_HIST] fixture=2 class=true_steady lower_us=1980 n=2[0m
[0;32mI (36034) forensics: [CALLBACK_HIST] fixture=2 class=true_steady lower_us=1990 n=1[0m
[0;32mI (36044) forensics: [CALLBACK_HIST] fixture=2 class=true_steady lower_us=1995 n=1[0m
[0;32mI (36054) forensics: [CALLBACK_HIST] fixture=2 class=true_steady lower_us=2005 n=2[0m
[0;32mI (36064) forensics: [CALLBACK_HIST] fixture=2 class=true_steady lower_us=2010 n=2[0m
[0;32mI (36074) forensics: [CALLBACK_HIST] fixture=2 class=true_steady lower_us=2025 n=1[0m
[0;32mI (36084) forensics: [CALLBACK_HIST] fixture=2 class=true_steady lower_us=2035 n=1[0m
[0;32mI (36084) forensics: [CALLBACK_HIST] fixture=2 class=true_steady lower_us=2045 n=1[0m
[0;32mI (36094) forensics: [CALLBACK_HIST] fixture=2 class=true_steady lower_us=2060 n=1[0m
[0;32mI (36104) forensics: [CALLBACK_HIST] fixture=2 class=true_steady lower_us=2070 n=1[0m
[0;32mI (36114) forensics: [CALLBACK_HIST] fixture=2 class=true_steady lower_us=2085 n=1[0m
[0;32mI (36124) forensics: [CALLBACK_HIST] fixture=2 class=true_steady lower_us=2175 n=1[0m
[0;32mI (36134) forensics: [CURVE] model=PAN fixture=2 voices=8 class=attack_tail n=22 avg_us=2047.87 p95_us=2155 p99_us=2165 p995_us=2165 p999_us=2165 max_us=2161 deadline=0 bad_voices=0 ble_lost=0 hard=0 sat=0 bin_us=5 max_observed_voices=8[0m
[0;32mI (36154) forensics: [HIST] fixture=2 class=attack_tail lower_us=2010 n=1[0m
[0;32mI (36154) forensics: [HIST] fixture=2 class=attack_tail lower_us=2015 n=2[0m
[0;32mI (36164) forensics: [HIST] fixture=2 class=attack_tail lower_us=2020 n=3[0m
[0;32mI (36174) forensics: [HIST] fixture=2 class=attack_tail lower_us=2025 n=1[0m
[0;32mI (36184) forensics: [HIST] fixture=2 class=attack_tail lower_us=2030 n=2[0m
[0;32mI (36184) forensics: [HIST] fixture=2 class=attack_tail lower_us=2035 n=3[0m
[0;32mI (36194) forensics: [HIST] fixture=2 class=attack_tail lower_us=2040 n=2[0m
[0;32mI (36204) forensics: [HIST] fixture=2 class=attack_tail lower_us=2045 n=1[0m
[0;32mI (36214) forensics: [HIST] fixture=2 class=attack_tail lower_us=2050 n=3[0m
[0;32mI (36214) forensics: [HIST] fixture=2 class=attack_tail lower_us=2055 n=1[0m
[0;32mI (36224) forensics: [HIST] fixture=2 class=attack_tail lower_us=2090 n=1[0m
[0;32mI (36234) forensics: [HIST] fixture=2 class=attack_tail lower_us=2150 n=1[0m
[0;32mI (36244) forensics: [HIST] fixture=2 class=attack_tail lower_us=2160 n=1[0m
[0;32mI (36244) forensics: [CALLBACK_CURVE] model=PAN fixture=2 voices=8 class=attack_tail n=22 avg_us=2091.09 p95_us=2205 p99_us=2250 p995_us=2250 p999_us=2250 max_us=2249 deadline=0 overhead_avg_us=43.22[0m
[0;32mI (36264) forensics: [CALLBACK_HIST] fixture=2 class=attack_tail lower_us=2045 n=1[0m
[0;32mI (36274) forensics: [CALLBACK_HIST] fixture=2 class=attack_tail lower_us=2050 n=1[0m
[0;32mI (36284) forensics: [CALLBACK_HIST] fixture=2 class=attack_tail lower_us=2055 n=2[0m
[0;32mI (36294) forensics: [CALLBACK_HIST] fixture=2 class=attack_tail lower_us=2060 n=2[0m
[0;32mI (36304) forensics: [CALLBACK_HIST] fixture=2 class=attack_tail lower_us=2065 n=2[0m
[0;32mI (36304) forensics: [CALLBACK_HIST] fixture=2 class=attack_tail lower_us=2070 n=2[0m
[0;32mI (36314) forensics: [CALLBACK_HIST] fixture=2 class=attack_tail lower_us=2075 n=1[0m
[0;32mI (36324) forensics: [CALLBACK_HIST] fixture=2 class=attack_tail lower_us=2080 n=2[0m
[0;32mI (36334) forensics: [CALLBACK_HIST] fixture=2 class=attack_tail lower_us=2085 n=2[0m
[0;32mI (36344) forensics: [CALLBACK_HIST] fixture=2 class=attack_tail lower_us=2090 n=1[0m
[0;32mI (36354) forensics: [CALLBACK_HIST] fixture=2 class=attack_tail lower_us=2095 n=1[0m
[0;32mI (36354) forensics: [CALLBACK_HIST] fixture=2 class=attack_tail lower_us=2105 n=2[0m
[0;32mI (36364) forensics: [CALLBACK_HIST] fixture=2 class=attack_tail lower_us=2120 n=1[0m
[0;32mI (36374) forensics: [CALLBACK_HIST] fixture=2 class=attack_tail lower_us=2200 n=1[0m
[0;32mI (36384) forensics: [CALLBACK_HIST] fixture=2 class=attack_tail lower_us=2245 n=1[0m
[0;32mI (36394) forensics: [CURVE] model=PAN fixture=2 voices=8 class=event n=22 avg_us=2686.34 p95_us=2775 p99_us=2790 p995_us=2790 p999_us=2790 max_us=2787 deadline=15 bad_voices=0 ble_lost=0 hard=0 sat=0 bin_us=5 max_observed_voices=8[0m
[0;32mI (36414) forensics: [HIST] fixture=2 class=event lower_us=2610 n=1[0m
[0;32mI (36414) forensics: [HIST] fixture=2 class=event lower_us=2625 n=1[0m
[0;32mI (36424) forensics: [HIST] fixture=2 class=event lower_us=2640 n=1[0m
[0;32mI (36434) forensics: [HIST] fixture=2 class=event lower_us=2645 n=1[0m
[0;32mI (36444) forensics: [HIST] fixture=2 class=event lower_us=2650 n=1[0m
[0;32mI (36444) forensics: [HIST] fixture=2 class=event lower_us=2655 n=1[0m
[0;32mI (36454) forensics: [HIST] fixture=2 class=event lower_us=2660 n=1[0m
[0;32mI (36464) forensics: [HIST] fixture=2 class=event lower_us=2665 n=1[0m
[0;32mI (36464) forensics: [HIST] fixture=2 class=event lower_us=2670 n=4[0m
[0;32mI (36474) forensics: [HIST] fixture=2 class=event lower_us=2675 n=1[0m
[0;32mI (36484) forensics: [HIST] fixture=2 class=event lower_us=2695 n=2[0m
[0;32mI (36484) forensics: [HIST] fixture=2 class=event lower_us=2700 n=1[0m
[0;32mI (36494) forensics: [HIST] fixture=2 class=event lower_us=2715 n=1[0m
[0;32mI (36504) forensics: [HIST] fixture=2 class=event lower_us=2720 n=2[0m
[0;32mI (36504) forensics: [HIST] fixture=2 class=event lower_us=2765 n=1[0m
[0;32mI (36514) forensics: [HIST] fixture=2 class=event lower_us=2770 n=1[0m
[0;32mI (36524) forensics: [HIST] fixture=2 class=event lower_us=2785 n=1[0m
[0;32mI (36534) forensics: [CALLBACK_CURVE] model=PAN fixture=2 voices=8 class=event n=22 avg_us=2818.50 p95_us=2940 p99_us=2985 p995_us=2985 p999_us=2985 max_us=2982 deadline=22 overhead_avg_us=132.16[0m
[0;32mI (36544) forensics: [CALLBACK_HIST] fixture=2 class=event lower_us=2675 n=1[0m
[0;32mI (36554) forensics: [CALLBACK_HIST] fixture=2 class=event lower_us=2755 n=1[0m
[0;32mI (36564) forensics: [CALLBACK_HIST] fixture=2 class=event lower_us=2770 n=4[0m
[0;32mI (36574) forensics: [CALLBACK_HIST] fixture=2 class=event lower_us=2785 n=1[0m
[0;32mI (36574) forensics: [CALLBACK_HIST] fixture=2 class=event lower_us=2790 n=1[0m
[0;32mI (36584) forensics: [CALLBACK_HIST] fixture=2 class=event lower_us=2795 n=1[0m
[0;32mI (36594) forensics: [CALLBACK_HIST] fixture=2 class=event lower_us=2805 n=2[0m
[0;32mI (36604) forensics: [CALLBACK_HIST] fixture=2 class=event lower_us=2810 n=2[0m
[0;32mI (36614) forensics: [CALLBACK_HIST] fixture=2 class=event lower_us=2825 n=1[0m
[0;32mI (36614) forensics: [CALLBACK_HIST] fixture=2 class=event lower_us=2830 n=1[0m
[0;32mI (36624) forensics: [CALLBACK_HIST] fixture=2 class=event lower_us=2835 n=2[0m
[0;32mI (36634) forensics: [CALLBACK_HIST] fixture=2 class=event lower_us=2860 n=2[0m
[0;32mI (36644) forensics: [CALLBACK_HIST] fixture=2 class=event lower_us=2900 n=1[0m
[0;32mI (36644) forensics: [CALLBACK_HIST] fixture=2 class=event lower_us=2935 n=1[0m
[0;32mI (36654) forensics: [CALLBACK_HIST] fixture=2 class=event lower_us=2980 n=1[0m
[0;32mI (36664) forensics: [CURVE] model=PAN fixture=2 voices=8 class=fixture_transition n=1 avg_us=626.81 p95_us=630 p99_us=630 p995_us=630 p999_us=630 max_us=627 deadline=0 bad_voices=0 ble_lost=0 hard=0 sat=0 bin_us=5 max_observed_voices=8[0m
[0;32mI (36684) forensics: [HIST] fixture=2 class=fixture_transition lower_us=625 n=1[0m
[0;32mI (36694) forensics: [CALLBACK_CURVE] model=PAN fixture=2 voices=8 class=fixture_transition n=1 avg_us=652.00 p95_us=655 p99_us=655 p995_us=655 p999_us=655 max_us=652 deadline=0 overhead_avg_us=25.19[0m
[0;32mI (36714) forensics: [CALLBACK_HIST] fixture=2 class=fixture_transition lower_us=650 n=1[0m
[0;32mI (36724) forensics: [FASTPATH] fixture=2 stable8=145 attack=16[0m
[0;32mI (36724) forensics: [OVERHEAD] fixture=2 blocks=4096 model_reset_avg_us=1.74 model_reset_max_us=17 queue_avg_us=1.95 queue_max_us=27 render_avg_us=1674.76 telem_avg_us=6.09 telem_max_us=142 telem_publishes=512[0m
[0;32mI (36774) pocket_pan_main: [AUDIO] model=PAN blocks=13446 avg_us=10 p99_us=2050 max_us=2982 cpu_load=0.4 deadline=22 timeout=0 tx_error=0 short=0[0m
[0;32mI (36774) pocket_pan_main: [MIDI] push=0 pop=0 drop=0 hwm=0 last=(n=62 v=0 t=78 hex=000000)[0m
[0;32mI (36784) pocket_pan_main: [BLE] state=8 interval_ms=11.25 latency=0 rssi=-58 reconnects=0 last_disconnect=0[0m
[0;32mI (36794) pocket_pan_main: [MEM] internal_free=60679 largest_internal=31744[0m
[0;32mI (36804) pocket_pan_main: [UIREDRAW] urgent=9 telemetry=144 skip=860[0m
[0;32mI (41794) pocket_pan_main: [AUDIO] model=PAN blocks=15327 avg_us=10 p99_us=25 max_us=2982 cpu_load=0.4 deadline=22 timeout=0 tx_error=0 short=0[0m
[0;32mI (41794) pocket_pan_main: [MIDI] push=0 pop=0 drop=0 hwm=0 last=(n=62 v=0 t=78 hex=000000)[0m
[0;32mI (41804) pocket_pan_main: [BLE] state=8 interval_ms=11.25 latency=0 rssi=-58 reconnects=0 last_disconnect=0[0m
[0;32mI (41814) pocket_pan_main: [MEM] internal_free=60679 largest_internal=31744[0m
[0;32mI (41824) pocket_pan_main: [UIREDRAW] urgent=9 telemetry=153 skip=1017[0m
