[0;32mI (124) esp_image: segment 1: paddr=00030eec vaddr=3fca44ESP-ROM:esp32s3-20210327
Build:Mar 27 2021
rst:0x15 (USB_UART_CHIP_RESET),boot:0x8 (SPI_FAST_FLASH_BOOT)
Saved PC:0x4200a257
SPIWP:0xee
mode:DIO, clock div:1
load:0x3fce2810,len:0x178c
load:0x403c8700,len:0x4
load:0x403c8704,len:0xcb8
load:0x403cb700,len:0x2db0
entry 0x403c8914
[0;32mI (26) boot: ESP-IDF v5.3-dirty 2nd stage bootloader[0m
[0;32mI (27) boot: compile time Oct  1 2026 19:28:03[0m
[0;32mI (27) boot: Multicore bootloader[0m
[0;32mI (30) boot: chip revision: v0.2[0m
[0;32mI (34) boot.esp32s3: Boot SPI Speed : 80MHz[0m
[0;32mI (39) boot.esp32s3: SPI Mode       : DIO[0m
[0;32mI (43) boot.esp32s3: SPI Flash Size : 4MB[0m
[0;32mI (48) boot: Enabling RNG early entropy source...[0m
[0;32mI (54) boot: Partition Table:[0m
[0;32mI (57) boot: ## Label            Usage          Type ST Offset   Length[0m
[0;32mI (64) boot:  0 nvs              WiFi data        01 02 00009000 00006000[0m
[0;32mI (72) boot:  1 phy_init         RF data          01 01 0000f000 00001000[0m
[0;32mI (79) boot:  2 factory          factory app      00 00 00010000 00100000[0m
[0;32mI (87) boot: End of partition table[0m
[0;32mI (91) esp_image: segment 0: paddr=00010020 vaddr=3c070020 size=20ec4h (134852) map[0m
[0;32mI (124) esp_image: segment 1: paddr=00030eec vaddr=3fca4400 size=04500h ( 17664) load[0m
[0;32mI (128) esp_image: segment 2: paddr=000353f4 vaddr=40374000 size=0ac24h ( 44068) load[0m
[0;32mI (139) esp_image: segment 3: paddr=00040020 vaddr=42000020 size=65f90h (417680) map[0m
[0;32mI (214) esp_image: segment 4: paddr=000a5fb8 vaddr=4037ec24 size=157a0h ( 87968) load[0m
[0;32mI (247) boot: Loaded app from partition at offset 0x10000[0m
[0;32mI (247) boot: Disabling RNG early entropy source...[0m
[0;32mI (259) esp_psram: Found 2MB PSRAM device[0m
[0;32mI (259) esp_psram: Speed: 40MHz[0m
[0;32mI (260) cpu_start: Multicore app[0m
[0;32mI (679) esp_psram: SPI SRAM memory test OK[0m
[0;32mI (688) cpu_start: Pro cpu start user code[0m
[0;32mI (688) cpu_start: cpu freq: 240000000 Hz[0m
[0;32mI (688) app_init: Application information:[0m
[0;32mI (691) app_init: Project name:     pocket_pan[0m
[0;32mI (696) app_init: App version:      f7f89e4-dirty[0m
[0;32mI (702) app_init: Compile time:     Oct  2 2026 14:18:32[0m
[0;32mI (708) app_init: ELF file SHA256:  e0785d479...[0m
[0;32mI (713) app_init: ESP-IDF:          v5.3-dirty[0m
[0;32mI (718) efuse_init: Min chip rev:     v0.0[0m
[0;32mI (723) efuse_init: Max chip rev:     v0.99 [0m
[0;32mI (728) efuse_init: Chip rev:         v0.2[0m
[0;32mI (733) heap_init: Initializing. RAM available for dynamic allocation:[0m
[0;32mI (740) heap_init: At 3FCCA5F0 len 0001F120 (124 KiB): RAM[0m
[0;32mI (746) heap_init: At 3FCE9710 len 00005724 (21 KiB): RAM[0m
[0;32mI (752) heap_init: At 3FCF0000 len 00008000 (32 KiB): DRAM[0m
[0;32mI (758) heap_init: At 600FE100 len 00001EE8 (7 KiB): RTCRAM[0m
[0;32mI (765) esp_psram: Adding pool of 2048K of PSRAM memory to heap allocator[0m
[0;32mI (773) spi_flash: detected chip: generic[0m
[0;32mI (777) spi_flash: flash io: dio[0m
[0;32mI (781) sleep: Configure to isolate all GPIO pins in sleep state[0m
[0;32mI (787) sleep: Enable automatic switching of GPIO sleep configuration[0m
[0;32mI (795) coexist: coex firmware version: dab85ae96[0m
[0;32mI (800) coexist: coexist rom version e7ae62f[0m
[0;32mI (805) main_task: Started on CPU0[0m
[0;32mI (815) esp_psram: Reserving pool of 32K of internal memory for DMA/internal allocations[0m
[0;32mI (815) main_task: Calling app_main()[0m
[0;32mI (825) pocket_pan_main: [MEM_STAGE] stage=entry internal_free=163787 largest_internal=69632 psram_free=2094528[0m
[0;32mI (835) pocket_pan_main: ===============================================[0m
[0;32mI (845) pocket_pan_main:   Pocket Pan / Metal Modal Synthesizer v1.0.0[0m
[0;32mI (845) pocket_pan_main:   Hardware: TENSTAR TS-ESP32-S3 (Feather TFT)[0m
[0;32mI (855) pocket_pan_main: ===============================================[0m
[0;32mI (865) pocket_pan_main: [FORENSICS] candidate=25 profile=0 cpu_mhz=240 optimization_perf=1 process6=1 fine_bins=5 critical_only=0[0m
[0;32mI (895) pocket_pan_main: [MEM_STAGE] stage=dsp_ready internal_free=163787 largest_internal=69632 psram_free=2094528[0m
[0;32mI (895) gpio: GPIO[10]| InputEn: 0| OutputEn: 1| OpenDrain: 0| Pullup: 0| Pulldown: 1| Intr:0 [0m
[0;32mI (905) AudioI2S: I2S TX initialized (48kHz, 32-bit slot, stereo, 6x128 frames DMA = 1024 bytes/buf)[0m
[0;32mI (925) AudioI2S: Audio task started on Core 0 at priority 12[0m
[0;32mI (925) pocket_pan_main: [MEM_STAGE] stage=i2s_ready internal_free=149055 largest_internal=55296 psram_free=2094528[0m
[0;32mI (935) Display: [DISP_MEM_PRE] before: int_free=149055 int_largest=55296 psram_free=2094528[0m
[0;33mW (945) Display: Internal SRAM (64800 B) exhausted; falling back to PSRAM[0m
[0;32mI (955) Display: [DISP_MEM] framebuffer=0x3c0a0a44 (size=64800, align=4, internal=0, dma=0, psram=1)[0m
[0;32mI (965) Display: [DISP_MEM] scratch=0x3fcdbcc4 (size=9600, align=4, internal=1, dma=1)[0m
[0;32mI (965) Display: [DISP_MEM] before: int_free=149055 int_largest=55296 psram_free=2094528[0m
[0;32mI (975) Display: [DISP_MEM] after:  int_free=139451 int_largest=45056 psram_free=2029724[0m
[0;32mI (985) gpio: GPIO[39]| InputEn: 0| OutputEn: 1| OpenDrain: 0| Pullup: 0| Pulldown: 0| Intr:0 [0m
[0;32mI (995) gpio: GPIO[40]| InputEn: 0| OutputEn: 1| OpenDrain: 0| Pullup: 0| Pulldown: 0| Intr:0 [0m
[0;32mI (1005) gpio: GPIO[21]| InputEn: 0| OutputEn: 1| OpenDrain: 0| Pullup: 0| Pulldown: 0| Intr:0 [0m
[0;32mI (1235) gpio: GPIO[45]| InputEn: 0| OutputEn: 1| OpenDrain: 0| Pullup: 0| Pulldown: 0| Intr:0 [0m
[0;31mE (1245) lcd_panel.io.spi: panel_io_spi_tx_color(390): spi transmit (queue) color failed[0m
[0;31mE (1245) lcd_panel.st7789: panel_st7789_draw_bitmap(223): io tx color failed[0m
[0;32mI (1245) Display: ST7789 240x135 display initialized successfully (SPI 40MHz, GDMA callback armed)[0m
[0;32mI (1255) pocket_pan_main: [CANARY] PreparedNote canaries OK=1[0m
[0;32mI (1265) pocket_pan_main: [MEM_STAGE] stage=display_ready internal_free=104315 largest_internal=31744 psram_free=2029724[0m
[0;32mI (1275) BLE_INIT: BT controller compile version [ba3b3e3][0m
[0;32mI (1285) BLE_INIT: Bluetooth MAC: b4:3a:45:ae:6f:2a[0m
[0;32mI (1285) phy_init: phy_version 680,a6008b2,Jun  4 2024,16:41:10[0m
[0;32mI (1325) BleMidi: NimBLE Host task running on Core 1[0m
[0;32mI (1325) BleMidi: NimBLE BLE MIDI Central initialized and pinned to Core 1[0m
[0;32mI (1335) pocket_pan_main: [MEM_STAGE] stage=ble_ready internal_free=43983 largest_internal=31744 psram_free=2029724[0m
[0;32mI (1335) NimBLE: Failed to restore IRKs from store; status=8
[0m
[0;32mI (1345) pocket_pan_main: [M75_MEMORY] table_bytes=9640 cache_bytes=60552 synth_bytes=81668 internal_free=43983 largest_internal=31744[0m
[0;32mI (1345) NimBLE: GAP procedure initiated: discovery; [0m
[0;32mI (1365) pocket_pan_main: [UDU_CACHE] compact_bytes=5928 modal_models=9[0m
[0;32mI (1365) NimBLE: own_addr_type=0 filter_policy=0 passive=0 limited=0 filter_duplicates=1 [0m
[0;32mI (1375) pocket_pan_main: [CACHE_LAYOUT] packed=1 storage_bytes=60552 note_scratch_bytes=132[0m
[0;32mI (1385) NimBLE: duration=forever[0m
[0;32mI (1395) pocket_pan_main: [UDU_STATE] voice_bytes=124 fixed_reference=0[0m
[0;32mI (1395) NimBLE: 
[0m
[0;32mI (1405) pocket_pan_main: [MEM_STAGE] stage=ui_ready internal_free=39539 largest_internal=31744 psram_free=2029724[0m
[0;32mI (1405) BleMidi: Scanning for BLE MIDI devices...[0m
[0;32mI (1405) gpio: GPIO[0]| InputEn: 1| OutputEn: 0| OpenDrain: 0| Pullup: 1| Pulldown: 0| Intr:0 [0m
[0;32mI (1415) pocket_pan_main: Pocket Pan initialization complete. Realtime audio active.[0m
[0;32mI (1445) main_task: Returned from app_main()[0m
[0;31mE (1445) lcd_panel.io.spi: panel_io_spi_tx_color(390): spi transmit (queue) color failed[0m
[0;31mE (1455) lcd_panel.st7789: panel_st7789_draw_bitmap(223): io tx color failed[0m
[0;32mI (1465) BleMidi: BLE MIDI device found (59:FB:B6:B7:BF:0F); connecting[0m
[0;32mI (1475) NimBLE: GAP procedure initiated: connect; [0m
[0;32mI (1475) NimBLE: peer_addr_type=0 peer_addr=[0m
[0;32mI (1475) NimBLE: 59:fb:b6:b7:bf:0f[0m
[0;32mI (1485) NimBLE:  scan_itvl=16 scan_window=16 itvl_min=24 itvl_max=40 latency=0 supervision_timeout=256 min_ce_len=0 max_ce_len=0 own_addr_type=0[0m
[0;32mI (1495) NimBLE: 
[0m
[0;32mI (1575) BleMidi: BLE Connected! conn_handle=1[0m
[0;32mI (1575) NimBLE: GAP procedure initiated: [0m
[0;32mI (1575) NimBLE: connection parameter update; conn_handle=1 itvl_min=6 itvl_max=12 latency=0 supervision_timeout=200 min_ce_len=0 max_ce_len=0[0m
[0;32mI (1585) NimBLE: 
[0m
[0;32mI (1595) BleMidi: Requested connection params 7.5-15ms latency=0 timeout=2s rc=0[0m
[0;32mI (1595) NimBLE: GATT procedure initiated: discover all services
[0m
[0;32mI (1885) BleMidi: Negotiated params interval=50.00ms latency=0 timeout=2560ms[0m
[0;32mI (1885) NimBLE: Reattempt connection; reason = 0x3e, status = 0,reattempt count = 0 [0m
[0;31mE (1885) BleMidi: MIDI service discovery failed; disconnecting for recovery[0m
[0;32mI (1895) NimBLE: GAP procedure initiated: terminate connection; conn_handle=1 hci_reason=19
[0m
[0;32mI (1905) NimBLE: GAP procedure initiated: connect; [0m
[0;32mI (1915) NimBLE: peer_addr_type=0 peer_addr=[0m
[0;32mI (1915) NimBLE: 59:fb:b6:b7:bf:0f[0m
[0;32mI (1915) NimBLE:  scan_itvl=16 scan_window=16 itvl_min=24 itvl_max=40 latency=0 supervision_timeout=256 min_ce_len=0 max_ce_len=0 own_addr_type=0[0m
[0;32mI (1935) NimBLE: 
[0m
[0;32mI (1995) BleMidi: BLE Connected! conn_handle=1[0m
[0;32mI (1995) NimBLE: GAP procedure initiated: [0m
[0;32mI (1995) NimBLE: connection parameter update; conn_handle=1 itvl_min=6 itvl_max=12 latency=0 supervision_timeout=200 min_ce_len=0 max_ce_len=0[0m
[0;32mI (2015) NimBLE: 
[0m
[0;32mI (2015) BleMidi: Requested connection params 7.5-15ms latency=0 timeout=2s rc=0[0m
[0;32mI (2025) NimBLE: GATT procedure initiated: discover all services
[0m
[0;32mI (2285) BleMidi: Found BLE MIDI Service! start_handle=112 end_handle=115[0m
[0;32mI (2285) NimBLE: GATT procedure initiated: discover all characteristics; [0m
[0;32mI (2285) NimBLE: start_handle=112 end_handle=115
[0m
[0;32mI (2385) BleMidi: Found BLE MIDI Characteristic! def_handle=113 val_handle=114 props=0x16[0m
[0;32mI (2385) NimBLE: GATT procedure initiated: discover all descriptors; [0m
[0;32mI (2385) NimBLE: chr_val_handle=114 end_handle=115
[0m
[0;32mI (2485) BleMidi: Discovered CCCD (0x2902) handle=115[0m
[0;32mI (2485) NimBLE: GATT procedure initiated: write; [0m
[0;32mI (2485) NimBLE: att_handle=115 len=2
[0m
[0;32mI (2535) BleMidi: Negotiated params interval=7.50ms latency=0 timeout=2000ms[0m
[0;32mI (2545) BleMidi: CCCD subscription successful; BLE MIDI ready[0m
[0;32mI (2545) NimBLE: GAP procedure initiated: [0m
[0;32mI (2545) NimBLE: connection parameter update; conn_handle=1 itvl_min=6 itvl_max=9 latency=0 supervision_timeout=100 min_ce_len=0 max_ce_len=0[0m
[0;32mI (2565) NimBLE: 
[0m
[0;32mI (2645) BleMidi: Negotiated params interval=11.25ms latency=0 timeout=1000ms[0m
[0;32mI (5815) pocket_pan_main: [AUDIO] model=PAN blocks=1835 avg_us=723 p99_us=0 max_us=1331 cpu_load=27.1 deadline=0 timeout=0 tx_error=0 short=0[0m
[0;32mI (5815) pocket_pan_main: [MIDI] push=1 pop=1 drop=0 hwm=1 last=(n=50 v=75 t=78 hex=90324B)[0m
[0;32mI (5825) pocket_pan_main: [BLE] state=8 interval_ms=11.25 latency=0 rssi=-69 reconnects=0 last_disconnect=0[0m
[0;32mI (5835) pocket_pan_main: [MEM] internal_free=77087 largest_internal=32768[0m
[0;32mI (5845) pocket_pan_main: [UICORR] >1733(tot=0 draw=0 lcd=0 both=0 none=0) >2000(tot=0 draw=0 lcd=0 both=0 none=0)[0m
[0;32mI (5855) pocket_pan_main: [UIMETRIC] arch=0 field_updates=17 total_transfers=10 total_pixels=129600 last_sub_us=278 last_dma_us=1068[0m
[0;32mI (5865) pocket_pan_main: [UIREDRAW] urgent=11 telemetry=16 skip=117[0m
[0;32mI (10825) pocket_pan_main: [AUDIO] model=PAN blocks=3712 avg_us=728 p99_us=975 max_us=1331 cpu_load=27.3 deadline=0 timeout=0 tx_error=0 short=0[0m
[0;32mI (10825) pocket_pan_main: [MIDI] push=1 pop=1 drop=0 hwm=1 last=(n=50 v=75 t=78 hex=90324B)[0m
[0;32mI (10835) pocket_pan_main: [BLE] state=8 interval_ms=11.25 latency=0 rssi=-73 reconnects=0 last_disconnect=0[0m
[0;32mI (10845) pocket_pan_main: [MEM] internal_free=77087 largest_internal=32768[0m
[0;32mI (10855) pocket_pan_main: [UICORR] >1733(tot=0 draw=0 lcd=0 both=0 none=0) >2000(tot=0 draw=0 lcd=0 both=0 none=0)[0m
[0;32mI (10865) pocket_pan_main: [UIMETRIC] arch=0 field_updates=21 total_transfers=14 total_pixels=137280 last_sub_us=266 last_dma_us=1053[0m
[0;32mI (10875) pocket_pan_main: [UIREDRAW] urgent=11 telemetry=39 skip=259[0m
[0;32mI (13525) forensics: [SAFETY] fixture=3 hard=0 sat=0 nonfinite=0 ble_lost=0[0m
[0;32mI (13525) forensics: [EVENT_ONLY] fixture=3 n=512 avg_us=109.00 max_us=357[0m
[0;32mI (13525) forensics: [FIXTURE_IO] model=PAN fixture=3 avg_us=728 p99_us=975 max_us=1331 cpu_pct=27.30 deadline=0 timeouts=0 tx_errors=0 short_writes=0[0m
[0;32mI (13535) forensics: [CURVE] model=PAN fixture=3 voices=1 class=true_steady n=2815 avg_us=670.94 p95_us=700 p99_us=745 p995_us=760 p999_us=780 max_us=811 deadline=0 bad_voices=0 ble_lost=0 hard=0 sat=0 bin_us=5 max_observed_voices=1[0m
[0;32mI (13565) forensics: [HIST] fixture=3 class=true_steady lower_us=495 n=5[0m
[0;32mI (13565) forensics: [HIST] fixture=3 class=true_steady lower_us=650 n=32[0m
[0;32mI (13575) forensics: [HIST] fixture=3 class=true_steady lower_us=655 n=332[0m
[0;32mI (13585) forensics: [HIST] fixture=3 class=true_steady lower_us=660 n=514[0m
[0;32mI (13595) forensics: [HIST] fixture=3 class=true_steady lower_us=665 n=595[0m
[0;32mI (13595) forensics: [HIST] fixture=3 class=true_steady lower_us=670 n=560[0m
[0;32mI (13605) forensics: [HIST] fixture=3 class=true_steady lower_us=675 n=348[0m
[0;32mI (13615) forensics: [HIST] fixture=3 class=true_steady lower_us=680 n=130[0m
[0;32mI (13625) forensics: [HIST] fixture=3 class=true_steady lower_us=685 n=90[0m
[0;32mI (13625) forensics: [HIST] fixture=3 class=true_steady lower_us=690 n=54[0m
[0;32mI (13635) forensics: [HIST] fixture=3 class=true_steady lower_us=695 n=54[0m
[0;32mI (13645) forensics: [HIST] fixture=3 class=true_steady lower_us=700 n=27[0m
[0;32mI (13655) forensics: [HIST] fixture=3 class=true_steady lower_us=705 n=11[0m
[0;32mI (13655) forensics: [HIST] fixture=3 class=true_steady lower_us=710 n=7[0m
[0;32mI (13665) forensics: [HIST] fixture=3 class=true_steady lower_us=715 n=5[0m
[0;32mI (13675) forensics: [HIST] fixture=3 class=true_steady lower_us=720 n=2[0m
[0;32mI (13685) forensics: [HIST] fixture=3 class=true_steady lower_us=725 n=8[0m
[0;32mI (13685) forensics: [HIST] fixture=3 class=true_steady lower_us=730 n=6[0m
[0;32mI (13695) forensics: [HIST] fixture=3 class=true_steady lower_us=735 n=6[0m
[0;32mI (13705) forensics: [HIST] fixture=3 class=true_steady lower_us=740 n=4[0m
[0;32mI (13705) forensics: [HIST] fixture=3 class=true_steady lower_us=745 n=5[0m
[0;32mI (13715) forensics: [HIST] fixture=3 class=true_steady lower_us=750 n=4[0m
[0;32mI (13725) forensics: [HIST] fixture=3 class=true_steady lower_us=755 n=2[0m
[0;32mI (13735) forensics: [HIST] fixture=3 class=true_steady lower_us=760 n=4[0m
[0;32mI (13735) forensics: [HIST] fixture=3 class=true_steady lower_us=765 n=4[0m
[0;32mI (13745) forensics: [HIST] fixture=3 class=true_steady lower_us=770 n=2[0m
[0;32mI (13755) forensics: [HIST] fixture=3 class=true_steady lower_us=775 n=3[0m
[0;32mI (13765) forensics: [HIST] fixture=3 class=true_steady lower_us=810 n=1[0m
[0;32mI (13765) forensics: [CALLBACK_CURVE] model=PAN fixture=3 voices=1 class=true_steady n=2814 avg_us=685.47 p95_us=735 p99_us=855 p995_us=880 p999_us=915 max_us=955 deadline=0 overhead_avg_us=14.53[0m
[0;32mI (13785) forensics: [CALLBACK_HIST] fixture=3 class=true_steady lower_us=505 n=5[0m
[0;32mI (13795) forensics: [CALLBACK_HIST] fixture=3 class=true_steady lower_us=660 n=31[0m
[0;32mI (13805) forensics: [CALLBACK_HIST] fixture=3 class=true_steady lower_us=665 n=377[0m
[0;32mI (13815) forensics: [CALLBACK_HIST] fixture=3 class=true_steady lower_us=670 n=560[0m
[0;32mI (13815) forensics: [CALLBACK_HIST] fixture=3 class=true_steady lower_us=675 n=611[0m
[0;32mI (13825) forensics: [CALLBACK_HIST] fixture=3 class=true_steady lower_us=680 n=457[0m
[0;32mI (13835) forensics: [CALLBACK_HIST] fixture=3 class=true_steady lower_us=685 n=251[0m
[0;32mI (13845) forensics: [CALLBACK_HIST] fixture=3 class=true_steady lower_us=690 n=85[0m
[0;32mI (13855) forensics: [CALLBACK_HIST] fixture=3 class=true_steady lower_us=695 n=48[0m
[0;32mI (13865) forensics: [CALLBACK_HIST] fixture=3 class=true_steady lower_us=700 n=36[0m
[0;32mI (13865) forensics: [CALLBACK_HIST] fixture=3 class=true_steady lower_us=705 n=40[0m
[0;32mI (13875) forensics: [CALLBACK_HIST] fixture=3 class=true_steady lower_us=710 n=39[0m
[0;32mI (13885) forensics: [CALLBACK_HIST] fixture=3 class=true_steady lower_us=715 n=26[0m
[0;32mI (13895) forensics: [CALLBACK_HIST] fixture=3 class=true_steady lower_us=720 n=46[0m
[0;32mI (13905) forensics: [CALLBACK_HIST] fixture=3 class=true_steady lower_us=725 n=41[0m
[0;32mI (13915) forensics: [CALLBACK_HIST] fixture=3 class=true_steady lower_us=730 n=32[0m
[0;32mI (13915) forensics: [CALLBACK_HIST] fixture=3 class=true_steady lower_us=735 n=19[0m
[0;32mI (13925) forensics: [CALLBACK_HIST] fixture=3 class=true_steady lower_us=740 n=21[0m
[0;32mI (13935) forensics: [CALLBACK_HIST] fixture=3 class=true_steady lower_us=745 n=16[0m
[0;32mI (13945) forensics: [CALLBACK_HIST] fixture=3 class=true_steady lower_us=750 n=11[0m
[0;32mI (13955) forensics: [CALLBACK_HIST] fixture=3 class=true_steady lower_us=755 n=5[0m
[0;32mI (13965) forensics: [CALLBACK_HIST] fixture=3 class=true_steady lower_us=760 n=3[0m
[0;32mI (13965) forensics: [CALLBACK_HIST] fixture=3 class=true_steady lower_us=765 n=2[0m
[0;32mI (13975) forensics: [CALLBACK_HIST] fixture=3 class=true_steady lower_us=770 n=2[0m
[0;32mI (13985) forensics: [CALLBACK_HIST] fixture=3 class=true_steady lower_us=775 n=1[0m
[0;32mI (13995) forensics: [CALLBACK_HIST] fixture=3 class=true_steady lower_us=780 n=1[0m
[0;32mI (14005) forensics: [CALLBACK_HIST] fixture=3 class=true_steady lower_us=790 n=1[0m
[0;32mI (14005) forensics: [CALLBACK_HIST] fixture=3 class=true_steady lower_us=795 n=1[0m
[0;32mI (14015) forensics: [CALLBACK_HIST] fixture=3 class=true_steady lower_us=800 n=1[0m
[0;32mI (14025) forensics: [CALLBACK_HIST] fixture=3 class=true_steady lower_us=805 n=1[0m
[0;32mI (14035) forensics: [CALLBACK_HIST] fixture=3 class=true_steady lower_us=810 n=2[0m
[0;32mI (14045) forensics: [CALLBACK_HIST] fixture=3 class=true_steady lower_us=815 n=1[0m
[0;32mI (14045) forensics: [CALLBACK_HIST] fixture=3 class=true_steady lower_us=820 n=2[0m
[0;32mI (14055) forensics: [CALLBACK_HIST] fixture=3 class=true_steady lower_us=825 n=2[0m
[0;32mI (14065) forensics: [CALLBACK_HIST] fixture=3 class=true_steady lower_us=830 n=3[0m
[0;32mI (14075) forensics: [CALLBACK_HIST] fixture=3 class=true_steady lower_us=835 n=3[0m
[0;32mI (14085) forensics: [CALLBACK_HIST] fixture=3 class=true_steady lower_us=840 n=1[0m
[0;32mI (14095) forensics: [CALLBACK_HIST] fixture=3 class=true_steady lower_us=845 n=1[0m
[0;32mI (14095) forensics: [CALLBACK_HIST] fixture=3 class=true_steady lower_us=850 n=2[0m
[0;32mI (14105) forensics: [CALLBACK_HIST] fixture=3 class=true_steady lower_us=855 n=2[0m
[0;32mI (14115) forensics: [CALLBACK_HIST] fixture=3 class=true_steady lower_us=860 n=3[0m
[0;32mI (14125) forensics: [CALLBACK_HIST] fixture=3 class=true_steady lower_us=865 n=4[0m
[0;32mI (14135) forensics: [CALLBACK_HIST] fixture=3 class=true_steady lower_us=870 n=2[0m
[0;32mI (14135) forensics: [CALLBACK_HIST] fixture=3 class=true_steady lower_us=875 n=3[0m
[0;32mI (14145) forensics: [CALLBACK_HIST] fixture=3 class=true_steady lower_us=880 n=1[0m
[0;32mI (14155) forensics: [CALLBACK_HIST] fixture=3 class=true_steady lower_us=885 n=3[0m
[0;32mI (14165) forensics: [CALLBACK_HIST] fixture=3 class=true_steady lower_us=895 n=4[0m
[0;32mI (14175) forensics: [CALLBACK_HIST] fixture=3 class=true_steady lower_us=905 n=1[0m
[0;32mI (14185) forensics: [CALLBACK_HIST] fixture=3 class=true_steady lower_us=910 n=2[0m
[0;32mI (14185) forensics: [CALLBACK_HIST] fixture=3 class=true_steady lower_us=950 n=1[0m
[0;32mI (14195) forensics: [CALLBACK_HIST] fixture=3 class=true_steady lower_us=955 n=1[0m
[0;32mI (14205) forensics: [CURVE] model=PAN fixture=3 voices=1 class=attack_tail n=768 avg_us=723.81 p95_us=765 p99_us=810 p995_us=830 p999_us=870 max_us=865 deadline=0 bad_voices=0 ble_lost=0 hard=0 sat=0 bin_us=5 max_observed_voices=1[0m
[0;32mI (14225) forensics: [HIST] fixture=3 class=attack_tail lower_us=540 n=1[0m
[0;32mI (14235) forensics: [HIST] fixture=3 class=attack_tail lower_us=580 n=1[0m
[0;32mI (14245) forensics: [HIST] fixture=3 class=attack_tail lower_us=685 n=6[0m
[0;32mI (14245) forensics: [HIST] fixture=3 class=attack_tail lower_us=690 n=24[0m
[0;32mI (14255) forensics: [HIST] fixture=3 class=attack_tail lower_us=695 n=60[0m
[0;32mI (14265) forensics: [HIST] fixture=3 class=attack_tail lower_us=700 n=101[0m
[0;32mI (14275) forensics: [HIST] fixture=3 class=attack_tail lower_us=705 n=100[0m
[0;32mI (14275) forensics: [HIST] fixture=3 class=attack_tail lower_us=710 n=98[0m
[0;32mI (14285) forensics: [HIST] fixture=3 class=attack_tail lower_us=715 n=57[0m
[0;32mI (14295) forensics: [HIST] fixture=3 class=attack_tail lower_us=720 n=12[0m
[0;32mI (14305) forensics: [HIST] fixture=3 class=attack_tail lower_us=725 n=10[0m
[0;32mI (14305) forensics: [HIST] fixture=3 class=attack_tail lower_us=730 n=11[0m
[0;32mI (14315) forensics: [HIST] fixture=3 class=attack_tail lower_us=735 n=16[0m
[0;32mI (14325) forensics: [HIST] fixture=3 class=attack_tail lower_us=740 n=54[0m
[0;32mI (14335) forensics: [HIST] fixture=3 class=attack_tail lower_us=745 n=61[0m
[0;32mI (14335) forensics: [HIST] fixture=3 class=attack_tail lower_us=750 n=73[0m
[0;32mI (14345) forensics: [HIST] fixture=3 class=attack_tail lower_us=755 n=35[0m
[0;32mI (14355) forensics: [HIST] fixture=3 class=attack_tail lower_us=760 n=11[0m
[0;32mI (14365) forensics: [HIST] fixture=3 class=attack_tail lower_us=765 n=10[0m
[0;32mI (14365) forensics: [HIST] fixture=3 class=attack_tail lower_us=770 n=7[0m
[0;32mI (14375) forensics: [HIST] fixture=3 class=attack_tail lower_us=775 n=4[0m
[0;32mI (14385) forensics: [HIST] fixture=3 class=attack_tail lower_us=780 n=1[0m
[0;32mI (14385) forensics: [HIST] fixture=3 class=attack_tail lower_us=785 n=3[0m
[0;32mI (14395) forensics: [HIST] fixture=3 class=attack_tail lower_us=790 n=2[0m
[0;32mI (14405) forensics: [HIST] fixture=3 class=attack_tail lower_us=795 n=1[0m
[0;32mI (14415) forensics: [HIST] fixture=3 class=attack_tail lower_us=800 n=1[0m
[0;32mI (14415) forensics: [HIST] fixture=3 class=attack_tail lower_us=805 n=1[0m
[0;32mI (14425) forensics: [HIST] fixture=3 class=attack_tail lower_us=810 n=1[0m
[0;32mI (14435) forensics: [HIST] fixture=3 class=attack_tail lower_us=815 n=2[0m
[0;32mI (14445) forensics: [HIST] fixture=3 class=attack_tail lower_us=825 n=1[0m
[0;32mI (14445) forensics: [HIST] fixture=3 class=attack_tail lower_us=850 n=1[0m
[0;32mI (14455) forensics: [HIST] fixture=3 class=attack_tail lower_us=855 n=1[0m
[0;32mI (14465) forensics: [HIST] fixture=3 class=attack_tail lower_us=865 n=1[0m
[0;32mI (14475) forensics: [CALLBACK_CURVE] model=PAN fixture=3 voices=1 class=attack_tail n=768 avg_us=764.70 p95_us=835 p99_us=945 p995_us=965 p999_us=1065 max_us=1061 deadline=0 overhead_avg_us=40.90[0m
[0;32mI (14485) forensics: [CALLBACK_HIST] fixture=3 class=attack_tail lower_us=550 n=1[0m
[0;32mI (14495) forensics: [CALLBACK_HIST] fixture=3 class=attack_tail lower_us=665 n=1[0m
[0;32mI (14505) forensics: [CALLBACK_HIST] fixture=3 class=attack_tail lower_us=705 n=3[0m
[0;32mI (14515) forensics: [CALLBACK_HIST] fixture=3 class=attack_tail lower_us=710 n=23[0m
[0;32mI (14525) forensics: [CALLBACK_HIST] fixture=3 class=attack_tail lower_us=715 n=41[0m
[0;32mI (14535) forensics: [CALLBACK_HIST] fixture=3 class=attack_tail lower_us=720 n=74[0m
[0;32mI (14535) forensics: [CALLBACK_HIST] fixture=3 class=attack_tail lower_us=725 n=64[0m
[0;32mI (14545) forensics: [CALLBACK_HIST] fixture=3 class=attack_tail lower_us=730 n=34[0m
[0;32mI (14555) forensics: [CALLBACK_HIST] fixture=3 class=attack_tail lower_us=735 n=24[0m
[0;32mI (14565) forensics: [CALLBACK_HIST] fixture=3 class=attack_tail lower_us=740 n=34[0m
[0;32mI (14575) forensics: [CALLBACK_HIST] fixture=3 class=attack_tail lower_us=745 n=34[0m
[0;32mI (14575) forensics: [CALLBACK_HIST] fixture=3 class=attack_tail lower_us=750 n=46[0m
[0;32mI (14585) forensics: [CALLBACK_HIST] fixture=3 class=attack_tail lower_us=755 n=21[0m
[0;32mI (14595) forensics: [CALLBACK_HIST] fixture=3 class=attack_tail lower_us=760 n=24[0m
[0;32mI (14605) forensics: [CALLBACK_HIST] fixture=3 class=attack_tail lower_us=765 n=25[0m
[0;32mI (14615) forensics: [CALLBACK_HIST] fixture=3 class=attack_tail lower_us=770 n=17[0m
[0;32mI (14625) forensics: [CALLBACK_HIST] fixture=3 class=attack_tail lower_us=775 n=19[0m
[0;32mI (14625) forensics: [CALLBACK_HIST] fixture=3 class=attack_tail lower_us=780 n=31[0m
[0;32mI (14635) forensics: [CALLBACK_HIST] fixture=3 class=attack_tail lower_us=785 n=33[0m
[0;32mI (14645) forensics: [CALLBACK_HIST] fixture=3 class=attack_tail lower_us=790 n=42[0m
[0;32mI (14655) forensics: [CALLBACK_HIST] fixture=3 class=attack_tail lower_us=795 n=41[0m
[0;32mI (14665) forensics: [CALLBACK_HIST] fixture=3 class=attack_tail lower_us=800 n=27[0m
[0;32mI (14675) forensics: [CALLBACK_HIST] fixture=3 class=attack_tail lower_us=805 n=22[0m
[0;32mI (14675) forensics: [CALLBACK_HIST] fixture=3 class=attack_tail lower_us=810 n=19[0m
[0;32mI (14685) forensics: [CALLBACK_HIST] fixture=3 class=attack_tail lower_us=815 n=11[0m
[0;32mI (14695) forensics: [CALLBACK_HIST] fixture=3 class=attack_tail lower_us=820 n=8[0m
[0;32mI (14705) forensics: [CALLBACK_HIST] fixture=3 class=attack_tail lower_us=825 n=10[0m
[0;32mI (14715) forensics: [CALLBACK_HIST] fixture=3 class=attack_tail lower_us=830 n=5[0m
[0;32mI (14715) forensics: [CALLBACK_HIST] fixture=3 class=attack_tail lower_us=835 n=3[0m
[0;32mI (14725) forensics: [CALLBACK_HIST] fixture=3 class=attack_tail lower_us=840 n=5[0m
[0;32mI (14735) forensics: [CALLBACK_HIST] fixture=3 class=attack_tail lower_us=845 n=2[0m
[0;32mI (14745) forensics: [CALLBACK_HIST] fixture=3 class=attack_tail lower_us=850 n=4[0m
[0;32mI (14755) forensics: [CALLBACK_HIST] fixture=3 class=attack_tail lower_us=855 n=3[0m
[0;32mI (14765) forensics: [CALLBACK_HIST] fixture=3 class=attack_tail lower_us=860 n=1[0m
[0;32mI (14765) forensics: [CALLBACK_HIST] fixture=3 class=attack_tail lower_us=870 n=1[0m
[0;32mI (14775) forensics: [CALLBACK_HIST] fixture=3 class=attack_tail lower_us=880 n=1[0m
[0;32mI (14785) forensics: [CALLBACK_HIST] fixture=3 class=attack_tail lower_us=885 n=2[0m
[0;32mI (14795) forensics: [CALLBACK_HIST] fixture=3 class=attack_tail lower_us=895 n=1[0m
[0;32mI (14805) forensics: [CALLBACK_HIST] fixture=3 class=attack_tail lower_us=905 n=1[0m
[0;32mI (14805) forensics: [CALLBACK_HIST] fixture=3 class=attack_tail lower_us=920 n=1[0m
[0;32mI (14815) forensics: [CALLBACK_HIST] fixture=3 class=attack_tail lower_us=930 n=1[0m
[0;32mI (14825) forensics: [CALLBACK_HIST] fixture=3 class=attack_tail lower_us=940 n=1[0m
[0;32mI (14835) forensics: [CALLBACK_HIST] fixture=3 class=attack_tail lower_us=945 n=2[0m
[0;32mI (14845) forensics: [CALLBACK_HIST] fixture=3 class=attack_tail lower_us=955 n=1[0m
[0;32mI (14855) forensics: [CALLBACK_HIST] fixture=3 class=attack_tail lower_us=960 n=2[0m
[0;32mI (14855) forensics: [CALLBACK_HIST] fixture=3 class=attack_tail lower_us=970 n=1[0m
[0;32mI (14865) forensics: [CALLBACK_HIST] fixture=3 class=attack_tail lower_us=1060 n=1[0m
[0;32mI (14875) forensics: [CURVE] model=PAN fixture=3 voices=1 class=event n=512 avg_us=871.02 p95_us=985 p99_us=1010 p995_us=1040 p999_us=1205 max_us=1200 deadline=0 bad_voices=0 ble_lost=0 hard=0 sat=0 bin_us=5 max_observed_voices=1[0m
[0;32mI (14895) forensics: [HIST] fixture=3 class=event lower_us=635 n=1[0m
[0;32mI (14905) forensics: [HIST] fixture=3 class=event lower_us=790 n=2[0m
[0;32mI (14905) forensics: [HIST] fixture=3 class=event lower_us=795 n=2[0m
[0;32mI (14915) forensics: [HIST] fixture=3 class=event lower_us=800 n=12[0m
[0;32mI (14925) forensics: [HIST] fixture=3 class=event lower_us=805 n=8[0m
[0;32mI (14935) forensics: [HIST] fixture=3 class=event lower_us=810 n=16[0m
[0;32mI (14935) forensics: [HIST] fixture=3 class=event lower_us=815 n=16[0m
[0;32mI (14945) forensics: [HIST] fixture=3 class=event lower_us=820 n=11[0m
[0;32mI (14955) forensics: [HIST] fixture=3 class=event lower_us=825 n=23[0m
[0;32mI (14955) forensics: [HIST] fixture=3 class=event lower_us=830 n=18[0m
[0;32mI (14965) forensics: [HIST] fixture=3 class=event lower_us=835 n=10[0m
[0;32mI (14975) forensics: [HIST] fixture=3 class=event lower_us=840 n=20[0m
[0;32mI (14975) forensics: [HIST] fixture=3 class=event lower_us=845 n=16[0m
[0;32mI (14985) forensics: [HIST] fixture=3 class=event lower_us=850 n=29[0m
[0;32mI (14995) forensics: [HIST] fixture=3 class=event lower_us=855 n=45[0m
[0;32mI (14995) forensics: [HIST] fixture=3 class=event lower_us=860 n=29[0m
[0;32mI (15005) forensics: [HIST] fixture=3 class=event lower_us=865 n=36[0m
[0;32mI (15015) forensics: [HIST] fixture=3 class=event lower_us=870 n=42[0m
[0;32mI (15025) forensics: [HIST] fixture=3 class=event lower_us=875 n=34[0m
[0;32mI (15025) forensics: [HIST] fixture=3 class=event lower_us=880 n=24[0m
[0;32mI (15035) forensics: [HIST] fixture=3 class=event lower_us=885 n=19[0m
[0;32mI (15045) forensics: [HIST] fixture=3 class=event lower_us=890 n=10[0m
[0;32mI (15045) forensics: [HIST] fixture=3 class=event lower_us=895 n=8[0m
[0;32mI (15055) forensics: [HIST] fixture=3 class=event lower_us=900 n=3[0m
[0;32mI (15065) forensics: [HIST] fixture=3 class=event lower_us=905 n=4[0m
[0;32mI (15065) forensics: [HIST] fixture=3 class=event lower_us=915 n=2[0m
[0;32mI (15075) forensics: [HIST] fixture=3 class=event lower_us=925 n=2[0m
[0;32mI (15085) forensics: [HIST] fixture=3 class=event lower_us=930 n=1[0m
[0;32mI (15085) forensics: [HIST] fixture=3 class=event lower_us=935 n=2[0m
[0;32mI (15095) forensics: [HIST] fixture=3 class=event lower_us=940 n=7[0m
[0;32mI (15105) forensics: [HIST] fixture=3 class=event lower_us=945 n=5[0m
[0;32mI (15105) forensics: [HIST] fixture=3 class=event lower_us=950 n=1[0m
[0;32mI (15115) forensics: [HIST] fixture=3 class=event lower_us=955 n=6[0m
[0;32mI (15125) forensics: [HIST] fixture=3 class=event lower_us=960 n=4[0m
[0;32mI (15135) forensics: [HIST] fixture=3 class=event lower_us=965 n=1[0m
[0;32mI (15135) forensics: [HIST] fixture=3 class=event lower_us=970 n=5[0m
[0;32mI (15145) forensics: [HIST] fixture=3 class=event lower_us=975 n=6[0m
[0;32mI (15155) forensics: [HIST] fixture=3 class=event lower_us=980 n=10[0m
[0;32mI (15155) forensics: [HIST] fixture=3 class=event lower_us=985 n=6[0m
[0;32mI (15165) forensics: [HIST] fixture=3 class=event lower_us=990 n=4[0m
[0;32mI (15175) forensics: [HIST] fixture=3 class=event lower_us=995 n=5[0m
[0;32mI (15175) forensics: [HIST] fixture=3 class=event lower_us=1000 n=1[0m
[0;32mI (15185) forensics: [HIST] fixture=3 class=event lower_us=1005 n=1[0m
[0;32mI (15195) forensics: [HIST] fixture=3 class=event lower_us=1010 n=1[0m
[0;32mI (15195) forensics: [HIST] fixture=3 class=event lower_us=1035 n=2[0m
[0;32mI (15205) forensics: [HIST] fixture=3 class=event lower_us=1065 n=1[0m
[0;32mI (15215) forensics: [HIST] fixture=3 class=event lower_us=1200 n=1[0m
[0;32mI (15225) forensics: [CALLBACK_CURVE] model=PAN fixture=3 voices=1 class=event n=512 avg_us=891.86 p95_us=1000 p99_us=1075 p995_us=1145 p999_us=1335 max_us=1331 deadline=0 overhead_avg_us=20.84[0m
[0;32mI (15235) forensics: [CALLBACK_HIST] fixture=3 class=event lower_us=660 n=1[0m
[0;32mI (15245) forensics: [CALLBACK_HIST] fixture=3 class=event lower_us=805 n=1[0m
[0;32mI (15255) forensics: [CALLBACK_HIST] fixture=3 class=event lower_us=810 n=5[0m
[0;32mI (15265) forensics: [CALLBACK_HIST] fixture=3 class=event lower_us=815 n=9[0m
[0;32mI (15265) forensics: [CALLBACK_HIST] fixture=3 class=event lower_us=820 n=8[0m
[0;32mI (15275) forensics: [CALLBACK_HIST] fixture=3 class=event lower_us=825 n=15[0m
[0;32mI (15285) forensics: [CALLBACK_HIST] fixture=3 class=event lower_us=830 n=19[0m
[0;32mI (15295) forensics: [CALLBACK_HIST] fixture=3 class=event lower_us=835 n=7[0m
[0;32mI (15295) forensics: [CALLBACK_HIST] fixture=3 class=event lower_us=840 n=12[0m
[0;32mI (15305) forensics: [CALLBACK_HIST] fixture=3 class=event lower_us=845 n=12[0m
[0;32mI (15315) forensics: [CALLBACK_HIST] fixture=3 class=event lower_us=850 n=9[0m
[0;32mI (15325) forensics: [CALLBACK_HIST] fixture=3 class=event lower_us=855 n=8[0m
[0;32mI (15335) forensics: [CALLBACK_HIST] fixture=3 class=event lower_us=860 n=18[0m
[0;32mI (15335) forensics: [CALLBACK_HIST] fixture=3 class=event lower_us=865 n=23[0m
[0;32mI (15345) forensics: [CALLBACK_HIST] fixture=3 class=event lower_us=870 n=39[0m
[0;32mI (15355) forensics: [CALLBACK_HIST] fixture=3 class=event lower_us=875 n=37[0m
[0;32mI (15365) forensics: [CALLBACK_HIST] fixture=3 class=event lower_us=880 n=42[0m
[0;32mI (15365) forensics: [CALLBACK_HIST] fixture=3 class=event lower_us=885 n=40[0m
[0;32mI (15375) forensics: [CALLBACK_HIST] fixture=3 class=event lower_us=890 n=45[0m
[0;32mI (15385) forensics: [CALLBACK_HIST] fixture=3 class=event lower_us=895 n=28[0m
[0;32mI (15395) forensics: [CALLBACK_HIST] fixture=3 class=event lower_us=900 n=23[0m
[0;32mI (15395) forensics: [CALLBACK_HIST] fixture=3 class=event lower_us=905 n=13[0m
[0;32mI (15405) forensics: [CALLBACK_HIST] fixture=3 class=event lower_us=910 n=8[0m
[0;32mI (15415) forensics: [CALLBACK_HIST] fixture=3 class=event lower_us=915 n=6[0m
[0;32mI (15425) forensics: [CALLBACK_HIST] fixture=3 class=event lower_us=920 n=5[0m
[0;32mI (15435) forensics: [CALLBACK_HIST] fixture=3 class=event lower_us=925 n=3[0m
[0;32mI (15435) forensics: [CALLBACK_HIST] fixture=3 class=event lower_us=930 n=1[0m
[0;32mI (15445) forensics: [CALLBACK_HIST] fixture=3 class=event lower_us=940 n=2[0m
[0;32mI (15455) forensics: [CALLBACK_HIST] fixture=3 class=event lower_us=945 n=1[0m
[0;32mI (15465) forensics: [CALLBACK_HIST] fixture=3 class=event lower_us=950 n=2[0m
[0;32mI (15465) forensics: [CALLBACK_HIST] fixture=3 class=event lower_us=955 n=4[0m
[0;32mI (15475) forensics: [CALLBACK_HIST] fixture=3 class=event lower_us=960 n=3[0m
[0;32mI (15485) forensics: [CALLBACK_HIST] fixture=3 class=event lower_us=965 n=4[0m
[0;32mI (15495) forensics: [CALLBACK_HIST] fixture=3 class=event lower_us=970 n=8[0m
[0;32mI (15495) forensics: [CALLBACK_HIST] fixture=3 class=event lower_us=975 n=5[0m
[0;32mI (15505) forensics: [CALLBACK_HIST] fixture=3 class=event lower_us=980 n=3[0m
[0;32mI (15515) forensics: [CALLBACK_HIST] fixture=3 class=event lower_us=985 n=2[0m
[0;32mI (15525) forensics: [CALLBACK_HIST] fixture=3 class=event lower_us=990 n=5[0m
[0;32mI (15525) forensics: [CALLBACK_HIST] fixture=3 class=event lower_us=995 n=11[0m
[0;32mI (15535) forensics: [CALLBACK_HIST] fixture=3 class=event lower_us=1000 n=3[0m
[0;32mI (15545) forensics: [CALLBACK_HIST] fixture=3 class=event lower_us=1005 n=8[0m
[0;32mI (15555) forensics: [CALLBACK_HIST] fixture=3 class=event lower_us=1010 n=4[0m
[0;32mI (15565) forensics: [CALLBACK_HIST] fixture=3 class=event lower_us=1015 n=2[0m
[0;32mI (15565) forensics: [CALLBACK_HIST] fixture=3 class=event lower_us=1045 n=1[0m
[0;32mI (15575) forensics: [CALLBACK_HIST] fixture=3 class=event lower_us=1050 n=1[0m
[0;32mI (15585) forensics: [CALLBACK_HIST] fixture=3 class=event lower_us=1070 n=1[0m
[0;32mI (15595) forensics: [CALLBACK_HIST] fixture=3 class=event lower_us=1100 n=1[0m
[0;32mI (15595) forensics: [CALLBACK_HIST] fixture=3 class=event lower_us=1125 n=1[0m
[0;32mI (15605) forensics: [CALLBACK_HIST] fixture=3 class=event lower_us=1140 n=1[0m
[0;32mI (15615) forensics: [CALLBACK_HIST] fixture=3 class=event lower_us=1145 n=1[0m
[0;32mI (15625) forensics: [CALLBACK_HIST] fixture=3 class=event lower_us=1330 n=1[0m
[0;32mI (15625) forensics: [CURVE] model=PAN fixture=3 voices=1 class=fixture_transition n=1 avg_us=694.77 p95_us=700 p99_us=700 p995_us=700 p999_us=700 max_us=695 deadline=0 bad_voices=0 ble_lost=0 hard=0 sat=0 bin_us=5 max_observed_voices=1[0m
[0;32mI (15655) forensics: [HIST] fixture=3 class=fixture_transition lower_us=695 n=1[0m
[0;32mI (15655) forensics: [CALLBACK_CURVE] model=PAN fixture=3 voices=1 class=fixture_transition n=1 avg_us=870.00 p95_us=875 p99_us=875 p995_us=875 p999_us=875 max_us=870 deadline=0 overhead_avg_us=175.23[0m
[0;32mI (15675) forensics: [CALLBACK_HIST] fixture=3 class=fixture_transition lower_us=870 n=1[0m
[0;32mI (15685) forensics: [FASTPATH] fixture=3 stable8=0 attack=0 sustain=2815[0m
[0;32mI (15695) forensics: [OVERHEAD] fixture=3 blocks=4716 model_reset_avg_us=1.94 model_reset_max_us=32 queue_avg_us=2.42 queue_max_us=38 render_avg_us=620.22 telem_avg_us=5.10 telem_max_us=108 telem_publishes=589[0m
[0;32mI (15835) pocket_pan_main: [AUDIO] model=PAN blocks=5593 avg_us=517 p99_us=0 max_us=1088 cpu_load=19.4 deadline=0 timeout=0 tx_error=0 short=0[0m
[0;32mI (15835) pocket_pan_main: [MIDI] push=1 pop=1 drop=0 hwm=1 last=(n=50 v=75 t=78 hex=90324B)[0m
[0;32mI (15845) pocket_pan_main: [BLE] state=8 interval_ms=11.25 latency=0 rssi=-70 reconnects=0 last_disconnect=0[0m
[0;32mI (15855) pocket_pan_main: [MEM] internal_free=77087 largest_internal=32768[0m
[0;32mI (15865) pocket_pan_main: [UICORR] >1733(tot=0 draw=0 lcd=0 both=0 none=0) >2000(tot=0 draw=0 lcd=0 both=0 none=0)[0m
[0;32mI (15875) pocket_pan_main: [UIMETRIC] arch=0 field_updates=22 total_transfers=15 total_pixels=139200 last_sub_us=267 last_dma_us=1052[0m
[0;32mI (15885) pocket_pan_main: [UIREDRAW] urgent=11 telemetry=53 skip=337[0m
[0;32mI (20845) pocket_pan_main: [AUDIO] model=PAN blocks=7471 avg_us=517 p99_us=600 max_us=1088 cpu_load=19.4 deadline=0 timeout=0 tx_error=0 short=0[0m
[0;32mI (20845) pocket_pan_main: [MIDI] push=1 pop=1 drop=0 hwm=1 last=(n=50 v=75 t=78 hex=90324B)[0m
[0;32mI (20855) pocket_pan_main: [BLE] state=8 interval_ms=11.25 latency=0 rssi=-66 reconnects=0 last_disconnect=0[0m
[0;32mI (20865) pocket_pan_main: [MEM] internal_free=77087 largest_internal=32768[0m
[0;32mI (20875) pocket_pan_main: [UICORR] >1733(tot=0 draw=0 lcd=0 both=0 none=0) >2000(tot=0 draw=0 lcd=0 both=0 none=0)[0m
[0;32mI (20885) pocket_pan_main: [UIMETRIC] arch=0 field_updates=22 total_transfers=15 total_pixels=139200 last_sub_us=267 last_dma_us=1052[0m
[0;32mI (20895) pocket_pan_main: [UIREDRAW] urgent=11 telemetry=74 skip=481[0m
[0;32mI (24445) forensics: [SAFETY] fixture=4 hard=0 sat=0 nonfinite=0 ble_lost=0[0m
[0;32mI (24445) forensics: [EVENT_ONLY] fixture=4 n=22 avg_us=395.69 max_us=441[0m
[0;32mI (24445) forensics: [FIXTURE_IO] model=PAN fixture=4 avg_us=520 p99_us=600 max_us=1088 cpu_pct=19.50 deadline=0 timeouts=0 tx_errors=0 short_writes=0[0m
[0;32mI (24465) forensics: [CURVE] model=PAN fixture=4 voices=1 class=true_steady n=4051 avg_us=498.26 p95_us=505 p99_us=515 p995_us=515 p999_us=525 max_us=526 deadline=0 bad_voices=0 ble_lost=0 hard=0 sat=0 bin_us=5 max_observed_voices=1[0m
[0;32mI (24485) forensics: [HIST] fixture=4 class=true_steady lower_us=495 n=3840[0m
[0;32mI (24495) forensics: [HIST] fixture=4 class=true_steady lower_us=500 n=127[0m
[0;32mI (24495) forensics: [HIST] fixture=4 class=true_steady lower_us=505 n=37[0m
[0;32mI (24505) forensics: [HIST] fixture=4 class=true_steady lower_us=510 n=28[0m
[0;32mI (24515) forensics: [HIST] fixture=4 class=true_steady lower_us=515 n=8[0m
[0;32mI (24525) forensics: [HIST] fixture=4 class=true_steady lower_us=520 n=9[0m
[0;32mI (24525) forensics: [HIST] fixture=4 class=true_steady lower_us=525 n=2[0m
[0;32mI (24535) forensics: [CALLBACK_CURVE] model=PAN fixture=4 voices=1 class=true_steady n=4051 avg_us=512.68 p95_us=540 p99_us=585 p995_us=605 p999_us=645 max_us=747 deadline=0 overhead_avg_us=14.42[0m
[0;32mI (24555) forensics: [CALLBACK_HIST] fixture=4 class=true_steady lower_us=505 n=2854[0m
[0;32mI (24565) forensics: [CALLBACK_HIST] fixture=4 class=true_steady lower_us=510 n=412[0m
[0;32mI (24575) forensics: [CALLBACK_HIST] fixture=4 class=true_steady lower_us=515 n=176[0m
[0;32mI (24575) forensics: [CALLBACK_HIST] fixture=4 class=true_steady lower_us=520 n=213[0m
[0;32mI (24585) forensics: [CALLBACK_HIST] fixture=4 class=true_steady lower_us=525 n=103[0m
[0;32mI (24595) forensics: [CALLBACK_HIST] fixture=4 class=true_steady lower_us=530 n=65[0m
[0;32mI (24605) forensics: [CALLBACK_HIST] fixture=4 class=true_steady lower_us=535 n=42[0m
[0;32mI (24615) forensics: [CALLBACK_HIST] fixture=4 class=true_steady lower_us=540 n=41[0m
[0;32mI (24625) forensics: [CALLBACK_HIST] fixture=4 class=true_steady lower_us=545 n=27[0m
[0;32mI (24625) forensics: [CALLBACK_HIST] fixture=4 class=true_steady lower_us=550 n=20[0m
[0;32mI (24635) forensics: [CALLBACK_HIST] fixture=4 class=true_steady lower_us=555 n=16[0m
[0;32mI (24645) forensics: [CALLBACK_HIST] fixture=4 class=true_steady lower_us=560 n=14[0m
[0;32mI (24655) forensics: [CALLBACK_HIST] fixture=4 class=true_steady lower_us=565 n=8[0m
[0;32mI (24665) forensics: [CALLBACK_HIST] fixture=4 class=true_steady lower_us=570 n=8[0m
[0;32mI (24675) forensics: [CALLBACK_HIST] fixture=4 class=true_steady lower_us=575 n=7[0m
[0;32mI (24675) forensics: [CALLBACK_HIST] fixture=4 class=true_steady lower_us=580 n=6[0m
[0;32mI (24685) forensics: [CALLBACK_HIST] fixture=4 class=true_steady lower_us=585 n=5[0m
[0;32mI (24695) forensics: [CALLBACK_HIST] fixture=4 class=true_steady lower_us=590 n=7[0m
[0;32mI (24705) forensics: [CALLBACK_HIST] fixture=4 class=true_steady lower_us=595 n=3[0m
[0;32mI (24715) forensics: [CALLBACK_HIST] fixture=4 class=true_steady lower_us=600 n=6[0m
[0;32mI (24715) forensics: [CALLBACK_HIST] fixture=4 class=true_steady lower_us=605 n=2[0m
[0;32mI (24725) forensics: [CALLBACK_HIST] fixture=4 class=true_steady lower_us=610 n=1[0m
[0;32mI (24735) forensics: [CALLBACK_HIST] fixture=4 class=true_steady lower_us=615 n=2[0m
[0;32mI (24745) forensics: [CALLBACK_HIST] fixture=4 class=true_steady lower_us=625 n=1[0m
[0;32mI (24755) forensics: [CALLBACK_HIST] fixture=4 class=true_steady lower_us=630 n=3[0m
[0;32mI (24755) forensics: [CALLBACK_HIST] fixture=4 class=true_steady lower_us=635 n=2[0m
[0;32mI (24765) forensics: [CALLBACK_HIST] fixture=4 class=true_steady lower_us=640 n=5[0m
[0;32mI (24775) forensics: [CALLBACK_HIST] fixture=4 class=true_steady lower_us=645 n=1[0m
[0;32mI (24785) forensics: [CALLBACK_HIST] fixture=4 class=true_steady lower_us=745 n=1[0m
[0;32mI (24795) forensics: [CURVE] model=PAN fixture=4 voices=1 class=attack_tail n=22 avg_us=561.55 p95_us=575 p99_us=575 p995_us=575 p999_us=575 max_us=571 deadline=0 bad_voices=0 ble_lost=0 hard=0 sat=0 bin_us=5 max_observed_voices=1[0m
[0;32mI (24815) forensics: [HIST] fixture=4 class=attack_tail lower_us=555 n=4[0m
[0;32mI (24825) forensics: [HIST] fixture=4 class=attack_tail lower_us=560 n=12[0m
[0;32mI (24825) forensics: [HIST] fixture=4 class=attack_tail lower_us=565 n=4[0m
[0;32mI (24835) forensics: [HIST] fixture=4 class=attack_tail lower_us=570 n=2[0m
[0;32mI (24845) forensics: [CALLBACK_CURVE] model=PAN fixture=4 voices=1 class=attack_tail n=22 avg_us=616.09 p95_us=665 p99_us=705 p995_us=705 p999_us=705 max_us=704 deadline=0 overhead_avg_us=54.54[0m
[0;32mI (24865) forensics: [CALLBACK_HIST] fixture=4 class=attack_tail lower_us=580 n=1[0m
[0;32mI (24865) forensics: [CALLBACK_HIST] fixture=4 class=attack_tail lower_us=590 n=5[0m
[0;32mI (24875) forensics: [CALLBACK_HIST] fixture=4 class=attack_tail lower_us=595 n=1[0m
[0;32mI (24885) forensics: [CALLBACK_HIST] fixture=4 class=attack_tail lower_us=600 n=2[0m
[0;32mI (24895) forensics: [CALLBACK_HIST] fixture=4 class=attack_tail lower_us=605 n=1[0m
[0;32mI (24905) forensics: [CALLBACK_HIST] fixture=4 class=attack_tail lower_us=610 n=1[0m
[0;32mI (24915) forensics: [CALLBACK_HIST] fixture=4 class=attack_tail lower_us=615 n=2[0m
[0;32mI (24915) forensics: [CALLBACK_HIST] fixture=4 class=attack_tail lower_us=620 n=4[0m
[0;32mI (24925) forensics: [CALLBACK_HIST] fixture=4 class=attack_tail lower_us=625 n=1[0m
[0;32mI (24935) forensics: [CALLBACK_HIST] fixture=4 class=attack_tail lower_us=630 n=1[0m
[0;32mI (24945) forensics: [CALLBACK_HIST] fixture=4 class=attack_tail lower_us=640 n=1[0m
[0;32mI (24955) forensics: [CALLBACK_HIST] fixture=4 class=attack_tail lower_us=660 n=1[0m
[0;32mI (24955) forensics: [CALLBACK_HIST] fixture=4 class=attack_tail lower_us=700 n=1[0m
[0;32mI (24965) forensics: [CURVE] model=PAN fixture=4 voices=1 class=event n=22 avg_us=1008.91 p95_us=1055 p99_us=1065 p995_us=1065 p999_us=1065 max_us=1060 deadline=0 bad_voices=0 ble_lost=0 hard=0 sat=0 bin_us=5 max_observed_voices=1[0m
[0;32mI (24985) forensics: [HIST] fixture=4 class=event lower_us=770 n=1[0m
[0;32mI (24995) forensics: [HIST] fixture=4 class=event lower_us=990 n=3[0m
[0;32mI (25005) forensics: [HIST] fixture=4 class=event lower_us=1000 n=2[0m
[0;32mI (25005) forensics: [HIST] fixture=4 class=event lower_us=1005 n=1[0m
[0;32mI (25015) forensics: [HIST] fixture=4 class=event lower_us=1010 n=2[0m
[0;32mI (25025) forensics: [HIST] fixture=4 class=event lower_us=1015 n=3[0m
[0;32mI (25025) forensics: [HIST] fixture=4 class=event lower_us=1020 n=3[0m
[0;32mI (25035) forensics: [HIST] fixture=4 class=event lower_us=1025 n=2[0m
[0;32mI (25045) forensics: [HIST] fixture=4 class=event lower_us=1045 n=2[0m
[0;32mI (25055) forensics: [HIST] fixture=4 class=event lower_us=1050 n=2[0m
[0;32mI (25055) forensics: [HIST] fixture=4 class=event lower_us=1060 n=1[0m
[0;32mI (25065) forensics: [CALLBACK_CURVE] model=PAN fixture=4 voices=1 class=event n=22 avg_us=1037.64 p95_us=1085 p99_us=1090 p995_us=1090 p999_us=1090 max_us=1088 deadline=0 overhead_avg_us=28.73[0m
[0;32mI (25085) forensics: [CALLBACK_HIST] fixture=4 class=event lower_us=800 n=1[0m
[0;32mI (25085) forensics: [CALLBACK_HIST] fixture=4 class=event lower_us=1010 n=1[0m
[0;32mI (25095) forensics: [CALLBACK_HIST] fixture=4 class=event lower_us=1015 n=2[0m
[0;32mI (25105) forensics: [CALLBACK_HIST] fixture=4 class=event lower_us=1025 n=1[0m
[0;32mI (25115) forensics: [CALLBACK_HIST] fixture=4 class=event lower_us=1030 n=1[0m
[0;32mI (25125) forensics: [CALLBACK_HIST] fixture=4 class=event lower_us=1035 n=1[0m
[0;32mI (25125) forensics: [CALLBACK_HIST] fixture=4 class=event lower_us=1040 n=3[0m
[0;32mI (25135) forensics: [CALLBACK_HIST] fixture=4 class=event lower_us=1045 n=4[0m
[0;32mI (25145) forensics: [CALLBACK_HIST] fixture=4 class=event lower_us=1055 n=1[0m
[0;32mI (25155) forensics: [CALLBACK_HIST] fixture=4 class=event lower_us=1060 n=1[0m
[0;32mI (25155) forensics: [CALLBACK_HIST] fixture=4 class=event lower_us=1065 n=2[0m
[0;32mI (25165) forensics: [CALLBACK_HIST] fixture=4 class=event lower_us=1070 n=1[0m
[0;32mI (25175) forensics: [CALLBACK_HIST] fixture=4 class=event lower_us=1080 n=2[0m
[0;32mI (25185) forensics: [CALLBACK_HIST] fixture=4 class=event lower_us=1085 n=1[0m
[0;32mI (25195) forensics: [CURVE] model=PAN fixture=4 voices=1 class=fixture_transition n=1 avg_us=561.91 p95_us=565 p99_us=565 p995_us=565 p999_us=565 max_us=562 deadline=0 bad_voices=0 ble_lost=0 hard=0 sat=0 bin_us=5 max_observed_voices=1[0m
[0;32mI (25215) forensics: [HIST] fixture=4 class=fixture_transition lower_us=560 n=1[0m
[0;32mI (25225) forensics: [CALLBACK_CURVE] model=PAN fixture=4 voices=1 class=fixture_transition n=1 avg_us=601.00 p95_us=605 p99_us=605 p995_us=605 p999_us=605 max_us=601 deadline=0 overhead_avg_us=39.09[0m
[0;32mI (25235) forensics: [CALLBACK_HIST] fixture=4 class=fixture_transition lower_us=600 n=1[0m
[0;32mI (25245) forensics: [FASTPATH] fixture=4 stable8=0 attack=0 sustain=4051[0m
[0;32mI (25255) forensics: [OVERHEAD] fixture=4 blocks=4096 model_reset_avg_us=1.73 model_reset_max_us=21 queue_avg_us=1.57 queue_max_us=26 render_avg_us=506.76 telem_avg_us=3.36 telem_max_us=77 telem_publishes=512[0m
[0;32mI (25845) pocket_pan_main: [AUDIO] model=PAN blocks=9345 avg_us=9 p99_us=625 max_us=1088 cpu_load=0.3 deadline=0 timeout=0 tx_error=0 short=0[0m
[0;32mI (25845) pocket_pan_main: [MIDI] push=1 pop=1 drop=0 hwm=1 last=(n=50 v=75 t=78 hex=90324B)[0m
[0;32mI (25855) pocket_pan_main: [BLE] state=8 interval_ms=11.25 latency=0 rssi=-68 reconnects=0 last_disconnect=0[0m
[0;32mI (25865) pocket_pan_main: [MEM] internal_free=77087 largest_internal=32768[0m
[0;32mI (25875) pocket_pan_main: [UICORR] >1733(tot=0 draw=0 lcd=0 both=0 none=0) >2000(tot=0 draw=0 lcd=0 both=0 none=0)[0m
[0;32mI (25885) pocket_pan_main: [UIMETRIC] arch=0 field_updates=23 total_transfers=16 total_pixels=141120 last_sub_us=266 last_dma_us=1050[0m
[0;32mI (25895) pocket_pan_main: [UIREDRAW] urgent=11 telemetry=94 skip=598[0m
[0;32mI (30855) pocket_pan_main: [AUDIO] model=PAN blocks=11225 avg_us=9 p99_us=25 max_us=1088 cpu_load=0.3 deadline=0 timeout=0 tx_error=0 short=0[0m
[0;32mI (30855) pocket_pan_main: [MIDI] push=1 pop=1 drop=0 hwm=1 last=(n=50 v=75 t=78 hex=90324B)[0m
[0;32mI (30865) pocket_pan_main: [BLE] state=8 interval_ms=11.25 latency=0 rssi=-68 reconnects=0 last_disconnect=0[0m
[0;32mI (30875) pocket_pan_main: [MEM] internal_free=77087 largest_internal=32768[0m
[0;32mI (30885) pocket_pan_main: [UICORR] >1733(tot=0 draw=0 lcd=0 both=0 none=0) >2000(tot=0 draw=0 lcd=0 both=0 none=0)[0m
[0;32mI (30895) pocket_pan_main: [UIMETRIC] arch=0 field_updates=23 total_transfers=16 total_pixels=141120 last_sub_us=266 last_dma_us=1050[0m
[0;32mI (30905) pocket_pan_main: [UIREDRAW] urgent=11 telemetry=105 skip=752[0m
