[0;32mI (124) esp_image: segment 1: paddr=00030eec vaddr=3fca44ESP-ROM:esp32s3-20210327
Build:Mar 27 2021
rst:0x15 (USB_UART_CHIP_RESET),boot:0x8 (SPI_FAST_FLASH_BOOT)
Saved PC:0x4200a27c
SPIWP:0xee
mode:DIO, clock div:1
load:0x3fce2810,len:0x178c
load:0x403c8700,len:0x4
load:0x403c8704,len:0xcb8
load:0x403cb700,len:0x2db0
entry 0x403c8914
[0;32mI (26) boot: ESP-IDF v5.3-dirty 2nd stage bootloader[0m
[0;32mI (27) boot: compile time Oct  1 2026 19:28:03[0m
[0;32mI (27) boot: Multicore bootloader[0m
[0;32mI (30) boot: chip revision: v0.2[0m
[0;32mI (34) boot.esp32s3: Boot SPI Speed : 80MHz[0m
[0;32mI (39) boot.esp32s3: SPI Mode       : DIO[0m
[0;32mI (43) boot.esp32s3: SPI Flash Size : 4MB[0m
[0;32mI (48) boot: Enabling RNG early entropy source...[0m
[0;32mI (54) boot: Partition Table:[0m
[0;32mI (57) boot: ## Label            Usage          Type ST Offset   Length[0m
[0;32mI (64) boot:  0 nvs              WiFi data        01 02 00009000 00006000[0m
[0;32mI (72) boot:  1 phy_init         RF data          01 01 0000f000 00001000[0m
[0;32mI (79) boot:  2 factory          factory app      00 00 00010000 00100000[0m
[0;32mI (87) boot: End of partition table[0m
[0;32mI (91) esp_image: segment 0: paddr=00010020 vaddr=3c070020 size=20ec4h (134852) map[0m
[0;32mI (124) esp_image: segment 1: paddr=00030eec vaddr=3fca4400 size=04500h ( 17664) load[0m
[0;32mI (128) esp_image: segment 2: paddr=000353f4 vaddr=40374000 size=0ac24h ( 44068) load[0m
[0;32mI (139) esp_image: segment 3: paddr=00040020 vaddr=42000020 size=65f8ch (417676) map[0m
[0;32mI (214) esp_image: segment 4: paddr=000a5fb4 vaddr=4037ec24 size=157a0h ( 87968) load[0m
[0;32mI (247) boot: Loaded app from partition at offset 0x10000[0m
[0;32mI (247) boot: Disabling RNG early entropy source...[0m
[0;32mI (259) esp_psram: Found 2MB PSRAM device[0m
[0;32mI (259) esp_psram: Speed: 40MHz[0m
[0;32mI (260) cpu_start: Multicore app[0m
[0;32mI (679) esp_psram: SPI SRAM memory test OK[0m
[0;32mI (688) cpu_start: Pro cpu start user code[0m
[0;32mI (688) cpu_start: cpu freq: 240000000 Hz[0m
[0;32mI (688) app_init: Application information:[0m
[0;32mI (691) app_init: Project name:     pocket_pan[0m
[0;32mI (696) app_init: App version:      f7f89e4-dirty[0m
[0;32mI (702) app_init: Compile time:     Oct  2 2026 14:18:32[0m
[0;32mI (708) app_init: ELF file SHA256:  25630bbdd...[0m
[0;32mI (713) app_init: ESP-IDF:          v5.3-dirty[0m
[0;32mI (718) efuse_init: Min chip rev:     v0.0[0m
[0;32mI (723) efuse_init: Max chip rev:     v0.99 [0m
[0;32mI (728) efuse_init: Chip rev:         v0.2[0m
[0;32mI (733) heap_init: Initializing. RAM available for dynamic allocation:[0m
[0;32mI (740) heap_init: At 3FCCF748 len 00019FC8 (103 KiB): RAM[0m
[0;32mI (746) heap_init: At 3FCE9710 len 00005724 (21 KiB): RAM[0m
[0;32mI (752) heap_init: At 3FCF0000 len 00008000 (32 KiB): DRAM[0m
[0;32mI (758) heap_init: At 600FE100 len 00001EE8 (7 KiB): RTCRAM[0m
[0;32mI (765) esp_psram: Adding pool of 2048K of PSRAM memory to heap allocator[0m
[0;32mI (773) spi_flash: detected chip: generic[0m
[0;32mI (777) spi_flash: flash io: dio[0m
[0;32mI (781) sleep: Configure to isolate all GPIO pins in sleep state[0m
[0;32mI (788) sleep: Enable automatic switching of GPIO sleep configuration[0m
[0;32mI (795) coexist: coex firmware version: dab85ae96[0m
[0;32mI (800) coexist: coexist rom version e7ae62f[0m
[0;32mI (805) main_task: Started on CPU0[0m
[0;32mI (815) esp_psram: Reserving pool of 32K of internal memory for DMA/internal allocations[0m
[0;32mI (815) main_task: Calling app_main()[0m
[0;32mI (825) pocket_pan_main: [MEM_STAGE] stage=entry internal_free=142963 largest_internal=49152 psram_free=2094528[0m
[0;32mI (835) pocket_pan_main: ===============================================[0m
[0;32mI (835) pocket_pan_main:   Pocket Pan / Metal Modal Synthesizer v1.0.0[0m
[0;32mI (845) pocket_pan_main:   Hardware: TENSTAR TS-ESP32-S3 (Feather TFT)[0m
[0;32mI (855) pocket_pan_main: ===============================================[0m
[0;32mI (865) pocket_pan_main: [FORENSICS] candidate=25 profile=0 cpu_mhz=240 optimization_perf=1 process6=1 fine_bins=5 critical_only=0[0m
[0;32mI (895) pocket_pan_main: [MEM_STAGE] stage=dsp_ready internal_free=142963 largest_internal=49152 psram_free=2094528[0m
[0;32mI (895) gpio: GPIO[10]| InputEn: 0| OutputEn: 1| OpenDrain: 0| Pullup: 0| Pulldown: 1| Intr:0 [0m
[0;32mI (905) AudioI2S: I2S TX initialized (48kHz, 32-bit slot, stereo, 6x128 frames DMA = 1024 bytes/buf)[0m
[0;32mI (925) AudioI2S: Audio task started on Core 0 at priority 12[0m
[0;32mI (925) pocket_pan_main: [MEM_STAGE] stage=i2s_ready internal_free=128231 largest_internal=34816 psram_free=2094528[0m
[0;32mI (935) Display: [DISP_MEM_PRE] before: int_free=128231 int_largest=34816 psram_free=2094528[0m
[0;33mW (945) Display: Internal SRAM (64800 B) exhausted; falling back to PSRAM[0m
[0;32mI (955) Display: [DISP_MEM] framebuffer=0x3c0a0a44 (size=64800, align=4, internal=0, dma=0, psram=1)[0m
[0;32mI (965) Display: [DISP_MEM] scratch=0x3fce0e1c (size=9600, align=12, internal=1, dma=1)[0m
[0;32mI (965) Display: [DISP_MEM] before: int_free=128231 int_largest=34816 psram_free=2094528[0m
[0;32mI (975) Display: [DISP_MEM] after:  int_free=118627 int_largest=31744 psram_free=2029724[0m
[0;32mI (985) gpio: GPIO[39]| InputEn: 0| OutputEn: 1| OpenDrain: 0| Pullup: 0| Pulldown: 0| Intr:0 [0m
[0;32mI (995) gpio: GPIO[40]| InputEn: 0| OutputEn: 1| OpenDrain: 0| Pullup: 0| Pulldown: 0| Intr:0 [0m
[0;32mI (1005) gpio: GPIO[21]| InputEn: 0| OutputEn: 1| OpenDrain: 0| Pullup: 0| Pulldown: 0| Intr:0 [0m
[0;32mI (1235) gpio: GPIO[45]| InputEn: 0| OutputEn: 1| OpenDrain: 0| Pullup: 0| Pulldown: 0| Intr:0 [0m
[0;31mE (1235) lcd_panel.io.spi: panel_io_spi_tx_color(390): spi transmit (queue) color failed[0m
[0;31mE (1235) lcd_panel.st7789: panel_st7789_draw_bitmap(223): io tx color failed[0m
[0;32mI (1245) Display: ST7789 240x135 display initialized successfully (SPI 40MHz, GDMA callback armed)[0m
[0;32mI (1255) pocket_pan_main: [CANARY] PreparedNote canaries OK=1[0m
[0;32mI (1265) pocket_pan_main: [MEM_STAGE] stage=display_ready internal_free=116263 largest_internal=31744 psram_free=2029724[0m
[0;32mI (1275) BLE_INIT: BT controller compile version [ba3b3e3][0m
[0;32mI (1285) BLE_INIT: Bluetooth MAC: b4:3a:45:ae:6f:2a[0m
[0;32mI (1285) phy_init: phy_version 680,a6008b2,Jun  4 2024,16:41:10[0m
[0;32mI (1325) BleMidi: NimBLE BLE MIDI Central initialized and pinned to Core 1[0m
[0;32mI (1325) BleMidi: NimBLE Host task running on Core 1[0m
[0;32mI (1325) pocket_pan_main: [MEM_STAGE] stage=ble_ready internal_free=55975 largest_internal=31744 psram_free=2029724[0m
[0;32mI (1335) NimBLE: Failed to restore IRKs from store; status=8
[0m
[0;32mI (1345) pocket_pan_main: [M75_MEMORY] table_bytes=9640 cache_bytes=60552 synth_bytes=81668 internal_free=55939 largest_internal=31744[0m
[0;32mI (1345) NimBLE: GAP procedure initiated: discovery; [0m
[0;32mI (1355) pocket_pan_main: [UDU_CACHE] compact_bytes=5928 modal_models=9[0m
[0;32mI (1365) NimBLE: own_addr_type=0 filter_policy=0 passive=0 limited=0 filter_duplicates=1 [0m
[0;32mI (1375) pocket_pan_main: [CACHE_LAYOUT] packed=1 storage_bytes=60552 note_scratch_bytes=132[0m
[0;32mI (1385) NimBLE: duration=forever[0m
[0;32mI (1395) pocket_pan_main: [UDU_STATE] voice_bytes=124 fixed_reference=0[0m
[0;32mI (1395) NimBLE: 
[0m
[0;32mI (1405) pocket_pan_main: [MEM_STAGE] stage=ui_ready internal_free=51495 largest_internal=31744 psram_free=2029724[0m
[0;32mI (1405) BleMidi: Scanning for BLE MIDI devices...[0m
[0;32mI (1405) gpio: GPIO[0]| InputEn: 1| OutputEn: 0| OpenDrain: 0| Pullup: 1| Pulldown: 0| Intr:0 [0m
[0;32mI (1415) pocket_pan_main: Pocket Pan initialization complete. Realtime audio active.[0m
[0;32mI (1435) main_task: Returned from app_main()[0m
[0;31mE (1445) lcd_panel.io.spi: panel_io_spi_tx_color(390): spi transmit (queue) color failed[0m
[0;32mI (1455) BleMidi: BLE MIDI device found (59:FB:B6:B7:BF:0F); connecting[0m
[0;32mI (1465) NimBLE: GAP procedure initiated: connect; [0m
[0;32mI (1465) NimBLE: peer_addr_type=0 peer_addr=[0m
[0;32mI (1475) NimBLE: 59:fb:b6:b7:bf:0f[0m
[0;32mI (1475) NimBLE:  scan_itvl=16 scan_window=16 itvl_min=24 itvl_max=40 latency=0 supervision_timeout=256 min_ce_len=0 max_ce_len=0 own_addr_type=0[0m
[0;32mI (1485) NimBLE: 
[0m
[0;31mE (1495) lcd_panel.st7789: panel_st7789_draw_bitmap(223): io tx color failed[0m
[0;31mE (1505) lcd_panel.io.spi: panel_io_spi_tx_color(390): spi transmit (queue) color failed[0m
[0;31mE (1505) lcd_panel.st7789: panel_st7789_draw_bitmap(223): io tx color failed[0m
[0;31mE (1545) lcd_panel.io.spi: panel_io_spi_tx_color(390): spi transmit (queue) color failed[0m
[0;31mE (1545) lcd_panel.st7789: panel_st7789_draw_bitmap(223): io tx color failed[0m
[0;32mI (1565) BleMidi: BLE Connected! conn_handle=1[0m
[0;32mI (1565) NimBLE: GAP procedure initiated: [0m
[0;32mI (1565) NimBLE: connection parameter update; conn_handle=1 itvl_min=6 itvl_max=12 latency=0 supervision_timeout=200 min_ce_len=0 max_ce_len=0[0m
[0;32mI (1575) NimBLE: 
[0m
[0;32mI (1575) BleMidi: Requested connection params 7.5-15ms latency=0 timeout=2s rc=0[0m
[0;32mI (1585) NimBLE: GATT procedure initiated: discover all services
[0m
[0;32mI (1885) BleMidi: Found BLE MIDI Service! start_handle=112 end_handle=115[0m
[0;32mI (1885) NimBLE: GATT procedure initiated: discover all characteristics; [0m
[0;32mI (1885) NimBLE: start_handle=112 end_handle=115
[0m
[0;32mI (1985) BleMidi: Found BLE MIDI Characteristic! def_handle=113 val_handle=114 props=0x16[0m
[0;32mI (1985) NimBLE: GATT procedure initiated: discover all descriptors; [0m
[0;32mI (1985) NimBLE: chr_val_handle=114 end_handle=115
[0m
[0;32mI (2125) BleMidi: Negotiated params interval=7.50ms latency=0 timeout=2000ms[0m
[0;32mI (2135) BleMidi: Discovered CCCD (0x2902) handle=115[0m
[0;32mI (2135) NimBLE: GATT procedure initiated: write; [0m
[0;32mI (2135) NimBLE: att_handle=115 len=2
[0m
[0;32mI (2155) BleMidi: CCCD subscription successful; BLE MIDI ready[0m
[0;32mI (2155) NimBLE: GAP procedure initiated: [0m
[0;32mI (2155) NimBLE: connection parameter update; conn_handle=1 itvl_min=6 itvl_max=9 latency=0 supervision_timeout=100 min_ce_len=0 max_ce_len=0[0m
[0;32mI (2165) NimBLE: 
[0m
[0;32mI (2255) BleMidi: Negotiated params interval=11.25ms latency=0 timeout=1000ms[0m
[0;32mI (5805) pocket_pan_main: [AUDIO] model=PAN blocks=1831 avg_us=512 p99_us=0 max_us=925 cpu_load=19.2 deadline=0 timeout=0 tx_error=0 short=0[0m
[0;32mI (5805) pocket_pan_main: [MIDI] push=0 pop=0 drop=0 hwm=0 last=(n=62 v=0 t=78 hex=000000)[0m
[0;32mI (5815) pocket_pan_main: [BLE] state=8 interval_ms=11.25 latency=0 rssi=-74 reconnects=0 last_disconnect=0[0m
[0;32mI (5825) pocket_pan_main: [MEM] internal_free=56271 largest_internal=31744[0m
[0;32mI (5835) pocket_pan_main: [UICORR] >1733(tot=0 draw=0 lcd=0 both=0 none=0) >2000(tot=0 draw=0 lcd=0 both=0 none=0)[0m
[0;32mI (5845) pocket_pan_main: [UIMETRIC] arch=0 field_updates=15 total_transfers=6 total_pixels=123840 last_sub_us=250 last_dma_us=1039[0m
[0;32mI (5855) pocket_pan_main: [UIREDRAW] urgent=7 telemetry=18 skip=118[0m
[0;32mI (10815) pocket_pan_main: [AUDIO] model=PAN blocks=3709 avg_us=514 p99_us=700 max_us=925 cpu_load=19.3 deadline=0 timeout=0 tx_error=0 short=0[0m
[0;32mI (10815) pocket_pan_main: [MIDI] push=0 pop=0 drop=0 hwm=0 last=(n=62 v=0 t=78 hex=000000)[0m
[0;32mI (10825) pocket_pan_main: [BLE] state=8 interval_ms=11.25 latency=0 rssi=-78 reconnects=0 last_disconnect=0[0m
[0;32mI (10835) pocket_pan_main: [MEM] internal_free=56271 largest_internal=31744[0m
[0;32mI (10845) pocket_pan_main: [UICORR] >1733(tot=0 draw=0 lcd=0 both=0 none=0) >2000(tot=0 draw=0 lcd=0 both=0 none=0)[0m
[0;32mI (10855) pocket_pan_main: [UIMETRIC] arch=0 field_updates=19 total_transfers=10 total_pixels=131520 last_sub_us=242 last_dma_us=1031[0m
[0;32mI (10865) pocket_pan_main: [UIREDRAW] urgent=7 telemetry=42 skip=259[0m
[0;32mI (13125) forensics: [SAFETY] fixture=0 hard=0 sat=0 nonfinite=0 ble_lost=0[0m
[0;32mI (13125) forensics: [EVENT_ONLY] fixture=0 n=22 avg_us=70.50 max_us=76[0m
[0;32mI (13125) forensics: [FIXTURE_IO] model=PAN fixture=0 avg_us=515 p99_us=700 max_us=925 cpu_pct=19.31 deadline=0 timeouts=0 tx_errors=0 short_writes=0[0m
[0;32mI (13145) forensics: [CURVE] model=PAN fixture=0 voices=1 class=true_steady n=4051 avg_us=505.71 p95_us=525 p99_us=665 p995_us=665 p999_us=680 max_us=806 deadline=0 bad_voices=0 ble_lost=0 hard=0 sat=0 bin_us=5 max_observed_voices=1[0m
[0;32mI (13165) forensics: [HIST] fixture=0 class=true_steady lower_us=495 n=3664[0m
[0;32mI (13175) forensics: [HIST] fixture=0 class=true_steady lower_us=500 n=130[0m
[0;32mI (13175) forensics: [HIST] fixture=0 class=true_steady lower_us=505 n=19[0m
[0;32mI (13185) forensics: [HIST] fixture=0 class=true_steady lower_us=510 n=24[0m
[0;32mI (13195) forensics: [HIST] fixture=0 class=true_steady lower_us=515 n=11[0m
[0;32mI (13205) forensics: [HIST] fixture=0 class=true_steady lower_us=520 n=7[0m
[0;32mI (13205) forensics: [HIST] fixture=0 class=true_steady lower_us=525 n=3[0m
[0;32mI (13215) forensics: [HIST] fixture=0 class=true_steady lower_us=540 n=2[0m
[0;32mI (13225) forensics: [HIST] fixture=0 class=true_steady lower_us=580 n=1[0m
[0;32mI (13235) forensics: [HIST] fixture=0 class=true_steady lower_us=645 n=9[0m
[0;32mI (13235) forensics: [HIST] fixture=0 class=true_steady lower_us=650 n=104[0m
[0;32mI (13245) forensics: [HIST] fixture=0 class=true_steady lower_us=655 n=35[0m
[0;32mI (13255) forensics: [HIST] fixture=0 class=true_steady lower_us=660 n=27[0m
[0;32mI (13265) forensics: [HIST] fixture=0 class=true_steady lower_us=665 n=6[0m
[0;32mI (13265) forensics: [HIST] fixture=0 class=true_steady lower_us=670 n=3[0m
[0;32mI (13275) forensics: [HIST] fixture=0 class=true_steady lower_us=675 n=3[0m
[0;32mI (13285) forensics: [HIST] fixture=0 class=true_steady lower_us=730 n=1[0m
[0;32mI (13295) forensics: [HIST] fixture=0 class=true_steady lower_us=755 n=1[0m
[0;32mI (13295) forensics: [HIST] fixture=0 class=true_steady lower_us=805 n=1[0m
[0;32mI (13305) forensics: [CALLBACK_CURVE] model=PAN fixture=0 voices=1 class=true_steady n=4050 avg_us=520.44 p95_us=625 p99_us=685 p995_us=695 p999_us=730 max_us=888 deadline=0 overhead_avg_us=14.73[0m
[0;32mI (13325) forensics: [CALLBACK_HIST] fixture=0 class=true_steady lower_us=505 n=2789[0m
[0;32mI (13335) forensics: [CALLBACK_HIST] fixture=0 class=true_steady lower_us=510 n=276[0m
[0;32mI (13345) forensics: [CALLBACK_HIST] fixture=0 class=true_steady lower_us=515 n=99[0m
[0;32mI (13345) forensics: [CALLBACK_HIST] fixture=0 class=true_steady lower_us=520 n=182[0m
[0;32mI (13355) forensics: [CALLBACK_HIST] fixture=0 class=true_steady lower_us=525 n=221[0m
[0;32mI (13365) forensics: [CALLBACK_HIST] fixture=0 class=true_steady lower_us=530 n=88[0m
[0;32mI (13375) forensics: [CALLBACK_HIST] fixture=0 class=true_steady lower_us=535 n=54[0m
[0;32mI (13385) forensics: [CALLBACK_HIST] fixture=0 class=true_steady lower_us=540 n=21[0m
[0;32mI (13395) forensics: [CALLBACK_HIST] fixture=0 class=true_steady lower_us=545 n=13[0m
[0;32mI (13395) forensics: [CALLBACK_HIST] fixture=0 class=true_steady lower_us=550 n=16[0m
[0;32mI (13405) forensics: [CALLBACK_HIST] fixture=0 class=true_steady lower_us=555 n=14[0m
[0;32mI (13415) forensics: [CALLBACK_HIST] fixture=0 class=true_steady lower_us=560 n=10[0m
[0;32mI (13425) forensics: [CALLBACK_HIST] fixture=0 class=true_steady lower_us=565 n=6[0m
[0;32mI (13435) forensics: [CALLBACK_HIST] fixture=0 class=true_steady lower_us=570 n=5[0m
[0;32mI (13435) forensics: [CALLBACK_HIST] fixture=0 class=true_steady lower_us=575 n=12[0m
[0;32mI (13445) forensics: [CALLBACK_HIST] fixture=0 class=true_steady lower_us=580 n=7[0m
[0;32mI (13455) forensics: [CALLBACK_HIST] fixture=0 class=true_steady lower_us=585 n=4[0m
[0;32mI (13465) forensics: [CALLBACK_HIST] fixture=0 class=true_steady lower_us=590 n=10[0m
[0;32mI (13475) forensics: [CALLBACK_HIST] fixture=0 class=true_steady lower_us=595 n=6[0m
[0;32mI (13485) forensics: [CALLBACK_HIST] fixture=0 class=true_steady lower_us=600 n=4[0m
[0;32mI (13485) forensics: [CALLBACK_HIST] fixture=0 class=true_steady lower_us=605 n=4[0m
[0;32mI (13495) forensics: [CALLBACK_HIST] fixture=0 class=true_steady lower_us=610 n=4[0m
[0;32mI (13505) forensics: [CALLBACK_HIST] fixture=0 class=true_steady lower_us=615 n=2[0m
[0;32mI (13515) forensics: [CALLBACK_HIST] fixture=0 class=true_steady lower_us=620 n=2[0m
[0;32mI (13525) forensics: [CALLBACK_HIST] fixture=0 class=true_steady lower_us=625 n=3[0m
[0;32mI (13525) forensics: [CALLBACK_HIST] fixture=0 class=true_steady lower_us=630 n=4[0m
[0;32mI (13535) forensics: [CALLBACK_HIST] fixture=0 class=true_steady lower_us=635 n=1[0m
[0;32mI (13545) forensics: [CALLBACK_HIST] fixture=0 class=true_steady lower_us=645 n=1[0m
[0;32mI (13555) forensics: [CALLBACK_HIST] fixture=0 class=true_steady lower_us=655 n=1[0m
[0;32mI (13565) forensics: [CALLBACK_HIST] fixture=0 class=true_steady lower_us=660 n=92[0m
[0;32mI (13575) forensics: [CALLBACK_HIST] fixture=0 class=true_steady lower_us=665 n=39[0m
[0;32mI (13575) forensics: [CALLBACK_HIST] fixture=0 class=true_steady lower_us=670 n=14[0m
[0;32mI (13585) forensics: [CALLBACK_HIST] fixture=0 class=true_steady lower_us=675 n=3[0m
[0;32mI (13595) forensics: [CALLBACK_HIST] fixture=0 class=true_steady lower_us=680 n=9[0m
[0;32mI (13605) forensics: [CALLBACK_HIST] fixture=0 class=true_steady lower_us=685 n=6[0m
[0;32mI (13615) forensics: [CALLBACK_HIST] fixture=0 class=true_steady lower_us=690 n=11[0m
[0;32mI (13615) forensics: [CALLBACK_HIST] fixture=0 class=true_steady lower_us=695 n=4[0m
[0;32mI (13625) forensics: [CALLBACK_HIST] fixture=0 class=true_steady lower_us=700 n=3[0m
[0;32mI (13635) forensics: [CALLBACK_HIST] fixture=0 class=true_steady lower_us=705 n=3[0m
[0;32mI (13645) forensics: [CALLBACK_HIST] fixture=0 class=true_steady lower_us=715 n=2[0m
[0;32mI (13655) forensics: [CALLBACK_HIST] fixture=0 class=true_steady lower_us=725 n=1[0m
[0;32mI (13665) forensics: [CALLBACK_HIST] fixture=0 class=true_steady lower_us=785 n=1[0m
[0;32mI (13665) forensics: [CALLBACK_HIST] fixture=0 class=true_steady lower_us=825 n=1[0m
[0;32mI (13675) forensics: [CALLBACK_HIST] fixture=0 class=true_steady lower_us=850 n=1[0m
[0;32mI (13685) forensics: [CALLBACK_HIST] fixture=0 class=true_steady lower_us=885 n=1[0m
[0;32mI (13695) forensics: [CURVE] model=PAN fixture=0 voices=1 class=attack_tail n=22 avg_us=560.37 p95_us=570 p99_us=570 p995_us=570 p999_us=570 max_us=569 deadline=0 bad_voices=0 ble_lost=0 hard=0 sat=0 bin_us=5 max_observed_voices=1[0m
[0;32mI (13715) forensics: [HIST] fixture=0 class=attack_tail lower_us=555 n=9[0m
[0;32mI (13725) forensics: [HIST] fixture=0 class=attack_tail lower_us=560 n=11[0m
[0;32mI (13725) forensics: [HIST] fixture=0 class=attack_tail lower_us=565 n=2[0m
[0;32mI (13735) forensics: [CALLBACK_CURVE] model=PAN fixture=0 voices=1 class=attack_tail n=22 avg_us=580.05 p95_us=620 p99_us=620 p995_us=620 p999_us=620 max_us=619 deadline=0 overhead_avg_us=19.67[0m
[0;32mI (13755) forensics: [CALLBACK_HIST] fixture=0 class=attack_tail lower_us=565 n=2[0m
[0;32mI (13765) forensics: [CALLBACK_HIST] fixture=0 class=attack_tail lower_us=570 n=6[0m
[0;32mI (13775) forensics: [CALLBACK_HIST] fixture=0 class=attack_tail lower_us=575 n=8[0m
[0;32mI (13775) forensics: [CALLBACK_HIST] fixture=0 class=attack_tail lower_us=580 n=3[0m
[0;32mI (13785) forensics: [CALLBACK_HIST] fixture=0 class=attack_tail lower_us=590 n=1[0m
[0;32mI (13795) forensics: [CALLBACK_HIST] fixture=0 class=attack_tail lower_us=615 n=2[0m
[0;32mI (13805) forensics: [CURVE] model=PAN fixture=0 voices=1 class=event n=22 avg_us=680.68 p95_us=695 p99_us=700 p995_us=700 p999_us=700 max_us=697 deadline=0 bad_voices=0 ble_lost=0 hard=0 sat=0 bin_us=5 max_observed_voices=1[0m
[0;32mI (13825) forensics: [HIST] fixture=0 class=event lower_us=640 n=1[0m
[0;32mI (13835) forensics: [HIST] fixture=0 class=event lower_us=670 n=1[0m
[0;32mI (13835) forensics: [HIST] fixture=0 class=event lower_us=675 n=6[0m
[0;32mI (13845) forensics: [HIST] fixture=0 class=event lower_us=680 n=7[0m
[0;32mI (13855) forensics: [HIST] fixture=0 class=event lower_us=685 n=2[0m
[0;32mI (13855) forensics: [HIST] fixture=0 class=event lower_us=690 n=4[0m
[0;32mI (13865) forensics: [HIST] fixture=0 class=event lower_us=695 n=1[0m
[0;32mI (13875) forensics: [CALLBACK_CURVE] model=PAN fixture=0 voices=1 class=event n=22 avg_us=742.59 p95_us=755 p99_us=865 p995_us=865 p999_us=865 max_us=863 deadline=0 overhead_avg_us=61.91[0m
[0;32mI (13885) forensics: [CALLBACK_HIST] fixture=0 class=event lower_us=690 n=1[0m
[0;32mI (13895) forensics: [CALLBACK_HIST] fixture=0 class=event lower_us=725 n=3[0m
[0;32mI (13905) forensics: [CALLBACK_HIST] fixture=0 class=event lower_us=730 n=5[0m
[0;32mI (13915) forensics: [CALLBACK_HIST] fixture=0 class=event lower_us=735 n=1[0m
[0;32mI (13915) forensics: [CALLBACK_HIST] fixture=0 class=event lower_us=740 n=5[0m
[0;32mI (13925) forensics: [CALLBACK_HIST] fixture=0 class=event lower_us=745 n=4[0m
[0;32mI (13935) forensics: [CALLBACK_HIST] fixture=0 class=event lower_us=750 n=2[0m
[0;32mI (13945) forensics: [CALLBACK_HIST] fixture=0 class=event lower_us=860 n=1[0m
[0;32mI (13955) forensics: [CURVE] model=PAN fixture=0 voices=1 class=fixture_transition n=1 avg_us=721.72 p95_us=725 p99_us=725 p995_us=725 p999_us=725 max_us=722 deadline=0 bad_voices=0 ble_lost=0 hard=0 sat=0 bin_us=5 max_observed_voices=1[0m
[0;32mI (13975) forensics: [HIST] fixture=0 class=fixture_transition lower_us=720 n=1[0m
[0;32mI (13975) forensics: [CALLBACK_CURVE] model=PAN fixture=0 voices=1 class=fixture_transition n=1 avg_us=925.00 p95_us=930 p99_us=930 p995_us=930 p999_us=930 max_us=925 deadline=0 overhead_avg_us=203.28[0m
[0;32mI (13995) forensics: [CALLBACK_HIST] fixture=0 class=fixture_transition lower_us=925 n=1[0m
[0;32mI (14005) forensics: [FASTPATH] fixture=0 stable8=0 attack=0 sustain=4051[0m
[0;32mI (14015) forensics: [OVERHEAD] fixture=0 blocks=4566 model_reset_avg_us=1.81 model_reset_max_us=20 queue_avg_us=1.64 queue_max_us=35 render_avg_us=460.23 telem_avg_us=3.61 telem_max_us=78 telem_publishes=570[0m
[0;32mI (15835) pocket_pan_main: [AUDIO] model=PAN blocks=5593 avg_us=1162 p99_us=0 max_us=1745 cpu_load=43.6 deadline=0 timeout=0 tx_error=0 short=0[0m
[0;32mI (15835) pocket_pan_main: [MIDI] push=0 pop=0 drop=0 hwm=0 last=(n=62 v=0 t=78 hex=000000)[0m
[0;32mI (15845) pocket_pan_main: [BLE] state=8 interval_ms=11.25 latency=0 rssi=-70 reconnects=0 last_disconnect=0[0m
[0;32mI (15855) pocket_pan_main: [MEM] internal_free=56271 largest_internal=31744[0m
[0;32mI (15865) pocket_pan_main: [UICORR] >1733(tot=1 draw=0 lcd=0 both=0 none=1) >2000(tot=0 draw=0 lcd=0 both=0 none=0)[0m
[0;32mI (15875) pocket_pan_main: [UIMETRIC] arch=0 field_updates=26 total_transfers=16 total_pixels=147360 last_sub_us=311 last_dma_us=1031[0m
[0;32mI (15885) pocket_pan_main: [UIREDRAW] urgent=8 telemetry=62 skip=373[0m
[0;32mI (20845) pocket_pan_main: [AUDIO] model=PAN blocks=7471 avg_us=1164 p99_us=1375 max_us=1745 cpu_load=43.6 deadline=0 timeout=0 tx_error=0 short=0[0m
[0;32mI (20845) pocket_pan_main: [MIDI] push=0 pop=0 drop=0 hwm=0 last=(n=62 v=0 t=78 hex=000000)[0m
[0;32mI (20855) pocket_pan_main: [BLE] state=8 interval_ms=11.25 latency=0 rssi=-69 reconnects=0 last_disconnect=0[0m
[0;32mI (20865) pocket_pan_main: [MEM] internal_free=56271 largest_internal=31744[0m
[0;32mI (20875) pocket_pan_main: [UICORR] >1733(tot=1 draw=0 lcd=0 both=0 none=1) >2000(tot=0 draw=0 lcd=0 both=0 none=0)[0m
[0;32mI (20885) pocket_pan_main: [UIMETRIC] arch=0 field_updates=38 total_transfers=28 total_pixels=170400 last_sub_us=246 last_dma_us=1033[0m
[0;32mI (20895) pocket_pan_main: [UIREDRAW] urgent=8 telemetry=86 skip=514[0m
[0;32mI (24025) forensics: [SAFETY] fixture=1 hard=0 sat=0 nonfinite=0 ble_lost=0[0m
[0;32mI (24025) forensics: [EVENT_ONLY] fixture=1 n=22 avg_us=94.88 max_us=107[0m
[0;32mI (24025) forensics: [FIXTURE_IO] model=PAN fixture=1 avg_us=1159 p99_us=1375 max_us=1745 cpu_pct=43.46 deadline=0 timeouts=0 tx_errors=0 short_writes=0[0m
[0;32mI (24045) forensics: [CURVE] model=PAN fixture=1 voices=4 class=true_steady n=4051 avg_us=1138.26 p95_us=1175 p99_us=1210 p995_us=1225 p999_us=1290 max_us=1329 deadline=0 bad_voices=0 ble_lost=0 hard=0 sat=0 bin_us=5 max_observed_voices=4[0m
[0;32mI (24065) forensics: [HIST] fixture=1 class=true_steady lower_us=1120 n=806[0m
[0;32mI (24075) forensics: [HIST] fixture=1 class=true_steady lower_us=1125 n=1061[0m
[0;32mI (24085) forensics: [HIST] fixture=1 class=true_steady lower_us=1130 n=575[0m
[0;32mI (24085) forensics: [HIST] fixture=1 class=true_steady lower_us=1135 n=286[0m
[0;32mI (24095) forensics: [HIST] fixture=1 class=true_steady lower_us=1140 n=305[0m
[0;32mI (24105) forensics: [HIST] fixture=1 class=true_steady lower_us=1145 n=218[0m
[0;32mI (24115) forensics: [HIST] fixture=1 class=true_steady lower_us=1150 n=145[0m
[0;32mI (24115) forensics: [HIST] fixture=1 class=true_steady lower_us=1155 n=129[0m
[0;32mI (24125) forensics: [HIST] fixture=1 class=true_steady lower_us=1160 n=98[0m
[0;32mI (24135) forensics: [HIST] fixture=1 class=true_steady lower_us=1165 n=189[0m
[0;32mI (24145) forensics: [HIST] fixture=1 class=true_steady lower_us=1170 n=77[0m
[0;32mI (24145) forensics: [HIST] fixture=1 class=true_steady lower_us=1175 n=40[0m
[0;32mI (24155) forensics: [HIST] fixture=1 class=true_steady lower_us=1180 n=28[0m
[0;32mI (24165) forensics: [HIST] fixture=1 class=true_steady lower_us=1185 n=22[0m
[0;32mI (24175) forensics: [HIST] fixture=1 class=true_steady lower_us=1190 n=14[0m
[0;32mI (24175) forensics: [HIST] fixture=1 class=true_steady lower_us=1195 n=8[0m
[0;32mI (24185) forensics: [HIST] fixture=1 class=true_steady lower_us=1200 n=8[0m
[0;32mI (24195) forensics: [HIST] fixture=1 class=true_steady lower_us=1205 n=9[0m
[0;32mI (24205) forensics: [HIST] fixture=1 class=true_steady lower_us=1210 n=9[0m
[0;32mI (24205) forensics: [HIST] fixture=1 class=true_steady lower_us=1215 n=1[0m
[0;32mI (24215) forensics: [HIST] fixture=1 class=true_steady lower_us=1220 n=3[0m
[0;32mI (24225) forensics: [HIST] fixture=1 class=true_steady lower_us=1225 n=3[0m
[0;32mI (24235) forensics: [HIST] fixture=1 class=true_steady lower_us=1230 n=1[0m
[0;32mI (24235) forensics: [HIST] fixture=1 class=true_steady lower_us=1240 n=3[0m
[0;32mI (24245) forensics: [HIST] fixture=1 class=true_steady lower_us=1250 n=1[0m
[0;32mI (24255) forensics: [HIST] fixture=1 class=true_steady lower_us=1275 n=2[0m
[0;32mI (24265) forensics: [HIST] fixture=1 class=true_steady lower_us=1280 n=3[0m
[0;32mI (24265) forensics: [HIST] fixture=1 class=true_steady lower_us=1285 n=3[0m
[0;32mI (24275) forensics: [HIST] fixture=1 class=true_steady lower_us=1290 n=2[0m
[0;32mI (24285) forensics: [HIST] fixture=1 class=true_steady lower_us=1295 n=1[0m
[0;32mI (24295) forensics: [HIST] fixture=1 class=true_steady lower_us=1325 n=1[0m
[0;32mI (24295) forensics: [CALLBACK_CURVE] model=PAN fixture=1 voices=4 class=true_steady n=4051 avg_us=1154.57 p95_us=1200 p99_us=1290 p995_us=1310 p999_us=1375 max_us=1432 deadline=0 overhead_avg_us=16.31[0m
[0;32mI (24315) forensics: [CALLBACK_HIST] fixture=1 class=true_steady lower_us=545 n=1[0m
[0;32mI (24325) forensics: [CALLBACK_HIST] fixture=1 class=true_steady lower_us=1130 n=710[0m
[0;32mI (24335) forensics: [CALLBACK_HIST] fixture=1 class=true_steady lower_us=1135 n=863[0m
[0;32mI (24345) forensics: [CALLBACK_HIST] fixture=1 class=true_steady lower_us=1140 n=462[0m
[0;32mI (24355) forensics: [CALLBACK_HIST] fixture=1 class=true_steady lower_us=1145 n=229[0m
[0;32mI (24355) forensics: [CALLBACK_HIST] fixture=1 class=true_steady lower_us=1150 n=305[0m
[0;32mI (24365) forensics: [CALLBACK_HIST] fixture=1 class=true_steady lower_us=1155 n=276[0m
[0;32mI (24375) forensics: [CALLBACK_HIST] fixture=1 class=true_steady lower_us=1160 n=225[0m
[0;32mI (24385) forensics: [CALLBACK_HIST] fixture=1 class=true_steady lower_us=1165 n=156[0m
[0;32mI (24395) forensics: [CALLBACK_HIST] fixture=1 class=true_steady lower_us=1170 n=147[0m
[0;32mI (24405) forensics: [CALLBACK_HIST] fixture=1 class=true_steady lower_us=1175 n=172[0m
[0;32mI (24415) forensics: [CALLBACK_HIST] fixture=1 class=true_steady lower_us=1180 n=114[0m
[0;32mI (24415) forensics: [CALLBACK_HIST] fixture=1 class=true_steady lower_us=1185 n=90[0m
[0;32mI (24425) forensics: [CALLBACK_HIST] fixture=1 class=true_steady lower_us=1190 n=59[0m
[0;32mI (24435) forensics: [CALLBACK_HIST] fixture=1 class=true_steady lower_us=1195 n=40[0m
[0;32mI (24445) forensics: [CALLBACK_HIST] fixture=1 class=true_steady lower_us=1200 n=28[0m
[0;32mI (24455) forensics: [CALLBACK_HIST] fixture=1 class=true_steady lower_us=1205 n=18[0m
[0;32mI (24465) forensics: [CALLBACK_HIST] fixture=1 class=true_steady lower_us=1210 n=18[0m
[0;32mI (24465) forensics: [CALLBACK_HIST] fixture=1 class=true_steady lower_us=1215 n=14[0m
[0;32mI (24475) forensics: [CALLBACK_HIST] fixture=1 class=true_steady lower_us=1220 n=17[0m
[0;32mI (24485) forensics: [CALLBACK_HIST] fixture=1 class=true_steady lower_us=1225 n=8[0m
[0;32mI (24495) forensics: [CALLBACK_HIST] fixture=1 class=true_steady lower_us=1230 n=8[0m
[0;32mI (24505) forensics: [CALLBACK_HIST] fixture=1 class=true_steady lower_us=1235 n=6[0m
[0;32mI (24505) forensics: [CALLBACK_HIST] fixture=1 class=true_steady lower_us=1240 n=7[0m
[0;32mI (24515) forensics: [CALLBACK_HIST] fixture=1 class=true_steady lower_us=1245 n=3[0m
[0;32mI (24525) forensics: [CALLBACK_HIST] fixture=1 class=true_steady lower_us=1250 n=4[0m
[0;32mI (24535) forensics: [CALLBACK_HIST] fixture=1 class=true_steady lower_us=1255 n=5[0m
[0;32mI (24545) forensics: [CALLBACK_HIST] fixture=1 class=true_steady lower_us=1260 n=6[0m
[0;32mI (24555) forensics: [CALLBACK_HIST] fixture=1 class=true_steady lower_us=1265 n=6[0m
[0;32mI (24555) forensics: [CALLBACK_HIST] fixture=1 class=true_steady lower_us=1270 n=3[0m
[0;32mI (24565) forensics: [CALLBACK_HIST] fixture=1 class=true_steady lower_us=1275 n=5[0m
[0;32mI (24575) forensics: [CALLBACK_HIST] fixture=1 class=true_steady lower_us=1280 n=4[0m
[0;32mI (24585) forensics: [CALLBACK_HIST] fixture=1 class=true_steady lower_us=1285 n=2[0m
[0;32mI (24595) forensics: [CALLBACK_HIST] fixture=1 class=true_steady lower_us=1290 n=2[0m
[0;32mI (24605) forensics: [CALLBACK_HIST] fixture=1 class=true_steady lower_us=1295 n=8[0m
[0;32mI (24605) forensics: [CALLBACK_HIST] fixture=1 class=true_steady lower_us=1300 n=4[0m
[0;32mI (24615) forensics: [CALLBACK_HIST] fixture=1 class=true_steady lower_us=1305 n=8[0m
[0;32mI (24625) forensics: [CALLBACK_HIST] fixture=1 class=true_steady lower_us=1315 n=2[0m
[0;32mI (24635) forensics: [CALLBACK_HIST] fixture=1 class=true_steady lower_us=1320 n=3[0m
[0;32mI (24645) forensics: [CALLBACK_HIST] fixture=1 class=true_steady lower_us=1330 n=1[0m
[0;32mI (24655) forensics: [CALLBACK_HIST] fixture=1 class=true_steady lower_us=1340 n=1[0m
[0;32mI (24655) forensics: [CALLBACK_HIST] fixture=1 class=true_steady lower_us=1350 n=1[0m
[0;32mI (24665) forensics: [CALLBACK_HIST] fixture=1 class=true_steady lower_us=1355 n=3[0m
[0;32mI (24675) forensics: [CALLBACK_HIST] fixture=1 class=true_steady lower_us=1360 n=1[0m
[0;32mI (24685) forensics: [CALLBACK_HIST] fixture=1 class=true_steady lower_us=1370 n=2[0m
[0;32mI (24695) forensics: [CALLBACK_HIST] fixture=1 class=true_steady lower_us=1375 n=1[0m
[0;32mI (24695) forensics: [CALLBACK_HIST] fixture=1 class=true_steady lower_us=1390 n=1[0m
[0;32mI (24705) forensics: [CALLBACK_HIST] fixture=1 class=true_steady lower_us=1400 n=1[0m
[0;32mI (24715) forensics: [CALLBACK_HIST] fixture=1 class=true_steady lower_us=1430 n=1[0m
[0;32mI (24725) forensics: [CURVE] model=PAN fixture=1 voices=4 class=attack_tail n=22 avg_us=1382.10 p95_us=1400 p99_us=1450 p995_us=1450 p999_us=1450 max_us=1449 deadline=0 bad_voices=0 ble_lost=0 hard=0 sat=0 bin_us=5 max_observed_voices=4[0m
[0;32mI (24745) forensics: [HIST] fixture=1 class=attack_tail lower_us=1370 n=5[0m
[0;32mI (24755) forensics: [HIST] fixture=1 class=attack_tail lower_us=1375 n=7[0m
[0;32mI (24765) forensics: [HIST] fixture=1 class=attack_tail lower_us=1380 n=6[0m
[0;32mI (24765) forensics: [HIST] fixture=1 class=attack_tail lower_us=1385 n=2[0m
[0;32mI (24775) forensics: [HIST] fixture=1 class=attack_tail lower_us=1395 n=1[0m
[0;32mI (24785) forensics: [HIST] fixture=1 class=attack_tail lower_us=1445 n=1[0m
[0;32mI (24795) forensics: [CALLBACK_CURVE] model=PAN fixture=1 voices=4 class=attack_tail n=22 avg_us=1400.18 p95_us=1425 p99_us=1485 p995_us=1485 p999_us=1485 max_us=1480 deadline=0 overhead_avg_us=18.08[0m
[0;32mI (24805) forensics: [CALLBACK_HIST] fixture=1 class=attack_tail lower_us=1385 n=4[0m
[0;32mI (24815) forensics: [CALLBACK_HIST] fixture=1 class=attack_tail lower_us=1390 n=4[0m
[0;32mI (24825) forensics: [CALLBACK_HIST] fixture=1 class=attack_tail lower_us=1395 n=7[0m
[0;32mI (24835) forensics: [CALLBACK_HIST] fixture=1 class=attack_tail lower_us=1400 n=5[0m
[0;32mI (24845) forensics: [CALLBACK_HIST] fixture=1 class=attack_tail lower_us=1420 n=1[0m
[0;32mI (24855) forensics: [CALLBACK_HIST] fixture=1 class=attack_tail lower_us=1480 n=1[0m
[0;32mI (24855) forensics: [CURVE] model=PAN fixture=1 voices=4 class=event n=22 avg_us=1607.12 p95_us=1630 p99_us=1680 p995_us=1680 p999_us=1680 max_us=1676 deadline=0 bad_voices=0 ble_lost=0 hard=0 sat=0 bin_us=5 max_observed_voices=4[0m
[0;32mI (24875) forensics: [HIST] fixture=1 class=event lower_us=1570 n=1[0m
[0;32mI (24885) forensics: [HIST] fixture=1 class=event lower_us=1585 n=1[0m
[0;32mI (24895) forensics: [HIST] fixture=1 class=event lower_us=1590 n=1[0m
[0;32mI (24905) forensics: [HIST] fixture=1 class=event lower_us=1595 n=5[0m
[0;32mI (24905) forensics: [HIST] fixture=1 class=event lower_us=1600 n=5[0m
[0;32mI (24915) forensics: [HIST] fixture=1 class=event lower_us=1605 n=2[0m
[0;32mI (24925) forensics: [HIST] fixture=1 class=event lower_us=1610 n=2[0m
[0;32mI (24925) forensics: [HIST] fixture=1 class=event lower_us=1615 n=1[0m
[0;32mI (24935) forensics: [HIST] fixture=1 class=event lower_us=1625 n=3[0m
[0;32mI (24945) forensics: [HIST] fixture=1 class=event lower_us=1675 n=1[0m
[0;32mI (24945) forensics: [CALLBACK_CURVE] model=PAN fixture=1 voices=4 class=event n=22 avg_us=1671.41 p95_us=1735 p99_us=1750 p995_us=1750 p999_us=1750 max_us=1745 deadline=0 overhead_avg_us=64.29[0m
[0;32mI (24965) forensics: [CALLBACK_HIST] fixture=1 class=event lower_us=1635 n=1[0m
[0;32mI (24975) forensics: [CALLBACK_HIST] fixture=1 class=event lower_us=1645 n=3[0m
[0;32mI (24985) forensics: [CALLBACK_HIST] fixture=1 class=event lower_us=1650 n=4[0m
[0;32mI (24995) forensics: [CALLBACK_HIST] fixture=1 class=event lower_us=1655 n=3[0m
[0;32mI (24995) forensics: [CALLBACK_HIST] fixture=1 class=event lower_us=1660 n=1[0m
[0;32mI (25005) forensics: [CALLBACK_HIST] fixture=1 class=event lower_us=1665 n=2[0m
[0;32mI (25015) forensics: [CALLBACK_HIST] fixture=1 class=event lower_us=1670 n=2[0m
[0;32mI (25025) forensics: [CALLBACK_HIST] fixture=1 class=event lower_us=1675 n=1[0m
[0;32mI (25025) forensics: [CALLBACK_HIST] fixture=1 class=event lower_us=1680 n=1[0m
[0;32mI (25035) forensics: [CALLBACK_HIST] fixture=1 class=event lower_us=1705 n=1[0m
[0;32mI (25045) forensics: [CALLBACK_HIST] fixture=1 class=event lower_us=1725 n=1[0m
[0;32mI (25055) forensics: [CALLBACK_HIST] fixture=1 class=event lower_us=1730 n=1[0m
[0;32mI (25055) forensics: [CALLBACK_HIST] fixture=1 class=event lower_us=1745 n=1[0m
[0;32mI (25065) forensics: [CURVE] model=PAN fixture=1 voices=4 class=fixture_transition n=1 avg_us=628.02 p95_us=630 p99_us=630 p995_us=630 p999_us=630 max_us=629 deadline=0 bad_voices=0 ble_lost=0 hard=0 sat=0 bin_us=5 max_observed_voices=4[0m
[0;32mI (25085) forensics: [HIST] fixture=1 class=fixture_transition lower_us=625 n=1[0m
[0;32mI (25095) forensics: [CALLBACK_CURVE] model=PAN fixture=1 voices=4 class=fixture_transition n=1 avg_us=675.00 p95_us=680 p99_us=680 p995_us=680 p999_us=680 max_us=675 deadline=0 overhead_avg_us=46.98[0m
[0;32mI (25115) forensics: [CALLBACK_HIST] fixture=1 class=fixture_transition lower_us=675 n=1[0m
[0;32mI (25125) forensics: [FASTPATH] fixture=1 stable8=0 attack=0 sustain=16204[0m
[0;32mI (25135) forensics: [OVERHEAD] fixture=1 blocks=4096 model_reset_avg_us=1.74 model_reset_max_us=20 queue_avg_us=1.72 queue_max_us=26 render_avg_us=1148.45 telem_avg_us=3.87 telem_max_us=77 telem_publishes=512[0m
[0;33mW (25185) forensics: [OVERRUN] seq=8664 callback_us=2642 inner_us=2515 class=event fixture=2 model=PAN voices=8 exciter=1 midi_depth=0 midi_consumed=0 telem=0 model_req=0 reset_req=0[0m
[0;33mW (25195) forensics: [OVERRUN] seq=8852 callback_us=2624 inner_us=2546 class=event fixture=2 model=PAN voices=8 exciter=1 midi_depth=0 midi_consumed=0 telem=0 model_req=0 reset_req=0[0m
[0;33mW (25205) forensics: [OVERRUN] seq=9040 callback_us=2590 inner_us=2529 class=event fixture=2 model=PAN voices=8 exciter=1 midi_depth=0 midi_consumed=0 telem=0 model_req=0 reset_req=0[0m
[0;33mW (25555) forensics: [OVERRUN] seq=9228 callback_us=2490 inner_us=2426 class=event fixture=2 model=PAN voices=8 exciter=1 midi_depth=0 midi_consumed=0 telem=0 model_req=0 reset_req=0[0m
[0;32mI (25865) pocket_pan_main: [AUDIO] model=PAN blocks=9353 avg_us=1674 p99_us=0 max_us=2642 cpu_load=62.8 deadline=0 timeout=0 tx_error=0 short=0[0m
[0;32mI (25865) pocket_pan_main: [MIDI] push=0 pop=0 drop=0 hwm=0 last=(n=62 v=0 t=78 hex=000000)[0m
[0;32mI (25875) pocket_pan_main: [BLE] state=8 interval_ms=11.25 latency=0 rssi=-68 reconnects=0 last_disconnect=0[0m
[0;32mI (25885) pocket_pan_main: [MEM] internal_free=56271 largest_internal=31744[0m
[0;32mI (25895) pocket_pan_main: [UICORR] >1733(tot=48 draw=1 lcd=1 both=0 none=46) >2000(tot=8 draw=0 lcd=0 both=0 none=8)[0m
[0;32mI (25905) pocket_pan_main: [UIMETRIC] arch=0 field_updates=46 total_transfers=35 total_pixels=188160 last_sub_us=295 last_dma_us=1082[0m
[0;32mI (25915) pocket_pan_main: [UIREDRAW] urgent=10 telemetry=104 skip=620[0m
[0;33mW (26045) forensics: [OVERRUN] seq=9416 callback_us=2506 inner_us=2442 class=event fixture=2 model=PAN voices=8 exciter=1 midi_depth=0 midi_consumed=0 telem=0 model_req=0 reset_req=0[0m
[0;33mW (26535) forensics: [OVERRUN] seq=9604 callback_us=2492 inner_us=2424 class=event fixture=2 model=PAN voices=8 exciter=1 midi_depth=0 midi_consumed=0 telem=0 model_req=0 reset_req=0[0m
[0;33mW (27055) forensics: [OVERRUN] seq=9792 callback_us=2499 inner_us=2432 class=event fixture=2 model=PAN voices=8 exciter=1 midi_depth=0 midi_consumed=0 telem=0 model_req=0 reset_req=0[0m
[0;33mW (27545) forensics: [OVERRUN] seq=9980 callback_us=2489 inner_us=2426 class=event fixture=2 model=PAN voices=8 exciter=1 midi_depth=0 midi_consumed=0 telem=0 model_req=0 reset_req=0[0m
[0;33mW (28055) forensics: [OVERRUN] seq=10168 callback_us=2485 inner_us=2423 class=event fixture=2 model=PAN voices=8 exciter=1 midi_depth=0 midi_consumed=0 telem=0 model_req=0 reset_req=0[0m
[0;33mW (28545) forensics: [OVERRUN] seq=10356 callback_us=2474 inner_us=2418 class=event fixture=2 model=PAN voices=8 exciter=1 midi_depth=0 midi_consumed=0 telem=0 model_req=0 reset_req=0[0m
[0;33mW (29055) forensics: [OVERRUN] seq=10544 callback_us=2489 inner_us=2426 class=event fixture=2 model=PAN voices=8 exciter=1 midi_depth=0 midi_consumed=0 telem=0 model_req=0 reset_req=0[0m
[0;33mW (29545) forensics: [OVERRUN] seq=10732 callback_us=2478 inner_us=2419 class=event fixture=2 model=PAN voices=8 exciter=1 midi_depth=0 midi_consumed=0 telem=0 model_req=0 reset_req=0[0m
[0;33mW (30055) forensics: [OVERRUN] seq=10920 callback_us=2472 inner_us=2418 class=event fixture=2 model=PAN voices=8 exciter=1 midi_depth=0 midi_consumed=0 telem=0 model_req=0 reset_req=0[0m
[0;33mW (30575) forensics: [OVERRUN] seq=11108 callback_us=2570 inner_us=2476 class=event fixture=2 model=PAN voices=8 exciter=1 midi_depth=0 midi_consumed=0 telem=0 model_req=0 reset_req=0[0m
[0;32mI (30885) pocket_pan_main: [AUDIO] model=PAN blocks=11235 avg_us=1677 p99_us=2025 max_us=2642 cpu_load=62.9 deadline=0 timeout=0 tx_error=0 short=0[0m
[0;32mI (30885) pocket_pan_main: [MIDI] push=0 pop=0 drop=0 hwm=0 last=(n=62 v=0 t=78 hex=000000)[0m
[0;32mI (30895) pocket_pan_main: [BLE] state=8 interval_ms=11.25 latency=0 rssi=-64 reconnects=0 last_disconnect=0[0m
[0;32mI (30905) pocket_pan_main: [MEM] internal_free=56271 largest_internal=31744[0m
[0;32mI (30915) pocket_pan_main: [UICORR] >1733(tot=131 draw=4 lcd=5 both=1 none=121) >2000(tot=29 draw=0 lcd=0 both=0 none=29)[0m
[0;32mI (30925) pocket_pan_main: [UIMETRIC] arch=0 field_updates=60 total_transfers=49 total_pixels=215040 last_sub_us=334 last_dma_us=1127[0m
[0;32mI (30935) pocket_pan_main: [UIREDRAW] urgent=10 telemetry=127 skip=760[0m
[0;33mW (31065) forensics: [OVERRUN] seq=11296 callback_us=2482 inner_us=2417 class=event fixture=2 model=PAN voices=8 exciter=1 midi_depth=0 midi_consumed=0 telem=0 model_req=0 reset_req=0[0m
[0;33mW (31575) forensics: [OVERRUN] seq=11484 callback_us=2525 inner_us=2445 class=event fixture=2 model=PAN voices=8 exciter=1 midi_depth=0 midi_consumed=0 telem=0 model_req=0 reset_req=0[0m
[0;33mW (32065) forensics: [OVERRUN] seq=11672 callback_us=2476 inner_us=2420 class=event fixture=2 model=PAN voices=8 exciter=1 midi_depth=0 midi_consumed=0 telem=0 model_req=0 reset_req=0[0m
[0;33mW (32575) forensics: [OVERRUN] seq=11860 callback_us=2493 inner_us=2415 class=event fixture=2 model=PAN voices=8 exciter=1 midi_depth=0 midi_consumed=0 telem=0 model_req=0 reset_req=0[0m
[0;33mW (33065) forensics: [OVERRUN] seq=12048 callback_us=2491 inner_us=2432 class=event fixture=2 model=PAN voices=8 exciter=1 midi_depth=0 midi_consumed=0 telem=0 model_req=0 reset_req=0[0m
[0;33mW (33575) forensics: [OVERRUN] seq=12236 callback_us=2481 inner_us=2425 class=event fixture=2 model=PAN voices=8 exciter=1 midi_depth=0 midi_consumed=0 telem=0 model_req=0 reset_req=0[0m
[0;33mW (34055) forensics: [OVERRUN] seq=12424 callback_us=2466 inner_us=2413 class=event fixture=2 model=PAN voices=8 exciter=1 midi_depth=0 midi_consumed=0 telem=0 model_req=0 reset_req=0[0m
[0;33mW (34085) forensics: [OVERRUN] seq=12425 callback_us=2216 inner_us=2124 class=attack_tail fixture=2 model=PAN voices=8 exciter=0 midi_depth=0 midi_consumed=0 telem=0 model_req=0 reset_req=0[0m
[0;33mW (34575) forensics: [OVERRUN] seq=12612 callback_us=2479 inner_us=2421 class=event fixture=2 model=PAN voices=8 exciter=1 midi_depth=0 midi_consumed=0 telem=0 model_req=0 reset_req=0[0m
[0;32mI (34965) forensics: [SAFETY] fixture=2 hard=0 sat=0 nonfinite=0 ble_lost=0[0m
[0;32mI (34965) forensics: [EVENT_ONLY] fixture=2 n=22 avg_us=144.47 max_us=151[0m
[0;32mI (34965) forensics: [FIXTURE_IO] model=PAN fixture=2 avg_us=1678 p99_us=2025 max_us=2642 cpu_pct=62.92 deadline=0 timeouts=0 tx_errors=0 short_writes=0[0m
[0;32mI (34985) forensics: [CURVE] model=PAN fixture=2 voices=8 class=true_steady n=4051 avg_us=1650.48 p95_us=1695 p99_us=1735 p995_us=1755 p999_us=1795 max_us=1838 deadline=0 bad_voices=0 ble_lost=0 hard=0 sat=0 bin_us=5 max_observed_voices=8[0m
[0;32mI (35005) forensics: [HIST] fixture=2 class=true_steady lower_us=1630 n=575[0m
[0;32mI (35015) forensics: [HIST] fixture=2 class=true_steady lower_us=1635 n=1052[0m
[0;32mI (35025) forensics: [HIST] fixture=2 class=true_steady lower_us=1640 n=634[0m
[0;32mI (35025) forensics: [HIST] fixture=2 class=true_steady lower_us=1645 n=232[0m
[0;32mI (35035) forensics: [HIST] fixture=2 class=true_steady lower_us=1650 n=288[0m
[0;32mI (35045) forensics: [HIST] fixture=2 class=true_steady lower_us=1655 n=210[0m
[0;32mI (35055) forensics: [HIST] fixture=2 class=true_steady lower_us=1660 n=182[0m
[0;32mI (35055) forensics: [HIST] fixture=2 class=true_steady lower_us=1665 n=220[0m
[0;32mI (35065) forensics: [HIST] fixture=2 class=true_steady lower_us=1670 n=197[0m
[0;32mI (35075) forensics: [HIST] fixture=2 class=true_steady lower_us=1675 n=118[0m
[0;32mI (35085) forensics: [HIST] fixture=2 class=true_steady lower_us=1680 n=74[0m
[0;32mI (35085) forensics: [HIST] fixture=2 class=true_steady lower_us=1685 n=54[0m
[0;32mI (35095) forensics: [HIST] fixture=2 class=true_steady lower_us=1690 n=44[0m
[0;32mI (35105) forensics: [HIST] fixture=2 class=true_steady lower_us=1695 n=29[0m
[0;32mI (35115) forensics: [HIST] fixture=2 class=true_steady lower_us=1700 n=29[0m
[0;32mI (35115) forensics: [HIST] fixture=2 class=true_steady lower_us=1705 n=21[0m
[0;32mI (35125) forensics: [HIST] fixture=2 class=true_steady lower_us=1710 n=17[0m
[0;32mI (35135) forensics: [HIST] fixture=2 class=true_steady lower_us=1715 n=13[0m
[0;32mI (35145) forensics: [HIST] fixture=2 class=true_steady lower_us=1720 n=7[0m
[0;32mI (35145) forensics: [HIST] fixture=2 class=true_steady lower_us=1725 n=8[0m
[0;32mI (35155) forensics: [HIST] fixture=2 class=true_steady lower_us=1730 n=9[0m
[0;32mI (35165) forensics: [HIST] fixture=2 class=true_steady lower_us=1735 n=8[0m
[0;32mI (35175) forensics: [HIST] fixture=2 class=true_steady lower_us=1740 n=5[0m
[0;32mI (35175) forensics: [HIST] fixture=2 class=true_steady lower_us=1745 n=2[0m
[0;32mI (35185) forensics: [HIST] fixture=2 class=true_steady lower_us=1750 n=5[0m
[0;32mI (35195) forensics: [HIST] fixture=2 class=true_steady lower_us=1755 n=1[0m
[0;32mI (35205) forensics: [HIST] fixture=2 class=true_steady lower_us=1760 n=2[0m
[0;32mI (35205) forensics: [HIST] fixture=2 class=true_steady lower_us=1765 n=1[0m
[0;32mI (35215) forensics: [HIST] fixture=2 class=true_steady lower_us=1780 n=1[0m
[0;32mI (35225) forensics: [HIST] fixture=2 class=true_steady lower_us=1785 n=6[0m
[0;32mI (35235) forensics: [HIST] fixture=2 class=true_steady lower_us=1790 n=3[0m
[0;32mI (35235) forensics: [HIST] fixture=2 class=true_steady lower_us=1795 n=2[0m
[0;32mI (35245) forensics: [HIST] fixture=2 class=true_steady lower_us=1800 n=1[0m
[0;32mI (35255) forensics: [HIST] fixture=2 class=true_steady lower_us=1835 n=1[0m
[0;32mI (35265) forensics: [CALLBACK_CURVE] model=PAN fixture=2 voices=8 class=true_steady n=4051 avg_us=1667.62 p95_us=1725 p99_us=1815 p995_us=1850 p999_us=1890 max_us=2006 deadline=0 overhead_avg_us=17.14[0m
[0;32mI (35285) forensics: [CALLBACK_HIST] fixture=2 class=true_steady lower_us=1150 n=1[0m
[0;32mI (35285) forensics: [CALLBACK_HIST] fixture=2 class=true_steady lower_us=1640 n=463[0m
[0;32mI (35295) forensics: [CALLBACK_HIST] fixture=2 class=true_steady lower_us=1645 n=848[0m
[0;32mI (35305) forensics: [CALLBACK_HIST] fixture=2 class=true_steady lower_us=1650 n=498[0m
[0;32mI (35315) forensics: [CALLBACK_HIST] fixture=2 class=true_steady lower_us=1655 n=287[0m
[0;32mI (35325) forensics: [CALLBACK_HIST] fixture=2 class=true_steady lower_us=1660 n=271[0m
[0;32mI (35335) forensics: [CALLBACK_HIST] fixture=2 class=true_steady lower_us=1665 n=286[0m
[0;32mI (35335) forensics: [CALLBACK_HIST] fixture=2 class=true_steady lower_us=1670 n=240[0m
[0;32mI (35345) forensics: [CALLBACK_HIST] fixture=2 class=true_steady lower_us=1675 n=215[0m
[0;32mI (35355) forensics: [CALLBACK_HIST] fixture=2 class=true_steady lower_us=1680 n=176[0m
[0;32mI (35365) forensics: [CALLBACK_HIST] fixture=2 class=true_steady lower_us=1685 n=155[0m
[0;32mI (35375) forensics: [CALLBACK_HIST] fixture=2 class=true_steady lower_us=1690 n=113[0m
[0;32mI (35385) forensics: [CALLBACK_HIST] fixture=2 class=true_steady lower_us=1695 n=98[0m
[0;32mI (35385) forensics: [CALLBACK_HIST] fixture=2 class=true_steady lower_us=1700 n=65[0m
[0;32mI (35395) forensics: [CALLBACK_HIST] fixture=2 class=true_steady lower_us=1705 n=50[0m
[0;32mI (35405) forensics: [CALLBACK_HIST] fixture=2 class=true_steady lower_us=1710 n=40[0m
[0;32mI (35415) forensics: [CALLBACK_HIST] fixture=2 class=true_steady lower_us=1715 n=36[0m
[0;32mI (35425) forensics: [CALLBACK_HIST] fixture=2 class=true_steady lower_us=1720 n=28[0m
[0;32mI (35435) forensics: [CALLBACK_HIST] fixture=2 class=true_steady lower_us=1725 n=23[0m
[0;32mI (35435) forensics: [CALLBACK_HIST] fixture=2 class=true_steady lower_us=1730 n=5[0m
[0;32mI (35445) forensics: [CALLBACK_HIST] fixture=2 class=true_steady lower_us=1735 n=14[0m
[0;32mI (35455) forensics: [CALLBACK_HIST] fixture=2 class=true_steady lower_us=1740 n=8[0m
[0;32mI (35465) forensics: [CALLBACK_HIST] fixture=2 class=true_steady lower_us=1745 n=11[0m
[0;32mI (35475) forensics: [CALLBACK_HIST] fixture=2 class=true_steady lower_us=1750 n=6[0m
[0;32mI (35485) forensics: [CALLBACK_HIST] fixture=2 class=true_steady lower_us=1755 n=5[0m
[0;32mI (35485) forensics: [CALLBACK_HIST] fixture=2 class=true_steady lower_us=1760 n=7[0m
[0;32mI (35495) forensics: [CALLBACK_HIST] fixture=2 class=true_steady lower_us=1765 n=5[0m
[0;32mI (35505) forensics: [CALLBACK_HIST] fixture=2 class=true_steady lower_us=1770 n=7[0m
[0;32mI (35515) forensics: [CALLBACK_HIST] fixture=2 class=true_steady lower_us=1775 n=6[0m
[0;32mI (35525) forensics: [CALLBACK_HIST] fixture=2 class=true_steady lower_us=1780 n=4[0m
[0;32mI (35535) forensics: [CALLBACK_HIST] fixture=2 class=true_steady lower_us=1785 n=7[0m
[0;32mI (35535) forensics: [CALLBACK_HIST] fixture=2 class=true_steady lower_us=1790 n=8[0m
[0;32mI (35545) forensics: [CALLBACK_HIST] fixture=2 class=true_steady lower_us=1795 n=3[0m
[0;32mI (35555) forensics: [CALLBACK_HIST] fixture=2 class=true_steady lower_us=1800 n=11[0m
[0;32mI (35565) forensics: [CALLBACK_HIST] fixture=2 class=true_steady lower_us=1805 n=5[0m
[0;32mI (35575) forensics: [CALLBACK_HIST] fixture=2 class=true_steady lower_us=1810 n=6[0m
[0;32mI (35575) forensics: [CALLBACK_HIST] fixture=2 class=true_steady lower_us=1815 n=4[0m
[0;32mI (35585) forensics: [CALLBACK_HIST] fixture=2 class=true_steady lower_us=1820 n=5[0m
[0;32mI (35595) forensics: [CALLBACK_HIST] fixture=2 class=true_steady lower_us=1825 n=1[0m
[0;32mI (35605) forensics: [CALLBACK_HIST] fixture=2 class=true_steady lower_us=1830 n=3[0m
[0;32mI (35615) forensics: [CALLBACK_HIST] fixture=2 class=true_steady lower_us=1835 n=1[0m
[0;32mI (35625) forensics: [CALLBACK_HIST] fixture=2 class=true_steady lower_us=1840 n=3[0m
[0;32mI (35625) forensics: [CALLBACK_HIST] fixture=2 class=true_steady lower_us=1845 n=6[0m
[0;32mI (35635) forensics: [CALLBACK_HIST] fixture=2 class=true_steady lower_us=1850 n=2[0m
[0;32mI (35645) forensics: [CALLBACK_HIST] fixture=2 class=true_steady lower_us=1855 n=3[0m
[0;32mI (35655) forensics: [CALLBACK_HIST] fixture=2 class=true_steady lower_us=1860 n=1[0m
[0;32mI (35665) forensics: [CALLBACK_HIST] fixture=2 class=true_steady lower_us=1865 n=2[0m
[0;32mI (35675) forensics: [CALLBACK_HIST] fixture=2 class=true_steady lower_us=1870 n=1[0m
[0;32mI (35675) forensics: [CALLBACK_HIST] fixture=2 class=true_steady lower_us=1875 n=2[0m
[0;32mI (35685) forensics: [CALLBACK_HIST] fixture=2 class=true_steady lower_us=1885 n=2[0m
[0;32mI (35695) forensics: [CALLBACK_HIST] fixture=2 class=true_steady lower_us=1890 n=1[0m
[0;32mI (35705) forensics: [CALLBACK_HIST] fixture=2 class=true_steady lower_us=1905 n=1[0m
[0;32mI (35715) forensics: [CALLBACK_HIST] fixture=2 class=true_steady lower_us=1990 n=1[0m
[0;32mI (35715) forensics: [CALLBACK_HIST] fixture=2 class=true_steady lower_us=2005 n=1[0m
[0;32mI (35725) forensics: [CURVE] model=PAN fixture=2 voices=8 class=attack_tail n=22 avg_us=2034.46 p95_us=2120 p99_us=2125 p995_us=2125 p999_us=2125 max_us=2124 deadline=0 bad_voices=0 ble_lost=0 hard=0 sat=0 bin_us=5 max_observed_voices=8[0m
[0;32mI (35745) forensics: [HIST] fixture=2 class=attack_tail lower_us=1990 n=1[0m
[0;32mI (35755) forensics: [HIST] fixture=2 class=attack_tail lower_us=2005 n=7[0m
[0;32mI (35765) forensics: [HIST] fixture=2 class=attack_tail lower_us=2010 n=2[0m
[0;32mI (35775) forensics: [HIST] fixture=2 class=attack_tail lower_us=2015 n=4[0m
[0;32mI (35775) forensics: [HIST] fixture=2 class=attack_tail lower_us=2020 n=2[0m
[0;32mI (35785) forensics: [HIST] fixture=2 class=attack_tail lower_us=2080 n=1[0m
[0;32mI (35795) forensics: [HIST] fixture=2 class=attack_tail lower_us=2085 n=1[0m
[0;32mI (35805) forensics: [HIST] fixture=2 class=attack_tail lower_us=2090 n=1[0m
[0;32mI (35805) forensics: [HIST] fixture=2 class=attack_tail lower_us=2095 n=1[0m
[0;32mI (35815) forensics: [HIST] fixture=2 class=attack_tail lower_us=2115 n=1[0m
[0;32mI (35825) forensics: [HIST] fixture=2 class=attack_tail lower_us=2120 n=1[0m
[0;32mI (35835) forensics: [CALLBACK_CURVE] model=PAN fixture=2 voices=8 class=attack_tail n=22 avg_us=2064.32 p95_us=2165 p99_us=2220 p995_us=2220 p999_us=2220 max_us=2216 deadline=0 overhead_avg_us=29.86[0m
[0;32mI (35855) forensics: [CALLBACK_HIST] fixture=2 class=attack_tail lower_us=2005 n=1[0m
[0;32mI (35855) forensics: [CALLBACK_HIST] fixture=2 class=attack_tail lower_us=2020 n=4[0m
[0;32mI (35865) forensics: [CALLBACK_HIST] fixture=2 class=attack_tail lower_us=2025 n=3[0m
[0;32mI (35875) forensics: [CALLBACK_HIST] fixture=2 class=attack_tail lower_us=2030 n=1[0m
[0;32mI (35885) forensics: [CALLBACK_HIST] fixture=2 class=attack_tail lower_us=2035 n=2[0m
[0;32mI (35895) forensics: [CALLBACK_HIST] fixture=2 class=attack_tail lower_us=2040 n=3[0m
[0;32mI (35895) forensics: [CALLBACK_HIST] fixture=2 class=attack_tail lower_us=2045 n=2[0m
[0;32mI (35905) forensics: [CALLBACK_HIST] fixture=2 class=attack_tail lower_us=2115 n=1[0m
[0;32mI (35915) forensics: [CALLBACK_HIST] fixture=2 class=attack_tail lower_us=2125 n=1[0m
[0;32mI (35925) forensics: [CALLBACK_HIST] fixture=2 class=attack_tail lower_us=2150 n=2[0m
[0;32mI (35935) forensics: [CALLBACK_HIST] fixture=2 class=attack_tail lower_us=2160 n=1[0m
[0;32mI (35945) forensics: [CALLBACK_HIST] fixture=2 class=attack_tail lower_us=2215 n=1[0m
[0;32mI (35945) forensics: [CURVE] model=PAN fixture=2 voices=8 class=event n=22 avg_us=2440.79 p95_us=2530 p99_us=2550 p995_us=2550 p999_us=2550 max_us=2546 deadline=0 bad_voices=0 ble_lost=0 hard=0 sat=0 bin_us=5 max_observed_voices=8[0m
[0;32mI (35975) forensics: [HIST] fixture=2 class=event lower_us=2410 n=1[0m
[0;32mI (35975) forensics: [HIST] fixture=2 class=event lower_us=2415 n=5[0m
[0;32mI (35985) forensics: [HIST] fixture=2 class=event lower_us=2420 n=4[0m
[0;32mI (35995) forensics: [HIST] fixture=2 class=event lower_us=2425 n=4[0m
[0;32mI (35995) forensics: [HIST] fixture=2 class=event lower_us=2430 n=2[0m
[0;32mI (36005) forensics: [HIST] fixture=2 class=event lower_us=2440 n=1[0m
[0;32mI (36015) forensics: [HIST] fixture=2 class=event lower_us=2445 n=1[0m
[0;32mI (36015) forensics: [HIST] fixture=2 class=event lower_us=2475 n=1[0m
[0;32mI (36025) forensics: [HIST] fixture=2 class=event lower_us=2515 n=1[0m
[0;32mI (36035) forensics: [HIST] fixture=2 class=event lower_us=2525 n=1[0m
[0;32mI (36035) forensics: [HIST] fixture=2 class=event lower_us=2545 n=1[0m
[0;32mI (36045) forensics: [CALLBACK_CURVE] model=PAN fixture=2 voices=8 class=event n=22 avg_us=2508.77 p95_us=2625 p99_us=2645 p995_us=2645 p999_us=2645 max_us=2642 deadline=0 overhead_avg_us=67.98[0m
[0;32mI (36065) forensics: [CALLBACK_HIST] fixture=2 class=event lower_us=2465 n=1[0m
[0;32mI (36075) forensics: [CALLBACK_HIST] fixture=2 class=event lower_us=2470 n=2[0m
[0;32mI (36075) forensics: [CALLBACK_HIST] fixture=2 class=event lower_us=2475 n=3[0m
[0;32mI (36085) forensics: [CALLBACK_HIST] fixture=2 class=event lower_us=2480 n=2[0m
[0;32mI (36095) forensics: [CALLBACK_HIST] fixture=2 class=event lower_us=2485 n=3[0m
[0;32mI (36105) forensics: [CALLBACK_HIST] fixture=2 class=event lower_us=2490 n=4[0m
[0;32mI (36115) forensics: [CALLBACK_HIST] fixture=2 class=event lower_us=2495 n=1[0m
[0;32mI (36115) forensics: [CALLBACK_HIST] fixture=2 class=event lower_us=2505 n=1[0m
[0;32mI (36125) forensics: [CALLBACK_HIST] fixture=2 class=event lower_us=2525 n=1[0m
[0;32mI (36135) forensics: [CALLBACK_HIST] fixture=2 class=event lower_us=2570 n=1[0m
[0;32mI (36145) forensics: [CALLBACK_HIST] fixture=2 class=event lower_us=2590 n=1[0m
[0;32mI (36145) forensics: [CALLBACK_HIST] fixture=2 class=event lower_us=2620 n=1[0m
[0;32mI (36155) forensics: [CALLBACK_HIST] fixture=2 class=event lower_us=2640 n=1[0m
[0;32mI (36165) forensics: [CURVE] model=PAN fixture=2 voices=8 class=fixture_transition n=1 avg_us=590.43 p95_us=595 p99_us=595 p995_us=595 p999_us=595 max_us=591 deadline=0 bad_voices=0 ble_lost=0 hard=0 sat=0 bin_us=5 max_observed_voices=8[0m
[0;32mI (36185) forensics: [HIST] fixture=2 class=fixture_transition lower_us=590 n=1[0m
[0;32mI (36195) forensics: [CALLBACK_CURVE] model=PAN fixture=2 voices=8 class=fixture_transition n=1 avg_us=639.00 p95_us=640 p99_us=640 p995_us=640 p999_us=640 max_us=639 deadline=0 overhead_avg_us=48.57[0m
[0;32mI (36215) forensics: [CALLBACK_HIST] fixture=2 class=fixture_transition lower_us=635 n=1[0m
[0;32mI (36225) forensics: [FASTPATH] fixture=2 stable8=4051 attack=352 sustain=32408[0m
[0;32mI (36225) forensics: [OVERHEAD] fixture=2 blocks=4096 model_reset_avg_us=1.79 model_reset_max_us=16 queue_avg_us=1.81 queue_max_us=21 render_avg_us=1663.51 telem_avg_us=4.04 telem_max_us=132 telem_publishes=512[0m
[0;32mI (36275) pocket_pan_main: [AUDIO] model=PAN blocks=13256 avg_us=10 p99_us=2000 max_us=2642 cpu_load=0.4 deadline=0 timeout=0 tx_error=0 short=0[0m
[0;32mI (36275) pocket_pan_main: [MIDI] push=0 pop=0 drop=0 hwm=0 last=(n=62 v=0 t=78 hex=000000)[0m
[0;32mI (36285) pocket_pan_main: [BLE] state=8 interval_ms=11.25 latency=0 rssi=-62 reconnects=0 last_disconnect=0[0m
[0;32mI (36295) pocket_pan_main: [MEM] internal_free=56271 largest_internal=31744[0m
[0;32mI (36305) pocket_pan_main: [UICORR] >1733(tot=198 draw=7 lcd=7 both=1 none=183) >2000(tot=45 draw=0 lcd=0 both=0 none=45)[0m
[0;32mI (36315) pocket_pan_main: [UIMETRIC] arch=0 field_updates=71 total_transfers=60 total_pixels=236160 last_sub_us=260 last_dma_us=1050[0m
[0;32mI (36325) pocket_pan_main: [UIREDRAW] urgent=10 telemetry=147 skip=874[0m
[0;32mI (41285) pocket_pan_main: [AUDIO] model=PAN blocks=15136 avg_us=8 p99_us=25 max_us=2642 cpu_load=0.3 deadline=0 timeout=0 tx_error=0 short=0[0m
[0;32mI (41285) pocket_pan_main: [MIDI] push=0 pop=0 drop=0 hwm=0 last=(n=62 v=0 t=78 hex=000000)[0m
[0;32mI (41295) pocket_pan_main: [BLE] state=8 interval_ms=11.25 latency=0 rssi=-77 reconnects=0 last_disconnect=0[0m
[0;32mI (41305) pocket_pan_main: [MEM] internal_free=56271 largest_internal=31744[0m
[0;32mI (41315) pocket_pan_main: [UICORR] >1733(tot=198 draw=7 lcd=7 both=1 none=183) >2000(tot=45 draw=0 lcd=0 both=0 none=45)[0m
[0;32mI (41325) pocket_pan_main: [UIMETRIC] arch=0 field_updates=71 total_transfers=60 total_pixels=236160 last_sub_us=260 last_dma_us=1050[0m
[0;32mI (41335) pocket_pan_main: [UIREDRAW] urgent=10 telemetry=164 skip=1022[0m
