=======================================================
  Pocket Pan / Metal Modal Synth - Comprehensive DSP  
=======================================================

[Test 0] Diagnostic tone source routing and level...
  -> PASSED!
[Test 0b] Diagnostic oscillator 30-second stability...
  -> PASSED!
[Test 1] Modal Resonator Frequency Accuracy...
  Target: 440 Hz | Measured: 439 Hz | Error: 1 Hz
  -> PASSED!
[Test 2] Modal Resonator T60 Decay Envelope...
  Peak Initial Amp = 0.992419 | Amp at t=0.5s = 0.00102411 | Ratio = 0.00103194 (target ~0.001)
  -> PASSED!
[Test 3] Mode Splitting (Beating Doublet Verification)...
  Mode 0: ratio=1, detune=0 -> 146.832 Hz
  Mode 1: ratio=1, detune=0.0032 -> 147.302 Hz
  Beat frequency: 0.469879 Hz
  -> PASSED: Mode split detune applied exactly once, producing natural sub-0.5 Hz D3 beating!
[Test 4] Same-Note Restrike (Physical Energy Accumulation)...
  Voice A Energy before restrike: 0.00539152
  Voice A Energy after physical restrike: 0.732736
  Voice B Energy after hard kill & retrigger: 0.351562
  -> PASSED: Same-note restrike preserves acoustic vibration (behavior differs from hard reset)!
[Test 5] Declicked Voice Stealing Stress (9+ Notes)...
  Boundary sample delta at steal point: 0.037048
  -> PASSED: Declicked voice stealing handled 16-note burst without clicks or instability!
[Test 5b] Inactive trigger clears stale residual...
  -> PASSED!
[Test 6] Multi-Voice Independent Damping (Poly Pressure)...
  Choked note 62 energy: 0 | Open note 69 energy: 0.00874759
  -> PASSED: Damping is strictly independent per voice!
[Test 7] Modal Gain Normalization across Frequencies & T60...
  f =   65.4 Hz | Peak(T60=0.1s): 0.779815 | Peak(T60=5.0s): 0.994568 | Ratio: 1.27539
  f =  130.8 Hz | Peak(T60=0.1s): 0.880737 | Peak(T60=5.0s): 0.997368 | Ratio: 1.13242
  f = 293.66 Hz | Peak(T60=0.1s): 0.944895 | Peak(T60=5.0s): 0.998812 | Ratio: 1.05706
  f =    880 Hz | Peak(T60=0.1s): 0.980602 | Peak(T60=5.0s): 0.998793 | Ratio: 1.01855
  f =   2500 Hz | Peak(T60=0.1s): 0.992131 | Peak(T60=5.0s): 0.999338 | Ratio: 1.00726
  -> PASSED: Modal normalization is rock-solid across frequencies and T60!
[Test 8] Velocity Dynamic Calibration (20, 50, 80, 110, 127)...

  Vel |   Peak   |   RMS    | CrestFac | Limiter Hits
  ----+----------+----------+----------+-------------
   10 |   0.1552 |   0.0274 |   5.6620 |            0
   20 |   0.1952 |   0.0344 |   5.6720 |            0
   40 |   0.2935 |   0.0516 |   5.6863 |            0
   64 |   0.4487 |   0.0773 |   5.8047 |            0
   90 |   0.6604 |   0.1121 |   5.8934 |            0
  110 |   0.8394 |   0.1410 |   5.9516 |            0
  127 |   0.9123 |   0.1520 |   6.0039 |            0
  -> PASSED: Dynamic velocity range is expressive and controlled!
[Test 9] PAN spectral/restrike/DC sanity...
  spectral f=0.0307 2f=0.0130 3f=0.0052 high=0.0000 | restrike RMS 100ms=0.1515 250ms=0.1309 roll=0.4067
[Test 9b] M5B velocity/modal/register audit...
  [WAV] Exported: pan_D3_v30_new.wav (96000 frames)
  [WAV] Exported: pan_D3_v70_new.wav (96000 frames)
  [WAV] Exported: pan_D3_v110_new.wav (96000 frames)
  [WAV] Exported: pan_register_D3.wav (96000 frames)
  [WAV] Exported: pan_register_A3.wav (96000 frames)
  [WAV] Exported: pan_register_D4.wav (96000 frames)
  [WAV] Exported: pan_register_A4.wav (96000 frames)
  -> PASSED: modal brightness ratios rise monotonically.
[Test 9c] PAN doublet relative/fixed A/B...
  [WAV] Exported: pan_doublet_D3_relative.wav (192000 frames)
  [WAV] Exported: pan_doublet_D3_fixed.wav (192000 frames)
  [WAV] Exported: pan_doublet_A3_relative.wav (192000 frames)
  [WAV] Exported: pan_doublet_A3_fixed.wav (192000 frames)
  [WAV] Exported: pan_doublet_D4_relative.wav (192000 frames)
  [WAV] Exported: pan_doublet_D4_fixed.wav (192000 frames)
  [WAV] Exported: pan_doublet_A4_relative.wav (192000 frames)
  [WAV] Exported: pan_doublet_A4_fixed.wav (192000 frames)
  -> PASSED: A/B WAVs and calculated beat rates generated.
[Test 10] Internal saturation A/B audit...

[Test 9] Generating scheduled WAV regression fixtures...
  [WAV] Exported: pan_D3_vel40.wav (144000 frames)
pan_D3_vel40.wav peak=0.3182 rms=0.0372 crest=8.5554 limiter=0 modalSat=0
  [WAV] Exported: pan_D3_vel90.wav (144000 frames)
pan_D3_vel90.wav peak=0.6824 rms=0.0720 crest=9.4782 limiter=0 modalSat=0
  [WAV] Exported: pan_D3_vel127.wav (144000 frames)
pan_D3_vel127.wav peak=0.9255 rms=0.0937 crest=9.8788 limiter=0 modalSat=0
  [WAV] Exported: pan_D3_single.wav (144000 frames)
pan_D3_single.wav peak=0.6824 rms=0.0720 crest=9.4782 limiter=0 modalSat=0
  [WAV] Exported: pan_D3_double_100ms.wav (168000 frames)
pan_D3_double_100ms.wav peak=0.9208 rms=0.1145 crest=8.0424 limiter=0 modalSat=0
  [WAV] Exported: pan_D3_double_250ms.wav (168000 frames)
pan_D3_double_250ms.wav peak=0.7082 rms=0.0989 crest=7.1574 limiter=0 modalSat=0
  [WAV] Exported: pan_D3_triple.wav (168000 frames)
pan_D3_triple.wav peak=0.7082 rms=0.1130 crest=6.2685 limiter=0 modalSat=0
  [WAV] Exported: pan_D3_roll.wav (96000 frames)
pan_D3_roll.wav peak=0.9441 rms=0.4067 crest=2.3214 limiter=88676 modalSat=0
  [WAV] Exported: pan_chord.wav (192000 frames)
pan_chord.wav peak=0.9441 rms=0.0666 crest=14.1853 limiter=191995 modalSat=0
  [WAV] Exported: pan_cluster8.wav (192000 frames)
pan_cluster8.wav peak=0.9441 rms=0.0806 crest=11.7163 limiter=191997 modalSat=0
[Test 11] Lookahead peak limiter transparency, ceiling, and release...
  -> PASSED: linear below threshold; ceiling and release verified.
[Test 12] Output-stage A/B/C and static master-gain audit...
  [WAV] Exported: pan_chord_old.wav (192000 frames)
  [WAV] Exported: pan_chord_new.wav (192000 frames)
  [WAV] Exported: pan_cluster8_old.wav (192000 frames)
  [WAV] Exported: pan_cluster8_new.wav (192000 frames)
  [WAV] Exported: pan_roll_old.wav (96000 frames)
  [WAV] Exported: pan_roll_new.wav (96000 frames)
  -> PASSED: transparent limiter and reduced-master reference rendered.
[Test 13] M5C global body, sympathetic bus, and stability...
  [WAV] Exported: pan_m5c_D3_dry.wav (96000 frames)
  [WAV] Exported: pan_m5c_D3_body.wav (96000 frames)
  [WAV] Exported: pan_m5c_D3_sympathetic.wav (96000 frames)
  [WAV] Exported: pan_m5c_D3_full.wav (96000 frames)
  [WAV] Exported: pan_m5c_interval_dry.wav (96000 frames)
  [WAV] Exported: pan_m5c_interval_full.wav (96000 frames)
  [WAV] Exported: pan_m5c_chord_dry.wav (96000 frames)
  [WAV] Exported: pan_m5c_chord_full.wav (96000 frames)
  [WAV] Exported: pan_m5c_roll_dry.wav (96000 frames)
  [WAV] Exported: pan_m5c_roll_full.wav (96000 frames)
  [WAV] Exported: pan_m5c_D3_body_7.wav (96000 frames)
  [WAV] Exported: pan_m5c_chord_body_7.wav (96000 frames)
  [WAV] Exported: pan_m5c_D3_body_11.wav (96000 frames)
  [WAV] Exported: pan_m5c_chord_body_11.wav (96000 frames)
  [WAV] Exported: pan_m5c_D3_body_15.wav (96000 frames)
  [WAV] Exported: pan_m5c_chord_body_15.wav (96000 frames)
  [WAV] Exported: pan_m5c_D3_body_tail_variant.wav (96000 frames)
  -> PASSED: M5C A/B artifacts, global fixed-Hz body and delayed bus remain stable.
[Test 14] M5C.2 body excitation A/B/C/D qualification...
  [WAV] Exported: pan_m5c2_D3_dry.wav (96000 frames)
  [WAV] Exported: pan_m5c2_D3_candidate.wav (96000 frames)
  [WAV] Exported: pan_m5c2_A3_dry.wav (96000 frames)
  [WAV] Exported: pan_m5c2_A3_candidate.wav (96000 frames)
  [WAV] Exported: pan_m5c2_D4_dry.wav (96000 frames)
  [WAV] Exported: pan_m5c2_D4_candidate.wav (96000 frames)
  [WAV] Exported: pan_m5c2_A4_dry.wav (96000 frames)
  [WAV] Exported: pan_m5c2_A4_candidate.wav (96000 frames)
  [WAV] Exported: pan_m5c2_D3_current.wav (96000 frames)
  [WAV] Exported: pan_m5c2_A3_current.wav (96000 frames)
  [WAV] Exported: pan_m5c2_chord_dry.wav (96000 frames)
  [WAV] Exported: pan_m5c2_chord_current.wav (96000 frames)
  [WAV] Exported: pan_m5c2_chord_candidate.wav (96000 frames)
  [WAV] Exported: pan_m5c2_roll_dry.wav (96000 frames)
  [WAV] Exported: pan_m5c2_roll_candidate.wav (96000 frames)
  [WAV] Exported: pan_m5c2_D3_fullmix.wav (96000 frames)
  [WAV] Exported: pan_m5c2_D3_transient.wav (96000 frames)
  [WAV] Exported: pan_m5c2_D3_strikebus.wav (96000 frames)
  -> PASSED: strike-bus register/tail balance, diagnostics, artifacts, and stability.
[Test 15] M5D.1 PAN true A/B/C qualification...
  [WAV] Exported: pan_m5d1_D3_v30_m5c2.wav (96000 frames)
  [WAV] Exported: pan_m5d1_D3_v30_m5d.wav (96000 frames)
  [WAV] Exported: pan_m5d1_D3_v30_bright.wav (96000 frames)
  [WAV] Exported: pan_m5d1_D3_v70_m5c2.wav (96000 frames)
  [WAV] Exported: pan_m5d1_D3_v70_m5d.wav (96000 frames)
  [WAV] Exported: pan_m5d1_D3_v70_bright.wav (96000 frames)
  [WAV] Exported: pan_m5d1_D3_v110_m5c2.wav (96000 frames)
  [WAV] Exported: pan_m5d1_D3_v110_m5d.wav (96000 frames)
  [WAV] Exported: pan_m5d1_D3_v110_bright.wav (96000 frames)
  [WAV] Exported: pan_m5d1_D3_v127_m5c2.wav (96000 frames)
  [WAV] Exported: pan_m5d1_D3_v127_m5d.wav (96000 frames)
  [WAV] Exported: pan_m5d1_D3_v127_bright.wav (96000 frames)
  [WAV] Exported: pan_m5d1_D3_v70_m5d_matched.wav (96000 frames)
  [WAV] Exported: pan_m5d1_D3_v70_bright_matched.wav (96000 frames)
  [WAV] Exported: pan_m5d1_D3_v110_m5d_matched.wav (96000 frames)
  [WAV] Exported: pan_m5d1_D3_v110_bright_matched.wav (96000 frames)
  [WAV] Exported: pan_m5d1_D3_m5d.wav (96000 frames)
  [WAV] Exported: pan_m5d1_D3_bright.wav (96000 frames)
  [WAV] Exported: pan_m5d1_A3_m5d.wav (96000 frames)
  [WAV] Exported: pan_m5d1_A3_bright.wav (96000 frames)
  [WAV] Exported: pan_m5d1_D4_m5d.wav (96000 frames)
  [WAV] Exported: pan_m5d1_D4_bright.wav (96000 frames)
  [WAV] Exported: pan_m5d1_A4_m5d.wav (96000 frames)
  [WAV] Exported: pan_m5d1_A4_bright.wav (96000 frames)
  [WAV] Exported: pan_m5d1_restrike_m5d.wav (96000 frames)
  [WAV] Exported: pan_m5d1_restrike_bright.wav (96000 frames)
  [WAV] Exported: pan_m5d1_roll_m5d.wav (96000 frames)
  [WAV] Exported: pan_m5d1_roll_bright.wav (96000 frames)
  [WAV] Exported: pan_m5d1_chord_m5d.wav (96000 frames)
  [WAV] Exported: pan_m5d1_chord_m5d_matched.wav (96000 frames)
  [WAV] Exported: pan_m5d1_chord_bright.wav (96000 frames)
  [WAV] Exported: pan_m5d1_chord_bright_matched.wav (96000 frames)
  -> PASSED: M5D.1 true A/B/C, determinism, monotonicity, and guards.
[Test 18] M6 model registry, PAN regression, and Bell V1...
  PAN FNV D3 v30 = 0xdfff8cb4bc9451ad
  PAN FNV D3 v70 = 0x625f551231401141
  PAN FNV D3 v110 = 0xb28e308f6f3b7ff9
  PAN FNV D3 v127 = 0x857e3b19560fb8fd
  PAN FNV A3 v70 = 0x8fd51136812f9c09
  PAN FNV D4 v70 = 0xfb6d1d3cb77ae911
  PAN FNV A4 v70 = 0x1c664493f822e449
  PAN FNV restrike soft-hard = 0x1230248779ad08dd
  PAN FNV restrike hard-soft = 0x153a4d12cc9da585
  PAN FNV roll = 0xc84c3e607e2b5129
  PAN FNV chord = 0x3c6d8246768089e9
  PAN FNV cluster8 = 0x98494cd426a587a1
  [WAV] Exported: bell_D4_v30.wav (96000 frames)
  [WAV] Exported: bell_D4_v50.wav (96000 frames)
  [WAV] Exported: bell_D4_v70.wav (96000 frames)
  [WAV] Exported: bell_D4_v90.wav (96000 frames)
  [WAV] Exported: bell_D4_v110.wav (96000 frames)
  [WAV] Exported: bell_D4_v127.wav (96000 frames)
  [WAV] Exported: bell_D3_v70.wav (144000 frames)
  [WAV] Exported: bell_A3_v70.wav (144000 frames)
  [WAV] Exported: bell_D4_v70.wav (144000 frames)
  [WAV] Exported: bell_A4_v70.wav (144000 frames)
  [WAV] Exported: bell_D5_v70.wav (144000 frames)
  [WAV] Exported: bell_D4_long.wav (576000 frames)
  [WAV] Exported: bell_double_100ms.wav (96000 frames)
  [WAV] Exported: bell_double_250ms.wav (96000 frames)
  [WAV] Exported: bell_triple.wav (96000 frames)
  [WAV] Exported: bell_restrike_soft_hard.wav (96000 frames)
  [WAV] Exported: bell_restrike_hard_soft.wav (96000 frames)
  [WAV] Exported: bell_chord.wav (192000 frames)
  [WAV] Exported: bell_cluster8.wav (192000 frames)
  [WAV] Exported: bell_roll.wav (192000 frames)
  [WAV] Exported: bell_arpeggio_steal.wav (192000 frames)
  -> PASSED: model resets, Bell velocity/register/tail/restrike safety verified.
[Test 19] Bell M6.2 A/B/C, aftertouch, steals, and ablation...
  [WAV] Exported: bell_m62_D4_v30_A.wav (96000 frames)
  [WAV] Exported: bell_m62_D4_v70_A.wav (96000 frames)
  [WAV] Exported: bell_m62_D4_v70_A_matched.wav (96000 frames)
  [WAV] Exported: bell_m62_D4_v110_A.wav (96000 frames)
  [WAV] Exported: bell_m62_D4_v110_A_matched.wav (96000 frames)
  [WAV] Exported: bell_m62_D4_v127_A.wav (96000 frames)
  [WAV] Exported: bell_m62_D4_v30_B.wav (96000 frames)
  [WAV] Exported: bell_m62_D4_v70_B.wav (96000 frames)
  [WAV] Exported: bell_m62_D4_v70_B_matched.wav (96000 frames)
  [WAV] Exported: bell_m62_D4_v110_B.wav (96000 frames)
  [WAV] Exported: bell_m62_D4_v110_B_matched.wav (96000 frames)
  [WAV] Exported: bell_m62_D4_v127_B.wav (96000 frames)
  [WAV] Exported: bell_m62_D4_v30_C.wav (96000 frames)
  [WAV] Exported: bell_m62_D4_v70_C.wav (96000 frames)
  [WAV] Exported: bell_m62_D4_v70_C_matched.wav (96000 frames)
  [WAV] Exported: bell_m62_D4_v110_C.wav (96000 frames)
  [WAV] Exported: bell_m62_D4_v110_C_matched.wav (96000 frames)
  [WAV] Exported: bell_m62_D4_v127_C.wav (96000 frames)
  [WAV] Exported: bell_m62_chord_A.wav (192000 frames)
  [WAV] Exported: bell_m62_roll_A.wav (192000 frames)
  [WAV] Exported: bell_m62_restrike100_A.wav (192000 frames)
  [WAV] Exported: bell_m62_restrike250_A.wav (192000 frames)
  [WAV] Exported: bell_m62_chord_B.wav (192000 frames)
  [WAV] Exported: bell_m62_roll_B.wav (192000 frames)
  [WAV] Exported: bell_m62_restrike100_B.wav (192000 frames)
  [WAV] Exported: bell_m62_restrike250_B.wav (192000 frames)
  [WAV] Exported: bell_m62_chord_C.wav (192000 frames)
  [WAV] Exported: bell_m62_roll_C.wav (192000 frames)
  [WAV] Exported: bell_m62_restrike100_C.wav (192000 frames)
  [WAV] Exported: bell_m62_restrike250_C.wav (192000 frames)
[Test 20] Bell M6.2.1 freeze listening package...
  [WAV] Exported: bell_m621_D4_v70_A.wav (96000 frames)
  [WAV] Exported: bell_m621_D4_v70_A_matched.wav (96000 frames)
  [WAV] Exported: bell_m621_D4_v70_B.wav (96000 frames)
  [WAV] Exported: bell_m621_D4_v70_B_matched.wav (96000 frames)
  [WAV] Exported: bell_m621_D4_v70_C.wav (96000 frames)
  [WAV] Exported: bell_m621_D4_v70_C_matched.wav (96000 frames)
  [WAV] Exported: bell_m621_D4_v110_A.wav (96000 frames)
  [WAV] Exported: bell_m621_D4_v110_A_matched.wav (96000 frames)
  [WAV] Exported: bell_m621_D4_v110_B.wav (96000 frames)
  [WAV] Exported: bell_m621_D4_v110_B_matched.wav (96000 frames)
  [WAV] Exported: bell_m621_D4_v110_C.wav (96000 frames)
  [WAV] Exported: bell_m621_D4_v110_C_matched.wav (96000 frames)
  [WAV] Exported: bell_m621_chord_A.wav (192000 frames)
  [WAV] Exported: bell_m621_chord_A_matched.wav (192000 frames)
  [WAV] Exported: bell_m621_chord_B.wav (192000 frames)
  [WAV] Exported: bell_m621_chord_B_matched.wav (192000 frames)
  [WAV] Exported: bell_m621_chord_C.wav (192000 frames)
  [WAV] Exported: bell_m621_chord_C_matched.wav (192000 frames)
  [WAV] Exported: bell_m621_roll_A.wav (192000 frames)
  [WAV] Exported: bell_m621_roll_A_matched.wav (192000 frames)
  [WAV] Exported: bell_m621_roll_B.wav (192000 frames)
  [WAV] Exported: bell_m621_roll_B_matched.wav (192000 frames)
  [WAV] Exported: bell_m621_roll_C.wav (192000 frames)
  [WAV] Exported: bell_m621_roll_C_matched.wav (192000 frames)
  [WAV] Exported: bell_m621_prime_half.wav (480000 frames)
  [WAV] Exported: bell_m621_prime_current.wav (480000 frames)
  [WAV] Exported: bell_m621_prime_1p5x.wav (480000 frames)
  [WAV] Exported: bell_m621_nominal_half.wav (480000 frames)
  [WAV] Exported: bell_m621_nominal_current.wav (480000 frames)
  [WAV] Exported: bell_m621_nominal_1p5x.wav (480000 frames)
[Test 21] M6.4 Bell V1 listening pack...
  [WAV] Exported: bell_m64_note_36_v90.wav (192000 frames)
  [WAV] Exported: bell_m64_note_48_v90.wav (192000 frames)
  [WAV] Exported: bell_m64_note_55_v90.wav (192000 frames)
  [WAV] Exported: bell_m64_note_60_v90.wav (192000 frames)
  [WAV] Exported: bell_m64_note_67_v90.wav (192000 frames)
  [WAV] Exported: bell_m64_note_72_v90.wav (192000 frames)
  [WAV] Exported: bell_m64_note_84_v90.wav (192000 frames)
  [WAV] Exported: bell_m64_single_48_v30.wav (144000 frames)
  [WAV] Exported: bell_m64_single_48_v60.wav (144000 frames)
  [WAV] Exported: bell_m64_single_48_v90.wav (144000 frames)
  [WAV] Exported: bell_m64_single_48_v110.wav (144000 frames)
  [WAV] Exported: bell_m64_single_48_v127.wav (144000 frames)
  [WAV] Exported: bell_m64_single_60_v30.wav (144000 frames)
  [WAV] Exported: bell_m64_single_60_v60.wav (144000 frames)
  [WAV] Exported: bell_m64_single_60_v90.wav (144000 frames)
  [WAV] Exported: bell_m64_single_60_v110.wav (144000 frames)
  [WAV] Exported: bell_m64_single_60_v127.wav (144000 frames)
  [WAV] Exported: bell_m64_single_72_v30.wav (144000 frames)
  [WAV] Exported: bell_m64_single_72_v60.wav (144000 frames)
  [WAV] Exported: bell_m64_single_72_v90.wav (144000 frames)
  [WAV] Exported: bell_m64_single_72_v110.wav (144000 frames)
  [WAV] Exported: bell_m64_single_72_v127.wav (144000 frames)
  [WAV] Exported: bell_m64_interval_D3_A3.wav (192000 frames)
  [WAV] Exported: bell_m64_interval_D4_A4.wav (192000 frames)
  [WAV] Exported: bell_m64_interval_C4_G4.wav (192000 frames)
  [WAV] Exported: bell_m64_chord4_v60.wav (192000 frames)
  [WAV] Exported: bell_m64_chord4_v90.wav (192000 frames)
  [WAV] Exported: bell_m64_chord4_v127.wav (192000 frames)
  [WAV] Exported: bell_m64_poly8_v90.wav (192000 frames)
  [WAV] Exported: bell_m64_poly8_v110.wav (192000 frames)
  [WAV] Exported: bell_m64_restrike_soft_hard.wav (192000 frames)
  [WAV] Exported: bell_m64_restrike_hard_soft.wav (192000 frames)
  [WAV] Exported: bell_m64_restrike_double_100ms.wav (192000 frames)
  [WAV] Exported: bell_m64_restrike_double_250ms.wav (192000 frames)
  [WAV] Exported: bell_m64_roll.wav (192000 frames)
  [WAV] Exported: bell_m64_abc_D4_v70_A.wav (192000 frames)
  [WAV] Exported: bell_m64_abc_D4_v70_A_matched.wav (192000 frames)
  [WAV] Exported: bell_m64_abc_D4_v70_B.wav (192000 frames)
  [WAV] Exported: bell_m64_abc_D4_v70_B_matched.wav (192000 frames)
  [WAV] Exported: bell_m64_abc_D4_v70_C.wav (192000 frames)
  [WAV] Exported: bell_m64_abc_D4_v70_C_matched.wav (192000 frames)
  [WAV] Exported: bell_m64_abc_D4_v110_A.wav (192000 frames)
  [WAV] Exported: bell_m64_abc_D4_v110_A_matched.wav (192000 frames)
  [WAV] Exported: bell_m64_abc_D4_v110_B.wav (192000 frames)
  [WAV] Exported: bell_m64_abc_D4_v110_B_matched.wav (192000 frames)
  [WAV] Exported: bell_m64_abc_D4_v110_C.wav (192000 frames)
  [WAV] Exported: bell_m64_abc_D4_v110_C_matched.wav (192000 frames)
  [WAV] Exported: bell_m64_abc_chord4_A.wav (192000 frames)
  [WAV] Exported: bell_m64_abc_chord4_A_matched.wav (192000 frames)
  [WAV] Exported: bell_m64_abc_chord4_B.wav (192000 frames)
  [WAV] Exported: bell_m64_abc_chord4_B_matched.wav (192000 frames)
  [WAV] Exported: bell_m64_abc_chord4_C.wav (192000 frames)
  [WAV] Exported: bell_m64_abc_chord4_C_matched.wav (192000 frames)
  [WAV] Exported: bell_m64_abc_roll_A.wav (192000 frames)
  [WAV] Exported: bell_m64_abc_roll_A_matched.wav (192000 frames)
  [WAV] Exported: bell_m64_abc_roll_B.wav (192000 frames)
  [WAV] Exported: bell_m64_abc_roll_B_matched.wav (192000 frames)
  [WAV] Exported: bell_m64_abc_roll_C.wav (192000 frames)
  [WAV] Exported: bell_m64_abc_roll_C_matched.wav (192000 frames)
  -> PASSED: M6.4 listening pack generated deterministically.
[Test M6.3.9] Forensics 3-class classification & exciter duration...
  -> PASSED: Forensics 3-class classification validated (44/44/8104).
  -> PASSED: M6.3.9.1 4-class classification validated (1/44/44/8103).
[Test 23] M7.0 Tongue Drum V1 model, fixtures, and 3-model cycling...
  Testing 100 model switch cycles PAN -> BELL -> TONGUE -> PAN...
  [WAV] Exported: tongue_D4_v30.wav (96000 frames)
  [WAV] Exported: tongue_D4_v60.wav (96000 frames)
  [WAV] Exported: tongue_D4_v90.wav (96000 frames)
  [WAV] Exported: tongue_D4_v110.wav (96000 frames)
  [WAV] Exported: tongue_D4_v127.wav (96000 frames)
  [WAV] Exported: tongue_D3_v70.wav (96000 frames)
  [WAV] Exported: tongue_A4_v70.wav (96000 frames)
  [WAV] Exported: tongue_interval2.wav (96000 frames)
  [WAV] Exported: tongue_chord4.wav (96000 frames)
  [WAV] Exported: tongue_cluster8.wav (96000 frames)
  [WAV] Exported: tongue_restrike_softhard.wav (96000 frames)
  [WAV] Exported: tongue_restrike_hardsoft.wav (96000 frames)
  [WAV] Exported: tongue_roll.wav (96000 frames)
  [WAV] Exported: tongue_register_sweep.wav (192000 frames)
  -> PASSED: M7.0 Tongue Drum V1 fixtures and objective tests verified.
[Test 24] M7.1 Singing Bowl V1 model, fixtures, beating, and 4-model cycling...
  Verifying Singing Bowl beating doublet mechanism...
    Note 50 (146.8324 Hz): target beat=0.7000 Hz, actual=0.7000 Hz
    Note 62 (293.6648 Hz): target beat=0.7000 Hz, actual=0.7000 Hz
    Note 69 (440.0000 Hz): target beat=0.7000 Hz, actual=0.7000 Hz
    Doublet PCM time-domain envelope cancellation verified (min/max ratio: 0.0001)
  Testing 100 model switch cycles PAN -> BELL -> TONGUE -> BOWL -> KALIMBA -> GLASS -> PAN...
  -> 100 cycles verified bit-identical direct PAN recovery!
  [WAV] Exported: bowl_D4_v30.wav (144000 frames)
  [WAV] Exported: bowl_D4_v60.wav (144000 frames)
  [WAV] Exported: bowl_D4_v90.wav (144000 frames)
  [WAV] Exported: bowl_D4_v110.wav (144000 frames)
  [WAV] Exported: bowl_D4_v127.wav (144000 frames)
  [WAV] Exported: bowl_D3_v30.wav (144000 frames)
  [WAV] Exported: bowl_D3_v90.wav (144000 frames)
  [WAV] Exported: bowl_D3_v127.wav (144000 frames)
  [WAV] Exported: bowl_A4_v90.wav (144000 frames)
  [WAV] Exported: bowl_interval2.wav (144000 frames)
  [WAV] Exported: bowl_chord4_v80.wav (144000 frames)
  [WAV] Exported: bowl_chord4.wav (144000 frames)
  [WAV] Exported: bowl_cluster8.wav (144000 frames)
  [WAV] Exported: bowl_restrike_softhard.wav (144000 frames)
  [WAV] Exported: bowl_restrike_hardsoft.wav (144000 frames)
  [WAV] Exported: bowl_roll.wav (144000 frames)
  [WAV] Exported: bowl_register_sweep.wav (240000 frames)
  -> PASSED: M7.1 Singing Bowl V1 fixtures, doublets, and objective tests verified.
[Test 25] M7.2 Kalimba V1 model, fixtures, pluck exciter, and 5-model cycling...
  Testing 100 model switch cycles PAN -> BELL -> TONGUE -> BOWL -> KALIMBA -> GLASS -> PAN...
  -> 100 cycles verified bit-identical direct PAN recovery!
  Evaluating Body A/B: K0 (tine only) vs K1 (tine + body)...
  [WAV] Exported: kalimba_K0_D4_v90.wav (96000 frames)
  [WAV] Exported: kalimba_K1_D4_v90.wav (96000 frames)
    K0 D4 v90: RMS=0.0804, Peak=0.4799, BodyEnergy=0.0000
    K1 D4 v90: RMS=0.0805, Peak=0.4753, BodyEnergy=0.0000
  [WAV] Exported: kalimba_D4_v30.wav (96000 frames)
  [WAV] Exported: kalimba_D4_v60.wav (96000 frames)
  [WAV] Exported: kalimba_D4_v90.wav (96000 frames)
  [WAV] Exported: kalimba_D4_v110.wav (96000 frames)
  [WAV] Exported: kalimba_D4_v127.wav (96000 frames)
  [WAV] Exported: kalimba_D3_v30.wav (96000 frames)
  [WAV] Exported: kalimba_D3_v90.wav (96000 frames)
  [WAV] Exported: kalimba_A4_v90.wav (96000 frames)
  [WAV] Exported: kalimba_interval2.wav (96000 frames)
  [WAV] Exported: kalimba_chord4.wav (96000 frames)
  [WAV] Exported: kalimba_cluster8.wav (96000 frames)
  [WAV] Exported: kalimba_restrike.wav (96000 frames)
  [WAV] Exported: kalimba_roll.wav (96000 frames)
  [WAV] Exported: kalimba_register_sweep.wav (192000 frames)
  -> PASSED: M7.2 Kalimba V1 fixtures, pluck exciter, and objective tests verified.
[Test 26] M7.3 Glass V1 model, fixtures, strike exciter, and 6-model cycling...
  Testing 100 model switch cycles PAN -> BELL -> TONGUE -> BOWL -> KALIMBA -> GLASS -> PAN...
  -> 100 cycles verified bit-identical direct PAN recovery!
  Rendering 13 Glass host listening fixtures...
  [WAV] Exported: glass_D3_v30.wav (96000 frames)
  [WAV] Exported: glass_D3_v90.wav (96000 frames)
  [WAV] Exported: glass_D4_v30.wav (96000 frames)
  [WAV] Exported: glass_D4_v60.wav (96000 frames)
  [WAV] Exported: glass_D4_v90.wav (96000 frames)
  [WAV] Exported: glass_D4_v127.wav (96000 frames)
  [WAV] Exported: glass_A4_v90.wav (96000 frames)
  [WAV] Exported: glass_interval2.wav (96000 frames)
  [WAV] Exported: glass_chord4.wav (96000 frames)
  [WAV] Exported: glass_cluster8.wav (96000 frames)
  [WAV] Exported: glass_restrike.wav (96000 frames)
  [WAV] Exported: glass_roll.wav (96000 frames)
  [WAV] Exported: glass_register_sweep.wav (192000 frames)
  -> PASSED: M7.3 Glass V1 fixtures, strike exciter, and objective tests verified.
  [WAV] Exported: marimba_D3_v30_A.wav (288000 frames)
  [WAV] Exported: marimba_D3_v30_B.wav (288000 frames)
  [WAV] Exported: marimba_D3_v30_C.wav (288000 frames)
  [WAV] Exported: marimba_D3_v30_A_matched.wav (288000 frames)
  [WAV] Exported: marimba_D3_v30_B_matched.wav (288000 frames)
  [WAV] Exported: marimba_D3_v30_C_matched.wav (288000 frames)
  [WAV] Exported: marimba_D3_v70_A.wav (288000 frames)
  [WAV] Exported: marimba_D3_v70_B.wav (288000 frames)
  [WAV] Exported: marimba_D3_v70_C.wav (288000 frames)
  [WAV] Exported: marimba_D3_v70_A_matched.wav (288000 frames)
  [WAV] Exported: marimba_D3_v70_B_matched.wav (288000 frames)
  [WAV] Exported: marimba_D3_v70_C_matched.wav (288000 frames)
  [WAV] Exported: marimba_D3_v110_A.wav (288000 frames)
  [WAV] Exported: marimba_D3_v110_B.wav (288000 frames)
  [WAV] Exported: marimba_D3_v110_C.wav (288000 frames)
  [WAV] Exported: marimba_D3_v110_A_matched.wav (288000 frames)
  [WAV] Exported: marimba_D3_v110_B_matched.wav (288000 frames)
  [WAV] Exported: marimba_D3_v110_C_matched.wav (288000 frames)
  [WAV] Exported: marimba_D3_v127_A.wav (288000 frames)
  [WAV] Exported: marimba_D3_v127_B.wav (288000 frames)
  [WAV] Exported: marimba_D3_v127_C.wav (288000 frames)
  [WAV] Exported: marimba_D3_v127_A_matched.wav (288000 frames)
  [WAV] Exported: marimba_D3_v127_B_matched.wav (288000 frames)
  [WAV] Exported: marimba_D3_v127_C_matched.wav (288000 frames)
  [WAV] Exported: marimba_A3_v30_A.wav (288000 frames)
  [WAV] Exported: marimba_A3_v30_B.wav (288000 frames)
  [WAV] Exported: marimba_A3_v30_C.wav (288000 frames)
  [WAV] Exported: marimba_A3_v30_A_matched.wav (288000 frames)
  [WAV] Exported: marimba_A3_v30_B_matched.wav (288000 frames)
  [WAV] Exported: marimba_A3_v30_C_matched.wav (288000 frames)
  [WAV] Exported: marimba_A3_v70_A.wav (288000 frames)
  [WAV] Exported: marimba_A3_v70_B.wav (288000 frames)
  [WAV] Exported: marimba_A3_v70_C.wav (288000 frames)
  [WAV] Exported: marimba_A3_v70_A_matched.wav (288000 frames)
  [WAV] Exported: marimba_A3_v70_B_matched.wav (288000 frames)
  [WAV] Exported: marimba_A3_v70_C_matched.wav (288000 frames)
  [WAV] Exported: marimba_A3_v110_A.wav (288000 frames)
  [WAV] Exported: marimba_A3_v110_B.wav (288000 frames)
  [WAV] Exported: marimba_A3_v110_C.wav (288000 frames)
  [WAV] Exported: marimba_A3_v110_A_matched.wav (288000 frames)
  [WAV] Exported: marimba_A3_v110_B_matched.wav (288000 frames)
  [WAV] Exported: marimba_A3_v110_C_matched.wav (288000 frames)
  [WAV] Exported: marimba_A3_v127_A.wav (288000 frames)
  [WAV] Exported: marimba_A3_v127_B.wav (288000 frames)
  [WAV] Exported: marimba_A3_v127_C.wav (288000 frames)
  [WAV] Exported: marimba_A3_v127_A_matched.wav (288000 frames)
  [WAV] Exported: marimba_A3_v127_B_matched.wav (288000 frames)
  [WAV] Exported: marimba_A3_v127_C_matched.wav (288000 frames)
  [WAV] Exported: marimba_D4_v30_A.wav (288000 frames)
  [WAV] Exported: marimba_D4_v30_B.wav (288000 frames)
  [WAV] Exported: marimba_D4_v30_C.wav (288000 frames)
  [WAV] Exported: marimba_D4_v30_A_matched.wav (288000 frames)
  [WAV] Exported: marimba_D4_v30_B_matched.wav (288000 frames)
  [WAV] Exported: marimba_D4_v30_C_matched.wav (288000 frames)
  [WAV] Exported: marimba_D4_v70_A.wav (288000 frames)
  [WAV] Exported: marimba_D4_v70_B.wav (288000 frames)
  [WAV] Exported: marimba_D4_v70_C.wav (288000 frames)
  [WAV] Exported: marimba_D4_v70_A_matched.wav (288000 frames)
  [WAV] Exported: marimba_D4_v70_B_matched.wav (288000 frames)
  [WAV] Exported: marimba_D4_v70_C_matched.wav (288000 frames)
  [WAV] Exported: marimba_D4_v110_A.wav (288000 frames)
  [WAV] Exported: marimba_D4_v110_B.wav (288000 frames)
  [WAV] Exported: marimba_D4_v110_C.wav (288000 frames)
  [WAV] Exported: marimba_D4_v110_A_matched.wav (288000 frames)
  [WAV] Exported: marimba_D4_v110_B_matched.wav (288000 frames)
  [WAV] Exported: marimba_D4_v110_C_matched.wav (288000 frames)
  [WAV] Exported: marimba_D4_v127_A.wav (288000 frames)
  [WAV] Exported: marimba_D4_v127_B.wav (288000 frames)
  [WAV] Exported: marimba_D4_v127_C.wav (288000 frames)
  [WAV] Exported: marimba_D4_v127_A_matched.wav (288000 frames)
  [WAV] Exported: marimba_D4_v127_B_matched.wav (288000 frames)
  [WAV] Exported: marimba_D4_v127_C_matched.wav (288000 frames)
  [WAV] Exported: marimba_A4_v30_A.wav (288000 frames)
  [WAV] Exported: marimba_A4_v30_B.wav (288000 frames)
  [WAV] Exported: marimba_A4_v30_C.wav (288000 frames)
  [WAV] Exported: marimba_A4_v30_A_matched.wav (288000 frames)
  [WAV] Exported: marimba_A4_v30_B_matched.wav (288000 frames)
  [WAV] Exported: marimba_A4_v30_C_matched.wav (288000 frames)
  [WAV] Exported: marimba_A4_v70_A.wav (288000 frames)
  [WAV] Exported: marimba_A4_v70_B.wav (288000 frames)
  [WAV] Exported: marimba_A4_v70_C.wav (288000 frames)
  [WAV] Exported: marimba_A4_v70_A_matched.wav (288000 frames)
  [WAV] Exported: marimba_A4_v70_B_matched.wav (288000 frames)
  [WAV] Exported: marimba_A4_v70_C_matched.wav (288000 frames)
  [WAV] Exported: marimba_A4_v110_A.wav (288000 frames)
  [WAV] Exported: marimba_A4_v110_B.wav (288000 frames)
  [WAV] Exported: marimba_A4_v110_C.wav (288000 frames)
  [WAV] Exported: marimba_A4_v110_A_matched.wav (288000 frames)
  [WAV] Exported: marimba_A4_v110_B_matched.wav (288000 frames)
  [WAV] Exported: marimba_A4_v110_C_matched.wav (288000 frames)
  [WAV] Exported: marimba_A4_v127_A.wav (288000 frames)
  [WAV] Exported: marimba_A4_v127_B.wav (288000 frames)
  [WAV] Exported: marimba_A4_v127_C.wav (288000 frames)
  [WAV] Exported: marimba_A4_v127_A_matched.wav (288000 frames)
  [WAV] Exported: marimba_A4_v127_B_matched.wav (288000 frames)
  [WAV] Exported: marimba_A4_v127_C_matched.wav (288000 frames)
  [WAV] Exported: marimba_D5_v30_A.wav (288000 frames)
  [WAV] Exported: marimba_D5_v30_B.wav (288000 frames)
  [WAV] Exported: marimba_D5_v30_C.wav (288000 frames)
  [WAV] Exported: marimba_D5_v30_A_matched.wav (288000 frames)
  [WAV] Exported: marimba_D5_v30_B_matched.wav (288000 frames)
  [WAV] Exported: marimba_D5_v30_C_matched.wav (288000 frames)
  [WAV] Exported: marimba_D5_v70_A.wav (288000 frames)
  [WAV] Exported: marimba_D5_v70_B.wav (288000 frames)
  [WAV] Exported: marimba_D5_v70_C.wav (288000 frames)
  [WAV] Exported: marimba_D5_v70_A_matched.wav (288000 frames)
  [WAV] Exported: marimba_D5_v70_B_matched.wav (288000 frames)
  [WAV] Exported: marimba_D5_v70_C_matched.wav (288000 frames)
  [WAV] Exported: marimba_D5_v110_A.wav (288000 frames)
  [WAV] Exported: marimba_D5_v110_B.wav (288000 frames)
  [WAV] Exported: marimba_D5_v110_C.wav (288000 frames)
  [WAV] Exported: marimba_D5_v110_A_matched.wav (288000 frames)
  [WAV] Exported: marimba_D5_v110_B_matched.wav (288000 frames)
  [WAV] Exported: marimba_D5_v110_C_matched.wav (288000 frames)
  [WAV] Exported: marimba_D5_v127_A.wav (288000 frames)
  [WAV] Exported: marimba_D5_v127_B.wav (288000 frames)
  [WAV] Exported: marimba_D5_v127_C.wav (288000 frames)
  [WAV] Exported: marimba_D5_v127_A_matched.wav (288000 frames)
  [WAV] Exported: marimba_D5_v127_B_matched.wav (288000 frames)
  [WAV] Exported: marimba_D5_v127_C_matched.wav (288000 frames)
  [WAV] Exported: marimba_chord_A.wav (288000 frames)
  [WAV] Exported: marimba_chord_B.wav (288000 frames)
  [WAV] Exported: marimba_chord_C.wav (288000 frames)
  [WAV] Exported: marimba_chord_A_matched.wav (288000 frames)
  [WAV] Exported: marimba_chord_B_matched.wav (288000 frames)
  [WAV] Exported: marimba_chord_C_matched.wav (288000 frames)
  [WAV] Exported: marimba_cluster8_A.wav (288000 frames)
  [WAV] Exported: marimba_cluster8_B.wav (288000 frames)
  [WAV] Exported: marimba_cluster8_C.wav (288000 frames)
  [WAV] Exported: marimba_cluster8_A_matched.wav (288000 frames)
  [WAV] Exported: marimba_cluster8_B_matched.wav (288000 frames)
  [WAV] Exported: marimba_cluster8_C_matched.wav (288000 frames)
  [WAV] Exported: marimba_steal_burst_A.wav (288000 frames)
  [WAV] Exported: marimba_steal_burst_B.wav (288000 frames)
  [WAV] Exported: marimba_steal_burst_C.wav (288000 frames)
  [WAV] Exported: marimba_steal_burst_A_matched.wav (288000 frames)
  [WAV] Exported: marimba_steal_burst_B_matched.wav (288000 frames)
  [WAV] Exported: marimba_steal_burst_C_matched.wav (288000 frames)
  [WAV] Exported: marimba_restrike100_A.wav (288000 frames)
  [WAV] Exported: marimba_restrike100_B.wav (288000 frames)
  [WAV] Exported: marimba_restrike100_C.wav (288000 frames)
  [WAV] Exported: marimba_restrike100_A_matched.wav (288000 frames)
  [WAV] Exported: marimba_restrike100_B_matched.wav (288000 frames)
  [WAV] Exported: marimba_restrike100_C_matched.wav (288000 frames)
  [WAV] Exported: marimba_restrike250_A.wav (288000 frames)
  [WAV] Exported: marimba_restrike250_B.wav (288000 frames)
  [WAV] Exported: marimba_restrike250_C.wav (288000 frames)
  [WAV] Exported: marimba_restrike250_A_matched.wav (288000 frames)
  [WAV] Exported: marimba_restrike250_B_matched.wav (288000 frames)
  [WAV] Exported: marimba_restrike250_C_matched.wav (288000 frames)
  [WAV] Exported: marimba_roll_A.wav (288000 frames)
  [WAV] Exported: marimba_roll_B.wav (288000 frames)
  [WAV] Exported: marimba_roll_C.wav (288000 frames)
  [WAV] Exported: marimba_roll_A_matched.wav (288000 frames)
  [WAV] Exported: marimba_roll_B_matched.wav (288000 frames)
  [WAV] Exported: marimba_roll_C_matched.wav (288000 frames)
  [WAV] Exported: marimba_roll_steady_A.wav (288000 frames)
  [WAV] Exported: marimba_roll_steady_B.wav (288000 frames)
  [WAV] Exported: marimba_roll_steady_C.wav (288000 frames)
  [WAV] Exported: marimba_roll_steady_A_matched.wav (288000 frames)
  [WAV] Exported: marimba_roll_steady_B_matched.wav (288000 frames)
  [WAV] Exported: marimba_roll_steady_C_matched.wav (288000 frames)

=======================================================
  ALL DSP AND ACOUSTIC TESTS PASSED SUCCESSFULLY!     
=======================================================
