esptool.py --chip esp32s3 --port COM10 --baud 460800 write_flash --flash_mode dio --flash_freq 80m --flash_size 4MB 0x0 bootloader/bootloader.bin 0x10000 pocket_pan.bin 0x8000 partition_table/partition-table.bin
esptool.py v4.12.0
Serial port COM10
Connecting...
Chip is ESP32-S3 (QFN56) (revision v0.2)
Features: WiFi, BLE, Embedded Flash 4MB (XMC), Embedded PSRAM 2MB (AP_3v3)
Crystal is 40MHz
USB mode: USB-Serial/JTAG
MAC: b4:3a:45:ae:6f:28
Uploading stub...
Running stub...
Stub running...
Changing baud rate to 460800
Changed.
Configuring flash size...
Flash will be erased from 0x00000000 to 0x00005fff...
Flash will be erased from 0x00010000 to 0x000b2fff...
Flash will be erased from 0x00008000 to 0x00008fff...
SHA digest in image updated
Compressed 21088 bytes to 13057...
Writing at 0x00000000... (100 %)
Wrote 21088 bytes (13057 compressed) at 0x00000000 in 0.4 seconds (effective 416.5 kbit/s)...
Hash of data verified.
Compressed 664096 bytes to 412611...
Writing at 0x00010000... (3 %)
Writing at 0x0001d80d... (7 %)
Writing at 0x000277f6... (11 %)
Writing at 0x0002c63a... (15 %)
Writing at 0x00034d7a... (19 %)
Writing at 0x0003aee6... (23 %)
Writing at 0x00040159... (26 %)
Writing at 0x00045c16... (30 %)
Writing at 0x0004b75d... (34 %)
Writing at 0x00050d08... (38 %)
Writing at 0x00056bc7... (42 %)
Writing at 0x0005c357... (46 %)
Writing at 0x00061b52... (50 %)
Writing at 0x000673c2... (53 %)
Writing at 0x0006cb5e... (57 %)
Writing at 0x00072bb1... (61 %)
Writing at 0x000781bd... (65 %)
Writing at 0x0007dbd2... (69 %)
Writing at 0x0008336a... (73 %)
Writing at 0x00088cff... (76 %)
Writing at 0x0008e459... (80 %)
Writing at 0x00093eb6... (84 %)
Writing at 0x0009db42... (88 %)
Writing at 0x000a50ff... (92 %)
Writing at 0x000aacc9... (96 %)
Writing at 0x000b0c74... (100 %)
Wrote 664096 bytes (412611 compressed) at 0x00010000 in 6.0 seconds (effective 879.3 kbit/s)...
Hash of data verified.
Compressed 3072 bytes to 103...
Writing at 0x00008000... (100 %)
Wrote 3072 bytes (103 compressed) at 0x00008000 in 0.1 seconds (effective 307.2 kbit/s)...
Hash of data verified.

Leaving...
Hard resetting via RTS pin...
