{
  "0": {
    "event": {
      "fixture": "0",
      "n": "22",
      "avg_us": "68.92",
      "max_us": "79"
    },
    "io": {
      "model": "PAN",
      "fixture": "0",
      "avg_us": "533",
      "p99_us": "725",
      "max_us": "937",
      "cpu_pct": "19.99",
      "deadline": "0",
      "timeouts": "0",
      "tx_errors": "0",
      "short_writes": "0"
    },
    "render": {
      "true_steady": {
        "model": "PAN",
        "fixture": "0",
        "voices": "1",
        "class": "true_steady",
        "n": "4051",
        "avg_us": "520.20",
        "p95_us": "550",
        "p99_us": "675",
        "p995_us": "685",
        "p999_us": "710",
        "max_us": "772",
        "deadline": "0",
        "bad_voices": "0",
        "ble_lost": "0",
        "hard": "0",
        "sat": "0",
        "bin_us": "5",
        "max_observed_voices": "1"
      },
      "attack_tail": {
        "model": "PAN",
        "fixture": "0",
        "voices": "1",
        "class": "attack_tail",
        "n": "22",
        "avg_us": "627.55",
        "p95_us": "640",
        "p99_us": "650",
        "p995_us": "650",
        "p999_us": "650",
        "max_us": "646",
        "deadline": "0",
        "bad_voices": "0",
        "ble_lost": "0",
        "hard": "0",
        "sat": "0",
        "bin_us": "5",
        "max_observed_voices": "1"
      },
      "event": {
        "model": "PAN",
        "fixture": "0",
        "voices": "1",
        "class": "event",
        "n": "22",
        "avg_us": "744.13",
        "p95_us": "760",
        "p99_us": "765",
        "p995_us": "765",
        "p999_us": "765",
        "max_us": "760",
        "deadline": "0",
        "bad_voices": "0",
        "ble_lost": "0",
        "hard": "0",
        "sat": "0",
        "bin_us": "5",
        "max_observed_voices": "1"
      },
      "fixture_transition": {
        "model": "PAN",
        "fixture": "0",
        "voices": "1",
        "class": "fixture_transition",
        "n": "1",
        "avg_us": "754.62",
        "p95_us": "760",
        "p99_us": "760",
        "p995_us": "760",
        "p999_us": "760",
        "max_us": "755",
        "deadline": "0",
        "bad_voices": "0",
        "ble_lost": "0",
        "hard": "0",
        "sat": "0",
        "bin_us": "5",
        "max_observed_voices": "1"
      }
    },
    "callback": {
      "true_steady": {
        "model": "PAN",
        "fixture": "0",
        "voices": "1",
        "class": "true_steady",
        "n": "4050",
        "avg_us": "536.55",
        "p95_us": "635",
        "p99_us": "705",
        "p995_us": "720",
        "p999_us": "755",
        "max_us": "937",
        "deadline": "0",
        "overhead_avg_us": "16.35"
      },
      "attack_tail": {
        "model": "PAN",
        "fixture": "0",
        "voices": "1",
        "class": "attack_tail",
        "n": "22",
        "avg_us": "674.68",
        "p95_us": "755",
        "p99_us": "780",
        "p995_us": "780",
        "p999_us": "780",
        "max_us": "776",
        "deadline": "0",
        "overhead_avg_us": "47.13"
      },
      "event": {
        "model": "PAN",
        "fixture": "0",
        "voices": "1",
        "class": "event",
        "n": "22",
        "avg_us": "813.64",
        "p95_us": "835",
        "p99_us": "870",
        "p995_us": "870",
        "p999_us": "870",
        "max_us": "867",
        "deadline": "0",
        "overhead_avg_us": "69.51"
      },
      "fixture_transition": {
        "model": "PAN",
        "fixture": "0",
        "voices": "1",
        "class": "fixture_transition",
        "n": "1",
        "avg_us": "881.00",
        "p95_us": "885",
        "p99_us": "885",
        "p995_us": "885",
        "p999_us": "885",
        "max_us": "881",
        "deadline": "0",
        "overhead_avg_us": "126.38"
      }
    },
    "fastpaths": {
      "stable8": 0,
      "attack": 0,
      "sustain": 4051
    },
    "profile_us": {
      "true_steady": {
        "allocator": 294.797,
        "modal": 132.806,
        "exciter": 0.0,
        "damping": 0.0,
        "energy": 0.688,
        "body": 97.965,
        "mix": 140.097,
        "limiter": 77.03,
        "pcm": 17.067,
        "midi": 0.0,
        "allocation": 0.0,
        "register": 0.0,
        "coefficients": 0.0,
        "coupling": 0.0,
        "trigger_exciter": 0.0,
        "lookup": 0.0,
        "trigger_other": 0.0,
        "sympathetic": 24.534
      },
      "attack_tail": {
        "allocator": 372.57,
        "modal": 132.805,
        "exciter": 48.606,
        "damping": 8.001,
        "energy": 0.688,
        "body": 97.6,
        "mix": 140.006,
        "limiter": 69.332,
        "pcm": 17.067,
        "midi": 0.0,
        "allocation": 0.0,
        "register": 0.0,
        "coefficients": 0.0,
        "coupling": 0.0,
        "trigger_exciter": 0.0,
        "lookup": 0.0,
        "trigger_other": 0.0,
        "sympathetic": 24.47
      },
      "event": {
        "allocator": 418.517,
        "modal": 132.802,
        "exciter": 94.28,
        "damping": 8.0,
        "energy": 0.667,
        "body": 97.644,
        "mix": 139.626,
        "limiter": 70.364,
        "pcm": 17.069,
        "midi": 0.304,
        "allocation": 0.346,
        "register": 0.125,
        "coefficients": 1.317,
        "coupling": 1.462,
        "trigger_exciter": 50.859,
        "lookup": 0.662,
        "trigger_other": 1.513,
        "sympathetic": 24.308
      }
    },
    "kernels": {
      "true_steady": {
        "scalar": 0,
        "six": 0,
        "eight": 16000,
        "ten": 0
      },
      "attack_tail": {
        "scalar": 0,
        "six": 0,
        "eight": 2816,
        "ten": 0
      },
      "event": {
        "scalar": 0,
        "six": 0,
        "eight": 2816,
        "ten": 0
      }
    },
    "profile_max": {
      "true_steady": {
        "allocator": 294.658,
        "modal": 132.8,
        "exciter": 0.0,
        "damping": 0.0,
        "energy": 0.688,
        "body": 104.183,
        "mix": 146.317,
        "limiter": 232.988,
        "pcm": 17.067,
        "midi": 0.0,
        "allocation": 0.0,
        "register": 0.0,
        "coefficients": 0.0,
        "coupling": 0.0,
        "trigger_exciter": 0.0,
        "lookup": 0.0,
        "trigger_other": 0.0,
        "sympathetic": 24.533
      },
      "attack_tail": {
        "allocator": 389.329,
        "modal": 132.85,
        "exciter": 60.725,
        "damping": 8.004,
        "energy": 0.688,
        "body": 97.6,
        "mix": 139.733,
        "limiter": 69.333,
        "pcm": 17.067,
        "midi": 0.0,
        "allocation": 0.0,
        "register": 0.0,
        "coefficients": 0.0,
        "coupling": 0.0,
        "trigger_exciter": 0.0,
        "lookup": 0.0,
        "trigger_other": 0.0,
        "sympathetic": 24.5
      },
      "event": {
        "allocator": 420.471,
        "modal": 132.825,
        "exciter": 93.567,
        "damping": 8.0,
        "energy": 0.667,
        "body": 97.708,
        "mix": 139.721,
        "limiter": 72.846,
        "pcm": 17.079,
        "midi": 0.304,
        "allocation": 0.346,
        "register": 0.125,
        "coefficients": 1.317,
        "coupling": 1.462,
        "trigger_exciter": 54.825,
        "lookup": 0.662,
        "trigger_other": 1.512,
        "sympathetic": 24.325
      }
    }
  },
  "2": {
    "event": {
      "fixture": "2",
      "n": "22",
      "avg_us": "152.23",
      "max_us": "183"
    },
    "io": {
      "model": "PAN",
      "fixture": "2",
      "avg_us": "1745",
      "p99_us": "2275",
      "max_us": "2875",
      "cpu_pct": "65.43",
      "deadline": "22",
      "timeouts": "0",
      "tx_errors": "0",
      "short_writes": "0"
    },
    "render": {
      "true_steady": {
        "model": "PAN",
        "fixture": "2",
        "voices": "8",
        "class": "true_steady",
        "n": "4051",
        "avg_us": "1712.10",
        "p95_us": "1770",
        "p99_us": "1815",
        "p995_us": "1830",
        "p999_us": "1860",
        "max_us": "1885",
        "deadline": "0",
        "bad_voices": "0",
        "ble_lost": "0",
        "hard": "0",
        "sat": "0",
        "bin_us": "5",
        "max_observed_voices": "8"
      },
      "attack_tail": {
        "model": "PAN",
        "fixture": "2",
        "voices": "8",
        "class": "attack_tail",
        "n": "22",
        "avg_us": "2259.73",
        "p95_us": "2350",
        "p99_us": "2360",
        "p995_us": "2360",
        "p999_us": "2360",
        "max_us": "2357",
        "deadline": "0",
        "bad_voices": "0",
        "ble_lost": "0",
        "hard": "0",
        "sat": "0",
        "bin_us": "5",
        "max_observed_voices": "8"
      },
      "event": {
        "model": "PAN",
        "fixture": "2",
        "voices": "8",
        "class": "event",
        "n": "22",
        "avg_us": "2685.94",
        "p95_us": "2795",
        "p99_us": "2795",
        "p995_us": "2795",
        "p999_us": "2795",
        "max_us": "2794",
        "deadline": "9",
        "bad_voices": "0",
        "ble_lost": "0",
        "hard": "0",
        "sat": "0",
        "bin_us": "5",
        "max_observed_voices": "8"
      },
      "fixture_transition": {
        "model": "PAN",
        "fixture": "2",
        "voices": "8",
        "class": "fixture_transition",
        "n": "1",
        "avg_us": "601.10",
        "p95_us": "605",
        "p99_us": "605",
        "p995_us": "605",
        "p999_us": "605",
        "max_us": "602",
        "deadline": "0",
        "bad_voices": "0",
        "ble_lost": "0",
        "hard": "0",
        "sat": "0",
        "bin_us": "5",
        "max_observed_voices": "8"
      }
    },
    "callback": {
      "true_steady": {
        "model": "PAN",
        "fixture": "2",
        "voices": "8",
        "class": "true_steady",
        "n": "4051",
        "avg_us": "1732.06",
        "p95_us": "1810",
        "p99_us": "1875",
        "p995_us": "1905",
        "p999_us": "1985",
        "max_us": "2034",
        "deadline": "0",
        "overhead_avg_us": "19.96"
      },
      "attack_tail": {
        "model": "PAN",
        "fixture": "2",
        "voices": "8",
        "class": "attack_tail",
        "n": "22",
        "avg_us": "2309.32",
        "p95_us": "2425",
        "p99_us": "2475",
        "p995_us": "2475",
        "p999_us": "2475",
        "max_us": "2472",
        "deadline": "0",
        "overhead_avg_us": "49.59"
      },
      "event": {
        "model": "PAN",
        "fixture": "2",
        "voices": "8",
        "class": "event",
        "n": "22",
        "avg_us": "2762.41",
        "p95_us": "2875",
        "p99_us": "2880",
        "p995_us": "2880",
        "p999_us": "2880",
        "max_us": "2875",
        "deadline": "22",
        "overhead_avg_us": "76.47"
      },
      "fixture_transition": {
        "model": "PAN",
        "fixture": "2",
        "voices": "8",
        "class": "fixture_transition",
        "n": "1",
        "avg_us": "644.00",
        "p95_us": "645",
        "p99_us": "645",
        "p995_us": "645",
        "p999_us": "645",
        "max_us": "644",
        "deadline": "0",
        "overhead_avg_us": "42.90"
      }
    },
    "fastpaths": {
      "stable8": 4051,
      "attack": 352,
      "sustain": 32408
    },
    "profile_us": {
      "true_steady": {
        "allocator": 1365.142,
        "modal": 1063.364,
        "exciter": 0.0,
        "damping": 0.0,
        "energy": 5.5,
        "body": 97.628,
        "mix": 140.828,
        "limiter": 249.897,
        "pcm": 17.068,
        "midi": 0.0,
        "allocation": 0.0,
        "register": 0.0,
        "coefficients": 0.0,
        "coupling": 0.0,
        "trigger_exciter": 0.0,
        "lookup": 0.0,
        "trigger_other": 0.0,
        "sympathetic": 24.535
      },
      "attack_tail": {
        "allocator": 1791.381,
        "modal": 1062.729,
        "exciter": 344.336,
        "damping": 0.0,
        "energy": 5.5,
        "body": 97.667,
        "mix": 140.869,
        "limiter": 281.886,
        "pcm": 17.069,
        "midi": 0.0,
        "allocation": 0.0,
        "register": 0.0,
        "coefficients": 0.0,
        "coupling": 0.0,
        "trigger_exciter": 0.0,
        "lookup": 0.0,
        "trigger_other": 0.0,
        "sympathetic": 37.867
      },
      "event": {
        "allocator": 2062.788,
        "modal": 1063.32,
        "exciter": 612.626,
        "damping": 0.0,
        "energy": 5.333,
        "body": 98.355,
        "mix": 141.861,
        "limiter": 280.512,
        "pcm": 17.303,
        "midi": 2.433,
        "allocation": 3.851,
        "register": 1.0,
        "coefficients": 10.009,
        "coupling": 11.7,
        "trigger_exciter": 78.901,
        "lookup": 5.313,
        "trigger_other": 11.577,
        "sympathetic": 37.588
      }
    },
    "kernels": {
      "true_steady": {
        "scalar": 0,
        "six": 0,
        "eight": 128000,
        "ten": 0
      },
      "attack_tail": {
        "scalar": 0,
        "six": 0,
        "eight": 22528,
        "ten": 0
      },
      "event": {
        "scalar": 0,
        "six": 0,
        "eight": 22528,
        "ten": 0
      }
    },
    "profile_max": {
      "true_steady": {
        "allocator": 1365.121,
        "modal": 1062.583,
        "exciter": 0.0,
        "damping": 0.0,
        "energy": 5.5,
        "body": 97.6,
        "mix": 140.8,
        "limiter": 330.696,
        "pcm": 17.067,
        "midi": 0.0,
        "allocation": 0.0,
        "register": 0.0,
        "coefficients": 0.0,
        "coupling": 0.0,
        "trigger_exciter": 0.0,
        "lookup": 0.0,
        "trigger_other": 0.0,
        "sympathetic": 24.538
      },
      "attack_tail": {
        "allocator": 1836.662,
        "modal": 1062.617,
        "exciter": 390.992,
        "damping": 0.0,
        "energy": 5.5,
        "body": 97.779,
        "mix": 140.996,
        "limiter": 333.238,
        "pcm": 17.071,
        "midi": 0.0,
        "allocation": 0.0,
        "register": 0.0,
        "coefficients": 0.0,
        "coupling": 0.0,
        "trigger_exciter": 0.0,
        "lookup": 0.0,
        "trigger_other": 0.0,
        "sympathetic": 37.871
      },
      "event": {
        "allocator": 2133.558,
        "modal": 1062.4,
        "exciter": 684.221,
        "damping": 0.0,
        "energy": 5.333,
        "body": 97.6,
        "mix": 140.65,
        "limiter": 314.633,
        "pcm": 17.067,
        "midi": 2.433,
        "allocation": 3.846,
        "register": 1.0,
        "coefficients": 10.008,
        "coupling": 11.7,
        "trigger_exciter": 79.771,
        "lookup": 5.3,
        "trigger_other": 11.575,
        "sympathetic": 37.592
      }
    }
  },
  "1": {
    "event": {
      "fixture": "1",
      "n": "22",
      "avg_us": "96.38",
      "max_us": "106"
    },
    "io": {
      "model": "PAN",
      "fixture": "1",
      "avg_us": "1194",
      "p99_us": "1550",
      "max_us": "1935",
      "cpu_pct": "44.77",
      "deadline": "0",
      "timeouts": "0",
      "tx_errors": "0",
      "short_writes": "0"
    },
    "render": {
      "true_steady": {
        "model": "PAN",
        "fixture": "1",
        "voices": "4",
        "class": "true_steady",
        "n": "4051",
        "avg_us": "1173.94",
        "p95_us": "1220",
        "p99_us": "1255",
        "p995_us": "1265",
        "p999_us": "1290",
        "max_us": "1326",
        "deadline": "0",
        "bad_voices": "0",
        "ble_lost": "0",
        "hard": "0",
        "sat": "0",
        "bin_us": "5",
        "max_observed_voices": "4"
      },
      "attack_tail": {
        "model": "PAN",
        "fixture": "1",
        "voices": "4",
        "class": "attack_tail",
        "n": "22",
        "avg_us": "1551.48",
        "p95_us": "1605",
        "p99_us": "1645",
        "p995_us": "1645",
        "p999_us": "1645",
        "max_us": "1643",
        "deadline": "0",
        "bad_voices": "0",
        "ble_lost": "0",
        "hard": "0",
        "sat": "0",
        "bin_us": "5",
        "max_observed_voices": "4"
      },
      "event": {
        "model": "PAN",
        "fixture": "1",
        "voices": "4",
        "class": "event",
        "n": "22",
        "avg_us": "1778.23",
        "p95_us": "1850",
        "p99_us": "1855",
        "p995_us": "1855",
        "p999_us": "1855",
        "max_us": "1853",
        "deadline": "0",
        "bad_voices": "0",
        "ble_lost": "0",
        "hard": "0",
        "sat": "0",
        "bin_us": "5",
        "max_observed_voices": "4"
      },
      "fixture_transition": {
        "model": "PAN",
        "fixture": "1",
        "voices": "4",
        "class": "fixture_transition",
        "n": "1",
        "avg_us": "653.62",
        "p95_us": "655",
        "p99_us": "655",
        "p995_us": "655",
        "p999_us": "655",
        "max_us": "654",
        "deadline": "0",
        "bad_voices": "0",
        "ble_lost": "0",
        "hard": "0",
        "sat": "0",
        "bin_us": "5",
        "max_observed_voices": "4"
      }
    },
    "callback": {
      "true_steady": {
        "model": "PAN",
        "fixture": "1",
        "voices": "4",
        "class": "true_steady",
        "n": "4051",
        "avg_us": "1192.54",
        "p95_us": "1255",
        "p99_us": "1320",
        "p995_us": "1370",
        "p999_us": "1425",
        "max_us": "1469",
        "deadline": "0",
        "overhead_avg_us": "18.60"
      },
      "attack_tail": {
        "model": "PAN",
        "fixture": "1",
        "voices": "4",
        "class": "attack_tail",
        "n": "22",
        "avg_us": "1594.68",
        "p95_us": "1640",
        "p99_us": "1825",
        "p995_us": "1825",
        "p999_us": "1825",
        "max_us": "1820",
        "deadline": "0",
        "overhead_avg_us": "43.20"
      },
      "event": {
        "model": "PAN",
        "fixture": "1",
        "voices": "4",
        "class": "event",
        "n": "22",
        "avg_us": "1850.05",
        "p95_us": "1925",
        "p99_us": "1940",
        "p995_us": "1940",
        "p999_us": "1940",
        "max_us": "1935",
        "deadline": "0",
        "overhead_avg_us": "71.82"
      },
      "fixture_transition": {
        "model": "PAN",
        "fixture": "1",
        "voices": "4",
        "class": "fixture_transition",
        "n": "1",
        "avg_us": "695.00",
        "p95_us": "700",
        "p99_us": "700",
        "p995_us": "700",
        "p999_us": "700",
        "max_us": "695",
        "deadline": "0",
        "overhead_avg_us": "41.38"
      }
    },
    "fastpaths": {
      "stable8": 0,
      "attack": 0,
      "sustain": 16204
    },
    "profile_us": {
      "true_steady": {
        "allocator": 803.339,
        "modal": 531.423,
        "exciter": 0.0,
        "damping": 0.0,
        "energy": 2.75,
        "body": 97.633,
        "mix": 140.932,
        "limiter": 242.896,
        "pcm": 17.068,
        "midi": 0.0,
        "allocation": 0.0,
        "register": 0.0,
        "coefficients": 0.0,
        "coupling": 0.0,
        "trigger_exciter": 0.0,
        "lookup": 0.0,
        "trigger_other": 0.0,
        "sympathetic": 24.535
      },
      "attack_tail": {
        "allocator": 1115.499,
        "modal": 531.219,
        "exciter": 197.346,
        "damping": 32.001,
        "energy": 2.751,
        "body": 97.631,
        "mix": 140.832,
        "limiter": 249.986,
        "pcm": 17.068,
        "midi": 0.0,
        "allocation": 0.0,
        "register": 0.0,
        "coefficients": 0.0,
        "coupling": 0.0,
        "trigger_exciter": 0.0,
        "lookup": 0.0,
        "trigger_other": 0.0,
        "sympathetic": 24.534
      },
      "event": {
        "allocator": 1230.112,
        "modal": 531.775,
        "exciter": 312.071,
        "damping": 32.001,
        "energy": 2.667,
        "body": 97.624,
        "mix": 140.671,
        "limiter": 263.31,
        "pcm": 17.068,
        "midi": 1.217,
        "allocation": 1.621,
        "register": 0.5,
        "coefficients": 5.042,
        "coupling": 5.85,
        "trigger_exciter": 56.611,
        "lookup": 2.65,
        "trigger_other": 5.825,
        "sympathetic": 24.294
      }
    },
    "kernels": {
      "true_steady": {
        "scalar": 0,
        "six": 0,
        "eight": 64000,
        "ten": 0
      },
      "attack_tail": {
        "scalar": 0,
        "six": 0,
        "eight": 11264,
        "ten": 0
      },
      "event": {
        "scalar": 0,
        "six": 0,
        "eight": 11264,
        "ten": 0
      }
    },
    "profile_max": {
      "true_steady": {
        "allocator": 802.871,
        "modal": 531.292,
        "exciter": 0.0,
        "damping": 0.0,
        "energy": 2.75,
        "body": 97.638,
        "mix": 140.842,
        "limiter": 306.05,
        "pcm": 17.071,
        "midi": 0.0,
        "allocation": 0.0,
        "register": 0.0,
        "coefficients": 0.0,
        "coupling": 0.0,
        "trigger_exciter": 0.0,
        "lookup": 0.0,
        "trigger_other": 0.0,
        "sympathetic": 24.542
      },
      "attack_tail": {
        "allocator": 1150.854,
        "modal": 531.329,
        "exciter": 231.512,
        "damping": 32.0,
        "energy": 2.75,
        "body": 97.6,
        "mix": 140.8,
        "limiter": 301.812,
        "pcm": 17.067,
        "midi": 0.0,
        "allocation": 0.0,
        "register": 0.0,
        "coefficients": 0.0,
        "coupling": 0.0,
        "trigger_exciter": 0.0,
        "lookup": 0.0,
        "trigger_other": 0.0,
        "sympathetic": 24.546
      },
      "event": {
        "allocator": 1270.758,
        "modal": 537.442,
        "exciter": 348.175,
        "damping": 32.0,
        "energy": 2.667,
        "body": 97.6,
        "mix": 140.646,
        "limiter": 292.842,
        "pcm": 17.067,
        "midi": 1.217,
        "allocation": 1.621,
        "register": 0.5,
        "coefficients": 5.042,
        "coupling": 5.85,
        "trigger_exciter": 61.125,
        "lookup": 2.65,
        "trigger_other": 5.825,
        "sympathetic": 24.317
      }
    }
  },
  "3": {
    "event": {
      "fixture": "3",
      "n": "512",
      "avg_us": "90.69",
      "max_us": "234"
    },
    "io": {
      "model": "PAN",
      "fixture": "3",
      "avg_us": "755",
      "p99_us": "1050",
      "max_us": "1225",
      "cpu_pct": "28.31",
      "deadline": "0",
      "timeouts": "0",
      "tx_errors": "0",
      "short_writes": "0"
    },
    "render": {
      "true_steady": {
        "model": "PAN",
        "fixture": "3",
        "voices": "1",
        "class": "true_steady",
        "n": "2815",
        "avg_us": "684.26",
        "p95_us": "715",
        "p99_us": "750",
        "p995_us": "765",
        "p999_us": "790",
        "max_us": "799",
        "deadline": "0",
        "bad_voices": "0",
        "ble_lost": "0",
        "hard": "0",
        "sat": "0",
        "bin_us": "5",
        "max_observed_voices": "1"
      },
      "attack_tail": {
        "model": "PAN",
        "fixture": "3",
        "voices": "1",
        "class": "attack_tail",
        "n": "768",
        "avg_us": "789.03",
        "p95_us": "835",
        "p99_us": "875",
        "p995_us": "925",
        "p999_us": "955",
        "max_us": "954",
        "deadline": "0",
        "bad_voices": "0",
        "ble_lost": "0",
        "hard": "0",
        "sat": "0",
        "bin_us": "5",
        "max_observed_voices": "1"
      },
      "event": {
        "model": "PAN",
        "fixture": "3",
        "voices": "1",
        "class": "event",
        "n": "512",
        "avg_us": "919.82",
        "p95_us": "1045",
        "p99_us": "1080",
        "p995_us": "1095",
        "p999_us": "1130",
        "max_us": "1127",
        "deadline": "0",
        "bad_voices": "0",
        "ble_lost": "0",
        "hard": "0",
        "sat": "0",
        "bin_us": "5",
        "max_observed_voices": "1"
      },
      "fixture_transition": {
        "model": "PAN",
        "fixture": "3",
        "voices": "1",
        "class": "fixture_transition",
        "n": "1",
        "avg_us": "719.78",
        "p95_us": "725",
        "p99_us": "725",
        "p995_us": "725",
        "p999_us": "725",
        "max_us": "720",
        "deadline": "0",
        "bad_voices": "0",
        "ble_lost": "0",
        "hard": "0",
        "sat": "0",
        "bin_us": "5",
        "max_observed_voices": "1"
      }
    },
    "callback": {
      "true_steady": {
        "model": "PAN",
        "fixture": "3",
        "voices": "1",
        "class": "true_steady",
        "n": "2814",
        "avg_us": "706.53",
        "p95_us": "770",
        "p99_us": "865",
        "p995_us": "890",
        "p999_us": "935",
        "max_us": "971",
        "deadline": "0",
        "overhead_avg_us": "22.27"
      },
      "attack_tail": {
        "model": "PAN",
        "fixture": "3",
        "voices": "1",
        "class": "attack_tail",
        "n": "768",
        "avg_us": "807.38",
        "p95_us": "880",
        "p99_us": "975",
        "p995_us": "1010",
        "p999_us": "1195",
        "max_us": "1191",
        "deadline": "0",
        "overhead_avg_us": "18.35"
      },
      "event": {
        "model": "PAN",
        "fixture": "3",
        "voices": "1",
        "class": "event",
        "n": "512",
        "avg_us": "942.12",
        "p95_us": "1075",
        "p99_us": "1175",
        "p995_us": "1205",
        "p999_us": "1230",
        "max_us": "1225",
        "deadline": "0",
        "overhead_avg_us": "22.30"
      },
      "fixture_transition": {
        "model": "PAN",
        "fixture": "3",
        "voices": "1",
        "class": "fixture_transition",
        "n": "1",
        "avg_us": "853.00",
        "p95_us": "855",
        "p99_us": "855",
        "p995_us": "855",
        "p999_us": "855",
        "max_us": "853",
        "deadline": "0",
        "overhead_avg_us": "133.22"
      }
    },
    "fastpaths": {
      "stable8": 0,
      "attack": 0,
      "sustain": 2815
    },
    "profile_us": {
      "attack_tail": {
        "allocator": 364.455,
        "modal": 132.805,
        "exciter": 41.157,
        "damping": 8.0,
        "energy": 0.681,
        "body": 97.696,
        "mix": 139.862,
        "limiter": 240.274,
        "pcm": 17.125,
        "midi": 0.0,
        "allocation": 0.0,
        "register": 0.0,
        "coefficients": 0.0,
        "coupling": 0.0,
        "trigger_exciter": 0.0,
        "lookup": 0.0,
        "trigger_other": 0.0,
        "sympathetic": 24.534
      },
      "event": {
        "allocator": 400.141,
        "modal": 132.805,
        "exciter": 76.976,
        "damping": 8.0,
        "energy": 0.667,
        "body": 97.738,
        "mix": 139.918,
        "limiter": 242.875,
        "pcm": 17.08,
        "midi": 0.304,
        "allocation": 0.088,
        "register": 6.631,
        "coefficients": 69.255,
        "coupling": 1.463,
        "trigger_exciter": 6.326,
        "lookup": 0.001,
        "trigger_other": 1.188,
        "sympathetic": 24.533
      }
    },
    "kernels": {
      "attack_tail": {
        "scalar": 0,
        "six": 0,
        "eight": 98304,
        "ten": 0
      },
      "event": {
        "scalar": 0,
        "six": 0,
        "eight": 65536,
        "ten": 0
      }
    },
    "profile_max": {
      "attack_tail": {
        "allocator": 462.204,
        "modal": 132.821,
        "exciter": 117.583,
        "damping": 8.0,
        "energy": 0.667,
        "body": 97.6,
        "mix": 139.733,
        "limiter": 284.596,
        "pcm": 17.067,
        "midi": 0.0,
        "allocation": 0.0,
        "register": 0.0,
        "coefficients": 0.0,
        "coupling": 0.0,
        "trigger_exciter": 0.0,
        "lookup": 0.0,
        "trigger_other": 0.0,
        "sympathetic": 24.542
      },
      "event": {
        "allocator": 425.383,
        "modal": 132.8,
        "exciter": 102.283,
        "damping": 8.0,
        "energy": 0.667,
        "body": 97.6,
        "mix": 139.733,
        "limiter": 277.754,
        "pcm": 17.067,
        "midi": 0.304,
        "allocation": 0.087,
        "register": 23.804,
        "coefficients": 167.358,
        "coupling": 1.462,
        "trigger_exciter": 11.246,
        "lookup": 0.0,
        "trigger_other": 1.192,
        "sympathetic": 24.533
      }
    }
  },
  "4": {
    "event": {
      "fixture": "4",
      "n": "22",
      "avg_us": "402.69",
      "max_us": "459"
    },
    "io": {
      "model": "PAN",
      "fixture": "4",
      "avg_us": "536",
      "p99_us": "650",
      "max_us": "1236",
      "cpu_pct": "20.10",
      "deadline": "0",
      "timeouts": "0",
      "tx_errors": "0",
      "short_writes": "0"
    },
    "render": {
      "true_steady": {
        "model": "PAN",
        "fixture": "4",
        "voices": "1",
        "class": "true_steady",
        "n": "4051",
        "avg_us": "512.75",
        "p95_us": "520",
        "p99_us": "550",
        "p995_us": "550",
        "p999_us": "555",
        "max_us": "584",
        "deadline": "0",
        "bad_voices": "0",
        "ble_lost": "0",
        "hard": "0",
        "sat": "0",
        "bin_us": "5",
        "max_observed_voices": "1"
      },
      "attack_tail": {
        "model": "PAN",
        "fixture": "4",
        "voices": "1",
        "class": "attack_tail",
        "n": "22",
        "avg_us": "629.10",
        "p95_us": "640",
        "p99_us": "645",
        "p995_us": "645",
        "p999_us": "645",
        "max_us": "641",
        "deadline": "0",
        "bad_voices": "0",
        "ble_lost": "0",
        "hard": "0",
        "sat": "0",
        "bin_us": "5",
        "max_observed_voices": "1"
      },
      "event": {
        "model": "PAN",
        "fixture": "4",
        "voices": "1",
        "class": "event",
        "n": "22",
        "avg_us": "1085.15",
        "p95_us": "1145",
        "p99_us": "1150",
        "p995_us": "1150",
        "p999_us": "1150",
        "max_us": "1145",
        "deadline": "0",
        "bad_voices": "0",
        "ble_lost": "0",
        "hard": "0",
        "sat": "0",
        "bin_us": "5",
        "max_observed_voices": "1"
      },
      "fixture_transition": {
        "model": "PAN",
        "fixture": "4",
        "voices": "1",
        "class": "fixture_transition",
        "n": "1",
        "avg_us": "687.31",
        "p95_us": "690",
        "p99_us": "690",
        "p995_us": "690",
        "p999_us": "690",
        "max_us": "688",
        "deadline": "0",
        "bad_voices": "0",
        "ble_lost": "0",
        "hard": "0",
        "sat": "0",
        "bin_us": "5",
        "max_observed_voices": "1"
      }
    },
    "callback": {
      "true_steady": {
        "model": "PAN",
        "fixture": "4",
        "voices": "1",
        "class": "true_steady",
        "n": "4051",
        "avg_us": "529.17",
        "p95_us": "565",
        "p99_us": "600",
        "p995_us": "625",
        "p999_us": "675",
        "max_us": "790",
        "deadline": "0",
        "overhead_avg_us": "16.42"
      },
      "attack_tail": {
        "model": "PAN",
        "fixture": "4",
        "voices": "1",
        "class": "attack_tail",
        "n": "22",
        "avg_us": "666.18",
        "p95_us": "710",
        "p99_us": "710",
        "p995_us": "710",
        "p999_us": "710",
        "max_us": "709",
        "deadline": "0",
        "overhead_avg_us": "37.09"
      },
      "event": {
        "model": "PAN",
        "fixture": "4",
        "voices": "1",
        "class": "event",
        "n": "22",
        "avg_us": "1144.77",
        "p95_us": "1235",
        "p99_us": "1240",
        "p995_us": "1240",
        "p999_us": "1240",
        "max_us": "1236",
        "deadline": "0",
        "overhead_avg_us": "59.63"
      },
      "fixture_transition": {
        "model": "PAN",
        "fixture": "4",
        "voices": "1",
        "class": "fixture_transition",
        "n": "1",
        "avg_us": "829.00",
        "p95_us": "830",
        "p99_us": "830",
        "p995_us": "830",
        "p999_us": "830",
        "max_us": "829",
        "deadline": "0",
        "overhead_avg_us": "141.69"
      }
    },
    "fastpaths": {
      "stable8": 0,
      "attack": 0,
      "sustain": 4051
    },
    "profile_us": {
      "true_steady": {
        "allocator": 294.76,
        "modal": 132.806,
        "exciter": 0.0,
        "damping": 0.0,
        "energy": 0.688,
        "body": 97.639,
        "mix": 139.772,
        "limiter": 69.335,
        "pcm": 17.069,
        "midi": 0.0,
        "allocation": 0.0,
        "register": 0.0,
        "coefficients": 0.0,
        "coupling": 0.0,
        "trigger_exciter": 0.0,
        "lookup": 0.0,
        "trigger_other": 0.0,
        "sympathetic": 24.534
      },
      "attack_tail": {
        "allocator": 375.098,
        "modal": 132.809,
        "exciter": 50.904,
        "damping": 8.0,
        "energy": 0.688,
        "body": 97.886,
        "mix": 140.02,
        "limiter": 69.334,
        "pcm": 17.067,
        "midi": 0.0,
        "allocation": 0.0,
        "register": 0.0,
        "coefficients": 0.0,
        "coupling": 0.0,
        "trigger_exciter": 0.0,
        "lookup": 0.0,
        "trigger_other": 0.0,
        "sympathetic": 24.518
      },
      "event": {
        "allocator": 424.523,
        "modal": 132.812,
        "exciter": 95.522,
        "damping": 8.001,
        "energy": 0.667,
        "body": 97.622,
        "mix": 139.602,
        "limiter": 69.059,
        "pcm": 17.067,
        "midi": 0.304,
        "allocation": 0.346,
        "register": 0.125,
        "coefficients": 1.317,
        "coupling": 1.462,
        "trigger_exciter": 10.715,
        "lookup": 0.662,
        "trigger_other": 1.438,
        "sympathetic": 24.312
      }
    },
    "kernels": {
      "true_steady": {
        "scalar": 0,
        "six": 0,
        "eight": 16000,
        "ten": 0
      },
      "attack_tail": {
        "scalar": 0,
        "six": 0,
        "eight": 2816,
        "ten": 0
      },
      "event": {
        "scalar": 0,
        "six": 0,
        "eight": 2816,
        "ten": 0
      }
    },
    "profile_max": {
      "true_steady": {
        "allocator": 297.971,
        "modal": 132.8,
        "exciter": 0.0,
        "damping": 0.0,
        "energy": 0.688,
        "body": 97.6,
        "mix": 139.733,
        "limiter": 69.333,
        "pcm": 17.067,
        "midi": 0.0,
        "allocation": 0.0,
        "register": 0.0,
        "coefficients": 0.0,
        "coupling": 0.0,
        "trigger_exciter": 0.0,
        "lookup": 0.0,
        "trigger_other": 0.0,
        "sympathetic": 24.533
      },
      "attack_tail": {
        "allocator": 387.492,
        "modal": 132.8,
        "exciter": 58.954,
        "damping": 8.0,
        "energy": 0.688,
        "body": 97.6,
        "mix": 139.733,
        "limiter": 69.333,
        "pcm": 17.067,
        "midi": 0.0,
        "allocation": 0.0,
        "register": 0.0,
        "coefficients": 0.0,
        "coupling": 0.0,
        "trigger_exciter": 0.0,
        "lookup": 0.0,
        "trigger_other": 0.0,
        "sympathetic": 24.517
      },
      "event": {
        "allocator": 435.75,
        "modal": 132.817,
        "exciter": 108.571,
        "damping": 8.012,
        "energy": 0.667,
        "body": 98.029,
        "mix": 140.029,
        "limiter": 69.067,
        "pcm": 17.071,
        "midi": 0.304,
        "allocation": 0.346,
        "register": 0.125,
        "coefficients": 1.317,
        "coupling": 1.462,
        "trigger_exciter": 11.321,
        "lookup": 0.662,
        "trigger_other": 1.438,
        "sympathetic": 24.312
      }
    }
  }
}
