Executing action: flash
Running ninja in directory C:\progs\ESPan\build-m75-qual
Executing "ninja flash"...
[1/5] cmd.exe /C "cd /D C:\progs\ESPan\build-m75-qual\esp-idf\esptool_py && C:\Users\devx\.espressif\python_env\idf5.3_py3.14_env\Scripts\python.exe C:/Users/devx/esp/esp-idf/components/partition_table/check_sizes.py --offset 0x8000 partition --type app C:/progs/ESPan/build-m75-qual/partition_table/partition-table.bin C:/progs/ESPan/build-m75-qual/pocket_pan.bin"

pocket_pan.bin binary size 0xa1df0 bytes. Smallest app partition is 0x100000 bytes. 0x5e210 bytes (37%) free.


[2/5] Performing build step for 'bootloader'

[1/1] cmd.exe /C "cd /D C:\progs\ESPan\build-m75-qual\bootloader\esp-idf\esptool_py && C:\Users\devx\.espressif\python_env\idf5.3_py3.14_env\Scripts\python.exe C:/Users/devx/esp/esp-idf/components/partition_table/check_sizes.py --offset 0x8000 bootloader 0x0 C:/progs/ESPan/build-m75-qual/bootloader/bootloader.bin"


Bootloader binary size 0x5260 bytes. 0x2da0 bytes (36%) free.



[2/3] cmd.exe /C "cd /D C:\Users\devx\esp\esp-idf\components\esptool_py && C:\Users\devx\.espressif\tools\cmake\3.24.0\biesptool.py --chip esp32s3 -p COM10 -b 460800 --before=default_reset --after=hard_reset write_flash --flash_mode dio --flash_freq 80m --flash_size 4MB 0x0 bootloader/bootloader.bin 0x10000 pocket_pan.bin 0x8000 partition_table/partition-table.bin

esptool.py v4.12.0

Serial port COM10

Connecting...

Chip is ESP32-S3 (QFN56) (revision v0.2)

Features: WiFi, BLE, Embedded Flash 4MB (XMC), Embedded PSRAM 2MB (AP_3v3)

Crystal is 40MHz

USB mode: USB-Serial/JTAG

MAC: b4:3a:45:ae:6f:28

Uploading stub...

Running stub...

Stub running...

Changing baud rate to 460800

Changed.

Configuring flash size...

Flash will be erased from 0x00000000 to 0x00005fff...

Flash will be erased from 0x00010000 to 0x000b1fff...

Flash will be erased from 0x00008000 to 0x00008fff...

SHA digest in image updated

Compressed 21088 bytes to 13057...

Writing at 0x00000000... (100 %)

Wrote 21088 bytes (13057 compressed) at 0x00000000 in 0.4 seconds (effective 419.7 kbit/s)...

Hash of data verified.

Compressed 663024 bytes to 411806...

Writing at 0x00010000... (3 %)

Writing at 0x0001d807... (7 %)

Writing at 0x000277ad... (11 %)

Writing at 0x0002c5ef... (15 %)

Writing at 0x00034d38... (19 %)

Writing at 0x0003aeb2... (23 %)

Writing at 0x00040140... (26 %)

Writing at 0x00045bf8... (30 %)

Writing at 0x0004b72d... (34 %)

Writing at 0x00050cd9... (38 %)

Writing at 0x00056b8f... (42 %)

Writing at 0x0005c320... (46 %)

Writing at 0x00061b39... (50 %)

Writing at 0x00067386... (53 %)

Writing at 0x0006cb27... (57 %)

Writing at 0x00072b7b... (61 %)

Writing at 0x00078178... (65 %)

Writing at 0x0007dbae... (69 %)

Writing at 0x00083346... (73 %)

Writing at 0x00088ccf... (76 %)

Writing at 0x0008e420... (80 %)

Writing at 0x00093e97... (84 %)

Writing at 0x0009dbb3... (88 %)

Writing at 0x000a50b7... (92 %)

Writing at 0x000aad64... (96 %)

Writing at 0x000b0ea7... (100 %)

Wrote 663024 bytes (411806 compressed) at 0x00010000 in 6.0 seconds (effective 881.1 kbit/s)...

Hash of data verified.

Compressed 3072 bytes to 103...

Writing at 0x00008000... (100 %)

Wrote 3072 bytes (103 compressed) at 0x00008000 in 0.1 seconds (effective 307.3 kbit/s)...

Hash of data verified.



Leaving...

Hard resetting via RTS pin...

n\cmake.exe -D IDF_PATH=C:/Users/devx/esp/esp-idf -D SERIAL_TOOL=C:/Users/devx/.espressif/python_env/idf5.3_py3.14_env/Scripts/python.exe;;C:/Users/devx/esp/esp-idf/components/esptool_py/esptool/esptool.py;--chip;esp32s3 -D SERIAL_TOOL_ARGS=--before=default_reset;--after=hard_reset;write_flash;@flash_args -D WORKING_DIRECTORY=C:/progs/ESPan/build-m75-qual -P C:/Users/devx/esp/esp-idf/components/esptool_py/run_serial_tool.cmake"

Done
