[0;32mI (123) esp_image: segment 1: paddr=000301fc vaddr=3fc9d5ESP-ROM:esp32s3-20210327
Build:Mar 27 2021
rst:0x15 (USB_UART_CHIP_RESET),boot:0x8 (SPI_FAST_FLASH_BOOT)
Saved PC:0x42009f9b
SPIWP:0xee
mode:DIO, clock div:1
load:0x3fce2810,len:0x178c
load:0x403c8700,len:0x4
load:0x403c8704,len:0xcb8
load:0x403cb700,len:0x2db0
entry 0x403c8914
[0;32mI (26) boot: ESP-IDF v5.3-dirty 2nd stage bootloader[0m
[0;32mI (27) boot: compile time Sep 30 2026 18:59:39[0m
[0;32mI (27) boot: Multicore bootloader[0m
[0;32mI (30) boot: chip revision: v0.2[0m
[0;32mI (34) boot.esp32s3: Boot SPI Speed : 80MHz[0m
[0;32mI (39) boot.esp32s3: SPI Mode       : DIO[0m
[0;32mI (43) boot.esp32s3: SPI Flash Size : 4MB[0m
[0;32mI (48) boot: Enabling RNG early entropy source...[0m
[0;32mI (54) boot: Partition Table:[0m
[0;32mI (57) boot: ## Label            Usage          Type ST Offset   Length[0m
[0;32mI (64) boot:  0 nvs              WiFi data        01 02 00009000 00006000[0m
[0;32mI (72) boot:  1 phy_init         RF data          01 01 0000f000 00001000[0m
[0;32mI (79) boot:  2 factory          factory app      00 00 00010000 00100000[0m
[0;32mI (87) boot: End of partition table[0m
[0;32mI (91) esp_image: segment 0: paddr=00010020 vaddr=3c070020 size=201d4h (131540) map[0m
[0;32mI (123) esp_image: segment 1: paddr=000301fc vaddr=3fc9d500 size=04500h ( 17664) load[0m
[0;32mI (127) esp_image: segment 2: paddr=00034704 vaddr=40374000 size=0b914h ( 47380) load[0m
[0;32mI (139) esp_image: segment 3: paddr=00040020 vaddr=42000020 size=63fb0h (409520) map[0m
[0;32mI (213) esp_image: segment 4: paddr=000a3fd8 vaddr=4037f914 size=0daf4h ( 56052) load[0m
[0;32mI (236) boot: Loaded app from partition at offset 0x10000[0m
[0;32mI (236) boot: Disabling RNG early entropy source...[0m
[0;32mI (248) esp_psram: Found 2MB PSRAM device[0m
[0;32mI (249) esp_psram: Speed: 40MHz[0m
[0;32mI (249) cpu_start: Multicore app[0m
[0;32mI (668) esp_psram: SPI SRAM memory test OK[0m
[0;32mI (678) cpu_start: Pro cpu start user code[0m
[0;32mI (678) cpu_start: cpu freq: 240000000 Hz[0m
[0;32mI (678) app_init: Application information:[0m
[0;32mI (681) app_init: Project name:     pocket_pan[0m
[0;32mI (686) app_init: App version:      86bcbc4-dirty[0m
[0;32mI (691) app_init: Compile time:     Sep 30 2026 18:57:46[0m
[0;32mI (697) app_init: ELF file SHA256:  a5efeab67...[0m
[0;32mI (702) app_init: ESP-IDF:          v5.3-dirty[0m
[0;32mI (707) efuse_init: Min chip rev:     v0.0[0m
[0;32mI (712) efuse_init: Max chip rev:     v0.99 [0m
[0;32mI (717) efuse_init: Chip rev:         v0.2[0m
[0;32mI (722) heap_init: Initializing. RAM available for dynamic allocation:[0m
[0;32mI (729) heap_init: At 3FCCE730 len 0001AFE0 (107 KiB): RAM[0m
[0;32mI (735) heap_init: At 3FCE9710 len 00005724 (21 KiB): RAM[0m
[0;32mI (741) heap_init: At 3FCF0000 len 00008000 (32 KiB): DRAM[0m
[0;32mI (748) heap_init: At 600FE100 len 00001EE8 (7 KiB): RTCRAM[0m
[0;32mI (754) esp_psram: Adding pool of 2048K of PSRAM memory to heap allocator[0m
[0;32mI (762) spi_flash: detected chip: generic[0m
[0;32mI (766) spi_flash: flash io: dio[0m
[0;32mI (770) sleep: Configure to isolate all GPIO pins in sleep state[0m
[0;32mI (777) sleep: Enable automatic switching of GPIO sleep configuration[0m
[0;32mI (784) coexist: coex firmware version: dab85ae96[0m
[0;32mI (789) coexist: coexist rom version e7ae62f[0m
[0;32mI (795) main_task: Started on CPU0[0m
[0;32mI (805) esp_psram: Reserving pool of 32K of internal memory for DMA/internal allocations[0m
[0;32mI (805) main_task: Calling app_main()[0m
[0;32mI (815) pocket_pan_main: ===============================================[0m
[0;32mI (815) pocket_pan_main:   Pocket Pan / Metal Modal Synthesizer v1.0.0[0m
[0;32mI (825) pocket_pan_main:   Hardware: TENSTAR TS-ESP32-S3 (Feather TFT)[0m
[0;32mI (835) pocket_pan_main: ===============================================[0m
[0;32mI (845) pocket_pan_main: [FORENSICS] candidate=25 profile=0 cpu_mhz=240 optimization_perf=1 process6=1 fine_bins=5 critical_only=0[0m
[0;32mI (875) gpio: GPIO[10]| InputEn: 0| OutputEn: 1| OpenDrain: 0| Pullup: 0| Pulldown: 1| Intr:0 [0m
[0;32mI (875) AudioI2S: I2S TX initialized (48kHz, 32-bit slot, stereo, 6x128 frames DMA = 1024 bytes/buf)[0m
[0;32mI (885) AudioI2S: Audio task started on Core 0 at priority 12[0m
[0;32mI (885) Display: [DISP_MEM_PRE] before: int_free=132351 int_largest=38912 psram_free=2094528[0m
[0;33mW (895) Display: Internal SRAM (64800 B) exhausted; falling back to PSRAM[0m
[0;32mI (905) Display: [DISP_MEM] framebuffer=0x3c0a0a44 (size=64800, align=4, internal=0, dma=0, psram=1)[0m
[0;32mI (915) Display: [DISP_MEM] scratch=0x3fcdfe04 (size=9600, align=4, internal=1, dma=1)[0m
[0;32mI (925) Display: [DISP_MEM] before: int_free=132351 int_largest=38912 psram_free=2094528[0m
[0;32mI (925) Display: [DISP_MEM] after:  int_free=122747 int_largest=31744 psram_free=2029724[0m
[0;32mI (935) gpio: GPIO[39]| InputEn: 0| OutputEn: 1| OpenDrain: 0| Pullup: 0| Pulldown: 0| Intr:0 [0m
[0;32mI (945) gpio: GPIO[40]| InputEn: 0| OutputEn: 1| OpenDrain: 0| Pullup: 0| Pulldown: 0| Intr:0 [0m
[0;32mI (955) gpio: GPIO[21]| InputEn: 0| OutputEn: 1| OpenDrain: 0| Pullup: 0| Pulldown: 0| Intr:0 [0m
[0;32mI (1185) gpio: GPIO[45]| InputEn: 0| OutputEn: 1| OpenDrain: 0| Pullup: 0| Pulldown: 0| Intr:0 [0m
[0;31mE (1185) lcd_panel.io.spi: panel_io_spi_tx_color(390): spi transmit (queue) color failed[0m
[0;31mE (1185) lcd_panel.st7789: panel_st7789_draw_bitmap(223): io tx color failed[0m
[0;32mI (1195) Display: ST7789 240x135 display initialized successfully (SPI 40MHz, GDMA callback armed)[0m
[0;32mI (1205) pocket_pan_main: [CANARY] PreparedNote canaries OK=1[0m
[0;32mI (1215) BLE_INIT: BT controller compile version [ba3b3e3][0m
[0;32mI (1215) BLE_INIT: Bluetooth MAC: b4:3a:45:ae:6f:2a[0m
[0;32mI (1225) phy_init: phy_version 680,a6008b2,Jun  4 2024,16:41:10[0m
[0;32mI (1265) BleMidi: NimBLE Host task running on Core 1[0m
[0;32mI (1265) BleMidi: NimBLE BLE MIDI Central initialized and pinned to Core 1[0m
[0;32mI (1265) pocket_pan_main: [M75_MEMORY] table_bytes=9348 cache_bytes=74784 synth_bytes=87860 internal_free=60055 largest_internal=31744[0m
[0;32mI (1265) NimBLE: Failed to restore IRKs from store; status=8
[0m
[0;32mI (1285) pocket_pan_main: Pocket Pan initialization complete. Realtime audio active.[0m
[0;32mI (1285) NimBLE: GAP procedure initiated: discovery; [0m
[0;32mI (1305) NimBLE: own_addr_type=0 filter_policy=0 passive=0 limited=0 filter_duplicates=1 [0m
[0;32mI (1295) main_task: Returned from app_main()[0m
[0;32mI (1305) NimBLE: duration=forever[0m
[0;32mI (1315) NimBLE: 
[0m
[0;32mI (1325) BleMidi: Scanning for BLE MIDI devices...[0m
[0;32mI (1285) gpio: GPIO[0]| InputEn: 1| OutputEn: 0| OpenDrain: 0| Pullup: 1| Pulldown: 0| Intr:0 [0m
[0;31mE (1345) lcd_panel.io.spi: panel_io_spi_tx_color(390): spi transmit (queue) color failed[0m
[0;31mE (1345) lcd_panel.st7789: panel_st7789_draw_bitmap(223): io tx color failed[0m
[0;31mE (1355) lcd_panel.io.spi: panel_io_spi_tx_color(390): spi transmit (queue) color failed[0m
[0;31mE (1365) lcd_panel.st7789: panel_st7789_draw_bitmap(223): io tx color failed[0m
[0;32mI (5815) pocket_pan_main: [AUDIO] model=PAN blocks=1849 avg_us=266 p99_us=0 max_us=1210 cpu_load=10.0 deadline=0 timeout=0 tx_error=0 short=0[0m
[0;32mI (5815) pocket_pan_main: [MIDI] push=5 pop=5 drop=0 hwm=1 last=(n=62 v=75 t=78 hex=903E4B)[0m
[0;32mI (5825) pocket_pan_main: [BLE] state=1 interval_ms=0.00 latency=0 rssi=0 reconnects=0 last_disconnect=0[0m
[0;32mI (5835) pocket_pan_main: [MEM] internal_free=56763 largest_internal=31744[0m
[0;32mI (5845) pocket_pan_main: [UIREDRAW] urgent=7 telemetry=17 skip=125[0m
[0;32mI (10835) pocket_pan_main: [AUDIO] model=PAN blocks=3732 avg_us=260 p99_us=400 max_us=1210 cpu_load=9.7 deadline=0 timeout=0 tx_error=0 short=0[0m
[0;32mI (10835) pocket_pan_main: [MIDI] push=12 pop=12 drop=0 hwm=1 last=(n=60 v=75 t=78 hex=903C4B)[0m
[0;32mI (10845) pocket_pan_main: [BLE] state=1 interval_ms=0.00 latency=0 rssi=0 reconnects=0 last_disconnect=0[0m
[0;32mI (10855) pocket_pan_main: [MEM] internal_free=56763 largest_internal=31744[0m
[0;32mI (10865) pocket_pan_main: [UIREDRAW] urgent=14 telemetry=38 skip=263[0m
[0;32mI (15855) pocket_pan_main: [AUDIO] model=PAN blocks=5614 avg_us=260 p99_us=375 max_us=1210 cpu_load=9.7 deadline=0 timeout=0 tx_error=0 short=0[0m
[0;32mI (15855) pocket_pan_main: [MIDI] push=19 pop=19 drop=0 hwm=1 last=(n=58 v=75 t=78 hex=903A4B)[0m
[0;32mI (15865) pocket_pan_main: [BLE] state=1 interval_ms=0.00 latency=0 rssi=0 reconnects=0 last_disconnect=0[0m
[0;32mI (15875) pocket_pan_main: [MEM] internal_free=56763 largest_internal=31744[0m
[0;32mI (15885) pocket_pan_main: [UIREDRAW] urgent=21 telemetry=57 skip=403[0m
[0;32mI (20875) pocket_pan_main: [AUDIO] model=PAN blocks=7496 avg_us=257 p99_us=400 max_us=1210 cpu_load=9.6 deadline=0 timeout=0 tx_error=0 short=0[0m
[0;32mI (20875) pocket_pan_main: [MIDI] push=25 pop=25 drop=0 hwm=1 last=(n=50 v=75 t=78 hex=90324B)[0m
[0;32mI (20885) pocket_pan_main: [BLE] state=1 interval_ms=0.00 latency=0 rssi=0 reconnects=0 last_disconnect=0[0m
[0;32mI (20895) pocket_pan_main: [MEM] internal_free=56763 largest_internal=31744[0m
[0;32mI (20905) pocket_pan_main: [UIREDRAW] urgent=27 telemetry=78 skip=542[0m
[0;32mI (23195) forensics: [FIXTURE_IO] model=VIBRAPHONE fixture=0 avg_us=266 p99_us=400 max_us=1210 cpu_pct=9.97 deadline=0 timeouts=0 tx_errors=0 short_writes=0[0m
[0;32mI (23195) forensics: [CURVE] model=VIBRAPHONE fixture=0 voices=1 class=true_steady n=8059 avg_us=247.90 p95_us=260 p99_us=285 p995_us=295 p999_us=410 max_us=410 deadline=0 bad_voices=0 ble_lost=0 hard=0 sat=0 bin_us=5[0m
[0;32mI (23215) forensics: [HIST] fixture=0 class=true_steady lower_us=245 n=7052[0m
[0;32mI (23225) forensics: [HIST] fixture=0 class=true_steady lower_us=250 n=508[0m
[0;32mI (23235) forensics: [HIST] fixture=0 class=true_steady lower_us=255 n=151[0m
[0;32mI (23245) forensics: [HIST] fixture=0 class=true_steady lower_us=260 n=107[0m
[0;32mI (23245) forensics: [HIST] fixture=0 class=true_steady lower_us=265 n=80[0m
[0;32mI (23255) forensics: [HIST] fixture=0 class=true_steady lower_us=270 n=32[0m
[0;32mI (23265) forensics: [HIST] fixture=0 class=true_steady lower_us=275 n=25[0m
[0;32mI (23275) forensics: [HIST] fixture=0 class=true_steady lower_us=280 n=27[0m
[0;32mI (23275) forensics: [HIST] fixture=0 class=true_steady lower_us=285 n=29[0m
[0;32mI (23285) forensics: [HIST] fixture=0 class=true_steady lower_us=290 n=11[0m
[0;32mI (23295) forensics: [HIST] fixture=0 class=true_steady lower_us=295 n=5[0m
[0;32mI (23305) forensics: [HIST] fixture=0 class=true_steady lower_us=300 n=3[0m
[0;32mI (23305) forensics: [HIST] fixture=0 class=true_steady lower_us=305 n=1[0m
[0;32mI (23315) forensics: [HIST] fixture=0 class=true_steady lower_us=310 n=3[0m
[0;32mI (23325) forensics: [HIST] fixture=0 class=true_steady lower_us=320 n=1[0m
[0;32mI (23335) forensics: [HIST] fixture=0 class=true_steady lower_us=325 n=2[0m
[0;32mI (23335) forensics: [HIST] fixture=0 class=true_steady lower_us=330 n=1[0m
[0;32mI (23345) forensics: [HIST] fixture=0 class=true_steady lower_us=395 n=1[0m
[0;32mI (23355) forensics: [HIST] fixture=0 class=true_steady lower_us=400 n=11[0m
[0;32mI (23365) forensics: [HIST] fixture=0 class=true_steady lower_us=405 n=8[0m
[0;32mI (23365) forensics: [HIST] fixture=0 class=true_steady lower_us=410 n=1[0m
[0;32mI (23375) forensics: [CALLBACK_CURVE] model=VIBRAPHONE fixture=0 voices=1 class=true_steady n=8058 avg_us=260.77 p95_us=295 p99_us=370 p995_us=400 p999_us=435 max_us=482 deadline=0 overhead_avg_us=12.86[0m
[0;32mI (23395) forensics: [CALLBACK_HIST] fixture=0 class=true_steady lower_us=250 n=3558[0m
[0;32mI (23405) forensics: [CALLBACK_HIST] fixture=0 class=true_steady lower_us=255 n=2773[0m
[0;32mI (23415) forensics: [CALLBACK_HIST] fixture=0 class=true_steady lower_us=260 n=681[0m
[0;32mI (23415) forensics: [CALLBACK_HIST] fixture=0 class=true_steady lower_us=265 n=231[0m
[0;32mI (23425) forensics: [CALLBACK_HIST] fixture=0 class=true_steady lower_us=270 n=133[0m
[0;32mI (23435) forensics: [CALLBACK_HIST] fixture=0 class=true_steady lower_us=275 n=102[0m
[0;32mI (23445) forensics: [CALLBACK_HIST] fixture=0 class=true_steady lower_us=280 n=70[0m
[0;32mI (23455) forensics: [CALLBACK_HIST] fixture=0 class=true_steady lower_us=285 n=63[0m
[0;32mI (23465) forensics: [CALLBACK_HIST] fixture=0 class=true_steady lower_us=290 n=51[0m
[0;32mI (23465) forensics: [CALLBACK_HIST] fixture=0 class=true_steady lower_us=295 n=78[0m
[0;32mI (23475) forensics: [CALLBACK_HIST] fixture=0 class=true_steady lower_us=300 n=49[0m
[0;32mI (23485) forensics: [CALLBACK_HIST] fixture=0 class=true_steady lower_us=305 n=34[0m
[0;32mI (23495) forensics: [CALLBACK_HIST] fixture=0 class=true_steady lower_us=310 n=32[0m
[0;32mI (23505) forensics: [CALLBACK_HIST] fixture=0 class=true_steady lower_us=315 n=33[0m
[0;32mI (23515) forensics: [CALLBACK_HIST] fixture=0 class=true_steady lower_us=320 n=13[0m
[0;32mI (23515) forensics: [CALLBACK_HIST] fixture=0 class=true_steady lower_us=325 n=11[0m
[0;32mI (23525) forensics: [CALLBACK_HIST] fixture=0 class=true_steady lower_us=330 n=9[0m
[0;32mI (23535) forensics: [CALLBACK_HIST] fixture=0 class=true_steady lower_us=335 n=7[0m
[0;32mI (23545) forensics: [CALLBACK_HIST] fixture=0 class=true_steady lower_us=340 n=11[0m
[0;32mI (23555) forensics: [CALLBACK_HIST] fixture=0 class=true_steady lower_us=345 n=9[0m
[0;32mI (23555) forensics: [CALLBACK_HIST] fixture=0 class=true_steady lower_us=350 n=8[0m
[0;32mI (23565) forensics: [CALLBACK_HIST] fixture=0 class=true_steady lower_us=355 n=6[0m
[0;32mI (23575) forensics: [CALLBACK_HIST] fixture=0 class=true_steady lower_us=360 n=14[0m
[0;32mI (23585) forensics: [CALLBACK_HIST] fixture=0 class=true_steady lower_us=365 n=6[0m
[0;32mI (23595) forensics: [CALLBACK_HIST] fixture=0 class=true_steady lower_us=370 n=12[0m
[0;32mI (23605) forensics: [CALLBACK_HIST] fixture=0 class=true_steady lower_us=375 n=4[0m
[0;32mI (23605) forensics: [CALLBACK_HIST] fixture=0 class=true_steady lower_us=380 n=5[0m
[0;32mI (23615) forensics: [CALLBACK_HIST] fixture=0 class=true_steady lower_us=385 n=7[0m
[0;32mI (23625) forensics: [CALLBACK_HIST] fixture=0 class=true_steady lower_us=390 n=5[0m
[0;32mI (23635) forensics: [CALLBACK_HIST] fixture=0 class=true_steady lower_us=395 n=4[0m
[0;32mI (23645) forensics: [CALLBACK_HIST] fixture=0 class=true_steady lower_us=400 n=1[0m
[0;32mI (23645) forensics: [CALLBACK_HIST] fixture=0 class=true_steady lower_us=405 n=2[0m
[0;32mI (23655) forensics: [CALLBACK_HIST] fixture=0 class=true_steady lower_us=410 n=5[0m
[0;32mI (23665) forensics: [CALLBACK_HIST] fixture=0 class=true_steady lower_us=415 n=8[0m
[0;32mI (23675) forensics: [CALLBACK_HIST] fixture=0 class=true_steady lower_us=420 n=5[0m
[0;32mI (23685) forensics: [CALLBACK_HIST] fixture=0 class=true_steady lower_us=425 n=7[0m
[0;32mI (23695) forensics: [CALLBACK_HIST] fixture=0 class=true_steady lower_us=430 n=3[0m
[0;32mI (23695) forensics: [CALLBACK_HIST] fixture=0 class=true_steady lower_us=440 n=2[0m
[0;32mI (23705) forensics: [CALLBACK_HIST] fixture=0 class=true_steady lower_us=450 n=2[0m
[0;32mI (23715) forensics: [CALLBACK_HIST] fixture=0 class=true_steady lower_us=455 n=2[0m
[0;32mI (23725) forensics: [CALLBACK_HIST] fixture=0 class=true_steady lower_us=465 n=1[0m
[0;32mI (23735) forensics: [CALLBACK_HIST] fixture=0 class=true_steady lower_us=480 n=1[0m
[0;32mI (23735) forensics: [CURVE] model=VIBRAPHONE fixture=0 voices=1 class=attack_tail n=88 avg_us=296.53 p95_us=335 p99_us=350 p995_us=350 p999_us=350 max_us=348 deadline=0 bad_voices=0 ble_lost=0 hard=0 sat=0 bin_us=5[0m
[0;32mI (23755) forensics: [HIST] fixture=0 class=attack_tail lower_us=265 n=38[0m
[0;32mI (23765) forensics: [HIST] fixture=0 class=attack_tail lower_us=270 n=1[0m
[0;32mI (23775) forensics: [HIST] fixture=0 class=attack_tail lower_us=275 n=2[0m
[0;32mI (23785) forensics: [HIST] fixture=0 class=attack_tail lower_us=290 n=2[0m
[0;32mI (23785) forensics: [HIST] fixture=0 class=attack_tail lower_us=315 n=8[0m
[0;32mI (23795) forensics: [HIST] fixture=0 class=attack_tail lower_us=320 n=23[0m
[0;32mI (23805) forensics: [HIST] fixture=0 class=attack_tail lower_us=325 n=9[0m
[0;32mI (23815) forensics: [HIST] fixture=0 class=attack_tail lower_us=330 n=2[0m
[0;32mI (23815) forensics: [HIST] fixture=0 class=attack_tail lower_us=345 n=3[0m
[0;32mI (23825) forensics: [CALLBACK_CURVE] model=VIBRAPHONE fixture=0 voices=1 class=attack_tail n=88 avg_us=324.69 p95_us=390 p99_us=440 p995_us=440 p999_us=440 max_us=438 deadline=0 overhead_avg_us=28.17[0m
[0;32mI (23845) forensics: [CALLBACK_HIST] fixture=0 class=attack_tail lower_us=270 n=9[0m
[0;32mI (23855) forensics: [CALLBACK_HIST] fixture=0 class=attack_tail lower_us=275 n=26[0m
[0;32mI (23865) forensics: [CALLBACK_HIST] fixture=0 class=attack_tail lower_us=280 n=2[0m
[0;32mI (23865) forensics: [CALLBACK_HIST] fixture=0 class=attack_tail lower_us=290 n=1[0m
[0;32mI (23875) forensics: [CALLBACK_HIST] fixture=0 class=attack_tail lower_us=295 n=1[0m
[0;32mI (23885) forensics: [CALLBACK_HIST] fixture=0 class=attack_tail lower_us=310 n=1[0m
[0;32mI (23895) forensics: [CALLBACK_HIST] fixture=0 class=attack_tail lower_us=320 n=1[0m
[0;32mI (23905) forensics: [CALLBACK_HIST] fixture=0 class=attack_tail lower_us=340 n=2[0m
[0;32mI (23905) forensics: [CALLBACK_HIST] fixture=0 class=attack_tail lower_us=345 n=5[0m
[0;32mI (23915) forensics: [CALLBACK_HIST] fixture=0 class=attack_tail lower_us=350 n=7[0m
[0;32mI (23925) forensics: [CALLBACK_HIST] fixture=0 class=attack_tail lower_us=355 n=9[0m
[0;32mI (23935) forensics: [CALLBACK_HIST] fixture=0 class=attack_tail lower_us=360 n=14[0m
[0;32mI (23945) forensics: [CALLBACK_HIST] fixture=0 class=attack_tail lower_us=365 n=2[0m
[0;32mI (23955) forensics: [CALLBACK_HIST] fixture=0 class=attack_tail lower_us=370 n=3[0m
[0;32mI (23955) forensics: [CALLBACK_HIST] fixture=0 class=attack_tail lower_us=385 n=1[0m
[0;32mI (23965) forensics: [CALLBACK_HIST] fixture=0 class=attack_tail lower_us=415 n=1[0m
[0;32mI (23975) forensics: [CALLBACK_HIST] fixture=0 class=attack_tail lower_us=425 n=1[0m
[0;32mI (23985) forensics: [CALLBACK_HIST] fixture=0 class=attack_tail lower_us=435 n=2[0m
[0;32mI (23995) forensics: [CURVE] model=VIBRAPHONE fixture=0 voices=1 class=event n=44 avg_us=689.27 p95_us=830 p99_us=905 p995_us=905 p999_us=905 max_us=902 deadline=0 bad_voices=0 ble_lost=0 hard=0 sat=0 bin_us=5[0m
[0;32mI (24015) forensics: [HIST] fixture=0 class=event lower_us=655 n=1[0m
[0;32mI (24015) forensics: [HIST] fixture=0 class=event lower_us=660 n=2[0m
[0;32mI (24025) forensics: [HIST] fixture=0 class=event lower_us=665 n=11[0m
[0;32mI (24035) forensics: [HIST] fixture=0 class=event lower_us=670 n=7[0m
[0;32mI (24035) forensics: [HIST] fixture=0 class=event lower_us=675 n=12[0m
[0;32mI (24045) forensics: [HIST] fixture=0 class=event lower_us=680 n=4[0m
[0;32mI (24055) forensics: [HIST] fixture=0 class=event lower_us=685 n=2[0m
[0;32mI (24055) forensics: [HIST] fixture=0 class=event lower_us=705 n=1[0m
[0;32mI (24065) forensics: [HIST] fixture=0 class=event lower_us=775 n=1[0m
[0;32mI (24075) forensics: [HIST] fixture=0 class=event lower_us=825 n=1[0m
[0;32mI (24075) forensics: [HIST] fixture=0 class=event lower_us=885 n=1[0m
[0;32mI (24085) forensics: [HIST] fixture=0 class=event lower_us=900 n=1[0m
[0;32mI (24095) forensics: [CALLBACK_CURVE] model=VIBRAPHONE fixture=0 voices=1 class=event n=44 avg_us=790.50 p95_us=940 p99_us=1075 p995_us=1075 p999_us=1075 max_us=1074 deadline=0 overhead_avg_us=101.23[0m
[0;32mI (24115) forensics: [CALLBACK_HIST] fixture=0 class=event lower_us=735 n=1[0m
[0;32mI (24115) forensics: [CALLBACK_HIST] fixture=0 class=event lower_us=745 n=3[0m
[0;32mI (24125) forensics: [CALLBACK_HIST] fixture=0 class=event lower_us=750 n=4[0m
[0;32mI (24135) forensics: [CALLBACK_HIST] fixture=0 class=event lower_us=755 n=2[0m
[0;32mI (24145) forensics: [CALLBACK_HIST] fixture=0 class=event lower_us=760 n=4[0m
[0;32mI (24145) forensics: [CALLBACK_HIST] fixture=0 class=event lower_us=765 n=2[0m
[0;32mI (24155) forensics: [CALLBACK_HIST] fixture=0 class=event lower_us=770 n=6[0m
[0;32mI (24165) forensics: [CALLBACK_HIST] fixture=0 class=event lower_us=775 n=5[0m
[0;32mI (24175) forensics: [CALLBACK_HIST] fixture=0 class=event lower_us=780 n=5[0m
[0;32mI (24185) forensics: [CALLBACK_HIST] fixture=0 class=event lower_us=785 n=2[0m
[0;32mI (24185) forensics: [CALLBACK_HIST] fixture=0 class=event lower_us=790 n=5[0m
[0;32mI (24195) forensics: [CALLBACK_HIST] fixture=0 class=event lower_us=815 n=1[0m
[0;32mI (24205) forensics: [CALLBACK_HIST] fixture=0 class=event lower_us=885 n=1[0m
[0;32mI (24215) forensics: [CALLBACK_HIST] fixture=0 class=event lower_us=935 n=1[0m
[0;32mI (24215) forensics: [CALLBACK_HIST] fixture=0 class=event lower_us=1015 n=1[0m
[0;32mI (24225) forensics: [CALLBACK_HIST] fixture=0 class=event lower_us=1070 n=1[0m
[0;32mI (24235) forensics: [CURVE] model=VIBRAPHONE fixture=0 voices=1 class=fixture_transition n=1 avg_us=968.62 p95_us=970 p99_us=970 p995_us=970 p999_us=970 max_us=969 deadline=0 bad_voices=0 ble_lost=0 hard=0 sat=0 bin_us=5[0m
[0;32mI (24255) forensics: [HIST] fixture=0 class=fixture_transition lower_us=965 n=1[0m
[0;32mI (24265) forensics: [CALLBACK_CURVE] model=VIBRAPHONE fixture=0 voices=1 class=fixture_transition n=1 avg_us=1210.00 p95_us=1215 p99_us=1215 p995_us=1215 p999_us=1215 max_us=1210 deadline=0 overhead_avg_us=241.38[0m
[0;32mI (24285) forensics: [CALLBACK_HIST] fixture=0 class=fixture_transition lower_us=1210 n=1[0m
[0;32mI (24295) forensics: [FASTPATH] fixture=0 stable8=0 attack=3[0m
[0;32mI (24295) forensics: [OVERHEAD] fixture=0 blocks=8362 model_reset_avg_us=1.86 model_reset_max_us=22 queue_avg_us=2.04 queue_max_us=37 render_avg_us=249.99 telem_avg_us=2.89 telem_max_us=74 telem_publishes=1045[0m
[0;32mI (25875) pocket_pan_main: [AUDIO] model=PAN blocks=9371 avg_us=632 p99_us=0 max_us=1331 cpu_load=23.7 deadline=0 timeout=0 tx_error=0 short=0[0m
[0;32mI (25875) pocket_pan_main: [MIDI] push=30 pop=30 drop=0 hwm=1 last=(n=64 v=75 t=78 hex=90404B)[0m
[0;32mI (25885) pocket_pan_main: [BLE] state=1 interval_ms=0.00 latency=0 rssi=0 reconnects=0 last_disconnect=0[0m
[0;32mI (25895) pocket_pan_main: [MEM] internal_free=56763 largest_internal=31744[0m
[0;32mI (25905) pocket_pan_main: [UIREDRAW] urgent=33 telemetry=93 skip=649[0m
[0;32mI (30885) pocket_pan_main: [AUDIO] model=PAN blocks=11251 avg_us=619 p99_us=900 max_us=1331 cpu_load=23.2 deadline=0 timeout=0 tx_error=0 short=0[0m
[0;32mI (30885) pocket_pan_main: [MIDI] push=37 pop=37 drop=0 hwm=1 last=(n=62 v=75 t=78 hex=903E4B)[0m
[0;32mI (30895) pocket_pan_main: [BLE] state=1 interval_ms=0.00 latency=0 rssi=0 reconnects=0 last_disconnect=0[0m
[0;32mI (30905) pocket_pan_main: [MEM] internal_free=37563 largest_internal=15872[0m
[0;32mI (30915) pocket_pan_main: [UIREDRAW] urgent=40 telemetry=113 skip=788[0m
[0;32mI (35905) pocket_pan_main: [AUDIO] model=PAN blocks=13133 avg_us=617 p99_us=900 max_us=1331 cpu_load=23.1 deadline=0 timeout=0 tx_error=0 short=0[0m
[0;32mI (35905) pocket_pan_main: [MIDI] push=44 pop=44 drop=0 hwm=1 last=(n=60 v=75 t=78 hex=903C4B)[0m
[0;32mI (35915) pocket_pan_main: [BLE] state=1 interval_ms=0.00 latency=0 rssi=0 reconnects=0 last_disconnect=0[0m
[0;32mI (35925) pocket_pan_main: [MEM] internal_free=60603 largest_internal=31744[0m
[0;32mI (35935) pocket_pan_main: [UIREDRAW] urgent=47 telemetry=131 skip=929[0m
[0;32mI (40925) pocket_pan_main: [AUDIO] model=PAN blocks=15016 avg_us=632 p99_us=900 max_us=1331 cpu_load=23.7 deadline=0 timeout=0 tx_error=0 short=0[0m
[0;32mI (40925) pocket_pan_main: [MIDI] push=50 pop=50 drop=0 hwm=1 last=(n=57 v=75 t=78 hex=90394B)[0m
[0;32mI (40935) pocket_pan_main: [BLE] state=1 interval_ms=0.00 latency=0 rssi=0 reconnects=0 last_disconnect=0[0m
[0;32mI (40945) pocket_pan_main: [MEM] internal_free=60603 largest_internal=31744[0m
[0;32mI (40955) pocket_pan_main: [UIREDRAW] urgent=53 telemetry=151 skip=1069[0m
[0;32mI (45045) forensics: [FIXTURE_IO] model=VIBRAPHONE fixture=1 avg_us=632 p99_us=900 max_us=1357 cpu_pct=23.70 deadline=0 timeouts=0 tx_errors=0 short_writes=0[0m
[0;32mI (45045) forensics: [CURVE] model=VIBRAPHONE fixture=1 voices=4 class=true_steady n=8059 avg_us=605.64 p95_us=645 p99_us=755 p995_us=775 p999_us=810 max_us=904 deadline=0 bad_voices=0 ble_lost=0 hard=0 sat=0 bin_us=5[0m
[0;32mI (45065) forensics: [HIST] fixture=1 class=true_steady lower_us=595 n=5488[0m
[0;32mI (45075) forensics: [HIST] fixture=1 class=true_steady lower_us=600 n=1036[0m
[0;32mI (45085) forensics: [HIST] fixture=1 class=true_steady lower_us=605 n=355[0m
[0;32mI (45085) forensics: [HIST] fixture=1 class=true_steady lower_us=610 n=122[0m
[0;32mI (45095) forensics: [HIST] fixture=1 class=true_steady lower_us=615 n=126[0m
[0;32mI (45105) forensics: [HIST] fixture=1 class=true_steady lower_us=620 n=102[0m
[0;32mI (45115) forensics: [HIST] fixture=1 class=true_steady lower_us=625 n=132[0m
[0;32mI (45115) forensics: [HIST] fixture=1 class=true_steady lower_us=630 n=180[0m
[0;32mI (45125) forensics: [HIST] fixture=1 class=true_steady lower_us=635 n=101[0m
[0;32mI (45135) forensics: [HIST] fixture=1 class=true_steady lower_us=640 n=62[0m
[0;32mI (45145) forensics: [HIST] fixture=1 class=true_steady lower_us=645 n=44[0m
[0;32mI (45145) forensics: [HIST] fixture=1 class=true_steady lower_us=650 n=44[0m
[0;32mI (45155) forensics: [HIST] fixture=1 class=true_steady lower_us=655 n=32[0m
[0;32mI (45165) forensics: [HIST] fixture=1 class=true_steady lower_us=660 n=30[0m
[0;32mI (45175) forensics: [HIST] fixture=1 class=true_steady lower_us=665 n=12[0m
[0;32mI (45175) forensics: [HIST] fixture=1 class=true_steady lower_us=670 n=20[0m
[0;32mI (45185) forensics: [HIST] fixture=1 class=true_steady lower_us=675 n=8[0m
[0;32mI (45195) forensics: [HIST] fixture=1 class=true_steady lower_us=680 n=4[0m
[0;32mI (45195) forensics: [HIST] fixture=1 class=true_steady lower_us=685 n=5[0m
[0;32mI (45205) forensics: [HIST] fixture=1 class=true_steady lower_us=690 n=5[0m
[0;32mI (45215) forensics: [HIST] fixture=1 class=true_steady lower_us=695 n=8[0m
[0;32mI (45225) forensics: [HIST] fixture=1 class=true_steady lower_us=700 n=6[0m
[0;32mI (45225) forensics: [HIST] fixture=1 class=true_steady lower_us=705 n=9[0m
[0;32mI (45235) forensics: [HIST] fixture=1 class=true_steady lower_us=710 n=2[0m
[0;32mI (45245) forensics: [HIST] fixture=1 class=true_steady lower_us=715 n=6[0m
[0;32mI (45255) forensics: [HIST] fixture=1 class=true_steady lower_us=720 n=3[0m
[0;32mI (45255) forensics: [HIST] fixture=1 class=true_steady lower_us=725 n=3[0m
[0;32mI (45265) forensics: [HIST] fixture=1 class=true_steady lower_us=730 n=7[0m
[0;32mI (45275) forensics: [HIST] fixture=1 class=true_steady lower_us=735 n=7[0m
[0;32mI (45285) forensics: [HIST] fixture=1 class=true_steady lower_us=740 n=3[0m
[0;32mI (45285) forensics: [HIST] fixture=1 class=true_steady lower_us=745 n=7[0m
[0;32mI (45295) forensics: [HIST] fixture=1 class=true_steady lower_us=750 n=11[0m
[0;32mI (45305) forensics: [HIST] fixture=1 class=true_steady lower_us=755 n=15[0m
[0;32mI (45315) forensics: [HIST] fixture=1 class=true_steady lower_us=760 n=13[0m
[0;32mI (45315) forensics: [HIST] fixture=1 class=true_steady lower_us=765 n=9[0m
[0;32mI (45325) forensics: [HIST] fixture=1 class=true_steady lower_us=770 n=12[0m
[0;32mI (45335) forensics: [HIST] fixture=1 class=true_steady lower_us=775 n=11[0m
[0;32mI (45345) forensics: [HIST] fixture=1 class=true_steady lower_us=780 n=5[0m
[0;32mI (45345) forensics: [HIST] fixture=1 class=true_steady lower_us=785 n=2[0m
[0;32mI (45355) forensics: [HIST] fixture=1 class=true_steady lower_us=790 n=1[0m
[0;32mI (45365) forensics: [HIST] fixture=1 class=true_steady lower_us=795 n=1[0m
[0;32mI (45375) forensics: [HIST] fixture=1 class=true_steady lower_us=800 n=1[0m
[0;32mI (45375) forensics: [HIST] fixture=1 class=true_steady lower_us=805 n=1[0m
[0;32mI (45385) forensics: [HIST] fixture=1 class=true_steady lower_us=815 n=1[0m
[0;32mI (45395) forensics: [HIST] fixture=1 class=true_steady lower_us=820 n=1[0m
[0;32mI (45395) forensics: [HIST] fixture=1 class=true_steady lower_us=830 n=1[0m
[0;32mI (45405) forensics: [HIST] fixture=1 class=true_steady lower_us=835 n=1[0m
[0;32mI (45415) forensics: [HIST] fixture=1 class=true_steady lower_us=850 n=1[0m
[0;32mI (45425) forensics: [HIST] fixture=1 class=true_steady lower_us=860 n=1[0m
[0;32mI (45425) forensics: [HIST] fixture=1 class=true_steady lower_us=895 n=1[0m
[0;32mI (45435) forensics: [HIST] fixture=1 class=true_steady lower_us=900 n=1[0m
[0;32mI (45445) forensics: [CALLBACK_CURVE] model=VIBRAPHONE fixture=1 voices=4 class=true_steady n=8059 avg_us=621.70 p95_us=680 p99_us=850 p995_us=875 p999_us=950 max_us=1062 deadline=0 overhead_avg_us=16.06[0m
[0;32mI (45465) forensics: [CALLBACK_HIST] fixture=1 class=true_steady lower_us=265 n=1[0m
[0;32mI (45475) forensics: [CALLBACK_HIST] fixture=1 class=true_steady lower_us=605 n=4650[0m
[0;32mI (45475) forensics: [CALLBACK_HIST] fixture=1 class=true_steady lower_us=610 n=1019[0m
[0;32mI (45485) forensics: [CALLBACK_HIST] fixture=1 class=true_steady lower_us=615 n=519[0m
[0;32mI (45495) forensics: [CALLBACK_HIST] fixture=1 class=true_steady lower_us=620 n=273[0m
[0;32mI (45505) forensics: [CALLBACK_HIST] fixture=1 class=true_steady lower_us=625 n=180[0m
[0;32mI (45515) forensics: [CALLBACK_HIST] fixture=1 class=true_steady lower_us=630 n=146[0m
[0;32mI (45525) forensics: [CALLBACK_HIST] fixture=1 class=true_steady lower_us=635 n=105[0m
[0;32mI (45525) forensics: [CALLBACK_HIST] fixture=1 class=true_steady lower_us=640 n=101[0m
[0;32mI (45535) forensics: [CALLBACK_HIST] fixture=1 class=true_steady lower_us=645 n=91[0m
[0;32mI (45545) forensics: [CALLBACK_HIST] fixture=1 class=true_steady lower_us=650 n=98[0m
[0;32mI (45555) forensics: [CALLBACK_HIST] fixture=1 class=true_steady lower_us=655 n=124[0m
[0;32mI (45565) forensics: [CALLBACK_HIST] fixture=1 class=true_steady lower_us=660 n=104[0m
[0;32mI (45575) forensics: [CALLBACK_HIST] fixture=1 class=true_steady lower_us=665 n=104[0m
[0;32mI (45575) forensics: [CALLBACK_HIST] fixture=1 class=true_steady lower_us=670 n=88[0m
[0;32mI (45585) forensics: [CALLBACK_HIST] fixture=1 class=true_steady lower_us=675 n=55[0m
[0;32mI (45595) forensics: [CALLBACK_HIST] fixture=1 class=true_steady lower_us=680 n=35[0m
[0;32mI (45605) forensics: [CALLBACK_HIST] fixture=1 class=true_steady lower_us=685 n=32[0m
[0;32mI (45615) forensics: [CALLBACK_HIST] fixture=1 class=true_steady lower_us=690 n=42[0m
[0;32mI (45625) forensics: [CALLBACK_HIST] fixture=1 class=true_steady lower_us=695 n=20[0m
[0;32mI (45625) forensics: [CALLBACK_HIST] fixture=1 class=true_steady lower_us=700 n=18[0m
[0;32mI (45635) forensics: [CALLBACK_HIST] fixture=1 class=true_steady lower_us=705 n=22[0m
[0;32mI (45645) forensics: [CALLBACK_HIST] fixture=1 class=true_steady lower_us=710 n=18[0m
[0;32mI (45655) forensics: [CALLBACK_HIST] fixture=1 class=true_steady lower_us=715 n=18[0m
[0;32mI (45665) forensics: [CALLBACK_HIST] fixture=1 class=true_steady lower_us=720 n=11[0m
[0;32mI (45665) forensics: [CALLBACK_HIST] fixture=1 class=true_steady lower_us=725 n=5[0m
[0;32mI (45675) forensics: [CALLBACK_HIST] fixture=1 class=true_steady lower_us=730 n=8[0m
[0;32mI (45685) forensics: [CALLBACK_HIST] fixture=1 class=true_steady lower_us=735 n=4[0m
[0;32mI (45695) forensics: [CALLBACK_HIST] fixture=1 class=true_steady lower_us=740 n=5[0m
[0;32mI (45705) forensics: [CALLBACK_HIST] fixture=1 class=true_steady lower_us=745 n=3[0m
[0;32mI (45715) forensics: [CALLBACK_HIST] fixture=1 class=true_steady lower_us=750 n=5[0m
[0;32mI (45715) forensics: [CALLBACK_HIST] fixture=1 class=true_steady lower_us=755 n=3[0m
[0;32mI (45725) forensics: [CALLBACK_HIST] fixture=1 class=true_steady lower_us=760 n=5[0m
[0;32mI (45735) forensics: [CALLBACK_HIST] fixture=1 class=true_steady lower_us=765 n=4[0m
[0;32mI (45745) forensics: [CALLBACK_HIST] fixture=1 class=true_steady lower_us=770 n=13[0m
[0;32mI (45755) forensics: [CALLBACK_HIST] fixture=1 class=true_steady lower_us=775 n=2[0m
[0;32mI (45755) forensics: [CALLBACK_HIST] fixture=1 class=true_steady lower_us=780 n=4[0m
[0;32mI (45765) forensics: [CALLBACK_HIST] fixture=1 class=true_steady lower_us=785 n=3[0m
[0;32mI (45775) forensics: [CALLBACK_HIST] fixture=1 class=true_steady lower_us=790 n=2[0m
[0;32mI (45785) forensics: [CALLBACK_HIST] fixture=1 class=true_steady lower_us=795 n=4[0m
[0;32mI (45795) forensics: [CALLBACK_HIST] fixture=1 class=true_steady lower_us=800 n=5[0m
[0;32mI (45805) forensics: [CALLBACK_HIST] fixture=1 class=true_steady lower_us=805 n=1[0m
[0;32mI (45805) forensics: [CALLBACK_HIST] fixture=1 class=true_steady lower_us=810 n=4[0m
[0;32mI (45815) forensics: [CALLBACK_HIST] fixture=1 class=true_steady lower_us=815 n=4[0m
[0;32mI (45825) forensics: [CALLBACK_HIST] fixture=1 class=true_steady lower_us=820 n=2[0m
[0;32mI (45835) forensics: [CALLBACK_HIST] fixture=1 class=true_steady lower_us=825 n=3[0m
[0;32mI (45845) forensics: [CALLBACK_HIST] fixture=1 class=true_steady lower_us=830 n=5[0m
[0;32mI (45845) forensics: [CALLBACK_HIST] fixture=1 class=true_steady lower_us=835 n=4[0m
[0;32mI (45855) forensics: [CALLBACK_HIST] fixture=1 class=true_steady lower_us=840 n=5[0m
[0;32mI (45865) forensics: [CALLBACK_HIST] fixture=1 class=true_steady lower_us=845 n=3[0m
[0;32mI (45875) forensics: [CALLBACK_HIST] fixture=1 class=true_steady lower_us=850 n=6[0m
[0;32mI (45885) forensics: [CALLBACK_HIST] fixture=1 class=true_steady lower_us=855 n=7[0m
[0;32mI (45895) forensics: [CALLBACK_HIST] fixture=1 class=true_steady lower_us=860 n=7[0m
[0;32mI (45895) forensics: [CALLBACK_HIST] fixture=1 class=true_steady lower_us=865 n=6[0m
[0;32mI (45905) forensics: [CALLBACK_HIST] fixture=1 class=true_steady lower_us=870 n=14[0m
[0;32mI (45915) forensics: [CALLBACK_HIST] fixture=1 class=true_steady lower_us=875 n=7[0m
[0;32mI (45925) forensics: [CALLBACK_HIST] fixture=1 class=true_steady lower_us=880 n=2[0m
[0;32mI (45935) forensics: [CALLBACK_HIST] fixture=1 class=true_steady lower_us=885 n=2[0m
[0;32mI (45935) forensics: [CALLBACK_HIST] fixture=1 class=true_steady lower_us=890 n=2[0m
[0;32mI (45945) forensics: [CALLBACK_HIST] fixture=1 class=true_steady lower_us=895 n=1[0m
[0;32mI (45955) forensics: [CALLBACK_HIST] fixture=1 class=true_steady lower_us=900 n=3[0m
[0;32mI (45965) forensics: [CALLBACK_HIST] fixture=1 class=true_steady lower_us=905 n=2[0m
[0;32mI (45975) forensics: [CALLBACK_HIST] fixture=1 class=true_steady lower_us=910 n=3[0m
[0;32mI (45975) forensics: [CALLBACK_HIST] fixture=1 class=true_steady lower_us=915 n=1[0m
[0;32mI (45985) forensics: [CALLBACK_HIST] fixture=1 class=true_steady lower_us=920 n=2[0m
[0;32mI (45995) forensics: [CALLBACK_HIST] fixture=1 class=true_steady lower_us=925 n=1[0m
[0;32mI (46005) forensics: [CALLBACK_HIST] fixture=1 class=true_steady lower_us=930 n=1[0m
[0;32mI (46015) forensics: [CALLBACK_HIST] fixture=1 class=true_steady lower_us=935 n=1[0m
[0;32mI (46025) forensics: [CALLBACK_HIST] fixture=1 class=true_steady lower_us=940 n=2[0m
[0;32mI (46025) forensics: [CALLBACK_HIST] fixture=1 class=true_steady lower_us=945 n=3[0m
[0;32mI (46035) forensics: [CALLBACK_HIST] fixture=1 class=true_steady lower_us=950 n=3[0m
[0;32mI (46045) forensics: [CALLBACK_HIST] fixture=1 class=true_steady lower_us=955 n=1[0m
[0;32mI (46055) forensics: [CALLBACK_HIST] fixture=1 class=true_steady lower_us=1035 n=1[0m
[0;32mI (46065) forensics: [CALLBACK_HIST] fixture=1 class=true_steady lower_us=1060 n=1[0m
[0;32mI (46065) forensics: [CURVE] model=VIBRAPHONE fixture=1 voices=4 class=attack_tail n=88 avg_us=795.02 p95_us=960 p99_us=1080 p995_us=1080 p999_us=1080 max_us=1078 deadline=0 bad_voices=0 ble_lost=0 hard=0 sat=0 bin_us=5[0m
[0;32mI (46095) forensics: [HIST] fixture=1 class=attack_tail lower_us=675 n=24[0m
[0;32mI (46095) forensics: [HIST] fixture=1 class=attack_tail lower_us=680 n=11[0m
[0;32mI (46105) forensics: [HIST] fixture=1 class=attack_tail lower_us=685 n=4[0m
[0;32mI (46115) forensics: [HIST] fixture=1 class=attack_tail lower_us=690 n=3[0m
[0;32mI (46115) forensics: [HIST] fixture=1 class=attack_tail lower_us=700 n=1[0m
[0;32mI (46125) forensics: [HIST] fixture=1 class=attack_tail lower_us=725 n=1[0m
[0;32mI (46135) forensics: [HIST] fixture=1 class=attack_tail lower_us=870 n=3[0m
[0;32mI (46145) forensics: [HIST] fixture=1 class=attack_tail lower_us=875 n=4[0m
[0;32mI (46145) forensics: [HIST] fixture=1 class=attack_tail lower_us=880 n=5[0m
[0;32mI (46155) forensics: [HIST] fixture=1 class=attack_tail lower_us=885 n=10[0m
[0;32mI (46165) forensics: [HIST] fixture=1 class=attack_tail lower_us=890 n=4[0m
[0;32mI (46175) forensics: [HIST] fixture=1 class=attack_tail lower_us=895 n=4[0m
[0;32mI (46175) forensics: [HIST] fixture=1 class=attack_tail lower_us=900 n=2[0m
[0;32mI (46185) forensics: [HIST] fixture=1 class=attack_tail lower_us=910 n=1[0m
[0;32mI (46195) forensics: [HIST] fixture=1 class=attack_tail lower_us=920 n=1[0m
[0;32mI (46205) forensics: [HIST] fixture=1 class=attack_tail lower_us=940 n=2[0m
[0;32mI (46205) forensics: [HIST] fixture=1 class=attack_tail lower_us=945 n=1[0m
[0;32mI (46215) forensics: [HIST] fixture=1 class=attack_tail lower_us=950 n=1[0m
[0;32mI (46225) forensics: [HIST] fixture=1 class=attack_tail lower_us=955 n=2[0m
[0;32mI (46235) forensics: [HIST] fixture=1 class=attack_tail lower_us=960 n=1[0m
[0;32mI (46235) forensics: [HIST] fixture=1 class=attack_tail lower_us=970 n=1[0m
[0;32mI (46245) forensics: [HIST] fixture=1 class=attack_tail lower_us=1030 n=1[0m
[0;32mI (46255) forensics: [HIST] fixture=1 class=attack_tail lower_us=1075 n=1[0m
[0;32mI (46265) forensics: [CALLBACK_CURVE] model=VIBRAPHONE fixture=1 voices=4 class=attack_tail n=88 avg_us=821.39 p95_us=1025 p99_us=1205 p995_us=1205 p999_us=1205 max_us=1203 deadline=0 overhead_avg_us=26.36[0m
[0;32mI (46275) forensics: [CALLBACK_HIST] fixture=1 class=attack_tail lower_us=685 n=21[0m
[0;32mI (46285) forensics: [CALLBACK_HIST] fixture=1 class=attack_tail lower_us=690 n=14[0m
[0;32mI (46295) forensics: [CALLBACK_HIST] fixture=1 class=attack_tail lower_us=695 n=2[0m
[0;32mI (46305) forensics: [CALLBACK_HIST] fixture=1 class=attack_tail lower_us=700 n=1[0m
[0;32mI (46315) forensics: [CALLBACK_HIST] fixture=1 class=attack_tail lower_us=705 n=1[0m
[0;32mI (46325) forensics: [CALLBACK_HIST] fixture=1 class=attack_tail lower_us=710 n=2[0m
[0;32mI (46325) forensics: [CALLBACK_HIST] fixture=1 class=attack_tail lower_us=725 n=1[0m
[0;32mI (46335) forensics: [CALLBACK_HIST] fixture=1 class=attack_tail lower_us=735 n=1[0m
[0;32mI (46345) forensics: [CALLBACK_HIST] fixture=1 class=attack_tail lower_us=785 n=1[0m
[0;32mI (46355) forensics: [CALLBACK_HIST] fixture=1 class=attack_tail lower_us=885 n=1[0m
[0;32mI (46365) forensics: [CALLBACK_HIST] fixture=1 class=attack_tail lower_us=890 n=4[0m
[0;32mI (46365) forensics: [CALLBACK_HIST] fixture=1 class=attack_tail lower_us=895 n=3[0m
[0;32mI (46375) forensics: [CALLBACK_HIST] fixture=1 class=attack_tail lower_us=900 n=1[0m
[0;32mI (46385) forensics: [CALLBACK_HIST] fixture=1 class=attack_tail lower_us=905 n=3[0m
[0;32mI (46395) forensics: [CALLBACK_HIST] fixture=1 class=attack_tail lower_us=910 n=4[0m
[0;32mI (46405) forensics: [CALLBACK_HIST] fixture=1 class=attack_tail lower_us=915 n=4[0m
[0;32mI (46405) forensics: [CALLBACK_HIST] fixture=1 class=attack_tail lower_us=920 n=4[0m
[0;32mI (46415) forensics: [CALLBACK_HIST] fixture=1 class=attack_tail lower_us=925 n=3[0m
[0;32mI (46425) forensics: [CALLBACK_HIST] fixture=1 class=attack_tail lower_us=930 n=4[0m
[0;32mI (46435) forensics: [CALLBACK_HIST] fixture=1 class=attack_tail lower_us=945 n=1[0m
[0;32mI (46445) forensics: [CALLBACK_HIST] fixture=1 class=attack_tail lower_us=960 n=1[0m
[0;32mI (46455) forensics: [CALLBACK_HIST] fixture=1 class=attack_tail lower_us=965 n=1[0m
[0;32mI (46455) forensics: [CALLBACK_HIST] fixture=1 class=attack_tail lower_us=980 n=1[0m
[0;32mI (46465) forensics: [CALLBACK_HIST] fixture=1 class=attack_tail lower_us=995 n=1[0m
[0;32mI (46475) forensics: [CALLBACK_HIST] fixture=1 class=attack_tail lower_us=1005 n=2[0m
[0;32mI (46485) forensics: [CALLBACK_HIST] fixture=1 class=attack_tail lower_us=1015 n=1[0m
[0;32mI (46495) forensics: [CALLBACK_HIST] fixture=1 class=attack_tail lower_us=1020 n=1[0m
[0;32mI (46495) forensics: [CALLBACK_HIST] fixture=1 class=attack_tail lower_us=1045 n=1[0m
[0;32mI (46505) forensics: [CALLBACK_HIST] fixture=1 class=attack_tail lower_us=1070 n=1[0m
[0;32mI (46515) forensics: [CALLBACK_HIST] fixture=1 class=attack_tail lower_us=1170 n=1[0m
[0;32mI (46525) forensics: [CALLBACK_HIST] fixture=1 class=attack_tail lower_us=1200 n=1[0m
[0;32mI (46535) forensics: [CURVE] model=VIBRAPHONE fixture=1 voices=4 class=event n=44 avg_us=1178.19 p95_us=1215 p99_us=1250 p995_us=1250 p999_us=1250 max_us=1248 deadline=0 bad_voices=0 ble_lost=0 hard=0 sat=0 bin_us=5[0m
[0;32mI (46555) forensics: [HIST] fixture=1 class=event lower_us=1130 n=2[0m
[0;32mI (46555) forensics: [HIST] fixture=1 class=event lower_us=1140 n=1[0m
[0;32mI (46565) forensics: [HIST] fixture=1 class=event lower_us=1145 n=3[0m
[0;32mI (46575) forensics: [HIST] fixture=1 class=event lower_us=1150 n=1[0m
[0;32mI (46585) forensics: [HIST] fixture=1 class=event lower_us=1155 n=3[0m
[0;32mI (46585) forensics: [HIST] fixture=1 class=event lower_us=1160 n=1[0m
[0;32mI (46595) forensics: [HIST] fixture=1 class=event lower_us=1165 n=1[0m
[0;32mI (46605) forensics: [HIST] fixture=1 class=event lower_us=1170 n=3[0m
[0;32mI (46605) forensics: [HIST] fixture=1 class=event lower_us=1175 n=7[0m
[0;32mI (46615) forensics: [HIST] fixture=1 class=event lower_us=1180 n=4[0m
[0;32mI (46625) forensics: [HIST] fixture=1 class=event lower_us=1185 n=7[0m
[0;32mI (46625) forensics: [HIST] fixture=1 class=event lower_us=1190 n=3[0m
[0;32mI (46635) forensics: [HIST] fixture=1 class=event lower_us=1195 n=2[0m
[0;32mI (46645) forensics: [HIST] fixture=1 class=event lower_us=1205 n=3[0m
[0;32mI (46645) forensics: [HIST] fixture=1 class=event lower_us=1210 n=1[0m
[0;32mI (46655) forensics: [HIST] fixture=1 class=event lower_us=1215 n=1[0m
[0;32mI (46665) forensics: [HIST] fixture=1 class=event lower_us=1245 n=1[0m
[0;32mI (46675) forensics: [CALLBACK_CURVE] model=VIBRAPHONE fixture=1 voices=4 class=event n=44 avg_us=1271.75 p95_us=1325 p99_us=1360 p995_us=1360 p999_us=1360 max_us=1357 deadline=0 overhead_avg_us=93.56[0m
[0;32mI (46685) forensics: [CALLBACK_HIST] fixture=1 class=event lower_us=1205 n=2[0m
[0;32mI (46695) forensics: [CALLBACK_HIST] fixture=1 class=event lower_us=1210 n=1[0m
[0;32mI (46705) forensics: [CALLBACK_HIST] fixture=1 class=event lower_us=1215 n=2[0m
[0;32mI (46715) forensics: [CALLBACK_HIST] fixture=1 class=event lower_us=1230 n=1[0m
[0;32mI (46715) forensics: [CALLBACK_HIST] fixture=1 class=event lower_us=1235 n=3[0m
[0;32mI (46725) forensics: [CALLBACK_HIST] fixture=1 class=event lower_us=1240 n=1[0m
[0;32mI (46735) forensics: [CALLBACK_HIST] fixture=1 class=event lower_us=1250 n=1[0m
[0;32mI (46745) forensics: [CALLBACK_HIST] fixture=1 class=event lower_us=1260 n=2[0m
[0;32mI (46755) forensics: [CALLBACK_HIST] fixture=1 class=event lower_us=1265 n=3[0m
[0;32mI (46755) forensics: [CALLBACK_HIST] fixture=1 class=event lower_us=1270 n=5[0m
[0;32mI (46765) forensics: [CALLBACK_HIST] fixture=1 class=event lower_us=1275 n=4[0m
[0;32mI (46775) forensics: [CALLBACK_HIST] fixture=1 class=event lower_us=1280 n=5[0m
[0;32mI (46785) forensics: [CALLBACK_HIST] fixture=1 class=event lower_us=1285 n=3[0m
[0;32mI (46785) forensics: [CALLBACK_HIST] fixture=1 class=event lower_us=1290 n=1[0m
[0;32mI (46795) forensics: [CALLBACK_HIST] fixture=1 class=event lower_us=1295 n=5[0m
[0;32mI (46805) forensics: [CALLBACK_HIST] fixture=1 class=event lower_us=1310 n=2[0m
[0;32mI (46815) forensics: [CALLBACK_HIST] fixture=1 class=event lower_us=1320 n=1[0m
[0;32mI (46825) forensics: [CALLBACK_HIST] fixture=1 class=event lower_us=1330 n=1[0m
[0;32mI (46825) forensics: [CALLBACK_HIST] fixture=1 class=event lower_us=1355 n=1[0m
[0;32mI (46835) forensics: [CURVE] model=VIBRAPHONE fixture=1 voices=4 class=fixture_transition n=1 avg_us=463.04 p95_us=465 p99_us=465 p995_us=465 p999_us=465 max_us=464 deadline=0 bad_voices=0 ble_lost=0 hard=0 sat=0 bin_us=5[0m
[0;32mI (46855) forensics: [HIST] fixture=1 class=fixture_transition lower_us=460 n=1[0m
[0;32mI (46865) forensics: [CALLBACK_CURVE] model=VIBRAPHONE fixture=1 voices=4 class=fixture_transition n=1 avg_us=504.00 p95_us=505 p99_us=505 p995_us=505 p999_us=505 max_us=504 deadline=0 overhead_avg_us=40.96[0m
[0;32mI (46885) forensics: [CALLBACK_HIST] fixture=1 class=fixture_transition lower_us=500 n=1[0m
[0;32mI (46895) forensics: [FASTPATH] fixture=1 stable8=0 attack=12[0m
[0;32mI (46895) forensics: [OVERHEAD] fixture=1 blocks=8192 model_reset_avg_us=2.01 model_reset_max_us=25 queue_avg_us=2.92 queue_max_us=42 render_avg_us=615.81 telem_avg_us=3.75 telem_max_us=91 telem_publishes=1024[0m
[0;32mI (46945) pocket_pan_main: [AUDIO] model=PAN blocks=17273 avg_us=1096 p99_us=0 max_us=2111 cpu_load=41.1 deadline=0 timeout=0 tx_error=0 short=0[0m
[0;32mI (46945) pocket_pan_main: [MIDI] push=56 pop=56 drop=0 hwm=1 last=(n=69 v=75 t=78 hex=90454B)[0m
[0;32mI (46955) pocket_pan_main: [BLE] state=1 interval_ms=0.00 latency=0 rssi=0 reconnects=0 last_disconnect=0[0m
[0;32mI (46965) pocket_pan_main: [MEM] internal_free=37563 largest_internal=15872[0m
[0;32mI (46975) pocket_pan_main: [UIREDRAW] urgent=60 telemetry=167 skip=1183[0m
[0;32mI (51965) pocket_pan_main: [AUDIO] model=PAN blocks=19154 avg_us=1101 p99_us=1625 max_us=2148 cpu_load=41.3 deadline=0 timeout=0 tx_error=0 short=0[0m
[0;32mI (51965) pocket_pan_main: [MIDI] push=63 pop=63 drop=0 hwm=1 last=(n=65 v=75 t=78 hex=90414B)[0m
[0;32mI (51975) pocket_pan_main: [BLE] state=1 interval_ms=0.00 latency=0 rssi=0 reconnects=0 last_disconnect=0[0m
[0;32mI (51985) pocket_pan_main: [MEM] internal_free=60603 largest_internal=31744[0m
[0;32mI (51995) pocket_pan_main: [UIREDRAW] urgent=67 telemetry=187 skip=1322[0m
[0;32mI (56975) pocket_pan_main: [AUDIO] model=PAN blocks=21034 avg_us=1101 p99_us=1625 max_us=2148 cpu_load=41.3 deadline=0 timeout=0 tx_error=0 short=0[0m
[0;32mI (56975) pocket_pan_main: [MIDI] push=69 pop=69 drop=0 hwm=1 last=(n=62 v=75 t=78 hex=903E4B)[0m
[0;32mI (56985) pocket_pan_main: [BLE] state=1 interval_ms=0.00 latency=0 rssi=0 reconnects=0 last_disconnect=0[0m
[0;32mI (56995) pocket_pan_main: [MEM] internal_free=60603 largest_internal=31744[0m
[0;32mI (57005) pocket_pan_main: [UIREDRAW] urgent=73 telemetry=207 skip=1462[0m
[0;32mI (61995) pocket_pan_main: [AUDIO] model=PAN blocks=22917 avg_us=1101 p99_us=1625 max_us=2148 cpu_load=41.3 deadline=0 timeout=0 tx_error=0 short=0[0m
[0;32mI (61995) pocket_pan_main: [MIDI] push=76 pop=76 drop=0 hwm=1 last=(n=60 v=75 t=78 hex=903C4B)[0m
[0;32mI (62005) pocket_pan_main: [BLE] state=1 interval_ms=0.00 latency=0 rssi=0 reconnects=0 last_disconnect=0[0m
[0;32mI (62015) pocket_pan_main: [MEM] internal_free=56763 largest_internal=31744[0m
[0;32mI (62025) pocket_pan_main: [UIREDRAW] urgent=80 telemetry=227 skip=1601[0m
[0;32mI (66895) forensics: [FIXTURE_IO] model=VIBRAPHONE fixture=2 avg_us=1098 p99_us=1625 max_us=2193 cpu_pct=41.17 deadline=0 timeouts=0 tx_errors=0 short_writes=0[0m
[0;32mI (66895) forensics: [CURVE] model=VIBRAPHONE fixture=2 voices=8 class=true_steady n=8059 avg_us=1068.51 p95_us=1110 p99_us=1195 p995_us=1225 p999_us=1265 max_us=1305 deadline=0 bad_voices=0 ble_lost=0 hard=0 sat=0 bin_us=5[0m
[0;32mI (66925) forensics: [HIST] fixture=2 class=true_steady lower_us=1060 n=5748[0m
[0;32mI (66925) forensics: [HIST] fixture=2 class=true_steady lower_us=1065 n=855[0m
[0;32mI (66935) forensics: [HIST] fixture=2 class=true_steady lower_us=1070 n=240[0m
[0;32mI (66945) forensics: [HIST] fixture=2 class=true_steady lower_us=1075 n=148[0m
[0;32mI (66955) forensics: [HIST] fixture=2 class=true_steady lower_us=1080 n=164[0m
[0;32mI (66955) forensics: [HIST] fixture=2 class=true_steady lower_us=1085 n=155[0m
[0;32mI (66965) forensics: [HIST] fixture=2 class=true_steady lower_us=1090 n=157[0m
[0;32mI (66975) forensics: [HIST] fixture=2 class=true_steady lower_us=1095 n=121[0m
[0;32mI (66985) forensics: [HIST] fixture=2 class=true_steady lower_us=1100 n=68[0m
[0;32mI (66985) forensics: [HIST] fixture=2 class=true_steady lower_us=1105 n=52[0m
[0;32mI (66995) forensics: [HIST] fixture=2 class=true_steady lower_us=1110 n=53[0m
[0;32mI (67005) forensics: [HIST] fixture=2 class=true_steady lower_us=1115 n=46[0m
[0;32mI (67015) forensics: [HIST] fixture=2 class=true_steady lower_us=1120 n=34[0m
[0;32mI (67015) forensics: [HIST] fixture=2 class=true_steady lower_us=1125 n=21[0m
[0;32mI (67025) forensics: [HIST] fixture=2 class=true_steady lower_us=1130 n=27[0m
[0;32mI (67035) forensics: [HIST] fixture=2 class=true_steady lower_us=1135 n=16[0m
[0;32mI (67045) forensics: [HIST] fixture=2 class=true_steady lower_us=1140 n=6[0m
[0;32mI (67045) forensics: [HIST] fixture=2 class=true_steady lower_us=1145 n=3[0m
[0;32mI (67055) forensics: [HIST] fixture=2 class=true_steady lower_us=1150 n=6[0m
[0;32mI (67065) forensics: [HIST] fixture=2 class=true_steady lower_us=1155 n=5[0m
[0;32mI (67075) forensics: [HIST] fixture=2 class=true_steady lower_us=1160 n=7[0m
[0;32mI (67075) forensics: [HIST] fixture=2 class=true_steady lower_us=1165 n=10[0m
[0;32mI (67085) forensics: [HIST] fixture=2 class=true_steady lower_us=1170 n=7[0m
[0;32mI (67095) forensics: [HIST] fixture=2 class=true_steady lower_us=1175 n=11[0m
[0;32mI (67105) forensics: [HIST] fixture=2 class=true_steady lower_us=1180 n=7[0m
[0;32mI (67105) forensics: [HIST] fixture=2 class=true_steady lower_us=1185 n=10[0m
[0;32mI (67115) forensics: [HIST] fixture=2 class=true_steady lower_us=1190 n=7[0m
[0;32mI (67125) forensics: [HIST] fixture=2 class=true_steady lower_us=1195 n=4[0m
[0;32mI (67135) forensics: [HIST] fixture=2 class=true_steady lower_us=1200 n=4[0m
[0;32mI (67135) forensics: [HIST] fixture=2 class=true_steady lower_us=1205 n=4[0m
[0;32mI (67145) forensics: [HIST] fixture=2 class=true_steady lower_us=1210 n=6[0m
[0;32mI (67155) forensics: [HIST] fixture=2 class=true_steady lower_us=1215 n=10[0m
[0;32mI (67165) forensics: [HIST] fixture=2 class=true_steady lower_us=1220 n=9[0m
[0;32mI (67165) forensics: [HIST] fixture=2 class=true_steady lower_us=1225 n=7[0m
[0;32mI (67175) forensics: [HIST] fixture=2 class=true_steady lower_us=1230 n=4[0m
[0;32mI (67185) forensics: [HIST] fixture=2 class=true_steady lower_us=1235 n=6[0m
[0;32mI (67195) forensics: [HIST] fixture=2 class=true_steady lower_us=1240 n=2[0m
[0;32mI (67195) forensics: [HIST] fixture=2 class=true_steady lower_us=1245 n=4[0m
[0;32mI (67205) forensics: [HIST] fixture=2 class=true_steady lower_us=1250 n=3[0m
[0;32mI (67215) forensics: [HIST] fixture=2 class=true_steady lower_us=1255 n=1[0m
[0;32mI (67225) forensics: [HIST] fixture=2 class=true_steady lower_us=1260 n=5[0m
[0;32mI (67225) forensics: [HIST] fixture=2 class=true_steady lower_us=1265 n=1[0m
[0;32mI (67235) forensics: [HIST] fixture=2 class=true_steady lower_us=1270 n=1[0m
[0;32mI (67245) forensics: [HIST] fixture=2 class=true_steady lower_us=1290 n=1[0m
[0;32mI (67255) forensics: [HIST] fixture=2 class=true_steady lower_us=1295 n=1[0m
[0;32mI (67255) forensics: [HIST] fixture=2 class=true_steady lower_us=1300 n=1[0m
[0;32mI (67265) forensics: [HIST] fixture=2 class=true_steady lower_us=1305 n=1[0m
[0;32mI (67275) forensics: [CALLBACK_CURVE] model=VIBRAPHONE fixture=2 voices=8 class=true_steady n=8059 avg_us=1084.45 p95_us=1140 p99_us=1270 p995_us=1315 p999_us=1370 max_us=1419 deadline=0 overhead_avg_us=15.94[0m
[0;32mI (67295) forensics: [CALLBACK_HIST] fixture=2 class=true_steady lower_us=615 n=1[0m
[0;32mI (67305) forensics: [CALLBACK_HIST] fixture=2 class=true_steady lower_us=1065 n=3441[0m
[0;32mI (67305) forensics: [CALLBACK_HIST] fixture=2 class=true_steady lower_us=1070 n=1353[0m
[0;32mI (67315) forensics: [CALLBACK_HIST] fixture=2 class=true_steady lower_us=1075 n=866[0m
[0;32mI (67325) forensics: [CALLBACK_HIST] fixture=2 class=true_steady lower_us=1080 n=379[0m
[0;32mI (67335) forensics: [CALLBACK_HIST] fixture=2 class=true_steady lower_us=1085 n=283[0m
[0;32mI (67345) forensics: [CALLBACK_HIST] fixture=2 class=true_steady lower_us=1090 n=241[0m
[0;32mI (67355) forensics: [CALLBACK_HIST] fixture=2 class=true_steady lower_us=1095 n=203[0m
[0;32mI (67365) forensics: [CALLBACK_HIST] fixture=2 class=true_steady lower_us=1100 n=172[0m
[0;32mI (67365) forensics: [CALLBACK_HIST] fixture=2 class=true_steady lower_us=1105 n=148[0m
[0;32mI (67375) forensics: [CALLBACK_HIST] fixture=2 class=true_steady lower_us=1110 n=130[0m
[0;32mI (67385) forensics: [CALLBACK_HIST] fixture=2 class=true_steady lower_us=1115 n=121[0m
[0;32mI (67395) forensics: [CALLBACK_HIST] fixture=2 class=true_steady lower_us=1120 n=111[0m
[0;32mI (67405) forensics: [CALLBACK_HIST] fixture=2 class=true_steady lower_us=1125 n=104[0m
[0;32mI (67415) forensics: [CALLBACK_HIST] fixture=2 class=true_steady lower_us=1130 n=56[0m
[0;32mI (67415) forensics: [CALLBACK_HIST] fixture=2 class=true_steady lower_us=1135 n=70[0m
[0;32mI (67425) forensics: [CALLBACK_HIST] fixture=2 class=true_steady lower_us=1140 n=45[0m
[0;32mI (67435) forensics: [CALLBACK_HIST] fixture=2 class=true_steady lower_us=1145 n=26[0m
[0;32mI (67445) forensics: [CALLBACK_HIST] fixture=2 class=true_steady lower_us=1150 n=26[0m
[0;32mI (67455) forensics: [CALLBACK_HIST] fixture=2 class=true_steady lower_us=1155 n=22[0m
[0;32mI (67465) forensics: [CALLBACK_HIST] fixture=2 class=true_steady lower_us=1160 n=27[0m
[0;32mI (67465) forensics: [CALLBACK_HIST] fixture=2 class=true_steady lower_us=1165 n=21[0m
[0;32mI (67475) forensics: [CALLBACK_HIST] fixture=2 class=true_steady lower_us=1170 n=15[0m
[0;32mI (67485) forensics: [CALLBACK_HIST] fixture=2 class=true_steady lower_us=1175 n=17[0m
[0;32mI (67495) forensics: [CALLBACK_HIST] fixture=2 class=true_steady lower_us=1180 n=11[0m
[0;32mI (67505) forensics: [CALLBACK_HIST] fixture=2 class=true_steady lower_us=1185 n=4[0m
[0;32mI (67515) forensics: [CALLBACK_HIST] fixture=2 class=true_steady lower_us=1190 n=5[0m
[0;32mI (67515) forensics: [CALLBACK_HIST] fixture=2 class=true_steady lower_us=1195 n=7[0m
[0;32mI (67525) forensics: [CALLBACK_HIST] fixture=2 class=true_steady lower_us=1200 n=3[0m
[0;32mI (67535) forensics: [CALLBACK_HIST] fixture=2 class=true_steady lower_us=1205 n=4[0m
[0;32mI (67545) forensics: [CALLBACK_HIST] fixture=2 class=true_steady lower_us=1210 n=3[0m
[0;32mI (67555) forensics: [CALLBACK_HIST] fixture=2 class=true_steady lower_us=1215 n=4[0m
[0;32mI (67555) forensics: [CALLBACK_HIST] fixture=2 class=true_steady lower_us=1220 n=3[0m
[0;32mI (67565) forensics: [CALLBACK_HIST] fixture=2 class=true_steady lower_us=1225 n=4[0m
[0;32mI (67575) forensics: [CALLBACK_HIST] fixture=2 class=true_steady lower_us=1230 n=4[0m
[0;32mI (67585) forensics: [CALLBACK_HIST] fixture=2 class=true_steady lower_us=1235 n=4[0m
[0;32mI (67595) forensics: [CALLBACK_HIST] fixture=2 class=true_steady lower_us=1240 n=7[0m
[0;32mI (67605) forensics: [CALLBACK_HIST] fixture=2 class=true_steady lower_us=1245 n=6[0m
[0;32mI (67605) forensics: [CALLBACK_HIST] fixture=2 class=true_steady lower_us=1250 n=4[0m
[0;32mI (67615) forensics: [CALLBACK_HIST] fixture=2 class=true_steady lower_us=1255 n=9[0m
[0;32mI (67625) forensics: [CALLBACK_HIST] fixture=2 class=true_steady lower_us=1260 n=10[0m
[0;32mI (67635) forensics: [CALLBACK_HIST] fixture=2 class=true_steady lower_us=1265 n=11[0m
[0;32mI (67645) forensics: [CALLBACK_HIST] fixture=2 class=true_steady lower_us=1270 n=4[0m
[0;32mI (67655) forensics: [CALLBACK_HIST] fixture=2 class=true_steady lower_us=1275 n=7[0m
[0;32mI (67655) forensics: [CALLBACK_HIST] fixture=2 class=true_steady lower_us=1280 n=3[0m
[0;32mI (67665) forensics: [CALLBACK_HIST] fixture=2 class=true_steady lower_us=1285 n=4[0m
[0;32mI (67675) forensics: [CALLBACK_HIST] fixture=2 class=true_steady lower_us=1290 n=5[0m
[0;32mI (67685) forensics: [CALLBACK_HIST] fixture=2 class=true_steady lower_us=1295 n=2[0m
[0;32mI (67695) forensics: [CALLBACK_HIST] fixture=2 class=true_steady lower_us=1300 n=6[0m
[0;32mI (67705) forensics: [CALLBACK_HIST] fixture=2 class=true_steady lower_us=1305 n=4[0m
[0;32mI (67705) forensics: [CALLBACK_HIST] fixture=2 class=true_steady lower_us=1310 n=7[0m
[0;32mI (67715) forensics: [CALLBACK_HIST] fixture=2 class=true_steady lower_us=1315 n=2[0m
[0;32mI (67725) forensics: [CALLBACK_HIST] fixture=2 class=true_steady lower_us=1320 n=6[0m
[0;32mI (67735) forensics: [CALLBACK_HIST] fixture=2 class=true_steady lower_us=1325 n=5[0m
[0;32mI (67745) forensics: [CALLBACK_HIST] fixture=2 class=true_steady lower_us=1330 n=5[0m
[0;32mI (67745) forensics: [CALLBACK_HIST] fixture=2 class=true_steady lower_us=1335 n=2[0m
[0;32mI (67755) forensics: [CALLBACK_HIST] fixture=2 class=true_steady lower_us=1345 n=3[0m
[0;32mI (67765) forensics: [CALLBACK_HIST] fixture=2 class=true_steady lower_us=1350 n=1[0m
[0;32mI (67775) forensics: [CALLBACK_HIST] fixture=2 class=true_steady lower_us=1355 n=1[0m
[0;32mI (67785) forensics: [CALLBACK_HIST] fixture=2 class=true_steady lower_us=1360 n=2[0m
[0;32mI (67795) forensics: [CALLBACK_HIST] fixture=2 class=true_steady lower_us=1365 n=2[0m
[0;32mI (67795) forensics: [CALLBACK_HIST] fixture=2 class=true_steady lower_us=1370 n=1[0m
[0;32mI (67805) forensics: [CALLBACK_HIST] fixture=2 class=true_steady lower_us=1380 n=2[0m
[0;32mI (67815) forensics: [CALLBACK_HIST] fixture=2 class=true_steady lower_us=1385 n=1[0m
[0;32mI (67825) forensics: [CALLBACK_HIST] fixture=2 class=true_steady lower_us=1400 n=1[0m
[0;32mI (67835) forensics: [CALLBACK_HIST] fixture=2 class=true_steady lower_us=1410 n=1[0m
[0;32mI (67845) forensics: [CALLBACK_HIST] fixture=2 class=true_steady lower_us=1415 n=1[0m
[0;32mI (67845) forensics: [CURVE] model=VIBRAPHONE fixture=2 voices=8 class=attack_tail n=88 avg_us=1411.14 p95_us=1675 p99_us=1725 p995_us=1725 p999_us=1725 max_us=1720 deadline=0 bad_voices=0 ble_lost=0 hard=0 sat=0 bin_us=5[0m
[0;32mI (67865) forensics: [HIST] fixture=2 class=attack_tail lower_us=1180 n=16[0m
[0;32mI (67875) forensics: [HIST] fixture=2 class=attack_tail lower_us=1185 n=18[0m
[0;32mI (67885) forensics: [HIST] fixture=2 class=attack_tail lower_us=1190 n=3[0m
[0;32mI (67895) forensics: [HIST] fixture=2 class=attack_tail lower_us=1195 n=2[0m
[0;32mI (67895) forensics: [HIST] fixture=2 class=attack_tail lower_us=1225 n=1[0m
[0;32mI (67905) forensics: [HIST] fixture=2 class=attack_tail lower_us=1230 n=1[0m
[0;32mI (67915) forensics: [HIST] fixture=2 class=attack_tail lower_us=1245 n=2[0m
[0;32mI (67925) forensics: [HIST] fixture=2 class=attack_tail lower_us=1260 n=1[0m
[0;32mI (67925) forensics: [HIST] fixture=2 class=attack_tail lower_us=1605 n=1[0m
[0;32mI (67935) forensics: [HIST] fixture=2 class=attack_tail lower_us=1610 n=7[0m
[0;32mI (67945) forensics: [HIST] fixture=2 class=attack_tail lower_us=1615 n=6[0m
[0;32mI (67955) forensics: [HIST] fixture=2 class=attack_tail lower_us=1620 n=9[0m
[0;32mI (67955) forensics: [HIST] fixture=2 class=attack_tail lower_us=1625 n=9[0m
[0;32mI (67965) forensics: [HIST] fixture=2 class=attack_tail lower_us=1630 n=3[0m
[0;32mI (67975) forensics: [HIST] fixture=2 class=attack_tail lower_us=1635 n=2[0m
[0;32mI (67985) forensics: [HIST] fixture=2 class=attack_tail lower_us=1640 n=2[0m
[0;32mI (67985) forensics: [HIST] fixture=2 class=attack_tail lower_us=1670 n=1[0m
[0;32mI (67995) forensics: [HIST] fixture=2 class=attack_tail lower_us=1680 n=2[0m
[0;32mI (68005) forensics: [HIST] fixture=2 class=attack_tail lower_us=1685 n=1[0m
[0;32mI (68015) forensics: [HIST] fixture=2 class=attack_tail lower_us=1720 n=1[0m
[0;32mI (68015) forensics: [CALLBACK_CURVE] model=VIBRAPHONE fixture=2 voices=8 class=attack_tail n=88 avg_us=1435.33 p95_us=1725 p99_us=1830 p995_us=1830 p999_us=1830 max_us=1827 deadline=0 overhead_avg_us=24.19[0m
[0;32mI (68035) forensics: [CALLBACK_HIST] fixture=2 class=attack_tail lower_us=1190 n=15[0m
[0;32mI (68045) forensics: [CALLBACK_HIST] fixture=2 class=attack_tail lower_us=1195 n=17[0m
[0;32mI (68055) forensics: [CALLBACK_HIST] fixture=2 class=attack_tail lower_us=1200 n=2[0m
[0;32mI (68065) forensics: [CALLBACK_HIST] fixture=2 class=attack_tail lower_us=1205 n=2[0m
[0;32mI (68075) forensics: [CALLBACK_HIST] fixture=2 class=attack_tail lower_us=1210 n=1[0m
[0;32mI (68075) forensics: [CALLBACK_HIST] fixture=2 class=attack_tail lower_us=1225 n=2[0m
[0;32mI (68085) forensics: [CALLBACK_HIST] fixture=2 class=attack_tail lower_us=1255 n=1[0m
[0;32mI (68095) forensics: [CALLBACK_HIST] fixture=2 class=attack_tail lower_us=1260 n=1[0m
[0;32mI (68105) forensics: [CALLBACK_HIST] fixture=2 class=attack_tail lower_us=1280 n=2[0m
[0;32mI (68115) forensics: [CALLBACK_HIST] fixture=2 class=attack_tail lower_us=1315 n=1[0m
[0;32mI (68125) forensics: [CALLBACK_HIST] fixture=2 class=attack_tail lower_us=1625 n=1[0m
[0;32mI (68125) forensics: [CALLBACK_HIST] fixture=2 class=attack_tail lower_us=1630 n=3[0m
[0;32mI (68135) forensics: [CALLBACK_HIST] fixture=2 class=attack_tail lower_us=1635 n=4[0m
[0;32mI (68145) forensics: [CALLBACK_HIST] fixture=2 class=attack_tail lower_us=1640 n=5[0m
[0;32mI (68155) forensics: [CALLBACK_HIST] fixture=2 class=attack_tail lower_us=1645 n=5[0m
[0;32mI (68165) forensics: [CALLBACK_HIST] fixture=2 class=attack_tail lower_us=1650 n=5[0m
[0;32mI (68165) forensics: [CALLBACK_HIST] fixture=2 class=attack_tail lower_us=1655 n=7[0m
[0;32mI (68175) forensics: [CALLBACK_HIST] fixture=2 class=attack_tail lower_us=1660 n=2[0m
[0;32mI (68185) forensics: [CALLBACK_HIST] fixture=2 class=attack_tail lower_us=1665 n=5[0m
[0;32mI (68195) forensics: [CALLBACK_HIST] fixture=2 class=attack_tail lower_us=1675 n=1[0m
[0;32mI (68205) forensics: [CALLBACK_HIST] fixture=2 class=attack_tail lower_us=1705 n=1[0m
[0;32mI (68215) forensics: [CALLBACK_HIST] fixture=2 class=attack_tail lower_us=1720 n=1[0m
[0;32mI (68215) forensics: [CALLBACK_HIST] fixture=2 class=attack_tail lower_us=1725 n=1[0m
[0;32mI (68225) forensics: [CALLBACK_HIST] fixture=2 class=attack_tail lower_us=1740 n=2[0m
[0;32mI (68235) forensics: [CALLBACK_HIST] fixture=2 class=attack_tail lower_us=1825 n=1[0m
[0;32mI (68245) forensics: [CURVE] model=VIBRAPHONE fixture=2 voices=8 class=event n=44 avg_us=1988.67 p95_us=2015 p99_us=2080 p995_us=2080 p999_us=2080 max_us=2077 deadline=0 bad_voices=0 ble_lost=0 hard=0 sat=0 bin_us=5[0m
[0;32mI (68265) forensics: [HIST] fixture=2 class=event lower_us=1940 n=1[0m
[0;32mI (68275) forensics: [HIST] fixture=2 class=event lower_us=1945 n=2[0m
[0;32mI (68275) forensics: [HIST] fixture=2 class=event lower_us=1950 n=1[0m
[0;32mI (68285) forensics: [HIST] fixture=2 class=event lower_us=1965 n=3[0m
[0;32mI (68295) forensics: [HIST] fixture=2 class=event lower_us=1970 n=2[0m
[0;32mI (68295) forensics: [HIST] fixture=2 class=event lower_us=1975 n=3[0m
[0;32mI (68305) forensics: [HIST] fixture=2 class=event lower_us=1980 n=4[0m
[0;32mI (68315) forensics: [HIST] fixture=2 class=event lower_us=1985 n=3[0m
[0;32mI (68315) forensics: [HIST] fixture=2 class=event lower_us=1990 n=10[0m
[0;32mI (68325) forensics: [HIST] fixture=2 class=event lower_us=1995 n=5[0m
[0;32mI (68335) forensics: [HIST] fixture=2 class=event lower_us=2000 n=2[0m
[0;32mI (68345) forensics: [HIST] fixture=2 class=event lower_us=2005 n=4[0m
[0;32mI (68345) forensics: [HIST] fixture=2 class=event lower_us=2010 n=2[0m
[0;32mI (68355) forensics: [HIST] fixture=2 class=event lower_us=2020 n=1[0m
[0;32mI (68365) forensics: [HIST] fixture=2 class=event lower_us=2075 n=1[0m
[0;32mI (68365) forensics: [CALLBACK_CURVE] model=VIBRAPHONE fixture=2 voices=8 class=event n=44 avg_us=2086.91 p95_us=2135 p99_us=2195 p995_us=2195 p999_us=2195 max_us=2193 deadline=0 overhead_avg_us=98.24[0m
[0;32mI (68385) forensics: [CALLBACK_HIST] fixture=2 class=event lower_us=2015 n=2[0m
[0;32mI (68395) forensics: [CALLBACK_HIST] fixture=2 class=event lower_us=2020 n=1[0m
[0;32mI (68405) forensics: [CALLBACK_HIST] fixture=2 class=event lower_us=2030 n=1[0m
[0;32mI (68405) forensics: [CALLBACK_HIST] fixture=2 class=event lower_us=2055 n=1[0m
[0;32mI (68415) forensics: [CALLBACK_HIST] fixture=2 class=event lower_us=2060 n=2[0m
[0;32mI (68425) forensics: [CALLBACK_HIST] fixture=2 class=event lower_us=2065 n=5[0m
[0;32mI (68435) forensics: [CALLBACK_HIST] fixture=2 class=event lower_us=2070 n=3[0m
[0;32mI (68445) forensics: [CALLBACK_HIST] fixture=2 class=event lower_us=2075 n=3[0m
[0;32mI (68445) forensics: [CALLBACK_HIST] fixture=2 class=event lower_us=2080 n=2[0m
[0;32mI (68455) forensics: [CALLBACK_HIST] fixture=2 class=event lower_us=2085 n=3[0m
[0;32mI (68465) forensics: [CALLBACK_HIST] fixture=2 class=event lower_us=2090 n=5[0m
[0;32mI (68475) forensics: [CALLBACK_HIST] fixture=2 class=event lower_us=2095 n=4[0m
[0;32mI (68475) forensics: [CALLBACK_HIST] fixture=2 class=event lower_us=2100 n=2[0m
[0;32mI (68485) forensics: [CALLBACK_HIST] fixture=2 class=event lower_us=2105 n=1[0m
[0;32mI (68495) forensics: [CALLBACK_HIST] fixture=2 class=event lower_us=2110 n=1[0m
[0;32mI (68505) forensics: [CALLBACK_HIST] fixture=2 class=event lower_us=2115 n=2[0m
[0;32mI (68505) forensics: [CALLBACK_HIST] fixture=2 class=event lower_us=2120 n=1[0m
[0;32mI (68515) forensics: [CALLBACK_HIST] fixture=2 class=event lower_us=2125 n=2[0m
[0;32mI (68525) forensics: [CALLBACK_HIST] fixture=2 class=event lower_us=2130 n=1[0m
[0;32mI (68535) forensics: [CALLBACK_HIST] fixture=2 class=event lower_us=2145 n=1[0m
[0;32mI (68545) forensics: [CALLBACK_HIST] fixture=2 class=event lower_us=2190 n=1[0m
[0;32mI (68545) forensics: [CURVE] model=VIBRAPHONE fixture=2 voices=8 class=fixture_transition n=1 avg_us=405.99 p95_us=410 p99_us=410 p995_us=410 p999_us=410 max_us=406 deadline=0 bad_voices=0 ble_lost=0 hard=0 sat=0 bin_us=5[0m
[0;32mI (68565) forensics: [HIST] fixture=2 class=fixture_transition lower_us=405 n=1[0m
[0;32mI (68575) forensics: [CALLBACK_CURVE] model=VIBRAPHONE fixture=2 voices=8 class=fixture_transition n=1 avg_us=434.00 p95_us=435 p99_us=435 p995_us=435 p999_us=435 max_us=434 deadline=0 overhead_avg_us=28.01[0m
[0;32mI (68595) forensics: [CALLBACK_HIST] fixture=2 class=fixture_transition lower_us=430 n=1[0m
[0;32mI (68605) forensics: [FASTPATH] fixture=2 stable8=0 attack=24[0m
[0;32mI (68615) forensics: [OVERHEAD] fixture=2 blocks=8192 model_reset_avg_us=1.99 model_reset_max_us=16 queue_avg_us=2.85 queue_max_us=44 render_avg_us=1082.11 telem_avg_us=3.59 telem_max_us=115 telem_publishes=1024[0m
[0;32mI (68665) pocket_pan_main: [AUDIO] model=PAN blocks=25418 avg_us=292 p99_us=0 max_us=796 cpu_load=10.9 deadline=0 timeout=0 tx_error=0 short=0[0m
[0;32mI (68665) pocket_pan_main: [MIDI] push=82 pop=82 drop=0 hwm=1 last=(n=57 v=75 t=78 hex=90394B)[0m
[0;32mI (68675) pocket_pan_main: [BLE] state=1 interval_ms=0.00 latency=0 rssi=0 reconnects=0 last_disconnect=0[0m
[0;32mI (68685) pocket_pan_main: [MEM] internal_free=51963 largest_internal=31744[0m
[0;32mI (68695) pocket_pan_main: [UIREDRAW] urgent=87 telemetry=247 skip=1737[0m
[0;32mI (73685) pocket_pan_main: [AUDIO] model=PAN blocks=27300 avg_us=286 p99_us=775 max_us=988 cpu_load=10.7 deadline=0 timeout=0 tx_error=0 short=0[0m
[0;32mI (73685) pocket_pan_main: [MIDI] push=89 pop=89 drop=0 hwm=1 last=(n=50 v=75 t=78 hex=90324B)[0m
[0;32mI (73695) pocket_pan_main: [BLE] state=1 interval_ms=0.00 latency=0 rssi=0 reconnects=0 last_disconnect=0[0m
[0;32mI (73705) pocket_pan_main: [MEM] internal_free=56763 largest_internal=31744[0m
[0;32mI (73715) pocket_pan_main: [UIREDRAW] urgent=94 telemetry=263 skip=1880[0m
[0;32mI (78705) pocket_pan_main: [AUDIO] model=PAN blocks=29182 avg_us=286 p99_us=800 max_us=992 cpu_load=10.7 deadline=0 timeout=0 tx_error=0 short=0[0m
[0;32mI (78705) pocket_pan_main: [MIDI] push=96 pop=96 drop=0 hwm=1 last=(n=69 v=75 t=78 hex=90454B)[0m
[0;32mI (78715) pocket_pan_main: [BLE] state=1 interval_ms=0.00 latency=0 rssi=0 reconnects=0 last_disconnect=0[0m
[0;32mI (78725) pocket_pan_main: [MEM] internal_free=56763 largest_internal=31744[0m
[0;32mI (78735) pocket_pan_main: [UIREDRAW] urgent=101 telemetry=280 skip=2022[0m
[0;32mI (83715) pocket_pan_main: [AUDIO] model=PAN blocks=31062 avg_us=287 p99_us=800 max_us=992 cpu_load=10.8 deadline=0 timeout=0 tx_error=0 short=0[0m
[0;32mI (83715) pocket_pan_main: [MIDI] push=102 pop=102 drop=0 hwm=1 last=(n=64 v=75 t=78 hex=90404B)[0m
[0;32mI (83725) pocket_pan_main: [BLE] state=1 interval_ms=0.00 latency=0 rssi=0 reconnects=0 last_disconnect=0[0m
[0;32mI (83735) pocket_pan_main: [MEM] internal_free=56763 largest_internal=31744[0m
[0;32mI (83745) pocket_pan_main: [UIREDRAW] urgent=107 telemetry=298 skip=2164[0m
[0;32mI (88735) forensics: [FIXTURE_IO] model=VIBRAPHONE fixture=3 avg_us=295 p99_us=800 max_us=992 cpu_pct=11.06 deadline=0 timeouts=0 tx_errors=0 short_writes=0[0m
[0;32mI (88735) forensics: [CURVE] model=VIBRAPHONE fixture=3 voices=1 class=true_steady n=7543 avg_us=260.07 p95_us=275 p99_us=300 p995_us=310 p999_us=415 max_us=440 deadline=0 bad_voices=0 ble_lost=0 hard=0 sat=0 bin_us=5[0m
[0;32mI (88755) forensics: [HIST] fixture=3 class=true_steady lower_us=255 n=6025[0m
[0;32mI (88765) forensics: [HIST] fixture=3 class=true_steady lower_us=260 n=842[0m
[0;32mI (88775) forensics: [HIST] fixture=3 class=true_steady lower_us=265 n=231[0m
[0;32mI (88785) forensics: [HIST] fixture=3 class=true_steady lower_us=270 n=145[0m
[0;32mI (88785) forensics: [HIST] fixture=3 class=true_steady lower_us=275 n=94[0m
[0;32mI (88795) forensics: [HIST] fixture=3 class=true_steady lower_us=280 n=51[0m
[0;32mI (88805) forensics: [HIST] fixture=3 class=true_steady lower_us=285 n=34[0m
[0;32mI (88815) forensics: [HIST] fixture=3 class=true_steady lower_us=290 n=32[0m
[0;32mI (88815) forensics: [HIST] fixture=3 class=true_steady lower_us=295 n=27[0m
[0;32mI (88825) forensics: [HIST] fixture=3 class=true_steady lower_us=300 n=21[0m
[0;32mI (88835) forensics: [HIST] fixture=3 class=true_steady lower_us=305 n=5[0m
[0;32mI (88845) forensics: [HIST] fixture=3 class=true_steady lower_us=310 n=4[0m
[0;32mI (88845) forensics: [HIST] fixture=3 class=true_steady lower_us=315 n=2[0m
[0;32mI (88855) forensics: [HIST] fixture=3 class=true_steady lower_us=320 n=2[0m
[0;32mI (88865) forensics: [HIST] fixture=3 class=true_steady lower_us=325 n=4[0m
[0;32mI (88875) forensics: [HIST] fixture=3 class=true_steady lower_us=330 n=3[0m
[0;32mI (88875) forensics: [HIST] fixture=3 class=true_steady lower_us=340 n=1[0m
[0;32mI (88885) forensics: [HIST] fixture=3 class=true_steady lower_us=405 n=4[0m
[0;32mI (88895) forensics: [HIST] fixture=3 class=true_steady lower_us=410 n=11[0m
[0;32mI (88905) forensics: [HIST] fixture=3 class=true_steady lower_us=415 n=1[0m
[0;32mI (88905) forensics: [HIST] fixture=3 class=true_steady lower_us=420 n=2[0m
[0;32mI (88915) forensics: [HIST] fixture=3 class=true_steady lower_us=425 n=1[0m
[0;32mI (88925) forensics: [HIST] fixture=3 class=true_steady lower_us=440 n=1[0m
[0;32mI (88935) forensics: [CALLBACK_CURVE] model=VIBRAPHONE fixture=3 voices=1 class=true_steady n=7543 avg_us=274.79 p95_us=315 p99_us=385 p995_us=430 p999_us=475 max_us=1084 deadline=0 overhead_avg_us=14.73[0m
[0;32mI (88945) forensics: [CALLBACK_HIST] fixture=3 class=true_steady lower_us=265 n=5195[0m
[0;32mI (88955) forensics: [CALLBACK_HIST] fixture=3 class=true_steady lower_us=270 n=744[0m
[0;32mI (88965) forensics: [CALLBACK_HIST] fixture=3 class=true_steady lower_us=275 n=413[0m
[0;32mI (88975) forensics: [CALLBACK_HIST] fixture=3 class=true_steady lower_us=280 n=231[0m
[0;32mI (88985) forensics: [CALLBACK_HIST] fixture=3 class=true_steady lower_us=285 n=133[0m
[0;32mI (88995) forensics: [CALLBACK_HIST] fixture=3 class=true_steady lower_us=290 n=118[0m
[0;32mI (88995) forensics: [CALLBACK_HIST] fixture=3 class=true_steady lower_us=295 n=94[0m
[0;32mI (89005) forensics: [CALLBACK_HIST] fixture=3 class=true_steady lower_us=300 n=89[0m
[0;32mI (89015) forensics: [CALLBACK_HIST] fixture=3 class=true_steady lower_us=305 n=79[0m
[0;32mI (89025) forensics: [CALLBACK_HIST] fixture=3 class=true_steady lower_us=310 n=79[0m
[0;32mI (89035) forensics: [CALLBACK_HIST] fixture=3 class=true_steady lower_us=315 n=66[0m
[0;32mI (89045) forensics: [CALLBACK_HIST] fixture=3 class=true_steady lower_us=320 n=55[0m
[0;32mI (89045) forensics: [CALLBACK_HIST] fixture=3 class=true_steady lower_us=325 n=33[0m
[0;32mI (89055) forensics: [CALLBACK_HIST] fixture=3 class=true_steady lower_us=330 n=27[0m
[0;32mI (89065) forensics: [CALLBACK_HIST] fixture=3 class=true_steady lower_us=335 n=16[0m
[0;32mI (89075) forensics: [CALLBACK_HIST] fixture=3 class=true_steady lower_us=340 n=12[0m
[0;32mI (89085) forensics: [CALLBACK_HIST] fixture=3 class=true_steady lower_us=345 n=20[0m
[0;32mI (89085) forensics: [CALLBACK_HIST] fixture=3 class=true_steady lower_us=350 n=12[0m
[0;32mI (89095) forensics: [CALLBACK_HIST] fixture=3 class=true_steady lower_us=355 n=10[0m
[0;32mI (89105) forensics: [CALLBACK_HIST] fixture=3 class=true_steady lower_us=360 n=11[0m
[0;32mI (89115) forensics: [CALLBACK_HIST] fixture=3 class=true_steady lower_us=365 n=7[0m
[0;32mI (89125) forensics: [CALLBACK_HIST] fixture=3 class=true_steady lower_us=370 n=8[0m
[0;32mI (89135) forensics: [CALLBACK_HIST] fixture=3 class=true_steady lower_us=375 n=7[0m
[0;32mI (89135) forensics: [CALLBACK_HIST] fixture=3 class=true_steady lower_us=380 n=10[0m
[0;32mI (89145) forensics: [CALLBACK_HIST] fixture=3 class=true_steady lower_us=385 n=6[0m
[0;32mI (89155) forensics: [CALLBACK_HIST] fixture=3 class=true_steady lower_us=390 n=4[0m
[0;32mI (89165) forensics: [CALLBACK_HIST] fixture=3 class=true_steady lower_us=395 n=8[0m
[0;32mI (89175) forensics: [CALLBACK_HIST] fixture=3 class=true_steady lower_us=400 n=2[0m
[0;32mI (89185) forensics: [CALLBACK_HIST] fixture=3 class=true_steady lower_us=405 n=4[0m
[0;32mI (89185) forensics: [CALLBACK_HIST] fixture=3 class=true_steady lower_us=410 n=3[0m
[0;32mI (89195) forensics: [CALLBACK_HIST] fixture=3 class=true_steady lower_us=415 n=3[0m
[0;32mI (89205) forensics: [CALLBACK_HIST] fixture=3 class=true_steady lower_us=420 n=5[0m
[0;32mI (89215) forensics: [CALLBACK_HIST] fixture=3 class=true_steady lower_us=425 n=7[0m
[0;32mI (89225) forensics: [CALLBACK_HIST] fixture=3 class=true_steady lower_us=430 n=3[0m
[0;32mI (89225) forensics: [CALLBACK_HIST] fixture=3 class=true_steady lower_us=435 n=8[0m
[0;32mI (89235) forensics: [CALLBACK_HIST] fixture=3 class=true_steady lower_us=440 n=4[0m
[0;32mI (89245) forensics: [CALLBACK_HIST] fixture=3 class=true_steady lower_us=445 n=2[0m
[0;32mI (89255) forensics: [CALLBACK_HIST] fixture=3 class=true_steady lower_us=450 n=3[0m
[0;32mI (89265) forensics: [CALLBACK_HIST] fixture=3 class=true_steady lower_us=455 n=1[0m
[0;32mI (89265) forensics: [CALLBACK_HIST] fixture=3 class=true_steady lower_us=460 n=1[0m
[0;32mI (89275) forensics: [CALLBACK_HIST] fixture=3 class=true_steady lower_us=465 n=1[0m
[0;32mI (89285) forensics: [CALLBACK_HIST] fixture=3 class=true_steady lower_us=470 n=3[0m
[0;32mI (89295) forensics: [CALLBACK_HIST] fixture=3 class=true_steady lower_us=485 n=3[0m
[0;32mI (89305) forensics: [CALLBACK_HIST] fixture=3 class=true_steady lower_us=490 n=1[0m
[0;32mI (89315) forensics: [CALLBACK_HIST] fixture=3 class=true_steady lower_us=545 n=1[0m
[0;32mI (89315) forensics: [CALLBACK_HIST] fixture=3 class=true_steady lower_us=1080 n=1[0m
[0;32mI (89325) forensics: [CURVE] model=VIBRAPHONE fixture=3 voices=1 class=attack_tail n=432 avg_us=307.93 p95_us=350 p99_us=365 p995_us=370 p999_us=495 max_us=491 deadline=0 bad_voices=0 ble_lost=0 hard=0 sat=0 bin_us=5[0m
[0;32mI (89345) forensics: [HIST] fixture=3 class=attack_tail lower_us=275 n=166[0m
[0;32mI (89355) forensics: [HIST] fixture=3 class=attack_tail lower_us=280 n=23[0m
[0;32mI (89365) forensics: [HIST] fixture=3 class=attack_tail lower_us=285 n=6[0m
[0;32mI (89365) forensics: [HIST] fixture=3 class=attack_tail lower_us=290 n=11[0m
[0;32mI (89375) forensics: [HIST] fixture=3 class=attack_tail lower_us=295 n=4[0m
[0;32mI (89385) forensics: [HIST] fixture=3 class=attack_tail lower_us=300 n=3[0m
[0;32mI (89395) forensics: [HIST] fixture=3 class=attack_tail lower_us=305 n=1[0m
[0;32mI (89395) forensics: [HIST] fixture=3 class=attack_tail lower_us=315 n=1[0m
[0;32mI (89405) forensics: [HIST] fixture=3 class=attack_tail lower_us=325 n=32[0m
[0;32mI (89415) forensics: [HIST] fixture=3 class=attack_tail lower_us=330 n=115[0m
[0;32mI (89425) forensics: [HIST] fixture=3 class=attack_tail lower_us=335 n=44[0m
[0;32mI (89425) forensics: [HIST] fixture=3 class=attack_tail lower_us=340 n=3[0m
[0;32mI (89435) forensics: [HIST] fixture=3 class=attack_tail lower_us=345 n=5[0m
[0;32mI (89445) forensics: [HIST] fixture=3 class=attack_tail lower_us=350 n=9[0m
[0;32mI (89455) forensics: [HIST] fixture=3 class=attack_tail lower_us=355 n=3[0m
[0;32mI (89455) forensics: [HIST] fixture=3 class=attack_tail lower_us=360 n=2[0m
[0;32mI (89465) forensics: [HIST] fixture=3 class=attack_tail lower_us=365 n=2[0m
[0;32mI (89475) forensics: [HIST] fixture=3 class=attack_tail lower_us=435 n=1[0m
[0;32mI (89485) forensics: [HIST] fixture=3 class=attack_tail lower_us=490 n=1[0m
[0;32mI (89485) forensics: [CALLBACK_CURVE] model=VIBRAPHONE fixture=3 voices=1 class=attack_tail n=432 avg_us=342.75 p95_us=430 p99_us=450 p995_us=480 p999_us=605 max_us=603 deadline=0 overhead_avg_us=34.83[0m
[0;32mI (89505) forensics: [CALLBACK_HIST] fixture=3 class=attack_tail lower_us=285 n=152[0m
[0;32mI (89515) forensics: [CALLBACK_HIST] fixture=3 class=attack_tail lower_us=290 n=32[0m
[0;32mI (89525) forensics: [CALLBACK_HIST] fixture=3 class=attack_tail lower_us=295 n=4[0m
[0;32mI (89535) forensics: [CALLBACK_HIST] fixture=3 class=attack_tail lower_us=300 n=1[0m
[0;32mI (89535) forensics: [CALLBACK_HIST] fixture=3 class=attack_tail lower_us=305 n=2[0m
[0;32mI (89545) forensics: [CALLBACK_HIST] fixture=3 class=attack_tail lower_us=310 n=2[0m
[0;32mI (89555) forensics: [CALLBACK_HIST] fixture=3 class=attack_tail lower_us=315 n=3[0m
[0;32mI (89565) forensics: [CALLBACK_HIST] fixture=3 class=attack_tail lower_us=320 n=5[0m
[0;32mI (89575) forensics: [CALLBACK_HIST] fixture=3 class=attack_tail lower_us=325 n=5[0m
[0;32mI (89575) forensics: [CALLBACK_HIST] fixture=3 class=attack_tail lower_us=330 n=2[0m
[0;32mI (89585) forensics: [CALLBACK_HIST] fixture=3 class=attack_tail lower_us=335 n=1[0m
[0;32mI (89595) forensics: [CALLBACK_HIST] fixture=3 class=attack_tail lower_us=345 n=1[0m
[0;32mI (89605) forensics: [CALLBACK_HIST] fixture=3 class=attack_tail lower_us=350 n=3[0m
[0;32mI (89615) forensics: [CALLBACK_HIST] fixture=3 class=attack_tail lower_us=355 n=2[0m
[0;32mI (89625) forensics: [CALLBACK_HIST] fixture=3 class=attack_tail lower_us=360 n=8[0m
[0;32mI (89625) forensics: [CALLBACK_HIST] fixture=3 class=attack_tail lower_us=365 n=20[0m
[0;32mI (89635) forensics: [CALLBACK_HIST] fixture=3 class=attack_tail lower_us=370 n=36[0m
[0;32mI (89645) forensics: [CALLBACK_HIST] fixture=3 class=attack_tail lower_us=375 n=28[0m
[0;32mI (89655) forensics: [CALLBACK_HIST] fixture=3 class=attack_tail lower_us=380 n=26[0m
[0;32mI (89665) forensics: [CALLBACK_HIST] fixture=3 class=attack_tail lower_us=385 n=21[0m
[0;32mI (89675) forensics: [CALLBACK_HIST] fixture=3 class=attack_tail lower_us=390 n=7[0m
[0;32mI (89675) forensics: [CALLBACK_HIST] fixture=3 class=attack_tail lower_us=395 n=8[0m
[0;32mI (89685) forensics: [CALLBACK_HIST] fixture=3 class=attack_tail lower_us=400 n=4[0m
[0;32mI (89695) forensics: [CALLBACK_HIST] fixture=3 class=attack_tail lower_us=405 n=10[0m
[0;32mI (89705) forensics: [CALLBACK_HIST] fixture=3 class=attack_tail lower_us=410 n=4[0m
[0;32mI (89715) forensics: [CALLBACK_HIST] fixture=3 class=attack_tail lower_us=415 n=11[0m
[0;32mI (89715) forensics: [CALLBACK_HIST] fixture=3 class=attack_tail lower_us=420 n=6[0m
[0;32mI (89725) forensics: [CALLBACK_HIST] fixture=3 class=attack_tail lower_us=425 n=7[0m
[0;32mI (89735) forensics: [CALLBACK_HIST] fixture=3 class=attack_tail lower_us=430 n=6[0m
[0;32mI (89745) forensics: [CALLBACK_HIST] fixture=3 class=attack_tail lower_us=435 n=4[0m
[0;32mI (89755) forensics: [CALLBACK_HIST] fixture=3 class=attack_tail lower_us=440 n=5[0m
[0;32mI (89765) forensics: [CALLBACK_HIST] fixture=3 class=attack_tail lower_us=445 n=2[0m
[0;32mI (89765) forensics: [CALLBACK_HIST] fixture=3 class=attack_tail lower_us=450 n=1[0m
[0;32mI (89775) forensics: [CALLBACK_HIST] fixture=3 class=attack_tail lower_us=475 n=1[0m
[0;32mI (89785) forensics: [CALLBACK_HIST] fixture=3 class=attack_tail lower_us=515 n=1[0m
[0;32mI (89795) forensics: [CALLBACK_HIST] fixture=3 class=attack_tail lower_us=600 n=1[0m
[0;32mI (89805) forensics: [CURVE] model=VIBRAPHONE fixture=3 voices=1 class=event n=216 avg_us=752.79 p95_us=810 p99_us=865 p995_us=870 p999_us=875 max_us=874 deadline=0 bad_voices=0 ble_lost=0 hard=0 sat=0 bin_us=5[0m
[0;32mI (89825) forensics: [HIST] fixture=3 class=event lower_us=570 n=1[0m
[0;32mI (89825) forensics: [HIST] fixture=3 class=event lower_us=650 n=1[0m
[0;32mI (89835) forensics: [HIST] fixture=3 class=event lower_us=665 n=1[0m
[0;32mI (89845) forensics: [HIST] fixture=3 class=event lower_us=675 n=1[0m
[0;32mI (89845) forensics: [HIST] fixture=3 class=event lower_us=680 n=6[0m
[0;32mI (89855) forensics: [HIST] fixture=3 class=event lower_us=685 n=3[0m
[0;32mI (89865) forensics: [HIST] fixture=3 class=event lower_us=690 n=2[0m
[0;32mI (89865) forensics: [HIST] fixture=3 class=event lower_us=695 n=2[0m
[0;32mI (89875) forensics: [HIST] fixture=3 class=event lower_us=700 n=3[0m
[0;32mI (89885) forensics: [HIST] fixture=3 class=event lower_us=705 n=3[0m
[0;32mI (89885) forensics: [HIST] fixture=3 class=event lower_us=710 n=6[0m
[0;32mI (89895) forensics: [HIST] fixture=3 class=event lower_us=715 n=14[0m
[0;32mI (89905) forensics: [HIST] fixture=3 class=event lower_us=720 n=16[0m
[0;32mI (89905) forensics: [HIST] fixture=3 class=event lower_us=725 n=11[0m
[0;32mI (89915) forensics: [HIST] fixture=3 class=event lower_us=730 n=11[0m
[0;32mI (89925) forensics: [HIST] fixture=3 class=event lower_us=735 n=6[0m
[0;32mI (89935) forensics: [HIST] fixture=3 class=event lower_us=740 n=7[0m
[0;32mI (89935) forensics: [HIST] fixture=3 class=event lower_us=745 n=6[0m
[0;32mI (89945) forensics: [HIST] fixture=3 class=event lower_us=750 n=9[0m
[0;32mI (89955) forensics: [HIST] fixture=3 class=event lower_us=755 n=6[0m
[0;32mI (89955) forensics: [HIST] fixture=3 class=event lower_us=760 n=9[0m
[0;32mI (89965) forensics: [HIST] fixture=3 class=event lower_us=765 n=4[0m
[0;32mI (89975) forensics: [HIST] fixture=3 class=event lower_us=770 n=8[0m
[0;32mI (89975) forensics: [HIST] fixture=3 class=event lower_us=775 n=7[0m
[0;32mI (89985) forensics: [HIST] fixture=3 class=event lower_us=780 n=17[0m
[0;32mI (89995) forensics: [HIST] fixture=3 class=event lower_us=785 n=15[0m
[0;32mI (89995) forensics: [HIST] fixture=3 class=event lower_us=790 n=13[0m
[0;32mI (90005) forensics: [HIST] fixture=3 class=event lower_us=795 n=13[0m
[0;32mI (90015) forensics: [HIST] fixture=3 class=event lower_us=800 n=4[0m
[0;32mI (90015) forensics: [HIST] fixture=3 class=event lower_us=805 n=2[0m
[0;32mI (90025) forensics: [HIST] fixture=3 class=event lower_us=810 n=1[0m
[0;32mI (90035) forensics: [HIST] fixture=3 class=event lower_us=815 n=2[0m
[0;32mI (90045) forensics: [HIST] fixture=3 class=event lower_us=820 n=1[0m
[0;32mI (90045) forensics: [HIST] fixture=3 class=event lower_us=845 n=2[0m
[0;32mI (90055) forensics: [HIST] fixture=3 class=event lower_us=860 n=1[0m
[0;32mI (90065) forensics: [HIST] fixture=3 class=event lower_us=865 n=1[0m
[0;32mI (90065) forensics: [HIST] fixture=3 class=event lower_us=870 n=1[0m
[0;32mI (90075) forensics: [CALLBACK_CURVE] model=VIBRAPHONE fixture=3 voices=1 class=event n=216 avg_us=792.22 p95_us=865 p99_us=985 p995_us=990 p999_us=995 max_us=992 deadline=0 overhead_avg_us=39.43[0m
[0;32mI (90095) forensics: [CALLBACK_HIST] fixture=3 class=event lower_us=620 n=1[0m
[0;32mI (90105) forensics: [CALLBACK_HIST] fixture=3 class=event lower_us=675 n=1[0m
[0;32mI (90105) forensics: [CALLBACK_HIST] fixture=3 class=event lower_us=680 n=1[0m
[0;32mI (90115) forensics: [CALLBACK_HIST] fixture=3 class=event lower_us=710 n=1[0m
[0;32mI (90125) forensics: [CALLBACK_HIST] fixture=3 class=event lower_us=715 n=1[0m
[0;32mI (90135) forensics: [CALLBACK_HIST] fixture=3 class=event lower_us=720 n=2[0m
[0;32mI (90135) forensics: [CALLBACK_HIST] fixture=3 class=event lower_us=725 n=4[0m
[0;32mI (90145) forensics: [CALLBACK_HIST] fixture=3 class=event lower_us=730 n=7[0m
[0;32mI (90155) forensics: [CALLBACK_HIST] fixture=3 class=event lower_us=735 n=4[0m
[0;32mI (90165) forensics: [CALLBACK_HIST] fixture=3 class=event lower_us=740 n=7[0m
[0;32mI (90165) forensics: [CALLBACK_HIST] fixture=3 class=event lower_us=745 n=2[0m
[0;32mI (90175) forensics: [CALLBACK_HIST] fixture=3 class=event lower_us=750 n=10[0m
[0;32mI (90185) forensics: [CALLBACK_HIST] fixture=3 class=event lower_us=755 n=10[0m
[0;32mI (90195) forensics: [CALLBACK_HIST] fixture=3 class=event lower_us=760 n=8[0m
[0;32mI (90195) forensics: [CALLBACK_HIST] fixture=3 class=event lower_us=765 n=15[0m
[0;32mI (90205) forensics: [CALLBACK_HIST] fixture=3 class=event lower_us=770 n=13[0m
[0;32mI (90215) forensics: [CALLBACK_HIST] fixture=3 class=event lower_us=775 n=10[0m
[0;32mI (90225) forensics: [CALLBACK_HIST] fixture=3 class=event lower_us=780 n=11[0m
[0;32mI (90235) forensics: [CALLBACK_HIST] fixture=3 class=event lower_us=785 n=9[0m
[0;32mI (90235) forensics: [CALLBACK_HIST] fixture=3 class=event lower_us=790 n=3[0m
[0;32mI (90245) forensics: [CALLBACK_HIST] fixture=3 class=event lower_us=795 n=5[0m
[0;32mI (90255) forensics: [CALLBACK_HIST] fixture=3 class=event lower_us=800 n=7[0m
[0;32mI (90265) forensics: [CALLBACK_HIST] fixture=3 class=event lower_us=805 n=5[0m
[0;32mI (90265) forensics: [CALLBACK_HIST] fixture=3 class=event lower_us=810 n=8[0m
[0;32mI (90275) forensics: [CALLBACK_HIST] fixture=3 class=event lower_us=815 n=6[0m
[0;32mI (90285) forensics: [CALLBACK_HIST] fixture=3 class=event lower_us=820 n=8[0m
[0;32mI (90295) forensics: [CALLBACK_HIST] fixture=3 class=event lower_us=825 n=11[0m
[0;32mI (90295) forensics: [CALLBACK_HIST] fixture=3 class=event lower_us=830 n=11[0m
[0;32mI (90305) forensics: [CALLBACK_HIST] fixture=3 class=event lower_us=835 n=14[0m
[0;32mI (90315) forensics: [CALLBACK_HIST] fixture=3 class=event lower_us=840 n=6[0m
[0;32mI (90325) forensics: [CALLBACK_HIST] fixture=3 class=event lower_us=845 n=1[0m
[0;32mI (90335) forensics: [CALLBACK_HIST] fixture=3 class=event lower_us=860 n=5[0m
[0;32mI (90335) forensics: [CALLBACK_HIST] fixture=3 class=event lower_us=865 n=1[0m
[0;32mI (90345) forensics: [CALLBACK_HIST] fixture=3 class=event lower_us=870 n=1[0m
[0;32mI (90355) forensics: [CALLBACK_HIST] fixture=3 class=event lower_us=885 n=1[0m
[0;32mI (90365) forensics: [CALLBACK_HIST] fixture=3 class=event lower_us=890 n=1[0m
[0;32mI (90365) forensics: [CALLBACK_HIST] fixture=3 class=event lower_us=895 n=2[0m
[0;32mI (90375) forensics: [CALLBACK_HIST] fixture=3 class=event lower_us=980 n=1[0m
[0;32mI (90385) forensics: [CALLBACK_HIST] fixture=3 class=event lower_us=985 n=1[0m
[0;32mI (90395) forensics: [CALLBACK_HIST] fixture=3 class=event lower_us=990 n=1[0m
[0;32mI (90395) forensics: [CURVE] model=VIBRAPHONE fixture=3 voices=1 class=fixture_transition n=1 avg_us=416.30 p95_us=420 p99_us=420 p995_us=420 p999_us=420 max_us=417 deadline=0 bad_voices=0 ble_lost=0 hard=0 sat=0 bin_us=5[0m
[0;32mI (90415) forensics: [HIST] fixture=3 class=fixture_transition lower_us=415 n=1[0m
[0;32mI (90425) forensics: [CALLBACK_CURVE] model=VIBRAPHONE fixture=3 voices=1 class=fixture_transition n=1 avg_us=449.00 p95_us=450 p99_us=450 p995_us=450 p999_us=450 max_us=449 deadline=0 overhead_avg_us=32.70[0m
[0;32mI (90445) forensics: [CALLBACK_HIST] fixture=3 class=fixture_transition lower_us=445 n=1[0m
[0;32mI (90455) forensics: [FASTPATH] fixture=3 stable8=0 attack=648[0m
[0;32mI (90465) forensics: [OVERHEAD] fixture=3 blocks=8192 model_reset_avg_us=1.93 model_reset_max_us=20 queue_avg_us=2.56 queue_max_us=41 render_avg_us=280.89 telem_avg_us=3.69 telem_max_us=110 telem_publishes=1024[0m
[0;32mI (90485) pocket_pan_main: [AUDIO] model=PAN blocks=33599 avg_us=295 p99_us=800 max_us=992 cpu_load=11.1 deadline=0 timeout=0 tx_error=0 short=0[0m
[0;32mI (90495) pocket_pan_main: [MIDI] push=109 pop=109 drop=0 hwm=1 last=(n=62 v=75 t=78 hex=903E4B)[0m
[0;32mI (90505) pocket_pan_main: [BLE] state=1 interval_ms=0.00 latency=0 rssi=0 reconnects=0 last_disconnect=0[0m
[0;32mI (90515) pocket_pan_main: [MEM] internal_free=56763 largest_internal=31744[0m
[0;32mI (90525) pocket_pan_main: [UIREDRAW] urgent=114 telemetry=314 skip=2307[0m
[0;32mI (93735) pocket_pan_main: [AUDIO] model=PAN blocks=34819 avg_us=10 p99_us=800 max_us=992 cpu_load=0.4 deadline=0 timeout=0 tx_error=0 short=0[0m
[0;32mI (93735) pocket_pan_main: [MIDI] push=113 pop=113 drop=0 hwm=1 last=(n=50 v=75 t=78 hex=90324B)[0m
[0;32mI (93745) pocket_pan_main: [BLE] state=1 interval_ms=0.00 latency=0 rssi=0 reconnects=0 last_disconnect=0[0m
[0;32mI (93755) pocket_pan_main: [MEM] internal_free=56763 largest_internal=31744[0m
[0;32mI (93765) pocket_pan_main: [UIREDRAW] urgent=118 telemetry=324 skip=2400[0m
