Executing action: flash
Running ninja in directory C:\progs\ESPan\build-m75-qual
Executing "ninja flash"...
[1/5] cmd.exe /C "cd /D C:\progs\ESPan\build-m75-qual\esp-idf\esptool_py && C:\Users\devx\.espressif\python_env\idf5.3_py3.14_env\Scripts\python.exe C:/Users/devx/esp/esp-idf/components/partition_table/check_sizes.py --offset 0x8000 partition --type app C:/progs/ESPan/build-m75-qual/partition_table/partition-table.bin C:/progs/ESPan/build-m75-qual/pocket_pan.bin"

pocket_pan.bin binary size 0xa1af0 bytes. Smallest app partition is 0x100000 bytes. 0x5e510 bytes (37%) free.


[2/5] Performing build step for 'bootloader'

[1/1] cmd.exe /C "cd /D C:\progs\ESPan\build-m75-qual\bootloader\esp-idf\esptool_py && C:\Users\devx\.espressif\python_env\idf5.3_py3.14_env\Scripts\python.exe C:/Users/devx/esp/esp-idf/components/partition_table/check_sizes.py --offset 0x8000 bootloader 0x0 C:/progs/ESPan/build-m75-qual/bootloader/bootloader.bin"


Bootloader binary size 0x5260 bytes. 0x2da0 bytes (36%) free.



[2/3] cmd.exe /C "cd /D C:\Users\devx\esp\esp-idf\components\esptool_py && C:\Users\devx\.espressif\tools\cmake\3.24.0\biesptool.py --chip esp32s3 -p COM10 -b 460800 --before=default_reset --after=hard_reset write_flash --flash_mode dio --flash_freq 80m --flash_size 4MB 0x0 bootloader/bootloader.bin 0x10000 pocket_pan.bin 0x8000 partition_table/partition-table.bin

esptool.py v4.12.0

Serial port COM10

Connecting...

Chip is ESP32-S3 (QFN56) (revision v0.2)

Features: WiFi, BLE, Embedded Flash 4MB (XMC), Embedded PSRAM 2MB (AP_3v3)

Crystal is 40MHz

USB mode: USB-Serial/JTAG

MAC: b4:3a:45:ae:6f:28

Uploading stub...

Running stub...

Stub running...

Changing baud rate to 460800

Changed.

Configuring flash size...

Flash will be erased from 0x00000000 to 0x00005fff...

Flash will be erased from 0x00010000 to 0x000b1fff...

Flash will be erased from 0x00008000 to 0x00008fff...

SHA digest in image updated

Compressed 21088 bytes to 13057...

Writing at 0x00000000... (100 %)

Wrote 21088 bytes (13057 compressed) at 0x00000000 in 0.4 seconds (effective 418.6 kbit/s)...

Hash of data verified.

Compressed 662256 bytes to 411209...

Writing at 0x00010000... (3 %)

Writing at 0x0001d8ab... (7 %)

Writing at 0x00027729... (11 %)

Writing at 0x0002c565... (15 %)

Writing at 0x00034cc5... (19 %)

Writing at 0x0003ae3f... (23 %)

Writing at 0x0004009e... (26 %)

Writing at 0x00045b77... (30 %)

Writing at 0x0004b6d7... (34 %)

Writing at 0x00050cc8... (38 %)

Writing at 0x00056b67... (42 %)

Writing at 0x0005c307... (46 %)

Writing at 0x00061b46... (50 %)

Writing at 0x00067366... (53 %)

Writing at 0x0006cb5d... (57 %)

Writing at 0x00072b77... (61 %)

Writing at 0x00078141... (65 %)

Writing at 0x0007db61... (69 %)

Writing at 0x0008331a... (73 %)

Writing at 0x00088d4a... (76 %)

Writing at 0x0008e406... (80 %)

Writing at 0x00093f74... (84 %)

Writing at 0x0009e063... (88 %)

Writing at 0x000a50ce... (92 %)

Writing at 0x000aae13... (96 %)

Writing at 0x000b117e... (100 %)

Wrote 662256 bytes (411209 compressed) at 0x00010000 in 6.0 seconds (effective 881.1 kbit/s)...

Hash of data verified.

Compressed 3072 bytes to 103...

Writing at 0x00008000... (100 %)

Wrote 3072 bytes (103 compressed) at 0x00008000 in 0.1 seconds (effective 292.5 kbit/s)...

Hash of data verified.



Leaving...

Hard resetting via RTS pin...

n\cmake.exe -D IDF_PATH=C:/Users/devx/esp/esp-idf -D SERIAL_TOOL=C:/Users/devx/.espressif/python_env/idf5.3_py3.14_env/Scripts/python.exe;;C:/Users/devx/esp/esp-idf/components/esptool_py/esptool/esptool.py;--chip;esp32s3 -D SERIAL_TOOL_ARGS=--before=default_reset;--after=hard_reset;write_flash;@flash_args -D WORKING_DIRECTORY=C:/progs/ESPan/build-m75-qual -P C:/Users/devx/esp/esp-idf/components/esptool_py/run_serial_tool.cmake"

Done
