[0;32mI (123) esp_image: segment 1: paddr=000302bc vaddr=3fc9d5ESP-ROM:esp32s3-20210327
Build:Mar 27 2021
rst:0x15 (USB_UART_CHIP_RESET),boot:0x8 (SPI_FAST_FLASH_BOOT)
Saved PC:0x42009fab
SPIWP:0xee
mode:DIO, clock div:1
load:0x3fce2810,len:0x178c
load:0x403c8700,len:0x4
load:0x403c8704,len:0xcb8
load:0x403cb700,len:0x2db0
entry 0x403c8914
[0;32mI (26) boot: ESP-IDF v5.3-dirty 2nd stage bootloader[0m
[0;32mI (27) boot: compile time Sep 30 2026 18:59:39[0m
[0;32mI (27) boot: Multicore bootloader[0m
[0;32mI (30) boot: chip revision: v0.2[0m
[0;32mI (34) boot.esp32s3: Boot SPI Speed : 80MHz[0m
[0;32mI (39) boot.esp32s3: SPI Mode       : DIO[0m
[0;32mI (43) boot.esp32s3: SPI Flash Size : 4MB[0m
[0;32mI (48) boot: Enabling RNG early entropy source...[0m
[0;32mI (54) boot: Partition Table:[0m
[0;32mI (57) boot: ## Label            Usage          Type ST Offset   Length[0m
[0;32mI (64) boot:  0 nvs              WiFi data        01 02 00009000 00006000[0m
[0;32mI (72) boot:  1 phy_init         RF data          01 01 0000f000 00001000[0m
[0;32mI (79) boot:  2 factory          factory app      00 00 00010000 00100000[0m
[0;32mI (87) boot: End of partition table[0m
[0;32mI (91) esp_image: segment 0: paddr=00010020 vaddr=3c070020 size=20294h (131732) map[0m
[0;32mI (123) esp_image: segment 1: paddr=000302bc vaddr=3fc9d500 size=04500h ( 17664) load[0m
[0;32mI (127) esp_image: segment 2: paddr=000347c4 vaddr=40374000 size=0b854h ( 47188) load[0m
[0;32mI (139) esp_image: segment 3: paddr=00040020 vaddr=42000020 size=641e8h (410088) map[0m
[0;32mI (213) esp_image: segment 4: paddr=000a4210 vaddr=4037f854 size=0dbb4h ( 56244) load[0m
[0;32mI (236) boot: Loaded app from partition at offset 0x10000[0m
[0;32mI (236) boot: Disabling RNG early entropy source...[0m
[0;32mI (248) esp_psram: Found 2MB PSRAM device[0m
[0;32mI (249) esp_psram: Speed: 40MHz[0m
[0;32mI (249) cpu_start: Multicore app[0m
[0;32mI (668) esp_psram: SPI SRAM memory test OK[0m
[0;32mI (678) cpu_start: Pro cpu start user code[0m
[0;32mI (678) cpu_start: cpu freq: 240000000 Hz[0m
[0;32mI (678) app_init: Application information:[0m
[0;32mI (681) app_init: Project name:     pocket_pan[0m
[0;32mI (686) app_init: App version:      86bcbc4-dirty[0m
[0;32mI (691) app_init: Compile time:     Sep 30 2026 18:57:46[0m
[0;32mI (697) app_init: ELF file SHA256:  f394cbf7b...[0m
[0;32mI (702) app_init: ESP-IDF:          v5.3-dirty[0m
[0;32mI (708) efuse_init: Min chip rev:     v0.0[0m
[0;32mI (712) efuse_init: Max chip rev:     v0.99 [0m
[0;32mI (717) efuse_init: Chip rev:         v0.2[0m
[0;32mI (722) heap_init: Initializing. RAM available for dynamic allocation:[0m
[0;32mI (729) heap_init: At 3FCC9618 len 000200F8 (128 KiB): RAM[0m
[0;32mI (735) heap_init: At 3FCE9710 len 00005724 (21 KiB): RAM[0m
[0;32mI (741) heap_init: At 3FCF0000 len 00008000 (32 KiB): DRAM[0m
[0;32mI (748) heap_init: At 600FE100 len 00001EE8 (7 KiB): RTCRAM[0m
[0;32mI (754) esp_psram: Adding pool of 2048K of PSRAM memory to heap allocator[0m
[0;32mI (762) spi_flash: detected chip: generic[0m
[0;32mI (766) spi_flash: flash io: dio[0m
[0;32mI (770) sleep: Configure to isolate all GPIO pins in sleep state[0m
[0;32mI (777) sleep: Enable automatic switching of GPIO sleep configuration[0m
[0;32mI (784) coexist: coex firmware version: dab85ae96[0m
[0;32mI (789) coexist: coexist rom version e7ae62f[0m
[0;32mI (795) main_task: Started on CPU0[0m
[0;32mI (805) esp_psram: Reserving pool of 32K of internal memory for DMA/internal allocations[0m
[0;32mI (805) main_task: Calling app_main()[0m
[0;32mI (815) pocket_pan_main: ===============================================[0m
[0;32mI (815) pocket_pan_main:   Pocket Pan / Metal Modal Synthesizer v1.0.0[0m
[0;32mI (825) pocket_pan_main:   Hardware: TENSTAR TS-ESP32-S3 (Feather TFT)[0m
[0;32mI (835) pocket_pan_main: ===============================================[0m
[0;32mI (845) pocket_pan_main: [FORENSICS] candidate=25 profile=0 cpu_mhz=240 optimization_perf=1 process6=1 fine_bins=5 critical_only=0[0m
[0;32mI (875) gpio: GPIO[10]| InputEn: 0| OutputEn: 1| OpenDrain: 0| Pullup: 0| Pulldown: 1| Intr:0 [0m
[0;32mI (875) AudioI2S: I2S TX initialized (48kHz, 32-bit slot, stereo, 6x128 frames DMA = 1024 bytes/buf)[0m
[0;32mI (885) AudioI2S: Audio task started on Core 0 at priority 12[0m
[0;32mI (885) Display: [DISP_MEM_PRE] before: int_free=153043 int_largest=59392 psram_free=2094528[0m
[0;33mW (895) Display: Internal SRAM (64800 B) exhausted; falling back to PSRAM[0m
[0;32mI (905) Display: [DISP_MEM] framebuffer=0x3c0a0a44 (size=64800, align=4, internal=0, dma=0, psram=1)[0m
[0;32mI (915) Display: [DISP_MEM] scratch=0x3fcdad30 (size=9600, align=0, internal=1, dma=1)[0m
[0;32mI (925) Display: [DISP_MEM] before: int_free=153043 int_largest=59392 psram_free=2094528[0m
[0;32mI (925) Display: [DISP_MEM] after:  int_free=143439 int_largest=49152 psram_free=2029724[0m
[0;32mI (935) gpio: GPIO[39]| InputEn: 0| OutputEn: 1| OpenDrain: 0| Pullup: 0| Pulldown: 0| Intr:0 [0m
[0;32mI (945) gpio: GPIO[40]| InputEn: 0| OutputEn: 1| OpenDrain: 0| Pullup: 0| Pulldown: 0| Intr:0 [0m
[0;32mI (955) gpio: GPIO[21]| InputEn: 0| OutputEn: 1| OpenDrain: 0| Pullup: 0| Pulldown: 0| Intr:0 [0m
[0;32mI (1185) gpio: GPIO[45]| InputEn: 0| OutputEn: 1| OpenDrain: 0| Pullup: 0| Pulldown: 0| Intr:0 [0m
[0;31mE (1195) lcd_panel.io.spi: panel_io_spi_tx_color(390): spi transmit (queue) color failed[0m
[0;31mE (1195) lcd_panel.st7789: panel_st7789_draw_bitmap(223): io tx color failed[0m
[0;32mI (1195) Display: ST7789 240x135 display initialized successfully (SPI 40MHz, GDMA callback armed)[0m
[0;32mI (1205) pocket_pan_main: [CANARY] PreparedNote canaries OK=1[0m
[0;32mI (1215) BLE_INIT: BT controller compile version [ba3b3e3][0m
[0;32mI (1225) BLE_INIT: Bluetooth MAC: b4:3a:45:ae:6f:2a[0m
[0;32mI (1225) phy_init: phy_version 680,a6008b2,Jun  4 2024,16:41:10[0m
[0;32mI (1265) BleMidi: NimBLE BLE MIDI Central initialized and pinned to Core 1[0m
[0;32mI (1265) BleMidi: NimBLE Host task running on Core 1[0m
[0;32mI (1265) pocket_pan_main: [M75_MEMORY] table_bytes=9348 cache_bytes=74784 synth_bytes=87860 internal_free=48019 largest_internal=31744[0m
[0;32mI (1275) NimBLE: Failed to restore IRKs from store; status=8
[0m
[0;32mI (1285) pocket_pan_main: Pocket Pan initialization complete. Realtime audio active.[0m
[0;32mI (1285) NimBLE: GAP procedure initiated: discovery; [0m
[0;32mI (1305) NimBLE: own_addr_type=0 filter_policy=0 passive=0 limited=0 filter_duplicates=1 [0m
[0;32mI (1295) main_task: Returned from app_main()[0m
[0;32mI (1315) NimBLE: duration=forever[0m
[0;32mI (1325) NimBLE: 
[0m
[0;32mI (1325) BleMidi: Scanning for BLE MIDI devices...[0m
[0;32mI (1285) gpio: GPIO[0]| InputEn: 1| OutputEn: 0| OpenDrain: 0| Pullup: 1| Pulldown: 0| Intr:0 [0m
[0;31mE (1355) lcd_panel.io.spi: panel_io_spi_tx_color(390): spi transmit (queue) color failed[0m
[0;31mE (1355) lcd_panel.st7789: panel_st7789_draw_bitmap(223): io tx color failed[0m
[0;32mI (1395) BleMidi: BLE MIDI device found (59:FB:B6:B7:BF:0F); connecting[0m
[0;32mI (1395) NimBLE: GAP procedure initiated: connect; [0m
[0;32mI (1395) NimBLE: peer_addr_type=0 peer_addr=[0m
[0;32mI (1405) NimBLE: 59:fb:b6:b7:bf:0f[0m
[0;32mI (1405) NimBLE:  scan_itvl=16 scan_window=16 itvl_min=24 itvl_max=40 latency=0 supervision_timeout=256 min_ce_len=0 max_ce_len=0 own_addr_type=0[0m
[0;32mI (1425) NimBLE: 
[0m
[0;32mI (1505) BleMidi: BLE Connected! conn_handle=1[0m
[0;32mI (1505) NimBLE: GAP procedure initiated: [0m
[0;32mI (1505) NimBLE: connection parameter update; conn_handle=1 itvl_min=6 itvl_max=12 latency=0 supervision_timeout=200 min_ce_len=0 max_ce_len=0[0m
[0;32mI (1515) NimBLE: 
[0m
[0;32mI (1515) BleMidi: Requested connection params 7.5-15ms latency=0 timeout=2s rc=0[0m
[0;32mI (1525) NimBLE: GATT procedure initiated: discover all services
[0m
[0;32mI (1825) BleMidi: Found BLE MIDI Service! start_handle=112 end_handle=115[0m
[0;32mI (1825) NimBLE: GATT procedure initiated: discover all characteristics; [0m
[0;32mI (1825) NimBLE: start_handle=112 end_handle=115
[0m
[0;32mI (1925) BleMidi: Found BLE MIDI Characteristic! def_handle=113 val_handle=114 props=0x16[0m
[0;32mI (1925) NimBLE: GATT procedure initiated: discover all descriptors; [0m
[0;32mI (1925) NimBLE: chr_val_handle=114 end_handle=115
[0m
[0;32mI (2025) BleMidi: Discovered CCCD (0x2902) handle=115[0m
[0;32mI (2025) NimBLE: GATT procedure initiated: write; [0m
[0;32mI (2025) NimBLE: att_handle=115 len=2
[0m
[0;32mI (2065) BleMidi: Negotiated params interval=7.50ms latency=0 timeout=2000ms[0m
[0;32mI (2085) BleMidi: CCCD subscription successful; BLE MIDI ready[0m
[0;32mI (2085) NimBLE: GAP procedure initiated: [0m
[0;32mI (2085) NimBLE: connection parameter update; conn_handle=1 itvl_min=6 itvl_max=9 latency=0 supervision_timeout=100 min_ce_len=0 max_ce_len=0[0m
[0;32mI (2095) NimBLE: 
[0m
[0;32mI (2185) BleMidi: Negotiated params interval=11.25ms latency=0 timeout=1000ms[0m
[0;32mI (5805) pocket_pan_main: [AUDIO] model=PAN blocks=1846 avg_us=631 p99_us=0 max_us=1102 cpu_load=23.7 deadline=0 timeout=0 tx_error=0 short=0[0m
[0;32mI (5805) pocket_pan_main: [MIDI] push=0 pop=0 drop=0 hwm=0 last=(n=62 v=0 t=78 hex=000000)[0m
[0;32mI (5815) pocket_pan_main: [BLE] state=8 interval_ms=11.25 latency=0 rssi=-61 reconnects=0 last_disconnect=0[0m
[0;32mI (5825) pocket_pan_main: [MEM] internal_free=81067 largest_internal=32768[0m
[0;32mI (5835) pocket_pan_main: [UIREDRAW] urgent=11 telemetry=17 skip=120[0m
[0;32mI (10825) pocket_pan_main: [AUDIO] model=PAN blocks=3727 avg_us=632 p99_us=850 max_us=1127 cpu_load=23.7 deadline=0 timeout=0 tx_error=0 short=0[0m
[0;32mI (10825) pocket_pan_main: [MIDI] push=0 pop=0 drop=0 hwm=0 last=(n=62 v=0 t=78 hex=000000)[0m
[0;32mI (10835) pocket_pan_main: [BLE] state=8 interval_ms=11.25 latency=0 rssi=-61 reconnects=0 last_disconnect=0[0m
[0;32mI (10845) pocket_pan_main: [MEM] internal_free=81067 largest_internal=32768[0m
[0;32mI (10855) pocket_pan_main: [UIREDRAW] urgent=17 telemetry=35 skip=262[0m
[0;32mI (15845) pocket_pan_main: [AUDIO] model=PAN blocks=5609 avg_us=637 p99_us=825 max_us=1139 cpu_load=23.9 deadline=0 timeout=0 tx_error=0 short=0[0m
[0;32mI (15845) pocket_pan_main: [MIDI] push=0 pop=0 drop=0 hwm=0 last=(n=62 v=0 t=78 hex=000000)[0m
[0;32mI (15855) pocket_pan_main: [BLE] state=8 interval_ms=11.25 latency=0 rssi=-61 reconnects=0 last_disconnect=0[0m
[0;32mI (15865) pocket_pan_main: [MEM] internal_free=81067 largest_internal=32768[0m
[0;32mI (15875) pocket_pan_main: [UIREDRAW] urgent=23 telemetry=54 skip=403[0m
[0;32mI (20855) pocket_pan_main: [AUDIO] model=PAN blocks=7489 avg_us=629 p99_us=850 max_us=1139 cpu_load=23.6 deadline=0 timeout=0 tx_error=0 short=0[0m
[0;32mI (20855) pocket_pan_main: [MIDI] push=0 pop=0 drop=0 hwm=0 last=(n=62 v=0 t=78 hex=000000)[0m
[0;32mI (20865) pocket_pan_main: [BLE] state=8 interval_ms=11.25 latency=0 rssi=-68 reconnects=0 last_disconnect=0[0m
[0;32mI (20875) pocket_pan_main: [MEM] internal_free=81067 largest_internal=32768[0m
[0;32mI (20885) pocket_pan_main: [UIREDRAW] urgent=31 telemetry=70 skip=545[0m
[0;32mI (23985) forensics: [FIXTURE_IO] model=VIBRAPHONE fixture=4 avg_us=628 p99_us=850 max_us=1737 cpu_pct=23.55 deadline=0 timeouts=0 tx_errors=0 short_writes=0[0m
[0;32mI (23985) forensics: [CURVE] model=VIBRAPHONE fixture=4 voices=4 class=true_steady n=8101 avg_us=572.74 p95_us=645 p99_us=735 p995_us=780 p999_us=810 max_us=943 deadline=0 bad_voices=0 ble_lost=0 hard=0 sat=0 bin_us=5 max_observed_voices=4[0m
[0;32mI (24015) forensics: [HIST] fixture=4 class=true_steady lower_us=255 n=244[0m
[0;32mI (24015) forensics: [HIST] fixture=4 class=true_steady lower_us=260 n=20[0m
[0;32mI (24025) forensics: [HIST] fixture=4 class=true_steady lower_us=265 n=4[0m
[0;32mI (24035) forensics: [HIST] fixture=4 class=true_steady lower_us=270 n=2[0m
[0;32mI (24045) forensics: [HIST] fixture=4 class=true_steady lower_us=275 n=2[0m
[0;32mI (24045) forensics: [HIST] fixture=4 class=true_steady lower_us=290 n=1[0m
[0;32mI (24055) forensics: [HIST] fixture=4 class=true_steady lower_us=295 n=1[0m
[0;32mI (24065) forensics: [HIST] fixture=4 class=true_steady lower_us=300 n=1[0m
[0;32mI (24075) forensics: [HIST] fixture=4 class=true_steady lower_us=305 n=1[0m
[0;32mI (24075) forensics: [HIST] fixture=4 class=true_steady lower_us=315 n=1[0m
[0;32mI (24085) forensics: [HIST] fixture=4 class=true_steady lower_us=320 n=1[0m
[0;32mI (24095) forensics: [HIST] fixture=4 class=true_steady lower_us=350 n=1[0m
[0;32mI (24105) forensics: [HIST] fixture=4 class=true_steady lower_us=375 n=204[0m
[0;32mI (24105) forensics: [HIST] fixture=4 class=true_steady lower_us=380 n=42[0m
[0;32mI (24115) forensics: [HIST] fixture=4 class=true_steady lower_us=385 n=5[0m
[0;32mI (24125) forensics: [HIST] fixture=4 class=true_steady lower_us=390 n=2[0m
[0;32mI (24135) forensics: [HIST] fixture=4 class=true_steady lower_us=400 n=1[0m
[0;32mI (24135) forensics: [HIST] fixture=4 class=true_steady lower_us=405 n=5[0m
[0;32mI (24145) forensics: [HIST] fixture=4 class=true_steady lower_us=410 n=3[0m
[0;32mI (24155) forensics: [HIST] fixture=4 class=true_steady lower_us=415 n=10[0m
[0;32mI (24155) forensics: [HIST] fixture=4 class=true_steady lower_us=420 n=2[0m
[0;32mI (24165) forensics: [HIST] fixture=4 class=true_steady lower_us=425 n=1[0m
[0;32mI (24175) forensics: [HIST] fixture=4 class=true_steady lower_us=490 n=1139[0m
[0;32mI (24185) forensics: [HIST] fixture=4 class=true_steady lower_us=495 n=227[0m
[0;32mI (24185) forensics: [HIST] fixture=4 class=true_steady lower_us=500 n=54[0m
[0;32mI (24195) forensics: [HIST] fixture=4 class=true_steady lower_us=505 n=20[0m
[0;32mI (24205) forensics: [HIST] fixture=4 class=true_steady lower_us=510 n=14[0m
[0;32mI (24215) forensics: [HIST] fixture=4 class=true_steady lower_us=515 n=12[0m
[0;32mI (24215) forensics: [HIST] fixture=4 class=true_steady lower_us=520 n=17[0m
[0;32mI (24225) forensics: [HIST] fixture=4 class=true_steady lower_us=525 n=25[0m
[0;32mI (24235) forensics: [HIST] fixture=4 class=true_steady lower_us=530 n=20[0m
[0;32mI (24245) forensics: [HIST] fixture=4 class=true_steady lower_us=535 n=21[0m
[0;32mI (24245) forensics: [HIST] fixture=4 class=true_steady lower_us=540 n=14[0m
[0;32mI (24255) forensics: [HIST] fixture=4 class=true_steady lower_us=545 n=3[0m
[0;32mI (24265) forensics: [HIST] fixture=4 class=true_steady lower_us=550 n=3[0m
[0;32mI (24275) forensics: [HIST] fixture=4 class=true_steady lower_us=555 n=3[0m
[0;32mI (24275) forensics: [HIST] fixture=4 class=true_steady lower_us=560 n=1[0m
[0;32mI (24285) forensics: [HIST] fixture=4 class=true_steady lower_us=565 n=2[0m
[0;32mI (24295) forensics: [HIST] fixture=4 class=true_steady lower_us=570 n=2[0m
[0;32mI (24305) forensics: [HIST] fixture=4 class=true_steady lower_us=595 n=1[0m
[0;32mI (24305) forensics: [HIST] fixture=4 class=true_steady lower_us=600 n=1[0m
[0;32mI (24315) forensics: [HIST] fixture=4 class=true_steady lower_us=605 n=3609[0m
[0;32mI (24325) forensics: [HIST] fixture=4 class=true_steady lower_us=610 n=994[0m
[0;32mI (24335) forensics: [HIST] fixture=4 class=true_steady lower_us=615 n=574[0m
[0;32mI (24335) forensics: [HIST] fixture=4 class=true_steady lower_us=620 n=127[0m
[0;32mI (24345) forensics: [HIST] fixture=4 class=true_steady lower_us=625 n=74[0m
[0;32mI (24355) forensics: [HIST] fixture=4 class=true_steady lower_us=630 n=62[0m
[0;32mI (24365) forensics: [HIST] fixture=4 class=true_steady lower_us=635 n=93[0m
[0;32mI (24365) forensics: [HIST] fixture=4 class=true_steady lower_us=640 n=96[0m
[0;32mI (24375) forensics: [HIST] fixture=4 class=true_steady lower_us=645 n=108[0m
[0;32mI (24385) forensics: [HIST] fixture=4 class=true_steady lower_us=650 n=30[0m
[0;32mI (24395) forensics: [HIST] fixture=4 class=true_steady lower_us=655 n=14[0m
[0;32mI (24395) forensics: [HIST] fixture=4 class=true_steady lower_us=660 n=18[0m
[0;32mI (24405) forensics: [HIST] fixture=4 class=true_steady lower_us=665 n=14[0m
[0;32mI (24415) forensics: [HIST] fixture=4 class=true_steady lower_us=670 n=14[0m
[0;32mI (24425) forensics: [HIST] fixture=4 class=true_steady lower_us=675 n=5[0m
[0;32mI (24425) forensics: [HIST] fixture=4 class=true_steady lower_us=680 n=3[0m
[0;32mI (24435) forensics: [HIST] fixture=4 class=true_steady lower_us=685 n=5[0m
[0;32mI (24445) forensics: [HIST] fixture=4 class=true_steady lower_us=690 n=3[0m
[0;32mI (24455) forensics: [HIST] fixture=4 class=true_steady lower_us=695 n=6[0m
[0;32mI (24455) forensics: [HIST] fixture=4 class=true_steady lower_us=700 n=5[0m
[0;32mI (24465) forensics: [HIST] fixture=4 class=true_steady lower_us=705 n=3[0m
[0;32mI (24475) forensics: [HIST] fixture=4 class=true_steady lower_us=710 n=7[0m
[0;32mI (24475) forensics: [HIST] fixture=4 class=true_steady lower_us=715 n=2[0m
[0;32mI (24485) forensics: [HIST] fixture=4 class=true_steady lower_us=720 n=7[0m
[0;32mI (24495) forensics: [HIST] fixture=4 class=true_steady lower_us=725 n=7[0m
[0;32mI (24505) forensics: [HIST] fixture=4 class=true_steady lower_us=730 n=10[0m
[0;32mI (24505) forensics: [HIST] fixture=4 class=true_steady lower_us=735 n=4[0m
[0;32mI (24515) forensics: [HIST] fixture=4 class=true_steady lower_us=740 n=4[0m
[0;32mI (24525) forensics: [HIST] fixture=4 class=true_steady lower_us=745 n=3[0m
[0;32mI (24535) forensics: [HIST] fixture=4 class=true_steady lower_us=750 n=7[0m
[0;32mI (24535) forensics: [HIST] fixture=4 class=true_steady lower_us=755 n=6[0m
[0;32mI (24545) forensics: [HIST] fixture=4 class=true_steady lower_us=760 n=4[0m
[0;32mI (24555) forensics: [HIST] fixture=4 class=true_steady lower_us=765 n=3[0m
[0;32mI (24565) forensics: [HIST] fixture=4 class=true_steady lower_us=770 n=3[0m
[0;32mI (24565) forensics: [HIST] fixture=4 class=true_steady lower_us=775 n=4[0m
[0;32mI (24575) forensics: [HIST] fixture=4 class=true_steady lower_us=780 n=11[0m
[0;32mI (24585) forensics: [HIST] fixture=4 class=true_steady lower_us=785 n=5[0m
[0;32mI (24595) forensics: [HIST] fixture=4 class=true_steady lower_us=790 n=4[0m
[0;32mI (24595) forensics: [HIST] fixture=4 class=true_steady lower_us=795 n=3[0m
[0;32mI (24605) forensics: [HIST] fixture=4 class=true_steady lower_us=800 n=5[0m
[0;32mI (24615) forensics: [HIST] fixture=4 class=true_steady lower_us=805 n=4[0m
[0;32mI (24625) forensics: [HIST] fixture=4 class=true_steady lower_us=830 n=2[0m
[0;32mI (24625) forensics: [HIST] fixture=4 class=true_steady lower_us=835 n=1[0m
[0;32mI (24635) forensics: [HIST] fixture=4 class=true_steady lower_us=840 n=1[0m
[0;32mI (24645) forensics: [HIST] fixture=4 class=true_steady lower_us=855 n=2[0m
[0;32mI (24645) forensics: [HIST] fixture=4 class=true_steady lower_us=885 n=1[0m
[0;32mI (24655) forensics: [HIST] fixture=4 class=true_steady lower_us=940 n=1[0m
[0;32mI (24665) forensics: [CALLBACK_CURVE] model=VIBRAPHONE fixture=4 voices=4 class=true_steady n=8100 avg_us=589.46 p95_us=685 p99_us=825 p995_us=880 p999_us=965 max_us=1065 deadline=0 overhead_avg_us=16.71[0m
[0;32mI (24685) forensics: [CALLBACK_HIST] fixture=4 class=true_steady lower_us=265 n=193[0m
[0;32mI (24695) forensics: [CALLBACK_HIST] fixture=4 class=true_steady lower_us=270 n=26[0m
[0;32mI (24695) forensics: [CALLBACK_HIST] fixture=4 class=true_steady lower_us=275 n=28[0m
[0;32mI (24705) forensics: [CALLBACK_HIST] fixture=4 class=true_steady lower_us=280 n=11[0m
[0;32mI (24715) forensics: [CALLBACK_HIST] fixture=4 class=true_steady lower_us=285 n=2[0m
[0;32mI (24725) forensics: [CALLBACK_HIST] fixture=4 class=true_steady lower_us=290 n=2[0m
[0;32mI (24735) forensics: [CALLBACK_HIST] fixture=4 class=true_steady lower_us=295 n=1[0m
[0;32mI (24745) forensics: [CALLBACK_HIST] fixture=4 class=true_steady lower_us=300 n=1[0m
[0;32mI (24745) forensics: [CALLBACK_HIST] fixture=4 class=true_steady lower_us=305 n=1[0m
[0;32mI (24755) forensics: [CALLBACK_HIST] fixture=4 class=true_steady lower_us=310 n=2[0m
[0;32mI (24765) forensics: [CALLBACK_HIST] fixture=4 class=true_steady lower_us=315 n=1[0m
[0;32mI (24775) forensics: [CALLBACK_HIST] fixture=4 class=true_steady lower_us=320 n=1[0m
[0;32mI (24785) forensics: [CALLBACK_HIST] fixture=4 class=true_steady lower_us=330 n=1[0m
[0;32mI (24785) forensics: [CALLBACK_HIST] fixture=4 class=true_steady lower_us=335 n=2[0m
[0;32mI (24795) forensics: [CALLBACK_HIST] fixture=4 class=true_steady lower_us=355 n=1[0m
[0;32mI (24805) forensics: [CALLBACK_HIST] fixture=4 class=true_steady lower_us=380 n=2[0m
[0;32mI (24815) forensics: [CALLBACK_HIST] fixture=4 class=true_steady lower_us=385 n=189[0m
[0;32mI (24825) forensics: [CALLBACK_HIST] fixture=4 class=true_steady lower_us=390 n=28[0m
[0;32mI (24835) forensics: [CALLBACK_HIST] fixture=4 class=true_steady lower_us=395 n=7[0m
[0;32mI (24835) forensics: [CALLBACK_HIST] fixture=4 class=true_steady lower_us=400 n=2[0m
[0;32mI (24845) forensics: [CALLBACK_HIST] fixture=4 class=true_steady lower_us=405 n=10[0m
[0;32mI (24855) forensics: [CALLBACK_HIST] fixture=4 class=true_steady lower_us=410 n=5[0m
[0;32mI (24865) forensics: [CALLBACK_HIST] fixture=4 class=true_steady lower_us=415 n=7[0m
[0;32mI (24875) forensics: [CALLBACK_HIST] fixture=4 class=true_steady lower_us=420 n=1[0m
[0;32mI (24875) forensics: [CALLBACK_HIST] fixture=4 class=true_steady lower_us=430 n=2[0m
[0;32mI (24885) forensics: [CALLBACK_HIST] fixture=4 class=true_steady lower_us=435 n=3[0m
[0;32mI (24895) forensics: [CALLBACK_HIST] fixture=4 class=true_steady lower_us=445 n=1[0m
[0;32mI (24905) forensics: [CALLBACK_HIST] fixture=4 class=true_steady lower_us=450 n=4[0m
[0;32mI (24915) forensics: [CALLBACK_HIST] fixture=4 class=true_steady lower_us=455 n=5[0m
[0;32mI (24925) forensics: [CALLBACK_HIST] fixture=4 class=true_steady lower_us=460 n=5[0m
[0;32mI (24925) forensics: [CALLBACK_HIST] fixture=4 class=true_steady lower_us=465 n=5[0m
[0;32mI (24935) forensics: [CALLBACK_HIST] fixture=4 class=true_steady lower_us=470 n=1[0m
[0;32mI (24945) forensics: [CALLBACK_HIST] fixture=4 class=true_steady lower_us=475 n=1[0m
[0;32mI (24955) forensics: [CALLBACK_HIST] fixture=4 class=true_steady lower_us=480 n=1[0m
[0;32mI (24965) forensics: [CALLBACK_HIST] fixture=4 class=true_steady lower_us=490 n=1[0m
[0;32mI (24965) forensics: [CALLBACK_HIST] fixture=4 class=true_steady lower_us=495 n=1[0m
[0;32mI (24975) forensics: [CALLBACK_HIST] fixture=4 class=true_steady lower_us=500 n=997[0m
[0;32mI (24985) forensics: [CALLBACK_HIST] fixture=4 class=true_steady lower_us=505 n=178[0m
[0;32mI (24995) forensics: [CALLBACK_HIST] fixture=4 class=true_steady lower_us=510 n=62[0m
[0;32mI (25005) forensics: [CALLBACK_HIST] fixture=4 class=true_steady lower_us=515 n=39[0m
[0;32mI (25015) forensics: [CALLBACK_HIST] fixture=4 class=true_steady lower_us=520 n=62[0m
[0;32mI (25015) forensics: [CALLBACK_HIST] fixture=4 class=true_steady lower_us=525 n=44[0m
[0;32mI (25025) forensics: [CALLBACK_HIST] fixture=4 class=true_steady lower_us=530 n=12[0m
[0;32mI (25035) forensics: [CALLBACK_HIST] fixture=4 class=true_steady lower_us=535 n=15[0m
[0;32mI (25045) forensics: [CALLBACK_HIST] fixture=4 class=true_steady lower_us=540 n=17[0m
[0;32mI (25055) forensics: [CALLBACK_HIST] fixture=4 class=true_steady lower_us=545 n=8[0m
[0;32mI (25065) forensics: [CALLBACK_HIST] fixture=4 class=true_steady lower_us=550 n=14[0m
[0;32mI (25065) forensics: [CALLBACK_HIST] fixture=4 class=true_steady lower_us=555 n=17[0m
[0;32mI (25075) forensics: [CALLBACK_HIST] fixture=4 class=true_steady lower_us=560 n=15[0m
[0;32mI (25085) forensics: [CALLBACK_HIST] fixture=4 class=true_steady lower_us=565 n=21[0m
[0;32mI (25095) forensics: [CALLBACK_HIST] fixture=4 class=true_steady lower_us=570 n=15[0m
[0;32mI (25105) forensics: [CALLBACK_HIST] fixture=4 class=true_steady lower_us=575 n=11[0m
[0;32mI (25105) forensics: [CALLBACK_HIST] fixture=4 class=true_steady lower_us=580 n=10[0m
[0;32mI (25115) forensics: [CALLBACK_HIST] fixture=4 class=true_steady lower_us=585 n=16[0m
[0;32mI (25125) forensics: [CALLBACK_HIST] fixture=4 class=true_steady lower_us=590 n=6[0m
[0;32mI (25135) forensics: [CALLBACK_HIST] fixture=4 class=true_steady lower_us=595 n=3[0m
[0;32mI (25145) forensics: [CALLBACK_HIST] fixture=4 class=true_steady lower_us=600 n=2[0m
[0;32mI (25155) forensics: [CALLBACK_HIST] fixture=4 class=true_steady lower_us=605 n=3[0m
[0;32mI (25155) forensics: [CALLBACK_HIST] fixture=4 class=true_steady lower_us=610 n=3[0m
[0;32mI (25165) forensics: [CALLBACK_HIST] fixture=4 class=true_steady lower_us=615 n=3282[0m
[0;32mI (25175) forensics: [CALLBACK_HIST] fixture=4 class=true_steady lower_us=620 n=884[0m
[0;32mI (25185) forensics: [CALLBACK_HIST] fixture=4 class=true_steady lower_us=625 n=285[0m
[0;32mI (25195) forensics: [CALLBACK_HIST] fixture=4 class=true_steady lower_us=630 n=196[0m
[0;32mI (25205) forensics: [CALLBACK_HIST] fixture=4 class=true_steady lower_us=635 n=189[0m
[0;32mI (25205) forensics: [CALLBACK_HIST] fixture=4 class=true_steady lower_us=640 n=241[0m
[0;32mI (25215) forensics: [CALLBACK_HIST] fixture=4 class=true_steady lower_us=645 n=91[0m
[0;32mI (25225) forensics: [CALLBACK_HIST] fixture=4 class=true_steady lower_us=650 n=76[0m
[0;32mI (25235) forensics: [CALLBACK_HIST] fixture=4 class=true_steady lower_us=655 n=48[0m
[0;32mI (25245) forensics: [CALLBACK_HIST] fixture=4 class=true_steady lower_us=660 n=70[0m
[0;32mI (25255) forensics: [CALLBACK_HIST] fixture=4 class=true_steady lower_us=665 n=48[0m
[0;32mI (25255) forensics: [CALLBACK_HIST] fixture=4 class=true_steady lower_us=670 n=53[0m
[0;32mI (25265) forensics: [CALLBACK_HIST] fixture=4 class=true_steady lower_us=675 n=68[0m
[0;32mI (25275) forensics: [CALLBACK_HIST] fixture=4 class=true_steady lower_us=680 n=53[0m
[0;32mI (25285) forensics: [CALLBACK_HIST] fixture=4 class=true_steady lower_us=685 n=66[0m
[0;32mI (25295) forensics: [CALLBACK_HIST] fixture=4 class=true_steady lower_us=690 n=33[0m
[0;32mI (25295) forensics: [CALLBACK_HIST] fixture=4 class=true_steady lower_us=695 n=40[0m
[0;32mI (25305) forensics: [CALLBACK_HIST] fixture=4 class=true_steady lower_us=700 n=36[0m
[0;32mI (25315) forensics: [CALLBACK_HIST] fixture=4 class=true_steady lower_us=705 n=15[0m
[0;32mI (25325) forensics: [CALLBACK_HIST] fixture=4 class=true_steady lower_us=710 n=17[0m
[0;32mI (25335) forensics: [CALLBACK_HIST] fixture=4 class=true_steady lower_us=715 n=11[0m
[0;32mI (25345) forensics: [CALLBACK_HIST] fixture=4 class=true_steady lower_us=720 n=12[0m
[0;32mI (25345) forensics: [CALLBACK_HIST] fixture=4 class=true_steady lower_us=725 n=5[0m
[0;32mI (25355) forensics: [CALLBACK_HIST] fixture=4 class=true_steady lower_us=730 n=1[0m
[0;32mI (25365) forensics: [CALLBACK_HIST] fixture=4 class=true_steady lower_us=735 n=3[0m
[0;32mI (25375) forensics: [CALLBACK_HIST] fixture=4 class=true_steady lower_us=740 n=4[0m
[0;32mI (25385) forensics: [CALLBACK_HIST] fixture=4 class=true_steady lower_us=745 n=4[0m
[0;32mI (25385) forensics: [CALLBACK_HIST] fixture=4 class=true_steady lower_us=750 n=5[0m
[0;32mI (25395) forensics: [CALLBACK_HIST] fixture=4 class=true_steady lower_us=755 n=3[0m
[0;32mI (25405) forensics: [CALLBACK_HIST] fixture=4 class=true_steady lower_us=760 n=5[0m
[0;32mI (25415) forensics: [CALLBACK_HIST] fixture=4 class=true_steady lower_us=765 n=3[0m
[0;32mI (25425) forensics: [CALLBACK_HIST] fixture=4 class=true_steady lower_us=770 n=3[0m
[0;32mI (25435) forensics: [CALLBACK_HIST] fixture=4 class=true_steady lower_us=775 n=3[0m
[0;32mI (25435) forensics: [CALLBACK_HIST] fixture=4 class=true_steady lower_us=780 n=3[0m
[0;32mI (25445) forensics: [CALLBACK_HIST] fixture=4 class=true_steady lower_us=785 n=2[0m
[0;32mI (25455) forensics: [CALLBACK_HIST] fixture=4 class=true_steady lower_us=790 n=2[0m
[0;32mI (25465) forensics: [CALLBACK_HIST] fixture=4 class=true_steady lower_us=795 n=4[0m
[0;32mI (25475) forensics: [CALLBACK_HIST] fixture=4 class=true_steady lower_us=800 n=4[0m
[0;32mI (25475) forensics: [CALLBACK_HIST] fixture=4 class=true_steady lower_us=805 n=10[0m
[0;32mI (25485) forensics: [CALLBACK_HIST] fixture=4 class=true_steady lower_us=810 n=7[0m
[0;32mI (25495) forensics: [CALLBACK_HIST] fixture=4 class=true_steady lower_us=815 n=7[0m
[0;32mI (25505) forensics: [CALLBACK_HIST] fixture=4 class=true_steady lower_us=820 n=7[0m
[0;32mI (25515) forensics: [CALLBACK_HIST] fixture=4 class=true_steady lower_us=825 n=5[0m
[0;32mI (25525) forensics: [CALLBACK_HIST] fixture=4 class=true_steady lower_us=830 n=5[0m
[0;32mI (25525) forensics: [CALLBACK_HIST] fixture=4 class=true_steady lower_us=835 n=3[0m
[0;32mI (25535) forensics: [CALLBACK_HIST] fixture=4 class=true_steady lower_us=840 n=4[0m
[0;32mI (25545) forensics: [CALLBACK_HIST] fixture=4 class=true_steady lower_us=845 n=5[0m
[0;32mI (25555) forensics: [CALLBACK_HIST] fixture=4 class=true_steady lower_us=850 n=3[0m
[0;32mI (25565) forensics: [CALLBACK_HIST] fixture=4 class=true_steady lower_us=855 n=1[0m
[0;32mI (25565) forensics: [CALLBACK_HIST] fixture=4 class=true_steady lower_us=860 n=1[0m
[0;32mI (25575) forensics: [CALLBACK_HIST] fixture=4 class=true_steady lower_us=865 n=2[0m
[0;32mI (25585) forensics: [CALLBACK_HIST] fixture=4 class=true_steady lower_us=870 n=4[0m
[0;32mI (25595) forensics: [CALLBACK_HIST] fixture=4 class=true_steady lower_us=875 n=5[0m
[0;32mI (25605) forensics: [CALLBACK_HIST] fixture=4 class=true_steady lower_us=880 n=3[0m
[0;32mI (25615) forensics: [CALLBACK_HIST] fixture=4 class=true_steady lower_us=885 n=6[0m
[0;32mI (25615) forensics: [CALLBACK_HIST] fixture=4 class=true_steady lower_us=890 n=6[0m
[0;32mI (25625) forensics: [CALLBACK_HIST] fixture=4 class=true_steady lower_us=895 n=1[0m
[0;32mI (25635) forensics: [CALLBACK_HIST] fixture=4 class=true_steady lower_us=905 n=1[0m
[0;32mI (25645) forensics: [CALLBACK_HIST] fixture=4 class=true_steady lower_us=910 n=3[0m
[0;32mI (25655) forensics: [CALLBACK_HIST] fixture=4 class=true_steady lower_us=915 n=2[0m
[0;32mI (25655) forensics: [CALLBACK_HIST] fixture=4 class=true_steady lower_us=920 n=1[0m
[0;32mI (25665) forensics: [CALLBACK_HIST] fixture=4 class=true_steady lower_us=925 n=2[0m
[0;32mI (25675) forensics: [CALLBACK_HIST] fixture=4 class=true_steady lower_us=935 n=2[0m
[0;32mI (25685) forensics: [CALLBACK_HIST] fixture=4 class=true_steady lower_us=945 n=1[0m
[0;32mI (25695) forensics: [CALLBACK_HIST] fixture=4 class=true_steady lower_us=950 n=1[0m
[0;32mI (25695) forensics: [CALLBACK_HIST] fixture=4 class=true_steady lower_us=960 n=2[0m
[0;32mI (25705) forensics: [CALLBACK_HIST] fixture=4 class=true_steady lower_us=965 n=2[0m
[0;32mI (25715) forensics: [CALLBACK_HIST] fixture=4 class=true_steady lower_us=975 n=2[0m
[0;32mI (25725) forensics: [CALLBACK_HIST] fixture=4 class=true_steady lower_us=980 n=1[0m
[0;32mI (25735) forensics: [CALLBACK_HIST] fixture=4 class=true_steady lower_us=1025 n=1[0m
[0;32mI (25745) forensics: [CALLBACK_HIST] fixture=4 class=true_steady lower_us=1035 n=1[0m
[0;32mI (25745) forensics: [CALLBACK_HIST] fixture=4 class=true_steady lower_us=1065 n=1[0m
[0;32mI (25755) forensics: [CURVE] model=VIBRAPHONE fixture=4 voices=4 class=attack_tail n=60 avg_us=646.67 p95_us=720 p99_us=740 p995_us=740 p999_us=740 max_us=737 deadline=0 bad_voices=0 ble_lost=0 hard=0 sat=0 bin_us=5 max_observed_voices=4[0m
[0;32mI (25775) forensics: [HIST] fixture=4 class=attack_tail lower_us=275 n=1[0m
[0;32mI (25785) forensics: [HIST] fixture=4 class=attack_tail lower_us=325 n=1[0m
[0;32mI (25795) forensics: [HIST] fixture=4 class=attack_tail lower_us=395 n=1[0m
[0;32mI (25805) forensics: [HIST] fixture=4 class=attack_tail lower_us=445 n=1[0m
[0;32mI (25805) forensics: [HIST] fixture=4 class=attack_tail lower_us=510 n=1[0m
[0;32mI (25815) forensics: [HIST] fixture=4 class=attack_tail lower_us=575 n=1[0m
[0;32mI (25825) forensics: [HIST] fixture=4 class=attack_tail lower_us=630 n=19[0m
[0;32mI (25835) forensics: [HIST] fixture=4 class=attack_tail lower_us=635 n=2[0m
[0;32mI (25835) forensics: [HIST] fixture=4 class=attack_tail lower_us=640 n=1[0m
[0;32mI (25845) forensics: [HIST] fixture=4 class=attack_tail lower_us=645 n=1[0m
[0;32mI (25855) forensics: [HIST] fixture=4 class=attack_tail lower_us=650 n=1[0m
[0;32mI (25865) forensics: [HIST] fixture=4 class=attack_tail lower_us=665 n=1[0m
[0;32mI (25865) forensics: [HIST] fixture=4 class=attack_tail lower_us=675 n=1[0m
[0;32mI (25875) forensics: [HIST] fixture=4 class=attack_tail lower_us=680 n=1[0m
[0;32mI (25885) forensics: [HIST] fixture=4 class=attack_tail lower_us=685 n=3[0m
[0;32mI (25885) forensics: [HIST] fixture=4 class=attack_tail lower_us=690 n=4[0m
[0;32mI (25895) forensics: [HIST] fixture=4 class=attack_tail lower_us=695 n=2[0m
[0;32mI (25905) forensics: [HIST] fixture=4 class=attack_tail lower_us=700 n=3[0m
[0;32mI (25915) forensics: [HIST] fixture=4 class=attack_tail lower_us=705 n=4[0m
[0;32mI (25915) forensics: [HIST] fixture=4 class=attack_tail lower_us=710 n=4[0m
[0;32mI (25925) forensics: [HIST] fixture=4 class=attack_tail lower_us=715 n=4[0m
[0;32mI (25935) forensics: [HIST] fixture=4 class=attack_tail lower_us=720 n=1[0m
[0;32mI (25945) forensics: [HIST] fixture=4 class=attack_tail lower_us=725 n=1[0m
[0;32mI (25945) forensics: [HIST] fixture=4 class=attack_tail lower_us=735 n=1[0m
[0;32mI (25955) forensics: [CALLBACK_CURVE] model=VIBRAPHONE fixture=4 voices=4 class=attack_tail n=60 avg_us=673.20 p95_us=785 p99_us=795 p995_us=795 p999_us=795 max_us=792 deadline=0 overhead_avg_us=26.53[0m
[0;32mI (25975) forensics: [CALLBACK_HIST] fixture=4 class=attack_tail lower_us=290 n=1[0m
[0;32mI (25985) forensics: [CALLBACK_HIST] fixture=4 class=attack_tail lower_us=345 n=1[0m
[0;32mI (25995) forensics: [CALLBACK_HIST] fixture=4 class=attack_tail lower_us=405 n=1[0m
[0;32mI (25995) forensics: [CALLBACK_HIST] fixture=4 class=attack_tail lower_us=460 n=1[0m
[0;32mI (26005) forensics: [CALLBACK_HIST] fixture=4 class=attack_tail lower_us=520 n=1[0m
[0;32mI (26015) forensics: [CALLBACK_HIST] fixture=4 class=attack_tail lower_us=600 n=1[0m
[0;32mI (26025) forensics: [CALLBACK_HIST] fixture=4 class=attack_tail lower_us=635 n=8[0m
[0;32mI (26035) forensics: [CALLBACK_HIST] fixture=4 class=attack_tail lower_us=640 n=9[0m
[0;32mI (26035) forensics: [CALLBACK_HIST] fixture=4 class=attack_tail lower_us=645 n=1[0m
[0;32mI (26045) forensics: [CALLBACK_HIST] fixture=4 class=attack_tail lower_us=650 n=2[0m
[0;32mI (26055) forensics: [CALLBACK_HIST] fixture=4 class=attack_tail lower_us=655 n=1[0m
[0;32mI (26065) forensics: [CALLBACK_HIST] fixture=4 class=attack_tail lower_us=660 n=1[0m
[0;32mI (26075) forensics: [CALLBACK_HIST] fixture=4 class=attack_tail lower_us=670 n=1[0m
[0;32mI (26085) forensics: [CALLBACK_HIST] fixture=4 class=attack_tail lower_us=675 n=1[0m
[0;32mI (26085) forensics: [CALLBACK_HIST] fixture=4 class=attack_tail lower_us=685 n=2[0m
[0;32mI (26095) forensics: [CALLBACK_HIST] fixture=4 class=attack_tail lower_us=705 n=2[0m
[0;32mI (26105) forensics: [CALLBACK_HIST] fixture=4 class=attack_tail lower_us=710 n=1[0m
[0;32mI (26115) forensics: [CALLBACK_HIST] fixture=4 class=attack_tail lower_us=715 n=3[0m
[0;32mI (26125) forensics: [CALLBACK_HIST] fixture=4 class=attack_tail lower_us=720 n=1[0m
[0;32mI (26125) forensics: [CALLBACK_HIST] fixture=4 class=attack_tail lower_us=730 n=2[0m
[0;32mI (26135) forensics: [CALLBACK_HIST] fixture=4 class=attack_tail lower_us=735 n=3[0m
[0;32mI (26145) forensics: [CALLBACK_HIST] fixture=4 class=attack_tail lower_us=740 n=1[0m
[0;32mI (26155) forensics: [CALLBACK_HIST] fixture=4 class=attack_tail lower_us=745 n=1[0m
[0;32mI (26165) forensics: [CALLBACK_HIST] fixture=4 class=attack_tail lower_us=750 n=3[0m
[0;32mI (26175) forensics: [CALLBACK_HIST] fixture=4 class=attack_tail lower_us=755 n=4[0m
[0;32mI (26175) forensics: [CALLBACK_HIST] fixture=4 class=attack_tail lower_us=760 n=1[0m
[0;32mI (26185) forensics: [CALLBACK_HIST] fixture=4 class=attack_tail lower_us=765 n=2[0m
[0;32mI (26195) forensics: [CALLBACK_HIST] fixture=4 class=attack_tail lower_us=780 n=1[0m
[0;32mI (26205) forensics: [CALLBACK_HIST] fixture=4 class=attack_tail lower_us=785 n=1[0m
[0;32mI (26215) forensics: [CALLBACK_HIST] fixture=4 class=attack_tail lower_us=790 n=2[0m
[0;32mI (26215) forensics: [CURVE] model=VIBRAPHONE fixture=4 voices=4 class=event n=30 avg_us=1015.86 p95_us=1085 p99_us=1645 p995_us=1645 p999_us=1645 max_us=1641 deadline=0 bad_voices=0 ble_lost=0 hard=0 sat=0 bin_us=5 max_observed_voices=4[0m
[0;32mI (26245) forensics: [HIST] fixture=4 class=event lower_us=625 n=1[0m
[0;32mI (26245) forensics: [HIST] fixture=4 class=event lower_us=830 n=1[0m
[0;32mI (26255) forensics: [HIST] fixture=4 class=event lower_us=875 n=1[0m
[0;32mI (26265) forensics: [HIST] fixture=4 class=event lower_us=950 n=1[0m
[0;32mI (26265) forensics: [HIST] fixture=4 class=event lower_us=955 n=2[0m
[0;32mI (26275) forensics: [HIST] fixture=4 class=event lower_us=960 n=2[0m
[0;32mI (26285) forensics: [HIST] fixture=4 class=event lower_us=965 n=2[0m
[0;32mI (26285) forensics: [HIST] fixture=4 class=event lower_us=970 n=1[0m
[0;32mI (26295) forensics: [HIST] fixture=4 class=event lower_us=985 n=1[0m
[0;32mI (26305) forensics: [HIST] fixture=4 class=event lower_us=990 n=1[0m
[0;32mI (26305) forensics: [HIST] fixture=4 class=event lower_us=995 n=1[0m
[0;32mI (26315) forensics: [HIST] fixture=4 class=event lower_us=1005 n=1[0m
[0;32mI (26325) forensics: [HIST] fixture=4 class=event lower_us=1010 n=1[0m
[0;32mI (26335) forensics: [HIST] fixture=4 class=event lower_us=1025 n=1[0m
[0;32mI (26335) forensics: [HIST] fixture=4 class=event lower_us=1040 n=1[0m
[0;32mI (26345) forensics: [HIST] fixture=4 class=event lower_us=1055 n=1[0m
[0;32mI (26355) forensics: [HIST] fixture=4 class=event lower_us=1060 n=2[0m
[0;32mI (26355) forensics: [HIST] fixture=4 class=event lower_us=1065 n=3[0m
[0;32mI (26365) forensics: [HIST] fixture=4 class=event lower_us=1070 n=1[0m
[0;32mI (26375) forensics: [HIST] fixture=4 class=event lower_us=1075 n=2[0m
[0;32mI (26375) forensics: [HIST] fixture=4 class=event lower_us=1080 n=2[0m
[0;32mI (26385) forensics: [HIST] fixture=4 class=event lower_us=1640 n=1[0m
[0;32mI (26395) forensics: [CALLBACK_CURVE] model=VIBRAPHONE fixture=4 voices=4 class=event n=30 avg_us=1068.47 p95_us=1140 p99_us=1740 p995_us=1740 p999_us=1740 max_us=1737 deadline=0 overhead_avg_us=52.61[0m
[0;32mI (26415) forensics: [CALLBACK_HIST] fixture=4 class=event lower_us=660 n=1[0m
[0;32mI (26415) forensics: [CALLBACK_HIST] fixture=4 class=event lower_us=870 n=1[0m
[0;32mI (26425) forensics: [CALLBACK_HIST] fixture=4 class=event lower_us=935 n=1[0m
[0;32mI (26435) forensics: [CALLBACK_HIST] fixture=4 class=event lower_us=990 n=3[0m
[0;32mI (26445) forensics: [CALLBACK_HIST] fixture=4 class=event lower_us=995 n=2[0m
[0;32mI (26445) forensics: [CALLBACK_HIST] fixture=4 class=event lower_us=1020 n=3[0m
[0;32mI (26455) forensics: [CALLBACK_HIST] fixture=4 class=event lower_us=1050 n=1[0m
[0;32mI (26465) forensics: [CALLBACK_HIST] fixture=4 class=event lower_us=1060 n=3[0m
[0;32mI (26475) forensics: [CALLBACK_HIST] fixture=4 class=event lower_us=1070 n=1[0m
[0;32mI (26485) forensics: [CALLBACK_HIST] fixture=4 class=event lower_us=1075 n=1[0m
[0;32mI (26485) forensics: [CALLBACK_HIST] fixture=4 class=event lower_us=1095 n=1[0m
[0;32mI (26495) forensics: [CALLBACK_HIST] fixture=4 class=event lower_us=1100 n=1[0m
[0;32mI (26505) forensics: [CALLBACK_HIST] fixture=4 class=event lower_us=1105 n=1[0m
[0;32mI (26515) forensics: [CALLBACK_HIST] fixture=4 class=event lower_us=1110 n=1[0m
[0;32mI (26515) forensics: [CALLBACK_HIST] fixture=4 class=event lower_us=1115 n=3[0m
[0;32mI (26525) forensics: [CALLBACK_HIST] fixture=4 class=event lower_us=1120 n=1[0m
[0;32mI (26535) forensics: [CALLBACK_HIST] fixture=4 class=event lower_us=1125 n=1[0m
[0;32mI (26545) forensics: [CALLBACK_HIST] fixture=4 class=event lower_us=1130 n=1[0m
[0;32mI (26555) forensics: [CALLBACK_HIST] fixture=4 class=event lower_us=1135 n=2[0m
[0;32mI (26555) forensics: [CALLBACK_HIST] fixture=4 class=event lower_us=1735 n=1[0m
[0;32mI (26565) forensics: [CURVE] model=VIBRAPHONE fixture=4 voices=4 class=fixture_transition n=1 avg_us=496.17 p95_us=500 p99_us=500 p995_us=500 p999_us=500 max_us=497 deadline=0 bad_voices=0 ble_lost=0 hard=0 sat=0 bin_us=5 max_observed_voices=4[0m
[0;32mI (26585) forensics: [HIST] fixture=4 class=fixture_transition lower_us=495 n=1[0m
[0;32mI (26595) forensics: [CALLBACK_CURVE] model=VIBRAPHONE fixture=4 voices=4 class=fixture_transition n=1 avg_us=671.00 p95_us=675 p99_us=675 p995_us=675 p999_us=675 max_us=671 deadline=0 overhead_avg_us=174.83[0m
[0;32mI (26615) forensics: [CALLBACK_HIST] fixture=4 class=fixture_transition lower_us=670 n=1[0m
[0;32mI (26625) forensics: [FASTPATH] fixture=4 stable8=0 attack=90[0m
[0;32mI (26625) forensics: [OVERHEAD] fixture=4 blocks=8654 model_reset_avg_us=1.97 model_reset_max_us=25 queue_avg_us=1.65 queue_max_us=39 render_avg_us=549.87 telem_avg_us=4.11 telem_max_us=133 telem_publishes=1081[0m
[0;32mI (26685) pocket_pan_main: [AUDIO] model=PAN blocks=9676 avg_us=282 p99_us=0 max_us=968 cpu_load=10.6 deadline=0 timeout=0 tx_error=0 short=0[0m
[0;32mI (26685) pocket_pan_main: [MIDI] push=0 pop=0 drop=0 hwm=0 last=(n=62 v=0 t=78 hex=000000)[0m
[0;32mI (26695) pocket_pan_main: [BLE] state=8 interval_ms=11.25 latency=0 rssi=-62 reconnects=0 last_disconnect=0[0m
[0;32mI (26705) pocket_pan_main: [MEM] internal_free=72427 largest_internal=31744[0m
[0;32mI (26715) pocket_pan_main: [UIREDRAW] urgent=36 telemetry=84 skip=630[0m
[0;32mI (31705) pocket_pan_main: [AUDIO] model=PAN blocks=11557 avg_us=271 p99_us=375 max_us=1004 cpu_load=10.2 deadline=0 timeout=0 tx_error=0 short=0[0m
[0;32mI (31705) pocket_pan_main: [MIDI] push=0 pop=0 drop=0 hwm=0 last=(n=62 v=0 t=78 hex=000000)[0m
[0;32mI (31715) pocket_pan_main: [BLE] state=8 interval_ms=11.25 latency=0 rssi=-71 reconnects=0 last_disconnect=0[0m
[0;32mI (31725) pocket_pan_main: [MEM] internal_free=81067 largest_internal=32768[0m
[0;32mI (31735) pocket_pan_main: [UIREDRAW] urgent=36 telemetry=106 skip=774[0m
[0;32mI (36725) pocket_pan_main: [AUDIO] model=PAN blocks=13439 avg_us=271 p99_us=375 max_us=1019 cpu_load=10.2 deadline=0 timeout=0 tx_error=0 short=0[0m
[0;32mI (36725) pocket_pan_main: [MIDI] push=0 pop=0 drop=0 hwm=0 last=(n=62 v=0 t=78 hex=000000)[0m
[0;32mI (36735) pocket_pan_main: [BLE] state=8 interval_ms=11.25 latency=0 rssi=-62 reconnects=0 last_disconnect=0[0m
[0;32mI (36745) pocket_pan_main: [MEM] internal_free=81067 largest_internal=32768[0m
[0;32mI (36755) pocket_pan_main: [UIREDRAW] urgent=36 telemetry=128 skip=918[0m
[0;32mI (41735) pocket_pan_main: [AUDIO] model=PAN blocks=15319 avg_us=280 p99_us=375 max_us=1019 cpu_load=10.5 deadline=0 timeout=0 tx_error=0 short=0[0m
[0;32mI (41735) pocket_pan_main: [MIDI] push=0 pop=0 drop=0 hwm=0 last=(n=62 v=0 t=78 hex=000000)[0m
[0;32mI (41745) pocket_pan_main: [BLE] state=8 interval_ms=11.25 latency=0 rssi=-68 reconnects=0 last_disconnect=0[0m
[0;32mI (41755) pocket_pan_main: [MEM] internal_free=81067 largest_internal=32768[0m
[0;32mI (41765) pocket_pan_main: [UIREDRAW] urgent=36 telemetry=151 skip=1061[0m
[0;32mI (45825) forensics: [FIXTURE_IO] model=VIBRAPHONE fixture=5 avg_us=279 p99_us=375 max_us=1019 cpu_pct=10.46 deadline=0 timeouts=0 tx_errors=0 short_writes=0[0m
[0;32mI (45825) forensics: [CURVE] model=VIBRAPHONE fixture=5 voices=1 class=true_steady n=8059 avg_us=258.82 p95_us=265 p99_us=290 p995_us=300 p999_us=325 max_us=354 deadline=0 bad_voices=0 ble_lost=0 hard=0 sat=0 bin_us=5 max_observed_voices=1[0m
[0;32mI (45845) forensics: [HIST] fixture=5 class=true_steady lower_us=255 n=6658[0m
[0;32mI (45855) forensics: [HIST] fixture=5 class=true_steady lower_us=260 n=1122[0m
[0;32mI (45865) forensics: [HIST] fixture=5 class=true_steady lower_us=265 n=72[0m
[0;32mI (45875) forensics: [HIST] fixture=5 class=true_steady lower_us=270 n=55[0m
[0;32mI (45875) forensics: [HIST] fixture=5 class=true_steady lower_us=275 n=29[0m
[0;32mI (45885) forensics: [HIST] fixture=5 class=true_steady lower_us=280 n=35[0m
[0;32mI (45895) forensics: [HIST] fixture=5 class=true_steady lower_us=285 n=22[0m
[0;32mI (45905) forensics: [HIST] fixture=5 class=true_steady lower_us=290 n=19[0m
[0;32mI (45905) forensics: [HIST] fixture=5 class=true_steady lower_us=295 n=14[0m
[0;32mI (45915) forensics: [HIST] fixture=5 class=true_steady lower_us=300 n=10[0m
[0;32mI (45925) forensics: [HIST] fixture=5 class=true_steady lower_us=305 n=7[0m
[0;32mI (45935) forensics: [HIST] fixture=5 class=true_steady lower_us=310 n=2[0m
[0;32mI (45935) forensics: [HIST] fixture=5 class=true_steady lower_us=315 n=3[0m
[0;32mI (45945) forensics: [HIST] fixture=5 class=true_steady lower_us=320 n=4[0m
[0;32mI (45955) forensics: [HIST] fixture=5 class=true_steady lower_us=325 n=3[0m
[0;32mI (45955) forensics: [HIST] fixture=5 class=true_steady lower_us=335 n=2[0m
[0;32mI (45965) forensics: [HIST] fixture=5 class=true_steady lower_us=340 n=1[0m
[0;32mI (45975) forensics: [HIST] fixture=5 class=true_steady lower_us=350 n=1[0m
[0;32mI (45985) forensics: [CALLBACK_CURVE] model=VIBRAPHONE fixture=5 voices=1 class=true_steady n=8059 avg_us=272.20 p95_us=295 p99_us=360 p995_us=390 p999_us=440 max_us=642 deadline=0 overhead_avg_us=13.38[0m
[0;32mI (46005) forensics: [CALLBACK_HIST] fixture=5 class=true_steady lower_us=265 n=5319[0m
[0;32mI (46005) forensics: [CALLBACK_HIST] fixture=5 class=true_steady lower_us=270 n=1139[0m
[0;32mI (46015) forensics: [CALLBACK_HIST] fixture=5 class=true_steady lower_us=275 n=799[0m
[0;32mI (46025) forensics: [CALLBACK_HIST] fixture=5 class=true_steady lower_us=280 n=278[0m
[0;32mI (46035) forensics: [CALLBACK_HIST] fixture=5 class=true_steady lower_us=285 n=91[0m
[0;32mI (46045) forensics: [CALLBACK_HIST] fixture=5 class=true_steady lower_us=290 n=43[0m
[0;32mI (46055) forensics: [CALLBACK_HIST] fixture=5 class=true_steady lower_us=295 n=45[0m
[0;32mI (46055) forensics: [CALLBACK_HIST] fixture=5 class=true_steady lower_us=300 n=51[0m
[0;32mI (46065) forensics: [CALLBACK_HIST] fixture=5 class=true_steady lower_us=305 n=39[0m
[0;32mI (46075) forensics: [CALLBACK_HIST] fixture=5 class=true_steady lower_us=310 n=28[0m
[0;32mI (46085) forensics: [CALLBACK_HIST] fixture=5 class=true_steady lower_us=315 n=30[0m
[0;32mI (46095) forensics: [CALLBACK_HIST] fixture=5 class=true_steady lower_us=320 n=24[0m
[0;32mI (46095) forensics: [CALLBACK_HIST] fixture=5 class=true_steady lower_us=325 n=27[0m
[0;32mI (46105) forensics: [CALLBACK_HIST] fixture=5 class=true_steady lower_us=330 n=17[0m
[0;32mI (46115) forensics: [CALLBACK_HIST] fixture=5 class=true_steady lower_us=335 n=7[0m
[0;32mI (46125) forensics: [CALLBACK_HIST] fixture=5 class=true_steady lower_us=340 n=8[0m
[0;32mI (46135) forensics: [CALLBACK_HIST] fixture=5 class=true_steady lower_us=345 n=8[0m
[0;32mI (46145) forensics: [CALLBACK_HIST] fixture=5 class=true_steady lower_us=350 n=15[0m
[0;32mI (46145) forensics: [CALLBACK_HIST] fixture=5 class=true_steady lower_us=355 n=15[0m
[0;32mI (46155) forensics: [CALLBACK_HIST] fixture=5 class=true_steady lower_us=360 n=6[0m
[0;32mI (46165) forensics: [CALLBACK_HIST] fixture=5 class=true_steady lower_us=365 n=6[0m
[0;32mI (46175) forensics: [CALLBACK_HIST] fixture=5 class=true_steady lower_us=370 n=10[0m
[0;32mI (46185) forensics: [CALLBACK_HIST] fixture=5 class=true_steady lower_us=375 n=7[0m
[0;32mI (46195) forensics: [CALLBACK_HIST] fixture=5 class=true_steady lower_us=380 n=3[0m
[0;32mI (46195) forensics: [CALLBACK_HIST] fixture=5 class=true_steady lower_us=385 n=7[0m
[0;32mI (46205) forensics: [CALLBACK_HIST] fixture=5 class=true_steady lower_us=390 n=1[0m
[0;32mI (46215) forensics: [CALLBACK_HIST] fixture=5 class=true_steady lower_us=395 n=4[0m
[0;32mI (46225) forensics: [CALLBACK_HIST] fixture=5 class=true_steady lower_us=400 n=2[0m
[0;32mI (46235) forensics: [CALLBACK_HIST] fixture=5 class=true_steady lower_us=405 n=7[0m
[0;32mI (46235) forensics: [CALLBACK_HIST] fixture=5 class=true_steady lower_us=410 n=3[0m
[0;32mI (46245) forensics: [CALLBACK_HIST] fixture=5 class=true_steady lower_us=415 n=2[0m
[0;32mI (46255) forensics: [CALLBACK_HIST] fixture=5 class=true_steady lower_us=420 n=4[0m
[0;32mI (46265) forensics: [CALLBACK_HIST] fixture=5 class=true_steady lower_us=425 n=2[0m
[0;32mI (46275) forensics: [CALLBACK_HIST] fixture=5 class=true_steady lower_us=430 n=3[0m
[0;32mI (46275) forensics: [CALLBACK_HIST] fixture=5 class=true_steady lower_us=435 n=1[0m
[0;32mI (46285) forensics: [CALLBACK_HIST] fixture=5 class=true_steady lower_us=440 n=1[0m
[0;32mI (46295) forensics: [CALLBACK_HIST] fixture=5 class=true_steady lower_us=455 n=1[0m
[0;32mI (46305) forensics: [CALLBACK_HIST] fixture=5 class=true_steady lower_us=460 n=1[0m
[0;32mI (46315) forensics: [CALLBACK_HIST] fixture=5 class=true_steady lower_us=465 n=1[0m
[0;32mI (46325) forensics: [CALLBACK_HIST] fixture=5 class=true_steady lower_us=475 n=1[0m
[0;32mI (46325) forensics: [CALLBACK_HIST] fixture=5 class=true_steady lower_us=490 n=1[0m
[0;32mI (46335) forensics: [CALLBACK_HIST] fixture=5 class=true_steady lower_us=615 n=1[0m
[0;32mI (46345) forensics: [CALLBACK_HIST] fixture=5 class=true_steady lower_us=640 n=1[0m
[0;32mI (46355) forensics: [CURVE] model=VIBRAPHONE fixture=5 voices=1 class=attack_tail n=88 avg_us=308.32 p95_us=345 p99_us=360 p995_us=360 p999_us=360 max_us=355 deadline=0 bad_voices=0 ble_lost=0 hard=0 sat=0 bin_us=5 max_observed_voices=1[0m
[0;32mI (46375) forensics: [HIST] fixture=5 class=attack_tail lower_us=275 n=29[0m
[0;32mI (46385) forensics: [HIST] fixture=5 class=attack_tail lower_us=280 n=6[0m
[0;32mI (46385) forensics: [HIST] fixture=5 class=attack_tail lower_us=285 n=1[0m
[0;32mI (46395) forensics: [HIST] fixture=5 class=attack_tail lower_us=290 n=4[0m
[0;32mI (46405) forensics: [HIST] fixture=5 class=attack_tail lower_us=295 n=3[0m
[0;32mI (46415) forensics: [HIST] fixture=5 class=attack_tail lower_us=310 n=1[0m
[0;32mI (46415) forensics: [HIST] fixture=5 class=attack_tail lower_us=325 n=7[0m
[0;32mI (46425) forensics: [HIST] fixture=5 class=attack_tail lower_us=330 n=15[0m
[0;32mI (46435) forensics: [HIST] fixture=5 class=attack_tail lower_us=335 n=14[0m
[0;32mI (46445) forensics: [HIST] fixture=5 class=attack_tail lower_us=340 n=6[0m
[0;32mI (46445) forensics: [HIST] fixture=5 class=attack_tail lower_us=345 n=1[0m
[0;32mI (46455) forensics: [HIST] fixture=5 class=attack_tail lower_us=355 n=1[0m
[0;32mI (46465) forensics: [CALLBACK_CURVE] model=VIBRAPHONE fixture=5 voices=1 class=attack_tail n=88 avg_us=333.82 p95_us=385 p99_us=410 p995_us=410 p999_us=410 max_us=408 deadline=0 overhead_avg_us=25.50[0m
[0;32mI (46485) forensics: [CALLBACK_HIST] fixture=5 class=attack_tail lower_us=285 n=29[0m
[0;32mI (46495) forensics: [CALLBACK_HIST] fixture=5 class=attack_tail lower_us=290 n=3[0m
[0;32mI (46495) forensics: [CALLBACK_HIST] fixture=5 class=attack_tail lower_us=295 n=1[0m
[0;32mI (46505) forensics: [CALLBACK_HIST] fixture=5 class=attack_tail lower_us=300 n=1[0m
[0;32mI (46515) forensics: [CALLBACK_HIST] fixture=5 class=attack_tail lower_us=305 n=1[0m
[0;32mI (46525) forensics: [CALLBACK_HIST] fixture=5 class=attack_tail lower_us=310 n=2[0m
[0;32mI (46535) forensics: [CALLBACK_HIST] fixture=5 class=attack_tail lower_us=315 n=2[0m
[0;32mI (46535) forensics: [CALLBACK_HIST] fixture=5 class=attack_tail lower_us=320 n=1[0m
[0;32mI (46545) forensics: [CALLBACK_HIST] fixture=5 class=attack_tail lower_us=330 n=1[0m
[0;32mI (46555) forensics: [CALLBACK_HIST] fixture=5 class=attack_tail lower_us=335 n=2[0m
[0;32mI (46565) forensics: [CALLBACK_HIST] fixture=5 class=attack_tail lower_us=340 n=1[0m
[0;32mI (46575) forensics: [CALLBACK_HIST] fixture=5 class=attack_tail lower_us=345 n=1[0m
[0;32mI (46585) forensics: [CALLBACK_HIST] fixture=5 class=attack_tail lower_us=350 n=2[0m
[0;32mI (46585) forensics: [CALLBACK_HIST] fixture=5 class=attack_tail lower_us=355 n=3[0m
[0;32mI (46595) forensics: [CALLBACK_HIST] fixture=5 class=attack_tail lower_us=360 n=4[0m
[0;32mI (46605) forensics: [CALLBACK_HIST] fixture=5 class=attack_tail lower_us=365 n=9[0m
[0;32mI (46615) forensics: [CALLBACK_HIST] fixture=5 class=attack_tail lower_us=370 n=10[0m
[0;32mI (46625) forensics: [CALLBACK_HIST] fixture=5 class=attack_tail lower_us=375 n=5[0m
[0;32mI (46625) forensics: [CALLBACK_HIST] fixture=5 class=attack_tail lower_us=380 n=6[0m
[0;32mI (46635) forensics: [CALLBACK_HIST] fixture=5 class=attack_tail lower_us=385 n=2[0m
[0;32mI (46645) forensics: [CALLBACK_HIST] fixture=5 class=attack_tail lower_us=395 n=1[0m
[0;32mI (46655) forensics: [CALLBACK_HIST] fixture=5 class=attack_tail lower_us=405 n=1[0m
[0;32mI (46665) forensics: [CURVE] model=VIBRAPHONE fixture=5 voices=1 class=event n=44 avg_us=894.47 p95_us=920 p99_us=935 p995_us=935 p999_us=935 max_us=933 deadline=0 bad_voices=0 ble_lost=0 hard=0 sat=0 bin_us=5 max_observed_voices=1[0m
[0;32mI (46685) forensics: [HIST] fixture=5 class=event lower_us=695 n=1[0m
[0;32mI (46685) forensics: [HIST] fixture=5 class=event lower_us=800 n=1[0m
[0;32mI (46695) forensics: [HIST] fixture=5 class=event lower_us=880 n=1[0m
[0;32mI (46705) forensics: [HIST] fixture=5 class=event lower_us=885 n=5[0m
[0;32mI (46715) forensics: [HIST] fixture=5 class=event lower_us=890 n=1[0m
[0;32mI (46715) forensics: [HIST] fixture=5 class=event lower_us=895 n=9[0m
[0;32mI (46725) forensics: [HIST] fixture=5 class=event lower_us=900 n=10[0m
[0;32mI (46735) forensics: [HIST] fixture=5 class=event lower_us=905 n=10[0m
[0;32mI (46735) forensics: [HIST] fixture=5 class=event lower_us=910 n=2[0m
[0;32mI (46745) forensics: [HIST] fixture=5 class=event lower_us=915 n=2[0m
[0;32mI (46755) forensics: [HIST] fixture=5 class=event lower_us=925 n=1[0m
[0;32mI (46755) forensics: [HIST] fixture=5 class=event lower_us=930 n=1[0m
[0;32mI (46765) forensics: [CALLBACK_CURVE] model=VIBRAPHONE fixture=5 voices=1 class=event n=44 avg_us=952.48 p95_us=1000 p99_us=1020 p995_us=1020 p999_us=1020 max_us=1019 deadline=0 overhead_avg_us=58.01[0m
[0;32mI (46785) forensics: [CALLBACK_HIST] fixture=5 class=event lower_us=750 n=1[0m
[0;32mI (46795) forensics: [CALLBACK_HIST] fixture=5 class=event lower_us=850 n=1[0m
[0;32mI (46795) forensics: [CALLBACK_HIST] fixture=5 class=event lower_us=915 n=1[0m
[0;32mI (46805) forensics: [CALLBACK_HIST] fixture=5 class=event lower_us=920 n=1[0m
[0;32mI (46815) forensics: [CALLBACK_HIST] fixture=5 class=event lower_us=925 n=1[0m
[0;32mI (46825) forensics: [CALLBACK_HIST] fixture=5 class=event lower_us=930 n=2[0m
[0;32mI (46825) forensics: [CALLBACK_HIST] fixture=5 class=event lower_us=935 n=1[0m
[0;32mI (46835) forensics: [CALLBACK_HIST] fixture=5 class=event lower_us=940 n=3[0m
[0;32mI (46845) forensics: [CALLBACK_HIST] fixture=5 class=event lower_us=945 n=1[0m
[0;32mI (46855) forensics: [CALLBACK_HIST] fixture=5 class=event lower_us=950 n=3[0m
[0;32mI (46865) forensics: [CALLBACK_HIST] fixture=5 class=event lower_us=955 n=11[0m
[0;32mI (46865) forensics: [CALLBACK_HIST] fixture=5 class=event lower_us=960 n=5[0m
[0;32mI (46875) forensics: [CALLBACK_HIST] fixture=5 class=event lower_us=965 n=2[0m
[0;32mI (46885) forensics: [CALLBACK_HIST] fixture=5 class=event lower_us=970 n=4[0m
[0;32mI (46895) forensics: [CALLBACK_HIST] fixture=5 class=event lower_us=975 n=3[0m
[0;32mI (46895) forensics: [CALLBACK_HIST] fixture=5 class=event lower_us=980 n=1[0m
[0;32mI (46905) forensics: [CALLBACK_HIST] fixture=5 class=event lower_us=995 n=1[0m
[0;32mI (46915) forensics: [CALLBACK_HIST] fixture=5 class=event lower_us=1000 n=1[0m
[0;32mI (46925) forensics: [CALLBACK_HIST] fixture=5 class=event lower_us=1015 n=1[0m
[0;32mI (46925) forensics: [CURVE] model=VIBRAPHONE fixture=5 voices=1 class=fixture_transition n=1 avg_us=398.74 p95_us=400 p99_us=400 p995_us=400 p999_us=400 max_us=399 deadline=0 bad_voices=0 ble_lost=0 hard=0 sat=0 bin_us=5 max_observed_voices=1[0m
[0;32mI (46955) forensics: [HIST] fixture=5 class=fixture_transition lower_us=395 n=1[0m
[0;32mI (46955) forensics: [CALLBACK_CURVE] model=VIBRAPHONE fixture=5 voices=1 class=fixture_transition n=1 avg_us=485.00 p95_us=490 p99_us=490 p995_us=490 p999_us=490 max_us=485 deadline=0 overhead_avg_us=86.26[0m
[0;32mI (46975) forensics: [CALLBACK_HIST] fixture=5 class=fixture_transition lower_us=485 n=1[0m
[0;32mI (46985) forensics: [FASTPATH] fixture=5 stable8=0 attack=3[0m
[0;32mI (46995) forensics: [OVERHEAD] fixture=5 blocks=8192 model_reset_avg_us=1.72 model_reset_max_us=13 queue_avg_us=1.31 queue_max_us=24 render_avg_us=267.60 telem_avg_us=3.01 telem_max_us=125 telem_publishes=1024[0m
[0;32mI (47045) pocket_pan_main: [AUDIO] model=PAN blocks=17311 avg_us=279 p99_us=0 max_us=802 cpu_load=10.5 deadline=0 timeout=0 tx_error=0 short=0[0m
[0;32mI (47045) pocket_pan_main: [MIDI] push=0 pop=0 drop=0 hwm=0 last=(n=62 v=0 t=78 hex=000000)[0m
[0;32mI (47055) pocket_pan_main: [BLE] state=8 interval_ms=11.25 latency=0 rssi=-62 reconnects=0 last_disconnect=0[0m
[0;32mI (47065) pocket_pan_main: [MEM] internal_free=81067 largest_internal=32768[0m
[0;32mI (47075) pocket_pan_main: [UIREDRAW] urgent=38 telemetry=170 skip=1176[0m
[0;32mI (52065) pocket_pan_main: [AUDIO] model=PAN blocks=19193 avg_us=277 p99_us=375 max_us=877 cpu_load=10.4 deadline=0 timeout=0 tx_error=0 short=0[0m
[0;32mI (52065) pocket_pan_main: [MIDI] push=0 pop=0 drop=0 hwm=0 last=(n=62 v=0 t=78 hex=000000)[0m
[0;32mI (52075) pocket_pan_main: [BLE] state=8 interval_ms=11.25 latency=0 rssi=-62 reconnects=0 last_disconnect=0[0m
[0;32mI (52085) pocket_pan_main: [MEM] internal_free=81067 largest_internal=32768[0m
[0;32mI (52095) pocket_pan_main: [UIREDRAW] urgent=38 telemetry=193 skip=1319[0m
[0;32mI (57085) pocket_pan_main: [AUDIO] model=PAN blocks=21075 avg_us=277 p99_us=375 max_us=877 cpu_load=10.4 deadline=0 timeout=0 tx_error=0 short=0[0m
[0;32mI (57085) pocket_pan_main: [MIDI] push=0 pop=0 drop=0 hwm=0 last=(n=62 v=0 t=78 hex=000000)[0m
[0;32mI (57095) pocket_pan_main: [BLE] state=8 interval_ms=11.25 latency=0 rssi=-61 reconnects=0 last_disconnect=0[0m
[0;32mI (57105) pocket_pan_main: [MEM] internal_free=81067 largest_internal=32768[0m
[0;32mI (57115) pocket_pan_main: [UIREDRAW] urgent=38 telemetry=217 skip=1461[0m
[0;32mI (62105) pocket_pan_main: [AUDIO] model=PAN blocks=22956 avg_us=277 p99_us=375 max_us=877 cpu_load=10.4 deadline=0 timeout=0 tx_error=0 short=0[0m
[0;32mI (62105) pocket_pan_main: [MIDI] push=0 pop=0 drop=0 hwm=0 last=(n=62 v=0 t=78 hex=000000)[0m
[0;32mI (62115) pocket_pan_main: [BLE] state=8 interval_ms=11.25 latency=0 rssi=-62 reconnects=0 last_disconnect=0[0m
[0;32mI (62125) pocket_pan_main: [MEM] internal_free=81067 largest_internal=32768[0m
[0;32mI (62135) pocket_pan_main: [UIREDRAW] urgent=38 telemetry=240 skip=1604[0m
[0;32mI (67115) pocket_pan_main: [AUDIO] model=PAN blocks=24837 avg_us=277 p99_us=375 max_us=905 cpu_load=10.4 deadline=0 timeout=0 tx_error=0 short=0[0m
[0;32mI (67115) pocket_pan_main: [MIDI] push=0 pop=0 drop=0 hwm=0 last=(n=62 v=0 t=78 hex=000000)[0m
[0;32mI (67125) pocket_pan_main: [BLE] state=8 interval_ms=11.25 latency=0 rssi=-61 reconnects=0 last_disconnect=0[0m
[0;32mI (67135) pocket_pan_main: [MEM] internal_free=81067 largest_internal=32768[0m
[0;32mI (67145) pocket_pan_main: [UIREDRAW] urgent=38 telemetry=264 skip=1746[0m
[0;32mI (67665) forensics: [FIXTURE_IO] model=VIBRAPHONE fixture=6 avg_us=280 p99_us=375 max_us=905 cpu_pct=10.50 deadline=0 timeouts=0 tx_errors=0 short_writes=0[0m
[0;32mI (67665) forensics: [CURVE] model=VIBRAPHONE fixture=6 voices=1 class=true_steady n=8059 avg_us=258.80 p95_us=265 p99_us=290 p995_us=295 p999_us=315 max_us=346 deadline=0 bad_voices=0 ble_lost=0 hard=0 sat=0 bin_us=5 max_observed_voices=1[0m
[0;32mI (67695) forensics: [HIST] fixture=6 class=true_steady lower_us=255 n=6750[0m
[0;32mI (67695) forensics: [HIST] fixture=6 class=true_steady lower_us=260 n=992[0m
[0;32mI (67705) forensics: [HIST] fixture=6 class=true_steady lower_us=265 n=88[0m
[0;32mI (67715) forensics: [HIST] fixture=6 class=true_steady lower_us=270 n=70[0m
[0;32mI (67725) forensics: [HIST] fixture=6 class=true_steady lower_us=275 n=37[0m
[0;32mI (67725) forensics: [HIST] fixture=6 class=true_steady lower_us=280 n=32[0m
[0;32mI (67735) forensics: [HIST] fixture=6 class=true_steady lower_us=285 n=31[0m
[0;32mI (67745) forensics: [HIST] fixture=6 class=true_steady lower_us=290 n=19[0m
[0;32mI (67755) forensics: [HIST] fixture=6 class=true_steady lower_us=295 n=13[0m
[0;32mI (67755) forensics: [HIST] fixture=6 class=true_steady lower_us=300 n=10[0m
[0;32mI (67765) forensics: [HIST] fixture=6 class=true_steady lower_us=305 n=4[0m
[0;32mI (67775) forensics: [HIST] fixture=6 class=true_steady lower_us=310 n=6[0m
[0;32mI (67785) forensics: [HIST] fixture=6 class=true_steady lower_us=315 n=2[0m
[0;32mI (67785) forensics: [HIST] fixture=6 class=true_steady lower_us=320 n=3[0m
[0;32mI (67795) forensics: [HIST] fixture=6 class=true_steady lower_us=335 n=1[0m
[0;32mI (67805) forensics: [HIST] fixture=6 class=true_steady lower_us=345 n=1[0m
[0;32mI (67815) forensics: [CALLBACK_CURVE] model=VIBRAPHONE fixture=6 voices=1 class=true_steady n=8059 avg_us=272.14 p95_us=300 p99_us=360 p995_us=385 p999_us=425 max_us=557 deadline=0 overhead_avg_us=13.33[0m
[0;32mI (67825) forensics: [CALLBACK_HIST] fixture=6 class=true_steady lower_us=265 n=5428[0m
[0;32mI (67835) forensics: [CALLBACK_HIST] fixture=6 class=true_steady lower_us=270 n=1008[0m
[0;32mI (67845) forensics: [CALLBACK_HIST] fixture=6 class=true_steady lower_us=275 n=729[0m
[0;32mI (67855) forensics: [CALLBACK_HIST] fixture=6 class=true_steady lower_us=280 n=292[0m
[0;32mI (67865) forensics: [CALLBACK_HIST] fixture=6 class=true_steady lower_us=285 n=129[0m
[0;32mI (67875) forensics: [CALLBACK_HIST] fixture=6 class=true_steady lower_us=290 n=64[0m
[0;32mI (67875) forensics: [CALLBACK_HIST] fixture=6 class=true_steady lower_us=295 n=56[0m
[0;32mI (67885) forensics: [CALLBACK_HIST] fixture=6 class=true_steady lower_us=300 n=44[0m
[0;32mI (67895) forensics: [CALLBACK_HIST] fixture=6 class=true_steady lower_us=305 n=43[0m
[0;32mI (67905) forensics: [CALLBACK_HIST] fixture=6 class=true_steady lower_us=310 n=35[0m
[0;32mI (67915) forensics: [CALLBACK_HIST] fixture=6 class=true_steady lower_us=315 n=36[0m
[0;32mI (67925) forensics: [CALLBACK_HIST] fixture=6 class=true_steady lower_us=320 n=25[0m
[0;32mI (67925) forensics: [CALLBACK_HIST] fixture=6 class=true_steady lower_us=325 n=23[0m
[0;32mI (67935) forensics: [CALLBACK_HIST] fixture=6 class=true_steady lower_us=330 n=11[0m
[0;32mI (67945) forensics: [CALLBACK_HIST] fixture=6 class=true_steady lower_us=335 n=13[0m
[0;32mI (67955) forensics: [CALLBACK_HIST] fixture=6 class=true_steady lower_us=340 n=11[0m
[0;32mI (67965) forensics: [CALLBACK_HIST] fixture=6 class=true_steady lower_us=345 n=10[0m
[0;32mI (67965) forensics: [CALLBACK_HIST] fixture=6 class=true_steady lower_us=350 n=10[0m
[0;32mI (67975) forensics: [CALLBACK_HIST] fixture=6 class=true_steady lower_us=355 n=14[0m
[0;32mI (67985) forensics: [CALLBACK_HIST] fixture=6 class=true_steady lower_us=360 n=7[0m
[0;32mI (67995) forensics: [CALLBACK_HIST] fixture=6 class=true_steady lower_us=365 n=10[0m
[0;32mI (68005) forensics: [CALLBACK_HIST] fixture=6 class=true_steady lower_us=370 n=8[0m
[0;32mI (68015) forensics: [CALLBACK_HIST] fixture=6 class=true_steady lower_us=375 n=8[0m
[0;32mI (68015) forensics: [CALLBACK_HIST] fixture=6 class=true_steady lower_us=380 n=11[0m
[0;32mI (68025) forensics: [CALLBACK_HIST] fixture=6 class=true_steady lower_us=385 n=7[0m
[0;32mI (68035) forensics: [CALLBACK_HIST] fixture=6 class=true_steady lower_us=390 n=7[0m
[0;32mI (68045) forensics: [CALLBACK_HIST] fixture=6 class=true_steady lower_us=395 n=1[0m
[0;32mI (68055) forensics: [CALLBACK_HIST] fixture=6 class=true_steady lower_us=400 n=1[0m
[0;32mI (68055) forensics: [CALLBACK_HIST] fixture=6 class=true_steady lower_us=405 n=6[0m
[0;32mI (68065) forensics: [CALLBACK_HIST] fixture=6 class=true_steady lower_us=410 n=2[0m
[0;32mI (68075) forensics: [CALLBACK_HIST] fixture=6 class=true_steady lower_us=415 n=1[0m
[0;32mI (68085) forensics: [CALLBACK_HIST] fixture=6 class=true_steady lower_us=420 n=2[0m
[0;32mI (68095) forensics: [CALLBACK_HIST] fixture=6 class=true_steady lower_us=430 n=2[0m
[0;32mI (68105) forensics: [CALLBACK_HIST] fixture=6 class=true_steady lower_us=450 n=2[0m
[0;32mI (68105) forensics: [CALLBACK_HIST] fixture=6 class=true_steady lower_us=465 n=1[0m
[0;32mI (68115) forensics: [CALLBACK_HIST] fixture=6 class=true_steady lower_us=470 n=1[0m
[0;32mI (68125) forensics: [CALLBACK_HIST] fixture=6 class=true_steady lower_us=555 n=1[0m
[0;32mI (68135) forensics: [CURVE] model=VIBRAPHONE fixture=6 voices=1 class=attack_tail n=88 avg_us=307.25 p95_us=340 p99_us=350 p995_us=350 p999_us=350 max_us=349 deadline=0 bad_voices=0 ble_lost=0 hard=0 sat=0 bin_us=5 max_observed_voices=1[0m
[0;32mI (68155) forensics: [HIST] fixture=6 class=attack_tail lower_us=275 n=33[0m
[0;32mI (68165) forensics: [HIST] fixture=6 class=attack_tail lower_us=280 n=4[0m
[0;32mI (68165) forensics: [HIST] fixture=6 class=attack_tail lower_us=285 n=1[0m
[0;32mI (68175) forensics: [HIST] fixture=6 class=attack_tail lower_us=290 n=2[0m
[0;32mI (68185) forensics: [HIST] fixture=6 class=attack_tail lower_us=295 n=1[0m
[0;32mI (68195) forensics: [HIST] fixture=6 class=attack_tail lower_us=300 n=3[0m
[0;32mI (68195) forensics: [HIST] fixture=6 class=attack_tail lower_us=325 n=5[0m
[0;32mI (68205) forensics: [HIST] fixture=6 class=attack_tail lower_us=330 n=24[0m
[0;32mI (68215) forensics: [HIST] fixture=6 class=attack_tail lower_us=335 n=11[0m
[0;32mI (68225) forensics: [HIST] fixture=6 class=attack_tail lower_us=340 n=2[0m
[0;32mI (68225) forensics: [HIST] fixture=6 class=attack_tail lower_us=345 n=2[0m
[0;32mI (68235) forensics: [CALLBACK_CURVE] model=VIBRAPHONE fixture=6 voices=1 class=attack_tail n=88 avg_us=330.12 p95_us=385 p99_us=395 p995_us=395 p999_us=395 max_us=393 deadline=0 overhead_avg_us=22.87[0m
[0;32mI (68255) forensics: [CALLBACK_HIST] fixture=6 class=attack_tail lower_us=285 n=34[0m
[0;32mI (68265) forensics: [CALLBACK_HIST] fixture=6 class=attack_tail lower_us=290 n=2[0m
[0;32mI (68275) forensics: [CALLBACK_HIST] fixture=6 class=attack_tail lower_us=295 n=1[0m
[0;32mI (68275) forensics: [CALLBACK_HIST] fixture=6 class=attack_tail lower_us=310 n=1[0m
[0;32mI (68285) forensics: [CALLBACK_HIST] fixture=6 class=attack_tail lower_us=315 n=1[0m
[0;32mI (68295) forensics: [CALLBACK_HIST] fixture=6 class=attack_tail lower_us=320 n=1[0m
[0;32mI (68305) forensics: [CALLBACK_HIST] fixture=6 class=attack_tail lower_us=330 n=2[0m
[0;32mI (68315) forensics: [CALLBACK_HIST] fixture=6 class=attack_tail lower_us=335 n=1[0m
[0;32mI (68325) forensics: [CALLBACK_HIST] fixture=6 class=attack_tail lower_us=345 n=3[0m
[0;32mI (68325) forensics: [CALLBACK_HIST] fixture=6 class=attack_tail lower_us=350 n=5[0m
[0;32mI (68335) forensics: [CALLBACK_HIST] fixture=6 class=attack_tail lower_us=355 n=3[0m
[0;32mI (68345) forensics: [CALLBACK_HIST] fixture=6 class=attack_tail lower_us=360 n=13[0m
[0;32mI (68355) forensics: [CALLBACK_HIST] fixture=6 class=attack_tail lower_us=365 n=6[0m
[0;32mI (68365) forensics: [CALLBACK_HIST] fixture=6 class=attack_tail lower_us=370 n=4[0m
[0;32mI (68365) forensics: [CALLBACK_HIST] fixture=6 class=attack_tail lower_us=375 n=4[0m
[0;32mI (68375) forensics: [CALLBACK_HIST] fixture=6 class=attack_tail lower_us=380 n=3[0m
[0;32mI (68385) forensics: [CALLBACK_HIST] fixture=6 class=attack_tail lower_us=385 n=2[0m
[0;32mI (68395) forensics: [CALLBACK_HIST] fixture=6 class=attack_tail lower_us=390 n=2[0m
[0;32mI (68405) forensics: [CURVE] model=VIBRAPHONE fixture=6 voices=1 class=event n=44 avg_us=687.10 p95_us=715 p99_us=750 p995_us=750 p999_us=750 max_us=748 deadline=0 bad_voices=0 ble_lost=0 hard=0 sat=0 bin_us=5 max_observed_voices=1[0m
[0;32mI (68425) forensics: [HIST] fixture=6 class=event lower_us=615 n=1[0m
[0;32mI (68425) forensics: [HIST] fixture=6 class=event lower_us=655 n=2[0m
[0;32mI (68435) forensics: [HIST] fixture=6 class=event lower_us=660 n=2[0m
[0;32mI (68445) forensics: [HIST] fixture=6 class=event lower_us=665 n=3[0m
[0;32mI (68455) forensics: [HIST] fixture=6 class=event lower_us=670 n=4[0m
[0;32mI (68455) forensics: [HIST] fixture=6 class=event lower_us=675 n=1[0m
[0;32mI (68465) forensics: [HIST] fixture=6 class=event lower_us=680 n=4[0m
[0;32mI (68475) forensics: [HIST] fixture=6 class=event lower_us=685 n=5[0m
[0;32mI (68475) forensics: [HIST] fixture=6 class=event lower_us=690 n=4[0m
[0;32mI (68485) forensics: [HIST] fixture=6 class=event lower_us=695 n=5[0m
[0;32mI (68495) forensics: [HIST] fixture=6 class=event lower_us=700 n=3[0m
[0;32mI (68495) forensics: [HIST] fixture=6 class=event lower_us=705 n=7[0m
[0;32mI (68505) forensics: [HIST] fixture=6 class=event lower_us=710 n=1[0m
[0;32mI (68515) forensics: [HIST] fixture=6 class=event lower_us=720 n=1[0m
[0;32mI (68515) forensics: [HIST] fixture=6 class=event lower_us=745 n=1[0m
[0;32mI (68525) forensics: [CALLBACK_CURVE] model=VIBRAPHONE fixture=6 voices=1 class=event n=44 avg_us=798.82 p95_us=835 p99_us=910 p995_us=910 p999_us=910 max_us=905 deadline=0 overhead_avg_us=111.71[0m
[0;32mI (68545) forensics: [CALLBACK_HIST] fixture=6 class=event lower_us=670 n=1[0m
[0;32mI (68555) forensics: [CALLBACK_HIST] fixture=6 class=event lower_us=760 n=2[0m
[0;32mI (68555) forensics: [CALLBACK_HIST] fixture=6 class=event lower_us=770 n=2[0m
[0;32mI (68565) forensics: [CALLBACK_HIST] fixture=6 class=event lower_us=775 n=4[0m
[0;32mI (68575) forensics: [CALLBACK_HIST] fixture=6 class=event lower_us=780 n=3[0m
[0;32mI (68585) forensics: [CALLBACK_HIST] fixture=6 class=event lower_us=785 n=3[0m
[0;32mI (68585) forensics: [CALLBACK_HIST] fixture=6 class=event lower_us=790 n=5[0m
[0;32mI (68595) forensics: [CALLBACK_HIST] fixture=6 class=event lower_us=795 n=2[0m
[0;32mI (68605) forensics: [CALLBACK_HIST] fixture=6 class=event lower_us=800 n=4[0m
[0;32mI (68615) forensics: [CALLBACK_HIST] fixture=6 class=event lower_us=805 n=6[0m
[0;32mI (68625) forensics: [CALLBACK_HIST] fixture=6 class=event lower_us=810 n=1[0m
[0;32mI (68625) forensics: [CALLBACK_HIST] fixture=6 class=event lower_us=815 n=3[0m
[0;32mI (68635) forensics: [CALLBACK_HIST] fixture=6 class=event lower_us=820 n=4[0m
[0;32mI (68645) forensics: [CALLBACK_HIST] fixture=6 class=event lower_us=825 n=1[0m
[0;32mI (68655) forensics: [CALLBACK_HIST] fixture=6 class=event lower_us=830 n=1[0m
[0;32mI (68655) forensics: [CALLBACK_HIST] fixture=6 class=event lower_us=875 n=1[0m
[0;32mI (68665) forensics: [CALLBACK_HIST] fixture=6 class=event lower_us=905 n=1[0m
[0;32mI (68675) forensics: [CURVE] model=VIBRAPHONE fixture=6 voices=1 class=fixture_transition n=1 avg_us=428.25 p95_us=430 p99_us=430 p995_us=430 p999_us=430 max_us=429 deadline=0 bad_voices=0 ble_lost=0 hard=0 sat=0 bin_us=5 max_observed_voices=1[0m
[0;32mI (68695) forensics: [HIST] fixture=6 class=fixture_transition lower_us=425 n=1[0m
[0;32mI (68705) forensics: [CALLBACK_CURVE] model=VIBRAPHONE fixture=6 voices=1 class=fixture_transition n=1 avg_us=490.00 p95_us=495 p99_us=495 p995_us=495 p999_us=495 max_us=490 deadline=0 overhead_avg_us=61.75[0m
[0;32mI (68725) forensics: [CALLBACK_HIST] fixture=6 class=fixture_transition lower_us=490 n=1[0m
[0;32mI (68735) forensics: [FASTPATH] fixture=6 stable8=0 attack=3[0m
[0;32mI (68735) forensics: [OVERHEAD] fixture=6 blocks=8192 model_reset_avg_us=1.72 model_reset_max_us=17 queue_avg_us=1.28 queue_max_us=20 render_avg_us=266.67 telem_avg_us=3.03 telem_max_us=70 telem_publishes=1024[0m
[0;32mI (72115) pocket_pan_main: [AUDIO] model=PAN blocks=26711 avg_us=9 p99_us=375 max_us=905 cpu_load=0.3 deadline=0 timeout=0 tx_error=0 short=0[0m
[0;32mI (72115) pocket_pan_main: [MIDI] push=0 pop=0 drop=0 hwm=0 last=(n=62 v=0 t=78 hex=000000)[0m
[0;32mI (72125) pocket_pan_main: [BLE] state=8 interval_ms=11.25 latency=0 rssi=-62 reconnects=0 last_disconnect=0[0m
[0;32mI (72135) pocket_pan_main: [MEM] internal_free=81003 largest_internal=32768[0m
[0;32mI (72145) pocket_pan_main: [UIREDRAW] urgent=38 telemetry=277 skip=1862[0m
