[0;32mI (702) app_init: Compile time:     Oct  1 2026 19:09:37[0m
[0;32mI (708) app_init: ELF file SHA256:  34a8a8ded...[0m
[0;32mI (714) app_init: ESP-IDF:          v5.3-dirty[0m
[0;32mI (719) efuse_init: Min chip rev:     v0.0[0m
[0;32mI (723) efuse_init: Max chip rev:     v0.99 [0m
[0;32mI (728) efuse_init: Chip rev:         v0.2[0m
[0;32mI (733) heap_init: Initializing. RAM available for dynamic allocation:[0m
[0;32mI (740) heap_init: At 3FCBEAE0 len 0002AC30 (171 KiB): RAM[0m
[0;32mI (747) heap_init: At 3FCE9710 len 00005724 (21 KiB): RAM[0m
[0;32mI (753) heap_init: At 3FCF0000 len 00008000 (32 KiB): DRAM[0m
[0;32mI (759) heap_init: At 600FE100 len 00001EE8 (7 KiB): RTCRAM[0m
[0;32mI (765) esp_psram: Adding pool of 2048K of PSRAM memory to heap allocator[0m
[0;32mI (773) spi_flash: detected chip: generic[0m
[0;32mI (777) spi_flash: flash io: dio[0m
[0;32mI (782) sleep: Configure to isolate all GPIO pins in sleep state[0m
[0;32mI (788) sleep: Enable automatic switching of GPIO sleep configuration[0m
[0;32mI (795) coexist: coex firmware version: dab85ae96[0m
[0;32mI (801) coexist: coexist rom version e7ae62f[0m
[0;32mI (806) main_task: Started on CPU0[0m
[0;32mI (816) esp_psram: Reserving pool of 32K of internal memory for DMA/internal allocations[0m
[0;32mI (816) main_task: Calling app_main()[0m
[0;32mI (826) pocket_pan_main: [MEM_STAGE] stage=entry internal_free=211607 largest_internal=114688 psram_free=2094528[0m
[0;32mI (836) pocket_pan_main: ===============================================[0m
[0;32mI (846) pocket_pan_main:   Pocket Pan / Metal Modal Synthesizer v1.0.0[0m
[0;32mI (846) pocket_pan_main:   Hardware: TENSTAR TS-ESP32-S3 (Feather TFT)[0m
[0;32mI (856) pocket_pan_main: ===============================================[0m
[0;32mI (886) pocket_pan_main: [MEM_STAGE] stage=dsp_ready internal_free=211607 largest_internal=114688 psram_free=2094528[0m
[0;32mI (886) gpio: GPIO[10]| InputEn: 0| OutputEn: 1| OpenDrain: 0| Pullup: 0| Pulldown: 1| Intr:0 [0m
[0;32mI (896) AudioI2S: I2S TX initialized (48kHz, 32-bit slot, stereo, 6x128 frames DMA = 1024 bytes/buf)[0m
[0;32mI (906) AudioI2S: Audio task started on Core 0 at priority 12[0m
[0;32mI (916) pocket_pan_main: [MEM_STAGE] stage=i2s_ready internal_free=196875 largest_internal=102400 psram_free=2094528[0m
[0;32mI (926) Display: [DISP_MEM_PRE] before: int_free=196875 int_largest=102400 psram_free=2094528[0m
[0;32mI (936) Display: [DISP_MEM] framebuffer=0x3fcd01f8 (size=64800, align=8, internal=1, dma=1, psram=0)[0m
[0;32mI (946) Display: [DISP_MEM] scratch=0x3fcdff1c (size=9600, align=12, internal=1, dma=1)[0m
[0;32mI (956) Display: [DISP_MEM] before: int_free=196875 int_largest=102400 psram_free=2094528[0m
[0;32mI (956) Display: [DISP_MEM] after:  int_free=122467 int_largest=31744 psram_free=2094528[0m
[0;32mI (966) gpio: GPIO[39]| InputEn: 0| OutputEn: 1| OpenDrain: 0| Pullup: 0| Pulldown: 0| Intr:0 [0m
[0;32mI (976) gpio: GPIO[40]| InputEn: 0| OutputEn: 1| OpenDrain: 0| Pullup: 0| Pulldown: 0| Intr:0 [0m
[0;32mI (986) gpio: GPIO[21]| InputEn: 0| OutputEn: 1| OpenDrain: 0| Pullup: 0| Pulldown: 0| Intr:0 [0m
[0;32mI (1216) gpio: GPIO[45]| InputEn: 0| OutputEn: 1| OpenDrain: 0| Pullup: 0| Pulldown: 0| Intr:0 [0m
[0;32mI (1216) Display: ST7789 240x135 display initialized successfully (SPI 40MHz, GDMA callback armed)[0m
[0;32mI (1216) pocket_pan_main: [CANARY] PreparedNote canaries OK=1[0m
[0;32mI (1226) pocket_pan_main: [MEM_STAGE] stage=display_ready internal_free=120103 largest_internal=31744 psram_free=2094528[0m
[0;32mI (1246) BLE_INIT: BT controller compile version [ba3b3e3][0m
[0;32mI (1246) BLE_INIT: Bluetooth MAC: b4:3a:45:ae:6f:2a[0m
[0;32mI (1246) phy_init: phy_version 680,a6008b2,Jun  4 2024,16:41:10[0m
[0;32mI (1296) BleMidi: NimBLE BLE MIDI Central initialized and pinned to Core 1[0m
[0;32mI (1296) BleMidi: NimBLE Host task running on Core 1[0m
[0;32mI (1296) pocket_pan_main: [MEM_STAGE] stage=ble_ready internal_free=59815 largest_internal=31744 psram_free=2094528[0m
[0;32mI (1306) NimBLE: Failed to restore IRKs from store; status=8
[0m
[0;32mI (1306) pocket_pan_main: [M75_MEMORY] table_bytes=9640 cache_bytes=60552 synth_bytes=81632 internal_free=59779 largest_internal=31744[0m
[0;32mI (1316) NimBLE: GAP procedure initiated: discovery; [0m
[0;32mI (1326) pocket_pan_main: [UDU_CACHE] compact_bytes=5928 modal_models=9[0m
[0;32mI (1336) NimBLE: own_addr_type=0 filter_policy=0 passive=0 limited=0 filter_duplicates=1 [0m
[0;32mI (1346) pocket_pan_main: [CACHE_LAYOUT] packed=1 storage_bytes=60552 note_scratch_bytes=132[0m
[0;32mI (1356) NimBLE: duration=forever[0m
[0;32mI (1356) pocket_pan_main: [UDU_STATE] voice_bytes=124 fixed_reference=0[0m
[0;32mI (1366) NimBLE: 
[0m
[0;32mI (1376) pocket_pan_main: [MEM_STAGE] stage=ui_ready internal_free=55335 largest_internal=31744 psram_free=2094528[0m
[0;32mI (1376) BleMidi: Scanning for BLE MIDI devices...[0m
[0;32mI (1376) gpio: GPIO[0]| InputEn: 1| OutputEn: 0| OpenDrain: 0| Pullup: 1| Pulldown: 0| Intr:0 [0m
[0;32mI (1386) pocket_pan_main: Pocket Pan initialization complete. Realtime audio active.[0m
[0;32mI (1406) main_task: Returned from app_main()[0m
[0;32mI (1496) BleMidi: BLE MIDI device found (59:FB:B6:B7:BF:0F); connecting[0m
[0;32mI (1496) NimBLE: GAP procedure initiated: connect; [0m
[0;32mI (1496) NimBLE: peer_addr_type=0 peer_addr=[0m
[0;32mI (1506) NimBLE: 59:fb:b6:b7:bf:0f[0m
[0;32mI (1506) NimBLE:  scan_itvl=16 scan_window=16 itvl_min=24 itvl_max=40 latency=0 supervision_timeout=256 min_ce_len=0 max_ce_len=0 own_addr_type=0[0m
[0;32mI (1526) NimBLE: 
[0m
[0;32mI (1606) BleMidi: BLE Connected! conn_handle=1[0m
[0;32mI (1606) NimBLE: GAP procedure initiated: [0m
[0;32mI (1606) NimBLE: connection parameter update; conn_handle=1 itvl_min=6 itvl_max=12 latency=0 supervision_timeout=200 min_ce_len=0 max_ce_len=0[0m
[0;32mI (1616) NimBLE: 
[0m
[0;32mI (1626) BleMidi: Requested connection params 7.5-15ms latency=0 timeout=2s rc=0[0m
[0;32mI (1626) NimBLE: GATT procedure initiated: discover all services
[0m
[0;32mI (1946) BleMidi: Found BLE MIDI Service! start_handle=112 end_handle=115[0m
[0;32mI (1946) NimBLE: GATT procedure initiated: discover all characteristics; [0m
[0;32mI (1946) NimBLE: start_handle=112 end_handle=115
[0m
[0;32mI (2046) BleMidi: Found BLE MIDI Characteristic! def_handle=113 val_handle=114 props=0x16[0m
[0;32mI (2046) NimBLE: GATT procedure initiated: discover all descriptors; [0m
[0;32mI (2046) NimBLE: chr_val_handle=114 end_handle=115
[0m
[0;32mI (2146) BleMidi: Discovered CCCD (0x2902) handle=115[0m
[0;32mI (2146) NimBLE: GATT procedure initiated: write; [0m
[0;32mI (2146) NimBLE: att_handle=115 len=2
[0m
[0;32mI (2196) BleMidi: Negotiated params interval=7.50ms latency=0 timeout=2000ms[0m
[0;32mI (2216) BleMidi: CCCD subscription successful; BLE MIDI ready[0m
[0;32mI (2216) NimBLE: GAP procedure initiated: [0m
[0;32mI (2216) NimBLE: connection parameter update; conn_handle=1 itvl_min=6 itvl_max=9 latency=0 supervision_timeout=100 min_ce_len=0 max_ce_len=0[0m
[0;32mI (2226) NimBLE: 
[0m
[0;32mI (2306) BleMidi: Negotiated params interval=11.25ms latency=0 timeout=1000ms[0m
[0;32mI (5806) pocket_pan_main: [AUDIO] model=PAN blocks=1836 avg_us=341 p99_us=0 max_us=1039 cpu_load=12.8 deadline=0 timeout=0 tx_error=0 short=0[0m
[0;32mI (5806) pocket_pan_main: [MIDI] push=1 pop=1 drop=0 hwm=1 last=(n=50 v=75 t=78 hex=90324B)[0m
[0;32mI (5816) pocket_pan_main: [BLE] state=8 interval_ms=11.25 latency=0 rssi=-58 reconnects=0 last_disconnect=0[0m
[0;32mI (5826) pocket_pan_main: [MEM] internal_free=63955 largest_internal=31744[0m
[0;32mI (5836) pocket_pan_main: [UIREDRAW] urgent=8 telemetry=12 skip=126[0m
[0;32mI (10826) pocket_pan_main: [AUDIO] model=PAN blocks=3718 avg_us=342 p99_us=550 max_us=1039 cpu_load=12.8 deadline=0 timeout=0 tx_error=0 short=0[0m
[0;32mI (10826) pocket_pan_main: [MIDI] push=1 pop=1 drop=0 hwm=1 last=(n=50 v=75 t=78 hex=90324B)[0m
[0;32mI (10836) pocket_pan_main: [BLE] state=8 interval_ms=11.25 latency=0 rssi=-59 reconnects=0 last_disconnect=0[0m
[0;32mI (10846) pocket_pan_main: [MEM] internal_free=63955 largest_internal=31744[0m
[0;32mI (10856) pocket_pan_main: [UIREDRAW] urgent=8 telemetry=28 skip=276[0m
[0;32mI (15846) pocket_pan_main: [AUDIO] model=PAN blocks=5599 avg_us=341 p99_us=375 max_us=1039 cpu_load=12.8 deadline=0 timeout=0 tx_error=0 short=0[0m
[0;32mI (15846) pocket_pan_main: [MIDI] push=1 pop=1 drop=0 hwm=1 last=(n=50 v=75 t=78 hex=90324B)[0m
[0;32mI (15856) pocket_pan_main: [BLE] state=8 interval_ms=11.25 latency=0 rssi=-59 reconnects=0 last_disconnect=0[0m
[0;32mI (15866) pocket_pan_main: [MEM] internal_free=63955 largest_internal=31744[0m
[0;32mI (15876) pocket_pan_main: [UIREDRAW] urgent=8 telemetry=43 skip=427[0m
[0;32mI (20856) pocket_pan_main: [AUDIO] model=PAN blocks=7480 avg_us=342 p99_us=375 max_us=1039 cpu_load=12.8 deadline=0 timeout=0 tx_error=0 short=0[0m
[0;32mI (20856) pocket_pan_main: [MIDI] push=1 pop=1 drop=0 hwm=1 last=(n=50 v=75 t=78 hex=90324B)[0m
[0;32mI (20866) pocket_pan_main: [BLE] state=8 interval_ms=11.25 latency=0 rssi=-59 reconnects=0 last_disconnect=0[0m
[0;32mI (20876) pocket_pan_main: [MEM] internal_free=63955 largest_internal=31744[0m
[0;32mI (20886) pocket_pan_main: [UIREDRAW] urgent=8 telemetry=59 skip=577[0m
[0;32mI (25876) pocket_pan_main: [AUDIO] model=PAN blocks=9362 avg_us=342 p99_us=375 max_us=1039 cpu_load=12.8 deadline=0 timeout=0 tx_error=0 short=0[0m
[0;32mI (25876) pocket_pan_main: [MIDI] push=1 pop=1 drop=0 hwm=1 last=(n=50 v=75 t=78 hex=90324B)[0m
[0;32mI (25886) pocket_pan_main: [BLE] state=8 interval_ms=11.25 latency=0 rssi=-58 reconnects=0 last_disconnect=0[0m
[0;32mI (25896) pocket_pan_main: [MEM] internal_free=63955 largest_internal=31744[0m
[0;32mI (25906) pocket_pan_main: [UIREDRAW] urgent=8 telemetry=75 skip=727[0m
