[0;32mI (124) esp_image: segment 1: paddr=00030efc vaddr=3fca4aESP-ROM:esp32s3-20210327
Build:Mar 27 2021
rst:0x15 (USB_UART_CHIP_RESET),boot:0x8 (SPI_FAST_FLASH_BOOT)
Saved PC:0x4200a284
SPIWP:0xee
mode:DIO, clock div:1
load:0x3fce2810,len:0x178c
load:0x403c8700,len:0x4
load:0x403c8704,len:0xcb8
load:0x403cb700,len:0x2db0
entry 0x403c8914
[0;32mI (26) boot: ESP-IDF v5.3-dirty 2nd stage bootloader[0m
[0;32mI (27) boot: compile time Oct  1 2026 19:28:03[0m
[0;32mI (27) boot: Multicore bootloader[0m
[0;32mI (30) boot: chip revision: v0.2[0m
[0;32mI (34) boot.esp32s3: Boot SPI Speed : 80MHz[0m
[0;32mI (39) boot.esp32s3: SPI Mode       : DIO[0m
[0;32mI (43) boot.esp32s3: SPI Flash Size : 4MB[0m
[0;32mI (48) boot: Enabling RNG early entropy source...[0m
[0;32mI (54) boot: Partition Table:[0m
[0;32mI (57) boot: ## Label            Usage          Type ST Offset   Length[0m
[0;32mI (64) boot:  0 nvs              WiFi data        01 02 00009000 00006000[0m
[0;32mI (72) boot:  1 phy_init         RF data          01 01 0000f000 00001000[0m
[0;32mI (79) boot:  2 factory          factory app      00 00 00010000 00100000[0m
[0;32mI (87) boot: End of partition table[0m
[0;32mI (91) esp_image: segment 0: paddr=00010020 vaddr=3c070020 size=20ed4h (134868) map[0m
[0;32mI (124) esp_image: segment 1: paddr=00030efc vaddr=3fca4a00 size=04500h ( 17664) load[0m
[0;32mI (128) esp_image: segment 2: paddr=00035404 vaddr=40374000 size=0ac14h ( 44052) load[0m
[0;32mI (139) esp_image: segment 3: paddr=00040020 vaddr=42000020 size=65fbch (417724) map[0m
[0;32mI (214) esp_image: segment 4: paddr=000a5fe4 vaddr=4037ec14 size=15dcch ( 89548) load[0m
[0;32mI (247) boot: Loaded app from partition at offset 0x10000[0m
[0;32mI (248) boot: Disabling RNG early entropy source...[0m
[0;32mI (260) esp_psram: Found 2MB PSRAM device[0m
[0;32mI (260) esp_psram: Speed: 40MHz[0m
[0;32mI (260) cpu_start: Multicore app[0m
[0;32mI (680) esp_psram: SPI SRAM memory test OK[0m
[0;32mI (689) cpu_start: Pro cpu start user code[0m
[0;32mI (689) cpu_start: cpu freq: 240000000 Hz[0m
[0;32mI (689) app_init: Application information:[0m
[0;32mI (692) app_init: Project name:     pocket_pan[0m
[0;32mI (697) app_init: App version:      f7f89e4-dirty[0m
[0;32mI (702) app_init: Compile time:     Oct  2 2026 14:18:32[0m
[0;32mI (708) app_init: ELF file SHA256:  45a7ee802...[0m
[0;32mI (714) app_init: ESP-IDF:          v5.3-dirty[0m
[0;32mI (719) efuse_init: Min chip rev:     v0.0[0m
[0;32mI (723) efuse_init: Max chip rev:     v0.99 [0m
[0;32mI (728) efuse_init: Chip rev:         v0.2[0m
[0;32mI (733) heap_init: Initializing. RAM available for dynamic allocation:[0m
[0;32mI (740) heap_init: At 3FCCFD50 len 000199C0 (102 KiB): RAM[0m
[0;32mI (747) heap_init: At 3FCE9710 len 00005724 (21 KiB): RAM[0m
[0;32mI (753) heap_init: At 3FCF0000 len 00008000 (32 KiB): DRAM[0m
[0;32mI (759) heap_init: At 600FE100 len 00001EE8 (7 KiB): RTCRAM[0m
[0;32mI (765) esp_psram: Adding pool of 2048K of PSRAM memory to heap allocator[0m
[0;32mI (773) spi_flash: detected chip: generic[0m
[0;32mI (777) spi_flash: flash io: dio[0m
[0;32mI (782) sleep: Configure to isolate all GPIO pins in sleep state[0m
[0;32mI (788) sleep: Enable automatic switching of GPIO sleep configuration[0m
[0;32mI (795) coexist: coex firmware version: dab85ae96[0m
[0;32mI (801) coexist: coexist rom version e7ae62f[0m
[0;32mI (806) main_task: Started on CPU0[0m
[0;32mI (816) esp_psram: Reserving pool of 32K of internal memory for DMA/internal allocations[0m
[0;32mI (816) main_task: Calling app_main()[0m
[0;32mI (826) pocket_pan_main: [MEM_STAGE] stage=entry internal_free=141419 largest_internal=47104 psram_free=2094528[0m
[0;32mI (836) pocket_pan_main: ===============================================[0m
[0;32mI (836) pocket_pan_main:   Pocket Pan / Metal Modal Synthesizer v1.0.0[0m
[0;32mI (846) pocket_pan_main:   Hardware: TENSTAR TS-ESP32-S3 (Feather TFT)[0m
[0;32mI (856) pocket_pan_main: ===============================================[0m
[0;32mI (866) pocket_pan_main: [FORENSICS] candidate=25 profile=0 cpu_mhz=240 optimization_perf=1 process6=1 fine_bins=5 critical_only=0[0m
[0;32mI (896) pocket_pan_main: [MEM_STAGE] stage=dsp_ready internal_free=141419 largest_internal=47104 psram_free=2094528[0m
[0;32mI (896) gpio: GPIO[10]| InputEn: 0| OutputEn: 1| OpenDrain: 0| Pullup: 0| Pulldown: 1| Intr:0 [0m
[0;32mI (906) AudioI2S: I2S TX initialized (48kHz, 32-bit slot, stereo, 6x128 frames DMA = 1024 bytes/buf)[0m
[0;32mI (926) AudioI2S: Audio task started on Core 0 at priority 12[0m
[0;32mI (926) pocket_pan_main: [MEM_STAGE] stage=i2s_ready internal_free=126687 largest_internal=32768 psram_free=2094528[0m
[0;32mI (936) Display: [DISP_MEM_PRE] before: int_free=126687 int_largest=32768 psram_free=2094528[0m
[0;33mW (946) Display: Internal SRAM (64800 B) exhausted; falling back to PSRAM[0m
[0;32mI (956) Display: [DISP_MEM] framebuffer=0x3c0a0a44 (size=64800, align=4, internal=0, dma=0, psram=1)[0m
[0;32mI (966) Display: [DISP_MEM] scratch=0x3fce1424 (size=9600, align=4, internal=1, dma=1)[0m
[0;32mI (966) Display: [DISP_MEM] before: int_free=126687 int_largest=32768 psram_free=2094528[0m
[0;32mI (976) Display: [DISP_MEM] after:  int_free=117083 int_largest=31744 psram_free=2029724[0m
[0;32mI (986) gpio: GPIO[39]| InputEn: 0| OutputEn: 1| OpenDrain: 0| Pullup: 0| Pulldown: 0| Intr:0 [0m
[0;32mI (996) gpio: GPIO[40]| InputEn: 0| OutputEn: 1| OpenDrain: 0| Pullup: 0| Pulldown: 0| Intr:0 [0m
[0;32mI (1006) gpio: GPIO[21]| InputEn: 0| OutputEn: 1| OpenDrain: 0| Pullup: 0| Pulldown: 0| Intr:0 [0m
[0;32mI (1236) gpio: GPIO[45]| InputEn: 0| OutputEn: 1| OpenDrain: 0| Pullup: 0| Pulldown: 0| Intr:0 [0m
[0;31mE (1236) lcd_panel.io.spi: panel_io_spi_tx_color(390): spi transmit (queue) color failed[0m
[0;31mE (1236) lcd_panel.st7789: panel_st7789_draw_bitmap(223): io tx color failed[0m
[0;32mI (1246) Display: ST7789 240x135 display initialized successfully (SPI 40MHz, GDMA callback armed)[0m
[0;32mI (1256) pocket_pan_main: [CANARY] PreparedNote canaries OK=1[0m
[0;32mI (1266) pocket_pan_main: [MEM_STAGE] stage=display_ready internal_free=114719 largest_internal=31744 psram_free=2029724[0m
[0;32mI (1276) BLE_INIT: BT controller compile version [ba3b3e3][0m
[0;32mI (1286) BLE_INIT: Bluetooth MAC: b4:3a:45:ae:6f:2a[0m
[0;32mI (1286) phy_init: phy_version 680,a6008b2,Jun  4 2024,16:41:10[0m
[0;32mI (1326) BleMidi: NimBLE BLE MIDI Central initialized and pinned to Core 1[0m
[0;32mI (1326) BleMidi: NimBLE Host task running on Core 1[0m
[0;32mI (1326) pocket_pan_main: [MEM_STAGE] stage=ble_ready internal_free=54423 largest_internal=31744 psram_free=2029724[0m
[0;32mI (1336) NimBLE: Failed to restore IRKs from store; status=8
[0m
[0;32mI (1346) pocket_pan_main: [M75_MEMORY] table_bytes=9640 cache_bytes=60552 synth_bytes=81668 internal_free=54387 largest_internal=31744[0m
[0;32mI (1346) NimBLE: GAP procedure initiated: discovery; [0m
[0;32mI (1366) pocket_pan_main: [UDU_CACHE] compact_bytes=5928 modal_models=9[0m
[0;32mI (1366) NimBLE: own_addr_type=0 filter_policy=0 passive=0 limited=0 filter_duplicates=1 [0m
[0;32mI (1376) pocket_pan_main: [CACHE_LAYOUT] packed=1 storage_bytes=60552 note_scratch_bytes=132[0m
[0;32mI (1386) NimBLE: duration=forever[0m
[0;32mI (1396) pocket_pan_main: [UDU_STATE] voice_bytes=124 fixed_reference=0[0m
[0;32mI (1396) NimBLE: 
[0m
[0;32mI (1406) pocket_pan_main: [MEM_STAGE] stage=ui_ready internal_free=49943 largest_internal=31744 psram_free=2029724[0m
[0;32mI (1406) BleMidi: Scanning for BLE MIDI devices...[0m
[0;32mI (1406) gpio: GPIO[0]| InputEn: 1| OutputEn: 0| OpenDrain: 0| Pullup: 1| Pulldown: 0| Intr:0 [0m
[0;32mI (1416) pocket_pan_main: Pocket Pan initialization complete. Realtime audio active.[0m
[0;32mI (1436) main_task: Returned from app_main()[0m
[0;31mE (1446) lcd_panel.io.spi: panel_io_spi_tx_color(390): spi transmit (queue) color failed[0m
[0;32mI (1446) BleMidi: BLE MIDI device found (59:FB:B6:B7:BF:0F); connecting[0m
[0;32mI (1466) NimBLE: GAP procedure initiated: connect; [0m
[0;32mI (1466) NimBLE: peer_addr_type=0 peer_addr=[0m
[0;32mI (1476) NimBLE: 59:fb:b6:b7:bf:0f[0m
[0;32mI (1476) NimBLE:  scan_itvl=16 scan_window=16 itvl_min=24 itvl_max=40 latency=0 supervision_timeout=256 min_ce_len=0 max_ce_len=0 own_addr_type=0[0m
[0;32mI (1486) NimBLE: 
[0m
[0;31mE (1496) lcd_panel.st7789: panel_st7789_draw_bitmap(223): io tx color failed[0m
[0;31mE (1506) lcd_panel.io.spi: panel_io_spi_tx_color(390): spi transmit (queue) color failed[0m
[0;31mE (1506) lcd_panel.st7789: panel_st7789_draw_bitmap(223): io tx color failed[0m
[0;31mE (1546) lcd_panel.io.spi: panel_io_spi_tx_color(390): spi transmit (queue) color failed[0m
[0;31mE (1546) lcd_panel.st7789: panel_st7789_draw_bitmap(223): io tx color failed[0m
[0;32mI (1556) BleMidi: BLE Connected! conn_handle=1[0m
[0;32mI (1556) NimBLE: GAP procedure initiated: [0m
[0;32mI (1566) NimBLE: connection parameter update; conn_handle=1 itvl_min=6 itvl_max=12 latency=0 supervision_timeout=200 min_ce_len=0 max_ce_len=0[0m
[0;32mI (1576) NimBLE: 
[0m
[0;32mI (1576) BleMidi: Requested connection params 7.5-15ms latency=0 timeout=2s rc=0[0m
[0;32mI (1586) NimBLE: GATT procedure initiated: discover all services
[0m
[0;32mI (1886) BleMidi: Found BLE MIDI Service! start_handle=112 end_handle=115[0m
[0;32mI (1886) NimBLE: GATT procedure initiated: discover all characteristics; [0m
[0;32mI (1886) NimBLE: start_handle=112 end_handle=115
[0m
[0;32mI (1986) BleMidi: Found BLE MIDI Characteristic! def_handle=113 val_handle=114 props=0x16[0m
[0;32mI (1986) NimBLE: GATT procedure initiated: discover all descriptors; [0m
[0;32mI (1986) NimBLE: chr_val_handle=114 end_handle=115
[0m
[0;32mI (2076) BleMidi: Discovered CCCD (0x2902) handle=115[0m
[0;32mI (2086) NimBLE: GATT procedure initiated: write; [0m
[0;32mI (2086) NimBLE: att_handle=115 len=2
[0m
[0;32mI (2126) BleMidi: Negotiated params interval=7.50ms latency=0 timeout=2000ms[0m
[0;32mI (2146) BleMidi: CCCD subscription successful; BLE MIDI ready[0m
[0;32mI (2146) NimBLE: GAP procedure initiated: [0m
[0;32mI (2146) NimBLE: connection parameter update; conn_handle=1 itvl_min=6 itvl_max=9 latency=0 supervision_timeout=100 min_ce_len=0 max_ce_len=0[0m
[0;32mI (2156) NimBLE: 
[0m
[0;32mI (2246) BleMidi: Negotiated params interval=11.25ms latency=0 timeout=1000ms[0m
[0;32mI (5806) pocket_pan_main: [AUDIO] model=PAN blocks=1831 avg_us=510 p99_us=0 max_us=927 cpu_load=19.1 deadline=0 timeout=0 tx_error=0 short=0[0m
[0;32mI (5806) pocket_pan_main: [MIDI] push=0 pop=0 drop=0 hwm=0 last=(n=62 v=0 t=78 hex=000000)[0m
[0;32mI (5816) pocket_pan_main: [BLE] state=8 interval_ms=11.25 latency=0 rssi=-68 reconnects=0 last_disconnect=0[0m
[0;32mI (5826) pocket_pan_main: [MEM] internal_free=54719 largest_internal=31744[0m
[0;32mI (5836) pocket_pan_main: [UICORR] >1733(tot=0 draw=0 lcd=0 both=0 none=0) >2000(tot=0 draw=0 lcd=0 both=0 none=0)[0m
[0;32mI (5846) pocket_pan_main: [UIMETRIC] arch=0 field_updates=15 total_transfers=6 total_pixels=123840 last_sub_us=295 last_dma_us=1080[0m
[0;32mI (5856) pocket_pan_main: [UIREDRAW] urgent=8 telemetry=18 skip=117[0m
[0;32mI (10816) pocket_pan_main: [AUDIO] model=PAN blocks=3710 avg_us=512 p99_us=700 max_us=927 cpu_load=19.2 deadline=0 timeout=0 tx_error=0 short=0[0m
[0;32mI (10816) pocket_pan_main: [MIDI] push=0 pop=0 drop=0 hwm=0 last=(n=62 v=0 t=78 hex=000000)[0m
[0;32mI (10826) pocket_pan_main: [BLE] state=8 interval_ms=11.25 latency=0 rssi=-67 reconnects=0 last_disconnect=0[0m
[0;32mI (10836) pocket_pan_main: [MEM] internal_free=54719 largest_internal=31744[0m
[0;32mI (10846) pocket_pan_main: [UICORR] >1733(tot=0 draw=0 lcd=0 both=0 none=0) >2000(tot=0 draw=0 lcd=0 both=0 none=0)[0m
[0;32mI (10856) pocket_pan_main: [UIMETRIC] arch=0 field_updates=19 total_transfers=10 total_pixels=131520 last_sub_us=271 last_dma_us=1055[0m
[0;32mI (10866) pocket_pan_main: [UIREDRAW] urgent=8 telemetry=42 skip=258[0m
[0;32mI (13126) forensics: [SAFETY] fixture=0 hard=0 sat=0 nonfinite=0 ble_lost=0[0m
[0;32mI (13126) forensics: [EVENT_ONLY] fixture=0 n=22 avg_us=77.25 max_us=81[0m
[0;32mI (13126) forensics: [FIXTURE_IO] model=PAN fixture=0 avg_us=512 p99_us=700 max_us=927 cpu_pct=19.20 deadline=0 timeouts=0 tx_errors=0 short_writes=0[0m
[0;32mI (13136) forensics: [CURVE] model=PAN fixture=0 voices=1 class=true_steady n=4051 avg_us=503.72 p95_us=520 p99_us=660 p995_us=660 p999_us=690 max_us=804 deadline=0 bad_voices=0 ble_lost=0 hard=0 sat=0 bin_us=5 max_observed_voices=1[0m
[0;32mI (13166) forensics: [HIST] fixture=0 class=true_steady lower_us=495 n=3735[0m
[0;32mI (13166) forensics: [HIST] fixture=0 class=true_steady lower_us=500 n=70[0m
[0;32mI (13176) forensics: [HIST] fixture=0 class=true_steady lower_us=505 n=24[0m
[0;32mI (13186) forensics: [HIST] fixture=0 class=true_steady lower_us=510 n=14[0m
[0;32mI (13196) forensics: [HIST] fixture=0 class=true_steady lower_us=515 n=6[0m
[0;32mI (13196) forensics: [HIST] fixture=0 class=true_steady lower_us=520 n=6[0m
[0;32mI (13206) forensics: [HIST] fixture=0 class=true_steady lower_us=525 n=4[0m
[0;32mI (13216) forensics: [HIST] fixture=0 class=true_steady lower_us=545 n=1[0m
[0;32mI (13226) forensics: [HIST] fixture=0 class=true_steady lower_us=575 n=1[0m
[0;32mI (13226) forensics: [HIST] fixture=0 class=true_steady lower_us=645 n=4[0m
[0;32mI (13236) forensics: [HIST] fixture=0 class=true_steady lower_us=650 n=124[0m
[0;32mI (13246) forensics: [HIST] fixture=0 class=true_steady lower_us=655 n=42[0m
[0;32mI (13246) forensics: [HIST] fixture=0 class=true_steady lower_us=660 n=11[0m
[0;32mI (13256) forensics: [HIST] fixture=0 class=true_steady lower_us=670 n=3[0m
[0;32mI (13266) forensics: [HIST] fixture=0 class=true_steady lower_us=675 n=1[0m
[0;32mI (13276) forensics: [HIST] fixture=0 class=true_steady lower_us=685 n=1[0m
[0;32mI (13276) forensics: [HIST] fixture=0 class=true_steady lower_us=695 n=1[0m
[0;32mI (13286) forensics: [HIST] fixture=0 class=true_steady lower_us=700 n=1[0m
[0;32mI (13296) forensics: [HIST] fixture=0 class=true_steady lower_us=765 n=1[0m
[0;32mI (13306) forensics: [HIST] fixture=0 class=true_steady lower_us=800 n=1[0m
[0;32mI (13306) forensics: [CALLBACK_CURVE] model=PAN fixture=0 voices=1 class=true_steady n=4050 avg_us=519.00 p95_us=625 p99_us=680 p995_us=690 p999_us=760 max_us=879 deadline=0 overhead_avg_us=15.28[0m
[0;32mI (13326) forensics: [CALLBACK_HIST] fixture=0 class=true_steady lower_us=500 n=741[0m
[0;32mI (13336) forensics: [CALLBACK_HIST] fixture=0 class=true_steady lower_us=505 n=1965[0m
[0;32mI (13346) forensics: [CALLBACK_HIST] fixture=0 class=true_steady lower_us=510 n=364[0m
[0;32mI (13356) forensics: [CALLBACK_HIST] fixture=0 class=true_steady lower_us=515 n=116[0m
[0;32mI (13366) forensics: [CALLBACK_HIST] fixture=0 class=true_steady lower_us=520 n=328[0m
[0;32mI (13366) forensics: [CALLBACK_HIST] fixture=0 class=true_steady lower_us=525 n=112[0m
[0;32mI (13376) forensics: [CALLBACK_HIST] fixture=0 class=true_steady lower_us=530 n=52[0m
[0;32mI (13386) forensics: [CALLBACK_HIST] fixture=0 class=true_steady lower_us=535 n=38[0m
[0;32mI (13396) forensics: [CALLBACK_HIST] fixture=0 class=true_steady lower_us=540 n=14[0m
[0;32mI (13406) forensics: [CALLBACK_HIST] fixture=0 class=true_steady lower_us=545 n=10[0m
[0;32mI (13416) forensics: [CALLBACK_HIST] fixture=0 class=true_steady lower_us=550 n=18[0m
[0;32mI (13416) forensics: [CALLBACK_HIST] fixture=0 class=true_steady lower_us=555 n=12[0m
[0;32mI (13426) forensics: [CALLBACK_HIST] fixture=0 class=true_steady lower_us=560 n=15[0m
[0;32mI (13436) forensics: [CALLBACK_HIST] fixture=0 class=true_steady lower_us=565 n=8[0m
[0;32mI (13446) forensics: [CALLBACK_HIST] fixture=0 class=true_steady lower_us=570 n=8[0m
[0;32mI (13456) forensics: [CALLBACK_HIST] fixture=0 class=true_steady lower_us=575 n=12[0m
[0;32mI (13456) forensics: [CALLBACK_HIST] fixture=0 class=true_steady lower_us=580 n=7[0m
[0;32mI (13466) forensics: [CALLBACK_HIST] fixture=0 class=true_steady lower_us=585 n=4[0m
[0;32mI (13476) forensics: [CALLBACK_HIST] fixture=0 class=true_steady lower_us=590 n=5[0m
[0;32mI (13486) forensics: [CALLBACK_HIST] fixture=0 class=true_steady lower_us=595 n=3[0m
[0;32mI (13496) forensics: [CALLBACK_HIST] fixture=0 class=true_steady lower_us=600 n=3[0m
[0;32mI (13506) forensics: [CALLBACK_HIST] fixture=0 class=true_steady lower_us=605 n=4[0m
[0;32mI (13506) forensics: [CALLBACK_HIST] fixture=0 class=true_steady lower_us=610 n=3[0m
[0;32mI (13516) forensics: [CALLBACK_HIST] fixture=0 class=true_steady lower_us=615 n=4[0m
[0;32mI (13526) forensics: [CALLBACK_HIST] fixture=0 class=true_steady lower_us=620 n=2[0m
[0;32mI (13536) forensics: [CALLBACK_HIST] fixture=0 class=true_steady lower_us=625 n=1[0m
[0;32mI (13546) forensics: [CALLBACK_HIST] fixture=0 class=true_steady lower_us=630 n=1[0m
[0;32mI (13546) forensics: [CALLBACK_HIST] fixture=0 class=true_steady lower_us=635 n=4[0m
[0;32mI (13556) forensics: [CALLBACK_HIST] fixture=0 class=true_steady lower_us=645 n=1[0m
[0;32mI (13566) forensics: [CALLBACK_HIST] fixture=0 class=true_steady lower_us=650 n=1[0m
[0;32mI (13576) forensics: [CALLBACK_HIST] fixture=0 class=true_steady lower_us=655 n=3[0m
[0;32mI (13586) forensics: [CALLBACK_HIST] fixture=0 class=true_steady lower_us=660 n=88[0m
[0;32mI (13596) forensics: [CALLBACK_HIST] fixture=0 class=true_steady lower_us=665 n=37[0m
[0;32mI (13596) forensics: [CALLBACK_HIST] fixture=0 class=true_steady lower_us=670 n=19[0m
[0;32mI (13606) forensics: [CALLBACK_HIST] fixture=0 class=true_steady lower_us=675 n=16[0m
[0;32mI (13616) forensics: [CALLBACK_HIST] fixture=0 class=true_steady lower_us=680 n=6[0m
[0;32mI (13626) forensics: [CALLBACK_HIST] fixture=0 class=true_steady lower_us=685 n=5[0m
[0;32mI (13636) forensics: [CALLBACK_HIST] fixture=0 class=true_steady lower_us=690 n=3[0m
[0;32mI (13636) forensics: [CALLBACK_HIST] fixture=0 class=true_steady lower_us=695 n=3[0m
[0;32mI (13646) forensics: [CALLBACK_HIST] fixture=0 class=true_steady lower_us=700 n=1[0m
[0;32mI (13656) forensics: [CALLBACK_HIST] fixture=0 class=true_steady lower_us=705 n=3[0m
[0;32mI (13666) forensics: [CALLBACK_HIST] fixture=0 class=true_steady lower_us=720 n=2[0m
[0;32mI (13676) forensics: [CALLBACK_HIST] fixture=0 class=true_steady lower_us=725 n=2[0m
[0;32mI (13686) forensics: [CALLBACK_HIST] fixture=0 class=true_steady lower_us=750 n=1[0m
[0;32mI (13686) forensics: [CALLBACK_HIST] fixture=0 class=true_steady lower_us=755 n=1[0m
[0;32mI (13696) forensics: [CALLBACK_HIST] fixture=0 class=true_steady lower_us=770 n=1[0m
[0;32mI (13706) forensics: [CALLBACK_HIST] fixture=0 class=true_steady lower_us=810 n=1[0m
[0;32mI (13716) forensics: [CALLBACK_HIST] fixture=0 class=true_steady lower_us=825 n=1[0m
[0;32mI (13726) forensics: [CALLBACK_HIST] fixture=0 class=true_steady lower_us=875 n=1[0m
[0;32mI (13726) forensics: [CURVE] model=PAN fixture=0 voices=1 class=attack_tail n=22 avg_us=560.11 p95_us=570 p99_us=580 p995_us=580 p999_us=580 max_us=576 deadline=0 bad_voices=0 ble_lost=0 hard=0 sat=0 bin_us=5 max_observed_voices=1[0m
[0;32mI (13756) forensics: [HIST] fixture=0 class=attack_tail lower_us=555 n=7[0m
[0;32mI (13756) forensics: [HIST] fixture=0 class=attack_tail lower_us=560 n=13[0m
[0;32mI (13766) forensics: [HIST] fixture=0 class=attack_tail lower_us=565 n=1[0m
[0;32mI (13776) forensics: [HIST] fixture=0 class=attack_tail lower_us=575 n=1[0m
[0;32mI (13776) forensics: [CALLBACK_CURVE] model=PAN fixture=0 voices=1 class=attack_tail n=22 avg_us=590.55 p95_us=620 p99_us=670 p995_us=670 p999_us=670 max_us=667 deadline=0 overhead_avg_us=30.44[0m
[0;32mI (13796) forensics: [CALLBACK_HIST] fixture=0 class=attack_tail lower_us=570 n=4[0m
[0;32mI (13806) forensics: [CALLBACK_HIST] fixture=0 class=attack_tail lower_us=575 n=2[0m
[0;32mI (13816) forensics: [CALLBACK_HIST] fixture=0 class=attack_tail lower_us=580 n=4[0m
[0;32mI (13826) forensics: [CALLBACK_HIST] fixture=0 class=attack_tail lower_us=585 n=3[0m
[0;32mI (13836) forensics: [CALLBACK_HIST] fixture=0 class=attack_tail lower_us=590 n=2[0m
[0;32mI (13836) forensics: [CALLBACK_HIST] fixture=0 class=attack_tail lower_us=595 n=3[0m
[0;32mI (13846) forensics: [CALLBACK_HIST] fixture=0 class=attack_tail lower_us=600 n=1[0m
[0;32mI (13856) forensics: [CALLBACK_HIST] fixture=0 class=attack_tail lower_us=605 n=1[0m
[0;32mI (13866) forensics: [CALLBACK_HIST] fixture=0 class=attack_tail lower_us=615 n=1[0m
[0;32mI (13876) forensics: [CALLBACK_HIST] fixture=0 class=attack_tail lower_us=665 n=1[0m
[0;32mI (13876) forensics: [CURVE] model=PAN fixture=0 voices=1 class=event n=22 avg_us=686.39 p95_us=700 p99_us=705 p995_us=705 p999_us=705 max_us=701 deadline=0 bad_voices=0 ble_lost=0 hard=0 sat=0 bin_us=5 max_observed_voices=1[0m
[0;32mI (13896) forensics: [HIST] fixture=0 class=event lower_us=655 n=1[0m
[0;32mI (13906) forensics: [HIST] fixture=0 class=event lower_us=675 n=1[0m
[0;32mI (13916) forensics: [HIST] fixture=0 class=event lower_us=680 n=5[0m
[0;32mI (13926) forensics: [HIST] fixture=0 class=event lower_us=685 n=5[0m
[0;32mI (13926) forensics: [HIST] fixture=0 class=event lower_us=690 n=7[0m
[0;32mI (13936) forensics: [HIST] fixture=0 class=event lower_us=695 n=2[0m
[0;32mI (13946) forensics: [HIST] fixture=0 class=event lower_us=700 n=1[0m
[0;32mI (13946) forensics: [CALLBACK_CURVE] model=PAN fixture=0 voices=1 class=event n=22 avg_us=750.50 p95_us=765 p99_us=815 p995_us=815 p999_us=815 max_us=810 deadline=0 overhead_avg_us=64.11[0m
[0;32mI (13966) forensics: [CALLBACK_HIST] fixture=0 class=event lower_us=705 n=1[0m
[0;32mI (13976) forensics: [CALLBACK_HIST] fixture=0 class=event lower_us=740 n=5[0m
[0;32mI (13986) forensics: [CALLBACK_HIST] fixture=0 class=event lower_us=745 n=6[0m
[0;32mI (13986) forensics: [CALLBACK_HIST] fixture=0 class=event lower_us=750 n=5[0m
[0;32mI (13996) forensics: [CALLBACK_HIST] fixture=0 class=event lower_us=755 n=1[0m
[0;32mI (14006) forensics: [CALLBACK_HIST] fixture=0 class=event lower_us=760 n=3[0m
[0;32mI (14016) forensics: [CALLBACK_HIST] fixture=0 class=event lower_us=810 n=1[0m
[0;32mI (14016) forensics: [CURVE] model=PAN fixture=0 voices=1 class=fixture_transition n=1 avg_us=730.21 p95_us=735 p99_us=735 p995_us=735 p999_us=735 max_us=731 deadline=0 bad_voices=0 ble_lost=0 hard=0 sat=0 bin_us=5 max_observed_voices=1[0m
[0;32mI (14046) forensics: [HIST] fixture=0 class=fixture_transition lower_us=730 n=1[0m
[0;32mI (14046) forensics: [CALLBACK_CURVE] model=PAN fixture=0 voices=1 class=fixture_transition n=1 avg_us=927.00 p95_us=930 p99_us=930 p995_us=930 p999_us=930 max_us=927 deadline=0 overhead_avg_us=196.79[0m
[0;32mI (14066) forensics: [CALLBACK_HIST] fixture=0 class=fixture_transition lower_us=925 n=1[0m
[0;32mI (14076) forensics: [FASTPATH] fixture=0 stable8=0 attack=0 sustain=4051 shared_noise=0[0m
[0;32mI (14086) forensics: [OVERHEAD] fixture=0 blocks=4566 model_reset_avg_us=1.55 model_reset_max_us=19 queue_avg_us=1.94 queue_max_us=52 render_avg_us=458.69 telem_avg_us=3.74 telem_max_us=81 telem_publishes=570[0m
[0;32mI (15816) pocket_pan_main: [AUDIO] model=PAN blocks=5584 avg_us=1156 p99_us=0 max_us=2081 cpu_load=43.3 deadline=0 timeout=0 tx_error=0 short=0[0m
[0;32mI (15816) pocket_pan_main: [MIDI] push=0 pop=0 drop=0 hwm=0 last=(n=62 v=0 t=78 hex=000000)[0m
[0;32mI (15826) pocket_pan_main: [BLE] state=8 interval_ms=11.25 latency=0 rssi=-66 reconnects=0 last_disconnect=0[0m
[0;32mI (15836) pocket_pan_main: [MEM] internal_free=54719 largest_internal=31744[0m
[0;32mI (15846) pocket_pan_main: [UICORR] >1733(tot=2 draw=0 lcd=0 both=0 none=2) >2000(tot=1 draw=0 lcd=0 both=0 none=1)[0m
[0;32mI (15856) pocket_pan_main: [UIMETRIC] arch=0 field_updates=23 total_transfers=13 total_pixels=141600 last_sub_us=266 last_dma_us=1052[0m
[0;32mI (15866) pocket_pan_main: [UIREDRAW] urgent=10 telemetry=60 skip=370[0m
[0;32mI (20826) pocket_pan_main: [AUDIO] model=PAN blocks=7464 avg_us=1143 p99_us=1375 max_us=2081 cpu_load=42.9 deadline=0 timeout=0 tx_error=0 short=0[0m
[0;32mI (20826) pocket_pan_main: [MIDI] push=0 pop=0 drop=0 hwm=0 last=(n=62 v=0 t=78 hex=000000)[0m
[0;32mI (20836) pocket_pan_main: [BLE] state=8 interval_ms=11.25 latency=0 rssi=-67 reconnects=0 last_disconnect=0[0m
[0;32mI (20846) pocket_pan_main: [MEM] internal_free=54719 largest_internal=31744[0m
[0;32mI (20856) pocket_pan_main: [UICORR] >1733(tot=2 draw=0 lcd=0 both=0 none=2) >2000(tot=1 draw=0 lcd=0 both=0 none=1)[0m
[0;32mI (20866) pocket_pan_main: [UIMETRIC] arch=0 field_updates=25 total_transfers=15 total_pixels=145440 last_sub_us=310 last_dma_us=1092[0m
[0;32mI (20876) pocket_pan_main: [UIREDRAW] urgent=10 telemetry=83 skip=512[0m
[0;32mI (24036) forensics: [SAFETY] fixture=1 hard=0 sat=0 nonfinite=0 ble_lost=0[0m
[0;32mI (24036) forensics: [EVENT_ONLY] fixture=1 n=22 avg_us=104.10 max_us=172[0m
[0;32mI (24036) forensics: [FIXTURE_IO] model=PAN fixture=1 avg_us=1156 p99_us=1375 max_us=2081 cpu_pct=43.34 deadline=0 timeouts=0 tx_errors=0 short_writes=0[0m
[0;32mI (24056) forensics: [CURVE] model=PAN fixture=1 voices=4 class=true_steady n=4051 avg_us=1136.09 p95_us=1175 p99_us=1200 p995_us=1230 p999_us=1290 max_us=1320 deadline=0 bad_voices=0 ble_lost=0 hard=0 sat=0 bin_us=5 max_observed_voices=4[0m
[0;32mI (24076) forensics: [HIST] fixture=1 class=true_steady lower_us=1120 n=949[0m
[0;32mI (24086) forensics: [HIST] fixture=1 class=true_steady lower_us=1125 n=1155[0m
[0;32mI (24086) forensics: [HIST] fixture=1 class=true_steady lower_us=1130 n=529[0m
[0;32mI (24096) forensics: [HIST] fixture=1 class=true_steady lower_us=1135 n=193[0m
[0;32mI (24106) forensics: [HIST] fixture=1 class=true_steady lower_us=1140 n=317[0m
[0;32mI (24116) forensics: [HIST] fixture=1 class=true_steady lower_us=1145 n=173[0m
[0;32mI (24116) forensics: [HIST] fixture=1 class=true_steady lower_us=1150 n=104[0m
[0;32mI (24126) forensics: [HIST] fixture=1 class=true_steady lower_us=1155 n=148[0m
[0;32mI (24136) forensics: [HIST] fixture=1 class=true_steady lower_us=1160 n=175[0m
[0;32mI (24146) forensics: [HIST] fixture=1 class=true_steady lower_us=1165 n=105[0m
[0;32mI (24156) forensics: [HIST] fixture=1 class=true_steady lower_us=1170 n=57[0m
[0;32mI (24156) forensics: [HIST] fixture=1 class=true_steady lower_us=1175 n=44[0m
[0;32mI (24166) forensics: [HIST] fixture=1 class=true_steady lower_us=1180 n=32[0m
[0;32mI (24176) forensics: [HIST] fixture=1 class=true_steady lower_us=1185 n=15[0m
[0;32mI (24186) forensics: [HIST] fixture=1 class=true_steady lower_us=1190 n=7[0m
[0;32mI (24186) forensics: [HIST] fixture=1 class=true_steady lower_us=1195 n=9[0m
[0;32mI (24196) forensics: [HIST] fixture=1 class=true_steady lower_us=1200 n=5[0m
[0;32mI (24206) forensics: [HIST] fixture=1 class=true_steady lower_us=1205 n=5[0m
[0;32mI (24216) forensics: [HIST] fixture=1 class=true_steady lower_us=1210 n=3[0m
[0;32mI (24216) forensics: [HIST] fixture=1 class=true_steady lower_us=1215 n=2[0m
[0;32mI (24226) forensics: [HIST] fixture=1 class=true_steady lower_us=1220 n=3[0m
[0;32mI (24236) forensics: [HIST] fixture=1 class=true_steady lower_us=1225 n=2[0m
[0;32mI (24246) forensics: [HIST] fixture=1 class=true_steady lower_us=1230 n=1[0m
[0;32mI (24246) forensics: [HIST] fixture=1 class=true_steady lower_us=1235 n=1[0m
[0;32mI (24256) forensics: [HIST] fixture=1 class=true_steady lower_us=1240 n=2[0m
[0;32mI (24266) forensics: [HIST] fixture=1 class=true_steady lower_us=1245 n=1[0m
[0;32mI (24276) forensics: [HIST] fixture=1 class=true_steady lower_us=1250 n=1[0m
[0;32mI (24276) forensics: [HIST] fixture=1 class=true_steady lower_us=1255 n=1[0m
[0;32mI (24286) forensics: [HIST] fixture=1 class=true_steady lower_us=1270 n=1[0m
[0;32mI (24296) forensics: [HIST] fixture=1 class=true_steady lower_us=1280 n=5[0m
[0;32mI (24306) forensics: [HIST] fixture=1 class=true_steady lower_us=1285 n=5[0m
[0;32mI (24306) forensics: [HIST] fixture=1 class=true_steady lower_us=1320 n=1[0m
[0;32mI (24316) forensics: [CALLBACK_CURVE] model=PAN fixture=1 voices=4 class=true_steady n=4051 avg_us=1152.22 p95_us=1200 p99_us=1285 p995_us=1315 p999_us=1360 max_us=1400 deadline=0 overhead_avg_us=16.13[0m
[0;32mI (24336) forensics: [CALLBACK_HIST] fixture=1 class=true_steady lower_us=540 n=1[0m
[0;32mI (24346) forensics: [CALLBACK_HIST] fixture=1 class=true_steady lower_us=1130 n=684[0m
[0;32mI (24356) forensics: [CALLBACK_HIST] fixture=1 class=true_steady lower_us=1135 n=913[0m
[0;32mI (24356) forensics: [CALLBACK_HIST] fixture=1 class=true_steady lower_us=1140 n=519[0m
[0;32mI (24366) forensics: [CALLBACK_HIST] fixture=1 class=true_steady lower_us=1145 n=358[0m
[0;32mI (24376) forensics: [CALLBACK_HIST] fixture=1 class=true_steady lower_us=1150 n=342[0m
[0;32mI (24386) forensics: [CALLBACK_HIST] fixture=1 class=true_steady lower_us=1155 n=233[0m
[0;32mI (24396) forensics: [CALLBACK_HIST] fixture=1 class=true_steady lower_us=1160 n=132[0m
[0;32mI (24406) forensics: [CALLBACK_HIST] fixture=1 class=true_steady lower_us=1165 n=141[0m
[0;32mI (24406) forensics: [CALLBACK_HIST] fixture=1 class=true_steady lower_us=1170 n=145[0m
[0;32mI (24416) forensics: [CALLBACK_HIST] fixture=1 class=true_steady lower_us=1175 n=118[0m
[0;32mI (24426) forensics: [CALLBACK_HIST] fixture=1 class=true_steady lower_us=1180 n=92[0m
[0;32mI (24436) forensics: [CALLBACK_HIST] fixture=1 class=true_steady lower_us=1185 n=79[0m
[0;32mI (24446) forensics: [CALLBACK_HIST] fixture=1 class=true_steady lower_us=1190 n=65[0m
[0;32mI (24456) forensics: [CALLBACK_HIST] fixture=1 class=true_steady lower_us=1195 n=37[0m
[0;32mI (24456) forensics: [CALLBACK_HIST] fixture=1 class=true_steady lower_us=1200 n=32[0m
[0;32mI (24466) forensics: [CALLBACK_HIST] fixture=1 class=true_steady lower_us=1205 n=18[0m
[0;32mI (24476) forensics: [CALLBACK_HIST] fixture=1 class=true_steady lower_us=1210 n=16[0m
[0;32mI (24486) forensics: [CALLBACK_HIST] fixture=1 class=true_steady lower_us=1215 n=18[0m
[0;32mI (24496) forensics: [CALLBACK_HIST] fixture=1 class=true_steady lower_us=1220 n=14[0m
[0;32mI (24506) forensics: [CALLBACK_HIST] fixture=1 class=true_steady lower_us=1225 n=10[0m
[0;32mI (24506) forensics: [CALLBACK_HIST] fixture=1 class=true_steady lower_us=1230 n=8[0m
[0;32mI (24516) forensics: [CALLBACK_HIST] fixture=1 class=true_steady lower_us=1235 n=5[0m
[0;32mI (24526) forensics: [CALLBACK_HIST] fixture=1 class=true_steady lower_us=1240 n=7[0m
[0;32mI (24536) forensics: [CALLBACK_HIST] fixture=1 class=true_steady lower_us=1245 n=6[0m
[0;32mI (24546) forensics: [CALLBACK_HIST] fixture=1 class=true_steady lower_us=1250 n=3[0m
[0;32mI (24556) forensics: [CALLBACK_HIST] fixture=1 class=true_steady lower_us=1255 n=2[0m
[0;32mI (24556) forensics: [CALLBACK_HIST] fixture=1 class=true_steady lower_us=1260 n=4[0m
[0;32mI (24566) forensics: [CALLBACK_HIST] fixture=1 class=true_steady lower_us=1265 n=5[0m
[0;32mI (24576) forensics: [CALLBACK_HIST] fixture=1 class=true_steady lower_us=1270 n=1[0m
[0;32mI (24586) forensics: [CALLBACK_HIST] fixture=1 class=true_steady lower_us=1275 n=2[0m
[0;32mI (24596) forensics: [CALLBACK_HIST] fixture=1 class=true_steady lower_us=1280 n=4[0m
[0;32mI (24596) forensics: [CALLBACK_HIST] fixture=1 class=true_steady lower_us=1285 n=3[0m
[0;32mI (24606) forensics: [CALLBACK_HIST] fixture=1 class=true_steady lower_us=1290 n=3[0m
[0;32mI (24616) forensics: [CALLBACK_HIST] fixture=1 class=true_steady lower_us=1295 n=3[0m
[0;32mI (24626) forensics: [CALLBACK_HIST] fixture=1 class=true_steady lower_us=1300 n=3[0m
[0;32mI (24636) forensics: [CALLBACK_HIST] fixture=1 class=true_steady lower_us=1305 n=3[0m
[0;32mI (24646) forensics: [CALLBACK_HIST] fixture=1 class=true_steady lower_us=1310 n=5[0m
[0;32mI (24646) forensics: [CALLBACK_HIST] fixture=1 class=true_steady lower_us=1315 n=3[0m
[0;32mI (24656) forensics: [CALLBACK_HIST] fixture=1 class=true_steady lower_us=1320 n=3[0m
[0;32mI (24666) forensics: [CALLBACK_HIST] fixture=1 class=true_steady lower_us=1330 n=3[0m
[0;32mI (24676) forensics: [CALLBACK_HIST] fixture=1 class=true_steady lower_us=1335 n=2[0m
[0;32mI (24686) forensics: [CALLBACK_HIST] fixture=1 class=true_steady lower_us=1345 n=1[0m
[0;32mI (24696) forensics: [CALLBACK_HIST] fixture=1 class=true_steady lower_us=1355 n=2[0m
[0;32mI (24696) forensics: [CALLBACK_HIST] fixture=1 class=true_steady lower_us=1365 n=1[0m
[0;32mI (24706) forensics: [CALLBACK_HIST] fixture=1 class=true_steady lower_us=1395 n=1[0m
[0;32mI (24716) forensics: [CALLBACK_HIST] fixture=1 class=true_steady lower_us=1400 n=1[0m
[0;32mI (24726) forensics: [CURVE] model=PAN fixture=1 voices=4 class=attack_tail n=22 avg_us=1383.93 p95_us=1400 p99_us=1465 p995_us=1465 p999_us=1465 max_us=1460 deadline=0 bad_voices=0 ble_lost=0 hard=0 sat=0 bin_us=5 max_observed_voices=4[0m
[0;32mI (24746) forensics: [HIST] fixture=1 class=attack_tail lower_us=1370 n=7[0m
[0;32mI (24756) forensics: [HIST] fixture=1 class=attack_tail lower_us=1375 n=3[0m
[0;32mI (24766) forensics: [HIST] fixture=1 class=attack_tail lower_us=1380 n=5[0m
[0;32mI (24766) forensics: [HIST] fixture=1 class=attack_tail lower_us=1385 n=3[0m
[0;32mI (24776) forensics: [HIST] fixture=1 class=attack_tail lower_us=1390 n=2[0m
[0;32mI (24786) forensics: [HIST] fixture=1 class=attack_tail lower_us=1395 n=1[0m
[0;32mI (24796) forensics: [HIST] fixture=1 class=attack_tail lower_us=1460 n=1[0m
[0;32mI (24796) forensics: [CALLBACK_CURVE] model=PAN fixture=1 voices=4 class=attack_tail n=22 avg_us=1408.18 p95_us=1430 p99_us=1500 p995_us=1500 p999_us=1500 max_us=1498 deadline=0 overhead_avg_us=24.25[0m
[0;32mI (24816) forensics: [CALLBACK_HIST] fixture=1 class=attack_tail lower_us=1380 n=2[0m
[0;32mI (24826) forensics: [CALLBACK_HIST] fixture=1 class=attack_tail lower_us=1385 n=2[0m
[0;32mI (24836) forensics: [CALLBACK_HIST] fixture=1 class=attack_tail lower_us=1390 n=3[0m
[0;32mI (24846) forensics: [CALLBACK_HIST] fixture=1 class=attack_tail lower_us=1395 n=2[0m
[0;32mI (24846) forensics: [CALLBACK_HIST] fixture=1 class=attack_tail lower_us=1400 n=2[0m
[0;32mI (24856) forensics: [CALLBACK_HIST] fixture=1 class=attack_tail lower_us=1405 n=1[0m
[0;32mI (24866) forensics: [CALLBACK_HIST] fixture=1 class=attack_tail lower_us=1410 n=5[0m
[0;32mI (24876) forensics: [CALLBACK_HIST] fixture=1 class=attack_tail lower_us=1420 n=1[0m
[0;32mI (24886) forensics: [CALLBACK_HIST] fixture=1 class=attack_tail lower_us=1425 n=3[0m
[0;32mI (24896) forensics: [CALLBACK_HIST] fixture=1 class=attack_tail lower_us=1495 n=1[0m
[0;32mI (24896) forensics: [CURVE] model=PAN fixture=1 voices=4 class=event n=22 avg_us=1623.67 p95_us=1690 p99_us=1840 p995_us=1840 p999_us=1840 max_us=1836 deadline=0 bad_voices=0 ble_lost=0 hard=0 sat=0 bin_us=5 max_observed_voices=4[0m
[0;32mI (24916) forensics: [HIST] fixture=1 class=event lower_us=1570 n=1[0m
[0;32mI (24926) forensics: [HIST] fixture=1 class=event lower_us=1585 n=1[0m
[0;32mI (24936) forensics: [HIST] fixture=1 class=event lower_us=1595 n=1[0m
[0;32mI (24946) forensics: [HIST] fixture=1 class=event lower_us=1600 n=4[0m
[0;32mI (24946) forensics: [HIST] fixture=1 class=event lower_us=1605 n=2[0m
[0;32mI (24956) forensics: [HIST] fixture=1 class=event lower_us=1610 n=3[0m
[0;32mI (24966) forensics: [HIST] fixture=1 class=event lower_us=1615 n=2[0m
[0;32mI (24966) forensics: [HIST] fixture=1 class=event lower_us=1620 n=2[0m
[0;32mI (24976) forensics: [HIST] fixture=1 class=event lower_us=1625 n=3[0m
[0;32mI (24986) forensics: [HIST] fixture=1 class=event lower_us=1645 n=1[0m
[0;32mI (24986) forensics: [HIST] fixture=1 class=event lower_us=1685 n=1[0m
[0;32mI (24996) forensics: [HIST] fixture=1 class=event lower_us=1835 n=1[0m
[0;32mI (25006) forensics: [CALLBACK_CURVE] model=PAN fixture=1 voices=4 class=event n=22 avg_us=1699.23 p95_us=1770 p99_us=2085 p995_us=2085 p999_us=2085 max_us=2081 deadline=0 overhead_avg_us=75.56[0m
[0;32mI (25026) forensics: [CALLBACK_HIST] fixture=1 class=event lower_us=1645 n=2[0m
[0;32mI (25026) forensics: [CALLBACK_HIST] fixture=1 class=event lower_us=1655 n=2[0m
[0;32mI (25036) forensics: [CALLBACK_HIST] fixture=1 class=event lower_us=1660 n=1[0m
[0;32mI (25046) forensics: [CALLBACK_HIST] fixture=1 class=event lower_us=1665 n=1[0m
[0;32mI (25056) forensics: [CALLBACK_HIST] fixture=1 class=event lower_us=1670 n=5[0m
[0;32mI (25056) forensics: [CALLBACK_HIST] fixture=1 class=event lower_us=1675 n=1[0m
[0;32mI (25066) forensics: [CALLBACK_HIST] fixture=1 class=event lower_us=1680 n=3[0m
[0;32mI (25076) forensics: [CALLBACK_HIST] fixture=1 class=event lower_us=1685 n=2[0m
[0;32mI (25086) forensics: [CALLBACK_HIST] fixture=1 class=event lower_us=1695 n=1[0m
[0;32mI (25096) forensics: [CALLBACK_HIST] fixture=1 class=event lower_us=1700 n=1[0m
[0;32mI (25096) forensics: [CALLBACK_HIST] fixture=1 class=event lower_us=1745 n=1[0m
[0;32mI (25106) forensics: [CALLBACK_HIST] fixture=1 class=event lower_us=1765 n=1[0m
[0;32mI (25116) forensics: [CALLBACK_HIST] fixture=1 class=event lower_us=2080 n=1[0m
[0;32mI (25126) forensics: [CURVE] model=PAN fixture=1 voices=4 class=fixture_transition n=1 avg_us=641.70 p95_us=645 p99_us=645 p995_us=645 p999_us=645 max_us=642 deadline=0 bad_voices=0 ble_lost=0 hard=0 sat=0 bin_us=5 max_observed_voices=4[0m
[0;32mI (25146) forensics: [HIST] fixture=1 class=fixture_transition lower_us=640 n=1[0m
[0;32mI (25156) forensics: [CALLBACK_CURVE] model=PAN fixture=1 voices=4 class=fixture_transition n=1 avg_us=701.00 p95_us=705 p99_us=705 p995_us=705 p999_us=705 max_us=701 deadline=0 overhead_avg_us=59.30[0m
[0;32mI (25166) forensics: [CALLBACK_HIST] fixture=1 class=fixture_transition lower_us=700 n=1[0m
[0;32mI (25176) forensics: [FASTPATH] fixture=1 stable8=0 attack=0 sustain=16204 shared_noise=0[0m
[0;32mI (25186) forensics: [OVERHEAD] fixture=1 blocks=4096 model_reset_avg_us=1.50 model_reset_max_us=16 queue_avg_us=1.98 queue_max_us=37 render_avg_us=1146.33 telem_avg_us=3.67 telem_max_us=75 telem_publishes=512[0m
[0;33mW (25236) forensics: [OVERRUN] seq=8852 callback_us=2213 inner_us=2151 class=event fixture=2 model=PAN voices=8 exciter=1 midi_depth=0 midi_consumed=0 telem=0 model_req=0 reset_req=0[0m
[0;33mW (25246) forensics: [OVERRUN] seq=9040 callback_us=2206 inner_us=2141 class=event fixture=2 model=PAN voices=8 exciter=1 midi_depth=0 midi_consumed=0 telem=0 model_req=0 reset_req=0[0m
[0;32mI (25826) pocket_pan_main: [AUDIO] model=PAN blocks=9338 avg_us=1665 p99_us=0 max_us=2213 cpu_load=62.4 deadline=0 timeout=0 tx_error=0 short=0[0m
[0;32mI (25826) pocket_pan_main: [MIDI] push=0 pop=0 drop=0 hwm=0 last=(n=62 v=0 t=78 hex=000000)[0m
[0;32mI (25836) pocket_pan_main: [BLE] state=8 interval_ms=11.25 latency=0 rssi=-64 reconnects=0 last_disconnect=0[0m
[0;32mI (25846) pocket_pan_main: [MEM] internal_free=54719 largest_internal=31744[0m
[0;32mI (25856) pocket_pan_main: [UICORR] >1733(tot=53 draw=0 lcd=1 both=1 none=51) >2000(tot=4 draw=0 lcd=0 both=0 none=4)[0m
[0;32mI (25866) pocket_pan_main: [UIMETRIC] arch=0 field_updates=33 total_transfers=22 total_pixels=163200 last_sub_us=269 last_dma_us=1056[0m
[0;32mI (25876) pocket_pan_main: [UIREDRAW] urgent=12 telemetry=100 skip=618[0m
[0;32mI (30836) pocket_pan_main: [AUDIO] model=PAN blocks=11218 avg_us=1668 p99_us=1850 max_us=2213 cpu_load=62.5 deadline=0 timeout=0 tx_error=0 short=0[0m
[0;32mI (30836) pocket_pan_main: [MIDI] push=0 pop=0 drop=0 hwm=0 last=(n=62 v=0 t=78 hex=000000)[0m
[0;32mI (30846) pocket_pan_main: [BLE] state=8 interval_ms=11.25 latency=0 rssi=-65 reconnects=0 last_disconnect=0[0m
[0;32mI (30856) pocket_pan_main: [MEM] internal_free=54719 largest_internal=31744[0m
[0;32mI (30866) pocket_pan_main: [UICORR] >1733(tot=118 draw=1 lcd=6 both=3 none=108) >2000(tot=14 draw=0 lcd=0 both=0 none=14)[0m
[0;32mI (30876) pocket_pan_main: [UIMETRIC] arch=0 field_updates=50 total_transfers=39 total_pixels=195840 last_sub_us=268 last_dma_us=1059[0m
[0;32mI (30886) pocket_pan_main: [UIREDRAW] urgent=12 telemetry=124 skip=759[0m
[0;33mW (34586) forensics: [OVERRUN] seq=12612 callback_us=2318 inner_us=2195 class=event fixture=2 model=PAN voices=8 exciter=1 midi_depth=0 midi_consumed=0 telem=0 model_req=0 reset_req=0[0m
[0;32mI (34956) forensics: [SAFETY] fixture=2 hard=0 sat=0 nonfinite=0 ble_lost=0[0m
[0;32mI (34956) forensics: [EVENT_ONLY] fixture=2 n=22 avg_us=148.81 max_us=221[0m
[0;32mI (34956) forensics: [FIXTURE_IO] model=PAN fixture=2 avg_us=1674 p99_us=1850 max_us=2318 cpu_pct=62.77 deadline=0 timeouts=0 tx_errors=0 short_writes=0[0m
[0;32mI (34976) forensics: [CURVE] model=PAN fixture=2 voices=8 class=true_steady n=4051 avg_us=1649.92 p95_us=1690 p99_us=1720 p995_us=1745 p999_us=1805 max_us=1855 deadline=0 bad_voices=0 ble_lost=0 hard=0 sat=0 bin_us=5 max_observed_voices=8[0m
[0;32mI (34996) forensics: [HIST] fixture=2 class=true_steady lower_us=1630 n=590[0m
[0;32mI (35006) forensics: [HIST] fixture=2 class=true_steady lower_us=1635 n=1064[0m
[0;32mI (35016) forensics: [HIST] fixture=2 class=true_steady lower_us=1640 n=602[0m
[0;32mI (35016) forensics: [HIST] fixture=2 class=true_steady lower_us=1645 n=236[0m
[0;32mI (35026) forensics: [HIST] fixture=2 class=true_steady lower_us=1650 n=301[0m
[0;32mI (35036) forensics: [HIST] fixture=2 class=true_steady lower_us=1655 n=199[0m
[0;32mI (35046) forensics: [HIST] fixture=2 class=true_steady lower_us=1660 n=192[0m
[0;32mI (35046) forensics: [HIST] fixture=2 class=true_steady lower_us=1665 n=232[0m
[0;32mI (35056) forensics: [HIST] fixture=2 class=true_steady lower_us=1670 n=184[0m
[0;32mI (35066) forensics: [HIST] fixture=2 class=true_steady lower_us=1675 n=152[0m
[0;32mI (35076) forensics: [HIST] fixture=2 class=true_steady lower_us=1680 n=80[0m
[0;32mI (35076) forensics: [HIST] fixture=2 class=true_steady lower_us=1685 n=54[0m
[0;32mI (35086) forensics: [HIST] fixture=2 class=true_steady lower_us=1690 n=31[0m
[0;32mI (35096) forensics: [HIST] fixture=2 class=true_steady lower_us=1695 n=30[0m
[0;32mI (35106) forensics: [HIST] fixture=2 class=true_steady lower_us=1700 n=24[0m
[0;32mI (35106) forensics: [HIST] fixture=2 class=true_steady lower_us=1705 n=21[0m
[0;32mI (35116) forensics: [HIST] fixture=2 class=true_steady lower_us=1710 n=15[0m
[0;32mI (35126) forensics: [HIST] fixture=2 class=true_steady lower_us=1715 n=9[0m
[0;32mI (35136) forensics: [HIST] fixture=2 class=true_steady lower_us=1720 n=5[0m
[0;32mI (35136) forensics: [HIST] fixture=2 class=true_steady lower_us=1725 n=3[0m
[0;32mI (35146) forensics: [HIST] fixture=2 class=true_steady lower_us=1730 n=1[0m
[0;32mI (35156) forensics: [HIST] fixture=2 class=true_steady lower_us=1735 n=5[0m
[0;32mI (35166) forensics: [HIST] fixture=2 class=true_steady lower_us=1740 n=3[0m
[0;32mI (35166) forensics: [HIST] fixture=2 class=true_steady lower_us=1750 n=1[0m
[0;32mI (35176) forensics: [HIST] fixture=2 class=true_steady lower_us=1765 n=1[0m
[0;32mI (35186) forensics: [HIST] fixture=2 class=true_steady lower_us=1770 n=2[0m
[0;32mI (35196) forensics: [HIST] fixture=2 class=true_steady lower_us=1775 n=1[0m
[0;32mI (35196) forensics: [HIST] fixture=2 class=true_steady lower_us=1780 n=1[0m
[0;32mI (35206) forensics: [HIST] fixture=2 class=true_steady lower_us=1790 n=6[0m
[0;32mI (35216) forensics: [HIST] fixture=2 class=true_steady lower_us=1800 n=3[0m
[0;32mI (35226) forensics: [HIST] fixture=2 class=true_steady lower_us=1805 n=2[0m
[0;32mI (35226) forensics: [HIST] fixture=2 class=true_steady lower_us=1855 n=1[0m
[0;32mI (35236) forensics: [CALLBACK_CURVE] model=PAN fixture=2 voices=8 class=true_steady n=4051 avg_us=1666.69 p95_us=1720 p99_us=1800 p995_us=1830 p999_us=1905 max_us=1938 deadline=0 overhead_avg_us=16.77[0m
[0;32mI (35256) forensics: [CALLBACK_HIST] fixture=2 class=true_steady lower_us=1145 n=1[0m
[0;32mI (35266) forensics: [CALLBACK_HIST] fixture=2 class=true_steady lower_us=1640 n=425[0m
[0;32mI (35276) forensics: [CALLBACK_HIST] fixture=2 class=true_steady lower_us=1645 n=817[0m
[0;32mI (35286) forensics: [CALLBACK_HIST] fixture=2 class=true_steady lower_us=1650 n=527[0m
[0;32mI (35286) forensics: [CALLBACK_HIST] fixture=2 class=true_steady lower_us=1655 n=364[0m
[0;32mI (35296) forensics: [CALLBACK_HIST] fixture=2 class=true_steady lower_us=1660 n=342[0m
[0;32mI (35306) forensics: [CALLBACK_HIST] fixture=2 class=true_steady lower_us=1665 n=259[0m
[0;32mI (35316) forensics: [CALLBACK_HIST] fixture=2 class=true_steady lower_us=1670 n=194[0m
[0;32mI (35326) forensics: [CALLBACK_HIST] fixture=2 class=true_steady lower_us=1675 n=205[0m
[0;32mI (35336) forensics: [CALLBACK_HIST] fixture=2 class=true_steady lower_us=1680 n=163[0m
[0;32mI (35336) forensics: [CALLBACK_HIST] fixture=2 class=true_steady lower_us=1685 n=160[0m
[0;32mI (35346) forensics: [CALLBACK_HIST] fixture=2 class=true_steady lower_us=1690 n=113[0m
[0;32mI (35356) forensics: [CALLBACK_HIST] fixture=2 class=true_steady lower_us=1695 n=90[0m
[0;32mI (35366) forensics: [CALLBACK_HIST] fixture=2 class=true_steady lower_us=1700 n=71[0m
[0;32mI (35376) forensics: [CALLBACK_HIST] fixture=2 class=true_steady lower_us=1705 n=57[0m
[0;32mI (35386) forensics: [CALLBACK_HIST] fixture=2 class=true_steady lower_us=1710 n=40[0m
[0;32mI (35386) forensics: [CALLBACK_HIST] fixture=2 class=true_steady lower_us=1715 n=38[0m
[0;32mI (35396) forensics: [CALLBACK_HIST] fixture=2 class=true_steady lower_us=1720 n=28[0m
[0;32mI (35406) forensics: [CALLBACK_HIST] fixture=2 class=true_steady lower_us=1725 n=11[0m
[0;32mI (35416) forensics: [CALLBACK_HIST] fixture=2 class=true_steady lower_us=1730 n=24[0m
[0;32mI (35426) forensics: [CALLBACK_HIST] fixture=2 class=true_steady lower_us=1735 n=13[0m
[0;32mI (35436) forensics: [CALLBACK_HIST] fixture=2 class=true_steady lower_us=1740 n=12[0m
[0;32mI (35436) forensics: [CALLBACK_HIST] fixture=2 class=true_steady lower_us=1745 n=5[0m
[0;32mI (35446) forensics: [CALLBACK_HIST] fixture=2 class=true_steady lower_us=1750 n=7[0m
[0;32mI (35456) forensics: [CALLBACK_HIST] fixture=2 class=true_steady lower_us=1755 n=8[0m
[0;32mI (35466) forensics: [CALLBACK_HIST] fixture=2 class=true_steady lower_us=1760 n=5[0m
[0;32mI (35476) forensics: [CALLBACK_HIST] fixture=2 class=true_steady lower_us=1765 n=5[0m
[0;32mI (35486) forensics: [CALLBACK_HIST] fixture=2 class=true_steady lower_us=1770 n=8[0m
[0;32mI (35486) forensics: [CALLBACK_HIST] fixture=2 class=true_steady lower_us=1775 n=4[0m
[0;32mI (35496) forensics: [CALLBACK_HIST] fixture=2 class=true_steady lower_us=1780 n=4[0m
[0;32mI (35506) forensics: [CALLBACK_HIST] fixture=2 class=true_steady lower_us=1785 n=5[0m
[0;32mI (35516) forensics: [CALLBACK_HIST] fixture=2 class=true_steady lower_us=1790 n=4[0m
[0;32mI (35526) forensics: [CALLBACK_HIST] fixture=2 class=true_steady lower_us=1795 n=3[0m
[0;32mI (35536) forensics: [CALLBACK_HIST] fixture=2 class=true_steady lower_us=1800 n=3[0m
[0;32mI (35536) forensics: [CALLBACK_HIST] fixture=2 class=true_steady lower_us=1805 n=5[0m
[0;32mI (35546) forensics: [CALLBACK_HIST] fixture=2 class=true_steady lower_us=1810 n=4[0m
[0;32mI (35556) forensics: [CALLBACK_HIST] fixture=2 class=true_steady lower_us=1815 n=3[0m
[0;32mI (35566) forensics: [CALLBACK_HIST] fixture=2 class=true_steady lower_us=1820 n=2[0m
[0;32mI (35576) forensics: [CALLBACK_HIST] fixture=2 class=true_steady lower_us=1825 n=2[0m
[0;32mI (35576) forensics: [CALLBACK_HIST] fixture=2 class=true_steady lower_us=1830 n=4[0m
[0;32mI (35586) forensics: [CALLBACK_HIST] fixture=2 class=true_steady lower_us=1835 n=2[0m
[0;32mI (35596) forensics: [CALLBACK_HIST] fixture=2 class=true_steady lower_us=1840 n=1[0m
[0;32mI (35606) forensics: [CALLBACK_HIST] fixture=2 class=true_steady lower_us=1845 n=1[0m
[0;32mI (35616) forensics: [CALLBACK_HIST] fixture=2 class=true_steady lower_us=1850 n=2[0m
[0;32mI (35626) forensics: [CALLBACK_HIST] fixture=2 class=true_steady lower_us=1855 n=1[0m
[0;32mI (35626) forensics: [CALLBACK_HIST] fixture=2 class=true_steady lower_us=1865 n=2[0m
[0;32mI (35636) forensics: [CALLBACK_HIST] fixture=2 class=true_steady lower_us=1870 n=1[0m
[0;32mI (35646) forensics: [CALLBACK_HIST] fixture=2 class=true_steady lower_us=1895 n=1[0m
[0;32mI (35656) forensics: [CALLBACK_HIST] fixture=2 class=true_steady lower_us=1900 n=2[0m
[0;32mI (35666) forensics: [CALLBACK_HIST] fixture=2 class=true_steady lower_us=1905 n=1[0m
[0;32mI (35676) forensics: [CALLBACK_HIST] fixture=2 class=true_steady lower_us=1930 n=1[0m
[0;32mI (35676) forensics: [CALLBACK_HIST] fixture=2 class=true_steady lower_us=1935 n=1[0m
[0;32mI (35686) forensics: [CURVE] model=PAN fixture=2 voices=8 class=attack_tail n=22 avg_us=1842.62 p95_us=1875 p99_us=1880 p995_us=1880 p999_us=1880 max_us=1877 deadline=0 bad_voices=0 ble_lost=0 hard=0 sat=0 bin_us=5 max_observed_voices=8[0m
[0;32mI (35706) forensics: [HIST] fixture=2 class=attack_tail lower_us=1830 n=4[0m
[0;32mI (35716) forensics: [HIST] fixture=2 class=attack_tail lower_us=1835 n=6[0m
[0;32mI (35726) forensics: [HIST] fixture=2 class=attack_tail lower_us=1840 n=5[0m
[0;32mI (35736) forensics: [HIST] fixture=2 class=attack_tail lower_us=1845 n=3[0m
[0;32mI (35736) forensics: [HIST] fixture=2 class=attack_tail lower_us=1850 n=2[0m
[0;32mI (35746) forensics: [HIST] fixture=2 class=attack_tail lower_us=1870 n=1[0m
[0;32mI (35756) forensics: [HIST] fixture=2 class=attack_tail lower_us=1875 n=1[0m
[0;32mI (35766) forensics: [CALLBACK_CURVE] model=PAN fixture=2 voices=8 class=attack_tail n=22 avg_us=1865.09 p95_us=1905 p99_us=1910 p995_us=1910 p999_us=1910 max_us=1905 deadline=0 overhead_avg_us=22.47[0m
[0;32mI (35776) forensics: [CALLBACK_HIST] fixture=2 class=attack_tail lower_us=1840 n=1[0m
[0;32mI (35786) forensics: [CALLBACK_HIST] fixture=2 class=attack_tail lower_us=1845 n=2[0m
[0;32mI (35796) forensics: [CALLBACK_HIST] fixture=2 class=attack_tail lower_us=1850 n=1[0m
[0;32mI (35806) forensics: [CALLBACK_HIST] fixture=2 class=attack_tail lower_us=1855 n=5[0m
[0;32mI (35816) forensics: [CALLBACK_HIST] fixture=2 class=attack_tail lower_us=1860 n=3[0m
[0;32mI (35826) forensics: [CALLBACK_HIST] fixture=2 class=attack_tail lower_us=1865 n=4[0m
[0;32mI (35826) forensics: [CALLBACK_HIST] fixture=2 class=attack_tail lower_us=1870 n=2[0m
[0;32mI (35836) forensics: [CALLBACK_HIST] fixture=2 class=attack_tail lower_us=1875 n=1[0m
[0;32mI (35846) forensics: [CALLBACK_HIST] fixture=2 class=attack_tail lower_us=1885 n=1[0m
[0;32mI (35856) forensics: [CALLBACK_HIST] fixture=2 class=attack_tail lower_us=1900 n=1[0m
[0;32mI (35866) forensics: [CALLBACK_HIST] fixture=2 class=attack_tail lower_us=1905 n=1[0m
[0;32mI (35866) forensics: [CURVE] model=PAN fixture=2 voices=8 class=event n=22 avg_us=2114.03 p95_us=2155 p99_us=2200 p995_us=2200 p999_us=2200 max_us=2195 deadline=0 bad_voices=0 ble_lost=0 hard=0 sat=0 bin_us=5 max_observed_voices=8[0m
[0;32mI (35896) forensics: [HIST] fixture=2 class=event lower_us=2065 n=1[0m
[0;32mI (35896) forensics: [HIST] fixture=2 class=event lower_us=2090 n=1[0m
[0;32mI (35906) forensics: [HIST] fixture=2 class=event lower_us=2095 n=1[0m
[0;32mI (35916) forensics: [HIST] fixture=2 class=event lower_us=2100 n=3[0m
[0;32mI (35916) forensics: [HIST] fixture=2 class=event lower_us=2105 n=4[0m
[0;32mI (35926) forensics: [HIST] fixture=2 class=event lower_us=2110 n=4[0m
[0;32mI (35936) forensics: [HIST] fixture=2 class=event lower_us=2115 n=3[0m
[0;32mI (35936) forensics: [HIST] fixture=2 class=event lower_us=2120 n=1[0m
[0;32mI (35946) forensics: [HIST] fixture=2 class=event lower_us=2125 n=1[0m
[0;32mI (35956) forensics: [HIST] fixture=2 class=event lower_us=2140 n=1[0m
[0;32mI (35966) forensics: [HIST] fixture=2 class=event lower_us=2150 n=1[0m
[0;32mI (35966) forensics: [HIST] fixture=2 class=event lower_us=2195 n=1[0m
[0;32mI (35976) forensics: [CALLBACK_CURVE] model=PAN fixture=2 voices=8 class=event n=22 avg_us=2182.18 p95_us=2215 p99_us=2320 p995_us=2320 p999_us=2320 max_us=2318 deadline=0 overhead_avg_us=68.16[0m
[0;32mI (35996) forensics: [CALLBACK_HIST] fixture=2 class=event lower_us=2120 n=1[0m
[0;32mI (35996) forensics: [CALLBACK_HIST] fixture=2 class=event lower_us=2150 n=1[0m
[0;32mI (36006) forensics: [CALLBACK_HIST] fixture=2 class=event lower_us=2160 n=4[0m
[0;32mI (36016) forensics: [CALLBACK_HIST] fixture=2 class=event lower_us=2165 n=1[0m
[0;32mI (36026) forensics: [CALLBACK_HIST] fixture=2 class=event lower_us=2170 n=3[0m
[0;32mI (36036) forensics: [CALLBACK_HIST] fixture=2 class=event lower_us=2175 n=3[0m
[0;32mI (36036) forensics: [CALLBACK_HIST] fixture=2 class=event lower_us=2180 n=2[0m
[0;32mI (36046) forensics: [CALLBACK_HIST] fixture=2 class=event lower_us=2185 n=1[0m
[0;32mI (36056) forensics: [CALLBACK_HIST] fixture=2 class=event lower_us=2190 n=3[0m
[0;32mI (36066) forensics: [CALLBACK_HIST] fixture=2 class=event lower_us=2205 n=1[0m
[0;32mI (36066) forensics: [CALLBACK_HIST] fixture=2 class=event lower_us=2210 n=1[0m
[0;32mI (36076) forensics: [CALLBACK_HIST] fixture=2 class=event lower_us=2315 n=1[0m
[0;32mI (36086) forensics: [CURVE] model=PAN fixture=2 voices=8 class=fixture_transition n=1 avg_us=605.32 p95_us=610 p99_us=610 p995_us=610 p999_us=610 max_us=606 deadline=0 bad_voices=0 ble_lost=0 hard=0 sat=0 bin_us=5 max_observed_voices=8[0m
[0;32mI (36106) forensics: [HIST] fixture=2 class=fixture_transition lower_us=605 n=1[0m
[0;32mI (36116) forensics: [CALLBACK_CURVE] model=PAN fixture=2 voices=8 class=fixture_transition n=1 avg_us=687.00 p95_us=690 p99_us=690 p995_us=690 p999_us=690 max_us=687 deadline=0 overhead_avg_us=81.68[0m
[0;32mI (36136) forensics: [CALLBACK_HIST] fixture=2 class=fixture_transition lower_us=685 n=1[0m
[0;32mI (36146) forensics: [FASTPATH] fixture=2 stable8=4051 attack=352 sustain=32408 shared_noise=44[0m
[0;32mI (36156) forensics: [OVERHEAD] fixture=2 blocks=4096 model_reset_avg_us=1.49 model_reset_max_us=20 queue_avg_us=2.01 queue_max_us=33 render_avg_us=1659.98 telem_avg_us=3.81 telem_max_us=85 telem_publishes=512[0m
[0;32mI (36206) pocket_pan_main: [AUDIO] model=PAN blocks=13232 avg_us=11 p99_us=1850 max_us=2318 cpu_load=0.4 deadline=0 timeout=0 tx_error=0 short=0[0m
[0;32mI (36206) pocket_pan_main: [MIDI] push=0 pop=0 drop=0 hwm=0 last=(n=62 v=0 t=78 hex=000000)[0m
[0;32mI (36216) pocket_pan_main: [BLE] state=8 interval_ms=11.25 latency=0 rssi=-63 reconnects=0 last_disconnect=0[0m
[0;32mI (36226) pocket_pan_main: [MEM] internal_free=54719 largest_internal=31744[0m
[0;32mI (36236) pocket_pan_main: [UICORR] >1733(tot=169 draw=1 lcd=8 both=5 none=155) >2000(tot=22 draw=0 lcd=0 both=0 none=22)[0m
[0;32mI (36246) pocket_pan_main: [UIMETRIC] arch=0 field_updates=59 total_transfers=48 total_pixels=213120 last_sub_us=318 last_dma_us=1112[0m
[0;32mI (36266) pocket_pan_main: [UIREDRAW] urgent=12 telemetry=145 skip=874[0m
[0;32mI (41216) pocket_pan_main: [AUDIO] model=PAN blocks=15109 avg_us=9 p99_us=25 max_us=2318 cpu_load=0.3 deadline=0 timeout=0 tx_error=0 short=0[0m
[0;32mI (41216) pocket_pan_main: [MIDI] push=0 pop=0 drop=0 hwm=0 last=(n=62 v=0 t=78 hex=000000)[0m
[0;32mI (41226) pocket_pan_main: [BLE] state=8 interval_ms=11.25 latency=0 rssi=-61 reconnects=0 last_disconnect=0[0m
[0;32mI (41236) pocket_pan_main: [MEM] internal_free=54719 largest_internal=31744[0m
[0;32mI (41246) pocket_pan_main: [UICORR] >1733(tot=169 draw=1 lcd=8 both=5 none=155) >2000(tot=22 draw=0 lcd=0 both=0 none=22)[0m
[0;32mI (41256) pocket_pan_main: [UIMETRIC] arch=0 field_updates=59 total_transfers=48 total_pixels=213120 last_sub_us=318 last_dma_us=1112[0m
[0;32mI (41266) pocket_pan_main: [UIREDRAW] urgent=12 telemetry=160 skip=1024[0m
