Executing action: all (aliases: build)
Running ninja in directory C:\progs\ESPan\build-ci-prod
Executing "ninja all"...
[1/9] Performing build step for 'bootloader'

[1/1] cmd.exe /C "cd /D C:\progs\ESPan\build-ci-prod\bootloader\esp-idf\esptool_py && C:\Users\devx\.espressif\python_env\idf5.3_py3.14_env\Scripts\python.exe C:/Users/devx/esp/esp-idf/components/partition_table/check_sizes.py --offset 0x8000 bootloader 0x0 C:/progs/ESPan/build-ci-prod/bootloader/bootloader.bin"


Bootloader binary size 0x5260 bytes. 0x2da0 bytes (36%) free.



[2/7] Building CXX object esp-idf/main/CMakeFiles/__idf_main.dir/dsp/modal_resonator.cpp.obj
C:/progs/ESPan/main/dsp/modal_resonator.cpp:297:46: warning: 'always_inline' function might not be inlinable [-Wattributes]
  297 | __attribute__((always_inline)) DSP_HOT float ModalResonatorBank::processSampleMicro10(float excitation) {
      |                                              ^~~~~~~~~~~~~~~~~~
C:/progs/ESPan/main/dsp/modal_resonator.cpp:297:46: warning: 'always_inline' function might not be inlinable [-Wattributes]
C:/progs/ESPan/main/dsp/modal_resonator.cpp:282:46: warning: 'always_inline' function might not be inlinable [-Wattributes]
  282 | __attribute__((always_inline)) DSP_HOT float ModalResonatorBank::processSampleMicro8(float excitation) {
      |                                              ^~~~~~~~~~~~~~~~~~
C:/progs/ESPan/main/dsp/modal_resonator.cpp:282:46: warning: 'always_inline' function might not be inlinable [-Wattributes]
C:/progs/ESPan/main/dsp/modal_resonator.cpp:268:46: warning: 'always_inline' function might not be inlinable [-Wattributes]
  268 | __attribute__((always_inline)) DSP_HOT float ModalResonatorBank::processSampleMicro6(float excitation) {
      |                                              ^~~~~~~~~~~~~~~~~~
C:/progs/ESPan/main/dsp/modal_resonator.cpp:268:46: warning: 'always_inline' function might not be inlinable [-Wattributes]
C:/progs/ESPan/main/dsp/modal_resonator.cpp:297:46: warning: 'always_inline' function might not be inlinable [-Wattributes]
  297 | __attribute__((always_inline)) DSP_HOT float ModalResonatorBank::processSampleMicro10(float excitation) {
      |                                              ^~~~~~~~~~~~~~~~~~
C:/progs/ESPan/main/dsp/modal_resonator.cpp:282:46: warning: 'always_inline' function might not be inlinable [-Wattributes]
  282 | __attribute__((always_inline)) DSP_HOT float ModalResonatorBank::processSampleMicro8(float excitation) {
      |                                              ^~~~~~~~~~~~~~~~~~
C:/progs/ESPan/main/dsp/modal_resonator.cpp:268:46: warning: 'always_inline' function might not be inlinable [-Wattributes]
  268 | __attribute__((always_inline)) DSP_HOT float ModalResonatorBank::processSampleMicro6(float excitation) {

      |                                              ^~~~~~~~~~~~~~~~~~

[3/7] Linking C static library esp-idf\main\libmain.a

[4/7] Generating ld/sections.ld

info: INFO: Symbol IDF_TARGET_LINUX defined in multiple locations (see below). Please check if this is a correct behavior or a random name match:


    C:\Users\devx\esp\esp-idf\Kconfig:78


    C:\Users\devx\esp\esp-idf\Kconfig:162


[5/7] Linking CXX executable pocket_pan.elf

[6/7] Generating binary image from built executable

esptool.py v4.12.0


Creating esp32s3 image...


Merged 2 ELF sections


Successfully created esp32s3 image.


Generated C:/progs/ESPan/build-ci-prod/pocket_pan.bin

[7/7] cmd.exe /C "cd /D C:\progs\ESPan\build-ci-prod\esp-idf\esptool_py && C:\Users\devx\.espressif\python_env\idf5.3_py3.14_env\Scripts\python.exe C:/Users/devx/esp/esp-idf/components/partition_table/check_sizes.py --offset 0x8000 partition --type app C:/progs/ESPan/build-ci-prod/partition_table/partition-table.bin C:/progs/ESPan/build-ci-prod/pocket_pan.bin"

pocket_pan.bin binary size 0xa94a0 bytes. Smallest app partition is 0x100000 bytes. 0x56b60 bytes (34%) free.




Project build complete. To flash, run:
 idf.py flash
or
 idf.py -p PORT flash
or
 python -m esptool --chip esp32s3 -b 460800 --before default_reset --after hard_reset write_flash --flash_mode dio --flash_size 4MB --flash_freq 80m 0x0 build-ci-prod\bootloader\bootloader.bin 0x8000 build-ci-prod\partition_table\partition-table.bin 0x10000 build-ci-prod\pocket_pan.bin
or from the "C:\progs\ESPan\build-ci-prod" directory
 python -m esptool --chip esp32s3 -b 460800 --before default_reset --after hard_reset write_flash "@flash_args"
