Test project C:/progs/ESPan/build-host-p6off
      Start  1: ble_midi_parser
 1/13 Test  #1: ble_midi_parser ..................   Passed    0.11 sec
      Start  2: dsp
 2/13 Test  #2: dsp ..............................   Passed   11.14 sec
      Start  3: prepared_note
 3/13 Test  #3: prepared_note ....................   Passed    1.90 sec
      Start  4: telemetry
 4/13 Test  #4: telemetry ........................   Passed    0.10 sec
      Start  5: modal_kernel
 5/13 Test  #5: modal_kernel .....................   Passed    0.09 sec
      Start  6: fastpath
 6/13 Test  #6: fastpath .........................   Passed    0.76 sec
      Start  7: exciter_fastpath
 7/13 Test  #7: exciter_fastpath .................   Passed    0.07 sec
      Start  8: m635_fastpath
 8/13 Test  #8: m635_fastpath ....................   Passed    1.25 sec
      Start  9: m637_trigger
 9/13 Test  #9: m637_trigger .....................   Passed    0.07 sec
      Start 10: vibraphone_runtime
10/13 Test #10: vibraphone_runtime ...............   Passed    0.60 sec
      Start 11: mbira
11/13 Test #11: mbira ............................   Passed    1.71 sec
      Start 12: udu
12/13 Test #12: udu ..............................   Passed    0.84 sec
      Start 13: udu_dynamic
13/13 Test #13: udu_dynamic ......................   Passed    0.91 sec

100% tests passed, 0 tests failed out of 13

Total Test time (real) =  19.64 sec
