[0;32mI (123) esp_image: segment 1: paddr=000301ec vaddr=3fca31[0;32mI (679) esp_psram: SPI SRAM memory test OK[0m
[0;32mI (688) cpu_start: Pro cpu start user code[0m
[0;32mI (688) cpu_start: cpu freq: 240000000 Hz[0m
[0;32mI (688) app_init: Application information:[0m
[0;32mI (691) app_init: Project name:     pocket_pan[0m
[0;32mI (696) app_init: App version:      a3f409c-dirty[0m
[0;32mI (701) app_init: Compile time:     Oct  1 2026 17:52:41[0m
[0;32mI (707) app_init: ELF file SHA256:  19ce57b26...[0m
[0;32mI (713) app_init: ESP-IDF:          v5.3-dirty[0m
[0;32mI (718) efuse_init: Min chip rev:     v0.0[0m
[0;32mI (723) efuse_init: Max chip rev:     v0.99 [0m
[0;32mI (728) efuse_init: Chip rev:         v0.2[0m
[0;32mI (732) heap_init: Initializing. RAM available for dynamic allocation:[0m
[0;32mI (740) heap_init: At 3FCC5148 len 000245C8 (145 KiB): RAM[0m
[0;32mI (746) heap_init: At 3FCE9710 len 00005724 (21 KiB): RAM[0m
[0;32mI (752) heap_init: At 3FCF0000 len 00008000 (32 KiB): DRAM[0m
[0;32mI (758) heap_init: At 600FE100 len 00001EE8 (7 KiB): RTCRAM[0m
[0;32mI (764) esp_psram: Adding pool of 2048K of PSRAM memory to heap allocator[0m
[0;32mI (773) spi_flash: detected chip: generic[0m
[0;32mI (776) spi_flash: flash io: dio[0m
[0;32mI (781) sleep: Configure to isolate all GPIO pins in sleep state[0m
[0;32mI (787) sleep: Enable automatic switching of GPIO sleep configuration[0m
[0;32mI (794) coexist: coex firmware version: dab85ae96[0m
[0;32mI (800) coexist: coexist rom version e7ae62f[0m
[0;32mI (805) main_task: Started on CPU0[0m
[0;32mI (815) esp_psram: Reserving pool of 32K of internal memory for DMA/internal allocations[0m
[0;32mI (815) main_task: Calling app_main()[0m
[0;32mI (825) pocket_pan_main: ===============================================[0m
[0;32mI (825) pocket_pan_main:   Pocket Pan / Metal Modal Synthesizer v1.0.0[0m
[0;32mI (835) pocket_pan_main:   Hardware: TENSTAR TS-ESP32-S3 (Feather TFT)[0m
[0;32mI (845) pocket_pan_main: ===============================================[0m
[0;32mI (875) gpio: GPIO[10]| InputEn: 0| OutputEn: 1| OpenDrain: 0| Pullup: 0| Pulldown: 1| Intr:0 [0m
[0;32mI (875) AudioI2S: I2S TX initialized (48kHz, 32-bit slot, stereo, 6x128 frames DMA = 1024 bytes/buf)[0m
[0;32mI (885) AudioI2S: Audio task started on Core 0 at priority 12[0m
[0;32mI (885) Display: [DISP_MEM_PRE] before: int_free=170659 int_largest=73728 psram_free=2094528[0m
[0;32mI (895) Display: [DISP_MEM] framebuffer=0x3fcd6860 (size=64800, align=0, internal=1, dma=1, psram=0)[0m
[0;32mI (905) Display: [DISP_MEM] scratch=0x3fce6584 (size=9600, align=4, internal=1, dma=1)[0m
[0;32mI (915) Display: [DISP_MEM] before: int_free=170659 int_largest=73728 psram_free=2094528[0m
[0;32mI (925) Display: [DISP_MEM] after:  int_free=96251 int_largest=31744 psram_free=2094528[0m
[0;32mI (935) gpio: GPIO[39]| InputEn: 0| OutputEn: 1| OpenDrain: 0| Pullup: 0| Pulldown: 0| Intr:0 [0m
[0;32mI (945) gpio: GPIO[40]| InputEn: 0| OutputEn: 1| OpenDrain: 0| Pullup: 0| Pulldown: 0| Intr:0 [0m
[0;32mI (955) gpio: GPIO[21]| InputEn: 0| OutputEn: 1| OpenDrain: 0| Pullup: 0| Pulldown: 0| Intr:0 [0m
[0;32mI (1185) gpio: GPIO[45]| InputEn: 0| OutputEn: 1| OpenDrain: 0| Pullup: 0| Pulldown: 0| Intr:0 [0m
[0;32mI (1185) Display: ST7789 240x135 display initialized successfully (SPI 40MHz, GDMA callback armed)[0m
[0;32mI (1185) pocket_pan_main: [CANARY] PreparedNote canaries OK=1[0m
[0;32mI (1195) BLE_INIT: BT controller compile version [ba3b3e3][0m
[0;32mI (1205) BLE_INIT: Bluetooth MAC: b4:3a:45:ae:6f:2a[0m
[0;32mI (1205) phy_init: phy_version 680,a6008b2,Jun  4 2024,16:41:10[0m
[0;32mI (1255) BleMidi: NimBLE BLE MIDI Central initialized and pinned to Core 1[0m
[0;32mI (1255) BleMidi: NimBLE Host task running on Core 1[0m
[0;32mI (1255) pocket_pan_main: [M75_MEMORY] table_bytes=9640 cache_bytes=86760 synth_bytes=107848 internal_free=33575 largest_internal=24576[0m
[0;32mI (1255) NimBLE: Failed to restore IRKs from store; status=8
[0m
[0;32mI (1265) pocket_pan_main: [UDU_CACHE] compact_bytes=5928 full_tables=9[0m
[0;32mI (1275) NimBLE: GAP procedure initiated: discovery; [0m
[0;32mI (1285) pocket_pan_main: [UDU_STATE] voice_bytes=124 fixed_reference=0[0m
[0;32mI (1285) NimBLE: own_addr_type=0 filter_policy=0 passive=0 limited=0 filter_duplicates=1 [0m
[0;32mI (1295) pocket_pan_main: Pocket Pan initialization complete. Realtime audio active.[0m
[0;32mI (1305) NimBLE: duration=forever[0m
[0;32mI (1315) NimBLE: 
[0m
[0;32mI (1315) main_task: Returned from app_main()[0m
[0;32mI (1325) BleMidi: Scanning for BLE MIDI devices...[0m
[0;32mI (1305) gpio: GPIO[0]| InputEn: 1| OutputEn: 0| OpenDrain: 0| Pullup: 1| Pulldown: 0| Intr:0 [0m
[0;32mI (1415) BleMidi: BLE MIDI device found (59:FB:B6:B7:BF:0F); connecting[0m
[0;32mI (1415) NimBLE: GAP procedure initiated: connect; [0m
[0;32mI (1415) NimBLE: peer_addr_type=0 peer_addr=[0m
[0;32mI (1415) NimBLE: 59:fb:b6:b7:bf:0f[0m
[0;32mI (1425) NimBLE:  scan_itvl=16 scan_window=16 itvl_min=24 itvl_max=40 latency=0 supervision_timeout=256 min_ce_len=0 max_ce_len=0 own_addr_type=0[0m
[0;32mI (1435) NimBLE: 
[0m
[0;32mI (1515) BleMidi: BLE Connected! conn_handle=1[0m
[0;32mI (1515) NimBLE: GAP procedure initiated: [0m
[0;32mI (1515) NimBLE: connection parameter update; conn_handle=1 itvl_min=6 itvl_max=12 latency=0 supervision_timeout=200 min_ce_len=0 max_ce_len=0[0m
[0;32mI (1525) NimBLE: 
[0m
[0;32mI (1525) BleMidi: Requested connection params 7.5-15ms latency=0 timeout=2s rc=0[0m
[0;32mI (1535) NimBLE: GATT procedure initiated: discover all services
[0m
[0;32mI (1855) BleMidi: Negotiated params interval=50.00ms latency=0 timeout=2560ms[0m
[0;32mI (1855) NimBLE: Reattempt connection; reason = 0x3e, status = 0,reattempt count = 0 [0m
[0;31mE (1855) BleMidi: MIDI service discovery failed; disconnecting for recovery[0m
[0;32mI (1865) NimBLE: GAP procedure initiated: terminate connection; conn_handle=1 hci_reason=19
[0m
[0;32mI (1875) NimBLE: GAP procedure initiated: connect; [0m
[0;32mI (1885) NimBLE: peer_addr_type=0 peer_addr=[0m
[0;32mI (1885) NimBLE: 59:fb:b6:b7:bf:0f[0m
[0;32mI (1885) NimBLE:  scan_itvl=16 scan_window=16 itvl_min=24 itvl_max=40 latency=0 supervision_timeout=256 min_ce_len=0 max_ce_len=0 own_addr_type=0[0m
[0;32mI (1905) NimBLE: 
[0m
[0;32mI (1925) BleMidi: BLE Connected! conn_handle=1[0m
[0;32mI (1925) NimBLE: GAP procedure initiated: [0m
[0;32mI (1925) NimBLE: connection parameter update; conn_handle=1 itvl_min=6 itvl_max=12 latency=0 supervision_timeout=200 min_ce_len=0 max_ce_len=0[0m
[0;32mI (1945) NimBLE: 
[0m
[0;32mI (1945) BleMidi: Requested connection params 7.5-15ms latency=0 timeout=2s rc=0[0m
[0;32mI (1955) NimBLE: GATT procedure initiated: discover all services
[0m
[0;32mI (2255) BleMidi: Found BLE MIDI Service! start_handle=112 end_handle=115[0m
[0;32mI (2255) NimBLE: GATT procedure initiated: discover all characteristics; [0m
[0;32mI (2255) NimBLE: start_handle=112 end_handle=115
[0m
[0;32mI (2355) BleMidi: Found BLE MIDI Characteristic! def_handle=113 val_handle=114 props=0x16[0m
[0;32mI (2355) NimBLE: GATT procedure initiated: discover all descriptors; [0m
[0;32mI (2355) NimBLE: chr_val_handle=114 end_handle=115
[0m
[0;32mI (2505) BleMidi: Negotiated params interval=7.50ms latency=0 timeout=2000ms[0m
[0;32mI (2505) BleMidi: Discovered CCCD (0x2902) handle=115[0m
[0;32mI (2515) NimBLE: GATT procedure initiated: write; [0m
[0;32mI (2515) NimBLE: att_handle=115 len=2
[0m
[0;32mI (2525) BleMidi: CCCD subscription successful; BLE MIDI ready[0m
[0;32mI (2525) NimBLE: GAP procedure initiated: [0m
[0;32mI (2525) NimBLE: connection parameter update; conn_handle=1 itvl_min=6 itvl_max=9 latency=0 supervision_timeout=100 min_ce_len=0 max_ce_len=0[0m
[0;32mI (2535) NimBLE: 
[0m
[0;32mI (2625) BleMidi: Negotiated params interval=11.25ms latency=0 timeout=1000ms[0m
[0;32mI (5815) pocket_pan_main: [AUDIO] model=PAN blocks=1848 avg_us=345 p99_us=0 max_us=1296 cpu_load=12.9 deadline=0 timeout=0 tx_error=0 short=0[0m
[0;32mI (5815) pocket_pan_main: [MIDI] push=1 pop=1 drop=0 hwm=1 last=(n=50 v=75 t=78 hex=90324B)[0m
[0;32mI (5825) pocket_pan_main: [BLE] state=8 interval_ms=11.25 latency=0 rssi=-63 reconnects=0 last_disconnect=0[0m
[0;32mI (5835) pocket_pan_main: [MEM] internal_free=37715 largest_internal=20480[0m
[0;32mI (5845) pocket_pan_main: [UIREDRAW] urgent=10 telemetry=12 skip=124[0m
[0;32mI (10835) pocket_pan_main: [AUDIO] model=PAN blocks=3730 avg_us=344 p99_us=550 max_us=1296 cpu_load=12.9 deadline=0 timeout=0 tx_error=0 short=0[0m
[0;32mI (10835) pocket_pan_main: [MIDI] push=1 pop=1 drop=0 hwm=1 last=(n=50 v=75 t=78 hex=90324B)[0m
[0;32mI (10845) pocket_pan_main: [BLE] state=8 interval_ms=11.25 latency=0 rssi=-63 reconnects=0 last_disconnect=0[0m
[0;32mI (10855) pocket_pan_main: [MEM] internal_free=37715 largest_internal=20480[0m
[0;32mI (10865) pocket_pan_main: [UIREDRAW] urgent=10 telemetry=26 skip=276[0m
[0;32mI (15855) pocket_pan_main: [AUDIO] model=PAN blocks=5612 avg_us=345 p99_us=375 max_us=1296 cpu_load=12.9 deadline=0 timeout=0 tx_error=0 short=0[0m
[0;32mI (15855) pocket_pan_main: [MIDI] push=1 pop=1 drop=0 hwm=1 last=(n=50 v=75 t=78 hex=90324B)[0m
[0;32mI (15865) pocket_pan_main: [BLE] state=8 interval_ms=11.25 latency=0 rssi=-62 reconnects=0 last_disconnect=0[0m
[0;32mI (15875) pocket_pan_main: [MEM] internal_free=37715 largest_internal=20480[0m
[0;32mI (15885) pocket_pan_main: [UIREDRAW] urgent=10 telemetry=42 skip=426[0m
[0;32mI (20865) pocket_pan_main: [AUDIO] model=PAN blocks=7492 avg_us=345 p99_us=375 max_us=1296 cpu_load=12.9 deadline=0 timeout=0 tx_error=0 short=0[0m
[0;32mI (20865) pocket_pan_main: [MIDI] push=1 pop=1 drop=0 hwm=1 last=(n=50 v=75 t=78 hex=90324B)[0m
[0;32mI (20875) pocket_pan_main: [BLE] state=8 interval_ms=11.25 latency=0 rssi=-62 reconnects=0 last_disconnect=0[0m
[0;32mI (20885) pocket_pan_main: [MEM] internal_free=37715 largest_internal=20480[0m
[0;32mI (20895) pocket_pan_main: [UIREDRAW] urgent=10 telemetry=61 skip=573[0m
