[0;32mI (123) esp_image: segment 1: paddr=0003003c vaddr=3fca2eESP-ROM:esp32s3-20210327
Build:Mar 27 2021
rst:0x15 (USB_UART_CHIP_RESET),boot:0x8 (SPI_FAST_FLASH_BOOT)
Saved PC:0x42009f37
SPIWP:0xee
mode:DIO, clock div:1
load:0x3fce2810,len:0x178c
load:0x403c8700,len:0x4
load:0x403c8704,len:0xcb8
load:0x403cb700,len:0x2db0
entry 0x403c8914
[0;32mI (26) boot: ESP-IDF v5.3-dirty 2nd stage bootloader[0m
[0;32mI (27) boot: compile time Sep 29 2026 19:05:34[0m
[0;32mI (27) boot: Multicore bootloader[0m
[0;32mI (30) boot: chip revision: v0.2[0m
[0;32mI (34) boot.esp32s3: Boot SPI Speed : 80MHz[0m
[0;32mI (39) boot.esp32s3: SPI Mode       : DIO[0m
[0;32mI (43) boot.esp32s3: SPI Flash Size : 4MB[0m
[0;32mI (48) boot: Enabling RNG early entropy source...[0m
[0;32mI (54) boot: Partition Table:[0m
[0;32mI (57) boot: ## Label            Usage          Type ST Offset   Length[0m
[0;32mI (64) boot:  0 nvs              WiFi data        01 02 00009000 00006000[0m
[0;32mI (72) boot:  1 phy_init         RF data          01 01 0000f000 00001000[0m
[0;32mI (79) boot:  2 factory          factory app      00 00 00010000 00100000[0m
[0;32mI (87) boot: End of partition table[0m
[0;32mI (91) esp_image: segment 0: paddr=00010020 vaddr=3c070020 size=20014h (131092) map[0m
[0;32mI (123) esp_image: segment 1: paddr=0003003c vaddr=3fca2e00 size=04500h ( 17664) load[0m
[0;32mI (127) esp_image: segment 2: paddr=00034544 vaddr=40374000 size=0bad4h ( 47828) load[0m
[0;32mI (139) esp_image: segment 3: paddr=00040020 vaddr=42000020 size=638bch (407740) map[0m
[0;32mI (213) esp_image: segment 4: paddr=000a38e4 vaddr=4037fad4 size=132d4h ( 78548) load[0m
[0;32mI (243) boot: Loaded app from partition at offset 0x10000[0m
[0;32mI (243) boot: Disabling RNG early entropy source...[0m
[0;32mI (255) esp_psram: Found 2MB PSRAM device[0m
[0;32mI (255) esp_psram: Speed: 40MHz[0m
[0;32mI (255) cpu_start: Multicore app[0m
[0;32mI (675) esp_psram: SPI SRAM memory test OK[0m
[0;32mI (684) cpu_start: Pro cpu start user code[0m
[0;32mI (684) cpu_start: cpu freq: 240000000 Hz[0m
[0;32mI (684) app_init: Application information:[0m
[0;32mI (687) app_init: Project name:     pocket_pan[0m
[0;32mI (692) app_init: App version:      43f9196-dirty[0m
[0;32mI (697) app_init: Compile time:     Sep 30 2026 22:54:57[0m
[0;32mI (703) app_init: ELF file SHA256:  8b222bd4d...[0m
[0;32mI (709) app_init: ESP-IDF:          v5.3-dirty[0m
[0;32mI (714) efuse_init: Min chip rev:     v0.0[0m
[0;32mI (719) efuse_init: Max chip rev:     v0.99 [0m
[0;32mI (724) efuse_init: Chip rev:         v0.2[0m
[0;32mI (728) heap_init: Initializing. RAM available for dynamic allocation:[0m
[0;32mI (736) heap_init: At 3FCC3248 len 000264C8 (153 KiB): RAM[0m
[0;32mI (742) heap_init: At 3FCE9710 len 00005724 (21 KiB): RAM[0m
[0;32mI (748) heap_init: At 3FCF0000 len 00008000 (32 KiB): DRAM[0m
[0;32mI (754) heap_init: At 600FE100 len 00001EE8 (7 KiB): RTCRAM[0m
[0;32mI (760) esp_psram: Adding pool of 2048K of PSRAM memory to heap allocator[0m
[0;32mI (769) spi_flash: detected chip: generic[0m
[0;32mI (772) spi_flash: flash io: dio[0m
[0;32mI (777) sleep: Configure to isolate all GPIO pins in sleep state[0m
[0;32mI (783) sleep: Enable automatic switching of GPIO sleep configuration[0m
[0;32mI (790) coexist: coex firmware version: dab85ae96[0m
[0;32mI (796) coexist: coexist rom version e7ae62f[0m
[0;32mI (801) main_task: Started on CPU0[0m
[0;32mI (811) esp_psram: Reserving pool of 32K of internal memory for DMA/internal allocations[0m
[0;32mI (811) main_task: Calling app_main()[0m
[0;32mI (821) pocket_pan_main: ===============================================[0m
[0;32mI (821) pocket_pan_main:   Pocket Pan / Metal Modal Synthesizer v1.0.0[0m
[0;32mI (831) pocket_pan_main:   Hardware: TENSTAR TS-ESP32-S3 (Feather TFT)[0m
[0;32mI (841) pocket_pan_main: ===============================================[0m
[0;32mI (871) gpio: GPIO[10]| InputEn: 0| OutputEn: 1| OpenDrain: 0| Pullup: 0| Pulldown: 1| Intr:0 [0m
[0;32mI (871) AudioI2S: I2S TX initialized (48kHz, 32-bit slot, stereo, 6x128 frames DMA = 1024 bytes/buf)[0m
[0;32mI (881) AudioI2S: Audio task started on Core 0 at priority 12[0m
[0;32mI (881) Display: [DISP_MEM_PRE] before: int_free=178595 int_largest=81920 psram_free=2094528[0m
[0;32mI (891) Display: [DISP_MEM] framebuffer=0x3fcd4960 (size=64800, align=0, internal=1, dma=1, psram=0)[0m
[0;32mI (901) Display: [DISP_MEM] scratch=0x3fce4684 (size=9600, align=4, internal=1, dma=1)[0m
[0;32mI (911) Display: [DISP_MEM] before: int_free=178595 int_largest=81920 psram_free=2094528[0m
[0;32mI (921) Display: [DISP_MEM] after:  int_free=104187 int_largest=31744 psram_free=2094528[0m
[0;32mI (931) gpio: GPIO[39]| InputEn: 0| OutputEn: 1| OpenDrain: 0| Pullup: 0| Pulldown: 0| Intr:0 [0m
[0;32mI (941) gpio: GPIO[40]| InputEn: 0| OutputEn: 1| OpenDrain: 0| Pullup: 0| Pulldown: 0| Intr:0 [0m
[0;32mI (951) gpio: GPIO[21]| InputEn: 0| OutputEn: 1| OpenDrain: 0| Pullup: 0| Pulldown: 0| Intr:0 [0m
[0;32mI (1171) gpio: GPIO[45]| InputEn: 0| OutputEn: 1| OpenDrain: 0| Pullup: 0| Pulldown: 0| Intr:0 [0m
[0;32mI (1171) Display: ST7789 240x135 display initialized successfully (SPI 40MHz, GDMA callback armed)[0m
[0;32mI (1171) pocket_pan_main: [CANARY] PreparedNote canaries OK=1[0m
[0;32mI (1181) BLE_INIT: BT controller compile version [ba3b3e3][0m
[0;32mI (1191) BLE_INIT: Bluetooth MAC: b4:3a:45:ae:6f:2a[0m
[0;32mI (1191) phy_init: phy_version 680,a6008b2,Jun  4 2024,16:41:10[0m
[0;32mI (1241) BleMidi: NimBLE BLE MIDI Central initialized and pinned to Core 1[0m
[0;32mI (1241) BleMidi: NimBLE Host task running on Core 1[0m
[0;32mI (1241) pocket_pan_main: [M75_MEMORY] table_bytes=9640 cache_bytes=86760 synth_bytes=100672 internal_free=41539 largest_internal=31744[0m
[0;32mI (1241) NimBLE: Failed to restore IRKs from store; status=8
[0m
[0;32mI (1251) pocket_pan_main: Pocket Pan initialization complete. Realtime audio active.[0m
[0;32mI (1261) NimBLE: GAP procedure initiated: discovery; [0m
[0;32mI (1281) NimBLE: own_addr_type=0 filter_policy=0 passive=0 limited=0 filter_duplicates=1 [0m
[0;32mI (1271) main_task: Returned from app_main()[0m
[0;32mI (1281) NimBLE: duration=forever[0m
[0;32mI (1291) NimBLE: 
[0m
[0;32mI (1301) BleMidi: Scanning for BLE MIDI devices...[0m
[0;32mI (1261) gpio: GPIO[0]| InputEn: 1| OutputEn: 0| OpenDrain: 0| Pullup: 1| Pulldown: 0| Intr:0 [0m
[0;32mI (1381) BleMidi: BLE MIDI device found (59:FB:B6:B7:BF:0F); connecting[0m
[0;32mI (1381) NimBLE: GAP procedure initiated: connect; [0m
[0;32mI (1381) NimBLE: peer_addr_type=0 peer_addr=[0m
[0;32mI (1391) NimBLE: 59:fb:b6:b7:bf:0f[0m
[0;32mI (1391) NimBLE:  scan_itvl=16 scan_window=16 itvl_min=24 itvl_max=40 latency=0 supervision_timeout=256 min_ce_len=0 max_ce_len=0 own_addr_type=0[0m
[0;32mI (1411) NimBLE: 
[0m
[0;32mI (1491) BleMidi: BLE Connected! conn_handle=1[0m
[0;32mI (1491) NimBLE: GAP procedure initiated: [0m
[0;32mI (1491) NimBLE: connection parameter update; conn_handle=1 itvl_min=6 itvl_max=12 latency=0 supervision_timeout=200 min_ce_len=0 max_ce_len=0[0m
[0;32mI (1501) NimBLE: 
[0m
[0;32mI (1501) BleMidi: Requested connection params 7.5-15ms latency=0 timeout=2s rc=0[0m
[0;32mI (1511) NimBLE: GATT procedure initiated: discover all services
[0m
[0;32mI (1891) BleMidi: Found BLE MIDI Service! start_handle=112 end_handle=115[0m
[0;32mI (1891) NimBLE: GATT procedure initiated: discover all characteristics; [0m
[0;32mI (1891) NimBLE: start_handle=112 end_handle=115
[0m
[0;32mI (1991) BleMidi: Found BLE MIDI Characteristic! def_handle=113 val_handle=114 props=0x16[0m
[0;32mI (1991) NimBLE: GATT procedure initiated: discover all descriptors; [0m
[0;32mI (1991) NimBLE: chr_val_handle=114 end_handle=115
[0m
[0;32mI (2101) BleMidi: Negotiated params interval=7.50ms latency=0 timeout=2000ms[0m
[0;32mI (2101) BleMidi: Discovered CCCD (0x2902) handle=115[0m
[0;32mI (2111) NimBLE: GATT procedure initiated: write; [0m
[0;32mI (2111) NimBLE: att_handle=115 len=2
[0m
[0;32mI (2121) BleMidi: CCCD subscription successful; BLE MIDI ready[0m
[0;32mI (2131) NimBLE: GAP procedure initiated: [0m
[0;32mI (2131) NimBLE: connection parameter update; conn_handle=1 itvl_min=6 itvl_max=9 latency=0 supervision_timeout=100 min_ce_len=0 max_ce_len=0[0m
[0;32mI (2141) NimBLE: 
[0m
[0;32mI (2221) BleMidi: Negotiated params interval=11.25ms latency=0 timeout=1000ms[0m
[0;32mI (4221) pocket_pan_main: [BOOT_QUAL] SCREEN_MODE: 0 -> 1 (model=PAN rel_tick=6)[0m
[0;32mI (4641) pocket_pan_main: [BOOT_QUAL] SCREEN_MODE: 1 -> 2 (model=PAN rel_tick=20)[0m
[0;32mI (5811) pocket_pan_main: [AUDIO] model=PAN blocks=1849 avg_us=18 p99_us=0 max_us=989 cpu_load=0.7 deadline=0 timeout=0 tx_error=0 short=0[0m
[0;32mI (5811) pocket_pan_main: [MIDI] push=1 pop=1 drop=0 hwm=1 last=(n=50 v=75 t=78 hex=90324B)[0m
[0;32mI (5821) pocket_pan_main: [BLE] state=8 interval_ms=11.25 latency=0 rssi=-59 reconnects=0 last_disconnect=0[0m
[0;32mI (5831) pocket_pan_main: [MEM] internal_free=45671 largest_internal=27648[0m
[0;32mI (5841) pocket_pan_main: [UIREDRAW] urgent=9 telemetry=14 skip=126[0m
[0;32mI (6391) pocket_pan_main: [BOOT_QUAL] TRANSITION: PAN -> BELL (label='BELL' mode=0 rel_tick=77)[0m
[0;32mI (6391) pocket_pan_main: [BOOT_QUAL] SCREEN_MODE: 2 -> 0 (model=BELL rel_tick=77)[0m
[0;32mI (7931) pocket_pan_main: [BOOT_QUAL] TRANSITION: BELL -> TONGUE (label='TONGUE' mode=0 rel_tick=128)[0m
[0;32mI (9431) pocket_pan_main: [BOOT_QUAL] TRANSITION: TONGUE -> BOWL (label='BOWL' mode=0 rel_tick=178)[0m
[0;32mI (10811) pocket_pan_main: [AUDIO] model=BOWL blocks=3722 avg_us=134 p99_us=0 max_us=588 cpu_load=5.0 deadline=0 timeout=0 tx_error=0 short=0[0m
[0;32mI (10811) pocket_pan_main: [MIDI] push=1 pop=1 drop=0 hwm=1 last=(n=50 v=75 t=78 hex=90324B)[0m
[0;32mI (10821) pocket_pan_main: [BLE] state=8 interval_ms=11.25 latency=0 rssi=-60 reconnects=0 last_disconnect=0[0m
[0;32mI (10831) pocket_pan_main: [MEM] internal_free=45671 largest_internal=27648[0m
[0;32mI (10841) pocket_pan_main: [UIREDRAW] urgent=12 telemetry=31 skip=271[0m
[0;32mI (10931) pocket_pan_main: [BOOT_QUAL] TRANSITION: BOWL -> KALIMBA (label='KALIMBA' mode=0 rel_tick=227)[0m
[0;32mI (12461) pocket_pan_main: [BOOT_QUAL] TRANSITION: KALIMBA -> GLASS (label='GLASS' mode=0 rel_tick=278)[0m
[0;32mI (13961) pocket_pan_main: [BOOT_QUAL] TRANSITION: GLASS -> MARIMBA (label='MARIMBA' mode=0 rel_tick=328)[0m
[0;32mI (15461) pocket_pan_main: [BOOT_QUAL] TRANSITION: MARIMBA -> VIBRAPHONE (label='VIBRAPHONE' mode=0 rel_tick=378)[0m
[0;32mI (15821) pocket_pan_main: [AUDIO] model=VIBRAPHONE blocks=5603 avg_us=187 p99_us=0 max_us=492 cpu_load=7.0 deadline=0 timeout=0 tx_error=0 short=0[0m
[0;32mI (15821) pocket_pan_main: [MIDI] push=1 pop=1 drop=0 hwm=1 last=(n=50 v=75 t=78 hex=90324B)[0m
[0;32mI (15831) pocket_pan_main: [BLE] state=8 interval_ms=11.25 latency=0 rssi=-58 reconnects=0 last_disconnect=0[0m
[0;32mI (15841) pocket_pan_main: [MEM] internal_free=45671 largest_internal=27648[0m
[0;32mI (15851) pocket_pan_main: [UIREDRAW] urgent=16 telemetry=48 skip=416[0m
[0;32mI (17001) pocket_pan_main: [BOOT_QUAL] TRANSITION: VIBRAPHONE -> MBIRA (label='MBIRA' mode=0 rel_tick=428)[0m
[0;32mI (18501) pocket_pan_main: [BOOT_QUAL] TRANSITION: MBIRA -> PAN (label='PAN' mode=0 rel_tick=478)[0m
[0;32mI (20001) pocket_pan_main: [BOOT_QUAL] TRANSITION: PAN -> BELL (label='BELL' mode=0 rel_tick=528)[0m
[0;32mI (20841) pocket_pan_main: [AUDIO] model=BELL blocks=7485 avg_us=134 p99_us=0 max_us=426 cpu_load=5.0 deadline=0 timeout=0 tx_error=0 short=0[0m
[0;32mI (20841) pocket_pan_main: [MIDI] push=1 pop=1 drop=0 hwm=1 last=(n=50 v=75 t=78 hex=90324B)[0m
[0;32mI (20851) pocket_pan_main: [BLE] state=8 interval_ms=11.25 latency=0 rssi=-59 reconnects=0 last_disconnect=0[0m
[0;32mI (20861) pocket_pan_main: [MEM] internal_free=45671 largest_internal=27648[0m
[0;32mI (20871) pocket_pan_main: [UIREDRAW] urgent=19 telemetry=67 skip=560[0m
[0;32mI (21511) pocket_pan_main: [BOOT_QUAL] TRANSITION: BELL -> TONGUE (label='TONGUE' mode=0 rel_tick=577)[0m
[0;32mI (23041) pocket_pan_main: [BOOT_QUAL] TRANSITION: TONGUE -> BOWL (label='BOWL' mode=0 rel_tick=628)[0m
[0;32mI (24541) pocket_pan_main: [BOOT_QUAL] TRANSITION: BOWL -> KALIMBA (label='KALIMBA' mode=0 rel_tick=678)[0m
[0;32mI (25861) pocket_pan_main: [AUDIO] model=KALIMBA blocks=9367 avg_us=282 p99_us=0 max_us=590 cpu_load=10.6 deadline=0 timeout=0 tx_error=0 short=0[0m
[0;32mI (25861) pocket_pan_main: [MIDI] push=1 pop=1 drop=0 hwm=1 last=(n=50 v=75 t=78 hex=90324B)[0m
[0;32mI (25871) pocket_pan_main: [BLE] state=8 interval_ms=11.25 latency=0 rssi=-57 reconnects=0 last_disconnect=0[0m
[0;32mI (25881) pocket_pan_main: [MEM] internal_free=45671 largest_internal=27648[0m
[0;32mI (25891) pocket_pan_main: [UIREDRAW] urgent=22 telemetry=85 skip=705[0m
[0;32mI (26041) pocket_pan_main: [BOOT_QUAL] TRANSITION: KALIMBA -> GLASS (label='GLASS' mode=0 rel_tick=727)[0m
[0;32mI (27571) pocket_pan_main: [BOOT_QUAL] TRANSITION: GLASS -> MARIMBA (label='MARIMBA' mode=0 rel_tick=778)[0m
[0;32mI (29071) pocket_pan_main: [BOOT_QUAL] TRANSITION: MARIMBA -> VIBRAPHONE (label='VIBRAPHONE' mode=0 rel_tick=828)[0m
[0;32mI (30571) pocket_pan_main: [BOOT_QUAL] TRANSITION: VIBRAPHONE -> MBIRA (label='MBIRA' mode=0 rel_tick=878)[0m
[0;32mI (30871) pocket_pan_main: [AUDIO] model=MBIRA blocks=11247 avg_us=298 p99_us=0 max_us=804 cpu_load=11.2 deadline=0 timeout=0 tx_error=0 short=0[0m
[0;32mI (30871) pocket_pan_main: [MIDI] push=1 pop=1 drop=0 hwm=1 last=(n=50 v=75 t=78 hex=90324B)[0m
[0;32mI (30881) pocket_pan_main: [BLE] state=8 interval_ms=11.25 latency=0 rssi=-57 reconnects=0 last_disconnect=0[0m
[0;32mI (30891) pocket_pan_main: [MEM] internal_free=45671 largest_internal=27648[0m
[0;32mI (30901) pocket_pan_main: [UIREDRAW] urgent=26 telemetry=100 skip=852[0m
[0;32mI (32111) pocket_pan_main: [BOOT_QUAL] TRANSITION: MBIRA -> PAN (label='PAN' mode=0 rel_tick=928)[0m
[0;32mI (34211) pocket_pan_main: [BOOT_QUAL] TRANSITION: PAN -> BELL (label='BELL' mode=0 rel_tick=998)[0m
[0;32mI (35771) pocket_pan_main: [BOOT_QUAL] COMPLETE: schedule finished (3 short, 18 long, 1 extended hold)[0m
[0;32mI (35891) pocket_pan_main: [AUDIO] model=BELL blocks=13129 avg_us=135 p99_us=0 max_us=432 cpu_load=5.1 deadline=0 timeout=0 tx_error=0 short=0[0m
[0;32mI (35891) pocket_pan_main: [MIDI] push=1 pop=1 drop=0 hwm=1 last=(n=50 v=75 t=78 hex=90324B)[0m
[0;32mI (35901) pocket_pan_main: [BLE] state=8 interval_ms=11.25 latency=0 rssi=-61 reconnects=0 last_disconnect=0[0m
[0;32mI (35911) pocket_pan_main: [MEM] internal_free=45671 largest_internal=27648[0m
[0;32mI (35921) pocket_pan_main: [UIREDRAW] urgent=28 telemetry=117 skip=999[0m
[0;32mI (40911) pocket_pan_main: [AUDIO] model=BELL blocks=15011 avg_us=134 p99_us=150 max_us=432 cpu_load=5.0 deadline=0 timeout=0 tx_error=0 short=0[0m
[0;32mI (40911) pocket_pan_main: [MIDI] push=1 pop=1 drop=0 hwm=1 last=(n=50 v=75 t=78 hex=90324B)[0m
[0;32mI (40921) pocket_pan_main: [BLE] state=8 interval_ms=11.25 latency=0 rssi=-58 reconnects=0 last_disconnect=0[0m
[0;32mI (40931) pocket_pan_main: [MEM] internal_free=45671 largest_internal=27648[0m
[0;32mI (40941) pocket_pan_main: [UIREDRAW] urgent=28 telemetry=130 skip=1152[0m
[0;32mI (45931) pocket_pan_main: [AUDIO] model=BELL blocks=16893 avg_us=135 p99_us=150 max_us=432 cpu_load=5.1 deadline=0 timeout=0 tx_error=0 short=0[0m
[0;32mI (45931) pocket_pan_main: [MIDI] push=1 pop=1 drop=0 hwm=1 last=(n=50 v=75 t=78 hex=90324B)[0m
[0;32mI (45941) pocket_pan_main: [BLE] state=8 interval_ms=11.25 latency=0 rssi=-57 reconnects=0 last_disconnect=0[0m
[0;32mI (45951) pocket_pan_main: [MEM] internal_free=45671 largest_internal=27648[0m
[0;32mI (45961) pocket_pan_main: [UIREDRAW] urgent=28 telemetry=142 skip=1306[0m
