[0;32mI (123) esp_image: segment 1: paddr=0003087c vaddr=3fca31ESP-ROM:esp32s3-20210327
Build:Mar 27 2021
rst:0x15 (USB_UART_CHIP_RESET),boot:0x8 (SPI_FAST_FLASH_BOOT)
Saved PC:0x4200a0cf
SPIWP:0xee
mode:DIO, clock div:1
load:0x3fce2810,len:0x178c
load:0x403c8700,len:0x4
load:0x403c8704,len:0xcb8
load:0x403cb700,len:0x2db0
entry 0x403c8914
[0;32mI (26) boot: ESP-IDF v5.3-dirty 2nd stage bootloader[0m
[0;32mI (27) boot: compile time Oct  1 2026 14:37:35[0m
[0;32mI (27) boot: Multicore bootloader[0m
[0;32mI (30) boot: chip revision: v0.2[0m
[0;32mI (34) boot.esp32s3: Boot SPI Speed : 80MHz[0m
[0;32mI (39) boot.esp32s3: SPI Mode       : DIO[0m
[0;32mI (43) boot.esp32s3: SPI Flash Size : 4MB[0m
[0;32mI (48) boot: Enabling RNG early entropy source...[0m
[0;32mI (54) boot: Partition Table:[0m
[0;32mI (57) boot: ## Label            Usage          Type ST Offset   Length[0m
[0;32mI (64) boot:  0 nvs              WiFi data        01 02 00009000 00006000[0m
[0;32mI (72) boot:  1 phy_init         RF data          01 01 0000f000 00001000[0m
[0;32mI (79) boot:  2 factory          factory app      00 00 00010000 00100000[0m
[0;32mI (87) boot: End of partition table[0m
[0;32mI (91) esp_image: segment 0: paddr=00010020 vaddr=3c070020 size=20854h (133204) map[0m
[0;32mI (123) esp_image: segment 1: paddr=0003087c vaddr=3fca3100 size=04500h ( 17664) load[0m
[0;32mI (127) esp_image: segment 2: paddr=00034d84 vaddr=40374000 size=0b294h ( 45716) load[0m
[0;32mI (139) esp_image: segment 3: paddr=00040020 vaddr=42000020 size=6584ch (415820) map[0m
[0;32mI (214) esp_image: segment 4: paddr=000a5874 vaddr=4037f294 size=13d6ch ( 81260) load[0m
[0;32mI (245) boot: Loaded app from partition at offset 0x10000[0m
[0;32mI (245) boot: Disabling RNG early entropy source...[0m
[0;32mI (257) esp_psram: Found 2MB PSRAM device[0m
[0;32mI (257) esp_psram: Speed: 40MHz[0m
[0;32mI (258) cpu_start: Multicore app[0m
[0;32mI (677) esp_psram: SPI SRAM memory test OK[0m
[0;32mI (686) cpu_start: Pro cpu start user code[0m
[0;32mI (686) cpu_start: cpu freq: 240000000 Hz[0m
[0;32mI (686) app_init: Application information:[0m
[0;32mI (689) app_init: Project name:     pocket_pan[0m
[0;32mI (694) app_init: App version:      b6454c6-dirty[0m
[0;32mI (700) app_init: Compile time:     Oct  1 2026 19:04:21[0m
[0;32mI (706) app_init: ELF file SHA256:  78bee1875...[0m
[0;32mI (711) app_init: ESP-IDF:          v5.3-dirty[0m
[0;32mI (716) efuse_init: Min chip rev:     v0.0[0m
[0;32mI (721) efuse_init: Max chip rev:     v0.99 [0m
[0;32mI (726) efuse_init: Chip rev:         v0.2[0m
[0;32mI (731) heap_init: Initializing. RAM available for dynamic allocation:[0m
[0;32mI (738) heap_init: At 3FCD4870 len 00014EA0 (83 KiB): RAM[0m
[0;32mI (744) heap_init: At 3FCE9710 len 00005724 (21 KiB): RAM[0m
[0;32mI (750) heap_init: At 3FCF0000 len 00008000 (32 KiB): DRAM[0m
[0;32mI (756) heap_init: At 600FE100 len 00001EE8 (7 KiB): RTCRAM[0m
[0;32mI (763) esp_psram: Adding pool of 2048K of PSRAM memory to heap allocator[0m
[0;32mI (771) spi_flash: detected chip: generic[0m
[0;32mI (775) spi_flash: flash io: dio[0m
[0;32mI (779) sleep: Configure to isolate all GPIO pins in sleep state[0m
[0;32mI (785) sleep: Enable automatic switching of GPIO sleep configuration[0m
[0;32mI (792) coexist: coex firmware version: dab85ae96[0m
[0;32mI (798) coexist: coexist rom version e7ae62f[0m
[0;32mI (803) main_task: Started on CPU0[0m
[0;32mI (813) esp_psram: Reserving pool of 32K of internal memory for DMA/internal allocations[0m
[0;32mI (813) main_task: Calling app_main()[0m
[0;32mI (823) pocket_pan_main: ===============================================[0m
[0;32mI (823) pocket_pan_main:   Pocket Pan / Metal Modal Synthesizer v1.0.0[0m
[0;32mI (833) pocket_pan_main:   Hardware: TENSTAR TS-ESP32-S3 (Feather TFT)[0m
[0;32mI (843) pocket_pan_main: ===============================================[0m
[0;32mI (853) pocket_pan_main: [FORENSICS] candidate=25 profile=0 cpu_mhz=240 optimization_perf=1 process6=1 fine_bins=5 critical_only=0[0m
[0;32mI (883) gpio: GPIO[10]| InputEn: 0| OutputEn: 1| OpenDrain: 0| Pullup: 0| Pulldown: 1| Intr:0 [0m
[0;32mI (883) AudioI2S: I2S TX initialized (48kHz, 32-bit slot, stereo, 6x128 frames DMA = 1024 bytes/buf)[0m
[0;32mI (893) AudioI2S: Audio task started on Core 0 at priority 12[0m
[0;32mI (903) Display: [DISP_MEM_PRE] before: int_free=107455 int_largest=31744 psram_free=2094528[0m
[0;33mW (903) Display: Internal SRAM (64800 B) exhausted; falling back to PSRAM[0m
[0;32mI (913) Display: [DISP_MEM] framebuffer=0x3c0a0a44 (size=64800, align=4, internal=0, dma=0, psram=1)[0m
[0;32mI (923) Display: [DISP_MEM] scratch=0x3fce5f44 (size=9600, align=4, internal=1, dma=1)[0m
[0;32mI (933) Display: [DISP_MEM] before: int_free=107455 int_largest=31744 psram_free=2094528[0m
[0;32mI (943) Display: [DISP_MEM] after:  int_free=97851 int_largest=31744 psram_free=2029724[0m
[0;32mI (953) gpio: GPIO[39]| InputEn: 0| OutputEn: 1| OpenDrain: 0| Pullup: 0| Pulldown: 0| Intr:0 [0m
[0;32mI (963) gpio: GPIO[40]| InputEn: 0| OutputEn: 1| OpenDrain: 0| Pullup: 0| Pulldown: 0| Intr:0 [0m
[0;32mI (973) gpio: GPIO[21]| InputEn: 0| OutputEn: 1| OpenDrain: 0| Pullup: 0| Pulldown: 0| Intr:0 [0m
[0;32mI (1203) gpio: GPIO[45]| InputEn: 0| OutputEn: 1| OpenDrain: 0| Pullup: 0| Pulldown: 0| Intr:0 [0m
[0;31mE (1203) lcd_panel.io.spi: panel_io_spi_tx_color(390): spi transmit (queue) color failed[0m
[0;31mE (1203) lcd_panel.st7789: panel_st7789_draw_bitmap(223): io tx color failed[0m
[0;32mI (1213) Display: ST7789 240x135 display initialized successfully (SPI 40MHz, GDMA callback armed)[0m
[0;32mI (1223) pocket_pan_main: [CANARY] PreparedNote canaries OK=1[0m
[0;32mI (1233) BLE_INIT: BT controller compile version [ba3b3e3][0m
[0;32mI (1233) BLE_INIT: Bluetooth MAC: b4:3a:45:ae:6f:2a[0m
[0;32mI (1243) phy_init: phy_version 680,a6008b2,Jun  4 2024,16:41:10[0m
[0;32mI (1283) BleMidi: NimBLE Host task running on Core 1[0m
[0;32mI (1283) BleMidi: NimBLE BLE MIDI Central initialized and pinned to Core 1[0m
[0;32mI (1283) pocket_pan_main: [M75_MEMORY] table_bytes=9640 cache_bytes=86760 synth_bytes=107848 internal_free=35159 largest_internal=26624[0m
[0;32mI (1293) NimBLE: Failed to restore IRKs from store; status=8
[0m
[0;32mI (1303) pocket_pan_main: [UDU_CACHE] compact_bytes=5928 full_tables=9[0m
[0;32mI (1303) NimBLE: GAP procedure initiated: discovery; [0m
[0;32mI (1313) pocket_pan_main: [UDU_STATE] voice_bytes=124 fixed_reference=0[0m
[0;32mI (1323) NimBLE: own_addr_type=0 filter_policy=0 passive=0 limited=0 filter_duplicates=1 [0m
[0;32mI (1323) pocket_pan_main: Pocket Pan initialization complete. Realtime audio active.[0m
[0;32mI (1333) NimBLE: duration=forever[0m
[0;32mI (1343) NimBLE: 
[0m
[0;32mI (1343) main_task: Returned from app_main()[0m
[0;32mI (1353) BleMidi: Scanning for BLE MIDI devices...[0m
[0;32mI (1333) gpio: GPIO[0]| InputEn: 1| OutputEn: 0| OpenDrain: 0| Pullup: 1| Pulldown: 0| Intr:0 [0m
[0;31mE (1383) lcd_panel.io.spi: panel_io_spi_tx_color(390): spi transmit (queue) color failed[0m
[0;31mE (1383) lcd_panel.st7789: panel_st7789_draw_bitmap(223): io tx color failed[0m
[0;31mE (1393) lcd_panel.io.spi: panel_io_spi_tx_color(390): spi transmit (queue) color failed[0m
[0;31mE (1393) lcd_panel.st7789: panel_st7789_draw_bitmap(223): io tx color failed[0m
[0;32mI (1473) BleMidi: BLE MIDI device found (59:FB:B6:B7:BF:0F); connecting[0m
[0;32mI (1473) NimBLE: GAP procedure initiated: connect; [0m
[0;32mI (1473) NimBLE: peer_addr_type=0 peer_addr=[0m
[0;32mI (1483) NimBLE: 59:fb:b6:b7:bf:0f[0m
[0;32mI (1483) NimBLE:  scan_itvl=16 scan_window=16 itvl_min=24 itvl_max=40 latency=0 supervision_timeout=256 min_ce_len=0 max_ce_len=0 own_addr_type=0[0m
[0;32mI (1493) NimBLE: 
[0m
[0;31mE (1503) lcd_panel.io.spi: panel_io_spi_tx_color(390): spi transmit (queue) color failed[0m
[0;31mE (1513) lcd_panel.st7789: panel_st7789_draw_bitmap(223): io tx color failed[0m
[0;32mI (1583) BleMidi: BLE Connected! conn_handle=1[0m
[0;32mI (1583) NimBLE: GAP procedure initiated: [0m
[0;32mI (1583) NimBLE: connection parameter update; conn_handle=1 itvl_min=6 itvl_max=12 latency=0 supervision_timeout=200 min_ce_len=0 max_ce_len=0[0m
[0;32mI (1593) NimBLE: 
[0m
[0;32mI (1593) BleMidi: Requested connection params 7.5-15ms latency=0 timeout=2s rc=0[0m
[0;32mI (1603) NimBLE: GATT procedure initiated: discover all services
[0m
[0;32mI (1883) BleMidi: Found BLE MIDI Service! start_handle=112 end_handle=115[0m
[0;32mI (1883) NimBLE: GATT procedure initiated: discover all characteristics; [0m
[0;32mI (1893) NimBLE: start_handle=112 end_handle=115
[0m
[0;32mI (1983) BleMidi: Found BLE MIDI Characteristic! def_handle=113 val_handle=114 props=0x16[0m
[0;32mI (1983) NimBLE: GATT procedure initiated: discover all descriptors; [0m
[0;32mI (1993) NimBLE: chr_val_handle=114 end_handle=115
[0m
[0;32mI (2083) BleMidi: Discovered CCCD (0x2902) handle=115[0m
[0;32mI (2083) NimBLE: GATT procedure initiated: write; [0m
[0;32mI (2083) NimBLE: att_handle=115 len=2
[0m
[0;32mI (2143) BleMidi: Negotiated params interval=7.50ms latency=0 timeout=2000ms[0m
[0;32mI (2163) BleMidi: CCCD subscription successful; BLE MIDI ready[0m
[0;32mI (2163) NimBLE: GAP procedure initiated: [0m
[0;32mI (2163) NimBLE: connection parameter update; conn_handle=1 itvl_min=6 itvl_max=9 latency=0 supervision_timeout=100 min_ce_len=0 max_ce_len=0[0m
[0;32mI (2173) NimBLE: 
[0m
[0;31mE (2183) lcd_panel.io.spi: panel_io_spi_tx_color(390): spi transmit (queue) color failed[0m
[0;31mE (2183) lcd_panel.st7789: panel_st7789_draw_bitmap(223): io tx color failed[0m
[0;32mI (2253) BleMidi: Negotiated params interval=11.25ms latency=0 timeout=1000ms[0m
[0;32mI (5823) pocket_pan_main: [AUDIO] model=PAN blocks=1847 avg_us=461 p99_us=0 max_us=1299 cpu_load=17.3 deadline=0 timeout=0 tx_error=0 short=0[0m
[0;32mI (5823) pocket_pan_main: [MIDI] push=1 pop=1 drop=0 hwm=1 last=(n=50 v=75 t=78 hex=90324B)[0m
[0;32mI (5833) pocket_pan_main: [BLE] state=8 interval_ms=11.25 latency=0 rssi=-64 reconnects=0 last_disconnect=0[0m
[0;32mI (5843) pocket_pan_main: [MEM] internal_free=35491 largest_internal=22528[0m
[0;32mI (5853) pocket_pan_main: [UIREDRAW] urgent=25 telemetry=7 skip=115[0m
[0;32mI (10833) pocket_pan_main: [AUDIO] model=PAN blocks=3725 avg_us=455 p99_us=725 max_us=1299 cpu_load=17.1 deadline=0 timeout=0 tx_error=0 short=0[0m
[0;32mI (10833) pocket_pan_main: [MIDI] push=1 pop=1 drop=0 hwm=1 last=(n=50 v=75 t=78 hex=90324B)[0m
[0;32mI (10843) pocket_pan_main: [BLE] state=8 interval_ms=11.25 latency=0 rssi=-62 reconnects=0 last_disconnect=0[0m
[0;32mI (10853) pocket_pan_main: [MEM] internal_free=35491 largest_internal=22528[0m
[0;32mI (10863) pocket_pan_main: [UIREDRAW] urgent=50 telemetry=17 skip=246[0m
[0;32mI (15843) pocket_pan_main: [AUDIO] model=PAN blocks=5605 avg_us=470 p99_us=750 max_us=1299 cpu_load=17.6 deadline=0 timeout=0 tx_error=0 short=0[0m
[0;32mI (15843) pocket_pan_main: [MIDI] push=1 pop=1 drop=0 hwm=1 last=(n=50 v=75 t=78 hex=90324B)[0m
[0;32mI (15853) pocket_pan_main: [BLE] state=8 interval_ms=11.25 latency=0 rssi=-65 reconnects=0 last_disconnect=0[0m
[0;32mI (15863) pocket_pan_main: [MEM] internal_free=35491 largest_internal=22528[0m
[0;32mI (15873) pocket_pan_main: [UIREDRAW] urgent=77 telemetry=27 skip=375[0m
[0;32mI (20863) pocket_pan_main: [AUDIO] model=PAN blocks=7487 avg_us=482 p99_us=750 max_us=1299 cpu_load=18.1 deadline=0 timeout=0 tx_error=0 short=0[0m
[0;32mI (20863) pocket_pan_main: [MIDI] push=1 pop=1 drop=0 hwm=1 last=(n=50 v=75 t=78 hex=90324B)[0m
[0;32mI (20873) pocket_pan_main: [BLE] state=8 interval_ms=11.25 latency=0 rssi=-61 reconnects=0 last_disconnect=0[0m
[0;32mI (20883) pocket_pan_main: [MEM] internal_free=35491 largest_internal=22528[0m
[0;32mI (20893) pocket_pan_main: [UIREDRAW] urgent=99 telemetry=38 skip=508[0m
[0;32mI (24053) forensics: [SAFETY] fixture=3 hard=0 sat=0 nonfinite=0 ble_lost=0[0m
[0;32mI (24053) forensics: [EVENT_ONLY] fixture=3 n=88 avg_us=120.69 max_us=258[0m
[0;32mI (24053) forensics: [FIXTURE_IO] model=UDU fixture=3 avg_us=476 p99_us=750 max_us=1299 cpu_pct=17.85 deadline=0 timeouts=0 tx_errors=0 short_writes=0[0m
[0;32mI (24073) forensics: [CURVE] model=UDU fixture=3 voices=1 class=true_steady n=6873 avg_us=411.53 p95_us=510 p99_us=575 p995_us=615 p999_us=735 max_us=859 deadline=0 bad_voices=0 ble_lost=0 hard=0 sat=0 bin_us=5 max_observed_voices=3[0m
[0;32mI (24093) forensics: [HIST] fixture=3 class=true_steady lower_us=250 n=63[0m
[0;32mI (24103) forensics: [HIST] fixture=3 class=true_steady lower_us=255 n=7[0m
[0;32mI (24103) forensics: [HIST] fixture=3 class=true_steady lower_us=260 n=1[0m
[0;32mI (24113) forensics: [HIST] fixture=3 class=true_steady lower_us=265 n=2[0m
[0;32mI (24123) forensics: [HIST] fixture=3 class=true_steady lower_us=275 n=2[0m
[0;32mI (24133) forensics: [HIST] fixture=3 class=true_steady lower_us=285 n=1[0m
[0;32mI (24133) forensics: [HIST] fixture=3 class=true_steady lower_us=310 n=1[0m
[0;32mI (24143) forensics: [HIST] fixture=3 class=true_steady lower_us=320 n=1[0m
[0;32mI (24153) forensics: [HIST] fixture=3 class=true_steady lower_us=360 n=2421[0m
[0;32mI (24163) forensics: [HIST] fixture=3 class=true_steady lower_us=365 n=334[0m
[0;32mI (24163) forensics: [HIST] fixture=3 class=true_steady lower_us=370 n=935[0m
[0;32mI (24173) forensics: [HIST] fixture=3 class=true_steady lower_us=375 n=105[0m
[0;32mI (24183) forensics: [HIST] fixture=3 class=true_steady lower_us=380 n=34[0m
[0;32mI (24193) forensics: [HIST] fixture=3 class=true_steady lower_us=385 n=23[0m
[0;32mI (24193) forensics: [HIST] fixture=3 class=true_steady lower_us=390 n=34[0m
[0;32mI (24203) forensics: [HIST] fixture=3 class=true_steady lower_us=395 n=21[0m
[0;32mI (24213) forensics: [HIST] fixture=3 class=true_steady lower_us=400 n=53[0m
[0;32mI (24223) forensics: [HIST] fixture=3 class=true_steady lower_us=405 n=55[0m
[0;32mI (24223) forensics: [HIST] fixture=3 class=true_steady lower_us=410 n=115[0m
[0;32mI (24233) forensics: [HIST] fixture=3 class=true_steady lower_us=415 n=23[0m
[0;32mI (24243) forensics: [HIST] fixture=3 class=true_steady lower_us=420 n=30[0m
[0;32mI (24253) forensics: [HIST] fixture=3 class=true_steady lower_us=425 n=15[0m
[0;32mI (24253) forensics: [HIST] fixture=3 class=true_steady lower_us=430 n=14[0m
[0;32mI (24263) forensics: [HIST] fixture=3 class=true_steady lower_us=435 n=9[0m
[0;32mI (24273) forensics: [HIST] fixture=3 class=true_steady lower_us=440 n=5[0m
[0;32mI (24283) forensics: [HIST] fixture=3 class=true_steady lower_us=445 n=3[0m
[0;32mI (24283) forensics: [HIST] fixture=3 class=true_steady lower_us=450 n=5[0m
[0;32mI (24293) forensics: [HIST] fixture=3 class=true_steady lower_us=455 n=5[0m
[0;32mI (24303) forensics: [HIST] fixture=3 class=true_steady lower_us=460 n=3[0m
[0;32mI (24313) forensics: [HIST] fixture=3 class=true_steady lower_us=465 n=3[0m
[0;32mI (24313) forensics: [HIST] fixture=3 class=true_steady lower_us=470 n=1369[0m
[0;32mI (24323) forensics: [HIST] fixture=3 class=true_steady lower_us=475 n=190[0m
[0;32mI (24333) forensics: [HIST] fixture=3 class=true_steady lower_us=480 n=485[0m
[0;32mI (24343) forensics: [HIST] fixture=3 class=true_steady lower_us=485 n=89[0m
[0;32mI (24343) forensics: [HIST] fixture=3 class=true_steady lower_us=490 n=28[0m
[0;32mI (24353) forensics: [HIST] fixture=3 class=true_steady lower_us=495 n=13[0m
[0;32mI (24363) forensics: [HIST] fixture=3 class=true_steady lower_us=500 n=19[0m
[0;32mI (24373) forensics: [HIST] fixture=3 class=true_steady lower_us=505 n=26[0m
[0;32mI (24373) forensics: [HIST] fixture=3 class=true_steady lower_us=510 n=17[0m
[0;32mI (24383) forensics: [HIST] fixture=3 class=true_steady lower_us=515 n=44[0m
[0;32mI (24393) forensics: [HIST] fixture=3 class=true_steady lower_us=520 n=47[0m
[0;32mI (24403) forensics: [HIST] fixture=3 class=true_steady lower_us=525 n=41[0m
[0;32mI (24403) forensics: [HIST] fixture=3 class=true_steady lower_us=530 n=30[0m
[0;32mI (24413) forensics: [HIST] fixture=3 class=true_steady lower_us=535 n=14[0m
[0;32mI (24423) forensics: [HIST] fixture=3 class=true_steady lower_us=540 n=15[0m
[0;32mI (24433) forensics: [HIST] fixture=3 class=true_steady lower_us=545 n=14[0m
[0;32mI (24433) forensics: [HIST] fixture=3 class=true_steady lower_us=550 n=12[0m
[0;32mI (24443) forensics: [HIST] fixture=3 class=true_steady lower_us=555 n=10[0m
[0;32mI (24453) forensics: [HIST] fixture=3 class=true_steady lower_us=560 n=8[0m
[0;32mI (24463) forensics: [HIST] fixture=3 class=true_steady lower_us=565 n=8[0m
[0;32mI (24463) forensics: [HIST] fixture=3 class=true_steady lower_us=570 n=3[0m
[0;32mI (24473) forensics: [HIST] fixture=3 class=true_steady lower_us=575 n=5[0m
[0;32mI (24483) forensics: [HIST] fixture=3 class=true_steady lower_us=580 n=2[0m
[0;32mI (24483) forensics: [HIST] fixture=3 class=true_steady lower_us=585 n=4[0m
[0;32mI (24493) forensics: [HIST] fixture=3 class=true_steady lower_us=590 n=3[0m
[0;32mI (24503) forensics: [HIST] fixture=3 class=true_steady lower_us=595 n=4[0m
[0;32mI (24513) forensics: [HIST] fixture=3 class=true_steady lower_us=600 n=5[0m
[0;32mI (24513) forensics: [HIST] fixture=3 class=true_steady lower_us=605 n=5[0m
[0;32mI (24523) forensics: [HIST] fixture=3 class=true_steady lower_us=610 n=6[0m
[0;32mI (24533) forensics: [HIST] fixture=3 class=true_steady lower_us=615 n=2[0m
[0;32mI (24543) forensics: [HIST] fixture=3 class=true_steady lower_us=620 n=3[0m
[0;32mI (24543) forensics: [HIST] fixture=3 class=true_steady lower_us=625 n=1[0m
[0;32mI (24553) forensics: [HIST] fixture=3 class=true_steady lower_us=630 n=3[0m
[0;32mI (24563) forensics: [HIST] fixture=3 class=true_steady lower_us=635 n=2[0m
[0;32mI (24573) forensics: [HIST] fixture=3 class=true_steady lower_us=640 n=3[0m
[0;32mI (24573) forensics: [HIST] fixture=3 class=true_steady lower_us=650 n=3[0m
[0;32mI (24583) forensics: [HIST] fixture=3 class=true_steady lower_us=660 n=1[0m
[0;32mI (24593) forensics: [HIST] fixture=3 class=true_steady lower_us=665 n=1[0m
[0;32mI (24603) forensics: [HIST] fixture=3 class=true_steady lower_us=670 n=1[0m
[0;32mI (24603) forensics: [HIST] fixture=3 class=true_steady lower_us=675 n=1[0m
[0;32mI (24613) forensics: [HIST] fixture=3 class=true_steady lower_us=680 n=1[0m
[0;32mI (24623) forensics: [HIST] fixture=3 class=true_steady lower_us=690 n=1[0m
[0;32mI (24633) forensics: [HIST] fixture=3 class=true_steady lower_us=700 n=1[0m
[0;32mI (24633) forensics: [HIST] fixture=3 class=true_steady lower_us=710 n=1[0m
[0;32mI (24643) forensics: [HIST] fixture=3 class=true_steady lower_us=715 n=2[0m
[0;32mI (24653) forensics: [HIST] fixture=3 class=true_steady lower_us=730 n=1[0m
[0;32mI (24653) forensics: [HIST] fixture=3 class=true_steady lower_us=745 n=1[0m
[0;32mI (24663) forensics: [HIST] fixture=3 class=true_steady lower_us=755 n=1[0m
[0;32mI (24673) forensics: [HIST] fixture=3 class=true_steady lower_us=780 n=1[0m
[0;32mI (24683) forensics: [HIST] fixture=3 class=true_steady lower_us=790 n=1[0m
[0;32mI (24683) forensics: [HIST] fixture=3 class=true_steady lower_us=855 n=2[0m
[0;32mI (24693) forensics: [CALLBACK_CURVE] model=UDU fixture=3 voices=1 class=true_steady n=6873 avg_us=428.18 p95_us=550 p99_us=680 p995_us=730 p999_us=845 max_us=978 deadline=0 overhead_avg_us=16.65[0m
[0;32mI (24713) forensics: [CALLBACK_HIST] fixture=3 class=true_steady lower_us=255 n=48[0m
[0;32mI (24723) forensics: [CALLBACK_HIST] fixture=3 class=true_steady lower_us=260 n=8[0m
[0;32mI (24733) forensics: [CALLBACK_HIST] fixture=3 class=true_steady lower_us=265 n=6[0m
[0;32mI (24733) forensics: [CALLBACK_HIST] fixture=3 class=true_steady lower_us=270 n=1[0m
[0;32mI (24743) forensics: [CALLBACK_HIST] fixture=3 class=true_steady lower_us=275 n=4[0m
[0;32mI (24753) forensics: [CALLBACK_HIST] fixture=3 class=true_steady lower_us=280 n=2[0m
[0;32mI (24763) forensics: [CALLBACK_HIST] fixture=3 class=true_steady lower_us=285 n=2[0m
[0;32mI (24773) forensics: [CALLBACK_HIST] fixture=3 class=true_steady lower_us=290 n=1[0m
[0;32mI (24773) forensics: [CALLBACK_HIST] fixture=3 class=true_steady lower_us=305 n=1[0m
[0;32mI (24783) forensics: [CALLBACK_HIST] fixture=3 class=true_steady lower_us=310 n=1[0m
[0;32mI (24793) forensics: [CALLBACK_HIST] fixture=3 class=true_steady lower_us=315 n=1[0m
[0;32mI (24803) forensics: [CALLBACK_HIST] fixture=3 class=true_steady lower_us=330 n=1[0m
[0;32mI (24813) forensics: [CALLBACK_HIST] fixture=3 class=true_steady lower_us=370 n=2178[0m
[0;32mI (24823) forensics: [CALLBACK_HIST] fixture=3 class=true_steady lower_us=375 n=428[0m
[0;32mI (24823) forensics: [CALLBACK_HIST] fixture=3 class=true_steady lower_us=380 n=672[0m
[0;32mI (24833) forensics: [CALLBACK_HIST] fixture=3 class=true_steady lower_us=385 n=151[0m
[0;32mI (24843) forensics: [CALLBACK_HIST] fixture=3 class=true_steady lower_us=390 n=188[0m
[0;32mI (24853) forensics: [CALLBACK_HIST] fixture=3 class=true_steady lower_us=395 n=52[0m
[0;32mI (24863) forensics: [CALLBACK_HIST] fixture=3 class=true_steady lower_us=400 n=60[0m
[0;32mI (24873) forensics: [CALLBACK_HIST] fixture=3 class=true_steady lower_us=405 n=17[0m
[0;32mI (24873) forensics: [CALLBACK_HIST] fixture=3 class=true_steady lower_us=410 n=16[0m
[0;32mI (24883) forensics: [CALLBACK_HIST] fixture=3 class=true_steady lower_us=415 n=26[0m
[0;32mI (24893) forensics: [CALLBACK_HIST] fixture=3 class=true_steady lower_us=420 n=42[0m
[0;32mI (24903) forensics: [CALLBACK_HIST] fixture=3 class=true_steady lower_us=425 n=38[0m
[0;32mI (24913) forensics: [CALLBACK_HIST] fixture=3 class=true_steady lower_us=430 n=46[0m
[0;32mI (24923) forensics: [CALLBACK_HIST] fixture=3 class=true_steady lower_us=435 n=65[0m
[0;32mI (24923) forensics: [CALLBACK_HIST] fixture=3 class=true_steady lower_us=440 n=64[0m
[0;32mI (24933) forensics: [CALLBACK_HIST] fixture=3 class=true_steady lower_us=445 n=69[0m
[0;32mI (24943) forensics: [CALLBACK_HIST] fixture=3 class=true_steady lower_us=450 n=41[0m
[0;32mI (24953) forensics: [CALLBACK_HIST] fixture=3 class=true_steady lower_us=455 n=29[0m
[0;32mI (24963) forensics: [CALLBACK_HIST] fixture=3 class=true_steady lower_us=460 n=12[0m
[0;32mI (24963) forensics: [CALLBACK_HIST] fixture=3 class=true_steady lower_us=465 n=12[0m
[0;32mI (24973) forensics: [CALLBACK_HIST] fixture=3 class=true_steady lower_us=470 n=4[0m
[0;32mI (24983) forensics: [CALLBACK_HIST] fixture=3 class=true_steady lower_us=475 n=8[0m
[0;32mI (24993) forensics: [CALLBACK_HIST] fixture=3 class=true_steady lower_us=480 n=1186[0m
[0;32mI (25003) forensics: [CALLBACK_HIST] fixture=3 class=true_steady lower_us=485 n=278[0m
[0;32mI (25013) forensics: [CALLBACK_HIST] fixture=3 class=true_steady lower_us=490 n=352[0m
[0;32mI (25013) forensics: [CALLBACK_HIST] fixture=3 class=true_steady lower_us=495 n=85[0m
[0;32mI (25023) forensics: [CALLBACK_HIST] fixture=3 class=true_steady lower_us=500 n=84[0m
[0;32mI (25033) forensics: [CALLBACK_HIST] fixture=3 class=true_steady lower_us=505 n=72[0m
[0;32mI (25043) forensics: [CALLBACK_HIST] fixture=3 class=true_steady lower_us=510 n=47[0m
[0;32mI (25053) forensics: [CALLBACK_HIST] fixture=3 class=true_steady lower_us=515 n=28[0m
[0;32mI (25063) forensics: [CALLBACK_HIST] fixture=3 class=true_steady lower_us=520 n=19[0m
[0;32mI (25063) forensics: [CALLBACK_HIST] fixture=3 class=true_steady lower_us=525 n=13[0m
[0;32mI (25073) forensics: [CALLBACK_HIST] fixture=3 class=true_steady lower_us=530 n=13[0m
[0;32mI (25083) forensics: [CALLBACK_HIST] fixture=3 class=true_steady lower_us=535 n=27[0m
[0;32mI (25093) forensics: [CALLBACK_HIST] fixture=3 class=true_steady lower_us=540 n=27[0m
[0;32mI (25103) forensics: [CALLBACK_HIST] fixture=3 class=true_steady lower_us=545 n=41[0m
[0;32mI (25113) forensics: [CALLBACK_HIST] fixture=3 class=true_steady lower_us=550 n=25[0m
[0;32mI (25113) forensics: [CALLBACK_HIST] fixture=3 class=true_steady lower_us=555 n=33[0m
[0;32mI (25123) forensics: [CALLBACK_HIST] fixture=3 class=true_steady lower_us=560 n=29[0m
[0;32mI (25133) forensics: [CALLBACK_HIST] fixture=3 class=true_steady lower_us=565 n=21[0m
[0;32mI (25143) forensics: [CALLBACK_HIST] fixture=3 class=true_steady lower_us=570 n=22[0m
[0;32mI (25153) forensics: [CALLBACK_HIST] fixture=3 class=true_steady lower_us=575 n=14[0m
[0;32mI (25153) forensics: [CALLBACK_HIST] fixture=3 class=true_steady lower_us=580 n=9[0m
[0;32mI (25163) forensics: [CALLBACK_HIST] fixture=3 class=true_steady lower_us=585 n=7[0m
[0;32mI (25173) forensics: [CALLBACK_HIST] fixture=3 class=true_steady lower_us=590 n=8[0m
[0;32mI (25183) forensics: [CALLBACK_HIST] fixture=3 class=true_steady lower_us=595 n=7[0m
[0;32mI (25193) forensics: [CALLBACK_HIST] fixture=3 class=true_steady lower_us=600 n=3[0m
[0;32mI (25203) forensics: [CALLBACK_HIST] fixture=3 class=true_steady lower_us=605 n=7[0m
[0;32mI (25203) forensics: [CALLBACK_HIST] fixture=3 class=true_steady lower_us=610 n=5[0m
[0;32mI (25213) forensics: [CALLBACK_HIST] fixture=3 class=true_steady lower_us=615 n=1[0m
[0;32mI (25223) forensics: [CALLBACK_HIST] fixture=3 class=true_steady lower_us=620 n=4[0m
[0;32mI (25233) forensics: [CALLBACK_HIST] fixture=3 class=true_steady lower_us=625 n=2[0m
[0;32mI (25243) forensics: [CALLBACK_HIST] fixture=3 class=true_steady lower_us=635 n=5[0m
[0;32mI (25243) forensics: [CALLBACK_HIST] fixture=3 class=true_steady lower_us=640 n=3[0m
[0;32mI (25253) forensics: [CALLBACK_HIST] fixture=3 class=true_steady lower_us=645 n=8[0m
[0;32mI (25263) forensics: [CALLBACK_HIST] fixture=3 class=true_steady lower_us=650 n=7[0m
[0;32mI (25273) forensics: [CALLBACK_HIST] fixture=3 class=true_steady lower_us=655 n=4[0m
[0;32mI (25283) forensics: [CALLBACK_HIST] fixture=3 class=true_steady lower_us=660 n=4[0m
[0;32mI (25293) forensics: [CALLBACK_HIST] fixture=3 class=true_steady lower_us=665 n=4[0m
[0;32mI (25293) forensics: [CALLBACK_HIST] fixture=3 class=true_steady lower_us=670 n=5[0m
[0;32mI (25303) forensics: [CALLBACK_HIST] fixture=3 class=true_steady lower_us=675 n=9[0m
[0;32mI (25313) forensics: [CALLBACK_HIST] fixture=3 class=true_steady lower_us=680 n=4[0m
[0;32mI (25323) forensics: [CALLBACK_HIST] fixture=3 class=true_steady lower_us=685 n=2[0m
[0;32mI (25333) forensics: [CALLBACK_HIST] fixture=3 class=true_steady lower_us=690 n=3[0m
[0;32mI (25333) forensics: [CALLBACK_HIST] fixture=3 class=true_steady lower_us=695 n=2[0m
[0;32mI (25343) forensics: [CALLBACK_HIST] fixture=3 class=true_steady lower_us=700 n=3[0m
[0;32mI (25353) forensics: [CALLBACK_HIST] fixture=3 class=true_steady lower_us=705 n=3[0m
[0;32mI (25363) forensics: [CALLBACK_HIST] fixture=3 class=true_steady lower_us=710 n=1[0m
[0;32mI (25373) forensics: [CALLBACK_HIST] fixture=3 class=true_steady lower_us=715 n=3[0m
[0;32mI (25373) forensics: [CALLBACK_HIST] fixture=3 class=true_steady lower_us=720 n=2[0m
[0;32mI (25383) forensics: [CALLBACK_HIST] fixture=3 class=true_steady lower_us=725 n=4[0m
[0;32mI (25393) forensics: [CALLBACK_HIST] fixture=3 class=true_steady lower_us=730 n=3[0m
[0;32mI (25403) forensics: [CALLBACK_HIST] fixture=3 class=true_steady lower_us=735 n=1[0m
[0;32mI (25413) forensics: [CALLBACK_HIST] fixture=3 class=true_steady lower_us=740 n=3[0m
[0;32mI (25423) forensics: [CALLBACK_HIST] fixture=3 class=true_steady lower_us=745 n=1[0m
[0;32mI (25423) forensics: [CALLBACK_HIST] fixture=3 class=true_steady lower_us=755 n=3[0m
[0;32mI (25433) forensics: [CALLBACK_HIST] fixture=3 class=true_steady lower_us=765 n=2[0m
[0;32mI (25443) forensics: [CALLBACK_HIST] fixture=3 class=true_steady lower_us=770 n=2[0m
[0;32mI (25453) forensics: [CALLBACK_HIST] fixture=3 class=true_steady lower_us=775 n=1[0m
[0;32mI (25463) forensics: [CALLBACK_HIST] fixture=3 class=true_steady lower_us=780 n=1[0m
[0;32mI (25463) forensics: [CALLBACK_HIST] fixture=3 class=true_steady lower_us=785 n=2[0m
[0;32mI (25473) forensics: [CALLBACK_HIST] fixture=3 class=true_steady lower_us=790 n=1[0m
[0;32mI (25483) forensics: [CALLBACK_HIST] fixture=3 class=true_steady lower_us=795 n=3[0m
[0;32mI (25493) forensics: [CALLBACK_HIST] fixture=3 class=true_steady lower_us=800 n=1[0m
[0;32mI (25503) forensics: [CALLBACK_HIST] fixture=3 class=true_steady lower_us=830 n=2[0m
[0;32mI (25513) forensics: [CALLBACK_HIST] fixture=3 class=true_steady lower_us=835 n=1[0m
[0;32mI (25513) forensics: [CALLBACK_HIST] fixture=3 class=true_steady lower_us=840 n=1[0m
[0;32mI (25523) forensics: [CALLBACK_HIST] fixture=3 class=true_steady lower_us=860 n=1[0m
[0;32mI (25533) forensics: [CALLBACK_HIST] fixture=3 class=true_steady lower_us=890 n=1[0m
[0;32mI (25543) forensics: [CALLBACK_HIST] fixture=3 class=true_steady lower_us=920 n=1[0m
[0;32mI (25553) forensics: [CALLBACK_HIST] fixture=3 class=true_steady lower_us=950 n=1[0m
[0;32mI (25553) forensics: [CALLBACK_HIST] fixture=3 class=true_steady lower_us=965 n=1[0m
[0;32mI (25563) forensics: [CALLBACK_HIST] fixture=3 class=true_steady lower_us=975 n=1[0m
[0;32mI (25573) forensics: [CURVE] model=UDU fixture=3 voices=1 class=attack_tail n=1230 avg_us=491.01 p95_us=615 p99_us=810 p995_us=875 p999_us=885 max_us=894 deadline=0 bad_voices=0 ble_lost=0 hard=0 sat=0 bin_us=5 max_observed_voices=3[0m
[0;32mI (25593) forensics: [HIST] fixture=3 class=attack_tail lower_us=280 n=6[0m
[0;32mI (25603) forensics: [HIST] fixture=3 class=attack_tail lower_us=285 n=2[0m
[0;32mI (25613) forensics: [HIST] fixture=3 class=attack_tail lower_us=290 n=1[0m
[0;32mI (25613) forensics: [HIST] fixture=3 class=attack_tail lower_us=315 n=1[0m
[0;32mI (25623) forensics: [HIST] fixture=3 class=attack_tail lower_us=320 n=1[0m
[0;32mI (25633) forensics: [HIST] fixture=3 class=attack_tail lower_us=325 n=1[0m
[0;32mI (25643) forensics: [HIST] fixture=3 class=attack_tail lower_us=330 n=1[0m
[0;32mI (25643) forensics: [HIST] fixture=3 class=attack_tail lower_us=390 n=154[0m
[0;32mI (25653) forensics: [HIST] fixture=3 class=attack_tail lower_us=395 n=39[0m
[0;32mI (25663) forensics: [HIST] fixture=3 class=attack_tail lower_us=400 n=72[0m
[0;32mI (25673) forensics: [HIST] fixture=3 class=attack_tail lower_us=405 n=20[0m
[0;32mI (25673) forensics: [HIST] fixture=3 class=attack_tail lower_us=410 n=4[0m
[0;32mI (25683) forensics: [HIST] fixture=3 class=attack_tail lower_us=415 n=2[0m
[0;32mI (25693) forensics: [HIST] fixture=3 class=attack_tail lower_us=425 n=1[0m
[0;32mI (25703) forensics: [HIST] fixture=3 class=attack_tail lower_us=430 n=1[0m
[0;32mI (25703) forensics: [HIST] fixture=3 class=attack_tail lower_us=440 n=7[0m
[0;32mI (25713) forensics: [HIST] fixture=3 class=attack_tail lower_us=445 n=3[0m
[0;32mI (25723) forensics: [HIST] fixture=3 class=attack_tail lower_us=450 n=2[0m
[0;32mI (25733) forensics: [HIST] fixture=3 class=attack_tail lower_us=455 n=2[0m
[0;32mI (25733) forensics: [HIST] fixture=3 class=attack_tail lower_us=460 n=1[0m
[0;32mI (25743) forensics: [HIST] fixture=3 class=attack_tail lower_us=470 n=1[0m
[0;32mI (25753) forensics: [HIST] fixture=3 class=attack_tail lower_us=475 n=2[0m
[0;32mI (25753) forensics: [HIST] fixture=3 class=attack_tail lower_us=490 n=1[0m
[0;32mI (25763) forensics: [HIST] fixture=3 class=attack_tail lower_us=500 n=435[0m
[0;32mI (25773) forensics: [HIST] fixture=3 class=attack_tail lower_us=505 n=100[0m
[0;32mI (25783) forensics: [HIST] fixture=3 class=attack_tail lower_us=510 n=189[0m
[0;32mI (25783) forensics: [HIST] fixture=3 class=attack_tail lower_us=515 n=46[0m
[0;32mI (25793) forensics: [HIST] fixture=3 class=attack_tail lower_us=520 n=20[0m
[0;32mI (25803) forensics: [HIST] fixture=3 class=attack_tail lower_us=525 n=7[0m
[0;32mI (25813) forensics: [HIST] fixture=3 class=attack_tail lower_us=530 n=3[0m
[0;32mI (25813) forensics: [HIST] fixture=3 class=attack_tail lower_us=535 n=1[0m
[0;32mI (25823) forensics: [HIST] fixture=3 class=attack_tail lower_us=540 n=1[0m
[0;32mI (25833) forensics: [HIST] fixture=3 class=attack_tail lower_us=545 n=4[0m
[0;32mI (25843) forensics: [HIST] fixture=3 class=attack_tail lower_us=550 n=3[0m
[0;32mI (25843) forensics: [HIST] fixture=3 class=attack_tail lower_us=555 n=7[0m
[0;32mI (25853) forensics: [HIST] fixture=3 class=attack_tail lower_us=560 n=4[0m
[0;32mI (25863) forensics: [HIST] fixture=3 class=attack_tail lower_us=565 n=3[0m
[0;32mI (25873) forensics: [HIST] fixture=3 class=attack_tail lower_us=570 n=3[0m
[0;32mI (25873) forensics: [HIST] fixture=3 class=attack_tail lower_us=575 n=2[0m
[0;32mI (25883) forensics: [HIST] fixture=3 class=attack_tail lower_us=580 n=3[0m
[0;32mI (25893) forensics: [HIST] fixture=3 class=attack_tail lower_us=585 n=3[0m
[0;32mI (25903) forensics: [HIST] fixture=3 class=attack_tail lower_us=590 n=2[0m
[0;32mI (25903) forensics: [HIST] fixture=3 class=attack_tail lower_us=595 n=1[0m
[0;32mI (25913) forensics: [HIST] fixture=3 class=attack_tail lower_us=600 n=1[0m
[0;32mI (25923) forensics: [HIST] fixture=3 class=attack_tail lower_us=605 n=5[0m
[0;32mI (25923) forensics: [HIST] fixture=3 class=attack_tail lower_us=610 n=2[0m
[0;32mI (25933) forensics: [HIST] fixture=3 class=attack_tail lower_us=615 n=2[0m
[0;32mI (25943) forensics: [HIST] fixture=3 class=attack_tail lower_us=625 n=2[0m
[0;32mI (25953) forensics: [HIST] fixture=3 class=attack_tail lower_us=640 n=1[0m
[0;32mI (25953) forensics: [HIST] fixture=3 class=attack_tail lower_us=650 n=1[0m
[0;32mI (25963) forensics: [HIST] fixture=3 class=attack_tail lower_us=660 n=1[0m
[0;32mI (25973) forensics: [HIST] fixture=3 class=attack_tail lower_us=665 n=2[0m
[0;32mI (25983) forensics: [HIST] fixture=3 class=attack_tail lower_us=675 n=1[0m
[0;32mI (25983) forensics: [HIST] fixture=3 class=attack_tail lower_us=685 n=1[0m
[0;32mI (25993) forensics: [HIST] fixture=3 class=attack_tail lower_us=690 n=1[0m
[0;32mI (26003) forensics: [HIST] fixture=3 class=attack_tail lower_us=695 n=5[0m
[0;32mI (26013) forensics: [HIST] fixture=3 class=attack_tail lower_us=700 n=3[0m
[0;32mI (26013) forensics: [HIST] fixture=3 class=attack_tail lower_us=705 n=5[0m
[0;32mI (26023) forensics: [HIST] fixture=3 class=attack_tail lower_us=710 n=5[0m
[0;32mI (26033) forensics: [HIST] fixture=3 class=attack_tail lower_us=720 n=4[0m
[0;32mI (26043) forensics: [HIST] fixture=3 class=attack_tail lower_us=725 n=1[0m
[0;32mI (26043) forensics: [HIST] fixture=3 class=attack_tail lower_us=740 n=2[0m
[0;32mI (26053) forensics: [HIST] fixture=3 class=attack_tail lower_us=745 n=1[0m
[0;32mI (26063) forensics: [HIST] fixture=3 class=attack_tail lower_us=750 n=1[0m
[0;32mI (26073) forensics: [HIST] fixture=3 class=attack_tail lower_us=755 n=1[0m
[0;32mI (26073) forensics: [HIST] fixture=3 class=attack_tail lower_us=760 n=1[0m
[0;32mI (26083) forensics: [HIST] fixture=3 class=attack_tail lower_us=765 n=1[0m
[0;32mI (26093) forensics: [HIST] fixture=3 class=attack_tail lower_us=775 n=1[0m
[0;32mI (26093) forensics: [HIST] fixture=3 class=attack_tail lower_us=780 n=1[0m
[0;32mI (26103) forensics: [HIST] fixture=3 class=attack_tail lower_us=785 n=1[0m
[0;32mI (26113) forensics: [HIST] fixture=3 class=attack_tail lower_us=790 n=1[0m
[0;32mI (26123) forensics: [HIST] fixture=3 class=attack_tail lower_us=800 n=1[0m
[0;32mI (26123) forensics: [HIST] fixture=3 class=attack_tail lower_us=805 n=1[0m
[0;32mI (26133) forensics: [HIST] fixture=3 class=attack_tail lower_us=810 n=2[0m
[0;32mI (26143) forensics: [HIST] fixture=3 class=attack_tail lower_us=830 n=1[0m
[0;32mI (26153) forensics: [HIST] fixture=3 class=attack_tail lower_us=860 n=1[0m
[0;32mI (26153) forensics: [HIST] fixture=3 class=attack_tail lower_us=865 n=1[0m
[0;32mI (26163) forensics: [HIST] fixture=3 class=attack_tail lower_us=870 n=1[0m
[0;32mI (26173) forensics: [HIST] fixture=3 class=attack_tail lower_us=875 n=4[0m
[0;32mI (26183) forensics: [HIST] fixture=3 class=attack_tail lower_us=880 n=1[0m
[0;32mI (26183) forensics: [HIST] fixture=3 class=attack_tail lower_us=890 n=1[0m
[0;32mI (26193) forensics: [CALLBACK_CURVE] model=UDU fixture=3 voices=1 class=attack_tail n=1229 avg_us=513.80 p95_us=700 p99_us=930 p995_us=995 p999_us=1070 max_us=1074 deadline=0 overhead_avg_us=22.79[0m
[0;32mI (26213) forensics: [CALLBACK_HIST] fixture=3 class=attack_tail lower_us=285 n=5[0m
[0;32mI (26223) forensics: [CALLBACK_HIST] fixture=3 class=attack_tail lower_us=290 n=1[0m
[0;32mI (26233) forensics: [CALLBACK_HIST] fixture=3 class=attack_tail lower_us=295 n=2[0m
[0;32mI (26233) forensics: [CALLBACK_HIST] fixture=3 class=attack_tail lower_us=310 n=1[0m
[0;32mI (26243) forensics: [CALLBACK_HIST] fixture=3 class=attack_tail lower_us=335 n=1[0m
[0;32mI (26253) forensics: [CALLBACK_HIST] fixture=3 class=attack_tail lower_us=355 n=1[0m
[0;32mI (26263) forensics: [CALLBACK_HIST] fixture=3 class=attack_tail lower_us=370 n=1[0m
[0;32mI (26273) forensics: [CALLBACK_HIST] fixture=3 class=attack_tail lower_us=395 n=1[0m
[0;32mI (26273) forensics: [CALLBACK_HIST] fixture=3 class=attack_tail lower_us=400 n=138[0m
[0;32mI (26283) forensics: [CALLBACK_HIST] fixture=3 class=attack_tail lower_us=405 n=44[0m
[0;32mI (26293) forensics: [CALLBACK_HIST] fixture=3 class=attack_tail lower_us=410 n=39[0m
[0;32mI (26303) forensics: [CALLBACK_HIST] fixture=3 class=attack_tail lower_us=415 n=14[0m
[0;32mI (26313) forensics: [CALLBACK_HIST] fixture=3 class=attack_tail lower_us=420 n=7[0m
[0;32mI (26323) forensics: [CALLBACK_HIST] fixture=3 class=attack_tail lower_us=425 n=13[0m
[0;32mI (26323) forensics: [CALLBACK_HIST] fixture=3 class=attack_tail lower_us=430 n=12[0m
[0;32mI (26333) forensics: [CALLBACK_HIST] fixture=3 class=attack_tail lower_us=435 n=11[0m
[0;32mI (26343) forensics: [CALLBACK_HIST] fixture=3 class=attack_tail lower_us=440 n=4[0m
[0;32mI (26353) forensics: [CALLBACK_HIST] fixture=3 class=attack_tail lower_us=450 n=2[0m
[0;32mI (26363) forensics: [CALLBACK_HIST] fixture=3 class=attack_tail lower_us=455 n=3[0m
[0;32mI (26363) forensics: [CALLBACK_HIST] fixture=3 class=attack_tail lower_us=460 n=2[0m
[0;32mI (26373) forensics: [CALLBACK_HIST] fixture=3 class=attack_tail lower_us=465 n=1[0m
[0;32mI (26383) forensics: [CALLBACK_HIST] fixture=3 class=attack_tail lower_us=475 n=4[0m
[0;32mI (26393) forensics: [CALLBACK_HIST] fixture=3 class=attack_tail lower_us=480 n=2[0m
[0;32mI (26403) forensics: [CALLBACK_HIST] fixture=3 class=attack_tail lower_us=485 n=6[0m
[0;32mI (26413) forensics: [CALLBACK_HIST] fixture=3 class=attack_tail lower_us=495 n=2[0m
[0;32mI (26413) forensics: [CALLBACK_HIST] fixture=3 class=attack_tail lower_us=500 n=1[0m
[0;32mI (26423) forensics: [CALLBACK_HIST] fixture=3 class=attack_tail lower_us=510 n=395[0m
[0;32mI (26433) forensics: [CALLBACK_HIST] fixture=3 class=attack_tail lower_us=515 n=107[0m
[0;32mI (26443) forensics: [CALLBACK_HIST] fixture=3 class=attack_tail lower_us=520 n=110[0m
[0;32mI (26453) forensics: [CALLBACK_HIST] fixture=3 class=attack_tail lower_us=525 n=48[0m
[0;32mI (26453) forensics: [CALLBACK_HIST] fixture=3 class=attack_tail lower_us=530 n=25[0m
[0;32mI (26463) forensics: [CALLBACK_HIST] fixture=3 class=attack_tail lower_us=535 n=23[0m
[0;32mI (26473) forensics: [CALLBACK_HIST] fixture=3 class=attack_tail lower_us=540 n=24[0m
[0;32mI (26483) forensics: [CALLBACK_HIST] fixture=3 class=attack_tail lower_us=545 n=20[0m
[0;32mI (26493) forensics: [CALLBACK_HIST] fixture=3 class=attack_tail lower_us=550 n=4[0m
[0;32mI (26503) forensics: [CALLBACK_HIST] fixture=3 class=attack_tail lower_us=555 n=4[0m
[0;32mI (26503) forensics: [CALLBACK_HIST] fixture=3 class=attack_tail lower_us=560 n=5[0m
[0;32mI (26513) forensics: [CALLBACK_HIST] fixture=3 class=attack_tail lower_us=565 n=2[0m
[0;32mI (26523) forensics: [CALLBACK_HIST] fixture=3 class=attack_tail lower_us=570 n=1[0m
[0;32mI (26533) forensics: [CALLBACK_HIST] fixture=3 class=attack_tail lower_us=575 n=17[0m
[0;32mI (26543) forensics: [CALLBACK_HIST] fixture=3 class=attack_tail lower_us=580 n=8[0m
[0;32mI (26553) forensics: [CALLBACK_HIST] fixture=3 class=attack_tail lower_us=585 n=11[0m
[0;32mI (26553) forensics: [CALLBACK_HIST] fixture=3 class=attack_tail lower_us=590 n=7[0m
[0;32mI (26563) forensics: [CALLBACK_HIST] fixture=3 class=attack_tail lower_us=595 n=3[0m
[0;32mI (26573) forensics: [CALLBACK_HIST] fixture=3 class=attack_tail lower_us=600 n=2[0m
[0;32mI (26583) forensics: [CALLBACK_HIST] fixture=3 class=attack_tail lower_us=605 n=6[0m
[0;32mI (26593) forensics: [CALLBACK_HIST] fixture=3 class=attack_tail lower_us=610 n=4[0m
[0;32mI (26593) forensics: [CALLBACK_HIST] fixture=3 class=attack_tail lower_us=615 n=3[0m
[0;32mI (26603) forensics: [CALLBACK_HIST] fixture=3 class=attack_tail lower_us=620 n=1[0m
[0;32mI (26613) forensics: [CALLBACK_HIST] fixture=3 class=attack_tail lower_us=625 n=2[0m
[0;32mI (26623) forensics: [CALLBACK_HIST] fixture=3 class=attack_tail lower_us=630 n=3[0m
[0;32mI (26633) forensics: [CALLBACK_HIST] fixture=3 class=attack_tail lower_us=635 n=3[0m
[0;32mI (26633) forensics: [CALLBACK_HIST] fixture=3 class=attack_tail lower_us=650 n=2[0m
[0;32mI (26643) forensics: [CALLBACK_HIST] fixture=3 class=attack_tail lower_us=655 n=2[0m
[0;32mI (26653) forensics: [CALLBACK_HIST] fixture=3 class=attack_tail lower_us=660 n=2[0m
[0;32mI (26663) forensics: [CALLBACK_HIST] fixture=3 class=attack_tail lower_us=670 n=1[0m
[0;32mI (26673) forensics: [CALLBACK_HIST] fixture=3 class=attack_tail lower_us=675 n=1[0m
[0;32mI (26683) forensics: [CALLBACK_HIST] fixture=3 class=attack_tail lower_us=680 n=1[0m
[0;32mI (26683) forensics: [CALLBACK_HIST] fixture=3 class=attack_tail lower_us=690 n=2[0m
[0;32mI (26693) forensics: [CALLBACK_HIST] fixture=3 class=attack_tail lower_us=695 n=1[0m
[0;32mI (26703) forensics: [CALLBACK_HIST] fixture=3 class=attack_tail lower_us=710 n=2[0m
[0;32mI (26713) forensics: [CALLBACK_HIST] fixture=3 class=attack_tail lower_us=720 n=1[0m
[0;32mI (26723) forensics: [CALLBACK_HIST] fixture=3 class=attack_tail lower_us=725 n=1[0m
[0;32mI (26723) forensics: [CALLBACK_HIST] fixture=3 class=attack_tail lower_us=730 n=1[0m
[0;32mI (26733) forensics: [CALLBACK_HIST] fixture=3 class=attack_tail lower_us=735 n=1[0m
[0;32mI (26743) forensics: [CALLBACK_HIST] fixture=3 class=attack_tail lower_us=745 n=1[0m
[0;32mI (26753) forensics: [CALLBACK_HIST] fixture=3 class=attack_tail lower_us=760 n=1[0m
[0;32mI (26763) forensics: [CALLBACK_HIST] fixture=3 class=attack_tail lower_us=790 n=1[0m
[0;32mI (26773) forensics: [CALLBACK_HIST] fixture=3 class=attack_tail lower_us=800 n=3[0m
[0;32mI (26773) forensics: [CALLBACK_HIST] fixture=3 class=attack_tail lower_us=805 n=2[0m
[0;32mI (26783) forensics: [CALLBACK_HIST] fixture=3 class=attack_tail lower_us=810 n=4[0m
[0;32mI (26793) forensics: [CALLBACK_HIST] fixture=3 class=attack_tail lower_us=815 n=2[0m
[0;32mI (26803) forensics: [CALLBACK_HIST] fixture=3 class=attack_tail lower_us=820 n=3[0m
[0;32mI (26813) forensics: [CALLBACK_HIST] fixture=3 class=attack_tail lower_us=825 n=5[0m
[0;32mI (26813) forensics: [CALLBACK_HIST] fixture=3 class=attack_tail lower_us=830 n=1[0m
[0;32mI (26823) forensics: [CALLBACK_HIST] fixture=3 class=attack_tail lower_us=835 n=1[0m
[0;32mI (26833) forensics: [CALLBACK_HIST] fixture=3 class=attack_tail lower_us=840 n=3[0m
[0;32mI (26843) forensics: [CALLBACK_HIST] fixture=3 class=attack_tail lower_us=855 n=1[0m
[0;32mI (26853) forensics: [CALLBACK_HIST] fixture=3 class=attack_tail lower_us=870 n=2[0m
[0;32mI (26863) forensics: [CALLBACK_HIST] fixture=3 class=attack_tail lower_us=875 n=1[0m
[0;32mI (26863) forensics: [CALLBACK_HIST] fixture=3 class=attack_tail lower_us=880 n=1[0m
[0;32mI (26873) forensics: [CALLBACK_HIST] fixture=3 class=attack_tail lower_us=885 n=2[0m
[0;32mI (26883) forensics: [CALLBACK_HIST] fixture=3 class=attack_tail lower_us=895 n=1[0m
[0;32mI (26893) forensics: [CALLBACK_HIST] fixture=3 class=attack_tail lower_us=900 n=1[0m
[0;32mI (26903) forensics: [CALLBACK_HIST] fixture=3 class=attack_tail lower_us=910 n=2[0m
[0;32mI (26903) forensics: [CALLBACK_HIST] fixture=3 class=attack_tail lower_us=915 n=2[0m
[0;32mI (26913) forensics: [CALLBACK_HIST] fixture=3 class=attack_tail lower_us=920 n=1[0m
[0;32mI (26923) forensics: [CALLBACK_HIST] fixture=3 class=attack_tail lower_us=925 n=2[0m
[0;32mI (26933) forensics: [CALLBACK_HIST] fixture=3 class=attack_tail lower_us=945 n=1[0m
[0;32mI (26943) forensics: [CALLBACK_HIST] fixture=3 class=attack_tail lower_us=965 n=2[0m
[0;32mI (26943) forensics: [CALLBACK_HIST] fixture=3 class=attack_tail lower_us=975 n=1[0m
[0;32mI (26953) forensics: [CALLBACK_HIST] fixture=3 class=attack_tail lower_us=990 n=2[0m
[0;32mI (26963) forensics: [CALLBACK_HIST] fixture=3 class=attack_tail lower_us=1005 n=1[0m
[0;32mI (26973) forensics: [CALLBACK_HIST] fixture=3 class=attack_tail lower_us=1015 n=2[0m
[0;32mI (26983) forensics: [CALLBACK_HIST] fixture=3 class=attack_tail lower_us=1020 n=1[0m
[0;32mI (26993) forensics: [CALLBACK_HIST] fixture=3 class=attack_tail lower_us=1065 n=1[0m
[0;32mI (26993) forensics: [CALLBACK_HIST] fixture=3 class=attack_tail lower_us=1070 n=1[0m
[0;32mI (27003) forensics: [CURVE] model=UDU fixture=3 voices=1 class=event n=88 avg_us=645.37 p95_us=705 p99_us=1225 p995_us=1225 p999_us=1225 max_us=1221 deadline=0 bad_voices=0 ble_lost=0 hard=0 sat=0 bin_us=5 max_observed_voices=3[0m
[0;32mI (27023) forensics: [HIST] fixture=3 class=event lower_us=505 n=1[0m
[0;32mI (27033) forensics: [HIST] fixture=3 class=event lower_us=515 n=3[0m
[0;32mI (27043) forensics: [HIST] fixture=3 class=event lower_us=520 n=8[0m
[0;32mI (27043) forensics: [HIST] fixture=3 class=event lower_us=525 n=5[0m
[0;32mI (27053) forensics: [HIST] fixture=3 class=event lower_us=530 n=1[0m
[0;32mI (27063) forensics: [HIST] fixture=3 class=event lower_us=540 n=1[0m
[0;32mI (27063) forensics: [HIST] fixture=3 class=event lower_us=565 n=1[0m
[0;32mI (27073) forensics: [HIST] fixture=3 class=event lower_us=570 n=2[0m
[0;32mI (27083) forensics: [HIST] fixture=3 class=event lower_us=625 n=2[0m
[0;32mI (27093) forensics: [HIST] fixture=3 class=event lower_us=630 n=4[0m
[0;32mI (27093) forensics: [HIST] fixture=3 class=event lower_us=635 n=2[0m
[0;32mI (27103) forensics: [HIST] fixture=3 class=event lower_us=655 n=1[0m
[0;32mI (27113) forensics: [HIST] fixture=3 class=event lower_us=665 n=7[0m
[0;32mI (27113) forensics: [HIST] fixture=3 class=event lower_us=670 n=13[0m
[0;32mI (27123) forensics: [HIST] fixture=3 class=event lower_us=675 n=15[0m
[0;32mI (27133) forensics: [HIST] fixture=3 class=event lower_us=680 n=9[0m
[0;32mI (27133) forensics: [HIST] fixture=3 class=event lower_us=685 n=7[0m
[0;32mI (27143) forensics: [HIST] fixture=3 class=event lower_us=690 n=1[0m
[0;32mI (27153) forensics: [HIST] fixture=3 class=event lower_us=700 n=1[0m
[0;32mI (27153) forensics: [HIST] fixture=3 class=event lower_us=715 n=2[0m
[0;32mI (27163) forensics: [HIST] fixture=3 class=event lower_us=920 n=1[0m
[0;32mI (27173) forensics: [HIST] fixture=3 class=event lower_us=1220 n=1[0m
[0;32mI (27173) forensics: [CALLBACK_CURVE] model=UDU fixture=3 voices=1 class=event n=88 avg_us=669.22 p95_us=745 p99_us=1300 p995_us=1300 p999_us=1300 max_us=1299 deadline=0 overhead_avg_us=23.85[0m
[0;32mI (27193) forensics: [CALLBACK_HIST] fixture=3 class=event lower_us=525 n=2[0m
[0;32mI (27203) forensics: [CALLBACK_HIST] fixture=3 class=event lower_us=530 n=6[0m
[0;32mI (27213) forensics: [CALLBACK_HIST] fixture=3 class=event lower_us=535 n=6[0m
[0;32mI (27223) forensics: [CALLBACK_HIST] fixture=3 class=event lower_us=540 n=2[0m
[0;32mI (27223) forensics: [CALLBACK_HIST] fixture=3 class=event lower_us=545 n=2[0m
[0;32mI (27233) forensics: [CALLBACK_HIST] fixture=3 class=event lower_us=565 n=1[0m
[0;32mI (27243) forensics: [CALLBACK_HIST] fixture=3 class=event lower_us=595 n=1[0m
[0;32mI (27253) forensics: [CALLBACK_HIST] fixture=3 class=event lower_us=605 n=1[0m
[0;32mI (27253) forensics: [CALLBACK_HIST] fixture=3 class=event lower_us=620 n=1[0m
[0;32mI (27263) forensics: [CALLBACK_HIST] fixture=3 class=event lower_us=640 n=2[0m
[0;32mI (27273) forensics: [CALLBACK_HIST] fixture=3 class=event lower_us=645 n=1[0m
[0;32mI (27283) forensics: [CALLBACK_HIST] fixture=3 class=event lower_us=660 n=2[0m
[0;32mI (27283) forensics: [CALLBACK_HIST] fixture=3 class=event lower_us=665 n=2[0m
[0;32mI (27293) forensics: [CALLBACK_HIST] fixture=3 class=event lower_us=670 n=2[0m
[0;32mI (27303) forensics: [CALLBACK_HIST] fixture=3 class=event lower_us=675 n=2[0m
[0;32mI (27313) forensics: [CALLBACK_HIST] fixture=3 class=event lower_us=680 n=7[0m
[0;32mI (27313) forensics: [CALLBACK_HIST] fixture=3 class=event lower_us=685 n=7[0m
[0;32mI (27323) forensics: [CALLBACK_HIST] fixture=3 class=event lower_us=690 n=8[0m
[0;32mI (27333) forensics: [CALLBACK_HIST] fixture=3 class=event lower_us=695 n=5[0m
[0;32mI (27343) forensics: [CALLBACK_HIST] fixture=3 class=event lower_us=700 n=6[0m
[0;32mI (27343) forensics: [CALLBACK_HIST] fixture=3 class=event lower_us=705 n=4[0m
[0;32mI (27353) forensics: [CALLBACK_HIST] fixture=3 class=event lower_us=710 n=6[0m
[0;32mI (27363) forensics: [CALLBACK_HIST] fixture=3 class=event lower_us=715 n=3[0m
[0;32mI (27373) forensics: [CALLBACK_HIST] fixture=3 class=event lower_us=720 n=1[0m
[0;32mI (27383) forensics: [CALLBACK_HIST] fixture=3 class=event lower_us=725 n=2[0m
[0;32mI (27383) forensics: [CALLBACK_HIST] fixture=3 class=event lower_us=730 n=1[0m
[0;32mI (27393) forensics: [CALLBACK_HIST] fixture=3 class=event lower_us=740 n=1[0m
[0;32mI (27403) forensics: [CALLBACK_HIST] fixture=3 class=event lower_us=745 n=1[0m
[0;32mI (27413) forensics: [CALLBACK_HIST] fixture=3 class=event lower_us=750 n=1[0m
[0;32mI (27413) forensics: [CALLBACK_HIST] fixture=3 class=event lower_us=1065 n=1[0m
[0;32mI (27423) forensics: [CALLBACK_HIST] fixture=3 class=event lower_us=1295 n=1[0m
[0;32mI (27433) forensics: [CURVE] model=UDU fixture=3 voices=1 class=fixture_transition n=1 avg_us=782.20 p95_us=785 p99_us=785 p995_us=785 p999_us=785 max_us=783 deadline=0 bad_voices=0 ble_lost=0 hard=0 sat=0 bin_us=5 max_observed_voices=3[0m
[0;32mI (27453) forensics: [HIST] fixture=3 class=fixture_transition lower_us=780 n=1[0m
[0;32mI (27463) forensics: [CALLBACK_CURVE] model=UDU fixture=3 voices=1 class=fixture_transition n=1 avg_us=932.00 p95_us=935 p99_us=935 p995_us=935 p999_us=935 max_us=932 deadline=0 overhead_avg_us=149.80[0m
[0;32mI (27483) forensics: [CALLBACK_HIST] fixture=3 class=fixture_transition lower_us=930 n=1[0m
[0;32mI (27493) forensics: [FASTPATH] fixture=3 stable8=0 attack=0[0m
[0;32mI (27493) forensics: [OVERHEAD] fixture=3 blocks=8673 model_reset_avg_us=1.69 model_reset_max_us=21 queue_avg_us=1.97 queue_max_us=36 render_avg_us=408.92 telem_avg_us=4.29 telem_max_us=112 telem_publishes=1084[0m
[0;32mI (27543) pocket_pan_main: [AUDIO] model=PAN blocks=9993 avg_us=295 p99_us=0 max_us=1025 cpu_load=11.1 deadline=0 timeout=0 tx_error=0 short=0[0m
[0;32mI (27543) pocket_pan_main: [MIDI] push=1 pop=1 drop=0 hwm=1 last=(n=50 v=75 t=78 hex=90324B)[0m
[0;32mI (27553) pocket_pan_main: [BLE] state=8 interval_ms=11.25 latency=0 rssi=-61 reconnects=0 last_disconnect=0[0m
[0;32mI (27563) pocket_pan_main: [MEM] internal_free=26851 largest_internal=10240[0m
[0;32mI (27573) pocket_pan_main: [UIREDRAW] urgent=118 telemetry=44 skip=589[0m
[0;32mI (32563) pocket_pan_main: [AUDIO] model=PAN blocks=11875 avg_us=279 p99_us=425 max_us=1025 cpu_load=10.5 deadline=0 timeout=0 tx_error=0 short=0[0m
[0;32mI (32563) pocket_pan_main: [MIDI] push=1 pop=1 drop=0 hwm=1 last=(n=50 v=75 t=78 hex=90324B)[0m
[0;32mI (32573) pocket_pan_main: [BLE] state=8 interval_ms=11.25 latency=0 rssi=-65 reconnects=0 last_disconnect=0[0m
[0;32mI (32583) pocket_pan_main: [MEM] internal_free=35491 largest_internal=22528[0m
[0;32mI (32593) pocket_pan_main: [UIREDRAW] urgent=118 telemetry=67 skip=732[0m
[0;32mI (37583) pocket_pan_main: [AUDIO] model=PAN blocks=13756 avg_us=268 p99_us=425 max_us=1025 cpu_load=10.0 deadline=0 timeout=0 tx_error=0 short=0[0m
[0;32mI (37583) pocket_pan_main: [MIDI] push=1 pop=1 drop=0 hwm=1 last=(n=50 v=75 t=78 hex=90324B)[0m
[0;32mI (37593) pocket_pan_main: [BLE] state=8 interval_ms=11.25 latency=0 rssi=-64 reconnects=0 last_disconnect=0[0m
[0;32mI (37603) pocket_pan_main: [MEM] internal_free=35491 largest_internal=22528[0m
[0;32mI (37613) pocket_pan_main: [UIREDRAW] urgent=118 telemetry=89 skip=876[0m
[0;32mI (42593) pocket_pan_main: [AUDIO] model=PAN blocks=15636 avg_us=266 p99_us=425 max_us=1040 cpu_load=10.0 deadline=0 timeout=0 tx_error=0 short=0[0m
[0;32mI (42593) pocket_pan_main: [MIDI] push=1 pop=1 drop=0 hwm=1 last=(n=50 v=75 t=78 hex=90324B)[0m
[0;32mI (42603) pocket_pan_main: [BLE] state=8 interval_ms=11.25 latency=0 rssi=-64 reconnects=0 last_disconnect=0[0m
[0;32mI (42613) pocket_pan_main: [MEM] internal_free=35491 largest_internal=22528[0m
[0;32mI (42623) pocket_pan_main: [UIREDRAW] urgent=118 telemetry=112 skip=1019[0m
[0;32mI (45873) forensics: [SAFETY] fixture=4 hard=0 sat=0 nonfinite=0 ble_lost=0[0m
[0;32mI (45873) forensics: [EVENT_ONLY] fixture=4 n=44 avg_us=560.62 max_us=593[0m
[0;32mI (45873) forensics: [FIXTURE_IO] model=UDU fixture=4 avg_us=279 p99_us=425 max_us=1040 cpu_pct=10.46 deadline=0 timeouts=0 tx_errors=0 short_writes=0[0m
[0;32mI (45893) forensics: [CURVE] model=UDU fixture=4 voices=1 class=true_steady n=7531 avg_us=257.19 p95_us=285 p99_us=310 p995_us=320 p999_us=350 max_us=430 deadline=0 bad_voices=0 ble_lost=0 hard=0 sat=0 bin_us=5 max_observed_voices=1[0m
[0;32mI (45913) forensics: [HIST] fixture=4 class=true_steady lower_us=250 n=5114[0m
[0;32mI (45923) forensics: [HIST] fixture=4 class=true_steady lower_us=255 n=561[0m
[0;32mI (45923) forensics: [HIST] fixture=4 class=true_steady lower_us=260 n=116[0m
[0;32mI (45933) forensics: [HIST] fixture=4 class=true_steady lower_us=265 n=193[0m
[0;32mI (45943) forensics: [HIST] fixture=4 class=true_steady lower_us=270 n=405[0m
[0;32mI (45953) forensics: [HIST] fixture=4 class=true_steady lower_us=275 n=520[0m
[0;32mI (45953) forensics: [HIST] fixture=4 class=true_steady lower_us=280 n=357[0m
[0;32mI (45963) forensics: [HIST] fixture=4 class=true_steady lower_us=285 n=91[0m
[0;32mI (45973) forensics: [HIST] fixture=4 class=true_steady lower_us=290 n=51[0m
[0;32mI (45983) forensics: [HIST] fixture=4 class=true_steady lower_us=295 n=19[0m
[0;32mI (45983) forensics: [HIST] fixture=4 class=true_steady lower_us=300 n=22[0m
[0;32mI (45993) forensics: [HIST] fixture=4 class=true_steady lower_us=305 n=29[0m
[0;32mI (46003) forensics: [HIST] fixture=4 class=true_steady lower_us=310 n=15[0m
[0;32mI (46013) forensics: [HIST] fixture=4 class=true_steady lower_us=315 n=8[0m
[0;32mI (46013) forensics: [HIST] fixture=4 class=true_steady lower_us=320 n=3[0m
[0;32mI (46023) forensics: [HIST] fixture=4 class=true_steady lower_us=325 n=5[0m
[0;32mI (46033) forensics: [HIST] fixture=4 class=true_steady lower_us=330 n=6[0m
[0;32mI (46043) forensics: [HIST] fixture=4 class=true_steady lower_us=335 n=1[0m
[0;32mI (46043) forensics: [HIST] fixture=4 class=true_steady lower_us=340 n=4[0m
[0;32mI (46053) forensics: [HIST] fixture=4 class=true_steady lower_us=345 n=4[0m
[0;32mI (46063) forensics: [HIST] fixture=4 class=true_steady lower_us=350 n=2[0m
[0;32mI (46063) forensics: [HIST] fixture=4 class=true_steady lower_us=360 n=1[0m
[0;32mI (46073) forensics: [HIST] fixture=4 class=true_steady lower_us=365 n=1[0m
[0;32mI (46083) forensics: [HIST] fixture=4 class=true_steady lower_us=370 n=1[0m
[0;32mI (46093) forensics: [HIST] fixture=4 class=true_steady lower_us=390 n=1[0m
[0;32mI (46093) forensics: [HIST] fixture=4 class=true_steady lower_us=430 n=1[0m
[0;32mI (46103) forensics: [CALLBACK_CURVE] model=UDU fixture=4 voices=1 class=true_steady n=7530 avg_us=271.68 p95_us=310 p99_us=375 p995_us=415 p999_us=485 max_us=580 deadline=0 overhead_avg_us=14.49[0m
[0;32mI (46123) forensics: [CALLBACK_HIST] fixture=4 class=true_steady lower_us=255 n=3899[0m
[0;32mI (46133) forensics: [CALLBACK_HIST] fixture=4 class=true_steady lower_us=260 n=589[0m
[0;32mI (46143) forensics: [CALLBACK_HIST] fixture=4 class=true_steady lower_us=265 n=596[0m
[0;32mI (46143) forensics: [CALLBACK_HIST] fixture=4 class=true_steady lower_us=270 n=152[0m
[0;32mI (46153) forensics: [CALLBACK_HIST] fixture=4 class=true_steady lower_us=275 n=319[0m
[0;32mI (46163) forensics: [CALLBACK_HIST] fixture=4 class=true_steady lower_us=280 n=434[0m
[0;32mI (46173) forensics: [CALLBACK_HIST] fixture=4 class=true_steady lower_us=285 n=241[0m
[0;32mI (46183) forensics: [CALLBACK_HIST] fixture=4 class=true_steady lower_us=290 n=241[0m
[0;32mI (46193) forensics: [CALLBACK_HIST] fixture=4 class=true_steady lower_us=295 n=280[0m
[0;32mI (46193) forensics: [CALLBACK_HIST] fixture=4 class=true_steady lower_us=300 n=269[0m
[0;32mI (46203) forensics: [CALLBACK_HIST] fixture=4 class=true_steady lower_us=305 n=167[0m
[0;32mI (46213) forensics: [CALLBACK_HIST] fixture=4 class=true_steady lower_us=310 n=107[0m
[0;32mI (46223) forensics: [CALLBACK_HIST] fixture=4 class=true_steady lower_us=315 n=55[0m
[0;32mI (46233) forensics: [CALLBACK_HIST] fixture=4 class=true_steady lower_us=320 n=21[0m
[0;32mI (46243) forensics: [CALLBACK_HIST] fixture=4 class=true_steady lower_us=325 n=24[0m
[0;32mI (46243) forensics: [CALLBACK_HIST] fixture=4 class=true_steady lower_us=330 n=13[0m
[0;32mI (46253) forensics: [CALLBACK_HIST] fixture=4 class=true_steady lower_us=335 n=2[0m
[0;32mI (46263) forensics: [CALLBACK_HIST] fixture=4 class=true_steady lower_us=340 n=7[0m
[0;32mI (46273) forensics: [CALLBACK_HIST] fixture=4 class=true_steady lower_us=345 n=7[0m
[0;32mI (46283) forensics: [CALLBACK_HIST] fixture=4 class=true_steady lower_us=350 n=3[0m
[0;32mI (46293) forensics: [CALLBACK_HIST] fixture=4 class=true_steady lower_us=355 n=6[0m
[0;32mI (46293) forensics: [CALLBACK_HIST] fixture=4 class=true_steady lower_us=360 n=10[0m
[0;32mI (46303) forensics: [CALLBACK_HIST] fixture=4 class=true_steady lower_us=365 n=11[0m
[0;32mI (46313) forensics: [CALLBACK_HIST] fixture=4 class=true_steady lower_us=370 n=4[0m
[0;32mI (46323) forensics: [CALLBACK_HIST] fixture=4 class=true_steady lower_us=375 n=6[0m
[0;32mI (46333) forensics: [CALLBACK_HIST] fixture=4 class=true_steady lower_us=380 n=9[0m
[0;32mI (46333) forensics: [CALLBACK_HIST] fixture=4 class=true_steady lower_us=385 n=7[0m
[0;32mI (46343) forensics: [CALLBACK_HIST] fixture=4 class=true_steady lower_us=390 n=2[0m
[0;32mI (46353) forensics: [CALLBACK_HIST] fixture=4 class=true_steady lower_us=395 n=3[0m
[0;32mI (46363) forensics: [CALLBACK_HIST] fixture=4 class=true_steady lower_us=400 n=7[0m
[0;32mI (46373) forensics: [CALLBACK_HIST] fixture=4 class=true_steady lower_us=405 n=1[0m
[0;32mI (46383) forensics: [CALLBACK_HIST] fixture=4 class=true_steady lower_us=410 n=4[0m
[0;32mI (46383) forensics: [CALLBACK_HIST] fixture=4 class=true_steady lower_us=415 n=6[0m
[0;32mI (46393) forensics: [CALLBACK_HIST] fixture=4 class=true_steady lower_us=420 n=4[0m
[0;32mI (46403) forensics: [CALLBACK_HIST] fixture=4 class=true_steady lower_us=425 n=2[0m
[0;32mI (46413) forensics: [CALLBACK_HIST] fixture=4 class=true_steady lower_us=430 n=2[0m
[0;32mI (46423) forensics: [CALLBACK_HIST] fixture=4 class=true_steady lower_us=435 n=3[0m
[0;32mI (46423) forensics: [CALLBACK_HIST] fixture=4 class=true_steady lower_us=440 n=4[0m
[0;32mI (46433) forensics: [CALLBACK_HIST] fixture=4 class=true_steady lower_us=445 n=1[0m
[0;32mI (46443) forensics: [CALLBACK_HIST] fixture=4 class=true_steady lower_us=450 n=1[0m
[0;32mI (46453) forensics: [CALLBACK_HIST] fixture=4 class=true_steady lower_us=455 n=1[0m
[0;32mI (46463) forensics: [CALLBACK_HIST] fixture=4 class=true_steady lower_us=460 n=2[0m
[0;32mI (46473) forensics: [CALLBACK_HIST] fixture=4 class=true_steady lower_us=480 n=1[0m
[0;32mI (46473) forensics: [CALLBACK_HIST] fixture=4 class=true_steady lower_us=485 n=1[0m
[0;32mI (46483) forensics: [CALLBACK_HIST] fixture=4 class=true_steady lower_us=500 n=1[0m
[0;32mI (46493) forensics: [CALLBACK_HIST] fixture=4 class=true_steady lower_us=510 n=1[0m
[0;32mI (46503) forensics: [CALLBACK_HIST] fixture=4 class=true_steady lower_us=520 n=1[0m
[0;32mI (46513) forensics: [CALLBACK_HIST] fixture=4 class=true_steady lower_us=525 n=1[0m
[0;32mI (46513) forensics: [CALLBACK_HIST] fixture=4 class=true_steady lower_us=530 n=1[0m
[0;32mI (46523) forensics: [CALLBACK_HIST] fixture=4 class=true_steady lower_us=580 n=1[0m
[0;32mI (46533) forensics: [CURVE] model=UDU fixture=4 voices=1 class=attack_tail n=616 avg_us=294.92 p95_us=340 p99_us=395 p995_us=410 p999_us=445 max_us=444 deadline=0 bad_voices=0 ble_lost=0 hard=0 sat=0 bin_us=5 max_observed_voices=1[0m
[0;32mI (46553) forensics: [HIST] fixture=4 class=attack_tail lower_us=280 n=361[0m
[0;32mI (46563) forensics: [HIST] fixture=4 class=attack_tail lower_us=285 n=52[0m
[0;32mI (46573) forensics: [HIST] fixture=4 class=attack_tail lower_us=290 n=17[0m
[0;32mI (46573) forensics: [HIST] fixture=4 class=attack_tail lower_us=295 n=8[0m
[0;32mI (46583) forensics: [HIST] fixture=4 class=attack_tail lower_us=300 n=5[0m
[0;32mI (46593) forensics: [HIST] fixture=4 class=attack_tail lower_us=305 n=12[0m
[0;32mI (46603) forensics: [HIST] fixture=4 class=attack_tail lower_us=310 n=15[0m
[0;32mI (46603) forensics: [HIST] fixture=4 class=attack_tail lower_us=315 n=49[0m
[0;32mI (46613) forensics: [HIST] fixture=4 class=attack_tail lower_us=320 n=28[0m
[0;32mI (46623) forensics: [HIST] fixture=4 class=attack_tail lower_us=325 n=24[0m
[0;32mI (46633) forensics: [HIST] fixture=4 class=attack_tail lower_us=330 n=12[0m
[0;32mI (46633) forensics: [HIST] fixture=4 class=attack_tail lower_us=335 n=5[0m
[0;32mI (46643) forensics: [HIST] fixture=4 class=attack_tail lower_us=340 n=2[0m
[0;32mI (46653) forensics: [HIST] fixture=4 class=attack_tail lower_us=350 n=3[0m
[0;32mI (46663) forensics: [HIST] fixture=4 class=attack_tail lower_us=355 n=1[0m
[0;32mI (46663) forensics: [HIST] fixture=4 class=attack_tail lower_us=360 n=5[0m
[0;32mI (46673) forensics: [HIST] fixture=4 class=attack_tail lower_us=370 n=4[0m
[0;32mI (46683) forensics: [HIST] fixture=4 class=attack_tail lower_us=375 n=3[0m
[0;32mI (46693) forensics: [HIST] fixture=4 class=attack_tail lower_us=385 n=2[0m
[0;32mI (46693) forensics: [HIST] fixture=4 class=attack_tail lower_us=390 n=3[0m
[0;32mI (46703) forensics: [HIST] fixture=4 class=attack_tail lower_us=395 n=1[0m
[0;32mI (46713) forensics: [HIST] fixture=4 class=attack_tail lower_us=405 n=2[0m
[0;32mI (46713) forensics: [HIST] fixture=4 class=attack_tail lower_us=415 n=1[0m
[0;32mI (46723) forensics: [HIST] fixture=4 class=attack_tail lower_us=440 n=1[0m
[0;32mI (46733) forensics: [CALLBACK_CURVE] model=UDU fixture=4 voices=1 class=attack_tail n=617 avg_us=315.43 p95_us=405 p99_us=475 p995_us=535 p999_us=630 max_us=625 deadline=0 overhead_avg_us=20.51[0m
[0;32mI (46753) forensics: [CALLBACK_HIST] fixture=4 class=attack_tail lower_us=285 n=254[0m
[0;32mI (46763) forensics: [CALLBACK_HIST] fixture=4 class=attack_tail lower_us=290 n=67[0m
[0;32mI (46763) forensics: [CALLBACK_HIST] fixture=4 class=attack_tail lower_us=295 n=26[0m
[0;32mI (46773) forensics: [CALLBACK_HIST] fixture=4 class=attack_tail lower_us=300 n=10[0m
[0;32mI (46783) forensics: [CALLBACK_HIST] fixture=4 class=attack_tail lower_us=305 n=9[0m
[0;32mI (46793) forensics: [CALLBACK_HIST] fixture=4 class=attack_tail lower_us=310 n=14[0m
[0;32mI (46803) forensics: [CALLBACK_HIST] fixture=4 class=attack_tail lower_us=315 n=17[0m
[0;32mI (46813) forensics: [CALLBACK_HIST] fixture=4 class=attack_tail lower_us=320 n=15[0m
[0;32mI (46813) forensics: [CALLBACK_HIST] fixture=4 class=attack_tail lower_us=325 n=53[0m
[0;32mI (46823) forensics: [CALLBACK_HIST] fixture=4 class=attack_tail lower_us=330 n=16[0m
[0;32mI (46833) forensics: [CALLBACK_HIST] fixture=4 class=attack_tail lower_us=335 n=21[0m
[0;32mI (46843) forensics: [CALLBACK_HIST] fixture=4 class=attack_tail lower_us=340 n=16[0m
[0;32mI (46853) forensics: [CALLBACK_HIST] fixture=4 class=attack_tail lower_us=345 n=16[0m
[0;32mI (46853) forensics: [CALLBACK_HIST] fixture=4 class=attack_tail lower_us=350 n=10[0m
[0;32mI (46863) forensics: [CALLBACK_HIST] fixture=4 class=attack_tail lower_us=355 n=12[0m
[0;32mI (46873) forensics: [CALLBACK_HIST] fixture=4 class=attack_tail lower_us=360 n=6[0m
[0;32mI (46883) forensics: [CALLBACK_HIST] fixture=4 class=attack_tail lower_us=365 n=6[0m
[0;32mI (46893) forensics: [CALLBACK_HIST] fixture=4 class=attack_tail lower_us=370 n=2[0m
[0;32mI (46903) forensics: [CALLBACK_HIST] fixture=4 class=attack_tail lower_us=375 n=6[0m
[0;32mI (46903) forensics: [CALLBACK_HIST] fixture=4 class=attack_tail lower_us=380 n=2[0m
[0;32mI (46913) forensics: [CALLBACK_HIST] fixture=4 class=attack_tail lower_us=385 n=2[0m
[0;32mI (46923) forensics: [CALLBACK_HIST] fixture=4 class=attack_tail lower_us=390 n=4[0m
[0;32mI (46933) forensics: [CALLBACK_HIST] fixture=4 class=attack_tail lower_us=395 n=1[0m
[0;32mI (46943) forensics: [CALLBACK_HIST] fixture=4 class=attack_tail lower_us=400 n=2[0m
[0;32mI (46943) forensics: [CALLBACK_HIST] fixture=4 class=attack_tail lower_us=405 n=6[0m
[0;32mI (46953) forensics: [CALLBACK_HIST] fixture=4 class=attack_tail lower_us=410 n=1[0m
[0;32mI (46963) forensics: [CALLBACK_HIST] fixture=4 class=attack_tail lower_us=415 n=4[0m
[0;32mI (46973) forensics: [CALLBACK_HIST] fixture=4 class=attack_tail lower_us=430 n=1[0m
[0;32mI (46983) forensics: [CALLBACK_HIST] fixture=4 class=attack_tail lower_us=435 n=2[0m
[0;32mI (46993) forensics: [CALLBACK_HIST] fixture=4 class=attack_tail lower_us=440 n=2[0m
[0;32mI (46993) forensics: [CALLBACK_HIST] fixture=4 class=attack_tail lower_us=445 n=1[0m
[0;32mI (47003) forensics: [CALLBACK_HIST] fixture=4 class=attack_tail lower_us=450 n=1[0m
[0;32mI (47013) forensics: [CALLBACK_HIST] fixture=4 class=attack_tail lower_us=460 n=3[0m
[0;32mI (47023) forensics: [CALLBACK_HIST] fixture=4 class=attack_tail lower_us=465 n=1[0m
[0;32mI (47033) forensics: [CALLBACK_HIST] fixture=4 class=attack_tail lower_us=470 n=2[0m
[0;32mI (47033) forensics: [CALLBACK_HIST] fixture=4 class=attack_tail lower_us=490 n=1[0m
[0;32mI (47043) forensics: [CALLBACK_HIST] fixture=4 class=attack_tail lower_us=520 n=1[0m
[0;32mI (47053) forensics: [CALLBACK_HIST] fixture=4 class=attack_tail lower_us=530 n=1[0m
[0;32mI (47063) forensics: [CALLBACK_HIST] fixture=4 class=attack_tail lower_us=535 n=1[0m
[0;32mI (47073) forensics: [CALLBACK_HIST] fixture=4 class=attack_tail lower_us=555 n=1[0m
[0;32mI (47083) forensics: [CALLBACK_HIST] fixture=4 class=attack_tail lower_us=625 n=1[0m
[0;32mI (47083) forensics: [CURVE] model=UDU fixture=4 voices=1 class=event n=44 avg_us=890.38 p95_us=950 p99_us=990 p995_us=990 p999_us=990 max_us=986 deadline=0 bad_voices=0 ble_lost=0 hard=0 sat=0 bin_us=5 max_observed_voices=1[0m
[0;32mI (47103) forensics: [HIST] fixture=4 class=event lower_us=760 n=1[0m
[0;32mI (47113) forensics: [HIST] fixture=4 class=event lower_us=865 n=3[0m
[0;32mI (47123) forensics: [HIST] fixture=4 class=event lower_us=870 n=3[0m
[0;32mI (47123) forensics: [HIST] fixture=4 class=event lower_us=875 n=4[0m
[0;32mI (47133) forensics: [HIST] fixture=4 class=event lower_us=880 n=11[0m
[0;32mI (47143) forensics: [HIST] fixture=4 class=event lower_us=885 n=5[0m
[0;32mI (47153) forensics: [HIST] fixture=4 class=event lower_us=890 n=5[0m
[0;32mI (47153) forensics: [HIST] fixture=4 class=event lower_us=900 n=2[0m
[0;32mI (47163) forensics: [HIST] fixture=4 class=event lower_us=905 n=2[0m
[0;32mI (47173) forensics: [HIST] fixture=4 class=event lower_us=910 n=2[0m
[0;32mI (47173) forensics: [HIST] fixture=4 class=event lower_us=920 n=2[0m
[0;32mI (47183) forensics: [HIST] fixture=4 class=event lower_us=930 n=1[0m
[0;32mI (47193) forensics: [HIST] fixture=4 class=event lower_us=945 n=1[0m
[0;32mI (47193) forensics: [HIST] fixture=4 class=event lower_us=965 n=1[0m
[0;32mI (47203) forensics: [HIST] fixture=4 class=event lower_us=985 n=1[0m
[0;32mI (47213) forensics: [CALLBACK_CURVE] model=UDU fixture=4 voices=1 class=event n=44 avg_us=935.86 p95_us=1025 p99_us=1045 p995_us=1045 p999_us=1045 max_us=1040 deadline=0 overhead_avg_us=45.48[0m
[0;32mI (47223) forensics: [CALLBACK_HIST] fixture=4 class=event lower_us=800 n=1[0m
[0;32mI (47233) forensics: [CALLBACK_HIST] fixture=4 class=event lower_us=880 n=1[0m
[0;32mI (47243) forensics: [CALLBACK_HIST] fixture=4 class=event lower_us=895 n=1[0m
[0;32mI (47253) forensics: [CALLBACK_HIST] fixture=4 class=event lower_us=900 n=1[0m
[0;32mI (47263) forensics: [CALLBACK_HIST] fixture=4 class=event lower_us=905 n=5[0m
[0;32mI (47263) forensics: [CALLBACK_HIST] fixture=4 class=event lower_us=910 n=2[0m
[0;32mI (47273) forensics: [CALLBACK_HIST] fixture=4 class=event lower_us=915 n=5[0m
[0;32mI (47283) forensics: [CALLBACK_HIST] fixture=4 class=event lower_us=925 n=1[0m
[0;32mI (47293) forensics: [CALLBACK_HIST] fixture=4 class=event lower_us=930 n=3[0m
[0;32mI (47293) forensics: [CALLBACK_HIST] fixture=4 class=event lower_us=935 n=4[0m
[0;32mI (47303) forensics: [CALLBACK_HIST] fixture=4 class=event lower_us=940 n=6[0m
[0;32mI (47313) forensics: [CALLBACK_HIST] fixture=4 class=event lower_us=945 n=5[0m
[0;32mI (47323) forensics: [CALLBACK_HIST] fixture=4 class=event lower_us=950 n=1[0m
[0;32mI (47323) forensics: [CALLBACK_HIST] fixture=4 class=event lower_us=955 n=2[0m
[0;32mI (47333) forensics: [CALLBACK_HIST] fixture=4 class=event lower_us=970 n=1[0m
[0;32mI (47343) forensics: [CALLBACK_HIST] fixture=4 class=event lower_us=980 n=1[0m
[0;32mI (47353) forensics: [CALLBACK_HIST] fixture=4 class=event lower_us=990 n=1[0m
[0;32mI (47353) forensics: [CALLBACK_HIST] fixture=4 class=event lower_us=1020 n=1[0m
[0;32mI (47363) forensics: [CALLBACK_HIST] fixture=4 class=event lower_us=1025 n=1[0m
[0;32mI (47373) forensics: [CALLBACK_HIST] fixture=4 class=event lower_us=1040 n=1[0m
[0;32mI (47383) forensics: [CURVE] model=UDU fixture=4 voices=1 class=fixture_transition n=1 avg_us=395.25 p95_us=400 p99_us=400 p995_us=400 p999_us=400 max_us=396 deadline=0 bad_voices=0 ble_lost=0 hard=0 sat=0 bin_us=5 max_observed_voices=1[0m
[0;32mI (47403) forensics: [HIST] fixture=4 class=fixture_transition lower_us=395 n=1[0m
[0;32mI (47413) forensics: [CALLBACK_CURVE] model=UDU fixture=4 voices=1 class=fixture_transition n=1 avg_us=429.00 p95_us=430 p99_us=430 p995_us=430 p999_us=430 max_us=429 deadline=0 overhead_avg_us=33.75[0m
[0;32mI (47433) forensics: [CALLBACK_HIST] fixture=4 class=fixture_transition lower_us=425 n=1[0m
[0;32mI (47433) forensics: [FASTPATH] fixture=4 stable8=0 attack=0[0m
[0;32mI (47443) forensics: [OVERHEAD] fixture=4 blocks=8192 model_reset_avg_us=1.57 model_reset_max_us=15 queue_avg_us=1.84 queue_max_us=24 render_avg_us=269.34 telem_avg_us=3.15 telem_max_us=76 telem_publishes=1024[0m
[0;32mI (47613) pocket_pan_main: [AUDIO] model=PAN blocks=17519 avg_us=351 p99_us=0 max_us=702 cpu_load=13.2 deadline=0 timeout=0 tx_error=0 short=0[0m
[0;32mI (47613) pocket_pan_main: [MIDI] push=1 pop=1 drop=0 hwm=1 last=(n=50 v=75 t=78 hex=90324B)[0m
[0;32mI (47623) pocket_pan_main: [BLE] state=8 interval_ms=11.25 latency=0 rssi=-62 reconnects=0 last_disconnect=0[0m
[0;32mI (47633) pocket_pan_main: [MEM] internal_free=35491 largest_internal=22528[0m
[0;32mI (47643) pocket_pan_main: [UIREDRAW] urgent=118 telemetry=127 skip=1117[0m
[0;32mI (52633) pocket_pan_main: [AUDIO] model=PAN blocks=19401 avg_us=308 p99_us=450 max_us=702 cpu_load=11.5 deadline=0 timeout=0 tx_error=0 short=0[0m
[0;32mI (52633) pocket_pan_main: [MIDI] push=1 pop=1 drop=0 hwm=1 last=(n=50 v=75 t=78 hex=90324B)[0m
[0;32mI (52643) pocket_pan_main: [BLE] state=8 interval_ms=11.25 latency=0 rssi=-64 reconnects=0 last_disconnect=0[0m
[0;32mI (52653) pocket_pan_main: [MEM] internal_free=35491 largest_internal=22528[0m
[0;32mI (52663) pocket_pan_main: [UIREDRAW] urgent=118 telemetry=149 skip=1261[0m
[0;32mI (57653) pocket_pan_main: [AUDIO] model=PAN blocks=21283 avg_us=305 p99_us=450 max_us=739 cpu_load=11.4 deadline=0 timeout=0 tx_error=0 short=0[0m
[0;32mI (57653) pocket_pan_main: [MIDI] push=1 pop=1 drop=0 hwm=1 last=(n=50 v=75 t=78 hex=90324B)[0m
[0;32mI (57663) pocket_pan_main: [BLE] state=8 interval_ms=11.25 latency=0 rssi=-64 reconnects=0 last_disconnect=0[0m
[0;32mI (57673) pocket_pan_main: [MEM] internal_free=35491 largest_internal=22528[0m
[0;32mI (57683) pocket_pan_main: [UIREDRAW] urgent=118 telemetry=169 skip=1407[0m
[0;32mI (62673) pocket_pan_main: [AUDIO] model=PAN blocks=23165 avg_us=308 p99_us=425 max_us=739 cpu_load=11.5 deadline=0 timeout=0 tx_error=0 short=0[0m
[0;32mI (62673) pocket_pan_main: [MIDI] push=1 pop=1 drop=0 hwm=1 last=(n=50 v=75 t=78 hex=90324B)[0m
[0;32mI (62683) pocket_pan_main: [BLE] state=8 interval_ms=11.25 latency=0 rssi=-65 reconnects=0 last_disconnect=0[0m
[0;32mI (62693) pocket_pan_main: [MEM] internal_free=35491 largest_internal=22528[0m
[0;32mI (62703) pocket_pan_main: [UIREDRAW] urgent=118 telemetry=187 skip=1555[0m
[0;32mI (67683) pocket_pan_main: [AUDIO] model=PAN blocks=25045 avg_us=305 p99_us=425 max_us=739 cpu_load=11.4 deadline=0 timeout=0 tx_error=0 short=0[0m
[0;32mI (67683) pocket_pan_main: [MIDI] push=1 pop=1 drop=0 hwm=1 last=(n=50 v=75 t=78 hex=90324B)[0m
[0;32mI (67693) pocket_pan_main: [BLE] state=8 interval_ms=11.25 latency=0 rssi=-61 reconnects=0 last_disconnect=0[0m
[0;32mI (67703) pocket_pan_main: [MEM] internal_free=35491 largest_internal=22528[0m
[0;32mI (67713) pocket_pan_main: [UIREDRAW] urgent=118 telemetry=208 skip=1700[0m
[0;32mI (67753) forensics: [SAFETY] fixture=5 hard=0 sat=0 nonfinite=0 ble_lost=0[0m
[0;32mI (67753) forensics: [EVENT_ONLY] fixture=5 n=1024 avg_us=42.53 max_us=159[0m
[0;32mI (67753) forensics: [FIXTURE_IO] model=UDU fixture=5 avg_us=305 p99_us=425 max_us=739 cpu_pct=11.44 deadline=0 timeouts=0 tx_errors=0 short_writes=0[0m
[0;32mI (67773) forensics: [CURVE] model=UDU fixture=5 voices=1 class=true_steady n=0 avg_us=0.00 p95_us=0 p99_us=0 p995_us=0 p999_us=0 max_us=0 deadline=0 bad_voices=0 ble_lost=0 hard=0 sat=0 bin_us=5 max_observed_voices=1[0m
[0;32mI (67793) forensics: [CALLBACK_CURVE] model=UDU fixture=5 voices=1 class=true_steady n=1 avg_us=277.00 p95_us=280 p99_us=280 p995_us=280 p999_us=280 max_us=277 deadline=0 overhead_avg_us=277.00[0m
[0;32mI (67813) forensics: [CALLBACK_HIST] fixture=5 class=true_steady lower_us=275 n=1[0m
[0;32mI (67813) forensics: [CURVE] model=UDU fixture=5 voices=1 class=attack_tail n=7167 avg_us=288.18 p95_us=330 p99_us=370 p995_us=385 p999_us=425 max_us=491 deadline=0 bad_voices=0 ble_lost=0 hard=0 sat=0 bin_us=5 max_observed_voices=1[0m
[0;32mI (67843) forensics: [HIST] fixture=5 class=attack_tail lower_us=280 n=5084[0m
[0;32mI (67843) forensics: [HIST] fixture=5 class=attack_tail lower_us=285 n=704[0m
[0;32mI (67853) forensics: [HIST] fixture=5 class=attack_tail lower_us=290 n=106[0m
[0;32mI (67863) forensics: [HIST] fixture=5 class=attack_tail lower_us=295 n=60[0m
[0;32mI (67873) forensics: [HIST] fixture=5 class=attack_tail lower_us=300 n=83[0m
[0;32mI (67873) forensics: [HIST] fixture=5 class=attack_tail lower_us=305 n=102[0m
[0;32mI (67883) forensics: [HIST] fixture=5 class=attack_tail lower_us=310 n=191[0m
[0;32mI (67893) forensics: [HIST] fixture=5 class=attack_tail lower_us=315 n=285[0m
[0;32mI (67903) forensics: [HIST] fixture=5 class=attack_tail lower_us=320 n=172[0m
[0;32mI (67903) forensics: [HIST] fixture=5 class=attack_tail lower_us=325 n=157[0m
[0;32mI (67913) forensics: [HIST] fixture=5 class=attack_tail lower_us=330 n=49[0m
[0;32mI (67923) forensics: [HIST] fixture=5 class=attack_tail lower_us=335 n=37[0m
[0;32mI (67933) forensics: [HIST] fixture=5 class=attack_tail lower_us=340 n=18[0m
[0;32mI (67933) forensics: [HIST] fixture=5 class=attack_tail lower_us=345 n=8[0m
[0;32mI (67943) forensics: [HIST] fixture=5 class=attack_tail lower_us=350 n=14[0m
[0;32mI (67953) forensics: [HIST] fixture=5 class=attack_tail lower_us=355 n=14[0m
[0;32mI (67963) forensics: [HIST] fixture=5 class=attack_tail lower_us=360 n=8[0m
[0;32mI (67963) forensics: [HIST] fixture=5 class=attack_tail lower_us=365 n=17[0m
[0;32mI (67973) forensics: [HIST] fixture=5 class=attack_tail lower_us=370 n=14[0m
[0;32mI (67983) forensics: [HIST] fixture=5 class=attack_tail lower_us=375 n=7[0m
[0;32mI (67983) forensics: [HIST] fixture=5 class=attack_tail lower_us=380 n=10[0m
[0;32mI (67993) forensics: [HIST] fixture=5 class=attack_tail lower_us=385 n=2[0m
[0;32mI (68003) forensics: [HIST] fixture=5 class=attack_tail lower_us=390 n=3[0m
[0;32mI (68013) forensics: [HIST] fixture=5 class=attack_tail lower_us=395 n=3[0m
[0;32mI (68013) forensics: [HIST] fixture=5 class=attack_tail lower_us=400 n=3[0m
[0;32mI (68023) forensics: [HIST] fixture=5 class=attack_tail lower_us=405 n=2[0m
[0;32mI (68033) forensics: [HIST] fixture=5 class=attack_tail lower_us=410 n=1[0m
[0;32mI (68043) forensics: [HIST] fixture=5 class=attack_tail lower_us=415 n=4[0m
[0;32mI (68043) forensics: [HIST] fixture=5 class=attack_tail lower_us=420 n=4[0m
[0;32mI (68053) forensics: [HIST] fixture=5 class=attack_tail lower_us=425 n=1[0m
[0;32mI (68063) forensics: [HIST] fixture=5 class=attack_tail lower_us=430 n=1[0m
[0;32mI (68073) forensics: [HIST] fixture=5 class=attack_tail lower_us=435 n=1[0m
[0;32mI (68073) forensics: [HIST] fixture=5 class=attack_tail lower_us=470 n=1[0m
[0;32mI (68083) forensics: [HIST] fixture=5 class=attack_tail lower_us=490 n=1[0m
[0;32mI (68093) forensics: [CALLBACK_CURVE] model=UDU fixture=5 voices=1 class=attack_tail n=7166 avg_us=304.85 p95_us=365 p99_us=445 p995_us=500 p999_us=580 max_us=696 deadline=0 overhead_avg_us=16.67[0m
[0;32mI (68113) forensics: [CALLBACK_HIST] fixture=5 class=attack_tail lower_us=285 n=3376[0m
[0;32mI (68113) forensics: [CALLBACK_HIST] fixture=5 class=attack_tail lower_us=290 n=1133[0m
[0;32mI (68123) forensics: [CALLBACK_HIST] fixture=5 class=attack_tail lower_us=295 n=518[0m
[0;32mI (68133) forensics: [CALLBACK_HIST] fixture=5 class=attack_tail lower_us=300 n=175[0m
[0;32mI (68143) forensics: [CALLBACK_HIST] fixture=5 class=attack_tail lower_us=305 n=205[0m
[0;32mI (68153) forensics: [CALLBACK_HIST] fixture=5 class=attack_tail lower_us=310 n=207[0m
[0;32mI (68163) forensics: [CALLBACK_HIST] fixture=5 class=attack_tail lower_us=315 n=143[0m
[0;32mI (68163) forensics: [CALLBACK_HIST] fixture=5 class=attack_tail lower_us=320 n=62[0m
[0;32mI (68173) forensics: [CALLBACK_HIST] fixture=5 class=attack_tail lower_us=325 n=170[0m
[0;32mI (68183) forensics: [CALLBACK_HIST] fixture=5 class=attack_tail lower_us=330 n=152[0m
[0;32mI (68193) forensics: [CALLBACK_HIST] fixture=5 class=attack_tail lower_us=335 n=111[0m
[0;32mI (68203) forensics: [CALLBACK_HIST] fixture=5 class=attack_tail lower_us=340 n=96[0m
[0;32mI (68213) forensics: [CALLBACK_HIST] fixture=5 class=attack_tail lower_us=345 n=162[0m
[0;32mI (68213) forensics: [CALLBACK_HIST] fixture=5 class=attack_tail lower_us=350 n=143[0m
[0;32mI (68223) forensics: [CALLBACK_HIST] fixture=5 class=attack_tail lower_us=355 n=111[0m
[0;32mI (68233) forensics: [CALLBACK_HIST] fixture=5 class=attack_tail lower_us=360 n=96[0m
[0;32mI (68243) forensics: [CALLBACK_HIST] fixture=5 class=attack_tail lower_us=365 n=68[0m
[0;32mI (68253) forensics: [CALLBACK_HIST] fixture=5 class=attack_tail lower_us=370 n=50[0m
[0;32mI (68263) forensics: [CALLBACK_HIST] fixture=5 class=attack_tail lower_us=375 n=23[0m
[0;32mI (68263) forensics: [CALLBACK_HIST] fixture=5 class=attack_tail lower_us=380 n=14[0m
[0;32mI (68273) forensics: [CALLBACK_HIST] fixture=5 class=attack_tail lower_us=385 n=13[0m
[0;32mI (68283) forensics: [CALLBACK_HIST] fixture=5 class=attack_tail lower_us=390 n=9[0m
[0;32mI (68293) forensics: [CALLBACK_HIST] fixture=5 class=attack_tail lower_us=395 n=12[0m
[0;32mI (68303) forensics: [CALLBACK_HIST] fixture=5 class=attack_tail lower_us=400 n=5[0m
[0;32mI (68313) forensics: [CALLBACK_HIST] fixture=5 class=attack_tail lower_us=405 n=9[0m
[0;32mI (68313) forensics: [CALLBACK_HIST] fixture=5 class=attack_tail lower_us=410 n=2[0m
[0;32mI (68323) forensics: [CALLBACK_HIST] fixture=5 class=attack_tail lower_us=415 n=3[0m
[0;32mI (68333) forensics: [CALLBACK_HIST] fixture=5 class=attack_tail lower_us=420 n=7[0m
[0;32mI (68343) forensics: [CALLBACK_HIST] fixture=5 class=attack_tail lower_us=425 n=5[0m
[0;32mI (68353) forensics: [CALLBACK_HIST] fixture=5 class=attack_tail lower_us=430 n=7[0m
[0;32mI (68353) forensics: [CALLBACK_HIST] fixture=5 class=attack_tail lower_us=435 n=6[0m
[0;32mI (68363) forensics: [CALLBACK_HIST] fixture=5 class=attack_tail lower_us=440 n=4[0m
[0;32mI (68373) forensics: [CALLBACK_HIST] fixture=5 class=attack_tail lower_us=445 n=3[0m
[0;32mI (68383) forensics: [CALLBACK_HIST] fixture=5 class=attack_tail lower_us=450 n=2[0m
[0;32mI (68393) forensics: [CALLBACK_HIST] fixture=5 class=attack_tail lower_us=455 n=6[0m
[0;32mI (68403) forensics: [CALLBACK_HIST] fixture=5 class=attack_tail lower_us=460 n=3[0m
[0;32mI (68403) forensics: [CALLBACK_HIST] fixture=5 class=attack_tail lower_us=465 n=3[0m
[0;32mI (68413) forensics: [CALLBACK_HIST] fixture=5 class=attack_tail lower_us=470 n=4[0m
[0;32mI (68423) forensics: [CALLBACK_HIST] fixture=5 class=attack_tail lower_us=475 n=5[0m
[0;32mI (68433) forensics: [CALLBACK_HIST] fixture=5 class=attack_tail lower_us=480 n=2[0m
[0;32mI (68443) forensics: [CALLBACK_HIST] fixture=5 class=attack_tail lower_us=485 n=1[0m
[0;32mI (68443) forensics: [CALLBACK_HIST] fixture=5 class=attack_tail lower_us=490 n=4[0m
[0;32mI (68453) forensics: [CALLBACK_HIST] fixture=5 class=attack_tail lower_us=495 n=7[0m
[0;32mI (68463) forensics: [CALLBACK_HIST] fixture=5 class=attack_tail lower_us=500 n=1[0m
[0;32mI (68473) forensics: [CALLBACK_HIST] fixture=5 class=attack_tail lower_us=505 n=2[0m
[0;32mI (68483) forensics: [CALLBACK_HIST] fixture=5 class=attack_tail lower_us=510 n=3[0m
[0;32mI (68483) forensics: [CALLBACK_HIST] fixture=5 class=attack_tail lower_us=515 n=2[0m
[0;32mI (68493) forensics: [CALLBACK_HIST] fixture=5 class=attack_tail lower_us=520 n=2[0m
[0;32mI (68503) forensics: [CALLBACK_HIST] fixture=5 class=attack_tail lower_us=525 n=3[0m
[0;32mI (68513) forensics: [CALLBACK_HIST] fixture=5 class=attack_tail lower_us=530 n=1[0m
[0;32mI (68523) forensics: [CALLBACK_HIST] fixture=5 class=attack_tail lower_us=535 n=1[0m
[0;32mI (68533) forensics: [CALLBACK_HIST] fixture=5 class=attack_tail lower_us=545 n=3[0m
[0;32mI (68533) forensics: [CALLBACK_HIST] fixture=5 class=attack_tail lower_us=555 n=1[0m
[0;32mI (68543) forensics: [CALLBACK_HIST] fixture=5 class=attack_tail lower_us=560 n=1[0m
[0;32mI (68553) forensics: [CALLBACK_HIST] fixture=5 class=attack_tail lower_us=570 n=1[0m
[0;32mI (68563) forensics: [CALLBACK_HIST] fixture=5 class=attack_tail lower_us=575 n=1[0m
[0;32mI (68573) forensics: [CALLBACK_HIST] fixture=5 class=attack_tail lower_us=580 n=2[0m
[0;32mI (68573) forensics: [CALLBACK_HIST] fixture=5 class=attack_tail lower_us=590 n=2[0m
[0;32mI (68583) forensics: [CALLBACK_HIST] fixture=5 class=attack_tail lower_us=600 n=1[0m
[0;32mI (68593) forensics: [CALLBACK_HIST] fixture=5 class=attack_tail lower_us=630 n=1[0m
[0;32mI (68603) forensics: [CALLBACK_HIST] fixture=5 class=attack_tail lower_us=695 n=1[0m
[0;32mI (68613) forensics: [CURVE] model=UDU fixture=5 voices=1 class=event n=1024 avg_us=335.99 p95_us=380 p99_us=455 p995_us=490 p999_us=515 max_us=598 deadline=0 bad_voices=0 ble_lost=0 hard=0 sat=0 bin_us=5 max_observed_voices=1[0m
[0;32mI (68633) forensics: [HIST] fixture=5 class=event lower_us=280 n=5[0m
[0;32mI (68633) forensics: [HIST] fixture=5 class=event lower_us=285 n=52[0m
[0;32mI (68643) forensics: [HIST] fixture=5 class=event lower_us=290 n=44[0m
[0;32mI (68653) forensics: [HIST] fixture=5 class=event lower_us=295 n=35[0m
[0;32mI (68663) forensics: [HIST] fixture=5 class=event lower_us=300 n=23[0m
[0;32mI (68663) forensics: [HIST] fixture=5 class=event lower_us=305 n=31[0m
[0;32mI (68673) forensics: [HIST] fixture=5 class=event lower_us=310 n=29[0m
[0;32mI (68683) forensics: [HIST] fixture=5 class=event lower_us=315 n=34[0m
[0;32mI (68683) forensics: [HIST] fixture=5 class=event lower_us=320 n=57[0m
[0;32mI (68693) forensics: [HIST] fixture=5 class=event lower_us=325 n=63[0m
[0;32mI (68703) forensics: [HIST] fixture=5 class=event lower_us=330 n=87[0m
[0;32mI (68703) forensics: [HIST] fixture=5 class=event lower_us=335 n=75[0m
[0;32mI (68713) forensics: [HIST] fixture=5 class=event lower_us=340 n=125[0m
[0;32mI (68723) forensics: [HIST] fixture=5 class=event lower_us=345 n=119[0m
[0;32mI (68733) forensics: [HIST] fixture=5 class=event lower_us=350 n=71[0m
[0;32mI (68733) forensics: [HIST] fixture=5 class=event lower_us=355 n=32[0m
[0;32mI (68743) forensics: [HIST] fixture=5 class=event lower_us=360 n=12[0m
[0;32mI (68753) forensics: [HIST] fixture=5 class=event lower_us=365 n=26[0m
[0;32mI (68753) forensics: [HIST] fixture=5 class=event lower_us=370 n=32[0m
[0;32mI (68763) forensics: [HIST] fixture=5 class=event lower_us=375 n=21[0m
[0;32mI (68773) forensics: [HIST] fixture=5 class=event lower_us=380 n=12[0m
[0;32mI (68773) forensics: [HIST] fixture=5 class=event lower_us=385 n=6[0m
[0;32mI (68783) forensics: [HIST] fixture=5 class=event lower_us=390 n=5[0m
[0;32mI (68793) forensics: [HIST] fixture=5 class=event lower_us=395 n=2[0m
[0;32mI (68793) forensics: [HIST] fixture=5 class=event lower_us=400 n=1[0m
[0;32mI (68803) forensics: [HIST] fixture=5 class=event lower_us=405 n=1[0m
[0;32mI (68813) forensics: [HIST] fixture=5 class=event lower_us=410 n=1[0m
[0;32mI (68823) forensics: [HIST] fixture=5 class=event lower_us=415 n=3[0m
[0;32mI (68823) forensics: [HIST] fixture=5 class=event lower_us=420 n=1[0m
[0;32mI (68833) forensics: [HIST] fixture=5 class=event lower_us=430 n=4[0m
[0;32mI (68843) forensics: [HIST] fixture=5 class=event lower_us=435 n=1[0m
[0;32mI (68843) forensics: [HIST] fixture=5 class=event lower_us=445 n=3[0m
[0;32mI (68853) forensics: [HIST] fixture=5 class=event lower_us=450 n=1[0m
[0;32mI (68863) forensics: [HIST] fixture=5 class=event lower_us=455 n=1[0m
[0;32mI (68863) forensics: [HIST] fixture=5 class=event lower_us=465 n=1[0m
[0;32mI (68873) forensics: [HIST] fixture=5 class=event lower_us=470 n=1[0m
[0;32mI (68883) forensics: [HIST] fixture=5 class=event lower_us=475 n=1[0m
[0;32mI (68883) forensics: [HIST] fixture=5 class=event lower_us=485 n=1[0m
[0;32mI (68893) forensics: [HIST] fixture=5 class=event lower_us=490 n=1[0m
[0;32mI (68903) forensics: [HIST] fixture=5 class=event lower_us=505 n=1[0m
[0;32mI (68903) forensics: [HIST] fixture=5 class=event lower_us=510 n=2[0m
[0;32mI (68913) forensics: [HIST] fixture=5 class=event lower_us=595 n=1[0m
[0;32mI (68923) forensics: [CALLBACK_CURVE] model=UDU fixture=5 voices=1 class=event n=1024 avg_us=349.74 p95_us=405 p99_us=545 p995_us=595 p999_us=650 max_us=739 deadline=0 overhead_avg_us=13.75[0m
[0;32mI (68943) forensics: [CALLBACK_HIST] fixture=5 class=event lower_us=285 n=1[0m
[0;32mI (68943) forensics: [CALLBACK_HIST] fixture=5 class=event lower_us=290 n=26[0m
[0;32mI (68953) forensics: [CALLBACK_HIST] fixture=5 class=event lower_us=295 n=48[0m
[0;32mI (68963) forensics: [CALLBACK_HIST] fixture=5 class=event lower_us=300 n=46[0m
[0;32mI (68973) forensics: [CALLBACK_HIST] fixture=5 class=event lower_us=305 n=22[0m
[0;32mI (68973) forensics: [CALLBACK_HIST] fixture=5 class=event lower_us=310 n=35[0m
[0;32mI (68983) forensics: [CALLBACK_HIST] fixture=5 class=event lower_us=315 n=15[0m
[0;32mI (68993) forensics: [CALLBACK_HIST] fixture=5 class=event lower_us=320 n=40[0m
[0;32mI (69003) forensics: [CALLBACK_HIST] fixture=5 class=event lower_us=325 n=28[0m
[0;32mI (69003) forensics: [CALLBACK_HIST] fixture=5 class=event lower_us=330 n=63[0m
[0;32mI (69013) forensics: [CALLBACK_HIST] fixture=5 class=event lower_us=335 n=59[0m
[0;32mI (69023) forensics: [CALLBACK_HIST] fixture=5 class=event lower_us=340 n=82[0m
[0;32mI (69033) forensics: [CALLBACK_HIST] fixture=5 class=event lower_us=345 n=77[0m
[0;32mI (69043) forensics: [CALLBACK_HIST] fixture=5 class=event lower_us=350 n=115[0m
[0;32mI (69043) forensics: [CALLBACK_HIST] fixture=5 class=event lower_us=355 n=83[0m
[0;32mI (69053) forensics: [CALLBACK_HIST] fixture=5 class=event lower_us=360 n=55[0m
[0;32mI (69063) forensics: [CALLBACK_HIST] fixture=5 class=event lower_us=365 n=30[0m
[0;32mI (69073) forensics: [CALLBACK_HIST] fixture=5 class=event lower_us=370 n=17[0m
[0;32mI (69073) forensics: [CALLBACK_HIST] fixture=5 class=event lower_us=375 n=31[0m
[0;32mI (69083) forensics: [CALLBACK_HIST] fixture=5 class=event lower_us=380 n=40[0m
[0;32mI (69093) forensics: [CALLBACK_HIST] fixture=5 class=event lower_us=385 n=26[0m
[0;32mI (69103) forensics: [CALLBACK_HIST] fixture=5 class=event lower_us=390 n=13[0m
[0;32mI (69113) forensics: [CALLBACK_HIST] fixture=5 class=event lower_us=395 n=15[0m
[0;32mI (69113) forensics: [CALLBACK_HIST] fixture=5 class=event lower_us=400 n=12[0m
[0;32mI (69123) forensics: [CALLBACK_HIST] fixture=5 class=event lower_us=405 n=6[0m
[0;32mI (69133) forensics: [CALLBACK_HIST] fixture=5 class=event lower_us=410 n=2[0m
[0;32mI (69143) forensics: [CALLBACK_HIST] fixture=5 class=event lower_us=415 n=5[0m
[0;32mI (69143) forensics: [CALLBACK_HIST] fixture=5 class=event lower_us=420 n=2[0m
[0;32mI (69153) forensics: [CALLBACK_HIST] fixture=5 class=event lower_us=425 n=6[0m
[0;32mI (69163) forensics: [CALLBACK_HIST] fixture=5 class=event lower_us=435 n=1[0m
[0;32mI (69173) forensics: [CALLBACK_HIST] fixture=5 class=event lower_us=440 n=1[0m
[0;32mI (69173) forensics: [CALLBACK_HIST] fixture=5 class=event lower_us=470 n=2[0m
[0;32mI (69183) forensics: [CALLBACK_HIST] fixture=5 class=event lower_us=485 n=2[0m
[0;32mI (69193) forensics: [CALLBACK_HIST] fixture=5 class=event lower_us=495 n=1[0m
[0;32mI (69203) forensics: [CALLBACK_HIST] fixture=5 class=event lower_us=515 n=2[0m
[0;32mI (69203) forensics: [CALLBACK_HIST] fixture=5 class=event lower_us=520 n=2[0m
[0;32mI (69213) forensics: [CALLBACK_HIST] fixture=5 class=event lower_us=530 n=1[0m
[0;32mI (69223) forensics: [CALLBACK_HIST] fixture=5 class=event lower_us=535 n=1[0m
[0;32mI (69233) forensics: [CALLBACK_HIST] fixture=5 class=event lower_us=540 n=1[0m
[0;32mI (69243) forensics: [CALLBACK_HIST] fixture=5 class=event lower_us=555 n=1[0m
[0;32mI (69243) forensics: [CALLBACK_HIST] fixture=5 class=event lower_us=565 n=1[0m
[0;32mI (69253) forensics: [CALLBACK_HIST] fixture=5 class=event lower_us=570 n=1[0m
[0;32mI (69263) forensics: [CALLBACK_HIST] fixture=5 class=event lower_us=575 n=1[0m
[0;32mI (69273) forensics: [CALLBACK_HIST] fixture=5 class=event lower_us=590 n=1[0m
[0;32mI (69273) forensics: [CALLBACK_HIST] fixture=5 class=event lower_us=630 n=1[0m
[0;32mI (69283) forensics: [CALLBACK_HIST] fixture=5 class=event lower_us=635 n=2[0m
[0;32mI (69293) forensics: [CALLBACK_HIST] fixture=5 class=event lower_us=645 n=1[0m
[0;32mI (69303) forensics: [CALLBACK_HIST] fixture=5 class=event lower_us=735 n=1[0m
[0;32mI (69303) forensics: [CURVE] model=UDU fixture=5 voices=1 class=fixture_transition n=1 avg_us=624.15 p95_us=630 p99_us=630 p995_us=630 p999_us=630 max_us=625 deadline=0 bad_voices=0 ble_lost=0 hard=0 sat=0 bin_us=5 max_observed_voices=1[0m
[0;32mI (69333) forensics: [HIST] fixture=5 class=fixture_transition lower_us=625 n=1[0m
[0;32mI (69333) forensics: [CALLBACK_CURVE] model=UDU fixture=5 voices=1 class=fixture_transition n=1 avg_us=702.00 p95_us=705 p99_us=705 p995_us=705 p999_us=705 max_us=702 deadline=0 overhead_avg_us=77.85[0m
[0;32mI (69353) forensics: [CALLBACK_HIST] fixture=5 class=fixture_transition lower_us=700 n=1[0m
[0;32mI (69363) forensics: [FASTPATH] fixture=5 stable8=0 attack=0[0m
[0;32mI (69373) forensics: [OVERHEAD] fixture=5 blocks=8192 model_reset_avg_us=1.74 model_reset_max_us=24 queue_avg_us=2.27 queue_max_us=35 render_avg_us=299.90 telem_avg_us=3.83 telem_max_us=113 telem_publishes=1024[0m
[0;32mI (72693) pocket_pan_main: [AUDIO] model=PAN blocks=26923 avg_us=10 p99_us=450 max_us=739 cpu_load=0.4 deadline=0 timeout=0 tx_error=0 short=0[0m
[0;32mI (72693) pocket_pan_main: [MIDI] push=1 pop=1 drop=0 hwm=1 last=(n=50 v=75 t=78 hex=90324B)[0m
[0;32mI (72703) pocket_pan_main: [BLE] state=8 interval_ms=11.25 latency=0 rssi=-64 reconnects=0 last_disconnect=0[0m
[0;32mI (72713) pocket_pan_main: [MEM] internal_free=35491 largest_internal=22528[0m
[0;32mI (72723) pocket_pan_main: [UIREDRAW] urgent=118 telemetry=220 skip=1799[0m
