[0;32mI (124) esp_image: segment 1: paddr=00030dcc vaddr=3fca31ESP-ROM:esp32s3-20210327
Build:Mar 27 2021
rst:0x15 (USB_UART_CHIP_RESET),boot:0x8 (SPI_FAST_FLASH_BOOT)
Saved PC:0x4200a218
SPIWP:0xee
mode:DIO, clock div:1
load:0x3fce2810,len:0x178c
load:0x403c8700,len:0x4
load:0x403c8704,len:0xcb8
load:0x403cb700,len:0x2db0
entry 0x403c8914
[0;32mI (26) boot: ESP-IDF v5.3-dirty 2nd stage bootloader[0m
[0;32mI (27) boot: compile time Oct  1 2026 19:28:03[0m
[0;32mI (27) boot: Multicore bootloader[0m
[0;32mI (30) boot: chip revision: v0.2[0m
[0;32mI (34) boot.esp32s3: Boot SPI Speed : 80MHz[0m
[0;32mI (39) boot.esp32s3: SPI Mode       : DIO[0m
[0;32mI (43) boot.esp32s3: SPI Flash Size : 4MB[0m
[0;32mI (48) boot: Enabling RNG early entropy source...[0m
[0;32mI (54) boot: Partition Table:[0m
[0;32mI (57) boot: ## Label            Usage          Type ST Offset   Length[0m
[0;32mI (64) boot:  0 nvs              WiFi data        01 02 00009000 00006000[0m
[0;32mI (72) boot:  1 phy_init         RF data          01 01 0000f000 00001000[0m
[0;32mI (79) boot:  2 factory          factory app      00 00 00010000 00100000[0m
[0;32mI (87) boot: End of partition table[0m
[0;32mI (91) esp_image: segment 0: paddr=00010020 vaddr=3c070020 size=20da4h (134564) map[0m
[0;32mI (124) esp_image: segment 1: paddr=00030dcc vaddr=3fca3100 size=04500h ( 17664) load[0m
[0;32mI (128) esp_image: segment 2: paddr=000352d4 vaddr=40374000 size=0ad44h ( 44356) load[0m
[0;32mI (139) esp_image: segment 3: paddr=00040020 vaddr=42000020 size=6684ch (419916) map[0m
[0;32mI (215) esp_image: segment 4: paddr=000a6874 vaddr=4037ed44 size=142b4h ( 82612) load[0m
[0;32mI (246) boot: Loaded app from partition at offset 0x10000[0m
[0;32mI (246) boot: Disabling RNG early entropy source...[0m
[0;32mI (258) esp_psram: Found 2MB PSRAM device[0m
[0;32mI (258) esp_psram: Speed: 40MHz[0m
[0;32mI (258) cpu_start: Multicore app[0m
[0;32mI (678) esp_psram: SPI SRAM memory test OK[0m
[0;32mI (687) cpu_start: Pro cpu start user code[0m
[0;32mI (687) cpu_start: cpu freq: 240000000 Hz[0m
[0;32mI (687) app_init: Application information:[0m
[0;32mI (690) app_init: Project name:     pocket_pan[0m
[0;32mI (695) app_init: App version:      b6454c6-dirty[0m
[0;32mI (700) app_init: Compile time:     Oct  1 2026 19:24:02[0m
[0;32mI (706) app_init: ELF file SHA256:  b7b56acad...[0m
[0;32mI (712) app_init: ESP-IDF:          v5.3-dirty[0m
[0;32mI (717) efuse_init: Min chip rev:     v0.0[0m
[0;32mI (722) efuse_init: Max chip rev:     v0.99 [0m
[0;32mI (727) efuse_init: Chip rev:         v0.2[0m
[0;32mI (731) heap_init: Initializing. RAM available for dynamic allocation:[0m
[0;32mI (739) heap_init: At 3FCC90B8 len 00020658 (129 KiB): RAM[0m
[0;32mI (745) heap_init: At 3FCE9710 len 00005724 (21 KiB): RAM[0m
[0;32mI (751) heap_init: At 3FCF0000 len 00008000 (32 KiB): DRAM[0m
[0;32mI (757) heap_init: At 600FE100 len 00001EE8 (7 KiB): RTCRAM[0m
[0;32mI (764) esp_psram: Adding pool of 2048K of PSRAM memory to heap allocator[0m
[0;32mI (772) spi_flash: detected chip: generic[0m
[0;32mI (775) spi_flash: flash io: dio[0m
[0;32mI (780) sleep: Configure to isolate all GPIO pins in sleep state[0m
[0;32mI (786) sleep: Enable automatic switching of GPIO sleep configuration[0m
[0;32mI (793) coexist: coex firmware version: dab85ae96[0m
[0;32mI (799) coexist: coexist rom version e7ae62f[0m
[0;32mI (804) main_task: Started on CPU0[0m
[0;32mI (814) esp_psram: Reserving pool of 32K of internal memory for DMA/internal allocations[0m
[0;32mI (814) main_task: Calling app_main()[0m
[0;32mI (824) pocket_pan_main: [MEM_STAGE] stage=entry internal_free=169151 largest_internal=73728 psram_free=2094528[0m
[0;32mI (834) pocket_pan_main: ===============================================[0m
[0;32mI (844) pocket_pan_main:   Pocket Pan / Metal Modal Synthesizer v1.0.0[0m
[0;32mI (844) pocket_pan_main:   Hardware: TENSTAR TS-ESP32-S3 (Feather TFT)[0m
[0;32mI (854) pocket_pan_main: ===============================================[0m
[0;32mI (864) pocket_pan_main: [FORENSICS] candidate=25 profile=0 cpu_mhz=240 optimization_perf=1 process6=1 fine_bins=5 critical_only=0[0m
[0;32mI (894) pocket_pan_main: [MEM_STAGE] stage=dsp_ready internal_free=169151 largest_internal=73728 psram_free=2094528[0m
[0;32mI (894) gpio: GPIO[10]| InputEn: 0| OutputEn: 1| OpenDrain: 0| Pullup: 0| Pulldown: 1| Intr:0 [0m
[0;32mI (904) AudioI2S: I2S TX initialized (48kHz, 32-bit slot, stereo, 6x128 frames DMA = 1024 bytes/buf)[0m
[0;32mI (914) AudioI2S: Audio task started on Core 0 at priority 12[0m
[0;32mI (924) pocket_pan_main: [MEM_STAGE] stage=i2s_ready internal_free=154419 largest_internal=59392 psram_free=2094528[0m
[0;32mI (934) Display: [DISP_MEM_PRE] before: int_free=154419 int_largest=59392 psram_free=2094528[0m
[0;33mW (944) Display: Internal SRAM (64800 B) exhausted; falling back to PSRAM[0m
[0;32mI (954) Display: [DISP_MEM] framebuffer=0x3c0a0a44 (size=64800, align=4, internal=0, dma=0, psram=1)[0m
[0;32mI (964) Display: [DISP_MEM] scratch=0x3fcda7d0 (size=9600, align=0, internal=1, dma=1)[0m
[0;32mI (964) Display: [DISP_MEM] before: int_free=154419 int_largest=59392 psram_free=2094528[0m
[0;32mI (974) Display: [DISP_MEM] after:  int_free=144815 int_largest=51200 psram_free=2029724[0m
[0;32mI (984) gpio: GPIO[39]| InputEn: 0| OutputEn: 1| OpenDrain: 0| Pullup: 0| Pulldown: 0| Intr:0 [0m
[0;32mI (994) gpio: GPIO[40]| InputEn: 0| OutputEn: 1| OpenDrain: 0| Pullup: 0| Pulldown: 0| Intr:0 [0m
[0;32mI (1004) gpio: GPIO[21]| InputEn: 0| OutputEn: 1| OpenDrain: 0| Pullup: 0| Pulldown: 0| Intr:0 [0m
[0;32mI (1234) gpio: GPIO[45]| InputEn: 0| OutputEn: 1| OpenDrain: 0| Pullup: 0| Pulldown: 0| Intr:0 [0m
[0;31mE (1244) lcd_panel.io.spi: panel_io_spi_tx_color(390): spi transmit (queue) color failed[0m
[0;31mE (1244) lcd_panel.st7789: panel_st7789_draw_bitmap(223): io tx color failed[0m
[0;32mI (1244) Display: ST7789 240x135 display initialized successfully (SPI 40MHz, GDMA callback armed)[0m
[0;32mI (1254) pocket_pan_main: [CANARY] PreparedNote canaries OK=1[0m
[0;32mI (1264) pocket_pan_main: [MEM_STAGE] stage=display_ready internal_free=109679 largest_internal=31744 psram_free=2029724[0m
[0;32mI (1274) BLE_INIT: BT controller compile version [ba3b3e3][0m
[0;32mI (1284) BLE_INIT: Bluetooth MAC: b4:3a:45:ae:6f:2a[0m
[0;32mI (1284) phy_init: phy_version 680,a6008b2,Jun  4 2024,16:41:10[0m
[0;32mI (1324) BleMidi: NimBLE BLE MIDI Central initialized and pinned to Core 1[0m
[0;32mI (1324) BleMidi: NimBLE Host task running on Core 1[0m
[0;32mI (1324) pocket_pan_main: [MEM_STAGE] stage=ble_ready internal_free=49395 largest_internal=31744 psram_free=2029724[0m
[0;32mI (1334) NimBLE: Failed to restore IRKs from store; status=8
[0m
[0;32mI (1344) pocket_pan_main: [M75_MEMORY] table_bytes=9640 cache_bytes=60552 synth_bytes=81632 internal_free=49347 largest_internal=31744[0m
[0;32mI (1344) NimBLE: GAP procedure initiated: discovery; [0m
[0;32mI (1364) pocket_pan_main: [UDU_CACHE] compact_bytes=5928 modal_models=9[0m
[0;32mI (1364) NimBLE: own_addr_type=0 filter_policy=0 passive=0 limited=0 filter_duplicates=1 [0m
[0;32mI (1374) pocket_pan_main: [CACHE_LAYOUT] packed=1 storage_bytes=60552 note_scratch_bytes=132[0m
[0;32mI (1384) NimBLE: duration=forever[0m
[0;32mI (1394) pocket_pan_main: [UDU_STATE] voice_bytes=124 fixed_reference=0[0m
[0;32mI (1394) NimBLE: 
[0m
[0;32mI (1404) pocket_pan_main: [MEM_STAGE] stage=ui_ready internal_free=44903 largest_internal=31744 psram_free=2029724[0m
[0;32mI (1404) BleMidi: Scanning for BLE MIDI devices...[0m
[0;32mI (1404) gpio: GPIO[0]| InputEn: 1| OutputEn: 0| OpenDrain: 0| Pullup: 1| Pulldown: 0| Intr:0 [0m
[0;32mI (1414) pocket_pan_main: Pocket Pan initialization complete. Realtime audio active.[0m
[0;32mI (1444) main_task: Returned from app_main()[0m
[0;31mE (1444) lcd_panel.io.spi: panel_io_spi_tx_color(390): spi transmit (queue) color failed[0m
[0;31mE (1454) lcd_panel.st7789: panel_st7789_draw_bitmap(223): io tx color failed[0m
[0;32mI (1454) BleMidi: BLE MIDI device found (59:FB:B6:B7:BF:0F); connecting[0m
[0;32mI (1474) NimBLE: GAP procedure initiated: connect; [0m
[0;32mI (1474) NimBLE: peer_addr_type=0 peer_addr=[0m
[0;32mI (1484) NimBLE: 59:fb:b6:b7:bf:0f[0m
[0;32mI (1484) NimBLE:  scan_itvl=16 scan_window=16 itvl_min=24 itvl_max=40 latency=0 supervision_timeout=256 min_ce_len=0 max_ce_len=0 own_addr_type=0[0m
[0;32mI (1494) NimBLE: 
[0m
[0;32mI (1564) BleMidi: BLE Connected! conn_handle=1[0m
[0;32mI (1564) NimBLE: GAP procedure initiated: [0m
[0;32mI (1564) NimBLE: connection parameter update; conn_handle=1 itvl_min=6 itvl_max=12 latency=0 supervision_timeout=200 min_ce_len=0 max_ce_len=0[0m
[0;32mI (1574) NimBLE: 
[0m
[0;32mI (1584) BleMidi: Requested connection params 7.5-15ms latency=0 timeout=2s rc=0[0m
[0;32mI (1584) NimBLE: GATT procedure initiated: discover all services
[0m
[0;32mI (1884) BleMidi: Found BLE MIDI Service! start_handle=112 end_handle=115[0m
[0;32mI (1884) NimBLE: GATT procedure initiated: discover all characteristics; [0m
[0;32mI (1884) NimBLE: start_handle=112 end_handle=115
[0m
[0;32mI (1984) BleMidi: Found BLE MIDI Characteristic! def_handle=113 val_handle=114 props=0x16[0m
[0;32mI (1984) NimBLE: GATT procedure initiated: discover all descriptors; [0m
[0;32mI (1984) NimBLE: chr_val_handle=114 end_handle=115
[0m
[0;32mI (2084) BleMidi: Discovered CCCD (0x2902) handle=115[0m
[0;32mI (2084) NimBLE: GATT procedure initiated: write; [0m
[0;32mI (2084) NimBLE: att_handle=115 len=2
[0m
[0;32mI (2134) BleMidi: Negotiated params interval=7.50ms latency=0 timeout=2000ms[0m
[0;32mI (2144) BleMidi: CCCD subscription successful; BLE MIDI ready[0m
[0;32mI (2144) NimBLE: GAP procedure initiated: [0m
[0;32mI (2144) NimBLE: connection parameter update; conn_handle=1 itvl_min=6 itvl_max=9 latency=0 supervision_timeout=100 min_ce_len=0 max_ce_len=0[0m
[0;32mI (2164) NimBLE: 
[0m
[0;32mI (2244) BleMidi: Negotiated params interval=11.25ms latency=0 timeout=1000ms[0m
[0;32mI (5824) pocket_pan_main: [AUDIO] model=PAN blocks=1838 avg_us=298 p99_us=0 max_us=676 cpu_load=11.2 deadline=0 timeout=0 tx_error=0 short=0[0m
[0;32mI (5824) pocket_pan_main: [MIDI] push=0 pop=0 drop=0 hwm=0 last=(n=62 v=0 t=78 hex=000000)[0m
[0;32mI (5834) pocket_pan_main: [BLE] state=8 interval_ms=11.25 latency=0 rssi=-59 reconnects=0 last_disconnect=0[0m
[0;32mI (5844) pocket_pan_main: [MEM] internal_free=82451 largest_internal=32768[0m
[0;32mI (5854) pocket_pan_main: [UIREDRAW] urgent=8 telemetry=16 skip=121[0m
[0;32mI (10834) pocket_pan_main: [AUDIO] model=PAN blocks=3718 avg_us=296 p99_us=450 max_us=676 cpu_load=11.1 deadline=0 timeout=0 tx_error=0 short=0[0m
[0;32mI (10834) pocket_pan_main: [MIDI] push=0 pop=0 drop=0 hwm=0 last=(n=62 v=0 t=78 hex=000000)[0m
[0;32mI (10844) pocket_pan_main: [BLE] state=8 interval_ms=11.25 latency=0 rssi=-58 reconnects=0 last_disconnect=0[0m
[0;32mI (10854) pocket_pan_main: [MEM] internal_free=82451 largest_internal=32768[0m
[0;32mI (10864) pocket_pan_main: [UIREDRAW] urgent=8 telemetry=34 skip=269[0m
[0;32mI (13094) forensics: [SAFETY] fixture=18 hard=0 sat=0 nonfinite=0 ble_lost=0[0m
[0;32mI (13094) forensics: [EVENT_ONLY] fixture=18 n=512 avg_us=14.69 max_us=121[0m
[0;32mI (13094) forensics: [FIXTURE_IO] model=UDU fixture=18 avg_us=295 p99_us=450 max_us=676 cpu_pct=11.06 deadline=0 timeouts=0 tx_errors=0 short_writes=0[0m
[0;32mI (13104) forensics: [CURVE] model=UDU fixture=18 voices=1 class=true_steady n=0 avg_us=0.00 p95_us=0 p99_us=0 p995_us=0 p999_us=0 max_us=0 deadline=0 bad_voices=0 ble_lost=0 hard=0 sat=0 bin_us=5 max_observed_voices=1[0m
[0;32mI (13124) forensics: [CALLBACK_CURVE] model=UDU fixture=18 voices=1 class=true_steady n=0 avg_us=0.00 p95_us=0 p99_us=0 p995_us=0 p999_us=0 max_us=0 deadline=0 overhead_avg_us=0.00[0m
[0;32mI (13144) forensics: [CURVE] model=UDU fixture=18 voices=1 class=attack_tail n=3583 avg_us=281.45 p95_us=305 p99_us=370 p995_us=390 p999_us=450 max_us=459 deadline=0 bad_voices=0 ble_lost=0 hard=0 sat=0 bin_us=5 max_observed_voices=1[0m
[0;32mI (13164) forensics: [HIST] fixture=18 class=attack_tail lower_us=275 n=3011[0m
[0;32mI (13174) forensics: [HIST] fixture=18 class=attack_tail lower_us=280 n=121[0m
[0;32mI (13184) forensics: [HIST] fixture=18 class=attack_tail lower_us=285 n=60[0m
[0;32mI (13194) forensics: [HIST] fixture=18 class=attack_tail lower_us=290 n=48[0m
[0;32mI (13194) forensics: [HIST] fixture=18 class=attack_tail lower_us=295 n=84[0m
[0;32mI (13204) forensics: [HIST] fixture=18 class=attack_tail lower_us=300 n=86[0m
[0;32mI (13214) forensics: [HIST] fixture=18 class=attack_tail lower_us=305 n=13[0m
[0;32mI (13224) forensics: [HIST] fixture=18 class=attack_tail lower_us=310 n=14[0m
[0;32mI (13224) forensics: [HIST] fixture=18 class=attack_tail lower_us=315 n=27[0m
[0;32mI (13234) forensics: [HIST] fixture=18 class=attack_tail lower_us=320 n=23[0m
[0;32mI (13244) forensics: [HIST] fixture=18 class=attack_tail lower_us=325 n=11[0m
[0;32mI (13254) forensics: [HIST] fixture=18 class=attack_tail lower_us=330 n=2[0m
[0;32mI (13254) forensics: [HIST] fixture=18 class=attack_tail lower_us=335 n=6[0m
[0;32mI (13264) forensics: [HIST] fixture=18 class=attack_tail lower_us=340 n=11[0m
[0;32mI (13274) forensics: [HIST] fixture=18 class=attack_tail lower_us=345 n=5[0m
[0;32mI (13284) forensics: [HIST] fixture=18 class=attack_tail lower_us=350 n=6[0m
[0;32mI (13284) forensics: [HIST] fixture=18 class=attack_tail lower_us=355 n=7[0m
[0;32mI (13294) forensics: [HIST] fixture=18 class=attack_tail lower_us=360 n=8[0m
[0;32mI (13304) forensics: [HIST] fixture=18 class=attack_tail lower_us=365 n=14[0m
[0;32mI (13314) forensics: [HIST] fixture=18 class=attack_tail lower_us=370 n=3[0m
[0;32mI (13314) forensics: [HIST] fixture=18 class=attack_tail lower_us=375 n=2[0m
[0;32mI (13324) forensics: [HIST] fixture=18 class=attack_tail lower_us=380 n=3[0m
[0;32mI (13334) forensics: [HIST] fixture=18 class=attack_tail lower_us=385 n=2[0m
[0;32mI (13344) forensics: [HIST] fixture=18 class=attack_tail lower_us=400 n=2[0m
[0;32mI (13344) forensics: [HIST] fixture=18 class=attack_tail lower_us=410 n=2[0m
[0;32mI (13354) forensics: [HIST] fixture=18 class=attack_tail lower_us=415 n=1[0m
[0;32mI (13364) forensics: [HIST] fixture=18 class=attack_tail lower_us=425 n=2[0m
[0;32mI (13374) forensics: [HIST] fixture=18 class=attack_tail lower_us=430 n=2[0m
[0;32mI (13374) forensics: [HIST] fixture=18 class=attack_tail lower_us=435 n=2[0m
[0;32mI (13384) forensics: [HIST] fixture=18 class=attack_tail lower_us=440 n=1[0m
[0;32mI (13394) forensics: [HIST] fixture=18 class=attack_tail lower_us=445 n=2[0m
[0;32mI (13404) forensics: [HIST] fixture=18 class=attack_tail lower_us=450 n=1[0m
[0;32mI (13404) forensics: [HIST] fixture=18 class=attack_tail lower_us=455 n=1[0m
[0;32mI (13414) forensics: [CALLBACK_CURVE] model=UDU fixture=18 voices=1 class=attack_tail n=3582 avg_us=296.77 p95_us=340 p99_us=460 p995_us=480 p999_us=570 max_us=676 deadline=0 overhead_avg_us=15.32[0m
[0;32mI (13434) forensics: [CALLBACK_HIST] fixture=18 class=attack_tail lower_us=280 n=1162[0m
[0;32mI (13444) forensics: [CALLBACK_HIST] fixture=18 class=attack_tail lower_us=285 n=1401[0m
[0;32mI (13454) forensics: [CALLBACK_HIST] fixture=18 class=attack_tail lower_us=290 n=177[0m
[0;32mI (13454) forensics: [CALLBACK_HIST] fixture=18 class=attack_tail lower_us=295 n=64[0m
[0;32mI (13464) forensics: [CALLBACK_HIST] fixture=18 class=attack_tail lower_us=300 n=42[0m
[0;32mI (13474) forensics: [CALLBACK_HIST] fixture=18 class=attack_tail lower_us=305 n=46[0m
[0;32mI (13484) forensics: [CALLBACK_HIST] fixture=18 class=attack_tail lower_us=310 n=60[0m
[0;32mI (13494) forensics: [CALLBACK_HIST] fixture=18 class=attack_tail lower_us=315 n=155[0m
[0;32mI (13504) forensics: [CALLBACK_HIST] fixture=18 class=attack_tail lower_us=320 n=149[0m
[0;32mI (13504) forensics: [CALLBACK_HIST] fixture=18 class=attack_tail lower_us=325 n=69[0m
[0;32mI (13514) forensics: [CALLBACK_HIST] fixture=18 class=attack_tail lower_us=330 n=45[0m
[0;32mI (13524) forensics: [CALLBACK_HIST] fixture=18 class=attack_tail lower_us=335 n=36[0m
[0;32mI (13534) forensics: [CALLBACK_HIST] fixture=18 class=attack_tail lower_us=340 n=36[0m
[0;32mI (13544) forensics: [CALLBACK_HIST] fixture=18 class=attack_tail lower_us=345 n=25[0m
[0;32mI (13554) forensics: [CALLBACK_HIST] fixture=18 class=attack_tail lower_us=350 n=18[0m
[0;32mI (13554) forensics: [CALLBACK_HIST] fixture=18 class=attack_tail lower_us=355 n=9[0m
[0;32mI (13564) forensics: [CALLBACK_HIST] fixture=18 class=attack_tail lower_us=360 n=6[0m
[0;32mI (13574) forensics: [CALLBACK_HIST] fixture=18 class=attack_tail lower_us=365 n=5[0m
[0;32mI (13584) forensics: [CALLBACK_HIST] fixture=18 class=attack_tail lower_us=370 n=3[0m
[0;32mI (13594) forensics: [CALLBACK_HIST] fixture=18 class=attack_tail lower_us=375 n=1[0m
[0;32mI (13604) forensics: [CALLBACK_HIST] fixture=18 class=attack_tail lower_us=380 n=1[0m
[0;32mI (13604) forensics: [CALLBACK_HIST] fixture=18 class=attack_tail lower_us=390 n=2[0m
[0;32mI (13614) forensics: [CALLBACK_HIST] fixture=18 class=attack_tail lower_us=395 n=4[0m
[0;32mI (13624) forensics: [CALLBACK_HIST] fixture=18 class=attack_tail lower_us=405 n=3[0m
[0;32mI (13634) forensics: [CALLBACK_HIST] fixture=18 class=attack_tail lower_us=410 n=2[0m
[0;32mI (13644) forensics: [CALLBACK_HIST] fixture=18 class=attack_tail lower_us=415 n=1[0m
[0;32mI (13644) forensics: [CALLBACK_HIST] fixture=18 class=attack_tail lower_us=425 n=2[0m
[0;32mI (13654) forensics: [CALLBACK_HIST] fixture=18 class=attack_tail lower_us=430 n=2[0m
[0;32mI (13664) forensics: [CALLBACK_HIST] fixture=18 class=attack_tail lower_us=435 n=2[0m
[0;32mI (13674) forensics: [CALLBACK_HIST] fixture=18 class=attack_tail lower_us=440 n=6[0m
[0;32mI (13684) forensics: [CALLBACK_HIST] fixture=18 class=attack_tail lower_us=445 n=8[0m
[0;32mI (13694) forensics: [CALLBACK_HIST] fixture=18 class=attack_tail lower_us=450 n=3[0m
[0;32mI (13694) forensics: [CALLBACK_HIST] fixture=18 class=attack_tail lower_us=455 n=9[0m
[0;32mI (13704) forensics: [CALLBACK_HIST] fixture=18 class=attack_tail lower_us=460 n=5[0m
[0;32mI (13714) forensics: [CALLBACK_HIST] fixture=18 class=attack_tail lower_us=465 n=3[0m
[0;32mI (13724) forensics: [CALLBACK_HIST] fixture=18 class=attack_tail lower_us=470 n=1[0m
[0;32mI (13734) forensics: [CALLBACK_HIST] fixture=18 class=attack_tail lower_us=475 n=4[0m
[0;32mI (13744) forensics: [CALLBACK_HIST] fixture=18 class=attack_tail lower_us=485 n=1[0m
[0;32mI (13744) forensics: [CALLBACK_HIST] fixture=18 class=attack_tail lower_us=495 n=2[0m
[0;32mI (13754) forensics: [CALLBACK_HIST] fixture=18 class=attack_tail lower_us=500 n=1[0m
[0;32mI (13764) forensics: [CALLBACK_HIST] fixture=18 class=attack_tail lower_us=505 n=2[0m
[0;32mI (13774) forensics: [CALLBACK_HIST] fixture=18 class=attack_tail lower_us=515 n=3[0m
[0;32mI (13784) forensics: [CALLBACK_HIST] fixture=18 class=attack_tail lower_us=525 n=1[0m
[0;32mI (13794) forensics: [CALLBACK_HIST] fixture=18 class=attack_tail lower_us=555 n=1[0m
[0;32mI (13794) forensics: [CALLBACK_HIST] fixture=18 class=attack_tail lower_us=565 n=1[0m
[0;32mI (13804) forensics: [CALLBACK_HIST] fixture=18 class=attack_tail lower_us=575 n=1[0m
[0;32mI (13814) forensics: [CALLBACK_HIST] fixture=18 class=attack_tail lower_us=585 n=1[0m
[0;32mI (13824) forensics: [CALLBACK_HIST] fixture=18 class=attack_tail lower_us=675 n=1[0m
[0;32mI (13834) forensics: [CURVE] model=UDU fixture=18 voices=1 class=event n=512 avg_us=298.60 p95_us=340 p99_us=400 p995_us=425 p999_us=470 max_us=465 deadline=0 bad_voices=0 ble_lost=0 hard=0 sat=0 bin_us=5 max_observed_voices=1[0m
[0;32mI (13854) forensics: [HIST] fixture=18 class=event lower_us=275 n=1[0m
[0;32mI (13854) forensics: [HIST] fixture=18 class=event lower_us=280 n=101[0m
[0;32mI (13864) forensics: [HIST] fixture=18 class=event lower_us=285 n=30[0m
[0;32mI (13874) forensics: [HIST] fixture=18 class=event lower_us=290 n=205[0m
[0;32mI (13884) forensics: [HIST] fixture=18 class=event lower_us=295 n=50[0m
[0;32mI (13884) forensics: [HIST] fixture=18 class=event lower_us=300 n=17[0m
[0;32mI (13894) forensics: [HIST] fixture=18 class=event lower_us=305 n=22[0m
[0;32mI (13904) forensics: [HIST] fixture=18 class=event lower_us=310 n=10[0m
[0;32mI (13904) forensics: [HIST] fixture=18 class=event lower_us=315 n=7[0m
[0;32mI (13914) forensics: [HIST] fixture=18 class=event lower_us=320 n=5[0m
[0;32mI (13924) forensics: [HIST] fixture=18 class=event lower_us=325 n=17[0m
[0;32mI (13924) forensics: [HIST] fixture=18 class=event lower_us=330 n=12[0m
[0;32mI (13934) forensics: [HIST] fixture=18 class=event lower_us=335 n=15[0m
[0;32mI (13944) forensics: [HIST] fixture=18 class=event lower_us=340 n=4[0m
[0;32mI (13954) forensics: [HIST] fixture=18 class=event lower_us=345 n=1[0m
[0;32mI (13954) forensics: [HIST] fixture=18 class=event lower_us=350 n=1[0m
[0;32mI (13964) forensics: [HIST] fixture=18 class=event lower_us=355 n=1[0m
[0;32mI (13974) forensics: [HIST] fixture=18 class=event lower_us=360 n=1[0m
[0;32mI (13974) forensics: [HIST] fixture=18 class=event lower_us=365 n=2[0m
[0;32mI (13984) forensics: [HIST] fixture=18 class=event lower_us=380 n=1[0m
[0;32mI (13994) forensics: [HIST] fixture=18 class=event lower_us=385 n=2[0m
[0;32mI (13994) forensics: [HIST] fixture=18 class=event lower_us=390 n=1[0m
[0;32mI (14004) forensics: [HIST] fixture=18 class=event lower_us=395 n=1[0m
[0;32mI (14014) forensics: [HIST] fixture=18 class=event lower_us=415 n=2[0m
[0;32mI (14014) forensics: [HIST] fixture=18 class=event lower_us=420 n=1[0m
[0;32mI (14024) forensics: [HIST] fixture=18 class=event lower_us=460 n=1[0m
[0;32mI (14034) forensics: [HIST] fixture=18 class=event lower_us=465 n=1[0m
[0;32mI (14044) forensics: [CALLBACK_CURVE] model=UDU fixture=18 voices=1 class=event n=512 avg_us=310.01 p95_us=350 p99_us=475 p995_us=520 p999_us=545 max_us=541 deadline=0 overhead_avg_us=11.41[0m
[0;32mI (14054) forensics: [CALLBACK_HIST] fixture=18 class=event lower_us=285 n=81[0m
[0;32mI (14064) forensics: [CALLBACK_HIST] fixture=18 class=event lower_us=290 n=24[0m
[0;32mI (14074) forensics: [CALLBACK_HIST] fixture=18 class=event lower_us=295 n=84[0m
[0;32mI (14084) forensics: [CALLBACK_HIST] fixture=18 class=event lower_us=300 n=156[0m
[0;32mI (14084) forensics: [CALLBACK_HIST] fixture=18 class=event lower_us=305 n=39[0m
[0;32mI (14094) forensics: [CALLBACK_HIST] fixture=18 class=event lower_us=310 n=12[0m
[0;32mI (14104) forensics: [CALLBACK_HIST] fixture=18 class=event lower_us=315 n=11[0m
[0;32mI (14114) forensics: [CALLBACK_HIST] fixture=18 class=event lower_us=320 n=6[0m
[0;32mI (14124) forensics: [CALLBACK_HIST] fixture=18 class=event lower_us=325 n=9[0m
[0;32mI (14124) forensics: [CALLBACK_HIST] fixture=18 class=event lower_us=330 n=17[0m
[0;32mI (14134) forensics: [CALLBACK_HIST] fixture=18 class=event lower_us=335 n=19[0m
[0;32mI (14144) forensics: [CALLBACK_HIST] fixture=18 class=event lower_us=340 n=16[0m
[0;32mI (14154) forensics: [CALLBACK_HIST] fixture=18 class=event lower_us=345 n=14[0m
[0;32mI (14154) forensics: [CALLBACK_HIST] fixture=18 class=event lower_us=350 n=7[0m
[0;32mI (14164) forensics: [CALLBACK_HIST] fixture=18 class=event lower_us=360 n=1[0m
[0;32mI (14174) forensics: [CALLBACK_HIST] fixture=18 class=event lower_us=365 n=2[0m
[0;32mI (14184) forensics: [CALLBACK_HIST] fixture=18 class=event lower_us=370 n=2[0m
[0;32mI (14194) forensics: [CALLBACK_HIST] fixture=18 class=event lower_us=395 n=1[0m
[0;32mI (14194) forensics: [CALLBACK_HIST] fixture=18 class=event lower_us=400 n=1[0m
[0;32mI (14204) forensics: [CALLBACK_HIST] fixture=18 class=event lower_us=405 n=1[0m
[0;32mI (14214) forensics: [CALLBACK_HIST] fixture=18 class=event lower_us=455 n=1[0m
[0;32mI (14224) forensics: [CALLBACK_HIST] fixture=18 class=event lower_us=465 n=1[0m
[0;32mI (14224) forensics: [CALLBACK_HIST] fixture=18 class=event lower_us=470 n=2[0m
[0;32mI (14234) forensics: [CALLBACK_HIST] fixture=18 class=event lower_us=485 n=1[0m
[0;32mI (14244) forensics: [CALLBACK_HIST] fixture=18 class=event lower_us=490 n=1[0m
[0;32mI (14254) forensics: [CALLBACK_HIST] fixture=18 class=event lower_us=515 n=1[0m
[0;32mI (14264) forensics: [CALLBACK_HIST] fixture=18 class=event lower_us=530 n=1[0m
[0;32mI (14264) forensics: [CALLBACK_HIST] fixture=18 class=event lower_us=540 n=1[0m
[0;32mI (14274) forensics: [CURVE] model=UDU fixture=18 voices=1 class=fixture_transition n=1 avg_us=569.16 p95_us=575 p99_us=575 p995_us=575 p999_us=575 max_us=570 deadline=0 bad_voices=0 ble_lost=0 hard=0 sat=0 bin_us=5 max_observed_voices=1[0m
[0;32mI (14294) forensics: [HIST] fixture=18 class=fixture_transition lower_us=570 n=1[0m
[0;32mI (14304) forensics: [CALLBACK_CURVE] model=UDU fixture=18 voices=1 class=fixture_transition n=1 avg_us=671.00 p95_us=675 p99_us=675 p995_us=675 p999_us=675 max_us=671 deadline=0 overhead_avg_us=101.84[0m
[0;32mI (14324) forensics: [CALLBACK_HIST] fixture=18 class=fixture_transition lower_us=670 n=1[0m
[0;32mI (14334) forensics: [FASTPATH] fixture=18 stable8=0 attack=0[0m
[0;32mI (14334) forensics: [OVERHEAD] fixture=18 blocks=4563 model_reset_avg_us=1.74 model_reset_max_us=26 queue_avg_us=1.96 queue_max_us=36 render_avg_us=258.71 telem_avg_us=4.71 telem_max_us=72 telem_publishes=570[0m
[0;32mI (15854) pocket_pan_main: [AUDIO] model=PAN blocks=5600 avg_us=274 p99_us=0 max_us=1003 cpu_load=10.3 deadline=0 timeout=0 tx_error=0 short=0[0m
[0;32mI (15854) pocket_pan_main: [MIDI] push=0 pop=0 drop=0 hwm=0 last=(n=62 v=0 t=78 hex=000000)[0m
[0;32mI (15864) pocket_pan_main: [BLE] state=8 interval_ms=11.25 latency=0 rssi=-58 reconnects=0 last_disconnect=0[0m
[0;32mI (15874) pocket_pan_main: [MEM] internal_free=82451 largest_internal=32768[0m
[0;32mI (15884) pocket_pan_main: [UIREDRAW] urgent=8 telemetry=50 skip=377[0m
[0;32mI (20874) pocket_pan_main: [AUDIO] model=PAN blocks=7482 avg_us=275 p99_us=425 max_us=1003 cpu_load=10.3 deadline=0 timeout=0 tx_error=0 short=0[0m
[0;32mI (20874) pocket_pan_main: [MIDI] push=0 pop=0 drop=0 hwm=0 last=(n=62 v=0 t=78 hex=000000)[0m
[0;32mI (20884) pocket_pan_main: [BLE] state=8 interval_ms=11.25 latency=0 rssi=-58 reconnects=0 last_disconnect=0[0m
[0;32mI (20894) pocket_pan_main: [MEM] internal_free=82451 largest_internal=32768[0m
[0;32mI (20904) pocket_pan_main: [UIREDRAW] urgent=8 telemetry=71 skip=522[0m
[0;32mI (24034) forensics: [SAFETY] fixture=19 hard=0 sat=0 nonfinite=0 ble_lost=0[0m
[0;32mI (24034) forensics: [EVENT_ONLY] fixture=19 n=22 avg_us=500.45 max_us=552[0m
[0;32mI (24034) forensics: [FIXTURE_IO] model=UDU fixture=19 avg_us=279 p99_us=425 max_us=1003 cpu_pct=10.46 deadline=0 timeouts=0 tx_errors=0 short_writes=0[0m
[0;32mI (24054) forensics: [CURVE] model=UDU fixture=19 voices=1 class=true_steady n=3765 avg_us=253.66 p95_us=285 p99_us=320 p995_us=335 p999_us=400 max_us=444 deadline=0 bad_voices=0 ble_lost=0 hard=0 sat=0 bin_us=5 max_observed_voices=1[0m
[0;32mI (24074) forensics: [HIST] fixture=19 class=true_steady lower_us=245 n=2796[0m
[0;32mI (24084) forensics: [HIST] fixture=19 class=true_steady lower_us=250 n=134[0m
[0;32mI (24094) forensics: [HIST] fixture=19 class=true_steady lower_us=255 n=54[0m
[0;32mI (24094) forensics: [HIST] fixture=19 class=true_steady lower_us=260 n=66[0m
[0;32mI (24104) forensics: [HIST] fixture=19 class=true_steady lower_us=265 n=124[0m
[0;32mI (24114) forensics: [HIST] fixture=19 class=true_steady lower_us=270 n=219[0m
[0;32mI (24124) forensics: [HIST] fixture=19 class=true_steady lower_us=275 n=144[0m
[0;32mI (24124) forensics: [HIST] fixture=19 class=true_steady lower_us=280 n=81[0m
[0;32mI (24134) forensics: [HIST] fixture=19 class=true_steady lower_us=285 n=46[0m
[0;32mI (24144) forensics: [HIST] fixture=19 class=true_steady lower_us=290 n=11[0m
[0;32mI (24154) forensics: [HIST] fixture=19 class=true_steady lower_us=295 n=11[0m
[0;32mI (24154) forensics: [HIST] fixture=19 class=true_steady lower_us=300 n=12[0m
[0;32mI (24164) forensics: [HIST] fixture=19 class=true_steady lower_us=305 n=8[0m
[0;32mI (24174) forensics: [HIST] fixture=19 class=true_steady lower_us=310 n=20[0m
[0;32mI (24184) forensics: [HIST] fixture=19 class=true_steady lower_us=315 n=10[0m
[0;32mI (24184) forensics: [HIST] fixture=19 class=true_steady lower_us=320 n=6[0m
[0;32mI (24194) forensics: [HIST] fixture=19 class=true_steady lower_us=325 n=2[0m
[0;32mI (24204) forensics: [HIST] fixture=19 class=true_steady lower_us=330 n=3[0m
[0;32mI (24214) forensics: [HIST] fixture=19 class=true_steady lower_us=335 n=1[0m
[0;32mI (24214) forensics: [HIST] fixture=19 class=true_steady lower_us=345 n=1[0m
[0;32mI (24224) forensics: [HIST] fixture=19 class=true_steady lower_us=355 n=2[0m
[0;32mI (24234) forensics: [HIST] fixture=19 class=true_steady lower_us=365 n=1[0m
[0;32mI (24244) forensics: [HIST] fixture=19 class=true_steady lower_us=370 n=1[0m
[0;32mI (24244) forensics: [HIST] fixture=19 class=true_steady lower_us=390 n=1[0m
[0;32mI (24254) forensics: [HIST] fixture=19 class=true_steady lower_us=395 n=8[0m
[0;32mI (24264) forensics: [HIST] fixture=19 class=true_steady lower_us=405 n=1[0m
[0;32mI (24274) forensics: [HIST] fixture=19 class=true_steady lower_us=415 n=1[0m
[0;32mI (24274) forensics: [HIST] fixture=19 class=true_steady lower_us=440 n=1[0m
[0;32mI (24284) forensics: [CALLBACK_CURVE] model=UDU fixture=19 voices=1 class=true_steady n=3764 avg_us=268.44 p95_us=315 p99_us=390 p995_us=415 p999_us=475 max_us=551 deadline=0 overhead_avg_us=14.79[0m
[0;32mI (24304) forensics: [CALLBACK_HIST] fixture=19 class=true_steady lower_us=255 n=2493[0m
[0;32mI (24314) forensics: [CALLBACK_HIST] fixture=19 class=true_steady lower_us=260 n=129[0m
[0;32mI (24324) forensics: [CALLBACK_HIST] fixture=19 class=true_steady lower_us=265 n=55[0m
[0;32mI (24324) forensics: [CALLBACK_HIST] fixture=19 class=true_steady lower_us=270 n=36[0m
[0;32mI (24334) forensics: [CALLBACK_HIST] fixture=19 class=true_steady lower_us=275 n=66[0m
[0;32mI (24344) forensics: [CALLBACK_HIST] fixture=19 class=true_steady lower_us=280 n=243[0m
[0;32mI (24354) forensics: [CALLBACK_HIST] fixture=19 class=true_steady lower_us=285 n=228[0m
[0;32mI (24364) forensics: [CALLBACK_HIST] fixture=19 class=true_steady lower_us=290 n=113[0m
[0;32mI (24374) forensics: [CALLBACK_HIST] fixture=19 class=true_steady lower_us=295 n=68[0m
[0;32mI (24374) forensics: [CALLBACK_HIST] fixture=19 class=true_steady lower_us=300 n=68[0m
[0;32mI (24384) forensics: [CALLBACK_HIST] fixture=19 class=true_steady lower_us=305 n=64[0m
[0;32mI (24394) forensics: [CALLBACK_HIST] fixture=19 class=true_steady lower_us=310 n=35[0m
[0;32mI (24404) forensics: [CALLBACK_HIST] fixture=19 class=true_steady lower_us=315 n=40[0m
[0;32mI (24414) forensics: [CALLBACK_HIST] fixture=19 class=true_steady lower_us=320 n=13[0m
[0;32mI (24424) forensics: [CALLBACK_HIST] fixture=19 class=true_steady lower_us=325 n=13[0m
[0;32mI (24424) forensics: [CALLBACK_HIST] fixture=19 class=true_steady lower_us=330 n=5[0m
[0;32mI (24434) forensics: [CALLBACK_HIST] fixture=19 class=true_steady lower_us=335 n=7[0m
[0;32mI (24444) forensics: [CALLBACK_HIST] fixture=19 class=true_steady lower_us=340 n=4[0m
[0;32mI (24454) forensics: [CALLBACK_HIST] fixture=19 class=true_steady lower_us=345 n=3[0m
[0;32mI (24464) forensics: [CALLBACK_HIST] fixture=19 class=true_steady lower_us=350 n=6[0m
[0;32mI (24474) forensics: [CALLBACK_HIST] fixture=19 class=true_steady lower_us=355 n=3[0m
[0;32mI (24474) forensics: [CALLBACK_HIST] fixture=19 class=true_steady lower_us=360 n=3[0m
[0;32mI (24484) forensics: [CALLBACK_HIST] fixture=19 class=true_steady lower_us=365 n=6[0m
[0;32mI (24494) forensics: [CALLBACK_HIST] fixture=19 class=true_steady lower_us=370 n=7[0m
[0;32mI (24504) forensics: [CALLBACK_HIST] fixture=19 class=true_steady lower_us=375 n=7[0m
[0;32mI (24514) forensics: [CALLBACK_HIST] fixture=19 class=true_steady lower_us=380 n=6[0m
[0;32mI (24524) forensics: [CALLBACK_HIST] fixture=19 class=true_steady lower_us=385 n=8[0m
[0;32mI (24524) forensics: [CALLBACK_HIST] fixture=19 class=true_steady lower_us=390 n=3[0m
[0;32mI (24534) forensics: [CALLBACK_HIST] fixture=19 class=true_steady lower_us=395 n=3[0m
[0;32mI (24544) forensics: [CALLBACK_HIST] fixture=19 class=true_steady lower_us=400 n=1[0m
[0;32mI (24554) forensics: [CALLBACK_HIST] fixture=19 class=true_steady lower_us=405 n=8[0m
[0;32mI (24564) forensics: [CALLBACK_HIST] fixture=19 class=true_steady lower_us=410 n=5[0m
[0;32mI (24564) forensics: [CALLBACK_HIST] fixture=19 class=true_steady lower_us=425 n=2[0m
[0;32mI (24574) forensics: [CALLBACK_HIST] fixture=19 class=true_steady lower_us=430 n=3[0m
[0;32mI (24584) forensics: [CALLBACK_HIST] fixture=19 class=true_steady lower_us=435 n=2[0m
[0;32mI (24594) forensics: [CALLBACK_HIST] fixture=19 class=true_steady lower_us=440 n=3[0m
[0;32mI (24604) forensics: [CALLBACK_HIST] fixture=19 class=true_steady lower_us=445 n=1[0m
[0;32mI (24614) forensics: [CALLBACK_HIST] fixture=19 class=true_steady lower_us=470 n=1[0m
[0;32mI (24614) forensics: [CALLBACK_HIST] fixture=19 class=true_steady lower_us=485 n=1[0m
[0;32mI (24624) forensics: [CALLBACK_HIST] fixture=19 class=true_steady lower_us=490 n=1[0m
[0;32mI (24634) forensics: [CALLBACK_HIST] fixture=19 class=true_steady lower_us=550 n=1[0m
[0;32mI (24644) forensics: [CURVE] model=UDU fixture=19 voices=1 class=attack_tail n=308 avg_us=286.73 p95_us=330 p99_us=350 p995_us=360 p999_us=365 max_us=362 deadline=0 bad_voices=0 ble_lost=0 hard=0 sat=0 bin_us=5 max_observed_voices=1[0m
[0;32mI (24664) forensics: [HIST] fixture=19 class=attack_tail lower_us=275 n=204[0m
[0;32mI (24674) forensics: [HIST] fixture=19 class=attack_tail lower_us=280 n=10[0m
[0;32mI (24684) forensics: [HIST] fixture=19 class=attack_tail lower_us=285 n=15[0m
[0;32mI (24684) forensics: [HIST] fixture=19 class=attack_tail lower_us=290 n=8[0m
[0;32mI (24694) forensics: [HIST] fixture=19 class=attack_tail lower_us=295 n=13[0m
[0;32mI (24704) forensics: [HIST] fixture=19 class=attack_tail lower_us=300 n=6[0m
[0;32mI (24714) forensics: [HIST] fixture=19 class=attack_tail lower_us=305 n=4[0m
[0;32mI (24714) forensics: [HIST] fixture=19 class=attack_tail lower_us=310 n=5[0m
[0;32mI (24724) forensics: [HIST] fixture=19 class=attack_tail lower_us=315 n=17[0m
[0;32mI (24734) forensics: [HIST] fixture=19 class=attack_tail lower_us=320 n=8[0m
[0;32mI (24744) forensics: [HIST] fixture=19 class=attack_tail lower_us=325 n=6[0m
[0;32mI (24744) forensics: [HIST] fixture=19 class=attack_tail lower_us=330 n=3[0m
[0;32mI (24754) forensics: [HIST] fixture=19 class=attack_tail lower_us=335 n=3[0m
[0;32mI (24764) forensics: [HIST] fixture=19 class=attack_tail lower_us=340 n=1[0m
[0;32mI (24774) forensics: [HIST] fixture=19 class=attack_tail lower_us=345 n=2[0m
[0;32mI (24774) forensics: [HIST] fixture=19 class=attack_tail lower_us=350 n=1[0m
[0;32mI (24784) forensics: [HIST] fixture=19 class=attack_tail lower_us=355 n=1[0m
[0;32mI (24794) forensics: [HIST] fixture=19 class=attack_tail lower_us=360 n=1[0m
[0;32mI (24804) forensics: [CALLBACK_CURVE] model=UDU fixture=19 voices=1 class=attack_tail n=309 avg_us=306.82 p95_us=365 p99_us=415 p995_us=445 p999_us=445 max_us=441 deadline=0 overhead_avg_us=20.09[0m
[0;32mI (24814) forensics: [CALLBACK_HIST] fixture=19 class=attack_tail lower_us=280 n=78[0m
[0;32mI (24824) forensics: [CALLBACK_HIST] fixture=19 class=attack_tail lower_us=285 n=92[0m
[0;32mI (24834) forensics: [CALLBACK_HIST] fixture=19 class=attack_tail lower_us=290 n=9[0m
[0;32mI (24844) forensics: [CALLBACK_HIST] fixture=19 class=attack_tail lower_us=295 n=6[0m
[0;32mI (24854) forensics: [CALLBACK_HIST] fixture=19 class=attack_tail lower_us=300 n=7[0m
[0;32mI (24854) forensics: [CALLBACK_HIST] fixture=19 class=attack_tail lower_us=305 n=3[0m
[0;32mI (24864) forensics: [CALLBACK_HIST] fixture=19 class=attack_tail lower_us=310 n=6[0m
[0;32mI (24874) forensics: [CALLBACK_HIST] fixture=19 class=attack_tail lower_us=315 n=7[0m
[0;32mI (24884) forensics: [CALLBACK_HIST] fixture=19 class=attack_tail lower_us=320 n=27[0m
[0;32mI (24894) forensics: [CALLBACK_HIST] fixture=19 class=attack_tail lower_us=325 n=7[0m
[0;32mI (24904) forensics: [CALLBACK_HIST] fixture=19 class=attack_tail lower_us=330 n=13[0m
[0;32mI (24904) forensics: [CALLBACK_HIST] fixture=19 class=attack_tail lower_us=335 n=5[0m
[0;32mI (24914) forensics: [CALLBACK_HIST] fixture=19 class=attack_tail lower_us=340 n=12[0m
[0;32mI (24924) forensics: [CALLBACK_HIST] fixture=19 class=attack_tail lower_us=345 n=10[0m
[0;32mI (24934) forensics: [CALLBACK_HIST] fixture=19 class=attack_tail lower_us=350 n=5[0m
[0;32mI (24944) forensics: [CALLBACK_HIST] fixture=19 class=attack_tail lower_us=355 n=2[0m
[0;32mI (24954) forensics: [CALLBACK_HIST] fixture=19 class=attack_tail lower_us=360 n=6[0m
[0;32mI (24954) forensics: [CALLBACK_HIST] fixture=19 class=attack_tail lower_us=370 n=2[0m
[0;32mI (24964) forensics: [CALLBACK_HIST] fixture=19 class=attack_tail lower_us=375 n=2[0m
[0;32mI (24974) forensics: [CALLBACK_HIST] fixture=19 class=attack_tail lower_us=380 n=1[0m
[0;32mI (24984) forensics: [CALLBACK_HIST] fixture=19 class=attack_tail lower_us=390 n=1[0m
[0;32mI (24994) forensics: [CALLBACK_HIST] fixture=19 class=attack_tail lower_us=395 n=2[0m
[0;32mI (25004) forensics: [CALLBACK_HIST] fixture=19 class=attack_tail lower_us=400 n=1[0m
[0;32mI (25004) forensics: [CALLBACK_HIST] fixture=19 class=attack_tail lower_us=410 n=2[0m
[0;32mI (25014) forensics: [CALLBACK_HIST] fixture=19 class=attack_tail lower_us=435 n=1[0m
[0;32mI (25024) forensics: [CALLBACK_HIST] fixture=19 class=attack_tail lower_us=440 n=2[0m
[0;32mI (25034) forensics: [CURVE] model=UDU fixture=19 voices=1 class=event n=22 avg_us=831.81 p95_us=910 p99_us=915 p995_us=915 p999_us=915 max_us=914 deadline=0 bad_voices=0 ble_lost=0 hard=0 sat=0 bin_us=5 max_observed_voices=1[0m
[0;32mI (25054) forensics: [HIST] fixture=19 class=event lower_us=785 n=1[0m
[0;32mI (25064) forensics: [HIST] fixture=19 class=event lower_us=790 n=1[0m
[0;32mI (25064) forensics: [HIST] fixture=19 class=event lower_us=800 n=4[0m
[0;32mI (25074) forensics: [HIST] fixture=19 class=event lower_us=805 n=1[0m
[0;32mI (25084) forensics: [HIST] fixture=19 class=event lower_us=810 n=1[0m
[0;32mI (25084) forensics: [HIST] fixture=19 class=event lower_us=820 n=1[0m
[0;32mI (25094) forensics: [HIST] fixture=19 class=event lower_us=825 n=1[0m
[0;32mI (25104) forensics: [HIST] fixture=19 class=event lower_us=830 n=3[0m
[0;32mI (25104) forensics: [HIST] fixture=19 class=event lower_us=835 n=2[0m
[0;32mI (25114) forensics: [HIST] fixture=19 class=event lower_us=840 n=2[0m
[0;32mI (25124) forensics: [HIST] fixture=19 class=event lower_us=845 n=1[0m
[0;32mI (25134) forensics: [HIST] fixture=19 class=event lower_us=865 n=1[0m
[0;32mI (25134) forensics: [HIST] fixture=19 class=event lower_us=870 n=1[0m
[0;32mI (25144) forensics: [HIST] fixture=19 class=event lower_us=905 n=1[0m
[0;32mI (25154) forensics: [HIST] fixture=19 class=event lower_us=910 n=1[0m
[0;32mI (25154) forensics: [CALLBACK_CURVE] model=UDU fixture=19 voices=1 class=event n=22 avg_us=882.32 p95_us=975 p99_us=1005 p995_us=1005 p999_us=1005 max_us=1003 deadline=0 overhead_avg_us=50.51[0m
[0;32mI (25174) forensics: [CALLBACK_HIST] fixture=19 class=event lower_us=835 n=1[0m
[0;32mI (25184) forensics: [CALLBACK_HIST] fixture=19 class=event lower_us=840 n=3[0m
[0;32mI (25194) forensics: [CALLBACK_HIST] fixture=19 class=event lower_us=845 n=1[0m
[0;32mI (25194) forensics: [CALLBACK_HIST] fixture=19 class=event lower_us=850 n=2[0m
[0;32mI (25204) forensics: [CALLBACK_HIST] fixture=19 class=event lower_us=855 n=2[0m
[0;32mI (25214) forensics: [CALLBACK_HIST] fixture=19 class=event lower_us=870 n=1[0m
[0;32mI (25224) forensics: [CALLBACK_HIST] fixture=19 class=event lower_us=875 n=3[0m
[0;32mI (25224) forensics: [CALLBACK_HIST] fixture=19 class=event lower_us=880 n=2[0m
[0;32mI (25234) forensics: [CALLBACK_HIST] fixture=19 class=event lower_us=885 n=1[0m
[0;32mI (25244) forensics: [CALLBACK_HIST] fixture=19 class=event lower_us=895 n=1[0m
[0;32mI (25254) forensics: [CALLBACK_HIST] fixture=19 class=event lower_us=905 n=1[0m
[0;32mI (25264) forensics: [CALLBACK_HIST] fixture=19 class=event lower_us=915 n=1[0m
[0;32mI (25264) forensics: [CALLBACK_HIST] fixture=19 class=event lower_us=930 n=1[0m
[0;32mI (25274) forensics: [CALLBACK_HIST] fixture=19 class=event lower_us=970 n=1[0m
[0;32mI (25284) forensics: [CALLBACK_HIST] fixture=19 class=event lower_us=1000 n=1[0m
[0;32mI (25294) forensics: [CURVE] model=UDU fixture=19 voices=1 class=fixture_transition n=1 avg_us=630.56 p95_us=635 p99_us=635 p995_us=635 p999_us=635 max_us=631 deadline=0 bad_voices=0 ble_lost=0 hard=0 sat=0 bin_us=5 max_observed_voices=1[0m
[0;32mI (25314) forensics: [HIST] fixture=19 class=fixture_transition lower_us=630 n=1[0m
[0;32mI (25324) forensics: [CALLBACK_CURVE] model=UDU fixture=19 voices=1 class=fixture_transition n=1 avg_us=731.00 p95_us=735 p99_us=735 p995_us=735 p999_us=735 max_us=731 deadline=0 overhead_avg_us=100.44[0m
[0;32mI (25344) forensics: [CALLBACK_HIST] fixture=19 class=fixture_transition lower_us=730 n=1[0m
[0;32mI (25344) forensics: [FASTPATH] fixture=19 stable8=0 attack=0[0m
[0;32mI (25354) forensics: [OVERHEAD] fixture=19 blocks=4096 model_reset_avg_us=1.72 model_reset_max_us=13 queue_avg_us=2.01 queue_max_us=24 render_avg_us=264.28 telem_avg_us=4.28 telem_max_us=91 telem_publishes=512[0m
[0;32mI (25884) pocket_pan_main: [AUDIO] model=PAN blocks=9360 avg_us=12 p99_us=400 max_us=1003 cpu_load=0.4 deadline=0 timeout=0 tx_error=0 short=0[0m
[0;32mI (25884) pocket_pan_main: [MIDI] push=0 pop=0 drop=0 hwm=0 last=(n=62 v=0 t=78 hex=000000)[0m
[0;32mI (25894) pocket_pan_main: [BLE] state=8 interval_ms=11.25 latency=0 rssi=-59 reconnects=0 last_disconnect=0[0m
[0;32mI (25904) pocket_pan_main: [MEM] internal_free=82451 largest_internal=32768[0m
[0;32mI (25914) pocket_pan_main: [UIREDRAW] urgent=8 telemetry=87 skip=627[0m
[0;32mI (30894) pocket_pan_main: [AUDIO] model=PAN blocks=11240 avg_us=10 p99_us=25 max_us=1003 cpu_load=0.4 deadline=0 timeout=0 tx_error=0 short=0[0m
[0;32mI (30894) pocket_pan_main: [MIDI] push=0 pop=0 drop=0 hwm=0 last=(n=62 v=0 t=78 hex=000000)[0m
[0;32mI (30904) pocket_pan_main: [BLE] state=8 interval_ms=11.25 latency=0 rssi=-58 reconnects=0 last_disconnect=0[0m
[0;32mI (30914) pocket_pan_main: [MEM] internal_free=82451 largest_internal=32768[0m
[0;32mI (30924) pocket_pan_main: [UIREDRAW] urgent=8 telemetry=98 skip=782[0m
