[0;32mI (124) esp_image: segment 1: paddr=00030dcc vaddr=3fca31ESP-ROM:esp32s3-20210327
Build:Mar 27 2021
rst:0x15 (USB_UART_CHIP_RESET),boot:0x8 (SPI_FAST_FLASH_BOOT)
Saved PC:0x4200a214
SPIWP:0xee
mode:DIO, clock div:1
load:0x3fce2810,len:0x178c
load:0x403c8700,len:0x4
load:0x403c8704,len:0xcb8
load:0x403cb700,len:0x2db0
entry 0x403c8914
[0;32mI (26) boot: ESP-IDF v5.3-dirty 2nd stage bootloader[0m
[0;32mI (27) boot: compile time Oct  1 2026 19:28:03[0m
[0;32mI (27) boot: Multicore bootloader[0m
[0;32mI (30) boot: chip revision: v0.2[0m
[0;32mI (34) boot.esp32s3: Boot SPI Speed : 80MHz[0m
[0;32mI (39) boot.esp32s3: SPI Mode       : DIO[0m
[0;32mI (43) boot.esp32s3: SPI Flash Size : 4MB[0m
[0;32mI (48) boot: Enabling RNG early entropy source...[0m
[0;32mI (54) boot: Partition Table:[0m
[0;32mI (57) boot: ## Label            Usage          Type ST Offset   Length[0m
[0;32mI (64) boot:  0 nvs              WiFi data        01 02 00009000 00006000[0m
[0;32mI (72) boot:  1 phy_init         RF data          01 01 0000f000 00001000[0m
[0;32mI (79) boot:  2 factory          factory app      00 00 00010000 00100000[0m
[0;32mI (87) boot: End of partition table[0m
[0;32mI (91) esp_image: segment 0: paddr=00010020 vaddr=3c070020 size=20da4h (134564) map[0m
[0;32mI (124) esp_image: segment 1: paddr=00030dcc vaddr=3fca3100 size=04500h ( 17664) load[0m
[0;32mI (128) esp_image: segment 2: paddr=000352d4 vaddr=40374000 size=0ad44h ( 44356) load[0m
[0;32mI (139) esp_image: segment 3: paddr=00040020 vaddr=42000020 size=66834h (419892) map[0m
[0;32mI (215) esp_image: segment 4: paddr=000a685c vaddr=4037ed44 size=142b4h ( 82612) load[0m
[0;32mI (246) boot: Loaded app from partition at offset 0x10000[0m
[0;32mI (246) boot: Disabling RNG early entropy source...[0m
[0;32mI (258) esp_psram: Found 2MB PSRAM device[0m
[0;32mI (258) esp_psram: Speed: 40MHz[0m
[0;32mI (258) cpu_start: Multicore app[0m
[0;32mI (678) esp_psram: SPI SRAM memory test OK[0m
[0;32mI (687) cpu_start: Pro cpu start user code[0m
[0;32mI (687) cpu_start: cpu freq: 240000000 Hz[0m
[0;32mI (687) app_init: Application information:[0m
[0;32mI (690) app_init: Project name:     pocket_pan[0m
[0;32mI (695) app_init: App version:      b6454c6-dirty[0m
[0;32mI (701) app_init: Compile time:     Oct  1 2026 19:24:02[0m
[0;32mI (707) app_init: ELF file SHA256:  60e86a117...[0m
[0;32mI (712) app_init: ESP-IDF:          v5.3-dirty[0m
[0;32mI (717) efuse_init: Min chip rev:     v0.0[0m
[0;32mI (722) efuse_init: Max chip rev:     v0.99 [0m
[0;32mI (727) efuse_init: Chip rev:         v0.2[0m
[0;32mI (732) heap_init: Initializing. RAM available for dynamic allocation:[0m
[0;32mI (739) heap_init: At 3FCCE208 len 0001B508 (109 KiB): RAM[0m
[0;32mI (745) heap_init: At 3FCE9710 len 00005724 (21 KiB): RAM[0m
[0;32mI (751) heap_init: At 3FCF0000 len 00008000 (32 KiB): DRAM[0m
[0;32mI (757) heap_init: At 600FE100 len 00001EE8 (7 KiB): RTCRAM[0m
[0;32mI (764) esp_psram: Adding pool of 2048K of PSRAM memory to heap allocator[0m
[0;32mI (772) spi_flash: detected chip: generic[0m
[0;32mI (775) spi_flash: flash io: dio[0m
[0;32mI (780) sleep: Configure to isolate all GPIO pins in sleep state[0m
[0;32mI (786) sleep: Enable automatic switching of GPIO sleep configuration[0m
[0;32mI (793) coexist: coex firmware version: dab85ae96[0m
[0;32mI (799) coexist: coexist rom version e7ae62f[0m
[0;32mI (804) main_task: Started on CPU0[0m
[0;32mI (814) esp_psram: Reserving pool of 32K of internal memory for DMA/internal allocations[0m
[0;32mI (814) main_task: Calling app_main()[0m
[0;32mI (824) pocket_pan_main: [MEM_STAGE] stage=entry internal_free=148403 largest_internal=53248 psram_free=2094528[0m
[0;32mI (834) pocket_pan_main: ===============================================[0m
[0;32mI (844) pocket_pan_main:   Pocket Pan / Metal Modal Synthesizer v1.0.0[0m
[0;32mI (844) pocket_pan_main:   Hardware: TENSTAR TS-ESP32-S3 (Feather TFT)[0m
[0;32mI (854) pocket_pan_main: ===============================================[0m
[0;32mI (864) pocket_pan_main: [FORENSICS] candidate=25 profile=0 cpu_mhz=240 optimization_perf=1 process6=1 fine_bins=5 critical_only=0[0m
[0;32mI (894) pocket_pan_main: [MEM_STAGE] stage=dsp_ready internal_free=148403 largest_internal=53248 psram_free=2094528[0m
[0;32mI (894) gpio: GPIO[10]| InputEn: 0| OutputEn: 1| OpenDrain: 0| Pullup: 0| Pulldown: 1| Intr:0 [0m
[0;32mI (904) AudioI2S: I2S TX initialized (48kHz, 32-bit slot, stereo, 6x128 frames DMA = 1024 bytes/buf)[0m
[0;32mI (914) AudioI2S: Audio task started on Core 0 at priority 12[0m
[0;32mI (924) pocket_pan_main: [MEM_STAGE] stage=i2s_ready internal_free=133671 largest_internal=38912 psram_free=2094528[0m
[0;32mI (934) Display: [DISP_MEM_PRE] before: int_free=133671 int_largest=38912 psram_free=2094528[0m
[0;33mW (944) Display: Internal SRAM (64800 B) exhausted; falling back to PSRAM[0m
[0;32mI (954) Display: [DISP_MEM] framebuffer=0x3c0a0a44 (size=64800, align=4, internal=0, dma=0, psram=1)[0m
[0;32mI (964) Display: [DISP_MEM] scratch=0x3fcdf8dc (size=9600, align=12, internal=1, dma=1)[0m
[0;32mI (964) Display: [DISP_MEM] before: int_free=133671 int_largest=38912 psram_free=2094528[0m
[0;32mI (974) Display: [DISP_MEM] after:  int_free=124067 int_largest=31744 psram_free=2029724[0m
[0;32mI (984) gpio: GPIO[39]| InputEn: 0| OutputEn: 1| OpenDrain: 0| Pullup: 0| Pulldown: 0| Intr:0 [0m
[0;32mI (994) gpio: GPIO[40]| InputEn: 0| OutputEn: 1| OpenDrain: 0| Pullup: 0| Pulldown: 0| Intr:0 [0m
[0;32mI (1004) gpio: GPIO[21]| InputEn: 0| OutputEn: 1| OpenDrain: 0| Pullup: 0| Pulldown: 0| Intr:0 [0m
[0;32mI (1234) gpio: GPIO[45]| InputEn: 0| OutputEn: 1| OpenDrain: 0| Pullup: 0| Pulldown: 0| Intr:0 [0m
[0;31mE (1234) lcd_panel.io.spi: panel_io_spi_tx_color(390): spi transmit (queue) color failed[0m
[0;31mE (1234) lcd_panel.st7789: panel_st7789_draw_bitmap(223): io tx color failed[0m
[0;32mI (1244) Display: ST7789 240x135 display initialized successfully (SPI 40MHz, GDMA callback armed)[0m
[0;32mI (1254) pocket_pan_main: [CANARY] PreparedNote canaries OK=1[0m
[0;32mI (1264) pocket_pan_main: [MEM_STAGE] stage=display_ready internal_free=121703 largest_internal=31744 psram_free=2029724[0m
[0;32mI (1274) BLE_INIT: BT controller compile version [ba3b3e3][0m
[0;32mI (1284) BLE_INIT: Bluetooth MAC: b4:3a:45:ae:6f:2a[0m
[0;32mI (1284) phy_init: phy_version 680,a6008b2,Jun  4 2024,16:41:10[0m
[0;32mI (1324) BleMidi: NimBLE Host task running on Core 1[0m
[0;32mI (1324) BleMidi: NimBLE BLE MIDI Central initialized and pinned to Core 1[0m
[0;32mI (1324) pocket_pan_main: [MEM_STAGE] stage=ble_ready internal_free=61375 largest_internal=31744 psram_free=2029724[0m
[0;32mI (1334) NimBLE: Failed to restore IRKs from store; status=8
[0m
[0;32mI (1344) pocket_pan_main: [M75_MEMORY] table_bytes=9640 cache_bytes=60552 synth_bytes=81632 internal_free=61375 largest_internal=31744[0m
[0;32mI (1344) NimBLE: GAP procedure initiated: discovery; [0m
[0;32mI (1354) pocket_pan_main: [UDU_CACHE] compact_bytes=5928 modal_models=9[0m
[0;32mI (1364) NimBLE: own_addr_type=0 filter_policy=0 passive=0 limited=0 filter_duplicates=1 [0m
[0;32mI (1374) pocket_pan_main: [CACHE_LAYOUT] packed=1 storage_bytes=60552 note_scratch_bytes=132[0m
[0;32mI (1384) NimBLE: duration=forever[0m
[0;32mI (1394) pocket_pan_main: [UDU_STATE] voice_bytes=124 fixed_reference=0[0m
[0;32mI (1394) NimBLE: 
[0m
[0;32mI (1404) pocket_pan_main: [MEM_STAGE] stage=ui_ready internal_free=56931 largest_internal=31744 psram_free=2029724[0m
[0;32mI (1404) BleMidi: Scanning for BLE MIDI devices...[0m
[0;32mI (1404) gpio: GPIO[0]| InputEn: 1| OutputEn: 0| OpenDrain: 0| Pullup: 1| Pulldown: 0| Intr:0 [0m
[0;32mI (1414) pocket_pan_main: Pocket Pan initialization complete. Realtime audio active.[0m
[0;32mI (1434) main_task: Returned from app_main()[0m
[0;31mE (1444) lcd_panel.io.spi: panel_io_spi_tx_color(390): spi transmit (queue) color failed[0m
[0;31mE (1454) lcd_panel.st7789: panel_st7789_draw_bitmap(223): io tx color failed[0m
[0;32mI (1454) BleMidi: BLE MIDI device found (59:FB:B6:B7:BF:0F); connecting[0m
[0;32mI (1464) NimBLE: GAP procedure initiated: connect; [0m
[0;32mI (1474) NimBLE: peer_addr_type=0 peer_addr=[0m
[0;32mI (1474) NimBLE: 59:fb:b6:b7:bf:0f[0m
[0;32mI (1484) NimBLE:  scan_itvl=16 scan_window=16 itvl_min=24 itvl_max=40 latency=0 supervision_timeout=256 min_ce_len=0 max_ce_len=0 own_addr_type=0[0m
[0;32mI (1494) NimBLE: 
[0m
[0;31mE (1504) lcd_panel.io.spi: panel_io_spi_tx_color(390): spi transmit (queue) color failed[0m
[0;31mE (1504) lcd_panel.st7789: panel_st7789_draw_bitmap(223): io tx color failed[0m
[0;31mE (1544) lcd_panel.io.spi: panel_io_spi_tx_color(390): spi transmit (queue) color failed[0m
[0;31mE (1544) lcd_panel.st7789: panel_st7789_draw_bitmap(223): io tx color failed[0m
[0;32mI (1564) BleMidi: BLE Connected! conn_handle=1[0m
[0;32mI (1564) NimBLE: GAP procedure initiated: [0m
[0;32mI (1564) NimBLE: connection parameter update; conn_handle=1 itvl_min=6 itvl_max=12 latency=0 supervision_timeout=200 min_ce_len=0 max_ce_len=0[0m
[0;32mI (1574) NimBLE: 
[0m
[0;32mI (1574) BleMidi: Requested connection params 7.5-15ms latency=0 timeout=2s rc=0[0m
[0;32mI (1584) NimBLE: GATT procedure initiated: discover all services
[0m
[0;32mI (1884) BleMidi: Negotiated params interval=50.00ms latency=0 timeout=2560ms[0m
[0;32mI (1884) NimBLE: Reattempt connection; reason = 0x3e, status = 0,reattempt count = 0 [0m
[0;31mE (1884) BleMidi: MIDI service discovery failed; disconnecting for recovery[0m
[0;32mI (1894) NimBLE: GAP procedure initiated: terminate connection; conn_handle=1 hci_reason=19
[0m
[0;32mI (1904) NimBLE: GAP procedure initiated: connect; [0m
[0;32mI (1904) NimBLE: peer_addr_type=0 peer_addr=[0m
[0;32mI (1914) NimBLE: 59:fb:b6:b7:bf:0f[0m
[0;32mI (1914) NimBLE:  scan_itvl=16 scan_window=16 itvl_min=24 itvl_max=40 latency=0 supervision_timeout=256 min_ce_len=0 max_ce_len=0 own_addr_type=0[0m
[0;32mI (1934) NimBLE: 
[0m
[0;32mI (2004) BleMidi: BLE Connected! conn_handle=1[0m
[0;32mI (2004) NimBLE: GAP procedure initiated: [0m
[0;32mI (2004) NimBLE: connection parameter update; conn_handle=1 itvl_min=6 itvl_max=12 latency=0 supervision_timeout=200 min_ce_len=0 max_ce_len=0[0m
[0;32mI (2014) NimBLE: 
[0m
[0;32mI (2014) BleMidi: Requested connection params 7.5-15ms latency=0 timeout=2s rc=0[0m
[0;32mI (2024) NimBLE: GATT procedure initiated: discover all services
[0m
[0;31mE (2034) lcd_panel.io.spi: panel_io_spi_tx_color(390): spi transmit (queue) color failed[0m
[0;31mE (2044) lcd_panel.st7789: panel_st7789_draw_bitmap(223): io tx color failed[0m
[0;32mI (2334) BleMidi: Found BLE MIDI Service! start_handle=112 end_handle=115[0m
[0;32mI (2334) NimBLE: GATT procedure initiated: discover all characteristics; [0m
[0;32mI (2334) NimBLE: start_handle=112 end_handle=115
[0m
[0;32mI (2484) BleMidi: Found BLE MIDI Characteristic! def_handle=113 val_handle=114 props=0x16[0m
[0;32mI (2484) NimBLE: GATT procedure initiated: discover all descriptors; [0m
[0;32mI (2484) NimBLE: chr_val_handle=114 end_handle=115
[0m
[0;32mI (2574) BleMidi: Negotiated params interval=7.50ms latency=0 timeout=2000ms[0m
[0;32mI (2584) BleMidi: Discovered CCCD (0x2902) handle=115[0m
[0;32mI (2584) NimBLE: GATT procedure initiated: write; [0m
[0;32mI (2584) NimBLE: att_handle=115 len=2
[0m
[0;32mI (2604) BleMidi: CCCD subscription successful; BLE MIDI ready[0m
[0;32mI (2604) NimBLE: GAP procedure initiated: [0m
[0;32mI (2604) NimBLE: connection parameter update; conn_handle=1 itvl_min=6 itvl_max=9 latency=0 supervision_timeout=100 min_ce_len=0 max_ce_len=0[0m
[0;32mI (2614) NimBLE: 
[0m
[0;32mI (2704) BleMidi: Negotiated params interval=11.25ms latency=0 timeout=1000ms[0m
[0;32mI (5804) pocket_pan_main: [AUDIO] model=PAN blocks=1831 avg_us=311 p99_us=0 max_us=1187 cpu_load=11.7 deadline=0 timeout=0 tx_error=0 short=0[0m
[0;32mI (5804) pocket_pan_main: [MIDI] push=1 pop=1 drop=0 hwm=1 last=(n=50 v=75 t=78 hex=90324B)[0m
[0;32mI (5814) pocket_pan_main: [BLE] state=8 interval_ms=11.25 latency=0 rssi=-58 reconnects=0 last_disconnect=0[0m
[0;32mI (5824) pocket_pan_main: [MEM] internal_free=61707 largest_internal=31744[0m
[0;32mI (5834) pocket_pan_main: [UIREDRAW] urgent=10 telemetry=17 skip=114[0m
[0;32mI (10824) pocket_pan_main: [AUDIO] model=PAN blocks=3713 avg_us=311 p99_us=450 max_us=1187 cpu_load=11.7 deadline=0 timeout=0 tx_error=0 short=0[0m
[0;32mI (10824) pocket_pan_main: [MIDI] push=1 pop=1 drop=0 hwm=1 last=(n=50 v=75 t=78 hex=90324B)[0m
[0;32mI (10834) pocket_pan_main: [BLE] state=8 interval_ms=11.25 latency=0 rssi=-59 reconnects=0 last_disconnect=0[0m
[0;32mI (10844) pocket_pan_main: [MEM] internal_free=61707 largest_internal=31744[0m
[0;32mI (10854) pocket_pan_main: [UIREDRAW] urgent=10 telemetry=41 skip=256[0m
[0;32mI (13554) forensics: [SAFETY] fixture=5 hard=0 sat=0 nonfinite=0 ble_lost=0[0m
[0;32mI (13554) forensics: [EVENT_ONLY] fixture=5 n=22 avg_us=240.82 max_us=251[0m
[0;32mI (13554) forensics: [FIXTURE_IO] model=VIBRAPHONE fixture=5 avg_us=318 p99_us=450 max_us=1187 cpu_pct=11.92 deadline=0 timeouts=0 tx_errors=0 short_writes=0[0m
[0;32mI (13574) forensics: [CURVE] model=VIBRAPHONE fixture=5 voices=1 class=true_steady n=4051 avg_us=297.17 p95_us=310 p99_us=345 p995_us=350 p999_us=360 max_us=411 deadline=0 bad_voices=0 ble_lost=0 hard=0 sat=0 bin_us=5 max_observed_voices=1[0m
[0;32mI (13594) forensics: [HIST] fixture=5 class=true_steady lower_us=295 n=3592[0m
[0;32mI (13604) forensics: [HIST] fixture=5 class=true_steady lower_us=300 n=127[0m
[0;32mI (13614) forensics: [HIST] fixture=5 class=true_steady lower_us=305 n=204[0m
[0;32mI (13614) forensics: [HIST] fixture=5 class=true_steady lower_us=310 n=39[0m
[0;32mI (13624) forensics: [HIST] fixture=5 class=true_steady lower_us=315 n=13[0m
[0;32mI (13634) forensics: [HIST] fixture=5 class=true_steady lower_us=320 n=7[0m
[0;32mI (13644) forensics: [HIST] fixture=5 class=true_steady lower_us=325 n=3[0m
[0;32mI (13644) forensics: [HIST] fixture=5 class=true_steady lower_us=330 n=7[0m
[0;32mI (13654) forensics: [HIST] fixture=5 class=true_steady lower_us=335 n=11[0m
[0;32mI (13664) forensics: [HIST] fixture=5 class=true_steady lower_us=340 n=11[0m
[0;32mI (13674) forensics: [HIST] fixture=5 class=true_steady lower_us=345 n=19[0m
[0;32mI (13674) forensics: [HIST] fixture=5 class=true_steady lower_us=350 n=8[0m
[0;32mI (13684) forensics: [HIST] fixture=5 class=true_steady lower_us=355 n=7[0m
[0;32mI (13694) forensics: [HIST] fixture=5 class=true_steady lower_us=365 n=1[0m
[0;32mI (13704) forensics: [HIST] fixture=5 class=true_steady lower_us=375 n=1[0m
[0;32mI (13704) forensics: [HIST] fixture=5 class=true_steady lower_us=410 n=1[0m
[0;32mI (13714) forensics: [CALLBACK_CURVE] model=VIBRAPHONE fixture=5 voices=1 class=true_steady n=4050 avg_us=312.21 p95_us=350 p99_us=425 p995_us=440 p999_us=495 max_us=534 deadline=0 overhead_avg_us=15.04[0m
[0;32mI (13734) forensics: [CALLBACK_HIST] fixture=5 class=true_steady lower_us=300 n=2781[0m
[0;32mI (13744) forensics: [CALLBACK_HIST] fixture=5 class=true_steady lower_us=305 n=338[0m
[0;32mI (13754) forensics: [CALLBACK_HIST] fixture=5 class=true_steady lower_us=310 n=113[0m
[0;32mI (13754) forensics: [CALLBACK_HIST] fixture=5 class=true_steady lower_us=315 n=79[0m
[0;32mI (13764) forensics: [CALLBACK_HIST] fixture=5 class=true_steady lower_us=320 n=81[0m
[0;32mI (13774) forensics: [CALLBACK_HIST] fixture=5 class=true_steady lower_us=325 n=106[0m
[0;32mI (13784) forensics: [CALLBACK_HIST] fixture=5 class=true_steady lower_us=330 n=133[0m
[0;32mI (13794) forensics: [CALLBACK_HIST] fixture=5 class=true_steady lower_us=335 n=148[0m
[0;32mI (13804) forensics: [CALLBACK_HIST] fixture=5 class=true_steady lower_us=340 n=47[0m
[0;32mI (13804) forensics: [CALLBACK_HIST] fixture=5 class=true_steady lower_us=345 n=38[0m
[0;32mI (13814) forensics: [CALLBACK_HIST] fixture=5 class=true_steady lower_us=350 n=39[0m
[0;32mI (13824) forensics: [CALLBACK_HIST] fixture=5 class=true_steady lower_us=355 n=29[0m
[0;32mI (13834) forensics: [CALLBACK_HIST] fixture=5 class=true_steady lower_us=360 n=20[0m
[0;32mI (13844) forensics: [CALLBACK_HIST] fixture=5 class=true_steady lower_us=365 n=14[0m
[0;32mI (13854) forensics: [CALLBACK_HIST] fixture=5 class=true_steady lower_us=370 n=4[0m
[0;32mI (13854) forensics: [CALLBACK_HIST] fixture=5 class=true_steady lower_us=375 n=3[0m
[0;32mI (13864) forensics: [CALLBACK_HIST] fixture=5 class=true_steady lower_us=380 n=4[0m
[0;32mI (13874) forensics: [CALLBACK_HIST] fixture=5 class=true_steady lower_us=385 n=3[0m
[0;32mI (13884) forensics: [CALLBACK_HIST] fixture=5 class=true_steady lower_us=390 n=3[0m
[0;32mI (13894) forensics: [CALLBACK_HIST] fixture=5 class=true_steady lower_us=395 n=5[0m
[0;32mI (13894) forensics: [CALLBACK_HIST] fixture=5 class=true_steady lower_us=400 n=1[0m
[0;32mI (13904) forensics: [CALLBACK_HIST] fixture=5 class=true_steady lower_us=405 n=8[0m
[0;32mI (13914) forensics: [CALLBACK_HIST] fixture=5 class=true_steady lower_us=410 n=6[0m
[0;32mI (13924) forensics: [CALLBACK_HIST] fixture=5 class=true_steady lower_us=415 n=4[0m
[0;32mI (13934) forensics: [CALLBACK_HIST] fixture=5 class=true_steady lower_us=420 n=8[0m
[0;32mI (13934) forensics: [CALLBACK_HIST] fixture=5 class=true_steady lower_us=425 n=6[0m
[0;32mI (13944) forensics: [CALLBACK_HIST] fixture=5 class=true_steady lower_us=430 n=4[0m
[0;32mI (13954) forensics: [CALLBACK_HIST] fixture=5 class=true_steady lower_us=435 n=5[0m
[0;32mI (13964) forensics: [CALLBACK_HIST] fixture=5 class=true_steady lower_us=440 n=2[0m
[0;32mI (13974) forensics: [CALLBACK_HIST] fixture=5 class=true_steady lower_us=450 n=3[0m
[0;32mI (13984) forensics: [CALLBACK_HIST] fixture=5 class=true_steady lower_us=455 n=1[0m
[0;32mI (13984) forensics: [CALLBACK_HIST] fixture=5 class=true_steady lower_us=460 n=3[0m
[0;32mI (13994) forensics: [CALLBACK_HIST] fixture=5 class=true_steady lower_us=465 n=1[0m
[0;32mI (14004) forensics: [CALLBACK_HIST] fixture=5 class=true_steady lower_us=470 n=1[0m
[0;32mI (14014) forensics: [CALLBACK_HIST] fixture=5 class=true_steady lower_us=475 n=1[0m
[0;32mI (14024) forensics: [CALLBACK_HIST] fixture=5 class=true_steady lower_us=480 n=1[0m
[0;32mI (14024) forensics: [CALLBACK_HIST] fixture=5 class=true_steady lower_us=485 n=2[0m
[0;32mI (14034) forensics: [CALLBACK_HIST] fixture=5 class=true_steady lower_us=490 n=1[0m
[0;32mI (14044) forensics: [CALLBACK_HIST] fixture=5 class=true_steady lower_us=505 n=1[0m
[0;32mI (14054) forensics: [CALLBACK_HIST] fixture=5 class=true_steady lower_us=510 n=2[0m
[0;32mI (14064) forensics: [CALLBACK_HIST] fixture=5 class=true_steady lower_us=530 n=1[0m
[0;32mI (14074) forensics: [CURVE] model=VIBRAPHONE fixture=5 voices=1 class=attack_tail n=22 avg_us=370.35 p95_us=395 p99_us=400 p995_us=400 p999_us=400 max_us=398 deadline=0 bad_voices=0 ble_lost=0 hard=0 sat=0 bin_us=5 max_observed_voices=1[0m
[0;32mI (14094) forensics: [HIST] fixture=5 class=attack_tail lower_us=355 n=2[0m
[0;32mI (14094) forensics: [HIST] fixture=5 class=attack_tail lower_us=360 n=3[0m
[0;32mI (14104) forensics: [HIST] fixture=5 class=attack_tail lower_us=365 n=7[0m
[0;32mI (14114) forensics: [HIST] fixture=5 class=attack_tail lower_us=370 n=4[0m
[0;32mI (14124) forensics: [HIST] fixture=5 class=attack_tail lower_us=375 n=3[0m
[0;32mI (14124) forensics: [HIST] fixture=5 class=attack_tail lower_us=380 n=1[0m
[0;32mI (14134) forensics: [HIST] fixture=5 class=attack_tail lower_us=390 n=1[0m
[0;32mI (14144) forensics: [HIST] fixture=5 class=attack_tail lower_us=395 n=1[0m
[0;32mI (14154) forensics: [CALLBACK_CURVE] model=VIBRAPHONE fixture=5 voices=1 class=attack_tail n=22 avg_us=405.18 p95_us=465 p99_us=465 p995_us=465 p999_us=465 max_us=463 deadline=0 overhead_avg_us=34.83[0m
[0;32mI (14164) forensics: [CALLBACK_HIST] fixture=5 class=attack_tail lower_us=375 n=1[0m
[0;32mI (14174) forensics: [CALLBACK_HIST] fixture=5 class=attack_tail lower_us=380 n=2[0m
[0;32mI (14184) forensics: [CALLBACK_HIST] fixture=5 class=attack_tail lower_us=390 n=4[0m
[0;32mI (14194) forensics: [CALLBACK_HIST] fixture=5 class=attack_tail lower_us=395 n=4[0m
[0;32mI (14204) forensics: [CALLBACK_HIST] fixture=5 class=attack_tail lower_us=400 n=5[0m
[0;32mI (14214) forensics: [CALLBACK_HIST] fixture=5 class=attack_tail lower_us=405 n=2[0m
[0;32mI (14214) forensics: [CALLBACK_HIST] fixture=5 class=attack_tail lower_us=415 n=1[0m
[0;32mI (14224) forensics: [CALLBACK_HIST] fixture=5 class=attack_tail lower_us=445 n=1[0m
[0;32mI (14234) forensics: [CALLBACK_HIST] fixture=5 class=attack_tail lower_us=460 n=2[0m
[0;32mI (14244) forensics: [CURVE] model=VIBRAPHONE fixture=5 voices=1 class=event n=22 avg_us=631.62 p95_us=650 p99_us=660 p995_us=660 p999_us=660 max_us=658 deadline=0 bad_voices=0 ble_lost=0 hard=0 sat=0 bin_us=5 max_observed_voices=1[0m
[0;32mI (14264) forensics: [HIST] fixture=5 class=event lower_us=605 n=1[0m
[0;32mI (14274) forensics: [HIST] fixture=5 class=event lower_us=610 n=1[0m
[0;32mI (14274) forensics: [HIST] fixture=5 class=event lower_us=615 n=2[0m
[0;32mI (14284) forensics: [HIST] fixture=5 class=event lower_us=625 n=3[0m
[0;32mI (14294) forensics: [HIST] fixture=5 class=event lower_us=630 n=5[0m
[0;32mI (14294) forensics: [HIST] fixture=5 class=event lower_us=635 n=6[0m
[0;32mI (14304) forensics: [HIST] fixture=5 class=event lower_us=640 n=1[0m
[0;32mI (14314) forensics: [HIST] fixture=5 class=event lower_us=645 n=2[0m
[0;32mI (14314) forensics: [HIST] fixture=5 class=event lower_us=655 n=1[0m
[0;32mI (14324) forensics: [CALLBACK_CURVE] model=VIBRAPHONE fixture=5 voices=1 class=event n=22 avg_us=738.27 p95_us=765 p99_us=825 p995_us=825 p999_us=825 max_us=820 deadline=0 overhead_avg_us=106.65[0m
[0;32mI (14344) forensics: [CALLBACK_HIST] fixture=5 class=event lower_us=695 n=1[0m
[0;32mI (14354) forensics: [CALLBACK_HIST] fixture=5 class=event lower_us=700 n=1[0m
[0;32mI (14354) forensics: [CALLBACK_HIST] fixture=5 class=event lower_us=715 n=1[0m
[0;32mI (14364) forensics: [CALLBACK_HIST] fixture=5 class=event lower_us=720 n=2[0m
[0;32mI (14374) forensics: [CALLBACK_HIST] fixture=5 class=event lower_us=725 n=2[0m
[0;32mI (14384) forensics: [CALLBACK_HIST] fixture=5 class=event lower_us=730 n=3[0m
[0;32mI (14384) forensics: [CALLBACK_HIST] fixture=5 class=event lower_us=735 n=1[0m
[0;32mI (14394) forensics: [CALLBACK_HIST] fixture=5 class=event lower_us=740 n=5[0m
[0;32mI (14404) forensics: [CALLBACK_HIST] fixture=5 class=event lower_us=745 n=4[0m
[0;32mI (14414) forensics: [CALLBACK_HIST] fixture=5 class=event lower_us=760 n=1[0m
[0;32mI (14424) forensics: [CALLBACK_HIST] fixture=5 class=event lower_us=820 n=1[0m
[0;32mI (14424) forensics: [CURVE] model=VIBRAPHONE fixture=5 voices=1 class=fixture_transition n=1 avg_us=934.20 p95_us=940 p99_us=940 p995_us=940 p999_us=940 max_us=935 deadline=0 bad_voices=0 ble_lost=0 hard=0 sat=0 bin_us=5 max_observed_voices=1[0m
[0;32mI (14454) forensics: [HIST] fixture=5 class=fixture_transition lower_us=935 n=1[0m
[0;32mI (14454) forensics: [CALLBACK_CURVE] model=VIBRAPHONE fixture=5 voices=1 class=fixture_transition n=1 avg_us=1187.00 p95_us=1190 p99_us=1190 p995_us=1190 p999_us=1190 max_us=1187 deadline=0 overhead_avg_us=252.80[0m
[0;32mI (14474) forensics: [CALLBACK_HIST] fixture=5 class=fixture_transition lower_us=1185 n=1[0m
[0;32mI (14484) forensics: [FASTPATH] fixture=5 stable8=0 attack=2[0m
[0;32mI (14494) forensics: [OVERHEAD] fixture=5 blocks=4734 model_reset_avg_us=1.52 model_reset_max_us=21 queue_avg_us=1.66 queue_max_us=34 render_avg_us=264.01 telem_avg_us=4.81 telem_max_us=203 telem_publishes=591[0m
[0;32mI (15834) pocket_pan_main: [AUDIO] model=PAN blocks=5593 avg_us=692 p99_us=0 max_us=1434 cpu_load=25.9 deadline=0 timeout=0 tx_error=0 short=0[0m
[0;32mI (15834) pocket_pan_main: [MIDI] push=1 pop=1 drop=0 hwm=1 last=(n=50 v=75 t=78 hex=90324B)[0m
[0;32mI (15844) pocket_pan_main: [BLE] state=8 interval_ms=11.25 latency=0 rssi=-59 reconnects=0 last_disconnect=0[0m
[0;32mI (15854) pocket_pan_main: [MEM] internal_free=61707 largest_internal=31744[0m
[0;32mI (15864) pocket_pan_main: [UIREDRAW] urgent=12 telemetry=59 skip=370[0m
[0;32mI (20854) pocket_pan_main: [AUDIO] model=PAN blocks=7475 avg_us=691 p99_us=925 max_us=1519 cpu_load=25.9 deadline=0 timeout=0 tx_error=0 short=0[0m
[0;32mI (20854) pocket_pan_main: [MIDI] push=1 pop=1 drop=0 hwm=1 last=(n=50 v=75 t=78 hex=90324B)[0m
[0;32mI (20864) pocket_pan_main: [BLE] state=8 interval_ms=11.25 latency=0 rssi=-58 reconnects=0 last_disconnect=0[0m
[0;32mI (20874) pocket_pan_main: [MEM] internal_free=61707 largest_internal=31744[0m
[0;32mI (20884) pocket_pan_main: [UIREDRAW] urgent=12 telemetry=83 skip=512[0m
[0;32mI (24494) forensics: [SAFETY] fixture=6 hard=0 sat=0 nonfinite=0 ble_lost=0[0m
[0;32mI (24494) forensics: [EVENT_ONLY] fixture=6 n=22 avg_us=267.60 max_us=288[0m
[0;32mI (24494) forensics: [FIXTURE_IO] model=VIBRAPHONE fixture=6 avg_us=689 p99_us=925 max_us=1519 cpu_pct=25.83 deadline=0 timeouts=0 tx_errors=0 short_writes=0[0m
[0;32mI (24514) forensics: [CURVE] model=VIBRAPHONE fixture=6 voices=4 class=true_steady n=4051 avg_us=664.74 p95_us=705 p99_us=790 p995_us=825 p999_us=870 max_us=931 deadline=0 bad_voices=0 ble_lost=0 hard=0 sat=0 bin_us=5 max_observed_voices=4[0m
[0;32mI (24534) forensics: [HIST] fixture=6 class=true_steady lower_us=655 n=2672[0m
[0;32mI (24534) forensics: [HIST] fixture=6 class=true_steady lower_us=660 n=600[0m
[0;32mI (24544) forensics: [HIST] fixture=6 class=true_steady lower_us=665 n=172[0m
[0;32mI (24554) forensics: [HIST] fixture=6 class=true_steady lower_us=670 n=77[0m
[0;32mI (24564) forensics: [HIST] fixture=6 class=true_steady lower_us=675 n=56[0m
[0;32mI (24564) forensics: [HIST] fixture=6 class=true_steady lower_us=680 n=45[0m
[0;32mI (24574) forensics: [HIST] fixture=6 class=true_steady lower_us=685 n=52[0m
[0;32mI (24584) forensics: [HIST] fixture=6 class=true_steady lower_us=690 n=68[0m
[0;32mI (24594) forensics: [HIST] fixture=6 class=true_steady lower_us=695 n=77[0m
[0;32mI (24594) forensics: [HIST] fixture=6 class=true_steady lower_us=700 n=61[0m
[0;32mI (24604) forensics: [HIST] fixture=6 class=true_steady lower_us=705 n=36[0m
[0;32mI (24614) forensics: [HIST] fixture=6 class=true_steady lower_us=710 n=11[0m
[0;32mI (24624) forensics: [HIST] fixture=6 class=true_steady lower_us=715 n=9[0m
[0;32mI (24624) forensics: [HIST] fixture=6 class=true_steady lower_us=720 n=6[0m
[0;32mI (24634) forensics: [HIST] fixture=6 class=true_steady lower_us=725 n=8[0m
[0;32mI (24644) forensics: [HIST] fixture=6 class=true_steady lower_us=730 n=13[0m
[0;32mI (24654) forensics: [HIST] fixture=6 class=true_steady lower_us=735 n=3[0m
[0;32mI (24654) forensics: [HIST] fixture=6 class=true_steady lower_us=740 n=4[0m
[0;32mI (24664) forensics: [HIST] fixture=6 class=true_steady lower_us=745 n=4[0m
[0;32mI (24674) forensics: [HIST] fixture=6 class=true_steady lower_us=750 n=4[0m
[0;32mI (24684) forensics: [HIST] fixture=6 class=true_steady lower_us=755 n=1[0m
[0;32mI (24684) forensics: [HIST] fixture=6 class=true_steady lower_us=760 n=8[0m
[0;32mI (24694) forensics: [HIST] fixture=6 class=true_steady lower_us=765 n=3[0m
[0;32mI (24704) forensics: [HIST] fixture=6 class=true_steady lower_us=770 n=7[0m
[0;32mI (24714) forensics: [HIST] fixture=6 class=true_steady lower_us=775 n=2[0m
[0;32mI (24714) forensics: [HIST] fixture=6 class=true_steady lower_us=780 n=6[0m
[0;32mI (24724) forensics: [HIST] fixture=6 class=true_steady lower_us=785 n=6[0m
[0;32mI (24734) forensics: [HIST] fixture=6 class=true_steady lower_us=790 n=1[0m
[0;32mI (24744) forensics: [HIST] fixture=6 class=true_steady lower_us=795 n=3[0m
[0;32mI (24744) forensics: [HIST] fixture=6 class=true_steady lower_us=800 n=3[0m
[0;32mI (24754) forensics: [HIST] fixture=6 class=true_steady lower_us=805 n=3[0m
[0;32mI (24764) forensics: [HIST] fixture=6 class=true_steady lower_us=810 n=2[0m
[0;32mI (24764) forensics: [HIST] fixture=6 class=true_steady lower_us=815 n=3[0m
[0;32mI (24774) forensics: [HIST] fixture=6 class=true_steady lower_us=820 n=5[0m
[0;32mI (24784) forensics: [HIST] fixture=6 class=true_steady lower_us=825 n=3[0m
[0;32mI (24794) forensics: [HIST] fixture=6 class=true_steady lower_us=830 n=5[0m
[0;32mI (24794) forensics: [HIST] fixture=6 class=true_steady lower_us=835 n=1[0m
[0;32mI (24804) forensics: [HIST] fixture=6 class=true_steady lower_us=840 n=3[0m
[0;32mI (24814) forensics: [HIST] fixture=6 class=true_steady lower_us=855 n=3[0m
[0;32mI (24824) forensics: [HIST] fixture=6 class=true_steady lower_us=865 n=3[0m
[0;32mI (24824) forensics: [HIST] fixture=6 class=true_steady lower_us=875 n=1[0m
[0;32mI (24834) forensics: [HIST] fixture=6 class=true_steady lower_us=930 n=1[0m
[0;32mI (24844) forensics: [CALLBACK_CURVE] model=VIBRAPHONE fixture=6 voices=4 class=true_steady n=4051 avg_us=682.78 p95_us=740 p99_us=880 p995_us=925 p999_us=990 max_us=1056 deadline=0 overhead_avg_us=18.04[0m
[0;32mI (24864) forensics: [CALLBACK_HIST] fixture=6 class=true_steady lower_us=320 n=1[0m
[0;32mI (24874) forensics: [CALLBACK_HIST] fixture=6 class=true_steady lower_us=660 n=1284[0m
[0;32mI (24874) forensics: [CALLBACK_HIST] fixture=6 class=true_steady lower_us=665 n=993[0m
[0;32mI (24884) forensics: [CALLBACK_HIST] fixture=6 class=true_steady lower_us=670 n=557[0m
[0;32mI (24894) forensics: [CALLBACK_HIST] fixture=6 class=true_steady lower_us=675 n=178[0m
[0;32mI (24904) forensics: [CALLBACK_HIST] fixture=6 class=true_steady lower_us=680 n=99[0m
[0;32mI (24914) forensics: [CALLBACK_HIST] fixture=6 class=true_steady lower_us=685 n=58[0m
[0;32mI (24924) forensics: [CALLBACK_HIST] fixture=6 class=true_steady lower_us=690 n=41[0m
[0;32mI (24924) forensics: [CALLBACK_HIST] fixture=6 class=true_steady lower_us=695 n=37[0m
[0;32mI (24934) forensics: [CALLBACK_HIST] fixture=6 class=true_steady lower_us=700 n=45[0m
[0;32mI (24944) forensics: [CALLBACK_HIST] fixture=6 class=true_steady lower_us=705 n=61[0m
[0;32mI (24954) forensics: [CALLBACK_HIST] fixture=6 class=true_steady lower_us=710 n=143[0m
[0;32mI (24964) forensics: [CALLBACK_HIST] fixture=6 class=true_steady lower_us=715 n=79[0m
[0;32mI (24964) forensics: [CALLBACK_HIST] fixture=6 class=true_steady lower_us=720 n=71[0m
[0;32mI (24974) forensics: [CALLBACK_HIST] fixture=6 class=true_steady lower_us=725 n=96[0m
[0;32mI (24984) forensics: [CALLBACK_HIST] fixture=6 class=true_steady lower_us=730 n=63[0m
[0;32mI (24994) forensics: [CALLBACK_HIST] fixture=6 class=true_steady lower_us=735 n=46[0m
[0;32mI (25004) forensics: [CALLBACK_HIST] fixture=6 class=true_steady lower_us=740 n=21[0m
[0;32mI (25014) forensics: [CALLBACK_HIST] fixture=6 class=true_steady lower_us=745 n=12[0m
[0;32mI (25014) forensics: [CALLBACK_HIST] fixture=6 class=true_steady lower_us=750 n=18[0m
[0;32mI (25024) forensics: [CALLBACK_HIST] fixture=6 class=true_steady lower_us=755 n=17[0m
[0;32mI (25034) forensics: [CALLBACK_HIST] fixture=6 class=true_steady lower_us=760 n=5[0m
[0;32mI (25044) forensics: [CALLBACK_HIST] fixture=6 class=true_steady lower_us=765 n=9[0m
[0;32mI (25054) forensics: [CALLBACK_HIST] fixture=6 class=true_steady lower_us=770 n=10[0m
[0;32mI (25064) forensics: [CALLBACK_HIST] fixture=6 class=true_steady lower_us=775 n=4[0m
[0;32mI (25064) forensics: [CALLBACK_HIST] fixture=6 class=true_steady lower_us=780 n=3[0m
[0;32mI (25074) forensics: [CALLBACK_HIST] fixture=6 class=true_steady lower_us=785 n=5[0m
[0;32mI (25084) forensics: [CALLBACK_HIST] fixture=6 class=true_steady lower_us=790 n=6[0m
[0;32mI (25094) forensics: [CALLBACK_HIST] fixture=6 class=true_steady lower_us=795 n=4[0m
[0;32mI (25104) forensics: [CALLBACK_HIST] fixture=6 class=true_steady lower_us=800 n=2[0m
[0;32mI (25104) forensics: [CALLBACK_HIST] fixture=6 class=true_steady lower_us=805 n=1[0m
[0;32mI (25114) forensics: [CALLBACK_HIST] fixture=6 class=true_steady lower_us=815 n=2[0m
[0;32mI (25124) forensics: [CALLBACK_HIST] fixture=6 class=true_steady lower_us=820 n=5[0m
[0;32mI (25134) forensics: [CALLBACK_HIST] fixture=6 class=true_steady lower_us=825 n=6[0m
[0;32mI (25144) forensics: [CALLBACK_HIST] fixture=6 class=true_steady lower_us=830 n=2[0m
[0;32mI (25154) forensics: [CALLBACK_HIST] fixture=6 class=true_steady lower_us=835 n=2[0m
[0;32mI (25154) forensics: [CALLBACK_HIST] fixture=6 class=true_steady lower_us=840 n=4[0m
[0;32mI (25164) forensics: [CALLBACK_HIST] fixture=6 class=true_steady lower_us=845 n=6[0m
[0;32mI (25174) forensics: [CALLBACK_HIST] fixture=6 class=true_steady lower_us=850 n=3[0m
[0;32mI (25184) forensics: [CALLBACK_HIST] fixture=6 class=true_steady lower_us=855 n=4[0m
[0;32mI (25194) forensics: [CALLBACK_HIST] fixture=6 class=true_steady lower_us=860 n=3[0m
[0;32mI (25194) forensics: [CALLBACK_HIST] fixture=6 class=true_steady lower_us=865 n=2[0m
[0;32mI (25204) forensics: [CALLBACK_HIST] fixture=6 class=true_steady lower_us=870 n=2[0m
[0;32mI (25214) forensics: [CALLBACK_HIST] fixture=6 class=true_steady lower_us=875 n=2[0m
[0;32mI (25224) forensics: [CALLBACK_HIST] fixture=6 class=true_steady lower_us=880 n=2[0m
[0;32mI (25234) forensics: [CALLBACK_HIST] fixture=6 class=true_steady lower_us=885 n=2[0m
[0;32mI (25234) forensics: [CALLBACK_HIST] fixture=6 class=true_steady lower_us=890 n=5[0m
[0;32mI (25244) forensics: [CALLBACK_HIST] fixture=6 class=true_steady lower_us=895 n=2[0m
[0;32mI (25254) forensics: [CALLBACK_HIST] fixture=6 class=true_steady lower_us=900 n=3[0m
[0;32mI (25264) forensics: [CALLBACK_HIST] fixture=6 class=true_steady lower_us=905 n=1[0m
[0;32mI (25274) forensics: [CALLBACK_HIST] fixture=6 class=true_steady lower_us=910 n=2[0m
[0;32mI (25284) forensics: [CALLBACK_HIST] fixture=6 class=true_steady lower_us=915 n=1[0m
[0;32mI (25284) forensics: [CALLBACK_HIST] fixture=6 class=true_steady lower_us=920 n=3[0m
[0;32mI (25294) forensics: [CALLBACK_HIST] fixture=6 class=true_steady lower_us=925 n=1[0m
[0;32mI (25304) forensics: [CALLBACK_HIST] fixture=6 class=true_steady lower_us=930 n=2[0m
[0;32mI (25314) forensics: [CALLBACK_HIST] fixture=6 class=true_steady lower_us=935 n=1[0m
[0;32mI (25324) forensics: [CALLBACK_HIST] fixture=6 class=true_steady lower_us=940 n=1[0m
[0;32mI (25324) forensics: [CALLBACK_HIST] fixture=6 class=true_steady lower_us=945 n=1[0m
[0;32mI (25334) forensics: [CALLBACK_HIST] fixture=6 class=true_steady lower_us=950 n=2[0m
[0;32mI (25344) forensics: [CALLBACK_HIST] fixture=6 class=true_steady lower_us=955 n=2[0m
[0;32mI (25354) forensics: [CALLBACK_HIST] fixture=6 class=true_steady lower_us=965 n=1[0m
[0;32mI (25364) forensics: [CALLBACK_HIST] fixture=6 class=true_steady lower_us=970 n=1[0m
[0;32mI (25374) forensics: [CALLBACK_HIST] fixture=6 class=true_steady lower_us=975 n=1[0m
[0;32mI (25374) forensics: [CALLBACK_HIST] fixture=6 class=true_steady lower_us=985 n=1[0m
[0;32mI (25384) forensics: [CALLBACK_HIST] fixture=6 class=true_steady lower_us=990 n=1[0m
[0;32mI (25394) forensics: [CALLBACK_HIST] fixture=6 class=true_steady lower_us=1010 n=1[0m
[0;32mI (25404) forensics: [CALLBACK_HIST] fixture=6 class=true_steady lower_us=1045 n=1[0m
[0;32mI (25414) forensics: [CALLBACK_HIST] fixture=6 class=true_steady lower_us=1055 n=1[0m
[0;32mI (25414) forensics: [CURVE] model=VIBRAPHONE fixture=6 voices=4 class=attack_tail n=22 avg_us=915.24 p95_us=970 p99_us=1005 p995_us=1005 p999_us=1005 max_us=1003 deadline=0 bad_voices=0 ble_lost=0 hard=0 sat=0 bin_us=5 max_observed_voices=4[0m
[0;32mI (25444) forensics: [HIST] fixture=6 class=attack_tail lower_us=900 n=5[0m
[0;32mI (25444) forensics: [HIST] fixture=6 class=attack_tail lower_us=905 n=7[0m
[0;32mI (25454) forensics: [HIST] fixture=6 class=attack_tail lower_us=910 n=6[0m
[0;32mI (25464) forensics: [HIST] fixture=6 class=attack_tail lower_us=915 n=1[0m
[0;32mI (25474) forensics: [HIST] fixture=6 class=attack_tail lower_us=920 n=1[0m
[0;32mI (25474) forensics: [HIST] fixture=6 class=attack_tail lower_us=965 n=1[0m
[0;32mI (25484) forensics: [HIST] fixture=6 class=attack_tail lower_us=1000 n=1[0m
[0;32mI (25494) forensics: [CALLBACK_CURVE] model=VIBRAPHONE fixture=6 voices=4 class=attack_tail n=22 avg_us=948.36 p95_us=1030 p99_us=1085 p995_us=1085 p999_us=1085 max_us=1081 deadline=0 overhead_avg_us=33.12[0m
[0;32mI (25514) forensics: [CALLBACK_HIST] fixture=6 class=attack_tail lower_us=920 n=2[0m
[0;32mI (25524) forensics: [CALLBACK_HIST] fixture=6 class=attack_tail lower_us=925 n=3[0m
[0;32mI (25524) forensics: [CALLBACK_HIST] fixture=6 class=attack_tail lower_us=930 n=2[0m
[0;32mI (25534) forensics: [CALLBACK_HIST] fixture=6 class=attack_tail lower_us=935 n=6[0m
[0;32mI (25544) forensics: [CALLBACK_HIST] fixture=6 class=attack_tail lower_us=940 n=2[0m
[0;32mI (25554) forensics: [CALLBACK_HIST] fixture=6 class=attack_tail lower_us=945 n=2[0m
[0;32mI (25564) forensics: [CALLBACK_HIST] fixture=6 class=attack_tail lower_us=950 n=1[0m
[0;32mI (25564) forensics: [CALLBACK_HIST] fixture=6 class=attack_tail lower_us=955 n=2[0m
[0;32mI (25574) forensics: [CALLBACK_HIST] fixture=6 class=attack_tail lower_us=1025 n=1[0m
[0;32mI (25584) forensics: [CALLBACK_HIST] fixture=6 class=attack_tail lower_us=1080 n=1[0m
[0;32mI (25594) forensics: [CURVE] model=VIBRAPHONE fixture=6 voices=4 class=event n=22 avg_us=1280.30 p95_us=1340 p99_us=1355 p995_us=1355 p999_us=1355 max_us=1352 deadline=0 bad_voices=0 ble_lost=0 hard=0 sat=0 bin_us=5 max_observed_voices=4[0m
[0;32mI (25614) forensics: [HIST] fixture=6 class=event lower_us=1235 n=1[0m
[0;32mI (25624) forensics: [HIST] fixture=6 class=event lower_us=1250 n=2[0m
[0;32mI (25624) forensics: [HIST] fixture=6 class=event lower_us=1255 n=1[0m
[0;32mI (25634) forensics: [HIST] fixture=6 class=event lower_us=1260 n=2[0m
[0;32mI (25644) forensics: [HIST] fixture=6 class=event lower_us=1265 n=3[0m
[0;32mI (25654) forensics: [HIST] fixture=6 class=event lower_us=1270 n=1[0m
[0;32mI (25654) forensics: [HIST] fixture=6 class=event lower_us=1275 n=2[0m
[0;32mI (25664) forensics: [HIST] fixture=6 class=event lower_us=1280 n=1[0m
[0;32mI (25674) forensics: [HIST] fixture=6 class=event lower_us=1285 n=3[0m
[0;32mI (25674) forensics: [HIST] fixture=6 class=event lower_us=1290 n=2[0m
[0;32mI (25684) forensics: [HIST] fixture=6 class=event lower_us=1295 n=1[0m
[0;32mI (25694) forensics: [HIST] fixture=6 class=event lower_us=1310 n=1[0m
[0;32mI (25694) forensics: [HIST] fixture=6 class=event lower_us=1335 n=1[0m
[0;32mI (25704) forensics: [HIST] fixture=6 class=event lower_us=1350 n=1[0m
[0;32mI (25714) forensics: [CALLBACK_CURVE] model=VIBRAPHONE fixture=6 voices=4 class=event n=22 avg_us=1398.09 p95_us=1515 p99_us=1520 p995_us=1520 p999_us=1520 max_us=1519 deadline=0 overhead_avg_us=117.79[0m
[0;32mI (25734) forensics: [CALLBACK_HIST] fixture=6 class=event lower_us=1335 n=2[0m
[0;32mI (25734) forensics: [CALLBACK_HIST] fixture=6 class=event lower_us=1355 n=1[0m
[0;32mI (25744) forensics: [CALLBACK_HIST] fixture=6 class=event lower_us=1360 n=1[0m
[0;32mI (25754) forensics: [CALLBACK_HIST] fixture=6 class=event lower_us=1365 n=1[0m
[0;32mI (25764) forensics: [CALLBACK_HIST] fixture=6 class=event lower_us=1370 n=3[0m
[0;32mI (25774) forensics: [CALLBACK_HIST] fixture=6 class=event lower_us=1385 n=2[0m
[0;32mI (25774) forensics: [CALLBACK_HIST] fixture=6 class=event lower_us=1390 n=1[0m
[0;32mI (25784) forensics: [CALLBACK_HIST] fixture=6 class=event lower_us=1395 n=2[0m
[0;32mI (25794) forensics: [CALLBACK_HIST] fixture=6 class=event lower_us=1400 n=1[0m
[0;32mI (25804) forensics: [CALLBACK_HIST] fixture=6 class=event lower_us=1405 n=3[0m
[0;32mI (25804) forensics: [CALLBACK_HIST] fixture=6 class=event lower_us=1420 n=2[0m
[0;32mI (25814) forensics: [CALLBACK_HIST] fixture=6 class=event lower_us=1430 n=1[0m
[0;32mI (25824) forensics: [CALLBACK_HIST] fixture=6 class=event lower_us=1510 n=1[0m
[0;32mI (25834) forensics: [CALLBACK_HIST] fixture=6 class=event lower_us=1515 n=1[0m
[0;32mI (25834) forensics: [CURVE] model=VIBRAPHONE fixture=6 voices=4 class=fixture_transition n=1 avg_us=527.37 p95_us=530 p99_us=530 p995_us=530 p999_us=530 max_us=528 deadline=0 bad_voices=0 ble_lost=0 hard=0 sat=0 bin_us=5 max_observed_voices=4[0m
[0;32mI (25864) forensics: [HIST] fixture=6 class=fixture_transition lower_us=525 n=1[0m
[0;32mI (25864) forensics: [CALLBACK_CURVE] model=VIBRAPHONE fixture=6 voices=4 class=fixture_transition n=1 avg_us=580.00 p95_us=585 p99_us=585 p995_us=585 p999_us=585 max_us=580 deadline=0 overhead_avg_us=52.63[0m
[0;32mI (25884) forensics: [CALLBACK_HIST] fixture=6 class=fixture_transition lower_us=580 n=1[0m
[0;32mI (25894) forensics: [FASTPATH] fixture=6 stable8=0 attack=8[0m
[0;32mI (25904) forensics: [OVERHEAD] fixture=6 blocks=4096 model_reset_avg_us=1.53 model_reset_max_us=10 queue_avg_us=1.69 queue_max_us=29 render_avg_us=675.77 telem_avg_us=6.01 telem_max_us=87 telem_publishes=512[0m
[0;32mI (25954) pocket_pan_main: [AUDIO] model=PAN blocks=9388 avg_us=1128 p99_us=0 max_us=2153 cpu_load=42.3 deadline=0 timeout=0 tx_error=0 short=0[0m
[0;32mI (25954) pocket_pan_main: [MIDI] push=1 pop=1 drop=0 hwm=1 last=(n=50 v=75 t=78 hex=90324B)[0m
[0;32mI (25964) pocket_pan_main: [BLE] state=8 interval_ms=11.25 latency=0 rssi=-58 reconnects=0 last_disconnect=0[0m
[0;32mI (25974) pocket_pan_main: [MEM] internal_free=61707 largest_internal=31744[0m
[0;32mI (25984) pocket_pan_main: [UIREDRAW] urgent=14 telemetry=99 skip=615[0m
[0;32mI (30974) pocket_pan_main: [AUDIO] model=PAN blocks=11269 avg_us=1110 p99_us=1550 max_us=2278 cpu_load=41.6 deadline=0 timeout=0 tx_error=0 short=0[0m
[0;32mI (30974) pocket_pan_main: [MIDI] push=1 pop=1 drop=0 hwm=1 last=(n=50 v=75 t=78 hex=90324B)[0m
[0;32mI (30984) pocket_pan_main: [BLE] state=8 interval_ms=11.25 latency=0 rssi=-59 reconnects=0 last_disconnect=0[0m
[0;32mI (30994) pocket_pan_main: [MEM] internal_free=61707 largest_internal=31744[0m
[0;32mI (31004) pocket_pan_main: [UIREDRAW] urgent=14 telemetry=122 skip=758[0m
[0;32mI (35414) forensics: [SAFETY] fixture=7 hard=0 sat=0 nonfinite=0 ble_lost=0[0m
[0;32mI (35414) forensics: [EVENT_ONLY] fixture=7 n=22 avg_us=302.81 max_us=327[0m
[0;32mI (35414) forensics: [FIXTURE_IO] model=VIBRAPHONE fixture=7 avg_us=1129 p99_us=1550 max_us=2278 cpu_pct=42.33 deadline=0 timeouts=0 tx_errors=0 short_writes=0[0m
[0;32mI (35434) forensics: [CURVE] model=VIBRAPHONE fixture=7 voices=8 class=true_steady n=4051 avg_us=1096.59 p95_us=1135 p99_us=1215 p995_us=1250 p999_us=1290 max_us=1426 deadline=0 bad_voices=0 ble_lost=0 hard=0 sat=0 bin_us=5 max_observed_voices=8[0m
[0;32mI (35454) forensics: [HIST] fixture=7 class=true_steady lower_us=1085 n=2283[0m
[0;32mI (35464) forensics: [HIST] fixture=7 class=true_steady lower_us=1090 n=721[0m
[0;32mI (35474) forensics: [HIST] fixture=7 class=true_steady lower_us=1095 n=261[0m
[0;32mI (35474) forensics: [HIST] fixture=7 class=true_steady lower_us=1100 n=163[0m
[0;32mI (35484) forensics: [HIST] fixture=7 class=true_steady lower_us=1105 n=93[0m
[0;32mI (35494) forensics: [HIST] fixture=7 class=true_steady lower_us=1110 n=63[0m
[0;32mI (35504) forensics: [HIST] fixture=7 class=true_steady lower_us=1115 n=87[0m
[0;32mI (35504) forensics: [HIST] fixture=7 class=true_steady lower_us=1120 n=70[0m
[0;32mI (35514) forensics: [HIST] fixture=7 class=true_steady lower_us=1125 n=61[0m
[0;32mI (35524) forensics: [HIST] fixture=7 class=true_steady lower_us=1130 n=60[0m
[0;32mI (35534) forensics: [HIST] fixture=7 class=true_steady lower_us=1135 n=53[0m
[0;32mI (35534) forensics: [HIST] fixture=7 class=true_steady lower_us=1140 n=15[0m
[0;32mI (35544) forensics: [HIST] fixture=7 class=true_steady lower_us=1145 n=13[0m
[0;32mI (35554) forensics: [HIST] fixture=7 class=true_steady lower_us=1150 n=10[0m
[0;32mI (35564) forensics: [HIST] fixture=7 class=true_steady lower_us=1155 n=10[0m
[0;32mI (35574) forensics: [HIST] fixture=7 class=true_steady lower_us=1160 n=6[0m
[0;32mI (35574) forensics: [HIST] fixture=7 class=true_steady lower_us=1165 n=6[0m
[0;32mI (35584) forensics: [HIST] fixture=7 class=true_steady lower_us=1170 n=2[0m
[0;32mI (35594) forensics: [HIST] fixture=7 class=true_steady lower_us=1175 n=6[0m
[0;32mI (35594) forensics: [HIST] fixture=7 class=true_steady lower_us=1180 n=2[0m
[0;32mI (35604) forensics: [HIST] fixture=7 class=true_steady lower_us=1185 n=3[0m
[0;32mI (35614) forensics: [HIST] fixture=7 class=true_steady lower_us=1190 n=7[0m
[0;32mI (35624) forensics: [HIST] fixture=7 class=true_steady lower_us=1195 n=5[0m
[0;32mI (35624) forensics: [HIST] fixture=7 class=true_steady lower_us=1200 n=4[0m
[0;32mI (35634) forensics: [HIST] fixture=7 class=true_steady lower_us=1205 n=2[0m
[0;32mI (35644) forensics: [HIST] fixture=7 class=true_steady lower_us=1210 n=8[0m
[0;32mI (35654) forensics: [HIST] fixture=7 class=true_steady lower_us=1215 n=3[0m
[0;32mI (35654) forensics: [HIST] fixture=7 class=true_steady lower_us=1220 n=7[0m
[0;32mI (35664) forensics: [HIST] fixture=7 class=true_steady lower_us=1225 n=1[0m
[0;32mI (35674) forensics: [HIST] fixture=7 class=true_steady lower_us=1230 n=2[0m
[0;32mI (35684) forensics: [HIST] fixture=7 class=true_steady lower_us=1240 n=3[0m
[0;32mI (35684) forensics: [HIST] fixture=7 class=true_steady lower_us=1245 n=3[0m
[0;32mI (35694) forensics: [HIST] fixture=7 class=true_steady lower_us=1250 n=3[0m
[0;32mI (35704) forensics: [HIST] fixture=7 class=true_steady lower_us=1255 n=2[0m
[0;32mI (35714) forensics: [HIST] fixture=7 class=true_steady lower_us=1265 n=3[0m
[0;32mI (35714) forensics: [HIST] fixture=7 class=true_steady lower_us=1270 n=1[0m
[0;32mI (35724) forensics: [HIST] fixture=7 class=true_steady lower_us=1275 n=1[0m
[0;32mI (35734) forensics: [HIST] fixture=7 class=true_steady lower_us=1280 n=2[0m
[0;32mI (35744) forensics: [HIST] fixture=7 class=true_steady lower_us=1285 n=3[0m
[0;32mI (35744) forensics: [HIST] fixture=7 class=true_steady lower_us=1310 n=1[0m
[0;32mI (35754) forensics: [HIST] fixture=7 class=true_steady lower_us=1385 n=1[0m
[0;32mI (35764) forensics: [HIST] fixture=7 class=true_steady lower_us=1425 n=1[0m
[0;32mI (35774) forensics: [CALLBACK_CURVE] model=VIBRAPHONE fixture=7 voices=8 class=true_steady n=4051 avg_us=1115.11 p95_us=1175 p99_us=1290 p995_us=1335 p999_us=1425 max_us=1483 deadline=0 overhead_avg_us=18.52[0m
[0;32mI (35794) forensics: [CALLBACK_HIST] fixture=7 class=true_steady lower_us=745 n=1[0m
[0;32mI (35794) forensics: [CALLBACK_HIST] fixture=7 class=true_steady lower_us=1095 n=1925[0m
[0;32mI (35804) forensics: [CALLBACK_HIST] fixture=7 class=true_steady lower_us=1100 n=688[0m
[0;32mI (35814) forensics: [CALLBACK_HIST] fixture=7 class=true_steady lower_us=1105 n=216[0m
[0;32mI (35824) forensics: [CALLBACK_HIST] fixture=7 class=true_steady lower_us=1110 n=129[0m
[0;32mI (35834) forensics: [CALLBACK_HIST] fixture=7 class=true_steady lower_us=1115 n=86[0m
[0;32mI (35844) forensics: [CALLBACK_HIST] fixture=7 class=true_steady lower_us=1120 n=62[0m
[0;32mI (35844) forensics: [CALLBACK_HIST] fixture=7 class=true_steady lower_us=1125 n=57[0m
[0;32mI (35854) forensics: [CALLBACK_HIST] fixture=7 class=true_steady lower_us=1130 n=75[0m
[0;32mI (35864) forensics: [CALLBACK_HIST] fixture=7 class=true_steady lower_us=1135 n=53[0m
[0;32mI (35874) forensics: [CALLBACK_HIST] fixture=7 class=true_steady lower_us=1140 n=179[0m
[0;32mI (35884) forensics: [CALLBACK_HIST] fixture=7 class=true_steady lower_us=1145 n=91[0m
[0;32mI (35894) forensics: [CALLBACK_HIST] fixture=7 class=true_steady lower_us=1150 n=81[0m
[0;32mI (35894) forensics: [CALLBACK_HIST] fixture=7 class=true_steady lower_us=1155 n=75[0m
[0;32mI (35904) forensics: [CALLBACK_HIST] fixture=7 class=true_steady lower_us=1160 n=71[0m
[0;32mI (35914) forensics: [CALLBACK_HIST] fixture=7 class=true_steady lower_us=1165 n=54[0m
[0;32mI (35924) forensics: [CALLBACK_HIST] fixture=7 class=true_steady lower_us=1170 n=34[0m
[0;32mI (35934) forensics: [CALLBACK_HIST] fixture=7 class=true_steady lower_us=1175 n=20[0m
[0;32mI (35944) forensics: [CALLBACK_HIST] fixture=7 class=true_steady lower_us=1180 n=16[0m
[0;32mI (35944) forensics: [CALLBACK_HIST] fixture=7 class=true_steady lower_us=1185 n=15[0m
[0;32mI (35954) forensics: [CALLBACK_HIST] fixture=7 class=true_steady lower_us=1190 n=10[0m
[0;32mI (35964) forensics: [CALLBACK_HIST] fixture=7 class=true_steady lower_us=1195 n=12[0m
[0;32mI (35974) forensics: [CALLBACK_HIST] fixture=7 class=true_steady lower_us=1200 n=4[0m
[0;32mI (35984) forensics: [CALLBACK_HIST] fixture=7 class=true_steady lower_us=1205 n=4[0m
[0;32mI (35994) forensics: [CALLBACK_HIST] fixture=7 class=true_steady lower_us=1210 n=3[0m
[0;32mI (35994) forensics: [CALLBACK_HIST] fixture=7 class=true_steady lower_us=1215 n=2[0m
[0;32mI (36004) forensics: [CALLBACK_HIST] fixture=7 class=true_steady lower_us=1220 n=1[0m
[0;32mI (36014) forensics: [CALLBACK_HIST] fixture=7 class=true_steady lower_us=1225 n=2[0m
[0;32mI (36024) forensics: [CALLBACK_HIST] fixture=7 class=true_steady lower_us=1230 n=3[0m
[0;32mI (36034) forensics: [CALLBACK_HIST] fixture=7 class=true_steady lower_us=1235 n=1[0m
[0;32mI (36044) forensics: [CALLBACK_HIST] fixture=7 class=true_steady lower_us=1240 n=6[0m
[0;32mI (36044) forensics: [CALLBACK_HIST] fixture=7 class=true_steady lower_us=1245 n=1[0m
[0;32mI (36054) forensics: [CALLBACK_HIST] fixture=7 class=true_steady lower_us=1250 n=3[0m
[0;32mI (36064) forensics: [CALLBACK_HIST] fixture=7 class=true_steady lower_us=1255 n=5[0m
[0;32mI (36074) forensics: [CALLBACK_HIST] fixture=7 class=true_steady lower_us=1260 n=5[0m
[0;32mI (36084) forensics: [CALLBACK_HIST] fixture=7 class=true_steady lower_us=1265 n=4[0m
[0;32mI (36084) forensics: [CALLBACK_HIST] fixture=7 class=true_steady lower_us=1270 n=4[0m
[0;32mI (36094) forensics: [CALLBACK_HIST] fixture=7 class=true_steady lower_us=1275 n=3[0m
[0;32mI (36104) forensics: [CALLBACK_HIST] fixture=7 class=true_steady lower_us=1280 n=4[0m
[0;32mI (36114) forensics: [CALLBACK_HIST] fixture=7 class=true_steady lower_us=1285 n=6[0m
[0;32mI (36124) forensics: [CALLBACK_HIST] fixture=7 class=true_steady lower_us=1290 n=4[0m
[0;32mI (36134) forensics: [CALLBACK_HIST] fixture=7 class=true_steady lower_us=1295 n=2[0m
[0;32mI (36134) forensics: [CALLBACK_HIST] fixture=7 class=true_steady lower_us=1300 n=4[0m
[0;32mI (36144) forensics: [CALLBACK_HIST] fixture=7 class=true_steady lower_us=1305 n=2[0m
[0;32mI (36154) forensics: [CALLBACK_HIST] fixture=7 class=true_steady lower_us=1310 n=2[0m
[0;32mI (36164) forensics: [CALLBACK_HIST] fixture=7 class=true_steady lower_us=1315 n=4[0m
[0;32mI (36174) forensics: [CALLBACK_HIST] fixture=7 class=true_steady lower_us=1325 n=1[0m
[0;32mI (36184) forensics: [CALLBACK_HIST] fixture=7 class=true_steady lower_us=1330 n=1[0m
[0;32mI (36184) forensics: [CALLBACK_HIST] fixture=7 class=true_steady lower_us=1335 n=2[0m
[0;32mI (36194) forensics: [CALLBACK_HIST] fixture=7 class=true_steady lower_us=1340 n=3[0m
[0;32mI (36204) forensics: [CALLBACK_HIST] fixture=7 class=true_steady lower_us=1345 n=2[0m
[0;32mI (36214) forensics: [CALLBACK_HIST] fixture=7 class=true_steady lower_us=1350 n=1[0m
[0;32mI (36224) forensics: [CALLBACK_HIST] fixture=7 class=true_steady lower_us=1355 n=1[0m
[0;32mI (36234) forensics: [CALLBACK_HIST] fixture=7 class=true_steady lower_us=1365 n=1[0m
[0;32mI (36234) forensics: [CALLBACK_HIST] fixture=7 class=true_steady lower_us=1370 n=1[0m
[0;32mI (36244) forensics: [CALLBACK_HIST] fixture=7 class=true_steady lower_us=1375 n=1[0m
[0;32mI (36254) forensics: [CALLBACK_HIST] fixture=7 class=true_steady lower_us=1380 n=1[0m
[0;32mI (36264) forensics: [CALLBACK_HIST] fixture=7 class=true_steady lower_us=1405 n=1[0m
[0;32mI (36274) forensics: [CALLBACK_HIST] fixture=7 class=true_steady lower_us=1410 n=1[0m
[0;32mI (36274) forensics: [CALLBACK_HIST] fixture=7 class=true_steady lower_us=1420 n=1[0m
[0;32mI (36284) forensics: [CALLBACK_HIST] fixture=7 class=true_steady lower_us=1440 n=2[0m
[0;32mI (36294) forensics: [CALLBACK_HIST] fixture=7 class=true_steady lower_us=1480 n=2[0m
[0;32mI (36304) forensics: [CURVE] model=VIBRAPHONE fixture=7 voices=8 class=attack_tail n=22 avg_us=1555.72 p95_us=1605 p99_us=1685 p995_us=1685 p999_us=1685 max_us=1680 deadline=0 bad_voices=0 ble_lost=0 hard=0 sat=0 bin_us=5 max_observed_voices=8[0m
[0;32mI (36324) forensics: [HIST] fixture=7 class=attack_tail lower_us=1535 n=4[0m
[0;32mI (36334) forensics: [HIST] fixture=7 class=attack_tail lower_us=1540 n=4[0m
[0;32mI (36344) forensics: [HIST] fixture=7 class=attack_tail lower_us=1545 n=3[0m
[0;32mI (36344) forensics: [HIST] fixture=7 class=attack_tail lower_us=1550 n=5[0m
[0;32mI (36354) forensics: [HIST] fixture=7 class=attack_tail lower_us=1555 n=1[0m
[0;32mI (36364) forensics: [HIST] fixture=7 class=attack_tail lower_us=1560 n=3[0m
[0;32mI (36374) forensics: [HIST] fixture=7 class=attack_tail lower_us=1600 n=1[0m
[0;32mI (36374) forensics: [HIST] fixture=7 class=attack_tail lower_us=1680 n=1[0m
[0;32mI (36384) forensics: [CALLBACK_CURVE] model=VIBRAPHONE fixture=7 voices=8 class=attack_tail n=22 avg_us=1596.05 p95_us=1660 p99_us=1840 p995_us=1840 p999_us=1840 max_us=1837 deadline=0 overhead_avg_us=40.32[0m
[0;32mI (36404) forensics: [CALLBACK_HIST] fixture=7 class=attack_tail lower_us=1555 n=1[0m
[0;32mI (36414) forensics: [CALLBACK_HIST] fixture=7 class=attack_tail lower_us=1560 n=1[0m
[0;32mI (36424) forensics: [CALLBACK_HIST] fixture=7 class=attack_tail lower_us=1565 n=3[0m
[0;32mI (36424) forensics: [CALLBACK_HIST] fixture=7 class=attack_tail lower_us=1570 n=4[0m
[0;32mI (36434) forensics: [CALLBACK_HIST] fixture=7 class=attack_tail lower_us=1575 n=1[0m
[0;32mI (36444) forensics: [CALLBACK_HIST] fixture=7 class=attack_tail lower_us=1580 n=3[0m
[0;32mI (36454) forensics: [CALLBACK_HIST] fixture=7 class=attack_tail lower_us=1590 n=3[0m
[0;32mI (36464) forensics: [CALLBACK_HIST] fixture=7 class=attack_tail lower_us=1595 n=1[0m
[0;32mI (36474) forensics: [CALLBACK_HIST] fixture=7 class=attack_tail lower_us=1600 n=2[0m
[0;32mI (36474) forensics: [CALLBACK_HIST] fixture=7 class=attack_tail lower_us=1610 n=1[0m
[0;32mI (36484) forensics: [CALLBACK_HIST] fixture=7 class=attack_tail lower_us=1655 n=1[0m
[0;32mI (36494) forensics: [CALLBACK_HIST] fixture=7 class=attack_tail lower_us=1835 n=1[0m
[0;32mI (36504) forensics: [CURVE] model=VIBRAPHONE fixture=7 voices=8 class=event n=22 avg_us=2069.78 p95_us=2120 p99_us=2130 p995_us=2130 p999_us=2130 max_us=2125 deadline=0 bad_voices=0 ble_lost=0 hard=0 sat=0 bin_us=5 max_observed_voices=8[0m
[0;32mI (36524) forensics: [HIST] fixture=7 class=event lower_us=2015 n=1[0m
[0;32mI (36534) forensics: [HIST] fixture=7 class=event lower_us=2040 n=1[0m
[0;32mI (36534) forensics: [HIST] fixture=7 class=event lower_us=2045 n=1[0m
[0;32mI (36544) forensics: [HIST] fixture=7 class=event lower_us=2050 n=2[0m
[0;32mI (36554) forensics: [HIST] fixture=7 class=event lower_us=2055 n=2[0m
[0;32mI (36564) forensics: [HIST] fixture=7 class=event lower_us=2060 n=1[0m
[0;32mI (36564) forensics: [HIST] fixture=7 class=event lower_us=2065 n=2[0m
[0;32mI (36574) forensics: [HIST] fixture=7 class=event lower_us=2070 n=4[0m
[0;32mI (36584) forensics: [HIST] fixture=7 class=event lower_us=2075 n=2[0m
[0;32mI (36584) forensics: [HIST] fixture=7 class=event lower_us=2080 n=1[0m
[0;32mI (36594) forensics: [HIST] fixture=7 class=event lower_us=2085 n=2[0m
[0;32mI (36604) forensics: [HIST] fixture=7 class=event lower_us=2095 n=1[0m
[0;32mI (36604) forensics: [HIST] fixture=7 class=event lower_us=2115 n=1[0m
[0;32mI (36614) forensics: [HIST] fixture=7 class=event lower_us=2125 n=1[0m
[0;32mI (36624) forensics: [CALLBACK_CURVE] model=VIBRAPHONE fixture=7 voices=8 class=event n=22 avg_us=2187.27 p95_us=2240 p99_us=2280 p995_us=2280 p999_us=2280 max_us=2278 deadline=0 overhead_avg_us=117.50[0m
[0;32mI (36644) forensics: [CALLBACK_HIST] fixture=7 class=event lower_us=2120 n=1[0m
[0;32mI (36644) forensics: [CALLBACK_HIST] fixture=7 class=event lower_us=2140 n=2[0m
[0;32mI (36654) forensics: [CALLBACK_HIST] fixture=7 class=event lower_us=2150 n=2[0m
[0;32mI (36664) forensics: [CALLBACK_HIST] fixture=7 class=event lower_us=2160 n=1[0m
[0;32mI (36674) forensics: [CALLBACK_HIST] fixture=7 class=event lower_us=2170 n=1[0m
[0;32mI (36684) forensics: [CALLBACK_HIST] fixture=7 class=event lower_us=2175 n=2[0m
[0;32mI (36684) forensics: [CALLBACK_HIST] fixture=7 class=event lower_us=2180 n=1[0m
[0;32mI (36694) forensics: [CALLBACK_HIST] fixture=7 class=event lower_us=2185 n=2[0m
[0;32mI (36704) forensics: [CALLBACK_HIST] fixture=7 class=event lower_us=2190 n=3[0m
[0;32mI (36714) forensics: [CALLBACK_HIST] fixture=7 class=event lower_us=2200 n=1[0m
[0;32mI (36714) forensics: [CALLBACK_HIST] fixture=7 class=event lower_us=2205 n=1[0m
[0;32mI (36724) forensics: [CALLBACK_HIST] fixture=7 class=event lower_us=2210 n=1[0m
[0;32mI (36734) forensics: [CALLBACK_HIST] fixture=7 class=event lower_us=2220 n=1[0m
[0;32mI (36744) forensics: [CALLBACK_HIST] fixture=7 class=event lower_us=2230 n=1[0m
[0;32mI (36744) forensics: [CALLBACK_HIST] fixture=7 class=event lower_us=2235 n=1[0m
[0;32mI (36754) forensics: [CALLBACK_HIST] fixture=7 class=event lower_us=2275 n=1[0m
[0;32mI (36764) forensics: [CURVE] model=VIBRAPHONE fixture=7 voices=8 class=fixture_transition n=1 avg_us=494.10 p95_us=500 p99_us=500 p995_us=500 p999_us=500 max_us=495 deadline=0 bad_voices=0 ble_lost=0 hard=0 sat=0 bin_us=5 max_observed_voices=8[0m
[0;32mI (36784) forensics: [HIST] fixture=7 class=fixture_transition lower_us=495 n=1[0m
[0;32mI (36794) forensics: [CALLBACK_CURVE] model=VIBRAPHONE fixture=7 voices=8 class=fixture_transition n=1 avg_us=602.00 p95_us=605 p99_us=605 p995_us=605 p999_us=605 max_us=602 deadline=0 overhead_avg_us=107.90[0m
[0;32mI (36814) forensics: [CALLBACK_HIST] fixture=7 class=fixture_transition lower_us=600 n=1[0m
[0;32mI (36824) forensics: [FASTPATH] fixture=7 stable8=147 attack=16[0m
[0;32mI (36824) forensics: [OVERHEAD] fixture=7 blocks=4096 model_reset_avg_us=1.50 model_reset_max_us=21 queue_avg_us=1.73 queue_max_us=26 render_avg_us=1110.87 telem_avg_us=6.09 telem_max_us=156 telem_publishes=512[0m
[0;32mI (36874) pocket_pan_main: [AUDIO] model=PAN blocks=13483 avg_us=10 p99_us=1550 max_us=2278 cpu_load=0.4 deadline=0 timeout=0 tx_error=0 short=0[0m
[0;32mI (36874) pocket_pan_main: [MIDI] push=1 pop=1 drop=0 hwm=1 last=(n=50 v=75 t=78 hex=90324B)[0m
[0;32mI (36884) pocket_pan_main: [BLE] state=8 interval_ms=11.25 latency=0 rssi=-59 reconnects=0 last_disconnect=0[0m
[0;32mI (36894) pocket_pan_main: [MEM] internal_free=61707 largest_internal=31744[0m
[0;32mI (36904) pocket_pan_main: [UIREDRAW] urgent=14 telemetry=144 skip=884[0m
[0;32mI (41894) pocket_pan_main: [AUDIO] model=PAN blocks=15365 avg_us=10 p99_us=25 max_us=2278 cpu_load=0.4 deadline=0 timeout=0 tx_error=0 short=0[0m
[0;32mI (41894) pocket_pan_main: [MIDI] push=1 pop=1 drop=0 hwm=1 last=(n=50 v=75 t=78 hex=90324B)[0m
[0;32mI (41904) pocket_pan_main: [BLE] state=8 interval_ms=11.25 latency=0 rssi=-58 reconnects=0 last_disconnect=0[0m
[0;32mI (41914) pocket_pan_main: [MEM] internal_free=61707 largest_internal=31744[0m
[0;32mI (41924) pocket_pan_main: [UIREDRAW] urgent=14 telemetry=154 skip=1040[0m
