{
  "0": {
    "event": {
      "fixture": "0",
      "n": "2",
      "avg_us": "31.89",
      "max_us": "43"
    },
    "io": {
      "model": "PAN",
      "fixture": "0",
      "avg_us": "364",
      "p99_us": "575",
      "max_us": "1138",
      "cpu_pct": "13.65",
      "deadline": "0",
      "timeouts": "0",
      "tx_errors": "0",
      "short_writes": "0"
    },
    "render": {
      "true_steady": {
        "model": "PAN",
        "fixture": "0",
        "voices": "1",
        "class": "true_steady",
        "n": "61",
        "avg_us": "513.56",
        "p95_us": "535",
        "p99_us": "550",
        "p995_us": "550",
        "p999_us": "550",
        "max_us": "548",
        "deadline": "0",
        "bad_voices": "0",
        "ble_lost": "0",
        "hard": "0",
        "sat": "0",
        "bin_us": "5",
        "max_observed_voices": "1"
      },
      "attack_tail": {
        "model": "PAN",
        "fixture": "0",
        "voices": "1",
        "class": "attack_tail",
        "n": "1",
        "avg_us": "627.19",
        "p95_us": "630",
        "p99_us": "630",
        "p995_us": "630",
        "p999_us": "630",
        "max_us": "628",
        "deadline": "0",
        "bad_voices": "0",
        "ble_lost": "0",
        "hard": "0",
        "sat": "0",
        "bin_us": "5",
        "max_observed_voices": "1"
      },
      "event": {
        "model": "PAN",
        "fixture": "0",
        "voices": "1",
        "class": "event",
        "n": "2",
        "avg_us": "645.86",
        "p95_us": "720",
        "p99_us": "720",
        "p995_us": "720",
        "p999_us": "720",
        "max_us": "717",
        "deadline": "0",
        "bad_voices": "0",
        "ble_lost": "0",
        "hard": "0",
        "sat": "0",
        "bin_us": "5",
        "max_observed_voices": "1"
      },
      "fixture_transition": {
        "model": "PAN",
        "fixture": "0",
        "voices": "1",
        "class": "fixture_transition",
        "n": "1",
        "avg_us": "975.04",
        "p95_us": "980",
        "p99_us": "980",
        "p995_us": "980",
        "p999_us": "980",
        "max_us": "976",
        "deadline": "0",
        "bad_voices": "0",
        "ble_lost": "0",
        "hard": "0",
        "sat": "0",
        "bin_us": "5",
        "max_observed_voices": "1"
      },
      "release_tail": {
        "model": "PAN",
        "fixture": "0",
        "voices": "1",
        "class": "release_tail",
        "n": "4031",
        "avg_us": "375.65",
        "p95_us": "515",
        "p99_us": "515",
        "p995_us": "545",
        "p999_us": "550",
        "max_us": "562",
        "deadline": "0",
        "bad_voices": "0",
        "ble_lost": "0",
        "hard": "0",
        "sat": "0",
        "bin_us": "5",
        "max_observed_voices": "1"
      }
    },
    "callback": {
      "true_steady": {
        "model": "PAN",
        "fixture": "0",
        "voices": "1",
        "class": "true_steady",
        "n": "61",
        "avg_us": "538.23",
        "p95_us": "610",
        "p99_us": "780",
        "p995_us": "780",
        "p999_us": "780",
        "max_us": "777",
        "deadline": "0",
        "overhead_avg_us": "24.67"
      },
      "attack_tail": {
        "model": "PAN",
        "fixture": "0",
        "voices": "1",
        "class": "attack_tail",
        "n": "1",
        "avg_us": "662.00",
        "p95_us": "665",
        "p99_us": "665",
        "p995_us": "665",
        "p999_us": "665",
        "max_us": "662",
        "deadline": "0",
        "overhead_avg_us": "34.81"
      },
      "event": {
        "model": "PAN",
        "fixture": "0",
        "voices": "1",
        "class": "event",
        "n": "2",
        "avg_us": "731.00",
        "p95_us": "870",
        "p99_us": "870",
        "p995_us": "870",
        "p999_us": "870",
        "max_us": "867",
        "deadline": "0",
        "overhead_avg_us": "85.14"
      },
      "fixture_transition": {
        "model": "PAN",
        "fixture": "0",
        "voices": "1",
        "class": "fixture_transition",
        "n": "1",
        "avg_us": "1138.00",
        "p95_us": "1140",
        "p99_us": "1140",
        "p995_us": "1140",
        "p999_us": "1140",
        "max_us": "1138",
        "deadline": "0",
        "overhead_avg_us": "162.96"
      },
      "release_tail": {
        "model": "PAN",
        "fixture": "0",
        "voices": "1",
        "class": "release_tail",
        "n": "4030",
        "avg_us": "390.27",
        "p95_us": "525",
        "p99_us": "550",
        "p995_us": "585",
        "p999_us": "630",
        "max_us": "708",
        "deadline": "0",
        "overhead_avg_us": "14.62"
      }
    },
    "fastpaths": {
      "stable8": 0,
      "attack": 0,
      "sustain": 687
    },
    "profile_us": {
      "true_steady": {
        "allocator": 294.654,
        "modal": 132.8,
        "exciter": 0.0,
        "damping": 0.0,
        "energy": 0.688,
        "body": 97.6,
        "mix": 139.733,
        "limiter": 69.333,
        "pcm": 17.067,
        "midi": 0.0,
        "allocation": 0.0,
        "register": 0.0,
        "coefficients": 0.0,
        "coupling": 0.0,
        "trigger_exciter": 0.0,
        "lookup": 0.0,
        "trigger_other": 0.0,
        "sympathetic": 24.533
      },
      "attack_tail": {
        "allocator": 374.288,
        "modal": 132.8,
        "exciter": 49.808,
        "damping": 8.0,
        "energy": 0.688,
        "body": 97.6,
        "mix": 139.733,
        "limiter": 69.333,
        "pcm": 17.067,
        "midi": 0.0,
        "allocation": 0.0,
        "register": 0.0,
        "coefficients": 0.0,
        "coupling": 0.0,
        "trigger_exciter": 0.0,
        "lookup": 0.0,
        "trigger_other": 0.0,
        "sympathetic": 24.517
      },
      "event": {
        "allocator": 354.531,
        "modal": 132.8,
        "exciter": 45.812,
        "damping": 4.0,
        "energy": 0.677,
        "body": 97.6,
        "mix": 139.656,
        "limiter": 69.196,
        "pcm": 17.067,
        "midi": 0.152,
        "allocation": 0.173,
        "register": 0.062,
        "coefficients": 0.658,
        "coupling": 0.731,
        "trigger_exciter": 7.835,
        "lookup": 0.331,
        "trigger_other": 0.756,
        "sympathetic": 24.423
      },
      "release_tail": {
        "allocator": 152.28,
        "modal": 21.081,
        "exciter": 0.0,
        "damping": 0.0,
        "energy": 0.109,
        "body": 97.619,
        "mix": 139.754,
        "limiter": 69.335,
        "pcm": 17.068,
        "midi": 0.0,
        "allocation": 0.0,
        "register": 0.0,
        "coefficients": 0.0,
        "coupling": 0.0,
        "trigger_exciter": 0.0,
        "lookup": 0.0,
        "trigger_other": 0.0,
        "sympathetic": 24.534
      }
    },
    "kernels": {
      "true_steady": {
        "scalar": 0,
        "six": 0,
        "eight": 128,
        "ten": 0
      },
      "attack_tail": {
        "scalar": 0,
        "six": 0,
        "eight": 128,
        "ten": 0
      },
      "event": {
        "scalar": 0,
        "six": 0,
        "eight": 256,
        "ten": 0
      },
      "release_tail": {
        "scalar": 0,
        "six": 0,
        "eight": 2560,
        "ten": 0
      }
    },
    "profile_max": {
      "true_steady": {
        "allocator": 294.654,
        "modal": 132.8,
        "exciter": 0.0,
        "damping": 0.0,
        "energy": 0.688,
        "body": 97.6,
        "mix": 139.733,
        "limiter": 69.333,
        "pcm": 17.067,
        "midi": 0.0,
        "allocation": 0.0,
        "register": 0.0,
        "coefficients": 0.0,
        "coupling": 0.0,
        "trigger_exciter": 0.0,
        "lookup": 0.0,
        "trigger_other": 0.0,
        "sympathetic": 24.533
      },
      "attack_tail": {
        "allocator": 374.288,
        "modal": 132.8,
        "exciter": 49.808,
        "damping": 8.0,
        "energy": 0.688,
        "body": 97.6,
        "mix": 139.733,
        "limiter": 69.333,
        "pcm": 17.067,
        "midi": 0.0,
        "allocation": 0.0,
        "register": 0.0,
        "coefficients": 0.0,
        "coupling": 0.0,
        "trigger_exciter": 0.0,
        "lookup": 0.0,
        "trigger_other": 0.0,
        "sympathetic": 24.517
      },
      "event": {
        "allocator": 414.4,
        "modal": 132.8,
        "exciter": 91.625,
        "damping": 8.0,
        "energy": 0.667,
        "body": 97.6,
        "mix": 139.579,
        "limiter": 69.058,
        "pcm": 17.067,
        "midi": 0.304,
        "allocation": 0.346,
        "register": 0.125,
        "coefficients": 1.317,
        "coupling": 1.462,
        "trigger_exciter": 15.671,
        "lookup": 0.662,
        "trigger_other": 1.512,
        "sympathetic": 24.308
      },
      "release_tail": {
        "allocator": 301.5,
        "modal": 132.8,
        "exciter": 0.0,
        "damping": 0.0,
        "energy": 0.688,
        "body": 97.6,
        "mix": 139.733,
        "limiter": 69.333,
        "pcm": 17.067,
        "midi": 0.0,
        "allocation": 0.0,
        "register": 0.0,
        "coefficients": 0.0,
        "coupling": 0.0,
        "trigger_exciter": 0.0,
        "lookup": 0.0,
        "trigger_other": 0.0,
        "sympathetic": 24.538
      }
    }
  },
  "2": {
    "event": {
      "fixture": "2",
      "n": "2",
      "avg_us": "72.44",
      "max_us": "115"
    },
    "io": {
      "model": "PAN",
      "fixture": "2",
      "avg_us": "526",
      "p99_us": "1825",
      "max_us": "2706",
      "cpu_pct": "19.72",
      "deadline": "1",
      "timeouts": "0",
      "tx_errors": "0",
      "short_writes": "0"
    },
    "render": {
      "true_steady": {
        "model": "PAN",
        "fixture": "2",
        "voices": "8",
        "class": "true_steady",
        "n": "61",
        "avg_us": "1741.80",
        "p95_us": "1770",
        "p99_us": "1830",
        "p995_us": "1830",
        "p999_us": "1830",
        "max_us": "1828",
        "deadline": "0",
        "bad_voices": "0",
        "ble_lost": "0",
        "hard": "0",
        "sat": "0",
        "bin_us": "5",
        "max_observed_voices": "8"
      },
      "attack_tail": {
        "model": "PAN",
        "fixture": "2",
        "voices": "8",
        "class": "attack_tail",
        "n": "1",
        "avg_us": "2224.08",
        "p95_us": "2230",
        "p99_us": "2230",
        "p995_us": "2230",
        "p999_us": "2230",
        "max_us": "2225",
        "deadline": "0",
        "bad_voices": "0",
        "ble_lost": "0",
        "hard": "0",
        "sat": "0",
        "bin_us": "5",
        "max_observed_voices": "8"
      },
      "event": {
        "model": "PAN",
        "fixture": "2",
        "voices": "8",
        "class": "event",
        "n": "2",
        "avg_us": "2235.20",
        "p95_us": "2605",
        "p99_us": "2605",
        "p995_us": "2605",
        "p999_us": "2605",
        "max_us": "2600",
        "deadline": "0",
        "bad_voices": "0",
        "ble_lost": "0",
        "hard": "0",
        "sat": "0",
        "bin_us": "5",
        "max_observed_voices": "8"
      },
      "fixture_transition": {
        "model": "PAN",
        "fixture": "2",
        "voices": "8",
        "class": "fixture_transition",
        "n": "1",
        "avg_us": "607.49",
        "p95_us": "610",
        "p99_us": "610",
        "p995_us": "610",
        "p999_us": "610",
        "max_us": "608",
        "deadline": "0",
        "bad_voices": "0",
        "ble_lost": "0",
        "hard": "0",
        "sat": "0",
        "bin_us": "5",
        "max_observed_voices": "8"
      },
      "release_tail": {
        "model": "PAN",
        "fixture": "2",
        "voices": "8",
        "class": "release_tail",
        "n": "4031",
        "avg_us": "709.54",
        "p95_us": "1730",
        "p99_us": "1740",
        "p995_us": "1765",
        "p999_us": "1820",
        "max_us": "1822",
        "deadline": "0",
        "bad_voices": "0",
        "ble_lost": "0",
        "hard": "0",
        "sat": "0",
        "bin_us": "5",
        "max_observed_voices": "8"
      }
    },
    "callback": {
      "true_steady": {
        "model": "PAN",
        "fixture": "2",
        "voices": "8",
        "class": "true_steady",
        "n": "61",
        "avg_us": "1764.72",
        "p95_us": "1830",
        "p99_us": "1915",
        "p995_us": "1915",
        "p999_us": "1915",
        "max_us": "1911",
        "deadline": "0",
        "overhead_avg_us": "22.92"
      },
      "attack_tail": {
        "model": "PAN",
        "fixture": "2",
        "voices": "8",
        "class": "attack_tail",
        "n": "1",
        "avg_us": "2250.00",
        "p95_us": "2255",
        "p99_us": "2255",
        "p995_us": "2255",
        "p999_us": "2255",
        "max_us": "2250",
        "deadline": "0",
        "overhead_avg_us": "25.92"
      },
      "event": {
        "model": "PAN",
        "fixture": "2",
        "voices": "8",
        "class": "event",
        "n": "2",
        "avg_us": "2312.50",
        "p95_us": "2710",
        "p99_us": "2710",
        "p995_us": "2710",
        "p999_us": "2710",
        "max_us": "2706",
        "deadline": "1",
        "overhead_avg_us": "77.30"
      },
      "fixture_transition": {
        "model": "PAN",
        "fixture": "2",
        "voices": "8",
        "class": "fixture_transition",
        "n": "1",
        "avg_us": "639.00",
        "p95_us": "640",
        "p99_us": "640",
        "p995_us": "640",
        "p999_us": "640",
        "max_us": "639",
        "deadline": "0",
        "overhead_avg_us": "31.51"
      },
      "release_tail": {
        "model": "PAN",
        "fixture": "2",
        "voices": "8",
        "class": "release_tail",
        "n": "4031",
        "avg_us": "725.91",
        "p95_us": "1745",
        "p99_us": "1775",
        "p995_us": "1830",
        "p999_us": "1860",
        "max_us": "1895",
        "deadline": "0",
        "overhead_avg_us": "16.37"
      }
    },
    "fastpaths": {
      "stable8": 680,
      "attack": 16,
      "sustain": 5661
    },
    "profile_us": {
      "true_steady": {
        "allocator": 1364.083,
        "modal": 1062.404,
        "exciter": 0.0,
        "damping": 0.0,
        "energy": 5.5,
        "body": 97.6,
        "mix": 140.8,
        "limiter": 278.979,
        "pcm": 17.067,
        "midi": 0.0,
        "allocation": 0.0,
        "register": 0.0,
        "coefficients": 0.0,
        "coupling": 0.0,
        "trigger_exciter": 0.0,
        "lookup": 0.0,
        "trigger_other": 0.0,
        "sympathetic": 24.533
      },
      "attack_tail": {
        "allocator": 1776.733,
        "modal": 1062.596,
        "exciter": 331.062,
        "damping": 0.0,
        "energy": 5.5,
        "body": 97.6,
        "mix": 140.8,
        "limiter": 261.446,
        "pcm": 17.067,
        "midi": 0.0,
        "allocation": 0.0,
        "register": 0.0,
        "coefficients": 0.0,
        "coupling": 0.0,
        "trigger_exciter": 0.0,
        "lookup": 0.0,
        "trigger_other": 0.0,
        "sympathetic": 37.892
      },
      "event": {
        "allocator": 1703.504,
        "modal": 1065.592,
        "exciter": 294.275,
        "damping": 0.0,
        "energy": 5.417,
        "body": 97.6,
        "mix": 140.723,
        "limiter": 270.44,
        "pcm": 17.067,
        "midi": 1.217,
        "allocation": 1.923,
        "register": 0.5,
        "coefficients": 5.004,
        "coupling": 5.85,
        "trigger_exciter": 19.619,
        "lookup": 2.65,
        "trigger_other": 5.787,
        "sympathetic": 31.071
      },
      "release_tail": {
        "allocator": 331.567,
        "modal": 176.077,
        "exciter": 0.0,
        "damping": 0.0,
        "energy": 0.911,
        "body": 97.622,
        "mix": 139.925,
        "limiter": 238.952,
        "pcm": 17.067,
        "midi": 0.0,
        "allocation": 0.0,
        "register": 0.0,
        "coefficients": 0.0,
        "coupling": 0.0,
        "trigger_exciter": 0.0,
        "lookup": 0.0,
        "trigger_other": 0.0,
        "sympathetic": 24.534
      }
    },
    "kernels": {
      "true_steady": {
        "scalar": 0,
        "six": 0,
        "eight": 1024,
        "ten": 0
      },
      "attack_tail": {
        "scalar": 0,
        "six": 0,
        "eight": 1024,
        "ten": 0
      },
      "event": {
        "scalar": 0,
        "six": 0,
        "eight": 2048,
        "ten": 0
      },
      "release_tail": {
        "scalar": 0,
        "six": 0,
        "eight": 21376,
        "ten": 0
      }
    },
    "profile_max": {
      "true_steady": {
        "allocator": 1364.083,
        "modal": 1062.404,
        "exciter": 0.0,
        "damping": 0.0,
        "energy": 5.5,
        "body": 97.6,
        "mix": 140.8,
        "limiter": 278.979,
        "pcm": 17.067,
        "midi": 0.0,
        "allocation": 0.0,
        "register": 0.0,
        "coefficients": 0.0,
        "coupling": 0.0,
        "trigger_exciter": 0.0,
        "lookup": 0.0,
        "trigger_other": 0.0,
        "sympathetic": 24.533
      },
      "attack_tail": {
        "allocator": 1776.733,
        "modal": 1062.596,
        "exciter": 331.062,
        "damping": 0.0,
        "energy": 5.5,
        "body": 97.6,
        "mix": 140.8,
        "limiter": 261.446,
        "pcm": 17.067,
        "midi": 0.0,
        "allocation": 0.0,
        "register": 0.0,
        "coefficients": 0.0,
        "coupling": 0.0,
        "trigger_exciter": 0.0,
        "lookup": 0.0,
        "trigger_other": 0.0,
        "sympathetic": 37.892
      },
      "event": {
        "allocator": 2034.817,
        "modal": 1062.4,
        "exciter": 588.55,
        "damping": 0.0,
        "energy": 5.333,
        "body": 97.6,
        "mix": 140.646,
        "limiter": 261.654,
        "pcm": 17.067,
        "midi": 2.433,
        "allocation": 3.846,
        "register": 1.0,
        "coefficients": 10.008,
        "coupling": 11.7,
        "trigger_exciter": 39.237,
        "lookup": 5.3,
        "trigger_other": 11.575,
        "sympathetic": 37.608
      },
      "release_tail": {
        "allocator": 1364.383,
        "modal": 1062.588,
        "exciter": 0.0,
        "damping": 0.0,
        "energy": 5.5,
        "body": 97.6,
        "mix": 140.8,
        "limiter": 272.117,
        "pcm": 17.067,
        "midi": 0.0,
        "allocation": 0.0,
        "register": 0.0,
        "coefficients": 0.0,
        "coupling": 0.0,
        "trigger_exciter": 0.0,
        "lookup": 0.0,
        "trigger_other": 0.0,
        "sympathetic": 24.533
      }
    }
  },
  "1": {
    "event": {
      "fixture": "1",
      "n": "2",
      "avg_us": "44.85",
      "max_us": "68"
    },
    "io": {
      "model": "PAN",
      "fixture": "1",
      "avg_us": "522",
      "p99_us": "1275",
      "max_us": "1834",
      "cpu_pct": "19.57",
      "deadline": "0",
      "timeouts": "0",
      "tx_errors": "0",
      "short_writes": "0"
    },
    "render": {
      "true_steady": {
        "model": "PAN",
        "fixture": "1",
        "voices": "4",
        "class": "true_steady",
        "n": "61",
        "avg_us": "1207.12",
        "p95_us": "1250",
        "p99_us": "1280",
        "p995_us": "1280",
        "p999_us": "1280",
        "max_us": "1276",
        "deadline": "0",
        "bad_voices": "0",
        "ble_lost": "0",
        "hard": "0",
        "sat": "0",
        "bin_us": "5",
        "max_observed_voices": "4"
      },
      "attack_tail": {
        "model": "PAN",
        "fixture": "1",
        "voices": "4",
        "class": "attack_tail",
        "n": "1",
        "avg_us": "1530.22",
        "p95_us": "1535",
        "p99_us": "1535",
        "p995_us": "1535",
        "p999_us": "1535",
        "max_us": "1531",
        "deadline": "0",
        "bad_voices": "0",
        "ble_lost": "0",
        "hard": "0",
        "sat": "0",
        "bin_us": "5",
        "max_observed_voices": "4"
      },
      "event": {
        "model": "PAN",
        "fixture": "1",
        "voices": "4",
        "class": "event",
        "n": "2",
        "avg_us": "1512.10",
        "p95_us": "1740",
        "p99_us": "1740",
        "p995_us": "1740",
        "p999_us": "1740",
        "max_us": "1737",
        "deadline": "0",
        "bad_voices": "0",
        "ble_lost": "0",
        "hard": "0",
        "sat": "0",
        "bin_us": "5",
        "max_observed_voices": "4"
      },
      "fixture_transition": {
        "model": "PAN",
        "fixture": "1",
        "voices": "4",
        "class": "fixture_transition",
        "n": "1",
        "avg_us": "646.79",
        "p95_us": "650",
        "p99_us": "650",
        "p995_us": "650",
        "p999_us": "650",
        "max_us": "647",
        "deadline": "0",
        "bad_voices": "0",
        "ble_lost": "0",
        "hard": "0",
        "sat": "0",
        "bin_us": "5",
        "max_observed_voices": "4"
      },
      "release_tail": {
        "model": "PAN",
        "fixture": "1",
        "voices": "4",
        "class": "release_tail",
        "n": "4031",
        "avg_us": "617.66",
        "p95_us": "1200",
        "p99_us": "1210",
        "p995_us": "1230",
        "p999_us": "1260",
        "max_us": "1264",
        "deadline": "0",
        "bad_voices": "0",
        "ble_lost": "0",
        "hard": "0",
        "sat": "0",
        "bin_us": "5",
        "max_observed_voices": "4"
      }
    },
    "callback": {
      "true_steady": {
        "model": "PAN",
        "fixture": "1",
        "voices": "4",
        "class": "true_steady",
        "n": "61",
        "avg_us": "1229.70",
        "p95_us": "1325",
        "p99_us": "1370",
        "p995_us": "1370",
        "p999_us": "1370",
        "max_us": "1368",
        "deadline": "0",
        "overhead_avg_us": "22.59"
      },
      "attack_tail": {
        "model": "PAN",
        "fixture": "1",
        "voices": "4",
        "class": "attack_tail",
        "n": "1",
        "avg_us": "1560.00",
        "p95_us": "1565",
        "p99_us": "1565",
        "p995_us": "1565",
        "p999_us": "1565",
        "max_us": "1560",
        "deadline": "0",
        "overhead_avg_us": "29.78"
      },
      "event": {
        "model": "PAN",
        "fixture": "1",
        "voices": "4",
        "class": "event",
        "n": "2",
        "avg_us": "1581.50",
        "p95_us": "1835",
        "p99_us": "1835",
        "p995_us": "1835",
        "p999_us": "1835",
        "max_us": "1834",
        "deadline": "0",
        "overhead_avg_us": "69.40"
      },
      "fixture_transition": {
        "model": "PAN",
        "fixture": "1",
        "voices": "4",
        "class": "fixture_transition",
        "n": "1",
        "avg_us": "676.00",
        "p95_us": "680",
        "p99_us": "680",
        "p995_us": "680",
        "p999_us": "680",
        "max_us": "676",
        "deadline": "0",
        "overhead_avg_us": "29.21"
      },
      "release_tail": {
        "model": "PAN",
        "fixture": "1",
        "voices": "4",
        "class": "release_tail",
        "n": "4031",
        "avg_us": "633.83",
        "p95_us": "1215",
        "p99_us": "1250",
        "p995_us": "1275",
        "p999_us": "1320",
        "max_us": "1363",
        "deadline": "0",
        "overhead_avg_us": "16.17"
      }
    },
    "fastpaths": {
      "stable8": 0,
      "attack": 0,
      "sustain": 2759
    },
    "profile_us": {
      "true_steady": {
        "allocator": 802.904,
        "modal": 531.2,
        "exciter": 0.0,
        "damping": 0.0,
        "energy": 2.75,
        "body": 98.158,
        "mix": 141.375,
        "limiter": 263.938,
        "pcm": 17.092,
        "midi": 0.0,
        "allocation": 0.0,
        "register": 0.0,
        "coefficients": 0.0,
        "coupling": 0.0,
        "trigger_exciter": 0.0,
        "lookup": 0.0,
        "trigger_other": 0.0,
        "sympathetic": 24.538
      },
      "attack_tail": {
        "allocator": 1111.375,
        "modal": 531.304,
        "exciter": 193.529,
        "damping": 32.0,
        "energy": 2.75,
        "body": 97.6,
        "mix": 140.8,
        "limiter": 234.204,
        "pcm": 17.067,
        "midi": 0.0,
        "allocation": 0.0,
        "register": 0.0,
        "coefficients": 0.0,
        "coupling": 0.0,
        "trigger_exciter": 0.0,
        "lookup": 0.0,
        "trigger_other": 0.0,
        "sympathetic": 24.533
      },
      "event": {
        "allocator": 1013.002,
        "modal": 534.235,
        "exciter": 150.469,
        "damping": 16.0,
        "energy": 2.708,
        "body": 97.6,
        "mix": 140.723,
        "limiter": 265.444,
        "pcm": 17.067,
        "midi": 0.608,
        "allocation": 0.81,
        "register": 0.25,
        "coefficients": 2.521,
        "coupling": 2.925,
        "trigger_exciter": 11.667,
        "lookup": 1.325,
        "trigger_other": 2.913,
        "sympathetic": 24.417
      },
      "release_tail": {
        "allocator": 233.068,
        "modal": 84.424,
        "exciter": 0.0,
        "damping": 0.0,
        "energy": 0.437,
        "body": 97.626,
        "mix": 139.922,
        "limiter": 235.654,
        "pcm": 17.068,
        "midi": 0.0,
        "allocation": 0.0,
        "register": 0.0,
        "coefficients": 0.0,
        "coupling": 0.0,
        "trigger_exciter": 0.0,
        "lookup": 0.0,
        "trigger_other": 0.0,
        "sympathetic": 24.534
      }
    },
    "kernels": {
      "true_steady": {
        "scalar": 0,
        "six": 0,
        "eight": 512,
        "ten": 0
      },
      "attack_tail": {
        "scalar": 0,
        "six": 0,
        "eight": 512,
        "ten": 0
      },
      "event": {
        "scalar": 0,
        "six": 0,
        "eight": 1024,
        "ten": 0
      },
      "release_tail": {
        "scalar": 0,
        "six": 0,
        "eight": 10240,
        "ten": 0
      }
    },
    "profile_max": {
      "true_steady": {
        "allocator": 802.904,
        "modal": 531.2,
        "exciter": 0.0,
        "damping": 0.0,
        "energy": 2.75,
        "body": 98.158,
        "mix": 141.375,
        "limiter": 263.938,
        "pcm": 17.092,
        "midi": 0.0,
        "allocation": 0.0,
        "register": 0.0,
        "coefficients": 0.0,
        "coupling": 0.0,
        "trigger_exciter": 0.0,
        "lookup": 0.0,
        "trigger_other": 0.0,
        "sympathetic": 24.538
      },
      "attack_tail": {
        "allocator": 1111.375,
        "modal": 531.304,
        "exciter": 193.529,
        "damping": 32.0,
        "energy": 2.75,
        "body": 97.6,
        "mix": 140.8,
        "limiter": 234.204,
        "pcm": 17.067,
        "midi": 0.0,
        "allocation": 0.0,
        "register": 0.0,
        "coefficients": 0.0,
        "coupling": 0.0,
        "trigger_exciter": 0.0,
        "lookup": 0.0,
        "trigger_other": 0.0,
        "sympathetic": 24.533
      },
      "event": {
        "allocator": 1223.121,
        "modal": 537.267,
        "exciter": 300.938,
        "damping": 32.0,
        "energy": 2.667,
        "body": 97.6,
        "mix": 140.646,
        "limiter": 257.296,
        "pcm": 17.067,
        "midi": 1.217,
        "allocation": 1.621,
        "register": 0.5,
        "coefficients": 5.042,
        "coupling": 5.85,
        "trigger_exciter": 23.333,
        "lookup": 2.65,
        "trigger_other": 5.825,
        "sympathetic": 24.3
      },
      "release_tail": {
        "allocator": 804.337,
        "modal": 531.2,
        "exciter": 0.0,
        "damping": 0.0,
        "energy": 2.75,
        "body": 97.608,
        "mix": 140.808,
        "limiter": 271.5,
        "pcm": 17.067,
        "midi": 0.0,
        "allocation": 0.0,
        "register": 0.0,
        "coefficients": 0.0,
        "coupling": 0.0,
        "trigger_exciter": 0.0,
        "lookup": 0.0,
        "trigger_other": 0.0,
        "sympathetic": 24.533
      }
    }
  }
}
