M6.3.2 PreparedNote cache host qualification (candidate 25)
[PreparedNote] all 81 model boundaries versus cold selection...
[PreparedNote] Memory footprint:
  sizeof(PreparedNote):      132 bytes
  sizeof(PreparedNoteTable): 9640 bytes
  sizeof(SynthEngine):       82080 bytes
  kMaxModesPerVoice:         10
  kPreparedNoteCount:        73 (MIDI 24..96)
[PreparedNote] table coverage...
[PreparedNote] in-place reset and model switch regression guard...
[PreparedNote] PCM/FNV grid: 24--96 x 30/70/110/127...
  PAN 292 exact cases, aggregate FNV 0x9e9801244165101d
  BELL 292 exact cases, aggregate FNV 0x7c2dc6f37fb99f4b
  TONGUE 292 exact cases, aggregate FNV 0x83f75567fb47ebaf
  BOWL 292 exact cases, aggregate FNV 0x14772092e35bc4a7
  KALIMBA 292 exact cases, aggregate FNV 0xe9bcabdd0b6e3bd2
  GLASS 292 exact cases, aggregate FNV 0x14e0dd6ba566e1cf
  MARIMBA 292 exact cases, aggregate FNV 0x236d684f05f5f1d2
  VIBRAPHONE 292 exact cases, aggregate FNV 0x3cea893644aa0283
  MBIRA 292 exact cases, aggregate FNV 0xf5ee8755af2fa270
  UDU 292 exact cases, aggregate FNV 0x552d8d59691b008e
[PreparedNote] below/above-table fallback...
[PreparedNote] same-note restrike...
[PreparedNote] PolyPressure after cached trigger...
[PreparedNote] ChannelPressure after cached triggers...
[PreparedNote] PAN -> BELL -> PAN...
[PreparedNote] PAN -> BELL -> TONGUE -> PAN...
[PreparedNote] PAN -> BELL -> TONGUE -> BOWL -> PAN...
[PreparedNote] PAN -> BELL -> TONGUE -> BOWL -> KALIMBA -> GLASS -> MARIMBA -> VIBRAPHONE -> MBIRA -> UDU -> PAN...
PreparedNote cache PCM/FNV qualification passed.
