Test project C:/progs/ESPan/build-host-p6off
      Start  1: ble_midi_parser
 1/15 Test  #1: ble_midi_parser ..................   Passed    0.21 sec
      Start  2: dsp
 2/15 Test  #2: dsp ..............................   Passed   13.08 sec
      Start  3: prepared_note
 3/15 Test  #3: prepared_note ....................   Passed    2.90 sec
      Start  4: telemetry
 4/15 Test  #4: telemetry ........................   Passed    0.20 sec
      Start  5: modal_kernel
 5/15 Test  #5: modal_kernel .....................   Passed    0.15 sec
      Start  6: fastpath
 6/15 Test  #6: fastpath .........................   Passed    0.93 sec
      Start  7: exciter_fastpath
 7/15 Test  #7: exciter_fastpath .................   Passed    0.14 sec
      Start  8: m635_fastpath
 8/15 Test  #8: m635_fastpath ....................   Passed    1.55 sec
      Start  9: m637_trigger
 9/15 Test  #9: m637_trigger .....................   Passed    0.10 sec
      Start 10: vibraphone_runtime
10/15 Test #10: vibraphone_runtime ...............   Passed    0.81 sec
      Start 11: mbira
11/15 Test #11: mbira ............................   Passed    2.16 sec
      Start 12: udu
12/15 Test #12: udu ..............................   Passed    1.36 sec
      Start 13: udu_dynamic
13/15 Test #13: udu_dynamic ......................   Passed    1.17 sec
      Start 14: udu_frozen
14/15 Test #14: udu_frozen .......................   Passed    0.32 sec
      Start 15: cache_layout
15/15 Test #15: cache_layout .....................   Passed    0.11 sec

100% tests passed, 0 tests failed out of 15

Total Test time (real) =  25.22 sec
