[0;32mI (123) esp_image: segment 1: paddr=000306dc vaddr=3fca44[0;32mI (1227) gpio: GPIO[45]| InputEn: 0| OutputEn: 1| OpenDrain: 0| Pullup: 0| Pulldown: 0| Intr:0 [0m
[0;32mI (1227) Display: ST7789 240x135 display initialized successfully (SPI 40MHz, GDMA callback armed)[0m
[0;32mI (1227) pocket_pan_main: [CANARY] PreparedNote canaries OK=1[0m
[0;32mI (1237) pocket_pan_main: [MEM_STAGE] stage=display_ready internal_free=114679 largest_internal=31744 psram_free=2094528[0m
[0;32mI (1257) BLE_INIT: BT controller compile version [ba3b3e3][0m
[0;32mI (1257) BLE_INIT: Bluetooth MAC: b4:3a:45:ae:6f:2a[0m
[0;32mI (1257) phy_init: phy_version 680,a6008b2,Jun  4 2024,16:41:10[0m
[0;32mI (1307) BleMidi: NimBLE BLE MIDI Central initialized and pinned to Core 1[0m
[0;32mI (1307) BleMidi: NimBLE Host task running on Core 1[0m
[0;32mI (1307) pocket_pan_main: [MEM_STAGE] stage=ble_ready internal_free=54391 largest_internal=31744 psram_free=2094528[0m
[0;32mI (1317) NimBLE: Failed to restore IRKs from store; status=8
[0m
[0;32mI (1317) pocket_pan_main: [M75_MEMORY] table_bytes=9640 cache_bytes=60552 synth_bytes=81668 internal_free=54355 largest_internal=31744[0m
[0;32mI (1327) NimBLE: GAP procedure initiated: discovery; [0m
[0;32mI (1337) pocket_pan_main: [UDU_CACHE] compact_bytes=5928 modal_models=9[0m
[0;32mI (1347) NimBLE: own_addr_type=0 filter_policy=0 passive=0 limited=0 filter_duplicates=1 [0m
[0;32mI (1357) pocket_pan_main: [CACHE_LAYOUT] packed=1 storage_bytes=60552 note_scratch_bytes=132[0m
[0;32mI (1367) NimBLE: duration=forever[0m
[0;32mI (1367) pocket_pan_main: [UDU_STATE] voice_bytes=124 fixed_reference=0[0m
[0;32mI (1377) NimBLE: 
[0m
[0;32mI (1387) pocket_pan_main: [MEM_STAGE] stage=ui_ready internal_free=49911 largest_internal=31744 psram_free=2094528[0m
[0;32mI (1387) BleMidi: Scanning for BLE MIDI devices...[0m
[0;32mI (1387) gpio: GPIO[0]| InputEn: 1| OutputEn: 0| OpenDrain: 0| Pullup: 1| Pulldown: 0| Intr:0 [0m
[0;32mI (1397) pocket_pan_main: Pocket Pan initialization complete. Realtime audio active.[0m
[0;32mI (1417) main_task: Returned from app_main()[0m
[0;32mI (1487) BleMidi: BLE MIDI device found (59:FB:B6:B7:BF:0F); connecting[0m
[0;32mI (1497) NimBLE: GAP procedure initiated: connect; [0m
[0;32mI (1497) NimBLE: peer_addr_type=0 peer_addr=[0m
[0;32mI (1497) NimBLE: 59:fb:b6:b7:bf:0f[0m
[0;32mI (1507) NimBLE:  scan_itvl=16 scan_window=16 itvl_min=24 itvl_max=40 latency=0 supervision_timeout=256 min_ce_len=0 max_ce_len=0 own_addr_type=0[0m
[0;32mI (1517) NimBLE: 
[0m
[0;32mI (1597) BleMidi: BLE Connected! conn_handle=1[0m
[0;32mI (1597) NimBLE: GAP procedure initiated: [0m
[0;32mI (1597) NimBLE: connection parameter update; conn_handle=1 itvl_min=6 itvl_max=12 latency=0 supervision_timeout=200 min_ce_len=0 max_ce_len=0[0m
[0;32mI (1607) NimBLE: 
[0m
[0;32mI (1607) BleMidi: Requested connection params 7.5-15ms latency=0 timeout=2s rc=0[0m
[0;32mI (1617) NimBLE: GATT procedure initiated: discover all services
[0m
[0;32mI (1907) BleMidi: Found BLE MIDI Service! start_handle=112 end_handle=115[0m
[0;32mI (1907) NimBLE: GATT procedure initiated: discover all characteristics; [0m
[0;32mI (1907) NimBLE: start_handle=112 end_handle=115
[0m
[0;32mI (2007) BleMidi: Found BLE MIDI Characteristic! def_handle=113 val_handle=114 props=0x16[0m
[0;32mI (2007) NimBLE: GATT procedure initiated: discover all descriptors; [0m
[0;32mI (2007) NimBLE: chr_val_handle=114 end_handle=115
[0m
[0;32mI (2107) BleMidi: Discovered CCCD (0x2902) handle=115[0m
[0;32mI (2107) NimBLE: GATT procedure initiated: write; [0m
[0;32mI (2107) NimBLE: att_handle=115 len=2
[0m
[0;32mI (2167) BleMidi: Negotiated params interval=7.50ms latency=0 timeout=2000ms[0m
[0;32mI (2177) BleMidi: CCCD subscription successful; BLE MIDI ready[0m
[0;32mI (2177) NimBLE: GAP procedure initiated: [0m
[0;32mI (2187) NimBLE: connection parameter update; conn_handle=1 itvl_min=6 itvl_max=9 latency=0 supervision_timeout=100 min_ce_len=0 max_ce_len=0[0m
[0;32mI (2197) NimBLE: 
[0m
[0;32mI (2277) BleMidi: Negotiated params interval=11.25ms latency=0 timeout=1000ms[0m
[0;32mI (5827) pocket_pan_main: [AUDIO] model=PAN blocks=1841 avg_us=344 p99_us=0 max_us=674 cpu_load=12.9 deadline=0 timeout=0 tx_error=0 short=0[0m
[0;32mI (5827) pocket_pan_main: [MIDI] push=1 pop=1 drop=0 hwm=1 last=(n=50 v=75 t=78 hex=90324B)[0m
[0;32mI (5837) pocket_pan_main: [BLE] state=8 interval_ms=11.25 latency=0 rssi=-82 reconnects=0 last_disconnect=0[0m
[0;32mI (5847) pocket_pan_main: [MEM] internal_free=58531 largest_internal=31744[0m
[0;32mI (5857) pocket_pan_main: [UIREDRAW] urgent=8 telemetry=13 skip=126[0m
[0;32mI (10847) pocket_pan_main: [AUDIO] model=PAN blocks=3724 avg_us=344 p99_us=525 max_us=674 cpu_load=12.9 deadline=0 timeout=0 tx_error=0 short=0[0m
[0;32mI (10847) pocket_pan_main: [MIDI] push=1 pop=1 drop=0 hwm=1 last=(n=50 v=75 t=78 hex=90324B)[0m
[0;32mI (10857) pocket_pan_main: [BLE] state=8 interval_ms=11.25 latency=0 rssi=-67 reconnects=0 last_disconnect=0[0m
[0;32mI (10867) pocket_pan_main: [MEM] internal_free=58531 largest_internal=31744[0m
[0;32mI (10877) pocket_pan_main: [UIREDRAW] urgent=8 telemetry=29 skip=276[0m
[0;32mI (15867) pocket_pan_main: [AUDIO] model=PAN blocks=5605 avg_us=344 p99_us=375 max_us=674 cpu_load=12.9 deadline=0 timeout=0 tx_error=0 short=0[0m
[0;32mI (15867) pocket_pan_main: [MIDI] push=1 pop=1 drop=0 hwm=1 last=(n=50 v=75 t=78 hex=90324B)[0m
[0;32mI (15877) pocket_pan_main: [BLE] state=8 interval_ms=11.25 latency=0 rssi=-65 reconnects=0 last_disconnect=0[0m
[0;32mI (15887) pocket_pan_main: [MEM] internal_free=58531 largest_internal=31744[0m
[0;32mI (15897) pocket_pan_main: [UIREDRAW] urgent=8 telemetry=48 skip=423[0m
[0;32mI (20877) pocket_pan_main: [AUDIO] model=PAN blocks=7485 avg_us=344 p99_us=375 max_us=674 cpu_load=12.9 deadline=0 timeout=0 tx_error=0 short=0[0m
[0;32mI (20877) pocket_pan_main: [MIDI] push=1 pop=1 drop=0 hwm=1 last=(n=50 v=75 t=78 hex=90324B)[0m
[0;32mI (20887) pocket_pan_main: [BLE] state=8 interval_ms=11.25 latency=0 rssi=-67 reconnects=0 last_disconnect=0[0m
[0;32mI (20897) pocket_pan_main: [MEM] internal_free=58531 largest_internal=31744[0m
[0;32mI (20907) pocket_pan_main: [UIREDRAW] urgent=8 telemetry=66 skip=571[0m
