[0;32mI (122) esp_image: segment 1: paddr=0002ee4c vaddr=3fc9bc[0;32mI (669) esp_psram: SPI SRAM memory test OK[0m
[0;32mI (678) cpu_start: Pro cpu start user code[0m
[0;32mI (678) cpu_start: cpu freq: 240000000 Hz[0m
[0;32mI (679) app_init: Application information:[0m
[0;32mI (681) app_init: Project name:     pocket_pan[0m
[0;32mI (686) app_init: App version:      2bb0443-dirty[0m
[0;32mI (692) app_init: Compile time:     Sep 26 2026 00:13:47[0m
[0;32mI (698) app_init: ELF file SHA256:  9c14183d0...[0m
[0;32mI (703) app_init: ESP-IDF:          v5.3-dirty[0m
[0;32mI (708) efuse_init: Min chip rev:     v0.0[0m
[0;32mI (713) efuse_init: Max chip rev:     v0.99 [0m
[0;32mI (718) efuse_init: Chip rev:         v0.2[0m
[0;32mI (723) heap_init: Initializing. RAM available for dynamic allocation:[0m
[0;32mI (730) heap_init: At 3FCB86E8 len 00031028 (196 KiB): RAM[0m
[0;32mI (736) heap_init: At 3FCE9710 len 00005724 (21 KiB): RAM[0m
[0;32mI (742) heap_init: At 3FCF0000 len 00008000 (32 KiB): DRAM[0m
[0;32mI (748) heap_init: At 600FE100 len 00001EE8 (7 KiB): RTCRAM[0m
[0;32mI (755) esp_psram: Adding pool of 2048K of PSRAM memory to heap allocator[0m
[0;32mI (763) spi_flash: detected chip: generic[0m
[0;32mI (767) spi_flash: flash io: dio[0m
[0;32mI (771) sleep: Configure to isolate all GPIO pins in sleep state[0m
[0;32mI (778) sleep: Enable automatic switching of GPIO sleep configuration[0m
[0;32mI (785) coexist: coex firmware version: dab85ae96[0m
[0;32mI (790) coexist: coexist rom version e7ae62f[0m
[0;32mI (795) main_task: Started on CPU0[0m
[0;32mI (805) esp_psram: Reserving pool of 32K of internal memory for DMA/internal allocations[0m
[0;32mI (805) main_task: Calling app_main()[0m
[0;32mI (815) pocket_pan_main: ===============================================[0m
[0;32mI (815) pocket_pan_main:   Pocket Pan / Metal Modal Synthesizer v1.0.0[0m
[0;32mI (825) pocket_pan_main:   Hardware: TENSTAR TS-ESP32-S3 (Feather TFT)[0m
[0;32mI (835) pocket_pan_main: ===============================================[0m
[0;32mI (845) pocket_pan_main: [FORENSICS] candidate=9 profile=0 cpu_mhz=240 optimization_perf=1[0m
[0;32mI (855) gpio: GPIO[10]| InputEn: 0| OutputEn: 1| OpenDrain: 0| Pullup: 0| Pulldown: 1| Intr:0 [0m
[0;32mI (865) AudioI2S: I2S TX initialized (48kHz, 32-bit slot, stereo, 6x128 frames DMA = 1024 bytes/buf)[0m
[0;32mI (875) AudioI2S: Audio task started on Core 0 at priority 12[0m
[0;32mI (875) BLE_INIT: BT controller compile version [ba3b3e3][0m
[0;32mI (885) BLE_INIT: Bluetooth MAC: b4:3a:45:ae:6f:2a[0m
[0;32mI (885) phy_init: phy_version 680,a6008b2,Jun  4 2024,16:41:10[0m
[0;32mI (925) BleMidi: NimBLE Host task running on Core 1[0m
[0;32mI (925) BleMidi: NimBLE BLE MIDI Central initialized and pinned to Core 1[0m
[0;32mI (935) NimBLE: Failed to restore IRKs from store; status=8
[0m
[0;32mI (935) gpio: GPIO[39]| InputEn: 0| OutputEn: 1| OpenDrain: 0| Pullup: 0| Pulldown: 0| Intr:0 [0m
[0;32mI (935) NimBLE: GAP procedure initiated: discovery; [0m
[0;32mI (945) gpio: GPIO[40]| InputEn: 0| OutputEn: 1| OpenDrain: 0| Pullup: 0| Pulldown: 0| Intr:0 [0m
[0;32mI (955) NimBLE: own_addr_type=0 filter_policy=0 passive=0 limited=0 filter_duplicates=1 [0m
[0;32mI (965) gpio: GPIO[21]| InputEn: 0| OutputEn: 1| OpenDrain: 0| Pullup: 0| Pulldown: 0| Intr:0 [0m
[0;32mI (965) NimBLE: duration=forever[0m
[0;32mI (985) NimBLE: 
[0m
[0;32mI (985) BleMidi: Scanning for BLE MIDI devices...[0m
[0;32mI (1035) BleMidi: BLE MIDI device found (59:FB:B6:B7:BF:0F); connecting[0m
[0;32mI (1035) NimBLE: GAP procedure initiated: connect; [0m
[0;32mI (1035) NimBLE: peer_addr_type=0 peer_addr=[0m
[0;32mI (1035) NimBLE: 59:fb:b6:b7:bf:0f[0m
[0;32mI (1045) NimBLE:  scan_itvl=16 scan_window=16 itvl_min=24 itvl_max=40 latency=0 supervision_timeout=256 min_ce_len=0 max_ce_len=0 own_addr_type=0[0m
[0;32mI (1055) NimBLE: 
[0m
[0;32mI (1135) BleMidi: BLE Connected! conn_handle=1[0m
[0;32mI (1135) NimBLE: GAP procedure initiated: [0m
[0;32mI (1135) NimBLE: connection parameter update; conn_handle=1 itvl_min=6 itvl_max=12 latency=0 supervision_timeout=200 min_ce_len=0 max_ce_len=0[0m
[0;32mI (1145) NimBLE: 
[0m
[0;32mI (1155) BleMidi: Requested connection params 7.5-15ms latency=0 timeout=2s rc=0[0m
[0;32mI (1165) NimBLE: GATT procedure initiated: discover all services
[0m
[0;32mI (1195) gpio: GPIO[45]| InputEn: 0| OutputEn: 1| OpenDrain: 0| Pullup: 0| Pulldown: 0| Intr:0 [0m
[0;32mI (1195) Display: ST7789 240x135 display initialized successfully[0m
[0;32mI (1195) pocket_pan_main: Pocket Pan initialization complete. Realtime audio active.[0m
[0;32mI (1195) gpio: GPIO[0]| InputEn: 1| OutputEn: 0| OpenDrain: 0| Pullup: 1| Pulldown: 0| Intr:0 [0m
[0;32mI (1205) main_task: Returned from app_main()[0m
[0;32mI (1485) BleMidi: Negotiated params interval=50.00ms latency=0 timeout=2560ms[0m
[0;32mI (1485) NimBLE: Reattempt connection; reason = 0x3e, status = 0,reattempt count = 0 [0m
[0;31mE (1485) BleMidi: MIDI service discovery failed; disconnecting for recovery[0m
[0;32mI (1495) NimBLE: GAP procedure initiated: terminate connection; conn_handle=1 hci_reason=19
[0m
[0;32mI (1505) NimBLE: GAP procedure initiated: connect; [0m
[0;32mI (1515) NimBLE: peer_addr_type=0 peer_addr=[0m
[0;32mI (1515) NimBLE: 59:fb:b6:b7:bf:0f[0m
[0;32mI (1525) NimBLE:  scan_itvl=16 scan_window=16 itvl_min=24 itvl_max=40 latency=0 supervision_timeout=256 min_ce_len=0 max_ce_len=0 own_addr_type=0[0m
[0;32mI (1535) NimBLE: 
[0m
[0;32mI (1605) BleMidi: BLE Connected! conn_handle=1[0m
[0;32mI (1605) NimBLE: GAP procedure initiated: [0m
[0;32mI (1605) NimBLE: connection parameter update; conn_handle=1 itvl_min=6 itvl_max=12 latency=0 supervision_timeout=200 min_ce_len=0 max_ce_len=0[0m
[0;32mI (1615) NimBLE: 
[0m
[0;32mI (1625) BleMidi: Requested connection params 7.5-15ms latency=0 timeout=2s rc=0[0m
[0;32mI (1635) NimBLE: GATT procedure initiated: discover all services
[0m
[0;32mI (1935) BleMidi: Found BLE MIDI Service! start_handle=112 end_handle=115[0m
[0;32mI (1935) NimBLE: GATT procedure initiated: discover all characteristics; [0m
[0;32mI (1935) NimBLE: start_handle=112 end_handle=115
[0m
[0;32mI (2035) BleMidi: Found BLE MIDI Characteristic! def_handle=113 val_handle=114 props=0x16[0m
[0;32mI (2035) NimBLE: GATT procedure initiated: discover all descriptors; [0m
[0;32mI (2035) NimBLE: chr_val_handle=114 end_handle=115
[0m
[0;32mI (2135) BleMidi: Discovered CCCD (0x2902) handle=115[0m
[0;32mI (2135) NimBLE: GATT procedure initiated: write; [0m
[0;32mI (2135) NimBLE: att_handle=115 len=2
[0m
[0;32mI (2185) BleMidi: Negotiated params interval=7.50ms latency=0 timeout=2000ms[0m
[0;32mI (2195) BleMidi: CCCD subscription successful; BLE MIDI ready[0m
[0;32mI (2195) NimBLE: GAP procedure initiated: [0m
[0;32mI (2195) NimBLE: connection parameter update; conn_handle=1 itvl_min=6 itvl_max=9 latency=0 supervision_timeout=100 min_ce_len=0 max_ce_len=0[0m
[0;32mI (2215) NimBLE: 
[0m
[0;32mI (2295) BleMidi: Negotiated params interval=11.25ms latency=0 timeout=1000ms[0m
[0;32mI (5815) pocket_pan_main: [AUDIO] model=PAN blocks=1854 avg_us=352 p99_us=0 max_us=1726 cpu_load=13.2 deadline=0 timeout=0 tx_error=0 short=0[0m
[0;32mI (5825) pocket_pan_main: [MIDI] push=1 pop=1 drop=0 hwm=1 last=(n=50 v=75 t=78 hex=90324B)[0m
[0;32mI (5835) pocket_pan_main: [BLE] state=8 interval_ms=11.25 latency=0 rssi=-60 reconnects=0 last_disconnect=0[0m
[0;32mI (5845) pocket_pan_main: [MEM] internal_free=99155 largest_internal=31744[0m
[0;32mI (10825) pocket_pan_main: [AUDIO] model=PAN blocks=3732 avg_us=351 p99_us=475 max_us=1726 cpu_load=13.2 deadline=0 timeout=0 tx_error=0 short=0[0m
[0;32mI (10825) pocket_pan_main: [MIDI] push=1 pop=1 drop=0 hwm=1 last=(n=50 v=75 t=78 hex=90324B)[0m
[0;32mI (10835) pocket_pan_main: [BLE] state=8 interval_ms=11.25 latency=0 rssi=-58 reconnects=0 last_disconnect=0[0m
[0;32mI (10845) pocket_pan_main: [MEM] internal_free=99155 largest_internal=31744[0m
[0;32mI (15835) pocket_pan_main: [AUDIO] model=PAN blocks=5612 avg_us=353 p99_us=475 max_us=1726 cpu_load=13.2 deadline=0 timeout=0 tx_error=0 short=0[0m
[0;32mI (15845) pocket_pan_main: [MIDI] push=1 pop=1 drop=0 hwm=1 last=(n=50 v=75 t=78 hex=90324B)[0m
[0;32mI (15855) pocket_pan_main: [BLE] state=8 interval_ms=11.25 latency=0 rssi=-59 reconnects=0 last_disconnect=0[0m
[0;32mI (15865) pocket_pan_main: [MEM] internal_free=99155 largest_internal=31744[0m
[0;32mI (20845) pocket_pan_main: [AUDIO] model=PAN blocks=7491 avg_us=351 p99_us=500 max_us=1726 cpu_load=13.2 deadline=0 timeout=0 tx_error=0 short=0[0m
[0;32mI (20855) pocket_pan_main: [MIDI] push=1 pop=1 drop=0 hwm=1 last=(n=50 v=75 t=78 hex=90324B)[0m
[0;32mI (20865) pocket_pan_main: [BLE] state=8 interval_ms=11.25 latency=0 rssi=-59 reconnects=0 last_disconnect=0[0m
[0;32mI (20875) pocket_pan_main: [MEM] internal_free=99155 largest_internal=31744[0m
[0;32mI (24085) forensics: [CURVE] model=PAN fixture=0 voices=0 class=steady n=8148 avg_us=342.71 p99_us=475 max_us=549 deadline=0 bad_voices=0 ble_lost=0 hard=0 sat=0[0m
[0;32mI (24095) forensics: [HIST] fixture=0 class=steady lower_us=325 n=6479[0m
[0;32mI (24095) forensics: [HIST] fixture=0 class=steady lower_us=350 n=243[0m
[0;32mI (24105) forensics: [HIST] fixture=0 class=steady lower_us=375 n=298[0m
[0;32mI (24115) forensics: [HIST] fixture=0 class=steady lower_us=400 n=841[0m
[0;32mI (24115) forensics: [HIST] fixture=0 class=steady lower_us=425 n=178[0m
[0;32mI (24125) forensics: [HIST] fixture=0 class=steady lower_us=450 n=99[0m
[0;32mI (24135) forensics: [HIST] fixture=0 class=steady lower_us=475 n=5[0m
[0;32mI (24135) forensics: [HIST] fixture=0 class=steady lower_us=500 n=4[0m
[0;32mI (24145) forensics: [HIST] fixture=0 class=steady lower_us=525 n=1[0m
[0;32mI (24155) forensics: [CURVE] model=PAN fixture=0 voices=0 class=event n=44 avg_us=339.81 p99_us=450 max_us=445 deadline=0 bad_voices=0 ble_lost=0 hard=0 sat=0[0m
[0;32mI (24165) forensics: [HIST] fixture=0 class=event lower_us=325 n=39[0m
[0;32mI (24175) forensics: [HIST] fixture=0 class=event lower_us=350 n=1[0m
[0;32mI (24185) forensics: [HIST] fixture=0 class=event lower_us=375 n=1[0m
[0;32mI (24185) forensics: [HIST] fixture=0 class=event lower_us=400 n=2[0m
[0;32mI (24195) forensics: [HIST] fixture=0 class=event lower_us=425 n=1[0m
[0;32mI (25855) pocket_pan_main: [AUDIO] model=PAN blocks=9368 avg_us=542 p99_us=500 max_us=2198 cpu_load=20.3 deadline=0 timeout=0 tx_error=0 short=0[0m
[0;32mI (25855) pocket_pan_main: [MIDI] push=1 pop=1 drop=0 hwm=1 last=(n=50 v=75 t=78 hex=90324B)[0m
[0;32mI (25865) pocket_pan_main: [BLE] state=8 interval_ms=11.25 latency=0 rssi=-61 reconnects=0 last_disconnect=0[0m
[0;32mI (25875) pocket_pan_main: [MEM] internal_free=99155 largest_internal=31744[0m
[0;32mI (30865) pocket_pan_main: [AUDIO] model=PAN blocks=11248 avg_us=544 p99_us=700 max_us=2198 cpu_load=20.4 deadline=0 timeout=0 tx_error=0 short=0[0m
[0;32mI (30875) pocket_pan_main: [MIDI] push=1 pop=1 drop=0 hwm=1 last=(n=50 v=75 t=78 hex=90324B)[0m
[0;32mI (30885) pocket_pan_main: [BLE] state=8 interval_ms=11.25 latency=0 rssi=-59 reconnects=0 last_disconnect=0[0m
[0;32mI (30895) pocket_pan_main: [MEM] internal_free=99155 largest_internal=31744[0m
[0;32mI (35875) pocket_pan_main: [AUDIO] model=PAN blocks=13127 avg_us=545 p99_us=850 max_us=2198 cpu_load=20.4 deadline=0 timeout=0 tx_error=0 short=0[0m
[0;32mI (35885) pocket_pan_main: [MIDI] push=1 pop=1 drop=0 hwm=1 last=(n=50 v=75 t=78 hex=90324B)[0m
[0;32mI (35895) pocket_pan_main: [BLE] state=8 interval_ms=11.25 latency=0 rssi=-57 reconnects=0 last_disconnect=0[0m
[0;32mI (35905) pocket_pan_main: [MEM] internal_free=99155 largest_internal=31744[0m
[0;32mI (40885) pocket_pan_main: [AUDIO] model=PAN blocks=15005 avg_us=538 p99_us=700 max_us=2198 cpu_load=20.2 deadline=0 timeout=0 tx_error=0 short=0[0m
[0;32mI (40885) pocket_pan_main: [MIDI] push=1 pop=1 drop=0 hwm=1 last=(n=50 v=75 t=78 hex=90324B)[0m
[0;32mI (40895) pocket_pan_main: [BLE] state=8 interval_ms=11.25 latency=0 rssi=-60 reconnects=0 last_disconnect=0[0m
[0;32mI (40905) pocket_pan_main: [MEM] internal_free=99155 largest_internal=31744[0m
[0;32mI (45895) pocket_pan_main: [AUDIO] model=PAN blocks=16884 avg_us=546 p99_us=850 max_us=2198 cpu_load=20.5 deadline=0 timeout=0 tx_error=0 short=0[0m
[0;32mI (45905) pocket_pan_main: [MIDI] push=1 pop=1 drop=0 hwm=1 last=(n=50 v=75 t=78 hex=90324B)[0m
[0;32mI (45915) pocket_pan_main: [BLE] state=8 interval_ms=11.25 latency=0 rssi=-59 reconnects=0 last_disconnect=0[0m
[0;32mI (45925) pocket_pan_main: [MEM] internal_free=99155 largest_internal=31744[0m
[0;32mI (45955) forensics: [CURVE] model=PAN fixture=1 voices=1 class=steady n=8148 avg_us=534.78 p99_us=700 max_us=917 deadline=0 bad_voices=0 ble_lost=0 hard=0 sat=0[0m
[0;32mI (45955) forensics: [HIST] fixture=1 class=steady lower_us=500 n=5971[0m
[0;32mI (45965) forensics: [HIST] fixture=1 class=steady lower_us=525 n=270[0m
[0;32mI (45975) forensics: [HIST] fixture=1 class=steady lower_us=550 n=245[0m
[0;32mI (45985) forensics: [HIST] fixture=1 class=steady lower_us=575 n=700[0m
[0;32mI (45985) forensics: [HIST] fixture=1 class=steady lower_us=600 n=400[0m
[0;32mI (45995) forensics: [HIST] fixture=1 class=steady lower_us=625 n=151[0m
[0;32mI (46005) forensics: [HIST] fixture=1 class=steady lower_us=650 n=294[0m
[0;32mI (46005) forensics: [HIST] fixture=1 class=steady lower_us=675 n=37[0m
[0;32mI (46015) forensics: [HIST] fixture=1 class=steady lower_us=700 n=9[0m
[0;32mI (46025) forensics: [HIST] fixture=1 class=steady lower_us=725 n=6[0m
[0;32mI (46035) forensics: [HIST] fixture=1 class=steady lower_us=750 n=10[0m
[0;32mI (46035) forensics: [HIST] fixture=1 class=steady lower_us=775 n=22[0m
[0;32mI (46045) forensics: [HIST] fixture=1 class=steady lower_us=800 n=17[0m
[0;32mI (46055) forensics: [HIST] fixture=1 class=steady lower_us=825 n=4[0m
[0;32mI (46055) forensics: [HIST] fixture=1 class=steady lower_us=850 n=6[0m
[0;32mI (46065) forensics: [HIST] fixture=1 class=steady lower_us=875 n=5[0m
[0;32mI (46075) forensics: [HIST] fixture=1 class=steady lower_us=900 n=1[0m
[0;32mI (46075) forensics: [CURVE] model=PAN fixture=1 voices=1 class=event n=44 avg_us=1036.97 p99_us=1225 max_us=1212 deadline=0 bad_voices=0 ble_lost=0 hard=0 sat=0[0m
[0;32mI (46095) forensics: [HIST] fixture=1 class=event lower_us=950 n=1[0m
[0;32mI (46105) forensics: [HIST] fixture=1 class=event lower_us=1000 n=21[0m
[0;32mI (46105) forensics: [HIST] fixture=1 class=event lower_us=1025 n=15[0m
[0;32mI (46115) forensics: [HIST] fixture=1 class=event lower_us=1050 n=1[0m
[0;32mI (46125) forensics: [HIST] fixture=1 class=event lower_us=1075 n=1[0m
[0;32mI (46125) forensics: [HIST] fixture=1 class=event lower_us=1100 n=1[0m
[0;32mI (46135) forensics: [HIST] fixture=1 class=event lower_us=1125 n=3[0m
[0;32mI (46145) forensics: [HIST] fixture=1 class=event lower_us=1200 n=1[0m
[0;32mI (50895) pocket_pan_main: [AUDIO] model=PAN blocks=18759 avg_us=922 p99_us=1225 max_us=2546 cpu_load=34.6 deadline=0 timeout=0 tx_error=0 short=0[0m
[0;32mI (50905) pocket_pan_main: [MIDI] push=1 pop=1 drop=0 hwm=1 last=(n=50 v=75 t=78 hex=90324B)[0m
[0;32mI (50915) pocket_pan_main: [BLE] state=8 interval_ms=11.25 latency=0 rssi=-58 reconnects=0 last_disconnect=0[0m
[0;32mI (50925) pocket_pan_main: [MEM] internal_free=99155 largest_internal=31744[0m
[0;32mI (55905) pocket_pan_main: [AUDIO] model=PAN blocks=20637 avg_us=908 p99_us=1275 max_us=2546 cpu_load=34.0 deadline=0 timeout=0 tx_error=0 short=0[0m
[0;32mI (55905) pocket_pan_main: [MIDI] push=1 pop=1 drop=0 hwm=1 last=(n=50 v=75 t=78 hex=90324B)[0m
[0;32mI (55915) pocket_pan_main: [BLE] state=8 interval_ms=11.25 latency=0 rssi=-59 reconnects=0 last_disconnect=0[0m
[0;32mI (55925) pocket_pan_main: [MEM] internal_free=99155 largest_internal=31744[0m
[0;32mI (60915) pocket_pan_main: [AUDIO] model=PAN blocks=22517 avg_us=911 p99_us=1275 max_us=2546 cpu_load=34.2 deadline=0 timeout=0 tx_error=0 short=0[0m
[0;32mI (60925) pocket_pan_main: [MIDI] push=1 pop=1 drop=0 hwm=1 last=(n=50 v=75 t=78 hex=90324B)[0m
[0;32mI (60935) pocket_pan_main: [BLE] state=8 interval_ms=11.25 latency=0 rssi=-57 reconnects=0 last_disconnect=0[0m
[0;32mI (60945) pocket_pan_main: [MEM] internal_free=99155 largest_internal=31744[0m
[0;32mI (65925) pocket_pan_main: [AUDIO] model=PAN blocks=24396 avg_us=923 p99_us=1250 max_us=2546 cpu_load=34.6 deadline=0 timeout=0 tx_error=0 short=0[0m
[0;32mI (65935) pocket_pan_main: [MIDI] push=1 pop=1 drop=0 hwm=1 last=(n=50 v=75 t=78 hex=90324B)[0m
[0;32mI (65945) pocket_pan_main: [BLE] state=8 interval_ms=11.25 latency=0 rssi=-57 reconnects=0 last_disconnect=0[0m
[0;32mI (65955) pocket_pan_main: [MEM] internal_free=99155 largest_internal=31744[0m
[0;32mI (67755) forensics: [CURVE] model=PAN fixture=2 voices=2 class=steady n=8148 avg_us=901.11 p99_us=1200 max_us=1364 deadline=0 bad_voices=0 ble_lost=0 hard=0 sat=0[0m
[0;32mI (67765) forensics: [HIST] fixture=2 class=steady lower_us=850 n=5633[0m
[0;32mI (67765) forensics: [HIST] fixture=2 class=steady lower_us=875 n=644[0m
[0;32mI (67775) forensics: [HIST] fixture=2 class=steady lower_us=900 n=121[0m
[0;32mI (67785) forensics: [HIST] fixture=2 class=steady lower_us=925 n=85[0m
[0;32mI (67785) forensics: [HIST] fixture=2 class=steady lower_us=950 n=112[0m
[0;32mI (67795) forensics: [HIST] fixture=2 class=steady lower_us=975 n=131[0m
[0;32mI (67805) forensics: [HIST] fixture=2 class=steady lower_us=1000 n=305[0m
[0;32mI (67815) forensics: [HIST] fixture=2 class=steady lower_us=1025 n=210[0m
[0;32mI (67815) forensics: [HIST] fixture=2 class=steady lower_us=1050 n=384[0m
[0;32mI (67825) forensics: [HIST] fixture=2 class=steady lower_us=1075 n=204[0m
[0;32mI (67835) forensics: [HIST] fixture=2 class=steady lower_us=1100 n=81[0m
[0;32mI (67835) forensics: [HIST] fixture=2 class=steady lower_us=1125 n=35[0m
[0;32mI (67845) forensics: [HIST] fixture=2 class=steady lower_us=1150 n=78[0m
[0;32mI (67855) forensics: [HIST] fixture=2 class=steady lower_us=1175 n=84[0m
[0;32mI (67865) forensics: [HIST] fixture=2 class=steady lower_us=1200 n=22[0m
[0;32mI (67865) forensics: [HIST] fixture=2 class=steady lower_us=1225 n=12[0m
[0;32mI (67875) forensics: [HIST] fixture=2 class=steady lower_us=1250 n=2[0m
[0;32mI (67885) forensics: [HIST] fixture=2 class=steady lower_us=1275 n=2[0m
[0;32mI (67885) forensics: [HIST] fixture=2 class=steady lower_us=1300 n=2[0m
[0;32mI (67895) forensics: [HIST] fixture=2 class=steady lower_us=1350 n=1[0m
[0;32mI (67905) forensics: [CURVE] model=PAN fixture=2 voices=2 class=event n=44 avg_us=1421.19 p99_us=1825 max_us=1811 deadline=0 bad_voices=0 ble_lost=0 hard=0 sat=0[0m
[0;32mI (67915) forensics: [HIST] fixture=2 class=event lower_us=1325 n=3[0m
[0;32mI (67925) forensics: [HIST] fixture=2 class=event lower_us=1350 n=4[0m
[0;32mI (67935) forensics: [HIST] fixture=2 class=event lower_us=1375 n=19[0m
[0;32mI (67935) forensics: [HIST] fixture=2 class=event lower_us=1400 n=3[0m
[0;32mI (67945) forensics: [HIST] fixture=2 class=event lower_us=1425 n=7[0m
[0;32mI (67955) forensics: [HIST] fixture=2 class=event lower_us=1450 n=2[0m
[0;32mI (67955) forensics: [HIST] fixture=2 class=event lower_us=1475 n=1[0m
[0;32mI (67965) forensics: [HIST] fixture=2 class=event lower_us=1500 n=2[0m
[0;32mI (67975) forensics: [HIST] fixture=2 class=event lower_us=1575 n=1[0m
[0;32mI (67985) forensics: [HIST] fixture=2 class=event lower_us=1650 n=1[0m
[0;32mI (67985) forensics: [HIST] fixture=2 class=event lower_us=1800 n=1[0m
[0;32mI (70935) pocket_pan_main: [AUDIO] model=PAN blocks=26273 avg_us=1278 p99_us=1250 max_us=2731 cpu_load=47.9 deadline=1 timeout=0 tx_error=0 short=0[0m
[0;32mI (70935) pocket_pan_main: [MIDI] push=1 pop=1 drop=0 hwm=1 last=(n=50 v=75 t=78 hex=90324B)[0m
[0;32mI (70945) pocket_pan_main: [BLE] state=8 interval_ms=11.25 latency=0 rssi=-60 reconnects=0 last_disconnect=0[0m
[0;32mI (70955) pocket_pan_main: [MEM] internal_free=99155 largest_internal=31744[0m
[0;32mI (75945) pocket_pan_main: [AUDIO] model=PAN blocks=28153 avg_us=1288 p99_us=1625 max_us=2731 cpu_load=48.3 deadline=1 timeout=0 tx_error=0 short=0[0m
[0;32mI (75955) pocket_pan_main: [MIDI] push=1 pop=1 drop=0 hwm=1 last=(n=50 v=75 t=78 hex=90324B)[0m
[0;32mI (75965) pocket_pan_main: [BLE] state=8 interval_ms=11.25 latency=0 rssi=-60 reconnects=0 last_disconnect=0[0m
[0;32mI (75975) pocket_pan_main: [MEM] internal_free=99155 largest_internal=31744[0m
[0;32mI (80955) pocket_pan_main: [AUDIO] model=PAN blocks=30032 avg_us=1293 p99_us=1650 max_us=2772 cpu_load=48.5 deadline=2 timeout=0 tx_error=0 short=0[0m
[0;32mI (80965) pocket_pan_main: [MIDI] push=1 pop=1 drop=0 hwm=1 last=(n=50 v=75 t=78 hex=90324B)[0m
[0;32mI (80975) pocket_pan_main: [BLE] state=8 interval_ms=11.25 latency=0 rssi=-59 reconnects=0 last_disconnect=0[0m
[0;32mI (80985) pocket_pan_main: [MEM] internal_free=99155 largest_internal=31744[0m
[0;32mI (85965) pocket_pan_main: [AUDIO] model=PAN blocks=31909 avg_us=1295 p99_us=1625 max_us=2772 cpu_load=48.6 deadline=2 timeout=0 tx_error=0 short=0[0m
[0;32mI (85965) pocket_pan_main: [MIDI] push=1 pop=1 drop=0 hwm=1 last=(n=50 v=75 t=78 hex=90324B)[0m
[0;32mI (85975) pocket_pan_main: [BLE] state=8 interval_ms=11.25 latency=0 rssi=-56 reconnects=0 last_disconnect=0[0m
[0;32mI (85985) pocket_pan_main: [MEM] internal_free=99155 largest_internal=31744[0m
[0;32mI (89625) forensics: [CURVE] model=PAN fixture=3 voices=4 class=steady n=8148 avg_us=1272.22 p99_us=1575 max_us=1858 deadline=0 bad_voices=0 ble_lost=0 hard=0 sat=0[0m
[0;32mI (89635) forensics: [HIST] fixture=3 class=steady lower_us=1200 n=3056[0m
[0;32mI (89635) forensics: [HIST] fixture=3 class=steady lower_us=1225 n=2690[0m
[0;32mI (89645) forensics: [HIST] fixture=3 class=steady lower_us=1250 n=520[0m
[0;32mI (89655) forensics: [HIST] fixture=3 class=steady lower_us=1275 n=106[0m
[0;32mI (89655) forensics: [HIST] fixture=3 class=steady lower_us=1300 n=94[0m
[0;32mI (89665) forensics: [HIST] fixture=3 class=steady lower_us=1325 n=151[0m
[0;32mI (89675) forensics: [HIST] fixture=3 class=steady lower_us=1350 n=155[0m
[0;32mI (89685) forensics: [HIST] fixture=3 class=steady lower_us=1375 n=198[0m
[0;32mI (89685) forensics: [HIST] fixture=3 class=steady lower_us=1400 n=309[0m
[0;32mI (89695) forensics: [HIST] fixture=3 class=steady lower_us=1425 n=299[0m
[0;32mI (89705) forensics: [HIST] fixture=3 class=steady lower_us=1450 n=217[0m
[0;32mI (89705) forensics: [HIST] fixture=3 class=steady lower_us=1475 n=115[0m
[0;32mI (89715) forensics: [HIST] fixture=3 class=steady lower_us=1500 n=90[0m
[0;32mI (89725) forensics: [HIST] fixture=3 class=steady lower_us=1525 n=45[0m
[0;32mI (89735) forensics: [HIST] fixture=3 class=steady lower_us=1550 n=26[0m
[0;32mI (89735) forensics: [HIST] fixture=3 class=steady lower_us=1575 n=30[0m
[0;32mI (89745) forensics: [HIST] fixture=3 class=steady lower_us=1600 n=28[0m
[0;32mI (89755) forensics: [HIST] fixture=3 class=steady lower_us=1625 n=12[0m
[0;32mI (89755) forensics: [HIST] fixture=3 class=steady lower_us=1650 n=2[0m
[0;32mI (89765) forensics: [HIST] fixture=3 class=steady lower_us=1725 n=1[0m
[0;32mI (89775) forensics: [HIST] fixture=3 class=steady lower_us=1750 n=2[0m
[0;32mI (89785) forensics: [HIST] fixture=3 class=steady lower_us=1800 n=1[0m
[0;32mI (89785) forensics: [HIST] fixture=3 class=steady lower_us=1850 n=1[0m
[0;32mI (89795) forensics: [CURVE] model=PAN fixture=3 voices=4 class=event n=44 avg_us=2008.85 p99_us=2700 max_us=2683 deadline=1 bad_voices=0 ble_lost=0 hard=0 sat=0[0m
[0;32mI (89805) forensics: [HIST] fixture=3 class=event lower_us=1850 n=1[0m
[0;32mI (89815) forensics: [HIST] fixture=3 class=event lower_us=1925 n=11[0m
[0;32mI (89825) forensics: [HIST] fixture=3 class=event lower_us=1950 n=14[0m
[0;32mI (89835) forensics: [HIST] fixture=3 class=event lower_us=1975 n=8[0m
[0;32mI (89835) forensics: [HIST] fixture=3 class=event lower_us=2000 n=5[0m
[0;32mI (89845) forensics: [HIST] fixture=3 class=event lower_us=2200 n=1[0m
[0;32mI (89855) forensics: [HIST] fixture=3 class=event lower_us=2225 n=1[0m
[0;32mI (89855) forensics: [HIST] fixture=3 class=event lower_us=2300 n=1[0m
[0;32mI (89865) forensics: [HIST] fixture=3 class=event lower_us=2325 n=1[0m
[0;32mI (89875) forensics: [HIST] fixture=3 class=event lower_us=2675 n=1[0m
[0;32mI (90965) pocket_pan_main: [AUDIO] model=PAN blocks=33786 avg_us=1670 p99_us=1650 max_us=3882 cpu_load=62.6 deadline=3 timeout=0 tx_error=0 short=0[0m
[0;32mI (90975) pocket_pan_main: [MIDI] push=1 pop=1 drop=0 hwm=1 last=(n=50 v=75 t=78 hex=90324B)[0m
[0;32mI (90985) pocket_pan_main: [BLE] state=8 interval_ms=11.25 latency=0 rssi=-60 reconnects=0 last_disconnect=0[0m
[0;32mI (90995) pocket_pan_main: [MEM] internal_free=99155 largest_internal=31744[0m
[0;32mI (95975) pocket_pan_main: [AUDIO] model=PAN blocks=35664 avg_us=1674 p99_us=1975 max_us=3882 cpu_load=62.8 deadline=5 timeout=0 tx_error=0 short=0[0m
[0;32mI (95975) pocket_pan_main: [MIDI] push=1 pop=1 drop=0 hwm=1 last=(n=50 v=75 t=78 hex=90324B)[0m
[0;32mI (95985) pocket_pan_main: [BLE] state=8 interval_ms=11.25 latency=0 rssi=-64 reconnects=0 last_disconnect=0[0m
[0;32mI (95995) pocket_pan_main: [MEM] internal_free=99155 largest_internal=31744[0m
[0;32mI (100985) pocket_pan_main: [AUDIO] model=PAN blocks=37542 avg_us=1673 p99_us=2000 max_us=3882 cpu_load=62.7 deadline=6 timeout=0 tx_error=0 short=0[0m
[0;32mI (100985) pocket_pan_main: [MIDI] push=1 pop=1 drop=0 hwm=1 last=(n=50 v=75 t=78 hex=90324B)[0m
[0;32mI (100995) pocket_pan_main: [BLE] state=8 interval_ms=11.25 latency=0 rssi=-61 reconnects=0 last_disconnect=0[0m
[0;32mI (101005) pocket_pan_main: [MEM] internal_free=99155 largest_internal=31744[0m
[0;32mI (105995) pocket_pan_main: [AUDIO] model=PAN blocks=39422 avg_us=1664 p99_us=1975 max_us=3882 cpu_load=62.4 deadline=8 timeout=0 tx_error=0 short=0[0m
[0;32mI (106005) pocket_pan_main: [MIDI] push=1 pop=1 drop=0 hwm=1 last=(n=50 v=75 t=78 hex=90324B)[0m
[0;32mI (106015) pocket_pan_main: [BLE] state=8 interval_ms=11.25 latency=0 rssi=-57 reconnects=0 last_disconnect=0[0m
[0;32mI (106025) pocket_pan_main: [MEM] internal_free=99155 largest_internal=31744[0m
[0;32mI (111005) pocket_pan_main: [AUDIO] model=PAN blocks=41300 avg_us=1669 p99_us=1975 max_us=3882 cpu_load=62.6 deadline=11 timeout=0 tx_error=0 short=0[0m
[0;32mI (111015) pocket_pan_main: [MIDI] push=1 pop=1 drop=0 hwm=1 last=(n=50 v=75 t=78 hex=90324B)[0m
[0;32mI (111015) pocket_pan_main: [BLE] state=8 interval_ms=11.25 latency=0 rssi=-61 reconnects=0 last_disconnect=0[0m
[0;32mI (111035) pocket_pan_main: [MEM] internal_free=99155 largest_internal=31744[0m
[0;32mI (111455) forensics: [CURVE] model=PAN fixture=4 voices=6 class=steady n=8148 avg_us=1643.32 p99_us=1925 max_us=2252 deadline=0 bad_voices=0 ble_lost=0 hard=0 sat=0[0m
[0;32mI (111455) forensics: [HIST] fixture=4 class=steady lower_us=1575 n=3925[0m
[0;32mI (111465) forensics: [HIST] fixture=4 class=steady lower_us=1600 n=1855[0m
[0;32mI (111475) forensics: [HIST] fixture=4 class=steady lower_us=1625 n=458[0m
[0;32mI (111485) forensics: [HIST] fixture=4 class=steady lower_us=1650 n=156[0m
[0;32mI (111485) forensics: [HIST] fixture=4 class=steady lower_us=1675 n=122[0m
[0;32mI (111495) forensics: [HIST] fixture=4 class=steady lower_us=1700 n=59[0m
[0;32mI (111505) forensics: [HIST] fixture=4 class=steady lower_us=1725 n=129[0m
[0;32mI (111505) forensics: [HIST] fixture=4 class=steady lower_us=1750 n=323[0m
[0;32mI (111515) forensics: [HIST] fixture=4 class=steady lower_us=1775 n=277[0m
[0;32mI (111525) forensics: [HIST] fixture=4 class=steady lower_us=1800 n=245[0m
[0;32mI (111535) forensics: [HIST] fixture=4 class=steady lower_us=1825 n=225[0m
[0;32mI (111535) forensics: [HIST] fixture=4 class=steady lower_us=1850 n=142[0m
[0;32mI (111545) forensics: [HIST] fixture=4 class=steady lower_us=1875 n=90[0m
[0;32mI (111555) forensics: [HIST] fixture=4 class=steady lower_us=1900 n=67[0m
[0;32mI (111565) forensics: [HIST] fixture=4 class=steady lower_us=1925 n=42[0m
[0;32mI (111565) forensics: [HIST] fixture=4 class=steady lower_us=1950 n=13[0m
[0;32mI (111575) forensics: [HIST] fixture=4 class=steady lower_us=1975 n=7[0m
[0;32mI (111585) forensics: [HIST] fixture=4 class=steady lower_us=2000 n=2[0m
[0;32mI (111585) forensics: [HIST] fixture=4 class=steady lower_us=2050 n=2[0m
[0;32mI (111595) forensics: [HIST] fixture=4 class=steady lower_us=2075 n=3[0m
[0;32mI (111605) forensics: [HIST] fixture=4 class=steady lower_us=2100 n=1[0m
[0;32mI (111615) forensics: [HIST] fixture=4 class=steady lower_us=2125 n=2[0m
[0;32mI (111615) forensics: [HIST] fixture=4 class=steady lower_us=2150 n=2[0m
[0;32mI (111625) forensics: [HIST] fixture=4 class=steady lower_us=2250 n=1[0m
[0;32mI (111635) forensics: [CURVE] model=PAN fixture=4 voices=6 class=event n=44 avg_us=2583.92 p99_us=3150 max_us=3143 deadline=7 bad_voices=0 ble_lost=0 hard=0 sat=0[0m
[0;32mI (111645) forensics: [HIST] fixture=4 class=event lower_us=2475 n=4[0m
[0;32mI (111655) forensics: [HIST] fixture=4 class=event lower_us=2500 n=13[0m
[0;32mI (111665) forensics: [HIST] fixture=4 class=event lower_us=2525 n=10[0m
[0;32mI (111665) forensics: [HIST] fixture=4 class=event lower_us=2550 n=6[0m
[0;32mI (111675) forensics: [HIST] fixture=4 class=event lower_us=2575 n=3[0m
[0;32mI (111685) forensics: [HIST] fixture=4 class=event lower_us=2625 n=1[0m
[0;32mI (111685) forensics: [HIST] fixture=4 class=event lower_us=2675 n=1[0m
[0;32mI (111695) forensics: [HIST] fixture=4 class=event lower_us=2700 n=1[0m
[0;32mI (111705) forensics: [HIST] fixture=4 class=event lower_us=2725 n=1[0m
[0;32mI (111715) forensics: [HIST] fixture=4 class=event lower_us=2750 n=1[0m
[0;32mI (111715) forensics: [HIST] fixture=4 class=event lower_us=2800 n=1[0m
[0;32mI (111725) forensics: [HIST] fixture=4 class=event lower_us=3075 n=1[0m
[0;32mI (111735) forensics: [HIST] fixture=4 class=event lower_us=3125 n=1[0m
[0;32mI (116005) pocket_pan_main: [AUDIO] model=PAN blocks=43176 avg_us=2025 p99_us=2400 max_us=3902 cpu_load=75.9 deadline=22 timeout=0 tx_error=0 short=0[0m
[0;32mI (116015) pocket_pan_main: [MIDI] push=1 pop=1 drop=0 hwm=1 last=(n=50 v=75 t=78 hex=90324B)[0m
[0;32mI (116025) pocket_pan_main: [BLE] state=8 interval_ms=11.25 latency=0 rssi=-60 reconnects=0 last_disconnect=0[0m
[0;32mI (116035) pocket_pan_main: [MEM] internal_free=99155 largest_internal=31744[0m
[0;32mI (121015) pocket_pan_main: [AUDIO] model=PAN blocks=45055 avg_us=2021 p99_us=2400 max_us=3902 cpu_load=75.8 deadline=32 timeout=0 tx_error=0 short=0[0m
[0;32mI (121025) pocket_pan_main: [MIDI] push=1 pop=1 drop=0 hwm=1 last=(n=50 v=75 t=78 hex=90324B)[0m
[0;32mI (121035) pocket_pan_main: [BLE] state=8 interval_ms=11.25 latency=0 rssi=-60 reconnects=0 last_disconnect=0[0m
[0;32mI (121045) pocket_pan_main: [MEM] internal_free=99155 largest_internal=31744[0m
[0;32mI (126025) pocket_pan_main: [AUDIO] model=PAN blocks=46932 avg_us=2021 p99_us=2425 max_us=3902 cpu_load=75.8 deadline=42 timeout=0 tx_error=0 short=0[0m
[0;32mI (126025) pocket_pan_main: [MIDI] push=7 pop=7 drop=0 hwm=1 last=(n=66 v=64 t=78 hex=804240)[0m
[0;32mI (126035) pocket_pan_main: [BLE] state=8 interval_ms=11.25 latency=0 rssi=-61 reconnects=0 last_disconnect=0[0m
[0;32mI (126045) pocket_pan_main: [MEM] internal_free=99155 largest_internal=31744[0m
[0;32mI (131035) pocket_pan_main: [AUDIO] model=PAN blocks=48812 avg_us=2032 p99_us=2375 max_us=3902 cpu_load=76.2 deadline=53 timeout=0 tx_error=0 short=0[0m
[0;32mI (131045) pocket_pan_main: [MIDI] push=7 pop=7 drop=0 hwm=1 last=(n=66 v=64 t=78 hex=804240)[0m
[0;32mI (131055) pocket_pan_main: [BLE] state=8 interval_ms=11.25 latency=0 rssi=-60 reconnects=0 last_disconnect=0[0m
[0;32mI (131065) pocket_pan_main: [MEM] internal_free=99155 largest_internal=31744[0m
[0;32mI (133315) forensics: [CURVE] model=PAN fixture=5 voices=8 class=steady n=8148 avg_us=2013.02 p99_us=2325 max_us=2602 deadline=0 bad_voices=0 ble_lost=0 hard=0 sat=0[0m
[0;32mI (133315) forensics: [HIST] fixture=5 class=steady lower_us=1925 n=509[0m
[0;32mI (133325) forensics: [HIST] fixture=5 class=steady lower_us=1950 n=4127[0m
[0;32mI (133335) forensics: [HIST] fixture=5 class=steady lower_us=1975 n=1323[0m
[0;32mI (133335) forensics: [HIST] fixture=5 class=steady lower_us=2000 n=345[0m
[0;32mI (133345) forensics: [HIST] fixture=5 class=steady lower_us=2025 n=117[0m
[0;32mI (133355) forensics: [HIST] fixture=5 class=steady lower_us=2050 n=99[0m
[0;32mI (133365) forensics: [HIST] fixture=5 class=steady lower_us=2075 n=97[0m
[0;32mI (133365) forensics: [HIST] fixture=5 class=steady lower_us=2100 n=151[0m
[0;32mI (133375) forensics: [HIST] fixture=5 class=steady lower_us=2125 n=287[0m
[0;32mI (133385) forensics: [HIST] fixture=5 class=steady lower_us=2150 n=248[0m
[0;32mI (133395) forensics: [HIST] fixture=5 class=steady lower_us=2175 n=229[0m
[0;32mI (133395) forensics: [HIST] fixture=5 class=steady lower_us=2200 n=203[0m
[0;32mI (133405) forensics: [HIST] fixture=5 class=steady lower_us=2225 n=156[0m
[0;32mI (133415) forensics: [HIST] fixture=5 class=steady lower_us=2250 n=99[0m
[0;32mI (133415) forensics: [HIST] fixture=5 class=steady lower_us=2275 n=43[0m
[0;32mI (133425) forensics: [HIST] fixture=5 class=steady lower_us=2300 n=35[0m
[0;32mI (133435) forensics: [HIST] fixture=5 class=steady lower_us=2325 n=43[0m
[0;32mI (133445) forensics: [HIST] fixture=5 class=steady lower_us=2350 n=16[0m
[0;32mI (133445) forensics: [HIST] fixture=5 class=steady lower_us=2375 n=6[0m
[0;32mI (133455) forensics: [HIST] fixture=5 class=steady lower_us=2400 n=5[0m
[0;32mI (133465) forensics: [HIST] fixture=5 class=steady lower_us=2450 n=1[0m
[0;32mI (133465) forensics: [HIST] fixture=5 class=steady lower_us=2475 n=3[0m
[0;32mI (133475) forensics: [HIST] fixture=5 class=steady lower_us=2525 n=3[0m
[0;32mI (133485) forensics: [HIST] fixture=5 class=steady lower_us=2550 n=2[0m
[0;32mI (133495) forensics: [HIST] fixture=5 class=steady lower_us=2600 n=1[0m
[0;32mI (133495) forensics: [CURVE] model=PAN fixture=5 voices=8 class=event n=44 avg_us=3223.99 p99_us=3825 max_us=3800 deadline=44 bad_voices=0 ble_lost=0 hard=0 sat=0[0m
[0;32mI (133515) forensics: [HIST] fixture=5 class=event lower_us=2975 n=1[0m
[0;32mI (133525) forensics: [HIST] fixture=5 class=event lower_us=3050 n=2[0m
[0;32mI (133525) forensics: [HIST] fixture=5 class=event lower_us=3075 n=10[0m
[0;32mI (133535) forensics: [HIST] fixture=5 class=event lower_us=3100 n=8[0m
[0;32mI (133545) forensics: [HIST] fixture=5 class=event lower_us=3125 n=7[0m
[0;32mI (133545) forensics: [HIST] fixture=5 class=event lower_us=3150 n=1[0m
[0;32mI (133555) forensics: [HIST] fixture=5 class=event lower_us=3225 n=2[0m
[0;32mI (133565) forensics: [HIST] fixture=5 class=event lower_us=3250 n=1[0m
[0;32mI (133565) forensics: [HIST] fixture=5 class=event lower_us=3300 n=1[0m
[0;32mI (133575) forensics: [HIST] fixture=5 class=event lower_us=3350 n=1[0m
[0;32mI (133585) forensics: [HIST] fixture=5 class=event lower_us=3375 n=3[0m
[0;32mI (133595) forensics: [HIST] fixture=5 class=event lower_us=3525 n=2[0m
[0;32mI (133595) forensics: [HIST] fixture=5 class=event lower_us=3550 n=1[0m
[0;32mI (133605) forensics: [HIST] fixture=5 class=event lower_us=3575 n=2[0m
[0;32mI (133615) forensics: [HIST] fixture=5 class=event lower_us=3650 n=1[0m
[0;32mI (133615) forensics: [HIST] fixture=5 class=event lower_us=3800 n=1[0m
[0;32mI (136055) pocket_pan_main: [AUDIO] model=PAN blocks=50694 avg_us=1289 p99_us=2400 max_us=3902 cpu_load=48.3 deadline=58 timeout=0 tx_error=0 short=0[0m
[0;32mI (136065) pocket_pan_main: [MIDI] push=7 pop=7 drop=0 hwm=1 last=(n=66 v=64 t=78 hex=804240)[0m
[0;32mI (136075) pocket_pan_main: [BLE] state=8 interval_ms=11.25 latency=0 rssi=-59 reconnects=0 last_disconnect=0[0m
[0;32mI (136085) pocket_pan_main: [MEM] internal_free=99155 largest_internal=31744[0m
[0;32mI (141065) pocket_pan_main: [AUDIO] model=PAN blocks=52573 avg_us=1295 p99_us=2300 max_us=3902 cpu_load=48.6 deadline=59 timeout=0 tx_error=0 short=0[0m
[0;32mI (141075) pocket_pan_main: [MIDI] push=7 pop=7 drop=0 hwm=1 last=(n=66 v=64 t=78 hex=804240)[0m
[0;32mI (141075) pocket_pan_main: [BLE] state=8 interval_ms=11.25 latency=0 rssi=-56 reconnects=0 last_disconnect=0[0m
[0;32mI (141095) pocket_pan_main: [MEM] internal_free=99155 largest_internal=31744[0m
[0;32mI (146075) pocket_pan_main: [AUDIO] model=PAN blocks=54450 avg_us=1302 p99_us=1650 max_us=3902 cpu_load=48.8 deadline=59 timeout=0 tx_error=0 short=0[0m
[0;32mI (146075) pocket_pan_main: [MIDI] push=7 pop=7 drop=0 hwm=1 last=(n=66 v=64 t=78 hex=804240)[0m
[0;32mI (146085) pocket_pan_main: [BLE] state=8 interval_ms=11.25 latency=0 rssi=-61 reconnects=0 last_disconnect=0[0m
[0;32mI (146095) pocket_pan_main: [MEM] internal_free=99155 largest_internal=31744[0m
[0;32mI (151085) pocket_pan_main: [AUDIO] model=PAN blocks=56331 avg_us=1307 p99_us=1650 max_us=3902 cpu_load=49.0 deadline=59 timeout=0 tx_error=0 short=0[0m
[0;32mI (151095) pocket_pan_main: [MIDI] push=7 pop=7 drop=0 hwm=1 last=(n=66 v=64 t=78 hex=804240)[0m
[0;32mI (151105) pocket_pan_main: [BLE] state=8 interval_ms=11.25 latency=0 rssi=-63 reconnects=0 last_disconnect=0[0m
[0;32mI (151115) pocket_pan_main: [MEM] internal_free=99155 largest_internal=31744[0m
[0;32mI (155135) forensics: [CURVE] model=PAN fixture=6 voices=4 class=steady n=8148 avg_us=1273.29 p99_us=1575 max_us=1915 deadline=0 bad_voices=0 ble_lost=0 hard=0 sat=0[0m
[0;32mI (155145) forensics: [HIST] fixture=6 class=steady lower_us=1200 n=3050[0m
[0;32mI (155145) forensics: [HIST] fixture=6 class=steady lower_us=1225 n=2618[0m
[0;32mI (155155) forensics: [HIST] fixture=6 class=steady lower_us=1250 n=588[0m
[0;32mI (155165) forensics: [HIST] fixture=6 class=steady lower_us=1275 n=88[0m
[0;32mI (155165) forensics: [HIST] fixture=6 class=steady lower_us=1300 n=94[0m
[0;32mI (155175) forensics: [HIST] fixture=6 class=steady lower_us=1325 n=147[0m
[0;32mI (155185) forensics: [HIST] fixture=6 class=steady lower_us=1350 n=159[0m
[0;32mI (155195) forensics: [HIST] fixture=6 class=steady lower_us=1375 n=224[0m
[0;32mI (155195) forensics: [HIST] fixture=6 class=steady lower_us=1400 n=259[0m
[0;32mI (155205) forensics: [HIST] fixture=6 class=steady lower_us=1425 n=315[0m
[0;32mI (155215) forensics: [HIST] fixture=6 class=steady lower_us=1450 n=251[0m
[0;32mI (155225) forensics: [HIST] fixture=6 class=steady lower_us=1475 n=138[0m
[0;32mI (155225) forensics: [HIST] fixture=6 class=steady lower_us=1500 n=62[0m
[0;32mI (155235) forensics: [HIST] fixture=6 class=steady lower_us=1525 n=60[0m
[0;32mI (155245) forensics: [HIST] fixture=6 class=steady lower_us=1550 n=44[0m
[0;32mI (155245) forensics: [HIST] fixture=6 class=steady lower_us=1575 n=24[0m
[0;32mI (155255) forensics: [HIST] fixture=6 class=steady lower_us=1600 n=11[0m
[0;32mI (155265) forensics: [HIST] fixture=6 class=steady lower_us=1625 n=8[0m
[0;32mI (155275) forensics: [HIST] fixture=6 class=steady lower_us=1650 n=2[0m
[0;32mI (155275) forensics: [HIST] fixture=6 class=steady lower_us=1725 n=2[0m
[0;32mI (155285) forensics: [HIST] fixture=6 class=steady lower_us=1825 n=1[0m
[0;32mI (155295) forensics: [HIST] fixture=6 class=steady lower_us=1850 n=1[0m
[0;32mI (155295) forensics: [HIST] fixture=6 class=steady lower_us=1900 n=2[0m
[0;32mI (155305) forensics: [CURVE] model=PAN fixture=6 voices=4 class=event n=44 avg_us=2014.45 p99_us=2650 max_us=2627 deadline=0 bad_voices=0 ble_lost=0 hard=0 sat=0[0m
[0;32mI (155325) forensics: [HIST] fixture=6 class=event lower_us=1925 n=12[0m
[0;32mI (155325) forensics: [HIST] fixture=6 class=event lower_us=1950 n=22[0m
[0;32mI (155335) forensics: [HIST] fixture=6 class=event lower_us=1975 n=2[0m
[0;32mI (155345) forensics: [HIST] fixture=6 class=event lower_us=2000 n=2[0m
[0;32mI (155345) forensics: [HIST] fixture=6 class=event lower_us=2150 n=1[0m
[0;32mI (155355) forensics: [HIST] fixture=6 class=event lower_us=2250 n=1[0m
[0;32mI (155365) forensics: [HIST] fixture=6 class=event lower_us=2275 n=1[0m
[0;32mI (155375) forensics: [HIST] fixture=6 class=event lower_us=2475 n=2[0m
[0;32mI (155375) forensics: [HIST] fixture=6 class=event lower_us=2625 n=1[0m
[0;32mI (156105) pocket_pan_main: [AUDIO] model=PAN blocks=58213 avg_us=563 p99_us=1650 max_us=3902 cpu_load=21.1 deadline=59 timeout=0 tx_error=0 short=0[0m
[0;32mI (156115) pocket_pan_main: [MIDI] push=7 pop=7 drop=0 hwm=1 last=(n=66 v=64 t=78 hex=804240)[0m
[0;32mI (156125) pocket_pan_main: [BLE] state=8 interval_ms=11.25 latency=0 rssi=-64 reconnects=0 last_disconnect=0[0m
[0;32mI (156135) pocket_pan_main: [MEM] internal_free=99155 largest_internal=31744[0m
[0;32mI (161115) pocket_pan_main: [AUDIO] model=PAN blocks=60090 avg_us=557 p99_us=1550 max_us=3902 cpu_load=20.9 deadline=59 timeout=0 tx_error=0 short=0[0m
[0;32mI (161115) pocket_pan_main: [MIDI] push=7 pop=7 drop=0 hwm=1 last=(n=66 v=64 t=78 hex=804240)[0m
[0;32mI (161125) pocket_pan_main: [BLE] state=8 interval_ms=11.25 latency=0 rssi=-65 reconnects=0 last_disconnect=0[0m
[0;32mI (161135) pocket_pan_main: [MEM] internal_free=99155 largest_internal=31744[0m
[0;32mI (166125) pocket_pan_main: [AUDIO] model=PAN blocks=61971 avg_us=724 p99_us=1150 max_us=3902 cpu_load=27.1 deadline=59 timeout=0 tx_error=0 short=0[0m
[0;32mI (166135) pocket_pan_main: [MIDI] push=7 pop=7 drop=0 hwm=1 last=(n=66 v=64 t=78 hex=804240)[0m
[0;32mI (166145) pocket_pan_main: [BLE] state=8 interval_ms=11.25 latency=0 rssi=-63 reconnects=0 last_disconnect=0[0m
[0;32mI (166155) pocket_pan_main: [MEM] internal_free=99155 largest_internal=31744[0m
[0;32mI (171135) pocket_pan_main: [AUDIO] model=PAN blocks=63849 avg_us=724 p99_us=1150 max_us=3902 cpu_load=27.1 deadline=59 timeout=0 tx_error=0 short=0[0m
[0;32mI (171145) pocket_pan_main: [MIDI] push=7 pop=7 drop=0 hwm=1 last=(n=66 v=64 t=78 hex=804240)[0m
[0;32mI (171155) pocket_pan_main: [BLE] state=8 interval_ms=11.25 latency=0 rssi=-64 reconnects=0 last_disconnect=0[0m
[0;32mI (171165) pocket_pan_main: [MEM] internal_free=99155 largest_internal=31744[0m
[0;32mI (176145) pocket_pan_main: [AUDIO] model=PAN blocks=65727 avg_us=725 p99_us=1150 max_us=3902 cpu_load=27.2 deadline=59 timeout=0 tx_error=0 short=0[0m
[0;32mI (176145) pocket_pan_main: [MIDI] push=7 pop=7 drop=0 hwm=1 last=(n=66 v=64 t=78 hex=804240)[0m
[0;32mI (176155) pocket_pan_main: [BLE] state=8 interval_ms=11.25 latency=0 rssi=-57 reconnects=0 last_disconnect=0[0m
[0;32mI (176165) pocket_pan_main: [MEM] internal_free=99155 largest_internal=31744[0m
[0;32mI (176985) forensics: [CURVE] model=PAN fixture=7 voices=1 class=steady n=7976 avg_us=650.32 p99_us=900 max_us=1036 deadline=0 bad_voices=0 ble_lost=0 hard=0 sat=0[0m
[0;32mI (176985) forensics: [HIST] fixture=7 class=steady lower_us=500 n=1591[0m
[0;32mI (176995) forensics: [HIST] fixture=7 class=steady lower_us=525 n=88[0m
[0;32mI (177005) forensics: [HIST] fixture=7 class=steady lower_us=550 n=158[0m
[0;32mI (177015) forensics: [HIST] fixture=7 class=steady lower_us=575 n=142[0m
[0;32mI (177015) forensics: [HIST] fixture=7 class=steady lower_us=600 n=164[0m
[0;32mI (177025) forensics: [HIST] fixture=7 class=steady lower_us=625 n=39[0m
[0;32mI (177035) forensics: [HIST] fixture=7 class=steady lower_us=650 n=4089[0m
[0;32mI (177035) forensics: [HIST] fixture=7 class=steady lower_us=675 n=386[0m
[0;32mI (177045) forensics: [HIST] fixture=7 class=steady lower_us=700 n=188[0m
[0;32mI (177055) forensics: [HIST] fixture=7 class=steady lower_us=725 n=71[0m
[0;32mI (177065) forensics: [HIST] fixture=7 class=steady lower_us=750 n=113[0m
[0;32mI (177065) forensics: [HIST] fixture=7 class=steady lower_us=775 n=278[0m
[0;32mI (177075) forensics: [HIST] fixture=7 class=steady lower_us=800 n=297[0m
[0;32mI (177085) forensics: [HIST] fixture=7 class=steady lower_us=825 n=163[0m
[0;32mI (177095) forensics: [HIST] fixture=7 class=steady lower_us=850 n=109[0m
[0;32mI (177095) forensics: [HIST] fixture=7 class=steady lower_us=875 n=50[0m
[0;32mI (177105) forensics: [HIST] fixture=7 class=steady lower_us=900 n=25[0m
[0;32mI (177115) forensics: [HIST] fixture=7 class=steady lower_us=925 n=12[0m
[0;32mI (177115) forensics: [HIST] fixture=7 class=steady lower_us=950 n=10[0m
[0;32mI (177125) forensics: [HIST] fixture=7 class=steady lower_us=975 n=1[0m
[0;32mI (177135) forensics: [HIST] fixture=7 class=steady lower_us=1000 n=1[0m
[0;32mI (177145) forensics: [HIST] fixture=7 class=steady lower_us=1025 n=1[0m
[0;32mI (177145) forensics: [CURVE] model=PAN fixture=7 voices=1 class=event n=216 avg_us=1147.34 p99_us=1550 max_us=1560 deadline=0 bad_voices=0 ble_lost=0 hard=0 sat=0[0m
[0;32mI (177165) forensics: [HIST] fixture=7 class=event lower_us=800 n=1[0m
[0;32mI (177165) forensics: [HIST] fixture=7 class=event lower_us=975 n=11[0m
[0;32mI (177175) forensics: [HIST] fixture=7 class=event lower_us=1000 n=28[0m
[0;32mI (177185) forensics: [HIST] fixture=7 class=event lower_us=1025 n=6[0m
[0;32mI (177195) forensics: [HIST] fixture=7 class=event lower_us=1075 n=1[0m
[0;32mI (177195) forensics: [HIST] fixture=7 class=event lower_us=1100 n=22[0m
[0;32mI (177205) forensics: [HIST] fixture=7 class=event lower_us=1125 n=83[0m
[0;32mI (177215) forensics: [HIST] fixture=7 class=event lower_us=1150 n=21[0m
[0;32mI (177215) forensics: [HIST] fixture=7 class=event lower_us=1175 n=3[0m
[0;32mI (177225) forensics: [HIST] fixture=7 class=event lower_us=1200 n=3[0m
[0;32mI (177235) forensics: [HIST] fixture=7 class=event lower_us=1225 n=2[0m
[0;32mI (177245) forensics: [HIST] fixture=7 class=event lower_us=1250 n=7[0m
[0;32mI (177245) forensics: [HIST] fixture=7 class=event lower_us=1275 n=6[0m
[0;32mI (177255) forensics: [HIST] fixture=7 class=event lower_us=1300 n=5[0m
[0;32mI (177265) forensics: [HIST] fixture=7 class=event lower_us=1325 n=1[0m
[0;32mI (177265) forensics: [HIST] fixture=7 class=event lower_us=1350 n=3[0m
[0;32mI (177275) forensics: [HIST] fixture=7 class=event lower_us=1375 n=1[0m
[0;32mI (177285) forensics: [HIST] fixture=7 class=event lower_us=1400 n=2[0m
[0;32mI (177285) forensics: [HIST] fixture=7 class=event lower_us=1425 n=3[0m
[0;32mI (177295) forensics: [HIST] fixture=7 class=event lower_us=1475 n=3[0m
[0;32mI (177305) forensics: [HIST] fixture=7 class=event lower_us=1525 n=3[0m
[0;32mI (177315) forensics: [HIST] fixture=7 class=event lower_us=1550 n=1[0m
[0;32mI (181165) pocket_pan_main: [AUDIO] model=PAN blocks=67611 avg_us=153 p99_us=925 max_us=3902 cpu_load=5.7 deadline=59 timeout=0 tx_error=0 short=0[0m
[0;32mI (181175) pocket_pan_main: [MIDI] push=7 pop=7 drop=0 hwm=1 last=(n=66 v=64 t=78 hex=804240)[0m
[0;32mI (181185) pocket_pan_main: [BLE] state=8 interval_ms=11.25 latency=0 rssi=-57 reconnects=0 last_disconnect=0[0m
[0;32mI (181195) pocket_pan_main: [MEM] internal_free=99155 largest_internal=31744[0m
[0;32mI (186175) pocket_pan_main: [AUDIO] model=PAN blocks=69489 avg_us=152 p99_us=925 max_us=3902 cpu_load=5.7 deadline=59 timeout=0 tx_error=0 short=0[0m
[0;32mI (186185) pocket_pan_main: [MIDI] push=7 pop=7 drop=0 hwm=1 last=(n=66 v=64 t=78 hex=804240)[0m
[0;32mI (186195) pocket_pan_main: [BLE] state=8 interval_ms=11.25 latency=0 rssi=-56 reconnects=0 last_disconnect=0[0m
[0;32mI (186205) pocket_pan_main: [MEM] internal_free=99155 largest_internal=31744[0m
[0;32mI (191185) pocket_pan_main: [AUDIO] model=PAN blocks=71367 avg_us=152 p99_us=275 max_us=3902 cpu_load=5.7 deadline=59 timeout=0 tx_error=0 short=0[0m
[0;32mI (191185) pocket_pan_main: [MIDI] push=7 pop=7 drop=0 hwm=1 last=(n=66 v=64 t=78 hex=804240)[0m
[0;32mI (191195) pocket_pan_main: [BLE] state=8 interval_ms=11.25 latency=0 rssi=-58 reconnects=0 last_disconnect=0[0m
[0;32mI (191205) pocket_pan_main: [MEM] internal_free=99155 largest_internal=31744[0m
[0;32mI (196195) pocket_pan_main: [AUDIO] model=PAN blocks=73247 avg_us=156 p99_us=275 max_us=3902 cpu_load=5.8 deadline=59 timeout=0 tx_error=0 short=0[0m
[0;32mI (196205) pocket_pan_main: [MIDI] push=7 pop=7 drop=0 hwm=1 last=(n=66 v=64 t=78 hex=804240)[0m
[0;32mI (196215) pocket_pan_main: [BLE] state=8 interval_ms=11.25 latency=0 rssi=-57 reconnects=0 last_disconnect=0[0m
[0;32mI (196225) pocket_pan_main: [MEM] internal_free=99155 largest_internal=31744[0m
[0;32mI (198835) forensics: [CURVE] model=BELL fixture=8 voices=0 class=steady n=8148 avg_us=142.44 p99_us=250 max_us=339 deadline=0 bad_voices=0 ble_lost=0 hard=0 sat=0[0m
[0;32mI (198835) forensics: [HIST] fixture=8 class=steady lower_us=125 n=6480[0m
[0;32mI (198845) forensics: [HIST] fixture=8 class=steady lower_us=150 n=322[0m
[0;32mI (198855) forensics: [HIST] fixture=8 class=steady lower_us=175 n=981[0m
[0;32mI (198855) forensics: [HIST] fixture=8 class=steady lower_us=200 n=272[0m
[0;32mI (198865) forensics: [HIST] fixture=8 class=steady lower_us=225 n=82[0m
[0;32mI (198875) forensics: [HIST] fixture=8 class=steady lower_us=250 n=7[0m
[0;32mI (198885) forensics: [HIST] fixture=8 class=steady lower_us=275 n=3[0m
[0;32mI (198885) forensics: [HIST] fixture=8 class=steady lower_us=325 n=1[0m
[0;32mI (198895) forensics: [CURVE] model=BELL fixture=8 voices=0 class=event n=44 avg_us=150.24 p99_us=225 max_us=218 deadline=0 bad_voices=0 ble_lost=0 hard=0 sat=0[0m
[0;32mI (198905) forensics: [HIST] fixture=8 class=event lower_us=125 n=31[0m
[0;32mI (198915) forensics: [HIST] fixture=8 class=event lower_us=150 n=2[0m
[0;32mI (198925) forensics: [HIST] fixture=8 class=event lower_us=175 n=7[0m
[0;32mI (198935) forensics: [HIST] fixture=8 class=event lower_us=200 n=4[0m
[0;32mI (201195) pocket_pan_main: [AUDIO] model=PAN blocks=75122 avg_us=371 p99_us=275 max_us=3902 cpu_load=13.9 deadline=59 timeout=0 tx_error=0 short=0[0m
[0;32mI (201205) pocket_pan_main: [MIDI] push=7 pop=7 drop=0 hwm=1 last=(n=66 v=64 t=78 hex=804240)[0m
[0;32mI (201215) pocket_pan_main: [BLE] state=8 interval_ms=11.25 latency=0 rssi=-58 reconnects=0 last_disconnect=0[0m
[0;32mI (201225) pocket_pan_main: [MEM] internal_free=99155 largest_internal=31744[0m
[0;32mI (206205) pocket_pan_main: [AUDIO] model=PAN blocks=76999 avg_us=377 p99_us=500 max_us=3902 cpu_load=14.1 deadline=59 timeout=0 tx_error=0 short=0[0m
[0;32mI (206205) pocket_pan_main: [MIDI] push=7 pop=7 drop=0 hwm=1 last=(n=66 v=64 t=78 hex=804240)[0m
[0;32mI (206215) pocket_pan_main: [BLE] state=8 interval_ms=11.25 latency=0 rssi=-58 reconnects=0 last_disconnect=0[0m
[0;32mI (206225) pocket_pan_main: [MEM] internal_free=99155 largest_internal=31744[0m
[0;32mI (211215) pocket_pan_main: [AUDIO] model=PAN blocks=78879 avg_us=377 p99_us=500 max_us=3902 cpu_load=14.1 deadline=59 timeout=0 tx_error=0 short=0[0m
[0;32mI (211225) pocket_pan_main: [MIDI] push=7 pop=7 drop=0 hwm=1 last=(n=66 v=64 t=78 hex=804240)[0m
[0;32mI (211235) pocket_pan_main: [BLE] state=8 interval_ms=11.25 latency=0 rssi=-58 reconnects=0 last_disconnect=0[0m
[0;32mI (211245) pocket_pan_main: [MEM] internal_free=99155 largest_internal=31744[0m
[0;32mI (216225) pocket_pan_main: [AUDIO] model=PAN blocks=80758 avg_us=377 p99_us=525 max_us=3902 cpu_load=14.1 deadline=59 timeout=0 tx_error=0 short=0[0m
[0;32mI (216235) pocket_pan_main: [MIDI] push=7 pop=7 drop=0 hwm=1 last=(n=66 v=64 t=78 hex=804240)[0m
[0;32mI (216245) pocket_pan_main: [BLE] state=8 interval_ms=11.25 latency=0 rssi=-55 reconnects=0 last_disconnect=0[0m
[0;32mI (216255) pocket_pan_main: [MEM] internal_free=99155 largest_internal=31744[0m
[0;32mI (220695) forensics: [CURVE] model=BELL fixture=9 voices=1 class=steady n=8148 avg_us=360.28 p99_us=475 max_us=540 deadline=0 bad_voices=0 ble_lost=0 hard=0 sat=0[0m
[0;32mI (220695) forensics: [HIST] fixture=9 class=steady lower_us=325 n=5515[0m
[0;32mI (220705) forensics: [HIST] fixture=9 class=steady lower_us=350 n=1031[0m
[0;32mI (220715) forensics: [HIST] fixture=9 class=steady lower_us=375 n=309[0m
[0;32mI (220715) forensics: [HIST] fixture=9 class=steady lower_us=400 n=926[0m
[0;32mI (220725) forensics: [HIST] fixture=9 class=steady lower_us=425 n=278[0m
[0;32mI (220735) forensics: [HIST] fixture=9 class=steady lower_us=450 n=68[0m
[0;32mI (220735) forensics: [HIST] fixture=9 class=steady lower_us=475 n=17[0m
[0;32mI (220745) forensics: [HIST] fixture=9 class=steady lower_us=500 n=3[0m
[0;32mI (220755) forensics: [HIST] fixture=9 class=steady lower_us=525 n=1[0m
[0;32mI (220765) forensics: [CURVE] model=BELL fixture=9 voices=1 class=event n=44 avg_us=927.40 p99_us=1325 max_us=1316 deadline=0 bad_voices=0 ble_lost=0 hard=0 sat=0[0m
[0;32mI (220775) forensics: [HIST] fixture=9 class=event lower_us=700 n=1[0m
[0;32mI (220785) forensics: [HIST] fixture=9 class=event lower_us=850 n=5[0m
[0;32mI (220785) forensics: [HIST] fixture=9 class=event lower_us=875 n=20[0m
[0;32mI (220795) forensics: [HIST] fixture=9 class=event lower_us=900 n=4[0m
[0;32mI (220805) forensics: [HIST] fixture=9 class=event lower_us=925 n=2[0m
[0;32mI (220815) forensics: [HIST] fixture=9 class=event lower_us=950 n=3[0m
[0;32mI (220815) forensics: [HIST] fixture=9 class=event lower_us=975 n=4[0m
[0;32mI (220825) forensics: [HIST] fixture=9 class=event lower_us=1000 n=1[0m
[0;32mI (220835) forensics: [HIST] fixture=9 class=event lower_us=1125 n=3[0m
[0;32mI (220835) forensics: [HIST] fixture=9 class=event lower_us=1300 n=1[0m
[0;32mI (221235) pocket_pan_main: [AUDIO] model=PAN blocks=82635 avg_us=775 p99_us=500 max_us=3902 cpu_load=29.1 deadline=59 timeout=0 tx_error=0 short=0[0m
[0;32mI (221235) pocket_pan_main: [MIDI] push=7 pop=7 drop=0 hwm=1 last=(n=66 v=64 t=78 hex=804240)[0m
[0;32mI (221245) pocket_pan_main: [BLE] state=8 interval_ms=11.25 latency=0 rssi=-55 reconnects=0 last_disconnect=0[0m
[0;32mI (221255) pocket_pan_main: [MEM] internal_free=99155 largest_internal=31744[0m
[0;32mI (226245) pocket_pan_main: [AUDIO] model=PAN blocks=84516 avg_us=786 p99_us=1075 max_us=3902 cpu_load=29.5 deadline=59 timeout=0 tx_error=0 short=0[0m
[0;32mI (226255) pocket_pan_main: [MIDI] push=7 pop=7 drop=0 hwm=1 last=(n=66 v=64 t=78 hex=804240)[0m
[0;32mI (226265) pocket_pan_main: [BLE] state=8 interval_ms=11.25 latency=0 rssi=-62 reconnects=0 last_disconnect=0[0m
[0;32mI (226275) pocket_pan_main: [MEM] internal_free=99155 largest_internal=31744[0m
[0;32mI (231255) pocket_pan_main: [AUDIO] model=PAN blocks=86394 avg_us=780 p99_us=1075 max_us=3902 cpu_load=29.2 deadline=59 timeout=0 tx_error=0 short=0[0m
[0;32mI (231265) pocket_pan_main: [MIDI] push=7 pop=7 drop=0 hwm=1 last=(n=66 v=64 t=78 hex=804240)[0m
[0;32mI (231275) pocket_pan_main: [BLE] state=8 interval_ms=11.25 latency=0 rssi=-56 reconnects=0 last_disconnect=0[0m
[0;32mI (231285) pocket_pan_main: [MEM] internal_free=99155 largest_internal=31744[0m
[0;32mI (236265) pocket_pan_main: [AUDIO] model=PAN blocks=88272 avg_us=779 p99_us=1075 max_us=3902 cpu_load=29.2 deadline=59 timeout=0 tx_error=0 short=0[0m
[0;32mI (236265) pocket_pan_main: [MIDI] push=7 pop=7 drop=0 hwm=1 last=(n=66 v=64 t=78 hex=804240)[0m
[0;32mI (236275) pocket_pan_main: [BLE] state=8 interval_ms=11.25 latency=0 rssi=-56 reconnects=0 last_disconnect=0[0m
[0;32mI (236285) pocket_pan_main: [MEM] internal_free=99155 largest_internal=31744[0m
[0;32mI (241275) pocket_pan_main: [AUDIO] model=PAN blocks=90152 avg_us=776 p99_us=1100 max_us=3902 cpu_load=29.1 deadline=59 timeout=0 tx_error=0 short=0[0m
[0;32mI (241285) pocket_pan_main: [MIDI] push=7 pop=7 drop=0 hwm=1 last=(n=66 v=64 t=78 hex=804240)[0m
[0;32mI (241295) pocket_pan_main: [BLE] state=8 interval_ms=11.25 latency=0 rssi=-55 reconnects=0 last_disconnect=0[0m
[0;32mI (241305) pocket_pan_main: [MEM] internal_free=99155 largest_internal=31744[0m
[0;32mI (242535) forensics: [CURVE] model=BELL fixture=10 voices=2 class=steady n=8148 avg_us=764.72 p99_us=1025 max_us=1281 deadline=0 bad_voices=0 ble_lost=0 hard=0 sat=0[0m
[0;32mI (242545) forensics: [HIST] fixture=10 class=steady lower_us=700 n=2625[0m
[0;32mI (242545) forensics: [HIST] fixture=10 class=steady lower_us=725 n=3616[0m
[0;32mI (242555) forensics: [HIST] fixture=10 class=steady lower_us=750 n=146[0m
[0;32mI (242565) forensics: [HIST] fixture=10 class=steady lower_us=775 n=49[0m
[0;32mI (242565) forensics: [HIST] fixture=10 class=steady lower_us=800 n=147[0m
[0;32mI (242575) forensics: [HIST] fixture=10 class=steady lower_us=825 n=125[0m
[0;32mI (242585) forensics: [HIST] fixture=10 class=steady lower_us=850 n=204[0m
[0;32mI (242595) forensics: [HIST] fixture=10 class=steady lower_us=875 n=343[0m
[0;32mI (242595) forensics: [HIST] fixture=10 class=steady lower_us=900 n=353[0m
[0;32mI (242605) forensics: [HIST] fixture=10 class=steady lower_us=925 n=229[0m
[0;32mI (242615) forensics: [HIST] fixture=10 class=steady lower_us=950 n=71[0m
[0;32mI (242625) forensics: [HIST] fixture=10 class=steady lower_us=975 n=87[0m
[0;32mI (242625) forensics: [HIST] fixture=10 class=steady lower_us=1000 n=96[0m
[0;32mI (242635) forensics: [HIST] fixture=10 class=steady lower_us=1025 n=36[0m
[0;32mI (242645) forensics: [HIST] fixture=10 class=steady lower_us=1050 n=14[0m
[0;32mI (242645) forensics: [HIST] fixture=10 class=steady lower_us=1075 n=1[0m
[0;32mI (242655) forensics: [HIST] fixture=10 class=steady lower_us=1100 n=4[0m
[0;32mI (242665) forensics: [HIST] fixture=10 class=steady lower_us=1200 n=1[0m
[0;32mI (242675) forensics: [HIST] fixture=10 class=steady lower_us=1275 n=1[0m
[0;32mI (242675) forensics: [CURVE] model=BELL fixture=10 voices=2 class=event n=44 avg_us=1356.04 p99_us=1725 max_us=1716 deadline=0 bad_voices=0 ble_lost=0 hard=0 sat=0[0m
[0;32mI (242695) forensics: [HIST] fixture=10 class=event lower_us=1200 n=1[0m
[0;32mI (242705) forensics: [HIST] fixture=10 class=event lower_us=1225 n=1[0m
[0;32mI (242705) forensics: [HIST] fixture=10 class=event lower_us=1250 n=15[0m
[0;32mI (242715) forensics: [HIST] fixture=10 class=event lower_us=1275 n=11[0m
[0;32mI (242725) forensics: [HIST] fixture=10 class=event lower_us=1300 n=3[0m
[0;32mI (242725) forensics: [HIST] fixture=10 class=event lower_us=1325 n=1[0m
[0;32mI (242735) forensics: [HIST] fixture=10 class=event lower_us=1425 n=1[0m
[0;32mI (242745) forensics: [HIST] fixture=10 class=event lower_us=1450 n=2[0m
[0;32mI (242755) forensics: [HIST] fixture=10 class=event lower_us=1475 n=1[0m
[0;32mI (242755) forensics: [HIST] fixture=10 class=event lower_us=1500 n=1[0m
[0;32mI (242765) forensics: [HIST] fixture=10 class=event lower_us=1550 n=1[0m
[0;32mI (242775) forensics: [HIST] fixture=10 class=event lower_us=1600 n=1[0m
[0;32mI (242775) forensics: [HIST] fixture=10 class=event lower_us=1625 n=1[0m
[0;32mI (242785) forensics: [HIST] fixture=10 class=event lower_us=1650 n=2[0m
[0;32mI (242795) forensics: [HIST] fixture=10 class=event lower_us=1675 n=1[0m
[0;32mI (242805) forensics: [HIST] fixture=10 class=event lower_us=1700 n=1[0m
[0;32mI (246295) pocket_pan_main: [AUDIO] model=PAN blocks=92034 avg_us=1228 p99_us=1100 max_us=3902 cpu_load=46.0 deadline=60 timeout=0 tx_error=0 short=0[0m
[0;32mI (246305) pocket_pan_main: [MIDI] push=7 pop=7 drop=0 hwm=1 last=(n=66 v=64 t=78 hex=804240)[0m
[0;32mI (246315) pocket_pan_main: [BLE] state=8 interval_ms=11.25 latency=0 rssi=-55 reconnects=0 last_disconnect=0[0m
[0;32mI (246325) pocket_pan_main: [MEM] internal_free=99155 largest_internal=31744[0m
[0;32mI (251305) pocket_pan_main: [AUDIO] model=PAN blocks=93912 avg_us=1228 p99_us=1525 max_us=3902 cpu_load=46.0 deadline=60 timeout=0 tx_error=0 short=0[0m
[0;32mI (251305) pocket_pan_main: [MIDI] push=7 pop=7 drop=0 hwm=1 last=(n=66 v=64 t=78 hex=804240)[0m
[0;32mI (251315) pocket_pan_main: [BLE] state=8 interval_ms=11.25 latency=0 rssi=-56 reconnects=0 last_disconnect=0[0m
[0;32mI (251325) pocket_pan_main: [MEM] internal_free=99155 largest_internal=31744[0m
[0;32mI (256315) pocket_pan_main: [AUDIO] model=PAN blocks=95792 avg_us=1223 p99_us=1525 max_us=3902 cpu_load=45.9 deadline=60 timeout=0 tx_error=0 short=0[0m
[0;32mI (256325) pocket_pan_main: [MIDI] push=7 pop=7 drop=0 hwm=1 last=(n=66 v=64 t=78 hex=804240)[0m
[0;32mI (256335) pocket_pan_main: [BLE] state=8 interval_ms=11.25 latency=0 rssi=-61 reconnects=0 last_disconnect=0[0m
[0;32mI (256345) pocket_pan_main: [MEM] internal_free=99155 largest_internal=31744[0m
[0;32mI (261325) pocket_pan_main: [AUDIO] model=PAN blocks=97671 avg_us=1227 p99_us=1525 max_us=3902 cpu_load=46.0 deadline=60 timeout=0 tx_error=0 short=0[0m
[0;32mI (261335) pocket_pan_main: [MIDI] push=7 pop=7 drop=0 hwm=1 last=(n=66 v=64 t=78 hex=804240)[0m
[0;32mI (261345) pocket_pan_main: [BLE] state=8 interval_ms=11.25 latency=0 rssi=-56 reconnects=0 last_disconnect=0[0m
[0;32mI (261355) pocket_pan_main: [MEM] internal_free=99155 largest_internal=31744[0m
[0;32mI (264385) forensics: [CURVE] model=BELL fixture=11 voices=4 class=steady n=8148 avg_us=1202.95 p99_us=1475 max_us=1630 deadline=0 bad_voices=0 ble_lost=0 hard=0 sat=0[0m
[0;32mI (264395) forensics: [HIST] fixture=11 class=steady lower_us=1150 n=5441[0m
[0;32mI (264395) forensics: [HIST] fixture=11 class=steady lower_us=1175 n=888[0m
[0;32mI (264405) forensics: [HIST] fixture=11 class=steady lower_us=1200 n=76[0m
[0;32mI (264415) forensics: [HIST] fixture=11 class=steady lower_us=1225 n=126[0m
[0;32mI (264425) forensics: [HIST] fixture=11 class=steady lower_us=1250 n=89[0m
[0;32mI (264425) forensics: [HIST] fixture=11 class=steady lower_us=1275 n=109[0m
[0;32mI (264435) forensics: [HIST] fixture=11 class=steady lower_us=1300 n=263[0m
[0;32mI (264445) forensics: [HIST] fixture=11 class=steady lower_us=1325 n=372[0m
[0;32mI (264445) forensics: [HIST] fixture=11 class=steady lower_us=1350 n=269[0m
[0;32mI (264455) forensics: [HIST] fixture=11 class=steady lower_us=1375 n=188[0m
[0;32mI (264465) forensics: [HIST] fixture=11 class=steady lower_us=1400 n=126[0m
[0;32mI (264475) forensics: [HIST] fixture=11 class=steady lower_us=1425 n=101[0m
[0;32mI (264475) forensics: [HIST] fixture=11 class=steady lower_us=1450 n=58[0m
[0;32mI (264485) forensics: [HIST] fixture=11 class=steady lower_us=1475 n=28[0m
[0;32mI (264495) forensics: [HIST] fixture=11 class=steady lower_us=1500 n=11[0m
[0;32mI (264505) forensics: [HIST] fixture=11 class=steady lower_us=1525 n=1[0m
[0;32mI (264505) forensics: [HIST] fixture=11 class=steady lower_us=1575 n=1[0m
[0;32mI (264515) forensics: [HIST] fixture=11 class=steady lower_us=1625 n=1[0m
[0;32mI (264525) forensics: [CURVE] model=BELL fixture=11 voices=4 class=event n=44 avg_us=1959.63 p99_us=2200 max_us=2185 deadline=0 bad_voices=0 ble_lost=0 hard=0 sat=0[0m
[0;32mI (264535) forensics: [HIST] fixture=11 class=event lower_us=1800 n=1[0m
[0;32mI (264545) forensics: [HIST] fixture=11 class=event lower_us=1875 n=2[0m
[0;32mI (264555) forensics: [HIST] fixture=11 class=event lower_us=1900 n=8[0m
[0;32mI (264555) forensics: [HIST] fixture=11 class=event lower_us=1925 n=16[0m
[0;32mI (264565) forensics: [HIST] fixture=11 class=event lower_us=1950 n=8[0m
[0;32mI (264575) forensics: [HIST] fixture=11 class=event lower_us=1975 n=3[0m
[0;32mI (264585) forensics: [HIST] fixture=11 class=event lower_us=2050 n=2[0m
[0;32mI (264585) forensics: [HIST] fixture=11 class=event lower_us=2100 n=2[0m
[0;32mI (264595) forensics: [HIST] fixture=11 class=event lower_us=2125 n=1[0m
[0;32mI (264605) forensics: [HIST] fixture=11 class=event lower_us=2175 n=1[0m
[0;32mI (266325) pocket_pan_main: [AUDIO] model=PAN blocks=99544 avg_us=1653 p99_us=1525 max_us=3902 cpu_load=62.0 deadline=62 timeout=0 tx_error=0 short=0[0m
[0;32mI (266325) pocket_pan_main: [MIDI] push=7 pop=7 drop=0 hwm=1 last=(n=66 v=64 t=78 hex=804240)[0m
[0;32mI (266335) pocket_pan_main: [BLE] state=8 interval_ms=11.25 latency=0 rssi=-56 reconnects=0 last_disconnect=0[0m
[0;32mI (266345) pocket_pan_main: [MEM] internal_free=99155 largest_internal=31744[0m
[0;32mI (271335) pocket_pan_main: [AUDIO] model=PAN blocks=101425 avg_us=1643 p99_us=1975 max_us=3902 cpu_load=61.6 deadline=65 timeout=0 tx_error=0 short=0[0m
[0;32mI (271345) pocket_pan_main: [MIDI] push=7 pop=7 drop=0 hwm=1 last=(n=66 v=64 t=78 hex=804240)[0m
[0;32mI (271355) pocket_pan_main: [BLE] state=8 interval_ms=11.25 latency=0 rssi=-56 reconnects=0 last_disconnect=0[0m
[0;32mI (271365) pocket_pan_main: [MEM] internal_free=99155 largest_internal=31744[0m
[0;32mI (276355) pocket_pan_main: [AUDIO] model=PAN blocks=103307 avg_us=1646 p99_us=1975 max_us=3902 cpu_load=61.7 deadline=67 timeout=0 tx_error=0 short=0[0m
[0;32mI (276365) pocket_pan_main: [MIDI] push=7 pop=7 drop=0 hwm=1 last=(n=66 v=64 t=78 hex=804240)[0m
[0;32mI (276375) pocket_pan_main: [BLE] state=8 interval_ms=11.25 latency=0 rssi=-54 reconnects=0 last_disconnect=0[0m
[0;32mI (276385) pocket_pan_main: [MEM] internal_free=99155 largest_internal=31744[0m
[0;32mI (281365) pocket_pan_main: [AUDIO] model=PAN blocks=105185 avg_us=1675 p99_us=2000 max_us=3902 cpu_load=62.8 deadline=70 timeout=0 tx_error=0 short=0[0m
[0;32mI (281365) pocket_pan_main: [MIDI] push=7 pop=7 drop=0 hwm=1 last=(n=66 v=64 t=78 hex=804240)[0m
[0;32mI (281375) pocket_pan_main: [BLE] state=8 interval_ms=11.25 latency=0 rssi=-56 reconnects=0 last_disconnect=0[0m
[0;32mI (281385) pocket_pan_main: [MEM] internal_free=99155 largest_internal=31744[0m
[0;32mI (286225) forensics: [CURVE] model=BELL fixture=12 voices=6 class=steady n=8148 avg_us=1640.79 p99_us=1925 max_us=2118 deadline=0 bad_voices=0 ble_lost=0 hard=0 sat=0[0m
[0;32mI (286225) forensics: [HIST] fixture=12 class=steady lower_us=1575 n=3804[0m
[0;32mI (286235) forensics: [HIST] fixture=12 class=steady lower_us=1600 n=2229[0m
[0;32mI (286245) forensics: [HIST] fixture=12 class=steady lower_us=1625 n=337[0m
[0;32mI (286245) forensics: [HIST] fixture=12 class=steady lower_us=1650 n=49[0m
[0;32mI (286255) forensics: [HIST] fixture=12 class=steady lower_us=1675 n=103[0m
[0;32mI (286265) forensics: [HIST] fixture=12 class=steady lower_us=1700 n=89[0m
[0;32mI (286275) forensics: [HIST] fixture=12 class=steady lower_us=1725 n=181[0m
[0;32mI (286275) forensics: [HIST] fixture=12 class=steady lower_us=1750 n=360[0m
[0;32mI (286285) forensics: [HIST] fixture=12 class=steady lower_us=1775 n=331[0m
[0;32mI (286295) forensics: [HIST] fixture=12 class=steady lower_us=1800 n=296[0m
[0;32mI (286305) forensics: [HIST] fixture=12 class=steady lower_us=1825 n=120[0m
[0;32mI (286305) forensics: [HIST] fixture=12 class=steady lower_us=1850 n=67[0m
[0;32mI (286315) forensics: [HIST] fixture=12 class=steady lower_us=1875 n=64[0m
[0;32mI (286325) forensics: [HIST] fixture=12 class=steady lower_us=1900 n=67[0m
[0;32mI (286335) forensics: [HIST] fixture=12 class=steady lower_us=1925 n=20[0m
[0;32mI (286335) forensics: [HIST] fixture=12 class=steady lower_us=1950 n=13[0m
[0;32mI (286345) forensics: [HIST] fixture=12 class=steady lower_us=1975 n=9[0m
[0;32mI (286355) forensics: [HIST] fixture=12 class=steady lower_us=2000 n=2[0m
[0;32mI (286355) forensics: [HIST] fixture=12 class=steady lower_us=2025 n=5[0m
[0;32mI (286365) forensics: [HIST] fixture=12 class=steady lower_us=2100 n=2[0m
[0;32mI (286375) forensics: [CURVE] model=BELL fixture=12 voices=6 class=event n=44 avg_us=2599.54 p99_us=2850 max_us=2842 deadline=4 bad_voices=0 ble_lost=0 hard=0 sat=0[0m
[0;32mI (286385) forensics: [HIST] fixture=12 class=event lower_us=2500 n=1[0m
[0;32mI (286395) forensics: [HIST] fixture=12 class=event lower_us=2525 n=4[0m
[0;32mI (286405) forensics: [HIST] fixture=12 class=event lower_us=2550 n=12[0m
[0;32mI (286415) forensics: [HIST] fixture=12 class=event lower_us=2575 n=14[0m
[0;32mI (286415) forensics: [HIST] fixture=12 class=event lower_us=2600 n=7[0m
[0;32mI (286425) forensics: [HIST] fixture=12 class=event lower_us=2625 n=2[0m
[0;32mI (286435) forensics: [HIST] fixture=12 class=event lower_us=2725 n=1[0m
[0;32mI (286435) forensics: [HIST] fixture=12 class=event lower_us=2800 n=1[0m
[0;32mI (286445) forensics: [HIST] fixture=12 class=event lower_us=2825 n=2[0m
[0;32mI (286485) pocket_pan_main: [AUDIO] model=PAN blocks=107104 avg_us=1658 p99_us=2025 max_us=4084 cpu_load=62.2 deadline=76 timeout=0 tx_error=0 short=0[0m
[0;32mI (286485) pocket_pan_main: [MIDI] push=7 pop=7 drop=0 hwm=1 last=(n=66 v=64 t=78 hex=804240)[0m
[0;32mI (286495) pocket_pan_main: [BLE] state=8 interval_ms=11.25 latency=0 rssi=-57 reconnects=0 last_disconnect=0[0m
[0;32mI (286505) pocket_pan_main: [MEM] internal_free=99155 largest_internal=31744[0m
[0;32mI (291495) pocket_pan_main: [AUDIO] model=PAN blocks=108984 avg_us=2100 p99_us=2400 max_us=4084 cpu_load=78.7 deadline=86 timeout=0 tx_error=0 short=0[0m
[0;32mI (291505) pocket_pan_main: [MIDI] push=7 pop=7 drop=0 hwm=1 last=(n=66 v=64 t=78 hex=804240)[0m
[0;32mI (291515) pocket_pan_main: [BLE] state=8 interval_ms=11.25 latency=0 rssi=-57 reconnects=0 last_disconnect=0[0m
[0;32mI (291525) pocket_pan_main: [MEM] internal_free=99155 largest_internal=31744[0m
[0;32mI (296505) pocket_pan_main: [AUDIO] model=PAN blocks=110863 avg_us=2104 p99_us=2425 max_us=4084 cpu_load=78.9 deadline=97 timeout=0 tx_error=0 short=0[0m
[0;32mI (296515) pocket_pan_main: [MIDI] push=7 pop=7 drop=0 hwm=1 last=(n=66 v=64 t=78 hex=804240)[0m
[0;32mI (296525) pocket_pan_main: [BLE] state=8 interval_ms=11.25 latency=0 rssi=-55 reconnects=0 last_disconnect=0[0m
[0;32mI (296535) pocket_pan_main: [MEM] internal_free=99155 largest_internal=31744[0m
[0;32mI (301515) pocket_pan_main: [AUDIO] model=PAN blocks=112740 avg_us=2105 p99_us=2425 max_us=4084 cpu_load=78.9 deadline=107 timeout=0 tx_error=0 short=0[0m
[0;32mI (301515) pocket_pan_main: [MIDI] push=7 pop=7 drop=0 hwm=1 last=(n=66 v=64 t=78 hex=804240)[0m
[0;32mI (301525) pocket_pan_main: [BLE] state=8 interval_ms=11.25 latency=0 rssi=-55 reconnects=0 last_disconnect=0[0m
[0;32mI (301535) pocket_pan_main: [MEM] internal_free=99155 largest_internal=31744[0m
[0;32mI (306525) pocket_pan_main: [AUDIO] model=PAN blocks=114621 avg_us=2105 p99_us=2425 max_us=4084 cpu_load=78.9 deadline=117 timeout=0 tx_error=0 short=0[0m
[0;32mI (306535) pocket_pan_main: [MIDI] push=7 pop=7 drop=0 hwm=1 last=(n=66 v=64 t=78 hex=804240)[0m
[0;32mI (306545) pocket_pan_main: [BLE] state=8 interval_ms=11.25 latency=0 rssi=-58 reconnects=0 last_disconnect=0[0m
[0;32mI (306555) pocket_pan_main: [MEM] internal_free=99155 largest_internal=31744[0m
[0;32mI (308055) forensics: [CURVE] model=BELL fixture=13 voices=8 class=steady n=8148 avg_us=2076.65 p99_us=2375 max_us=2648 deadline=0 bad_voices=0 ble_lost=0 hard=0 sat=0[0m
[0;32mI (308065) forensics: [HIST] fixture=13 class=steady lower_us=2000 n=1600[0m
[0;32mI (308065) forensics: [HIST] fixture=13 class=steady lower_us=2025 n=3742[0m
[0;32mI (308075) forensics: [HIST] fixture=13 class=steady lower_us=2050 n=923[0m
[0;32mI (308085) forensics: [HIST] fixture=13 class=steady lower_us=2075 n=118[0m
[0;32mI (308095) forensics: [HIST] fixture=13 class=steady lower_us=2100 n=92[0m
[0;32mI (308095) forensics: [HIST] fixture=13 class=steady lower_us=2125 n=114[0m
[0;32mI (308105) forensics: [HIST] fixture=13 class=steady lower_us=2150 n=159[0m
[0;32mI (308115) forensics: [HIST] fixture=13 class=steady lower_us=2175 n=255[0m
[0;32mI (308115) forensics: [HIST] fixture=13 class=steady lower_us=2200 n=232[0m
[0;32mI (308125) forensics: [HIST] fixture=13 class=steady lower_us=2225 n=329[0m
[0;32mI (308135) forensics: [HIST] fixture=13 class=steady lower_us=2250 n=290[0m
[0;32mI (308145) forensics: [HIST] fixture=13 class=steady lower_us=2275 n=97[0m
[0;32mI (308145) forensics: [HIST] fixture=13 class=steady lower_us=2300 n=63[0m
[0;32mI (308155) forensics: [HIST] fixture=13 class=steady lower_us=2325 n=48[0m
[0;32mI (308165) forensics: [HIST] fixture=13 class=steady lower_us=2350 n=51[0m
[0;32mI (308175) forensics: [HIST] fixture=13 class=steady lower_us=2375 n=18[0m
[0;32mI (308175) forensics: [HIST] fixture=13 class=steady lower_us=2400 n=3[0m
[0;32mI (308185) forensics: [HIST] fixture=13 class=steady lower_us=2425 n=4[0m
[0;32mI (308195) forensics: [HIST] fixture=13 class=steady lower_us=2450 n=1[0m
[0;32mI (308195) forensics: [HIST] fixture=13 class=steady lower_us=2475 n=2[0m
[0;32mI (308205) forensics: [HIST] fixture=13 class=steady lower_us=2500 n=3[0m
[0;32mI (308215) forensics: [HIST] fixture=13 class=steady lower_us=2525 n=3[0m
[0;32mI (308225) forensics: [HIST] fixture=13 class=steady lower_us=2625 n=1[0m
[0;32mI (308225) forensics: [CURVE] model=BELL fixture=13 voices=8 class=event n=44 avg_us=3243.82 p99_us=3525 max_us=3515 deadline=44 bad_voices=0 ble_lost=0 hard=0 sat=0[0m
[0;32mI (308245) forensics: [HIST] fixture=13 class=event lower_us=3100 n=1[0m
[0;32mI (308255) forensics: [HIST] fixture=13 class=event lower_us=3175 n=3[0m
[0;32mI (308255) forensics: [HIST] fixture=13 class=event lower_us=3200 n=20[0m
[0;32mI (308265) forensics: [HIST] fixture=13 class=event lower_us=3225 n=11[0m
[0;32mI (308275) forensics: [HIST] fixture=13 class=event lower_us=3250 n=2[0m
[0;32mI (308275) forensics: [HIST] fixture=13 class=event lower_us=3275 n=2[0m
[0;32mI (308285) forensics: [HIST] fixture=13 class=event lower_us=3300 n=1[0m
[0;32mI (308295) forensics: [HIST] fixture=13 class=event lower_us=3350 n=1[0m
[0;32mI (308305) forensics: [HIST] fixture=13 class=event lower_us=3475 n=1[0m
[0;32mI (308305) forensics: [HIST] fixture=13 class=event lower_us=3500 n=2[0m
[0;32mI (311525) pocket_pan_main: [AUDIO] model=PAN blocks=116495 avg_us=1230 p99_us=2400 max_us=4084 cpu_load=46.1 deadline=121 timeout=0 tx_error=0 short=0[0m
[0;32mI (311535) pocket_pan_main: [MIDI] push=7 pop=7 drop=0 hwm=1 last=(n=66 v=64 t=78 hex=804240)[0m
[0;32mI (311535) pocket_pan_main: [BLE] state=8 interval_ms=11.25 latency=0 rssi=-57 reconnects=0 last_disconnect=0[0m
[0;32mI (311555) pocket_pan_main: [MEM] internal_free=99155 largest_internal=31744[0m
[0;32mI (316535) pocket_pan_main: [AUDIO] model=PAN blocks=118373 avg_us=1235 p99_us=2350 max_us=4084 cpu_load=46.3 deadline=121 timeout=0 tx_error=0 short=0[0m
[0;32mI (316535) pocket_pan_main: [MIDI] push=7 pop=7 drop=0 hwm=1 last=(n=66 v=64 t=78 hex=804240)[0m
[0;32mI (316545) pocket_pan_main: [BLE] state=8 interval_ms=11.25 latency=0 rssi=-57 reconnects=0 last_disconnect=0[0m
[0;32mI (316555) pocket_pan_main: [MEM] internal_free=99155 largest_internal=31744[0m
[0;32mI (321545) pocket_pan_main: [AUDIO] model=PAN blocks=120253 avg_us=1232 p99_us=1550 max_us=4084 cpu_load=46.2 deadline=121 timeout=0 tx_error=0 short=0[0m
[0;32mI (321555) pocket_pan_main: [MIDI] push=7 pop=7 drop=0 hwm=1 last=(n=66 v=64 t=78 hex=804240)[0m
[0;32mI (321565) pocket_pan_main: [BLE] state=8 interval_ms=11.25 latency=0 rssi=-54 reconnects=0 last_disconnect=0[0m
[0;32mI (321575) pocket_pan_main: [MEM] internal_free=99155 largest_internal=31744[0m
[0;32mI (326555) pocket_pan_main: [AUDIO] model=PAN blocks=122131 avg_us=1218 p99_us=1525 max_us=4084 cpu_load=45.7 deadline=121 timeout=0 tx_error=0 short=0[0m
[0;32mI (326565) pocket_pan_main: [MIDI] push=7 pop=7 drop=0 hwm=1 last=(n=66 v=64 t=78 hex=804240)[0m
[0;32mI (326565) pocket_pan_main: [BLE] state=8 interval_ms=11.25 latency=0 rssi=-55 reconnects=0 last_disconnect=0[0m
[0;32mI (326585) pocket_pan_main: [MEM] internal_free=99155 largest_internal=31744[0m
[0;32mI (329915) forensics: [CURVE] model=BELL fixture=14 voices=4 class=steady n=8148 avg_us=1206.22 p99_us=1475 max_us=1784 deadline=0 bad_voices=0 ble_lost=0 hard=0 sat=0[0m
[0;32mI (329925) forensics: [HIST] fixture=14 class=steady lower_us=1150 n=4837[0m
[0;32mI (329925) forensics: [HIST] fixture=14 class=steady lower_us=1175 n=1387[0m
[0;32mI (329935) forensics: [HIST] fixture=14 class=steady lower_us=1200 n=138[0m
[0;32mI (329945) forensics: [HIST] fixture=14 class=steady lower_us=1225 n=91[0m
[0;32mI (329955) forensics: [HIST] fixture=14 class=steady lower_us=1250 n=162[0m
[0;32mI (329955) forensics: [HIST] fixture=14 class=steady lower_us=1275 n=142[0m
[0;32mI (329965) forensics: [HIST] fixture=14 class=steady lower_us=1300 n=213[0m
[0;32mI (329975) forensics: [HIST] fixture=14 class=steady lower_us=1325 n=327[0m
[0;32mI (329975) forensics: [HIST] fixture=14 class=steady lower_us=1350 n=360[0m
[0;32mI (329985) forensics: [HIST] fixture=14 class=steady lower_us=1375 n=243[0m
[0;32mI (329995) forensics: [HIST] fixture=14 class=steady lower_us=1400 n=103[0m
[0;32mI (330005) forensics: [HIST] fixture=14 class=steady lower_us=1425 n=52[0m
[0;32mI (330005) forensics: [HIST] fixture=14 class=steady lower_us=1450 n=38[0m
[0;32mI (330015) forensics: [HIST] fixture=14 class=steady lower_us=1475 n=27[0m
[0;32mI (330025) forensics: [HIST] fixture=14 class=steady lower_us=1500 n=14[0m
[0;32mI (330035) forensics: [HIST] fixture=14 class=steady lower_us=1525 n=4[0m
[0;32mI (330035) forensics: [HIST] fixture=14 class=steady lower_us=1550 n=4[0m
[0;32mI (330045) forensics: [HIST] fixture=14 class=steady lower_us=1575 n=1[0m
[0;32mI (330055) forensics: [HIST] fixture=14 class=steady lower_us=1600 n=2[0m
[0;32mI (330055) forensics: [HIST] fixture=14 class=steady lower_us=1700 n=1[0m
[0;32mI (330065) forensics: [HIST] fixture=14 class=steady lower_us=1750 n=1[0m
[0;32mI (330075) forensics: [HIST] fixture=14 class=steady lower_us=1775 n=1[0m
[0;32mI (330085) forensics: [CURVE] model=BELL fixture=14 voices=4 class=event n=44 avg_us=2004.31 p99_us=2475 max_us=2473 deadline=0 bad_voices=0 ble_lost=0 hard=0 sat=0[0m
[0;32mI (330095) forensics: [HIST] fixture=14 class=event lower_us=1850 n=1[0m
[0;32mI (330105) forensics: [HIST] fixture=14 class=event lower_us=1875 n=1[0m
[0;32mI (330115) forensics: [HIST] fixture=14 class=event lower_us=1900 n=10[0m
[0;32mI (330115) forensics: [HIST] fixture=14 class=event lower_us=1925 n=16[0m
[0;32mI (330125) forensics: [HIST] fixture=14 class=event lower_us=1950 n=2[0m
[0;32mI (330135) forensics: [HIST] fixture=14 class=event lower_us=1975 n=2[0m
[0;32mI (330135) forensics: [HIST] fixture=14 class=event lower_us=2050 n=2[0m
[0;32mI (330145) forensics: [HIST] fixture=14 class=event lower_us=2075 n=3[0m
[0;32mI (330155) forensics: [HIST] fixture=14 class=event lower_us=2175 n=1[0m
[0;32mI (330165) forensics: [HIST] fixture=14 class=event lower_us=2225 n=1[0m
[0;32mI (330165) forensics: [HIST] fixture=14 class=event lower_us=2275 n=2[0m
[0;32mI (330175) forensics: [HIST] fixture=14 class=event lower_us=2325 n=1[0m
[0;32mI (330185) forensics: [HIST] fixture=14 class=event lower_us=2350 n=1[0m
[0;32mI (330185) forensics: [HIST] fixture=14 class=event lower_us=2450 n=1[0m
[0;32mI (331575) pocket_pan_main: [AUDIO] model=PAN blocks=124013 avg_us=391 p99_us=1525 max_us=4084 cpu_load=14.7 deadline=121 timeout=0 tx_error=0 short=0[0m
[0;32mI (331575) pocket_pan_main: [MIDI] push=7 pop=7 drop=0 hwm=1 last=(n=66 v=64 t=78 hex=804240)[0m
[0;32mI (331585) pocket_pan_main: [BLE] state=8 interval_ms=11.25 latency=0 rssi=-55 reconnects=0 last_disconnect=0[0m
[0;32mI (331595) pocket_pan_main: [MEM] internal_free=99155 largest_internal=31744[0m
[0;32mI (336585) pocket_pan_main: [AUDIO] model=PAN blocks=125893 avg_us=389 p99_us=1450 max_us=4084 cpu_load=14.6 deadline=121 timeout=0 tx_error=0 short=0[0m
[0;32mI (336595) pocket_pan_main: [MIDI] push=7 pop=7 drop=0 hwm=1 last=(n=66 v=64 t=78 hex=804240)[0m
[0;32mI (336605) pocket_pan_main: [BLE] state=8 interval_ms=11.25 latency=0 rssi=-56 reconnects=0 last_disconnect=0[0m
[0;32mI (336615) pocket_pan_main: [MEM] internal_free=99155 largest_internal=31744[0m
[0;32mI (341595) pocket_pan_main: [AUDIO] model=PAN blocks=127772 avg_us=390 p99_us=875 max_us=4084 cpu_load=14.6 deadline=121 timeout=0 tx_error=0 short=0[0m
[0;32mI (341605) pocket_pan_main: [MIDI] push=7 pop=7 drop=0 hwm=1 last=(n=66 v=64 t=78 hex=804240)[0m
[0;32mI (341615) pocket_pan_main: [BLE] state=8 interval_ms=11.25 latency=0 rssi=-58 reconnects=0 last_disconnect=0[0m
[0;32mI (341625) pocket_pan_main: [MEM] internal_free=99155 largest_internal=31744[0m
[0;32mI (346605) pocket_pan_main: [AUDIO] model=PAN blocks=129649 avg_us=389 p99_us=875 max_us=4084 cpu_load=14.6 deadline=121 timeout=0 tx_error=0 short=0[0m
[0;32mI (346605) pocket_pan_main: [MIDI] push=7 pop=7 drop=0 hwm=1 last=(n=66 v=64 t=78 hex=804240)[0m
[0;32mI (346615) pocket_pan_main: [BLE] state=8 interval_ms=11.25 latency=0 rssi=-57 reconnects=0 last_disconnect=0[0m
[0;32mI (346625) pocket_pan_main: [MEM] internal_free=99155 largest_internal=31744[0m
[0;32mI (351615) pocket_pan_main: [AUDIO] model=PAN blocks=131529 avg_us=390 p99_us=875 max_us=4084 cpu_load=14.6 deadline=121 timeout=0 tx_error=0 short=0[0m
[0;32mI (351625) pocket_pan_main: [MIDI] push=7 pop=7 drop=0 hwm=1 last=(n=66 v=64 t=78 hex=804240)[0m
[0;32mI (351635) pocket_pan_main: [BLE] state=8 interval_ms=11.25 latency=0 rssi=-55 reconnects=0 last_disconnect=0[0m
[0;32mI (351645) pocket_pan_main: [MEM] internal_free=99155 largest_internal=31744[0m
[0;32mI (351765) forensics: [CURVE] model=BELL fixture=15 voices=1 class=steady n=7976 avg_us=362.64 p99_us=475 max_us=541 deadline=0 bad_voices=0 ble_lost=0 hard=0 sat=0[0m
[0;32mI (351765) forensics: [HIST] fixture=15 class=steady lower_us=325 n=4985[0m
[0;32mI (351775) forensics: [HIST] fixture=15 class=steady lower_us=350 n=1202[0m
[0;32mI (351785) forensics: [HIST] fixture=15 class=steady lower_us=375 n=475[0m
[0;32mI (351795) forensics: [HIST] fixture=15 class=steady lower_us=400 n=811[0m
[0;32mI (351795) forensics: [HIST] fixture=15 class=steady lower_us=425 n=344[0m
[0;32mI (351805) forensics: [HIST] fixture=15 class=steady lower_us=450 n=105[0m
[0;32mI (351815) forensics: [HIST] fixture=15 class=steady lower_us=475 n=44[0m
[0;32mI (351825) forensics: [HIST] fixture=15 class=steady lower_us=500 n=9[0m
[0;32mI (351825) forensics: [HIST] fixture=15 class=steady lower_us=525 n=1[0m
[0;32mI (351835) forensics: [CURVE] model=BELL fixture=15 voices=1 class=event n=216 avg_us=895.48 p99_us=1225 max_us=1244 deadline=0 bad_voices=0 ble_lost=0 hard=0 sat=0[0m
[0;32mI (351855) forensics: [HIST] fixture=15 class=event lower_us=650 n=1[0m
[0;32mI (351855) forensics: [HIST] fixture=15 class=event lower_us=850 n=114[0m
[0;32mI (351865) forensics: [HIST] fixture=15 class=event lower_us=875 n=56[0m
[0;32mI (351875) forensics: [HIST] fixture=15 class=event lower_us=900 n=8[0m
[0;32mI (351875) forensics: [HIST] fixture=15 class=event lower_us=925 n=12[0m
[0;32mI (351885) forensics: [HIST] fixture=15 class=event lower_us=950 n=4[0m
[0;32mI (351895) forensics: [HIST] fixture=15 class=event lower_us=975 n=8[0m
[0;32mI (351895) forensics: [HIST] fixture=15 class=event lower_us=1000 n=2[0m
[0;32mI (351905) forensics: [HIST] fixture=15 class=event lower_us=1025 n=1[0m
[0;32mI (351915) forensics: [HIST] fixture=15 class=event lower_us=1050 n=2[0m
[0;32mI (351925) forensics: [HIST] fixture=15 class=event lower_us=1075 n=1[0m
[0;32mI (351925) forensics: [HIST] fixture=15 class=event lower_us=1100 n=1[0m
[0;32mI (351935) forensics: [HIST] fixture=15 class=event lower_us=1150 n=1[0m
[0;32mI (351945) forensics: [HIST] fixture=15 class=event lower_us=1175 n=2[0m
[0;32mI (351945) forensics: [HIST] fixture=15 class=event lower_us=1200 n=1[0m
[0;32mI (351955) forensics: [HIST] fixture=15 class=event lower_us=1225 n=2[0m
[0;32mI (356615) pocket_pan_main: [AUDIO] model=PAN blocks=133404 avg_us=7 p99_us=475 max_us=4084 cpu_load=0.3 deadline=121 timeout=0 tx_error=0 short=0[0m
[0;32mI (356615) pocket_pan_main: [MIDI] push=7 pop=7 drop=0 hwm=1 last=(n=66 v=64 t=78 hex=804240)[0m
[0;32mI (356625) pocket_pan_main: [BLE] state=8 interval_ms=11.25 latency=0 rssi=-57 reconnects=0 last_disconnect=0[0m
[0;32mI (356635) pocket_pan_main: [MEM] internal_free=99155 largest_internal=31744[0m
