-- Configuring done (0.2s)
-- Generating done (0.1s)
-- Build files have been written to: C:/progs/ESPan/build-host-m631
[1/14] Building CXX object CMakeFiles/test_dsp.dir/C_/progs/ESPan/main/dsp/instrument_model.cpp.obj
[2/14] Building CXX object CMakeFiles/test_dsp.dir/C_/progs/ESPan/main/midi/midi_mapping.cpp.obj
[3/14] Building CXX object CMakeFiles/test_dsp.dir/C_/progs/ESPan/main/dsp/body_resonator.cpp.obj
[4/14] Building CXX object CMakeFiles/test_dsp.dir/C_/progs/ESPan/main/dsp/exciter.cpp.obj
[5/14] Building CXX object CMakeFiles/test_dsp.dir/C_/progs/ESPan/main/dsp/peak_limiter.cpp.obj
[6/14] Building CXX object CMakeFiles/test_dsp.dir/C_/progs/ESPan/main/dsp/modal_voice.cpp.obj
[7/14] Building CXX object CMakeFiles/test_dsp.dir/C_/progs/ESPan/main/dsp/synth_engine.cpp.obj
[8/14] Building CXX object CMakeFiles/test_dsp.dir/C_/progs/ESPan/main/dsp/voice_allocator.cpp.obj
[9/14] Building CXX object CMakeFiles/test_dsp.dir/C_/progs/ESPan/main/dsp/modal_resonator.cpp.obj
[10/14] Building CXX object CMakeFiles/test_modal_kernel.dir/C_/progs/ESPan/main/dsp/modal_resonator.cpp.obj
[11/14] Building CXX object CMakeFiles/test_modal_kernel.dir/test_modal_kernel.cpp.obj
[12/14] Linking CXX executable test_modal_kernel.exe
[13/14] Building CXX object CMakeFiles/test_dsp.dir/test_dsp.cpp.obj
[14/14] Linking CXX executable test_dsp.exe
Test project C:/progs/ESPan/build-host-m631
    Start 1: ble_midi_parser
1/4 Test #1: ble_midi_parser ..................   Passed    0.03 sec
    Start 2: dsp
2/4 Test #2: dsp ..............................   Passed    3.97 sec
    Start 3: telemetry
3/4 Test #3: telemetry ........................   Passed    0.05 sec
    Start 4: modal_kernel
4/4 Test #4: modal_kernel .....................   Passed    0.08 sec

100% tests passed, 0 tests failed out of 4

Total Test time (real) =   4.14 sec
