[0;32mI (122) esp_image: segment 1: paddr=0002ee4c vaddr=3fc9a6[0;32mI (669) esp_psram: SPI SRAM memory test OK[0m
[0;32mI (678) cpu_start: Pro cpu start user code[0m
[0;32mI (678) cpu_start: cpu freq: 240000000 Hz[0m
[0;32mI (678) app_init: Application information:[0m
[0;32mI (681) app_init: Project name:     pocket_pan[0m
[0;32mI (686) app_init: App version:      2bb0443-dirty[0m
[0;32mI (691) app_init: Compile time:     Sep 26 2026 00:13:47[0m
[0;32mI (697) app_init: ELF file SHA256:  f56226feb...[0m
[0;32mI (703) app_init: ESP-IDF:          v5.3-dirty[0m
[0;32mI (708) efuse_init: Min chip rev:     v0.0[0m
[0;32mI (713) efuse_init: Max chip rev:     v0.99 [0m
[0;32mI (717) efuse_init: Chip rev:         v0.2[0m
[0;32mI (722) heap_init: Initializing. RAM available for dynamic allocation:[0m
[0;32mI (730) heap_init: At 3FCB70E8 len 00032628 (201 KiB): RAM[0m
[0;32mI (736) heap_init: At 3FCE9710 len 00005724 (21 KiB): RAM[0m
[0;32mI (742) heap_init: At 3FCF0000 len 00008000 (32 KiB): DRAM[0m
[0;32mI (748) heap_init: At 600FE100 len 00001EE8 (7 KiB): RTCRAM[0m
[0;32mI (754) esp_psram: Adding pool of 2048K of PSRAM memory to heap allocator[0m
[0;32mI (762) spi_flash: detected chip: generic[0m
[0;32mI (766) spi_flash: flash io: dio[0m
[0;32mI (771) sleep: Configure to isolate all GPIO pins in sleep state[0m
[0;32mI (777) sleep: Enable automatic switching of GPIO sleep configuration[0m
[0;32mI (784) coexist: coex firmware version: dab85ae96[0m
[0;32mI (790) coexist: coexist rom version e7ae62f[0m
[0;32mI (795) main_task: Started on CPU0[0m
[0;32mI (805) esp_psram: Reserving pool of 32K of internal memory for DMA/internal allocations[0m
[0;32mI (805) main_task: Calling app_main()[0m
[0;32mI (815) pocket_pan_main: ===============================================[0m
[0;32mI (815) pocket_pan_main:   Pocket Pan / Metal Modal Synthesizer v1.0.0[0m
[0;32mI (825) pocket_pan_main:   Hardware: TENSTAR TS-ESP32-S3 (Feather TFT)[0m
[0;32mI (835) pocket_pan_main: ===============================================[0m
[0;32mI (845) pocket_pan_main: [FORENSICS] candidate=8 profile=0 cpu_mhz=240 optimization_perf=1[0m
[0;32mI (855) gpio: GPIO[10]| InputEn: 0| OutputEn: 1| OpenDrain: 0| Pullup: 0| Pulldown: 1| Intr:0 [0m
[0;32mI (865) AudioI2S: I2S TX initialized (48kHz, 32-bit slot, stereo, 6x128 frames DMA = 1024 bytes/buf)[0m
[0;32mI (875) AudioI2S: Audio task started on Core 0 at priority 12[0m
[0;32mI (875) BLE_INIT: BT controller compile version [ba3b3e3][0m
[0;32mI (885) BLE_INIT: Bluetooth MAC: b4:3a:45:ae:6f:2a[0m
[0;32mI (885) phy_init: phy_version 680,a6008b2,Jun  4 2024,16:41:10[0m
[0;32mI (925) BleMidi: NimBLE BLE MIDI Central initialized and pinned to Core 1[0m
[0;32mI (925) BleMidi: NimBLE Host task running on Core 1[0m
[0;32mI (935) gpio: GPIO[39]| InputEn: 0| OutputEn: 1| OpenDrain: 0| Pullup: 0| Pulldown: 0| Intr:0 [0m
[0;32mI (935) NimBLE: Failed to restore IRKs from store; status=8
[0m
[0;32mI (945) gpio: GPIO[40]| InputEn: 0| OutputEn: 1| OpenDrain: 0| Pullup: 0| Pulldown: 0| Intr:0 [0m
[0;32mI (945) NimBLE: GAP procedure initiated: discovery; [0m
[0;32mI (955) gpio: GPIO[21]| InputEn: 0| OutputEn: 1| OpenDrain: 0| Pullup: 0| Pulldown: 0| Intr:0 [0m
[0;32mI (965) NimBLE: own_addr_type=0 filter_policy=0 passive=0 limited=0 filter_duplicates=1 [0m
[0;32mI (975) NimBLE: duration=forever[0m
[0;32mI (985) NimBLE: 
[0m
[0;32mI (985) BleMidi: Scanning for BLE MIDI devices...[0m
[0;32mI (1035) BleMidi: BLE MIDI device found (59:FB:B6:B7:BF:0F); connecting[0m
[0;32mI (1035) NimBLE: GAP procedure initiated: connect; [0m
[0;32mI (1035) NimBLE: peer_addr_type=0 peer_addr=[0m
[0;32mI (1045) NimBLE: 59:fb:b6:b7:bf:0f[0m
[0;32mI (1045) NimBLE:  scan_itvl=16 scan_window=16 itvl_min=24 itvl_max=40 latency=0 supervision_timeout=256 min_ce_len=0 max_ce_len=0 own_addr_type=0[0m
[0;32mI (1065) NimBLE: 
[0m
[0;32mI (1145) BleMidi: BLE Connected! conn_handle=1[0m
[0;32mI (1145) NimBLE: GAP procedure initiated: [0m
[0;32mI (1145) NimBLE: connection parameter update; conn_handle=1 itvl_min=6 itvl_max=12 latency=0 supervision_timeout=200 min_ce_len=0 max_ce_len=0[0m
[0;32mI (1155) NimBLE: 
[0m
[0;32mI (1155) BleMidi: Requested connection params 7.5-15ms latency=0 timeout=2s rc=0[0m
[0;32mI (1165) NimBLE: GATT procedure initiated: discover all services
[0m
[0;32mI (1195) gpio: GPIO[45]| InputEn: 0| OutputEn: 1| OpenDrain: 0| Pullup: 0| Pulldown: 0| Intr:0 [0m
[0;32mI (1195) Display: ST7789 240x135 display initialized successfully[0m
[0;32mI (1195) pocket_pan_main: Pocket Pan initialization complete. Realtime audio active.[0m
[0;32mI (1195) gpio: GPIO[0]| InputEn: 1| OutputEn: 0| OpenDrain: 0| Pullup: 1| Pulldown: 0| Intr:0 [0m
[0;32mI (1205) main_task: Returned from app_main()[0m
[0;32mI (1435) BleMidi: Found BLE MIDI Service! start_handle=112 end_handle=115[0m
[0;32mI (1435) NimBLE: GATT procedure initiated: discover all characteristics; [0m
[0;32mI (1435) NimBLE: start_handle=112 end_handle=115
[0m
[0;32mI (1535) BleMidi: Found BLE MIDI Characteristic! def_handle=113 val_handle=114 props=0x16[0m
[0;32mI (1535) NimBLE: GATT procedure initiated: discover all descriptors; [0m
[0;32mI (1535) NimBLE: chr_val_handle=114 end_handle=115
[0m
[0;32mI (1635) BleMidi: Discovered CCCD (0x2902) handle=115[0m
[0;32mI (1635) NimBLE: GATT procedure initiated: write; [0m
[0;32mI (1635) NimBLE: att_handle=115 len=2
[0m
[0;32mI (1685) BleMidi: Negotiated params interval=7.50ms latency=0 timeout=2000ms[0m
[0;32mI (1695) BleMidi: CCCD subscription successful; BLE MIDI ready[0m
[0;32mI (1705) NimBLE: GAP procedure initiated: [0m
[0;32mI (1705) NimBLE: connection parameter update; conn_handle=1 itvl_min=6 itvl_max=9 latency=0 supervision_timeout=100 min_ce_len=0 max_ce_len=0[0m
[0;32mI (1715) NimBLE: 
[0m
[0;32mI (1795) BleMidi: Negotiated params interval=11.25ms latency=0 timeout=1000ms[0m
[0;32mI (5795) pocket_pan_main: [AUDIO] model=PAN blocks=1847 avg_us=2352 p99_us=0 max_us=6554 cpu_load=88.2 deadline=233 timeout=0 tx_error=0 short=0[0m
[0;32mI (5805) pocket_pan_main: [MIDI] push=0 pop=0 drop=0 hwm=0 last=(n=62 v=0 t=78 hex=000000)[0m
[0;32mI (5815) pocket_pan_main: [BLE] state=8 interval_ms=11.25 latency=0 rssi=-61 reconnects=0 last_disconnect=0[0m
[0;32mI (5825) pocket_pan_main: [MEM] internal_free=104787 largest_internal=31744[0m
[0;32mI (10805) pocket_pan_main: [AUDIO] model=PAN blocks=3725 avg_us=2374 p99_us=3175 max_us=6554 cpu_load=89.0 deadline=526 timeout=0 tx_error=0 short=0[0m
[0;32mI (10815) pocket_pan_main: [MIDI] push=0 pop=0 drop=0 hwm=0 last=(n=62 v=0 t=78 hex=000000)[0m
[0;32mI (10815) pocket_pan_main: [BLE] state=8 interval_ms=11.25 latency=0 rssi=-60 reconnects=0 last_disconnect=0[0m
[0;32mI (10835) pocket_pan_main: [MEM] internal_free=104787 largest_internal=31744[0m
[0;32mI (15815) pocket_pan_main: [AUDIO] model=PAN blocks=5603 avg_us=2368 p99_us=3175 max_us=6554 cpu_load=88.8 deadline=817 timeout=0 tx_error=0 short=0[0m
[0;32mI (15815) pocket_pan_main: [MIDI] push=0 pop=0 drop=0 hwm=0 last=(n=62 v=0 t=78 hex=000000)[0m
[0;32mI (15825) pocket_pan_main: [BLE] state=8 interval_ms=11.25 latency=0 rssi=-60 reconnects=0 last_disconnect=0[0m
[0;32mI (15835) pocket_pan_main: [MEM] internal_free=104787 largest_internal=31744[0m
[0;32mI (20825) pocket_pan_main: [AUDIO] model=PAN blocks=7483 avg_us=2365 p99_us=3175 max_us=6554 cpu_load=88.7 deadline=1106 timeout=0 tx_error=0 short=0[0m
[0;32mI (20835) pocket_pan_main: [MIDI] push=0 pop=0 drop=0 hwm=0 last=(n=62 v=0 t=78 hex=000000)[0m
[0;32mI (20845) pocket_pan_main: [BLE] state=8 interval_ms=11.25 latency=0 rssi=-60 reconnects=0 last_disconnect=0[0m
[0;32mI (20855) pocket_pan_main: [MEM] internal_free=104787 largest_internal=31744[0m
[0;32mI (23555) forensics: [CURVE] model=PAN fixture=5 voices=8 class=steady n=8148 avg_us=2351.64 p99_us=3350 max_us=3668 deadline=1120 bad_voices=0 ble_lost=0 hard=0 sat=0[0m
[0;32mI (23555) forensics: [HIST] fixture=5 class=steady lower_us=2175 n=2227[0m
[0;32mI (23565) forensics: [HIST] fixture=5 class=steady lower_us=2200 n=2023[0m
[0;32mI (23575) forensics: [HIST] fixture=5 class=steady lower_us=2225 n=1128[0m
[0;32mI (23575) forensics: [HIST] fixture=5 class=steady lower_us=2250 n=481[0m
[0;32mI (23585) forensics: [HIST] fixture=5 class=steady lower_us=2275 n=192[0m
[0;32mI (23595) forensics: [HIST] fixture=5 class=steady lower_us=2300 n=225[0m
[0;32mI (23595) forensics: [HIST] fixture=5 class=steady lower_us=2325 n=197[0m
[0;32mI (23605) forensics: [HIST] fixture=5 class=steady lower_us=2350 n=111[0m
[0;32mI (23615) forensics: [HIST] fixture=5 class=steady lower_us=2375 n=57[0m
[0;32mI (23625) forensics: [HIST] fixture=5 class=steady lower_us=2400 n=36[0m
[0;32mI (23625) forensics: [HIST] fixture=5 class=steady lower_us=2425 n=23[0m
[0;32mI (23635) forensics: [HIST] fixture=5 class=steady lower_us=2450 n=28[0m
[0;32mI (23645) forensics: [HIST] fixture=5 class=steady lower_us=2475 n=15[0m
[0;32mI (23645) forensics: [HIST] fixture=5 class=steady lower_us=2500 n=51[0m
[0;32mI (23655) forensics: [HIST] fixture=5 class=steady lower_us=2525 n=53[0m
[0;32mI (23665) forensics: [HIST] fixture=5 class=steady lower_us=2550 n=38[0m
[0;32mI (23675) forensics: [HIST] fixture=5 class=steady lower_us=2575 n=26[0m
[0;32mI (23675) forensics: [HIST] fixture=5 class=steady lower_us=2600 n=38[0m
[0;32mI (23685) forensics: [HIST] fixture=5 class=steady lower_us=2625 n=40[0m
[0;32mI (23695) forensics: [HIST] fixture=5 class=steady lower_us=2650 n=50[0m
[0;32mI (23695) forensics: [HIST] fixture=5 class=steady lower_us=2675 n=26[0m
[0;32mI (23705) forensics: [HIST] fixture=5 class=steady lower_us=2700 n=13[0m
[0;32mI (23715) forensics: [HIST] fixture=5 class=steady lower_us=2725 n=30[0m
[0;32mI (23725) forensics: [HIST] fixture=5 class=steady lower_us=2750 n=26[0m
[0;32mI (23725) forensics: [HIST] fixture=5 class=steady lower_us=2775 n=38[0m
[0;32mI (23735) forensics: [HIST] fixture=5 class=steady lower_us=2800 n=24[0m
[0;32mI (23745) forensics: [HIST] fixture=5 class=steady lower_us=2825 n=26[0m
[0;32mI (23745) forensics: [HIST] fixture=5 class=steady lower_us=2850 n=65[0m
[0;32mI (23755) forensics: [HIST] fixture=5 class=steady lower_us=2875 n=52[0m
[0;32mI (23765) forensics: [HIST] fixture=5 class=steady lower_us=2900 n=84[0m
[0;32mI (23775) forensics: [HIST] fixture=5 class=steady lower_us=2925 n=70[0m
[0;32mI (23775) forensics: [HIST] fixture=5 class=steady lower_us=2950 n=54[0m
[0;32mI (23785) forensics: [HIST] fixture=5 class=steady lower_us=2975 n=34[0m
[0;32mI (23795) forensics: [HIST] fixture=5 class=steady lower_us=3000 n=52[0m
[0;32mI (23795) forensics: [HIST] fixture=5 class=steady lower_us=3025 n=37[0m
[0;32mI (23805) forensics: [HIST] fixture=5 class=steady lower_us=3050 n=22[0m
[0;32mI (23815) forensics: [HIST] fixture=5 class=steady lower_us=3075 n=22[0m
[0;32mI (23825) forensics: [HIST] fixture=5 class=steady lower_us=3100 n=29[0m
[0;32mI (23825) forensics: [HIST] fixture=5 class=steady lower_us=3125 n=21[0m
[0;32mI (23835) forensics: [HIST] fixture=5 class=steady lower_us=3150 n=5[0m
[0;32mI (23845) forensics: [HIST] fixture=5 class=steady lower_us=3175 n=23[0m
[0;32mI (23845) forensics: [HIST] fixture=5 class=steady lower_us=3200 n=55[0m
[0;32mI (23855) forensics: [HIST] fixture=5 class=steady lower_us=3225 n=62[0m
[0;32mI (23865) forensics: [HIST] fixture=5 class=steady lower_us=3250 n=65[0m
[0;32mI (23875) forensics: [HIST] fixture=5 class=steady lower_us=3275 n=61[0m
[0;32mI (23875) forensics: [HIST] fixture=5 class=steady lower_us=3300 n=29[0m
[0;32mI (23885) forensics: [HIST] fixture=5 class=steady lower_us=3325 n=20[0m
[0;32mI (23895) forensics: [HIST] fixture=5 class=steady lower_us=3350 n=28[0m
[0;32mI (23895) forensics: [HIST] fixture=5 class=steady lower_us=3375 n=13[0m
[0;32mI (23905) forensics: [HIST] fixture=5 class=steady lower_us=3400 n=10[0m
[0;32mI (23915) forensics: [HIST] fixture=5 class=steady lower_us=3425 n=4[0m
[0;32mI (23925) forensics: [HIST] fixture=5 class=steady lower_us=3450 n=3[0m
[0;32mI (23925) forensics: [HIST] fixture=5 class=steady lower_us=3500 n=1[0m
[0;32mI (23935) forensics: [HIST] fixture=5 class=steady lower_us=3525 n=1[0m
[0;32mI (23945) forensics: [HIST] fixture=5 class=steady lower_us=3550 n=2[0m
[0;32mI (23945) forensics: [HIST] fixture=5 class=steady lower_us=3600 n=1[0m
[0;32mI (23955) forensics: [HIST] fixture=5 class=steady lower_us=3650 n=1[0m
[0;32mI (23965) forensics: [CURVE] model=PAN fixture=5 voices=8 class=event n=44 avg_us=3698.58 p99_us=5100 max_us=5084 deadline=44 bad_voices=0 ble_lost=0 hard=0 sat=0[0m
[0;32mI (23975) forensics: [HIST] fixture=5 class=event lower_us=3475 n=3[0m
[0;32mI (23985) forensics: [HIST] fixture=5 class=event lower_us=3500 n=11[0m
[0;32mI (23995) forensics: [HIST] fixture=5 class=event lower_us=3525 n=7[0m
[0;32mI (23995) forensics: [HIST] fixture=5 class=event lower_us=3550 n=10[0m
[0;32mI (24005) forensics: [HIST] fixture=5 class=event lower_us=3575 n=2[0m
[0;32mI (24015) forensics: [HIST] fixture=5 class=event lower_us=3600 n=1[0m
[0;32mI (24015) forensics: [HIST] fixture=5 class=event lower_us=3625 n=1[0m
[0;32mI (24025) forensics: [HIST] fixture=5 class=event lower_us=3675 n=1[0m
[0;32mI (24035) forensics: [HIST] fixture=5 class=event lower_us=3700 n=2[0m
[0;32mI (24045) forensics: [HIST] fixture=5 class=event lower_us=4175 n=1[0m
[0;32mI (24045) forensics: [HIST] fixture=5 class=event lower_us=4300 n=1[0m
[0;32mI (24055) forensics: [HIST] fixture=5 class=event lower_us=4525 n=1[0m
[0;32mI (24065) forensics: [HIST] fixture=5 class=event lower_us=4650 n=1[0m
[0;32mI (24065) forensics: [HIST] fixture=5 class=event lower_us=4925 n=1[0m
[0;32mI (24075) forensics: [HIST] fixture=5 class=event lower_us=5075 n=1[0m
[0;32mI (25825) pocket_pan_main: [AUDIO] model=PAN blocks=9357 avg_us=1429 p99_us=3175 max_us=6554 cpu_load=53.6 deadline=1273 timeout=0 tx_error=0 short=0[0m
[0;32mI (25825) pocket_pan_main: [MIDI] push=0 pop=0 drop=0 hwm=0 last=(n=62 v=0 t=78 hex=000000)[0m
[0;32mI (25835) pocket_pan_main: [BLE] state=8 interval_ms=11.25 latency=0 rssi=-61 reconnects=0 last_disconnect=0[0m
[0;32mI (25845) pocket_pan_main: [MEM] internal_free=104787 largest_internal=31744[0m
[0;32mI (30835) pocket_pan_main: [AUDIO] model=PAN blocks=11237 avg_us=1430 p99_us=3125 max_us=6554 cpu_load=53.6 deadline=1275 timeout=0 tx_error=0 short=0[0m
[0;32mI (30845) pocket_pan_main: [MIDI] push=0 pop=0 drop=0 hwm=0 last=(n=62 v=0 t=78 hex=000000)[0m
[0;32mI (30855) pocket_pan_main: [BLE] state=8 interval_ms=11.25 latency=0 rssi=-60 reconnects=0 last_disconnect=0[0m
[0;32mI (30865) pocket_pan_main: [MEM] internal_free=104787 largest_internal=31744[0m
[0;32mI (35845) pocket_pan_main: [AUDIO] model=PAN blocks=13116 avg_us=1427 p99_us=2125 max_us=6554 cpu_load=53.5 deadline=1277 timeout=0 tx_error=0 short=0[0m
[0;32mI (35855) pocket_pan_main: [MIDI] push=0 pop=0 drop=0 hwm=0 last=(n=62 v=0 t=78 hex=000000)[0m
[0;32mI (35865) pocket_pan_main: [BLE] state=8 interval_ms=11.25 latency=0 rssi=-58 reconnects=0 last_disconnect=0[0m
[0;32mI (35875) pocket_pan_main: [MEM] internal_free=104787 largest_internal=31744[0m
[0;32mI (40855) pocket_pan_main: [AUDIO] model=PAN blocks=14993 avg_us=1425 p99_us=2125 max_us=6554 cpu_load=53.4 deadline=1280 timeout=0 tx_error=0 short=0[0m
[0;32mI (40855) pocket_pan_main: [MIDI] push=0 pop=0 drop=0 hwm=0 last=(n=62 v=0 t=78 hex=000000)[0m
[0;32mI (40865) pocket_pan_main: [BLE] state=8 interval_ms=11.25 latency=0 rssi=-60 reconnects=0 last_disconnect=0[0m
[0;32mI (40875) pocket_pan_main: [MEM] internal_free=104787 largest_internal=31744[0m
[0;32mI (45415) forensics: [CURVE] model=BELL fixture=14 voices=4 class=steady n=8148 avg_us=1406.42 p99_us=2050 max_us=2223 deadline=0 bad_voices=0 ble_lost=0 hard=0 sat=0[0m
[0;32mI (45425) forensics: [HIST] fixture=14 class=steady lower_us=1275 n=629[0m
[0;32mI (45425) forensics: [HIST] fixture=14 class=steady lower_us=1300 n=4547[0m
[0;32mI (45435) forensics: [HIST] fixture=14 class=steady lower_us=1325 n=894[0m
[0;32mI (45445) forensics: [HIST] fixture=14 class=steady lower_us=1350 n=270[0m
[0;32mI (45445) forensics: [HIST] fixture=14 class=steady lower_us=1375 n=68[0m
[0;32mI (45455) forensics: [HIST] fixture=14 class=steady lower_us=1400 n=42[0m
[0;32mI (45465) forensics: [HIST] fixture=14 class=steady lower_us=1425 n=31[0m
[0;32mI (45475) forensics: [HIST] fixture=14 class=steady lower_us=1450 n=67[0m
[0;32mI (45475) forensics: [HIST] fixture=14 class=steady lower_us=1475 n=71[0m
[0;32mI (45485) forensics: [HIST] fixture=14 class=steady lower_us=1500 n=57[0m
[0;32mI (45495) forensics: [HIST] fixture=14 class=steady lower_us=1525 n=42[0m
[0;32mI (45505) forensics: [HIST] fixture=14 class=steady lower_us=1550 n=45[0m
[0;32mI (45505) forensics: [HIST] fixture=14 class=steady lower_us=1575 n=21[0m
[0;32mI (45515) forensics: [HIST] fixture=14 class=steady lower_us=1600 n=42[0m
[0;32mI (45525) forensics: [HIST] fixture=14 class=steady lower_us=1625 n=52[0m
[0;32mI (45525) forensics: [HIST] fixture=14 class=steady lower_us=1650 n=137[0m
[0;32mI (45535) forensics: [HIST] fixture=14 class=steady lower_us=1675 n=123[0m
[0;32mI (45545) forensics: [HIST] fixture=14 class=steady lower_us=1700 n=45[0m
[0;32mI (45555) forensics: [HIST] fixture=14 class=steady lower_us=1725 n=84[0m
[0;32mI (45555) forensics: [HIST] fixture=14 class=steady lower_us=1750 n=65[0m
[0;32mI (45565) forensics: [HIST] fixture=14 class=steady lower_us=1775 n=59[0m
[0;32mI (45575) forensics: [HIST] fixture=14 class=steady lower_us=1800 n=62[0m
[0;32mI (45575) forensics: [HIST] fixture=14 class=steady lower_us=1825 n=94[0m
[0;32mI (45585) forensics: [HIST] fixture=14 class=steady lower_us=1850 n=101[0m
[0;32mI (45595) forensics: [HIST] fixture=14 class=steady lower_us=1875 n=116[0m
[0;32mI (45605) forensics: [HIST] fixture=14 class=steady lower_us=1900 n=109[0m
[0;32mI (45605) forensics: [HIST] fixture=14 class=steady lower_us=1925 n=62[0m
[0;32mI (45615) forensics: [HIST] fixture=14 class=steady lower_us=1950 n=33[0m
[0;32mI (45625) forensics: [HIST] fixture=14 class=steady lower_us=1975 n=72[0m
[0;32mI (45635) forensics: [HIST] fixture=14 class=steady lower_us=2000 n=26[0m
[0;32mI (45635) forensics: [HIST] fixture=14 class=steady lower_us=2025 n=26[0m
[0;32mI (45645) forensics: [HIST] fixture=14 class=steady lower_us=2050 n=37[0m
[0;32mI (45655) forensics: [HIST] fixture=14 class=steady lower_us=2075 n=10[0m
[0;32mI (45655) forensics: [HIST] fixture=14 class=steady lower_us=2100 n=3[0m
[0;32mI (45665) forensics: [HIST] fixture=14 class=steady lower_us=2125 n=2[0m
[0;32mI (45675) forensics: [HIST] fixture=14 class=steady lower_us=2150 n=2[0m
[0;32mI (45685) forensics: [HIST] fixture=14 class=steady lower_us=2175 n=1[0m
[0;32mI (45685) forensics: [HIST] fixture=14 class=steady lower_us=2200 n=1[0m
[0;32mI (45695) forensics: [CURVE] model=BELL fixture=14 voices=4 class=event n=44 avg_us=2409.93 p99_us=3100 max_us=3082 deadline=13 bad_voices=0 ble_lost=0 hard=0 sat=0[0m
[0;32mI (45705) forensics: [HIST] fixture=14 class=event lower_us=2150 n=8[0m
[0;32mI (45715) forensics: [HIST] fixture=14 class=event lower_us=2175 n=13[0m
[0;32mI (45725) forensics: [HIST] fixture=14 class=event lower_us=2200 n=7[0m
[0;32mI (45735) forensics: [HIST] fixture=14 class=event lower_us=2275 n=1[0m
[0;32mI (45735) forensics: [HIST] fixture=14 class=event lower_us=2325 n=1[0m
[0;32mI (45745) forensics: [HIST] fixture=14 class=event lower_us=2375 n=1[0m
[0;32mI (45755) forensics: [HIST] fixture=14 class=event lower_us=2700 n=1[0m
[0;32mI (45755) forensics: [HIST] fixture=14 class=event lower_us=2725 n=1[0m
[0;32mI (45765) forensics: [HIST] fixture=14 class=event lower_us=2850 n=3[0m
[0;32mI (45775) forensics: [HIST] fixture=14 class=event lower_us=2900 n=2[0m
[0;32mI (45785) forensics: [HIST] fixture=14 class=event lower_us=2925 n=2[0m
[0;32mI (45785) forensics: [HIST] fixture=14 class=event lower_us=2950 n=1[0m
[0;32mI (45795) forensics: [HIST] fixture=14 class=event lower_us=2975 n=1[0m
[0;32mI (45805) forensics: [HIST] fixture=14 class=event lower_us=3025 n=1[0m
[0;32mI (45805) forensics: [HIST] fixture=14 class=event lower_us=3075 n=1[0m
[0;32mI (45875) pocket_pan_main: [AUDIO] model=PAN blocks=16859 avg_us=2985 p99_us=2100 max_us=6554 cpu_load=111.9 deadline=1421 timeout=0 tx_error=0 short=0[0m
[0;32mI (45875) pocket_pan_main: [MIDI] push=0 pop=0 drop=0 hwm=0 last=(n=62 v=0 t=78 hex=000000)[0m
[0;32mI (45885) pocket_pan_main: [BLE] state=8 interval_ms=11.25 latency=0 rssi=-59 reconnects=0 last_disconnect=0[0m
[0;32mI (45895) pocket_pan_main: [MEM] internal_free=104787 largest_internal=31744[0m
[0;32mI (50885) pocket_pan_main: [AUDIO] model=PAN blocks=18742 avg_us=2468 p99_us=3175 max_us=6554 cpu_load=92.5 deadline=1713 timeout=0 tx_error=0 short=0[0m
[0;32mI (50895) pocket_pan_main: [MIDI] push=0 pop=0 drop=0 hwm=0 last=(n=62 v=0 t=78 hex=000000)[0m
[0;32mI (50905) pocket_pan_main: [BLE] state=8 interval_ms=11.25 latency=0 rssi=-61 reconnects=0 last_disconnect=0[0m
[0;32mI (50915) pocket_pan_main: [MEM] internal_free=104787 largest_internal=31744[0m
[0;32mI (55895) pocket_pan_main: [AUDIO] model=PAN blocks=20620 avg_us=2472 p99_us=3175 max_us=6554 cpu_load=92.7 deadline=2000 timeout=0 tx_error=0 short=0[0m
[0;32mI (55905) pocket_pan_main: [MIDI] push=0 pop=0 drop=0 hwm=0 last=(n=62 v=0 t=78 hex=000000)[0m
[0;32mI (55905) pocket_pan_main: [BLE] state=8 interval_ms=11.25 latency=0 rssi=-60 reconnects=0 last_disconnect=0[0m
[0;32mI (55925) pocket_pan_main: [MEM] internal_free=104787 largest_internal=31744[0m
[0;32mI (60905) pocket_pan_main: [AUDIO] model=PAN blocks=22497 avg_us=2492 p99_us=3175 max_us=6554 cpu_load=93.4 deadline=2296 timeout=0 tx_error=0 short=0[0m
[0;32mI (60905) pocket_pan_main: [MIDI] push=0 pop=0 drop=0 hwm=0 last=(n=62 v=0 t=78 hex=000000)[0m
[0;32mI (60915) pocket_pan_main: [BLE] state=8 interval_ms=11.25 latency=0 rssi=-60 reconnects=0 last_disconnect=0[0m
[0;32mI (60925) pocket_pan_main: [MEM] internal_free=104787 largest_internal=31744[0m
[0;32mI (65915) pocket_pan_main: [AUDIO] model=PAN blocks=24378 avg_us=2490 p99_us=3175 max_us=6554 cpu_load=93.4 deadline=2587 timeout=0 tx_error=0 short=0[0m
[0;32mI (65925) pocket_pan_main: [MIDI] push=0 pop=0 drop=0 hwm=0 last=(n=62 v=0 t=78 hex=000000)[0m
[0;32mI (65935) pocket_pan_main: [BLE] state=8 interval_ms=11.25 latency=0 rssi=-59 reconnects=0 last_disconnect=0[0m
[0;32mI (65945) pocket_pan_main: [MEM] internal_free=104787 largest_internal=31744[0m
[0;32mI (67295) forensics: [CURVE] model=BELL fixture=13 voices=8 class=steady n=8148 avg_us=2469.27 p99_us=3425 max_us=3850 deadline=1310 bad_voices=0 ble_lost=0 hard=0 sat=0[0m
[0;32mI (67295) forensics: [HIST] fixture=13 class=steady lower_us=2300 n=1098[0m
[0;32mI (67305) forensics: [HIST] fixture=13 class=steady lower_us=2325 n=3575[0m
[0;32mI (67315) forensics: [HIST] fixture=13 class=steady lower_us=2350 n=1149[0m
[0;32mI (67315) forensics: [HIST] fixture=13 class=steady lower_us=2375 n=521[0m
[0;32mI (67325) forensics: [HIST] fixture=13 class=steady lower_us=2400 n=138[0m
[0;32mI (67335) forensics: [HIST] fixture=13 class=steady lower_us=2425 n=101[0m
[0;32mI (67345) forensics: [HIST] fixture=13 class=steady lower_us=2450 n=29[0m
[0;32mI (67345) forensics: [HIST] fixture=13 class=steady lower_us=2475 n=5[0m
[0;32mI (67355) forensics: [HIST] fixture=13 class=steady lower_us=2500 n=9[0m
[0;32mI (67365) forensics: [HIST] fixture=13 class=steady lower_us=2525 n=6[0m
[0;32mI (67365) forensics: [HIST] fixture=13 class=steady lower_us=2550 n=60[0m
[0;32mI (67375) forensics: [HIST] fixture=13 class=steady lower_us=2575 n=19[0m
[0;32mI (67385) forensics: [HIST] fixture=13 class=steady lower_us=2600 n=53[0m
[0;32mI (67395) forensics: [HIST] fixture=13 class=steady lower_us=2625 n=55[0m
[0;32mI (67395) forensics: [HIST] fixture=13 class=steady lower_us=2650 n=35[0m
[0;32mI (67405) forensics: [HIST] fixture=13 class=steady lower_us=2675 n=23[0m
[0;32mI (67415) forensics: [HIST] fixture=13 class=steady lower_us=2700 n=6[0m
[0;32mI (67415) forensics: [HIST] fixture=13 class=steady lower_us=2725 n=7[0m
[0;32mI (67425) forensics: [HIST] fixture=13 class=steady lower_us=2750 n=4[0m
[0;32mI (67435) forensics: [HIST] fixture=13 class=steady lower_us=2775 n=28[0m
[0;32mI (67445) forensics: [HIST] fixture=13 class=steady lower_us=2800 n=51[0m
[0;32mI (67445) forensics: [HIST] fixture=13 class=steady lower_us=2825 n=34[0m
[0;32mI (67455) forensics: [HIST] fixture=13 class=steady lower_us=2850 n=49[0m
[0;32mI (67465) forensics: [HIST] fixture=13 class=steady lower_us=2875 n=53[0m
[0;32mI (67465) forensics: [HIST] fixture=13 class=steady lower_us=2900 n=55[0m
[0;32mI (67475) forensics: [HIST] fixture=13 class=steady lower_us=2925 n=60[0m
[0;32mI (67485) forensics: [HIST] fixture=13 class=steady lower_us=2950 n=57[0m
[0;32mI (67495) forensics: [HIST] fixture=13 class=steady lower_us=2975 n=79[0m
[0;32mI (67495) forensics: [HIST] fixture=13 class=steady lower_us=3000 n=106[0m
[0;32mI (67505) forensics: [HIST] fixture=13 class=steady lower_us=3025 n=69[0m
[0;32mI (67515) forensics: [HIST] fixture=13 class=steady lower_us=3050 n=64[0m
[0;32mI (67525) forensics: [HIST] fixture=13 class=steady lower_us=3075 n=31[0m
[0;32mI (67525) forensics: [HIST] fixture=13 class=steady lower_us=3100 n=52[0m
[0;32mI (67535) forensics: [HIST] fixture=13 class=steady lower_us=3125 n=36[0m
[0;32mI (67545) forensics: [HIST] fixture=13 class=steady lower_us=3150 n=43[0m
[0;32mI (67545) forensics: [HIST] fixture=13 class=steady lower_us=3175 n=15[0m
[0;32mI (67555) forensics: [HIST] fixture=13 class=steady lower_us=3200 n=12[0m
[0;32mI (67565) forensics: [HIST] fixture=13 class=steady lower_us=3225 n=18[0m
[0;32mI (67575) forensics: [HIST] fixture=13 class=steady lower_us=3250 n=36[0m
[0;32mI (67575) forensics: [HIST] fixture=13 class=steady lower_us=3275 n=34[0m
[0;32mI (67585) forensics: [HIST] fixture=13 class=steady lower_us=3300 n=50[0m
[0;32mI (67595) forensics: [HIST] fixture=13 class=steady lower_us=3325 n=27[0m
[0;32mI (67595) forensics: [HIST] fixture=13 class=steady lower_us=3350 n=61[0m
[0;32mI (67605) forensics: [HIST] fixture=13 class=steady lower_us=3375 n=39[0m
[0;32mI (67615) forensics: [HIST] fixture=13 class=steady lower_us=3400 n=21[0m
[0;32mI (67625) forensics: [HIST] fixture=13 class=steady lower_us=3425 n=11[0m
[0;32mI (67625) forensics: [HIST] fixture=13 class=steady lower_us=3450 n=20[0m
[0;32mI (67635) forensics: [HIST] fixture=13 class=steady lower_us=3475 n=21[0m
[0;32mI (67645) forensics: [HIST] fixture=13 class=steady lower_us=3500 n=12[0m
[0;32mI (67645) forensics: [HIST] fixture=13 class=steady lower_us=3525 n=5[0m
[0;32mI (67655) forensics: [HIST] fixture=13 class=steady lower_us=3550 n=1[0m
[0;32mI (67665) forensics: [HIST] fixture=13 class=steady lower_us=3575 n=1[0m
[0;32mI (67675) forensics: [HIST] fixture=13 class=steady lower_us=3650 n=1[0m
[0;32mI (67675) forensics: [HIST] fixture=13 class=steady lower_us=3675 n=2[0m
[0;32mI (67685) forensics: [HIST] fixture=13 class=steady lower_us=3850 n=1[0m
[0;32mI (67695) forensics: [CURVE] model=BELL fixture=13 voices=8 class=event n=44 avg_us=3746.47 p99_us=4650 max_us=4647 deadline=44 bad_voices=0 ble_lost=0 hard=0 sat=0[0m
[0;32mI (67705) forensics: [HIST] fixture=13 class=event lower_us=3525 n=1[0m
[0;32mI (67715) forensics: [HIST] fixture=13 class=event lower_us=3575 n=3[0m
[0;32mI (67725) forensics: [HIST] fixture=13 class=event lower_us=3600 n=10[0m
[0;32mI (67725) forensics: [HIST] fixture=13 class=event lower_us=3625 n=12[0m
[0;32mI (67735) forensics: [HIST] fixture=13 class=event lower_us=3650 n=4[0m
[0;32mI (67745) forensics: [HIST] fixture=13 class=event lower_us=3675 n=3[0m
[0;32mI (67755) forensics: [HIST] fixture=13 class=event lower_us=3700 n=2[0m
[0;32mI (67755) forensics: [HIST] fixture=13 class=event lower_us=3725 n=1[0m
[0;32mI (67765) forensics: [HIST] fixture=13 class=event lower_us=3875 n=2[0m
[0;32mI (67775) forensics: [HIST] fixture=13 class=event lower_us=4125 n=1[0m
[0;32mI (67775) forensics: [HIST] fixture=13 class=event lower_us=4200 n=1[0m
[0;32mI (67785) forensics: [HIST] fixture=13 class=event lower_us=4275 n=1[0m
[0;32mI (67795) forensics: [HIST] fixture=13 class=event lower_us=4400 n=1[0m
[0;32mI (67795) forensics: [HIST] fixture=13 class=event lower_us=4475 n=1[0m
[0;32mI (67805) forensics: [HIST] fixture=13 class=event lower_us=4625 n=1[0m
[0;32mI (70935) pocket_pan_main: [AUDIO] model=PAN blocks=26260 avg_us=9 p99_us=3175 max_us=6554 cpu_load=0.3 deadline=2672 timeout=0 tx_error=0 short=0[0m
[0;32mI (70945) pocket_pan_main: [MIDI] push=0 pop=0 drop=0 hwm=0 last=(n=62 v=0 t=78 hex=000000)[0m
[0;32mI (70955) pocket_pan_main: [BLE] state=8 interval_ms=11.25 latency=0 rssi=-60 reconnects=0 last_disconnect=0[0m
[0;32mI (70965) pocket_pan_main: [MEM] internal_free=104787 largest_internal=31744[0m
