[0;32mI (1014) NimBLE:  scan_itvl=16 scan_window=16 itvl_min=24 itvl_max=40 latency=0 supervision_timeout=256 min_ce_len=0 max_ce_len=0 own_addr_type=0[0m
[0;32mI (1034) NimBLE: 
[0m
[0;32mI (1094) BleMidi: BLE Connected! conn_handle=1[0m
[0;32mI (1094) NimBLE: GAP procedure initiated: [0m
[0;32mI (1094) NimBLE: connection parameter update; conn_handle=1 itvl_min=6 itvl_max=12 latency=0 supervision_timeout=200 min_ce_len=0 max_ce_len=0[0m
[0;32mI (1114) NimBLE: 
[0m
[0;32mI (1114) BleMidi: Requested connection params 7.5-15ms latency=0 timeout=2s rc=0[0m
[0;32mI (1124) NimBLE: GATT procedure initiated: discover all services
[0m
[0;32mI (1194) gpio: GPIO[45]| InputEn: 0| OutputEn: 1| OpenDrain: 0| Pullup: 0| Pulldown: 0| Intr:0 [0m
[0;32mI (1194) Display: ST7789 240x135 display initialized successfully[0m
[0;32mI (1194) pocket_pan_main: Pocket Pan initialization complete. Realtime audio active.[0m
[0;32mI (1194) gpio: GPIO[0]| InputEn: 1| OutputEn: 0| OpenDrain: 0| Pullup: 1| Pulldown: 0| Intr:0 [0m
[0;32mI (1204) main_task: Returned from app_main()[0m
[0;32mI (1384) BleMidi: Found BLE MIDI Service! start_handle=112 end_handle=115[0m
[0;32mI (1384) NimBLE: GATT procedure initiated: discover all characteristics; [0m
[0;32mI (1394) NimBLE: start_handle=112 end_handle=115
[0m
[0;32mI (1484) BleMidi: Found BLE MIDI Characteristic! def_handle=113 val_handle=114 props=0x16[0m
[0;32mI (1484) NimBLE: GATT procedure initiated: discover all descriptors; [0m
[0;32mI (1494) NimBLE: chr_val_handle=114 end_handle=115
[0m
[0;32mI (1584) BleMidi: Discovered CCCD (0x2902) handle=115[0m
[0;32mI (1584) NimBLE: GATT procedure initiated: write; [0m
[0;32mI (1584) NimBLE: att_handle=115 len=2
[0m
[0;32mI (1644) BleMidi: Negotiated params interval=7.50ms latency=0 timeout=2000ms[0m
[0;32mI (1654) BleMidi: CCCD subscription successful; BLE MIDI ready[0m
[0;32mI (1654) NimBLE: GAP procedure initiated: [0m
[0;32mI (1654) NimBLE: connection parameter update; conn_handle=1 itvl_min=6 itvl_max=9 latency=0 supervision_timeout=100 min_ce_len=0 max_ce_len=0[0m
[0;32mI (1664) NimBLE: 
[0m
[0;32mI (1744) BleMidi: Negotiated params interval=11.25ms latency=0 timeout=1000ms[0m
[0;32mI (5804) pocket_pan_main: [AUDIO] model=PAN blocks=1849 avg_us=2284 p99_us=0 max_us=5207 cpu_load=85.6 deadline=210 timeout=0 tx_error=0 short=0[0m
[0;32mI (5814) pocket_pan_main: [MIDI] push=0 pop=0 drop=0 hwm=0 last=(n=62 v=0 t=78 hex=000000)[0m
[0;32mI (5824) pocket_pan_main: [BLE] state=8 interval_ms=11.25 latency=0 rssi=-60 reconnects=0 last_disconnect=0[0m
[0;32mI (5834) pocket_pan_main: [MEM] internal_free=104787 largest_internal=31744[0m
[0;32mI (10814) pocket_pan_main: [AUDIO] model=PAN blocks=3726 avg_us=2302 p99_us=3175 max_us=5207 cpu_load=86.3 deadline=477 timeout=0 tx_error=0 short=0[0m
[0;32mI (10814) pocket_pan_main: [MIDI] push=0 pop=0 drop=0 hwm=0 last=(n=62 v=0 t=78 hex=000000)[0m
[0;32mI (10824) pocket_pan_main: [BLE] state=8 interval_ms=11.25 latency=0 rssi=-57 reconnects=0 last_disconnect=0[0m
[0;32mI (10834) pocket_pan_main: [MEM] internal_free=104787 largest_internal=31744[0m
[0;32mI (15824) pocket_pan_main: [AUDIO] model=PAN blocks=5606 avg_us=2297 p99_us=3175 max_us=5207 cpu_load=86.1 deadline=744 timeout=0 tx_error=0 short=0[0m
[0;32mI (15834) pocket_pan_main: [MIDI] push=0 pop=0 drop=0 hwm=0 last=(n=62 v=0 t=78 hex=000000)[0m
[0;32mI (15844) pocket_pan_main: [BLE] state=8 interval_ms=11.25 latency=0 rssi=-61 reconnects=0 last_disconnect=0[0m
[0;32mI (15854) pocket_pan_main: [MEM] internal_free=104787 largest_internal=31744[0m
[0;32mI (20834) pocket_pan_main: [AUDIO] model=PAN blocks=7485 avg_us=2291 p99_us=3175 max_us=5207 cpu_load=85.9 deadline=1009 timeout=0 tx_error=0 short=0[0m
[0;32mI (20844) pocket_pan_main: [MIDI] push=0 pop=0 drop=0 hwm=0 last=(n=62 v=0 t=78 hex=000000)[0m
[0;32mI (20854) pocket_pan_main: [BLE] state=8 interval_ms=11.25 latency=0 rssi=-60 reconnects=0 last_disconnect=0[0m
[0;32mI (20864) pocket_pan_main: [MEM] internal_free=104787 largest_internal=31744[0m
[0;32mI (23534) forensics: [CURVE] model=PAN fixture=5 voices=8 class=steady n=8148 avg_us=2280.24 p99_us=3100 max_us=3322 deadline=990 bad_voices=0 ble_lost=0 hard=0 sat=0[0m
[0;32mI (23544) forensics: [HIST] fixture=5 class=steady lower_us=2125 n=637[0m
[0;32mI (23544) forensics: [HIST] fixture=5 class=steady lower_us=2150 n=3816[0m
[0;32mI (23554) forensics: [HIST] fixture=5 class=steady lower_us=2175 n=1217[0m
[0;32mI (23564) forensics: [HIST] fixture=5 class=steady lower_us=2200 n=276[0m
[0;32mI (23564) forensics: [HIST] fixture=5 class=steady lower_us=2225 n=304[0m
[0;32mI (23574) forensics: [HIST] fixture=5 class=steady lower_us=2250 n=252[0m
[0;32mI (23584) forensics: [HIST] fixture=5 class=steady lower_us=2275 n=76[0m
[0;32mI (23594) forensics: [HIST] fixture=5 class=steady lower_us=2300 n=42[0m
[0;32mI (23594) forensics: [HIST] fixture=5 class=steady lower_us=2325 n=90[0m
[0;32mI (23604) forensics: [HIST] fixture=5 class=steady lower_us=2350 n=59[0m
[0;32mI (23614) forensics: [HIST] fixture=5 class=steady lower_us=2375 n=16[0m
[0;32mI (23614) forensics: [HIST] fixture=5 class=steady lower_us=2400 n=10[0m
[0;32mI (23624) forensics: [HIST] fixture=5 class=steady lower_us=2425 n=19[0m
[0;32mI (23634) forensics: [HIST] fixture=5 class=steady lower_us=2450 n=17[0m
[0;32mI (23644) forensics: [HIST] fixture=5 class=steady lower_us=2475 n=69[0m
[0;32mI (23644) forensics: [HIST] fixture=5 class=steady lower_us=2500 n=73[0m
[0;32mI (23654) forensics: [HIST] fixture=5 class=steady lower_us=2525 n=34[0m
[0;32mI (23664) forensics: [HIST] fixture=5 class=steady lower_us=2550 n=15[0m
[0;32mI (23664) forensics: [HIST] fixture=5 class=steady lower_us=2575 n=9[0m
[0;32mI (23674) forensics: [HIST] fixture=5 class=steady lower_us=2600 n=22[0m
[0;32mI (23684) forensics: [HIST] fixture=5 class=steady lower_us=2625 n=52[0m
[0;32mI (23694) forensics: [HIST] fixture=5 class=steady lower_us=2650 n=69[0m
[0;32mI (23694) forensics: [HIST] fixture=5 class=steady lower_us=2675 n=24[0m
[0;32mI (23704) forensics: [HIST] fixture=5 class=steady lower_us=2700 n=79[0m
[0;32mI (23714) forensics: [HIST] fixture=5 class=steady lower_us=2725 n=80[0m
[0;32mI (23714) forensics: [HIST] fixture=5 class=steady lower_us=2750 n=124[0m
[0;32mI (23724) forensics: [HIST] fixture=5 class=steady lower_us=2775 n=64[0m
[0;32mI (23734) forensics: [HIST] fixture=5 class=steady lower_us=2800 n=23[0m
[0;32mI (23744) forensics: [HIST] fixture=5 class=steady lower_us=2825 n=36[0m
[0;32mI (23744) forensics: [HIST] fixture=5 class=steady lower_us=2850 n=46[0m
[0;32mI (23754) forensics: [HIST] fixture=5 class=steady lower_us=2875 n=69[0m
[0;32mI (23764) forensics: [HIST] fixture=5 class=steady lower_us=2900 n=43[0m
[0;32mI (23764) forensics: [HIST] fixture=5 class=steady lower_us=2925 n=63[0m
[0;32mI (23774) forensics: [HIST] fixture=5 class=steady lower_us=2950 n=74[0m
[0;32mI (23784) forensics: [HIST] fixture=5 class=steady lower_us=2975 n=43[0m
[0;32mI (23794) forensics: [HIST] fixture=5 class=steady lower_us=3000 n=21[0m
[0;32mI (23794) forensics: [HIST] fixture=5 class=steady lower_us=3025 n=33[0m
[0;32mI (23804) forensics: [HIST] fixture=5 class=steady lower_us=3050 n=35[0m
[0;32mI (23814) forensics: [HIST] fixture=5 class=steady lower_us=3075 n=42[0m
[0;32mI (23814) forensics: [HIST] fixture=5 class=steady lower_us=3100 n=42[0m
[0;32mI (23824) forensics: [HIST] fixture=5 class=steady lower_us=3125 n=13[0m
[0;32mI (23834) forensics: [HIST] fixture=5 class=steady lower_us=3150 n=10[0m
[0;32mI (23844) forensics: [HIST] fixture=5 class=steady lower_us=3175 n=3[0m
[0;32mI (23844) forensics: [HIST] fixture=5 class=steady lower_us=3200 n=2[0m
[0;32mI (23854) forensics: [HIST] fixture=5 class=steady lower_us=3225 n=3[0m
[0;32mI (23864) forensics: [HIST] fixture=5 class=steady lower_us=3300 n=2[0m
[0;32mI (23864) forensics: [CURVE] model=PAN fixture=5 voices=8 class=event n=44 avg_us=3447.04 p99_us=4450 max_us=4426 deadline=44 bad_voices=0 ble_lost=0 hard=0 sat=0[0m
[0;32mI (23884) forensics: [HIST] fixture=5 class=event lower_us=3250 n=3[0m
[0;32mI (23894) forensics: [HIST] fixture=5 class=event lower_us=3275 n=7[0m
[0;32mI (23894) forensics: [HIST] fixture=5 class=event lower_us=3300 n=15[0m
[0;32mI (23904) forensics: [HIST] fixture=5 class=event lower_us=3325 n=5[0m
[0;32mI (23914) forensics: [HIST] fixture=5 class=event lower_us=3350 n=1[0m
[0;32mI (23914) forensics: [HIST] fixture=5 class=event lower_us=3375 n=2[0m
[0;32mI (23924) forensics: [HIST] fixture=5 class=event lower_us=3425 n=1[0m
[0;32mI (23934) forensics: [HIST] fixture=5 class=event lower_us=3475 n=2[0m
[0;32mI (23934) forensics: [HIST] fixture=5 class=event lower_us=3750 n=1[0m
[0;32mI (23944) forensics: [HIST] fixture=5 class=event lower_us=3800 n=1[0m
[0;32mI (23954) forensics: [HIST] fixture=5 class=event lower_us=3875 n=1[0m
[0;32mI (23954) forensics: [HIST] fixture=5 class=event lower_us=3950 n=1[0m
[0;32mI (23964) forensics: [HIST] fixture=5 class=event lower_us=3975 n=1[0m
[0;32mI (23974) forensics: [HIST] fixture=5 class=event lower_us=4000 n=1[0m
[0;32mI (23984) forensics: [HIST] fixture=5 class=event lower_us=4125 n=1[0m
[0;32mI (23984) forensics: [HIST] fixture=5 class=event lower_us=4425 n=1[0m
[0;32mI (25854) pocket_pan_main: [AUDIO] model=PAN blocks=9367 avg_us=1388 p99_us=3175 max_us=5207 cpu_load=52.0 deadline=1157 timeout=0 tx_error=0 short=0[0m
[0;32mI (25864) pocket_pan_main: [MIDI] push=0 pop=0 drop=0 hwm=0 last=(n=62 v=0 t=78 hex=000000)[0m
[0;32mI (25864) pocket_pan_main: [BLE] state=8 interval_ms=11.25 latency=0 rssi=-57 reconnects=0 last_disconnect=0[0m
[0;32mI (25884) pocket_pan_main: [MEM] internal_free=104787 largest_internal=31744[0m
[0;32mI (30864) pocket_pan_main: [AUDIO] model=PAN blocks=11245 avg_us=1389 p99_us=2950 max_us=5207 cpu_load=52.1 deadline=1159 timeout=0 tx_error=0 short=0[0m
[0;32mI (30864) pocket_pan_main: [MIDI] push=0 pop=0 drop=0 hwm=0 last=(n=62 v=0 t=78 hex=000000)[0m
[0;32mI (30874) pocket_pan_main: [BLE] state=8 interval_ms=11.25 latency=0 rssi=-60 reconnects=0 last_disconnect=0[0m
[0;32mI (30884) pocket_pan_main: [MEM] internal_free=104787 largest_internal=31744[0m
[0;32mI (35874) pocket_pan_main: [AUDIO] model=PAN blocks=13125 avg_us=1381 p99_us=1975 max_us=5207 cpu_load=51.8 deadline=1160 timeout=0 tx_error=0 short=0[0m
[0;32mI (35884) pocket_pan_main: [MIDI] push=0 pop=0 drop=0 hwm=0 last=(n=62 v=0 t=78 hex=000000)[0m
[0;32mI (35894) pocket_pan_main: [BLE] state=8 interval_ms=11.25 latency=0 rssi=-58 reconnects=0 last_disconnect=0[0m
[0;32mI (35904) pocket_pan_main: [MEM] internal_free=104787 largest_internal=31744[0m
[0;32mI (40884) pocket_pan_main: [AUDIO] model=PAN blocks=15003 avg_us=1388 p99_us=1975 max_us=5207 cpu_load=52.0 deadline=1160 timeout=0 tx_error=0 short=0[0m
[0;32mI (40894) pocket_pan_main: [MIDI] push=0 pop=0 drop=0 hwm=0 last=(n=62 v=0 t=78 hex=000000)[0m
[0;32mI (40894) pocket_pan_main: [BLE] state=8 interval_ms=11.25 latency=0 rssi=-60 reconnects=0 last_disconnect=0[0m
[0;32mI (40914) pocket_pan_main: [MEM] internal_free=104787 largest_internal=31744[0m
[0;32mI (45384) forensics: [CURVE] model=BELL fixture=14 voices=4 class=steady n=8148 avg_us=1370.46 p99_us=1925 max_us=2159 deadline=0 bad_voices=0 ble_lost=0 hard=0 sat=0[0m
[0;32mI (45384) forensics: [HIST] fixture=14 class=steady lower_us=1250 n=565[0m
[0;32mI (45394) forensics: [HIST] fixture=14 class=steady lower_us=1275 n=4451[0m
[0;32mI (45404) forensics: [HIST] fixture=14 class=steady lower_us=1300 n=1099[0m
[0;32mI (45414) forensics: [HIST] fixture=14 class=steady lower_us=1325 n=278[0m
[0;32mI (45414) forensics: [HIST] fixture=14 class=steady lower_us=1350 n=73[0m
[0;32mI (45424) forensics: [HIST] fixture=14 class=steady lower_us=1375 n=13[0m
[0;32mI (45434) forensics: [HIST] fixture=14 class=steady lower_us=1400 n=12[0m
[0;32mI (45434) forensics: [HIST] fixture=14 class=steady lower_us=1425 n=44[0m
[0;32mI (45444) forensics: [HIST] fixture=14 class=steady lower_us=1450 n=58[0m
[0;32mI (45454) forensics: [HIST] fixture=14 class=steady lower_us=1475 n=78[0m
[0;32mI (45464) forensics: [HIST] fixture=14 class=steady lower_us=1500 n=88[0m
[0;32mI (45464) forensics: [HIST] fixture=14 class=steady lower_us=1525 n=76[0m
[0;32mI (45474) forensics: [HIST] fixture=14 class=steady lower_us=1550 n=74[0m
[0;32mI (45484) forensics: [HIST] fixture=14 class=steady lower_us=1575 n=111[0m
[0;32mI (45494) forensics: [HIST] fixture=14 class=steady lower_us=1600 n=137[0m
[0;32mI (45494) forensics: [HIST] fixture=14 class=steady lower_us=1625 n=55[0m
[0;32mI (45504) forensics: [HIST] fixture=14 class=steady lower_us=1650 n=51[0m
[0;32mI (45514) forensics: [HIST] fixture=14 class=steady lower_us=1675 n=98[0m
[0;32mI (45514) forensics: [HIST] fixture=14 class=steady lower_us=1700 n=81[0m
[0;32mI (45524) forensics: [HIST] fixture=14 class=steady lower_us=1725 n=157[0m
[0;32mI (45534) forensics: [HIST] fixture=14 class=steady lower_us=1750 n=130[0m
[0;32mI (45544) forensics: [HIST] fixture=14 class=steady lower_us=1775 n=104[0m
[0;32mI (45544) forensics: [HIST] fixture=14 class=steady lower_us=1800 n=46[0m
[0;32mI (45554) forensics: [HIST] fixture=14 class=steady lower_us=1825 n=33[0m
[0;32mI (45564) forensics: [HIST] fixture=14 class=steady lower_us=1850 n=61[0m
[0;32mI (45574) forensics: [HIST] fixture=14 class=steady lower_us=1875 n=60[0m
[0;32mI (45574) forensics: [HIST] fixture=14 class=steady lower_us=1900 n=52[0m
[0;32mI (45584) forensics: [HIST] fixture=14 class=steady lower_us=1925 n=42[0m
[0;32mI (45594) forensics: [HIST] fixture=14 class=steady lower_us=1950 n=13[0m
[0;32mI (45594) forensics: [HIST] fixture=14 class=steady lower_us=1975 n=3[0m
[0;32mI (45604) forensics: [HIST] fixture=14 class=steady lower_us=2025 n=2[0m
[0;32mI (45614) forensics: [HIST] fixture=14 class=steady lower_us=2075 n=1[0m
[0;32mI (45624) forensics: [HIST] fixture=14 class=steady lower_us=2100 n=1[0m
[0;32mI (45624) forensics: [HIST] fixture=14 class=steady lower_us=2150 n=1[0m
[0;32mI (45634) forensics: [CURVE] model=BELL fixture=14 voices=4 class=event n=44 avg_us=2197.07 p99_us=2925 max_us=2902 deadline=4 bad_voices=0 ble_lost=0 hard=0 sat=0[0m
[0;32mI (45644) forensics: [HIST] fixture=14 class=event lower_us=2025 n=10[0m
[0;32mI (45654) forensics: [HIST] fixture=14 class=event lower_us=2050 n=9[0m
[0;32mI (45664) forensics: [HIST] fixture=14 class=event lower_us=2075 n=8[0m
[0;32mI (45674) forensics: [HIST] fixture=14 class=event lower_us=2100 n=3[0m
[0;32mI (45674) forensics: [HIST] fixture=14 class=event lower_us=2125 n=2[0m
[0;32mI (45684) forensics: [HIST] fixture=14 class=event lower_us=2150 n=1[0m
[0;32mI (45694) forensics: [HIST] fixture=14 class=event lower_us=2225 n=1[0m
[0;32mI (45694) forensics: [HIST] fixture=14 class=event lower_us=2250 n=1[0m
[0;32mI (45704) forensics: [HIST] fixture=14 class=event lower_us=2400 n=1[0m
[0;32mI (45714) forensics: [HIST] fixture=14 class=event lower_us=2425 n=1[0m
[0;32mI (45724) forensics: [HIST] fixture=14 class=event lower_us=2550 n=1[0m
[0;32mI (45724) forensics: [HIST] fixture=14 class=event lower_us=2575 n=1[0m
[0;32mI (45734) forensics: [HIST] fixture=14 class=event lower_us=2625 n=1[0m
[0;32mI (45744) forensics: [HIST] fixture=14 class=event lower_us=2675 n=1[0m
[0;32mI (45744) forensics: [HIST] fixture=14 class=event lower_us=2800 n=1[0m
[0;32mI (45754) forensics: [HIST] fixture=14 class=event lower_us=2875 n=1[0m
[0;32mI (45764) forensics: [HIST] fixture=14 class=event lower_us=2900 n=1[0m
[0;32mI (45894) pocket_pan_main: [AUDIO] model=PAN blocks=16874 avg_us=2856 p99_us=1975 max_us=5207 cpu_load=107.1 deadline=1303 timeout=0 tx_error=0 short=0[0m
[0;32mI (45894) pocket_pan_main: [MIDI] push=0 pop=0 drop=0 hwm=0 last=(n=62 v=0 t=78 hex=000000)[0m
[0;32mI (45904) pocket_pan_main: [BLE] state=8 interval_ms=11.25 latency=0 rssi=-56 reconnects=0 last_disconnect=0[0m
[0;32mI (45914) pocket_pan_main: [MEM] internal_free=104787 largest_internal=31744[0m
[0;32mI (50904) pocket_pan_main: [AUDIO] model=PAN blocks=18754 avg_us=2393 p99_us=3175 max_us=5207 cpu_load=89.7 deadline=1583 timeout=0 tx_error=0 short=0[0m
[0;32mI (50914) pocket_pan_main: [MIDI] push=0 pop=0 drop=0 hwm=0 last=(n=62 v=0 t=78 hex=000000)[0m
[0;32mI (50924) pocket_pan_main: [BLE] state=8 interval_ms=11.25 latency=0 rssi=-59 reconnects=0 last_disconnect=0[0m
[0;32mI (50934) pocket_pan_main: [MEM] internal_free=104787 largest_internal=31744[0m
[0;32mI (55914) pocket_pan_main: [AUDIO] model=PAN blocks=20632 avg_us=2395 p99_us=3175 max_us=5207 cpu_load=89.8 deadline=1867 timeout=0 tx_error=0 short=0[0m
[0;32mI (55924) pocket_pan_main: [MIDI] push=0 pop=0 drop=0 hwm=0 last=(n=62 v=0 t=78 hex=000000)[0m
[0;32mI (55934) pocket_pan_main: [BLE] state=8 interval_ms=11.25 latency=0 rssi=-60 reconnects=0 last_disconnect=0[0m
[0;32mI (55944) pocket_pan_main: [MEM] internal_free=104787 largest_internal=31744[0m
[0;32mI (60924) pocket_pan_main: [AUDIO] model=PAN blocks=22510 avg_us=2376 p99_us=3175 max_us=5207 cpu_load=89.1 deadline=2156 timeout=0 tx_error=0 short=0[0m
[0;32mI (60924) pocket_pan_main: [MIDI] push=0 pop=0 drop=0 hwm=0 last=(n=62 v=0 t=78 hex=000000)[0m
[0;32mI (60934) pocket_pan_main: [BLE] state=8 interval_ms=11.25 latency=0 rssi=-56 reconnects=0 last_disconnect=0[0m
[0;32mI (60944) pocket_pan_main: [MEM] internal_free=104787 largest_internal=31744[0m
[0;32mI (65934) pocket_pan_main: [AUDIO] model=PAN blocks=24390 avg_us=2414 p99_us=3175 max_us=5207 cpu_load=90.5 deadline=2439 timeout=0 tx_error=0 short=0[0m
[0;32mI (65944) pocket_pan_main: [MIDI] push=0 pop=0 drop=0 hwm=0 last=(n=62 v=0 t=78 hex=000000)[0m
[0;32mI (65954) pocket_pan_main: [BLE] state=8 interval_ms=11.25 latency=0 rssi=-60 reconnects=0 last_disconnect=0[0m
[0;32mI (65964) pocket_pan_main: [MEM] internal_free=104787 largest_internal=31744[0m
[0;32mI (67254) forensics: [CURVE] model=BELL fixture=13 voices=8 class=steady n=8148 avg_us=2392.40 p99_us=3200 max_us=3507 deadline=1209 bad_voices=0 ble_lost=0 hard=0 sat=0[0m
[0;32mI (67254) forensics: [HIST] fixture=13 class=steady lower_us=2250 n=3199[0m
[0;32mI (67264) forensics: [HIST] fixture=13 class=steady lower_us=2275 n=2230[0m
[0;32mI (67274) forensics: [HIST] fixture=13 class=steady lower_us=2300 n=657[0m
[0;32mI (67284) forensics: [HIST] fixture=13 class=steady lower_us=2325 n=269[0m
[0;32mI (67284) forensics: [HIST] fixture=13 class=steady lower_us=2350 n=114[0m
[0;32mI (67294) forensics: [HIST] fixture=13 class=steady lower_us=2375 n=45[0m
[0;32mI (67304) forensics: [HIST] fixture=13 class=steady lower_us=2400 n=38[0m
[0;32mI (67314) forensics: [HIST] fixture=13 class=steady lower_us=2425 n=44[0m
[0;32mI (67314) forensics: [HIST] fixture=13 class=steady lower_us=2450 n=25[0m
[0;32mI (67324) forensics: [HIST] fixture=13 class=steady lower_us=2475 n=34[0m
[0;32mI (67334) forensics: [HIST] fixture=13 class=steady lower_us=2500 n=46[0m
[0;32mI (67334) forensics: [HIST] fixture=13 class=steady lower_us=2525 n=29[0m
[0;32mI (67344) forensics: [HIST] fixture=13 class=steady lower_us=2550 n=38[0m
[0;32mI (67354) forensics: [HIST] fixture=13 class=steady lower_us=2575 n=19[0m
[0;32mI (67364) forensics: [HIST] fixture=13 class=steady lower_us=2600 n=10[0m
[0;32mI (67364) forensics: [HIST] fixture=13 class=steady lower_us=2625 n=63[0m
[0;32mI (67374) forensics: [HIST] fixture=13 class=steady lower_us=2650 n=104[0m
[0;32mI (67384) forensics: [HIST] fixture=13 class=steady lower_us=2675 n=82[0m
[0;32mI (67384) forensics: [HIST] fixture=13 class=steady lower_us=2700 n=24[0m
[0;32mI (67394) forensics: [HIST] fixture=13 class=steady lower_us=2725 n=7[0m
[0;32mI (67404) forensics: [HIST] fixture=13 class=steady lower_us=2750 n=9[0m
[0;32mI (67414) forensics: [HIST] fixture=13 class=steady lower_us=2775 n=41[0m
[0;32mI (67414) forensics: [HIST] fixture=13 class=steady lower_us=2800 n=100[0m
[0;32mI (67424) forensics: [HIST] fixture=13 class=steady lower_us=2825 n=147[0m
[0;32mI (67434) forensics: [HIST] fixture=13 class=steady lower_us=2850 n=150[0m
[0;32mI (67434) forensics: [HIST] fixture=13 class=steady lower_us=2875 n=42[0m
[0;32mI (67444) forensics: [HIST] fixture=13 class=steady lower_us=2900 n=15[0m
[0;32mI (67454) forensics: [HIST] fixture=13 class=steady lower_us=2925 n=9[0m
[0;32mI (67464) forensics: [HIST] fixture=13 class=steady lower_us=2950 n=6[0m
[0;32mI (67464) forensics: [HIST] fixture=13 class=steady lower_us=2975 n=60[0m
[0;32mI (67474) forensics: [HIST] fixture=13 class=steady lower_us=3000 n=138[0m
[0;32mI (67484) forensics: [HIST] fixture=13 class=steady lower_us=3025 n=60[0m
[0;32mI (67494) forensics: [HIST] fixture=13 class=steady lower_us=3050 n=52[0m
[0;32mI (67494) forensics: [HIST] fixture=13 class=steady lower_us=3075 n=35[0m
[0;32mI (67504) forensics: [HIST] fixture=13 class=steady lower_us=3100 n=18[0m
[0;32mI (67514) forensics: [HIST] fixture=13 class=steady lower_us=3125 n=25[0m
[0;32mI (67514) forensics: [HIST] fixture=13 class=steady lower_us=3150 n=51[0m
[0;32mI (67524) forensics: [HIST] fixture=13 class=steady lower_us=3175 n=61[0m
[0;32mI (67534) forensics: [HIST] fixture=13 class=steady lower_us=3200 n=33[0m
[0;32mI (67544) forensics: [HIST] fixture=13 class=steady lower_us=3225 n=12[0m
[0;32mI (67544) forensics: [HIST] fixture=13 class=steady lower_us=3250 n=2[0m
[0;32mI (67554) forensics: [HIST] fixture=13 class=steady lower_us=3300 n=2[0m
[0;32mI (67564) forensics: [HIST] fixture=13 class=steady lower_us=3325 n=2[0m
[0;32mI (67564) forensics: [HIST] fixture=13 class=steady lower_us=3500 n=1[0m
[0;32mI (67574) forensics: [CURVE] model=BELL fixture=13 voices=8 class=event n=44 avg_us=3671.58 p99_us=4725 max_us=4706 deadline=44 bad_voices=0 ble_lost=0 hard=0 sat=0[0m
[0;32mI (67594) forensics: [HIST] fixture=13 class=event lower_us=3325 n=1[0m
[0;32mI (67594) forensics: [HIST] fixture=13 class=event lower_us=3425 n=3[0m
[0;32mI (67604) forensics: [HIST] fixture=13 class=event lower_us=3450 n=7[0m
[0;32mI (67614) forensics: [HIST] fixture=13 class=event lower_us=3475 n=15[0m
[0;32mI (67624) forensics: [HIST] fixture=13 class=event lower_us=3500 n=4[0m
[0;32mI (67624) forensics: [HIST] fixture=13 class=event lower_us=3525 n=1[0m
[0;32mI (67634) forensics: [HIST] fixture=13 class=event lower_us=3550 n=1[0m
[0;32mI (67644) forensics: [HIST] fixture=13 class=event lower_us=3600 n=1[0m
[0;32mI (67644) forensics: [HIST] fixture=13 class=event lower_us=3675 n=1[0m
[0;32mI (67654) forensics: [HIST] fixture=13 class=event lower_us=3875 n=1[0m
[0;32mI (67664) forensics: [HIST] fixture=13 class=event lower_us=4050 n=1[0m
[0;32mI (67664) forensics: [HIST] fixture=13 class=event lower_us=4200 n=1[0m
[0;32mI (67674) forensics: [HIST] fixture=13 class=event lower_us=4225 n=1[0m
[0;32mI (67684) forensics: [HIST] fixture=13 class=event lower_us=4250 n=1[0m
[0;32mI (67694) forensics: [HIST] fixture=13 class=event lower_us=4300 n=2[0m
[0;32mI (67694) forensics: [HIST] fixture=13 class=event lower_us=4475 n=2[0m
[0;32mI (67704) forensics: [HIST] fixture=13 class=event lower_us=4700 n=1[0m
[0;32mI (70954) pocket_pan_main: [AUDIO] model=PAN blocks=26273 avg_us=7 p99_us=3175 max_us=5207 cpu_load=0.3 deadline=2521 timeout=0 tx_error=0 short=0[0m
[0;32mI (70964) pocket_pan_main: [MIDI] push=0 pop=0 drop=0 hwm=0 last=(n=62 v=0 t=78 hex=000000)[0m
[0;32mI (70974) pocket_pan_main: [BLE] state=8 interval_ms=11.25 latency=0 rssi=-60 reconnects=0 last_disconnect=0[0m
[0;32mI (70984) pocket_pan_main: [MEM] internal_free=104787 largest_internal=31744[0m
