[0;32mI (122) esp_image: segment 1: paddr=0002ee4c vaddr=3fc9a6[0;32mI (668) esp_psram: SPI SRAM memory test OK[0m
[0;32mI (677) cpu_start: Pro cpu start user code[0m
[0;32mI (677) cpu_start: cpu freq: 240000000 Hz[0m
[0;32mI (677) app_init: Application information:[0m
[0;32mI (680) app_init: Project name:     pocket_pan[0m
[0;32mI (685) app_init: App version:      4d3ee77-dirty[0m
[0;32mI (691) app_init: Compile time:     Sep 25 2026 23:50:03[0m
[0;32mI (696) app_init: ELF file SHA256:  c1eabc756...[0m
[0;32mI (702) app_init: ESP-IDF:          v5.3-dirty[0m
[0;32mI (707) efuse_init: Min chip rev:     v0.0[0m
[0;32mI (712) efuse_init: Max chip rev:     v0.99 [0m
[0;32mI (717) efuse_init: Chip rev:         v0.2[0m
[0;32mI (721) heap_init: Initializing. RAM available for dynamic allocation:[0m
[0;32mI (729) heap_init: At 3FCB70E8 len 00032628 (201 KiB): RAM[0m
[0;32mI (735) heap_init: At 3FCE9710 len 00005724 (21 KiB): RAM[0m
[0;32mI (741) heap_init: At 3FCF0000 len 00008000 (32 KiB): DRAM[0m
[0;32mI (747) heap_init: At 600FE100 len 00001EE8 (7 KiB): RTCRAM[0m
[0;32mI (754) esp_psram: Adding pool of 2048K of PSRAM memory to heap allocator[0m
[0;32mI (762) spi_flash: detected chip: generic[0m
[0;32mI (765) spi_flash: flash io: dio[0m
[0;32mI (770) sleep: Configure to isolate all GPIO pins in sleep state[0m
[0;32mI (776) sleep: Enable automatic switching of GPIO sleep configuration[0m
[0;32mI (783) coexist: coex firmware version: dab85ae96[0m
[0;32mI (789) coexist: coexist rom version e7ae62f[0m
[0;32mI (794) main_task: Started on CPU0[0m
[0;32mI (804) esp_psram: Reserving pool of 32K of internal memory for DMA/internal allocations[0m
[0;32mI (804) main_task: Calling app_main()[0m
[0;32mI (814) pocket_pan_main: ===============================================[0m
[0;32mI (814) pocket_pan_main:   Pocket Pan / Metal Modal Synthesizer v1.0.0[0m
[0;32mI (824) pocket_pan_main:   Hardware: TENSTAR TS-ESP32-S3 (Feather TFT)[0m
[0;32mI (834) pocket_pan_main: ===============================================[0m
[0;32mI (844) pocket_pan_main: [FORENSICS] candidate=1 profile=0 cpu_mhz=240 optimization_perf=1[0m
[0;32mI (854) gpio: GPIO[10]| InputEn: 0| OutputEn: 1| OpenDrain: 0| Pullup: 0| Pulldown: 1| Intr:0 [0m
[0;32mI (864) AudioI2S: I2S TX initialized (48kHz, 32-bit slot, stereo, 6x128 frames DMA = 1024 bytes/buf)[0m
[0;32mI (874) AudioI2S: Audio task started on Core 0 at priority 12[0m
[0;32mI (874) BLE_INIT: BT controller compile version [ba3b3e3][0m
[0;32mI (884) BLE_INIT: Bluetooth MAC: b4:3a:45:ae:6f:2a[0m
[0;32mI (884) phy_init: phy_version 680,a6008b2,Jun  4 2024,16:41:10[0m
[0;32mI (924) BleMidi: NimBLE BLE MIDI Central initialized and pinned to Core 1[0m
[0;32mI (924) BleMidi: NimBLE Host task running on Core 1[0m
[0;32mI (934) gpio: GPIO[39]| InputEn: 0| OutputEn: 1| OpenDrain: 0| Pullup: 0| Pulldown: 0| Intr:0 [0m
[0;32mI (934) NimBLE: Failed to restore IRKs from store; status=8
[0m
[0;32mI (944) gpio: GPIO[40]| InputEn: 0| OutputEn: 1| OpenDrain: 0| Pullup: 0| Pulldown: 0| Intr:0 [0m
[0;32mI (944) NimBLE: GAP procedure initiated: discovery; [0m
[0;32mI (954) gpio: GPIO[21]| InputEn: 0| OutputEn: 1| OpenDrain: 0| Pullup: 0| Pulldown: 0| Intr:0 [0m
[0;32mI (964) NimBLE: own_addr_type=0 filter_policy=0 passive=0 limited=0 filter_duplicates=1 [0m
[0;32mI (974) NimBLE: duration=forever[0m
[0;32mI (984) NimBLE: 
[0m
[0;32mI (984) BleMidi: Scanning for BLE MIDI devices...[0m
[0;32mI (1074) BleMidi: BLE MIDI device found (59:FB:B6:B7:BF:0F); connecting[0m
[0;32mI (1084) NimBLE: GAP procedure initiated: connect; [0m
[0;32mI (1084) NimBLE: peer_addr_type=0 peer_addr=[0m
[0;32mI (1084) NimBLE: 59:fb:b6:b7:bf:0f[0m
[0;32mI (1094) NimBLE:  scan_itvl=16 scan_window=16 itvl_min=24 itvl_max=40 latency=0 supervision_timeout=256 min_ce_len=0 max_ce_len=0 own_addr_type=0[0m
[0;32mI (1104) NimBLE: 
[0m
[0;32mI (1184) BleMidi: BLE Connected! conn_handle=1[0m
[0;32mI (1184) NimBLE: GAP procedure initiated: [0m
[0;32mI (1184) NimBLE: connection parameter update; conn_handle=1 itvl_min=6 itvl_max=12 latency=0 supervision_timeout=200 min_ce_len=0 max_ce_len=0[0m
[0;32mI (1194) gpio: GPIO[45]| InputEn: 0| OutputEn: 1| OpenDrain: 0| Pullup: 0| Pulldown: 0| Intr:0 [0m
[0;32mI (1194) NimBLE: 
[0m
[0;32mI (1214) Display: ST7789 240x135 display initialized successfully[0m
[0;32mI (1214) BleMidi: Requested connection params 7.5-15ms latency=0 timeout=2s rc=0[0m
[0;32mI (1214) pocket_pan_main: Pocket Pan initialization complete. Realtime audio active.[0m
[0;32mI (1224) NimBLE: GATT procedure initiated: discover all services
[0m
[0;32mI (1224) gpio: GPIO[0]| InputEn: 1| OutputEn: 0| OpenDrain: 0| Pullup: 1| Pulldown: 0| Intr:0 [0m
[0;32mI (1234) main_task: Returned from app_main()[0m
[0;32mI (1584) BleMidi: Found BLE MIDI Service! start_handle=112 end_handle=115[0m
[0;32mI (1584) NimBLE: GATT procedure initiated: discover all characteristics; [0m
[0;32mI (1584) NimBLE: start_handle=112 end_handle=115
[0m
[0;32mI (1684) BleMidi: Found BLE MIDI Characteristic! def_handle=113 val_handle=114 props=0x16[0m
[0;32mI (1684) NimBLE: GATT procedure initiated: discover all descriptors; [0m
[0;32mI (1684) NimBLE: chr_val_handle=114 end_handle=115
[0m
[0;32mI (1794) BleMidi: Negotiated params interval=7.50ms latency=0 timeout=2000ms[0m
[0;32mI (1794) BleMidi: Discovered CCCD (0x2902) handle=115[0m
[0;32mI (1794) NimBLE: GATT procedure initiated: write; [0m
[0;32mI (1794) NimBLE: att_handle=115 len=2
[0m
[0;32mI (1814) BleMidi: CCCD subscription successful; BLE MIDI ready[0m
[0;32mI (1824) NimBLE: GAP procedure initiated: [0m
[0;32mI (1824) NimBLE: connection parameter update; conn_handle=1 itvl_min=6 itvl_max=9 latency=0 supervision_timeout=100 min_ce_len=0 max_ce_len=0[0m
[0;32mI (1824) NimBLE: 
[0m
[0;32mI (1904) BleMidi: Negotiated params interval=11.25ms latency=0 timeout=1000ms[0m
[0;32mI (5814) pocket_pan_main: [AUDIO] model=PAN blocks=1853 avg_us=2371 p99_us=0 max_us=5503 cpu_load=88.9 deadline=214 timeout=0 tx_error=0 short=0[0m
[0;32mI (5814) pocket_pan_main: [MIDI] push=0 pop=0 drop=0 hwm=0 last=(n=62 v=0 t=78 hex=000000)[0m
[0;32mI (5824) pocket_pan_main: [BLE] state=8 interval_ms=11.25 latency=0 rssi=-61 reconnects=0 last_disconnect=0[0m
[0;32mI (5834) pocket_pan_main: [MEM] internal_free=104787 largest_internal=31744[0m
[0;32mI (10824) pocket_pan_main: [AUDIO] model=PAN blocks=3733 avg_us=2360 p99_us=3175 max_us=5503 cpu_load=88.5 deadline=490 timeout=0 tx_error=0 short=0[0m
[0;32mI (10834) pocket_pan_main: [MIDI] push=0 pop=0 drop=0 hwm=0 last=(n=62 v=0 t=78 hex=000000)[0m
[0;32mI (10844) pocket_pan_main: [BLE] state=8 interval_ms=11.25 latency=0 rssi=-57 reconnects=0 last_disconnect=0[0m
[0;32mI (10854) pocket_pan_main: [MEM] internal_free=104787 largest_internal=31744[0m
[0;32mI (15834) pocket_pan_main: [AUDIO] model=PAN blocks=5612 avg_us=2358 p99_us=3175 max_us=5503 cpu_load=88.4 deadline=772 timeout=0 tx_error=0 short=0[0m
[0;32mI (15844) pocket_pan_main: [MIDI] push=0 pop=0 drop=0 hwm=0 last=(n=62 v=0 t=78 hex=000000)[0m
[0;32mI (15854) pocket_pan_main: [BLE] state=8 interval_ms=11.25 latency=0 rssi=-56 reconnects=0 last_disconnect=0[0m
[0;32mI (15864) pocket_pan_main: [MEM] internal_free=104787 largest_internal=31744[0m
[0;32mI (20844) pocket_pan_main: [AUDIO] model=PAN blocks=7490 avg_us=2377 p99_us=3175 max_us=5503 cpu_load=89.1 deadline=1053 timeout=0 tx_error=0 short=0[0m
[0;32mI (20844) pocket_pan_main: [MIDI] push=0 pop=0 drop=0 hwm=0 last=(n=62 v=0 t=78 hex=000000)[0m
[0;32mI (20854) pocket_pan_main: [BLE] state=8 interval_ms=11.25 latency=0 rssi=-60 reconnects=0 last_disconnect=0[0m
[0;32mI (20864) pocket_pan_main: [MEM] internal_free=104787 largest_internal=31744[0m
[0;32mI (23694) forensics: [CURVE] model=PAN fixture=5 voices=8 class=steady n=8148 avg_us=2354.05 p99_us=3275 max_us=3725 deadline=1105 bad_voices=0 ble_lost=0 hard=0 sat=0[0m
[0;32mI (23704) forensics: [HIST] fixture=5 class=steady lower_us=2200 n=2977[0m
[0;32mI (23704) forensics: [HIST] fixture=5 class=steady lower_us=2225 n=2368[0m
[0;32mI (23714) forensics: [HIST] fixture=5 class=steady lower_us=2250 n=616[0m
[0;32mI (23724) forensics: [HIST] fixture=5 class=steady lower_us=2275 n=127[0m
[0;32mI (23724) forensics: [HIST] fixture=5 class=steady lower_us=2300 n=255[0m
[0;32mI (23734) forensics: [HIST] fixture=5 class=steady lower_us=2325 n=131[0m
[0;32mI (23744) forensics: [HIST] fixture=5 class=steady lower_us=2350 n=68[0m
[0;32mI (23754) forensics: [HIST] fixture=5 class=steady lower_us=2375 n=99[0m
[0;32mI (23754) forensics: [HIST] fixture=5 class=steady lower_us=2400 n=74[0m
[0;32mI (23764) forensics: [HIST] fixture=5 class=steady lower_us=2425 n=19[0m
[0;32mI (23774) forensics: [HIST] fixture=5 class=steady lower_us=2450 n=24[0m
[0;32mI (23774) forensics: [HIST] fixture=5 class=steady lower_us=2475 n=36[0m
[0;32mI (23784) forensics: [HIST] fixture=5 class=steady lower_us=2500 n=23[0m
[0;32mI (23794) forensics: [HIST] fixture=5 class=steady lower_us=2525 n=44[0m
[0;32mI (23804) forensics: [HIST] fixture=5 class=steady lower_us=2550 n=37[0m
[0;32mI (23804) forensics: [HIST] fixture=5 class=steady lower_us=2575 n=59[0m
[0;32mI (23814) forensics: [HIST] fixture=5 class=steady lower_us=2600 n=43[0m
[0;32mI (23824) forensics: [HIST] fixture=5 class=steady lower_us=2625 n=21[0m
[0;32mI (23824) forensics: [HIST] fixture=5 class=steady lower_us=2650 n=44[0m
[0;32mI (23834) forensics: [HIST] fixture=5 class=steady lower_us=2675 n=48[0m
[0;32mI (23844) forensics: [HIST] fixture=5 class=steady lower_us=2700 n=17[0m
[0;32mI (23854) forensics: [HIST] fixture=5 class=steady lower_us=2725 n=22[0m
[0;32mI (23854) forensics: [HIST] fixture=5 class=steady lower_us=2750 n=47[0m
[0;32mI (23864) forensics: [HIST] fixture=5 class=steady lower_us=2775 n=49[0m
[0;32mI (23874) forensics: [HIST] fixture=5 class=steady lower_us=2800 n=25[0m
[0;32mI (23874) forensics: [HIST] fixture=5 class=steady lower_us=2825 n=57[0m
[0;32mI (23884) forensics: [HIST] fixture=5 class=steady lower_us=2850 n=47[0m
[0;32mI (23894) forensics: [HIST] fixture=5 class=steady lower_us=2875 n=63[0m
[0;32mI (23904) forensics: [HIST] fixture=5 class=steady lower_us=2900 n=62[0m
[0;32mI (23904) forensics: [HIST] fixture=5 class=steady lower_us=2925 n=55[0m
[0;32mI (23914) forensics: [HIST] fixture=5 class=steady lower_us=2950 n=37[0m
[0;32mI (23924) forensics: [HIST] fixture=5 class=steady lower_us=2975 n=39[0m
[0;32mI (23924) forensics: [HIST] fixture=5 class=steady lower_us=3000 n=14[0m
[0;32mI (23934) forensics: [HIST] fixture=5 class=steady lower_us=3025 n=38[0m
[0;32mI (23944) forensics: [HIST] fixture=5 class=steady lower_us=3050 n=64[0m
[0;32mI (23954) forensics: [HIST] fixture=5 class=steady lower_us=3075 n=25[0m
[0;32mI (23954) forensics: [HIST] fixture=5 class=steady lower_us=3100 n=28[0m
[0;32mI (23964) forensics: [HIST] fixture=5 class=steady lower_us=3125 n=41[0m
[0;32mI (23974) forensics: [HIST] fixture=5 class=steady lower_us=3150 n=45[0m
[0;32mI (23974) forensics: [HIST] fixture=5 class=steady lower_us=3175 n=60[0m
[0;32mI (23984) forensics: [HIST] fixture=5 class=steady lower_us=3200 n=56[0m
[0;32mI (23994) forensics: [HIST] fixture=5 class=steady lower_us=3225 n=38[0m
[0;32mI (24004) forensics: [HIST] fixture=5 class=steady lower_us=3250 n=26[0m
[0;32mI (24004) forensics: [HIST] fixture=5 class=steady lower_us=3275 n=30[0m
[0;32mI (24014) forensics: [HIST] fixture=5 class=steady lower_us=3300 n=23[0m
[0;32mI (24024) forensics: [HIST] fixture=5 class=steady lower_us=3325 n=5[0m
[0;32mI (24024) forensics: [HIST] fixture=5 class=steady lower_us=3350 n=5[0m
[0;32mI (24034) forensics: [HIST] fixture=5 class=steady lower_us=3375 n=6[0m
[0;32mI (24044) forensics: [HIST] fixture=5 class=steady lower_us=3400 n=4[0m
[0;32mI (24044) forensics: [HIST] fixture=5 class=steady lower_us=3425 n=3[0m
[0;32mI (24054) forensics: [HIST] fixture=5 class=steady lower_us=3450 n=1[0m
[0;32mI (24064) forensics: [HIST] fixture=5 class=steady lower_us=3475 n=1[0m
[0;32mI (24074) forensics: [HIST] fixture=5 class=steady lower_us=3550 n=1[0m
[0;32mI (24074) forensics: [HIST] fixture=5 class=steady lower_us=3725 n=1[0m
[0;32mI (24084) forensics: [CURVE] model=PAN fixture=5 voices=8 class=event n=44 avg_us=3471.90 p99_us=4250 max_us=4233 deadline=44 bad_voices=0 ble_lost=0 hard=0 sat=0[0m
[0;32mI (24094) forensics: [HIST] fixture=5 class=event lower_us=3350 n=7[0m
[0;32mI (24104) forensics: [HIST] fixture=5 class=event lower_us=3375 n=12[0m
[0;32mI (24114) forensics: [HIST] fixture=5 class=event lower_us=3400 n=11[0m
[0;32mI (24124) forensics: [HIST] fixture=5 class=event lower_us=3425 n=2[0m
[0;32mI (24124) forensics: [HIST] fixture=5 class=event lower_us=3450 n=2[0m
[0;32mI (24134) forensics: [HIST] fixture=5 class=event lower_us=3475 n=4[0m
[0;32mI (24144) forensics: [HIST] fixture=5 class=event lower_us=3550 n=1[0m
[0;32mI (24144) forensics: [HIST] fixture=5 class=event lower_us=3600 n=1[0m
[0;32mI (24154) forensics: [HIST] fixture=5 class=event lower_us=3775 n=1[0m
[0;32mI (24164) forensics: [HIST] fixture=5 class=event lower_us=4075 n=1[0m
[0;32mI (24164) forensics: [HIST] fixture=5 class=event lower_us=4100 n=1[0m
[0;32mI (24174) forensics: [HIST] fixture=5 class=event lower_us=4225 n=1[0m
[0;32mI (25864) pocket_pan_main: [AUDIO] model=PAN blocks=9372 avg_us=1404 p99_us=3175 max_us=5503 cpu_load=52.6 deadline=1221 timeout=0 tx_error=0 short=0[0m
[0;32mI (25864) pocket_pan_main: [MIDI] push=0 pop=0 drop=0 hwm=0 last=(n=62 v=0 t=78 hex=000000)[0m
[0;32mI (25874) pocket_pan_main: [BLE] state=8 interval_ms=11.25 latency=0 rssi=-59 reconnects=0 last_disconnect=0[0m
[0;32mI (25884) pocket_pan_main: [MEM] internal_free=104787 largest_internal=31744[0m
[0;32mI (30874) pocket_pan_main: [AUDIO] model=PAN blocks=11252 avg_us=1413 p99_us=3100 max_us=5503 cpu_load=53.0 deadline=1224 timeout=0 tx_error=0 short=0[0m
[0;32mI (30884) pocket_pan_main: [MIDI] push=0 pop=0 drop=0 hwm=0 last=(n=62 v=0 t=78 hex=000000)[0m
[0;32mI (30894) pocket_pan_main: [BLE] state=8 interval_ms=11.25 latency=0 rssi=-56 reconnects=0 last_disconnect=0[0m
[0;32mI (30904) pocket_pan_main: [MEM] internal_free=104787 largest_internal=31744[0m
[0;32mI (35884) pocket_pan_main: [AUDIO] model=PAN blocks=13130 avg_us=1413 p99_us=2050 max_us=5503 cpu_load=53.0 deadline=1227 timeout=0 tx_error=0 short=0[0m
[0;32mI (35894) pocket_pan_main: [MIDI] push=0 pop=0 drop=0 hwm=0 last=(n=62 v=0 t=78 hex=000000)[0m
[0;32mI (35894) pocket_pan_main: [BLE] state=8 interval_ms=11.25 latency=0 rssi=-60 reconnects=0 last_disconnect=0[0m
[0;32mI (35914) pocket_pan_main: [MEM] internal_free=104787 largest_internal=31744[0m
[0;32mI (40894) pocket_pan_main: [AUDIO] model=PAN blocks=15008 avg_us=1406 p99_us=2025 max_us=5503 cpu_load=52.7 deadline=1230 timeout=0 tx_error=0 short=0[0m
[0;32mI (40894) pocket_pan_main: [MIDI] push=0 pop=0 drop=0 hwm=0 last=(n=62 v=0 t=78 hex=000000)[0m
[0;32mI (40904) pocket_pan_main: [BLE] state=8 interval_ms=11.25 latency=0 rssi=-60 reconnects=0 last_disconnect=0[0m
[0;32mI (40914) pocket_pan_main: [MEM] internal_free=104787 largest_internal=31744[0m
[0;32mI (45544) forensics: [CURVE] model=BELL fixture=14 voices=4 class=steady n=8148 avg_us=1399.65 p99_us=1975 max_us=2247 deadline=0 bad_voices=0 ble_lost=0 hard=0 sat=0[0m
[0;32mI (45554) forensics: [HIST] fixture=14 class=steady lower_us=1275 n=1874[0m
[0;32mI (45554) forensics: [HIST] fixture=14 class=steady lower_us=1300 n=3492[0m
[0;32mI (45564) forensics: [HIST] fixture=14 class=steady lower_us=1325 n=754[0m
[0;32mI (45574) forensics: [HIST] fixture=14 class=steady lower_us=1350 n=219[0m
[0;32mI (45574) forensics: [HIST] fixture=14 class=steady lower_us=1375 n=116[0m
[0;32mI (45584) forensics: [HIST] fixture=14 class=steady lower_us=1400 n=21[0m
[0;32mI (45594) forensics: [HIST] fixture=14 class=steady lower_us=1425 n=20[0m
[0;32mI (45604) forensics: [HIST] fixture=14 class=steady lower_us=1450 n=60[0m
[0;32mI (45604) forensics: [HIST] fixture=14 class=steady lower_us=1475 n=75[0m
[0;32mI (45614) forensics: [HIST] fixture=14 class=steady lower_us=1500 n=67[0m
[0;32mI (45624) forensics: [HIST] fixture=14 class=steady lower_us=1525 n=46[0m
[0;32mI (45634) forensics: [HIST] fixture=14 class=steady lower_us=1550 n=47[0m
[0;32mI (45634) forensics: [HIST] fixture=14 class=steady lower_us=1575 n=17[0m
[0;32mI (45644) forensics: [HIST] fixture=14 class=steady lower_us=1600 n=47[0m
[0;32mI (45654) forensics: [HIST] fixture=14 class=steady lower_us=1625 n=65[0m
[0;32mI (45654) forensics: [HIST] fixture=14 class=steady lower_us=1650 n=122[0m
[0;32mI (45664) forensics: [HIST] fixture=14 class=steady lower_us=1675 n=93[0m
[0;32mI (45674) forensics: [HIST] fixture=14 class=steady lower_us=1700 n=70[0m
[0;32mI (45684) forensics: [HIST] fixture=14 class=steady lower_us=1725 n=81[0m
[0;32mI (45684) forensics: [HIST] fixture=14 class=steady lower_us=1750 n=59[0m
[0;32mI (45694) forensics: [HIST] fixture=14 class=steady lower_us=1775 n=43[0m
[0;32mI (45704) forensics: [HIST] fixture=14 class=steady lower_us=1800 n=116[0m
[0;32mI (45704) forensics: [HIST] fixture=14 class=steady lower_us=1825 n=150[0m
[0;32mI (45714) forensics: [HIST] fixture=14 class=steady lower_us=1850 n=144[0m
[0;32mI (45724) forensics: [HIST] fixture=14 class=steady lower_us=1875 n=114[0m
[0;32mI (45734) forensics: [HIST] fixture=14 class=steady lower_us=1900 n=64[0m
[0;32mI (45734) forensics: [HIST] fixture=14 class=steady lower_us=1925 n=54[0m
[0;32mI (45744) forensics: [HIST] fixture=14 class=steady lower_us=1950 n=50[0m
[0;32mI (45754) forensics: [HIST] fixture=14 class=steady lower_us=1975 n=35[0m
[0;32mI (45764) forensics: [HIST] fixture=14 class=steady lower_us=2000 n=15[0m
[0;32mI (45764) forensics: [HIST] fixture=14 class=steady lower_us=2025 n=5[0m
[0;32mI (45774) forensics: [HIST] fixture=14 class=steady lower_us=2050 n=5[0m
[0;32mI (45784) forensics: [HIST] fixture=14 class=steady lower_us=2075 n=6[0m
[0;32mI (45784) forensics: [HIST] fixture=14 class=steady lower_us=2175 n=1[0m
[0;32mI (45794) forensics: [HIST] fixture=14 class=steady lower_us=2225 n=1[0m
[0;32mI (45804) forensics: [CURVE] model=BELL fixture=14 voices=4 class=event n=44 avg_us=2281.76 p99_us=2975 max_us=2973 deadline=10 bad_voices=0 ble_lost=0 hard=0 sat=0[0m
[0;32mI (45814) forensics: [HIST] fixture=14 class=event lower_us=2025 n=1[0m
[0;32mI (45824) forensics: [HIST] fixture=14 class=event lower_us=2050 n=5[0m
[0;32mI (45834) forensics: [HIST] fixture=14 class=event lower_us=2075 n=15[0m
[0;32mI (45834) forensics: [HIST] fixture=14 class=event lower_us=2100 n=5[0m
[0;32mI (45844) forensics: [HIST] fixture=14 class=event lower_us=2125 n=5[0m
[0;32mI (45854) forensics: [HIST] fixture=14 class=event lower_us=2200 n=1[0m
[0;32mI (45864) forensics: [HIST] fixture=14 class=event lower_us=2450 n=1[0m
[0;32mI (45864) forensics: [HIST] fixture=14 class=event lower_us=2600 n=1[0m
[0;32mI (45874) forensics: [HIST] fixture=14 class=event lower_us=2725 n=3[0m
[0;32mI (45884) forensics: [HIST] fixture=14 class=event lower_us=2775 n=2[0m
[0;32mI (45884) forensics: [HIST] fixture=14 class=event lower_us=2800 n=1[0m
[0;32mI (45894) forensics: [HIST] fixture=14 class=event lower_us=2825 n=1[0m
[0;32mI (45904) forensics: [HIST] fixture=14 class=event lower_us=2850 n=1[0m
[0;32mI (45914) forensics: [HIST] fixture=14 class=event lower_us=2900 n=1[0m
[0;32mI (45914) forensics: [HIST] fixture=14 class=event lower_us=2950 n=1[0m
[0;32mI (45954) pocket_pan_main: [AUDIO] model=PAN blocks=16888 avg_us=2229 p99_us=2025 max_us=5503 cpu_load=83.6 deadline=1358 timeout=0 tx_error=0 short=0[0m
[0;32mI (45954) pocket_pan_main: [MIDI] push=0 pop=0 drop=0 hwm=0 last=(n=62 v=0 t=78 hex=000000)[0m
[0;32mI (45964) pocket_pan_main: [BLE] state=8 interval_ms=11.25 latency=0 rssi=-57 reconnects=0 last_disconnect=0[0m
[0;32mI (45974) pocket_pan_main: [MEM] internal_free=104787 largest_internal=31744[0m
[0;32mI (50964) pocket_pan_main: [AUDIO] model=PAN blocks=18771 avg_us=2483 p99_us=3175 max_us=5503 cpu_load=93.1 deadline=1648 timeout=0 tx_error=0 short=0[0m
[0;32mI (50974) pocket_pan_main: [MIDI] push=0 pop=0 drop=0 hwm=0 last=(n=62 v=0 t=78 hex=000000)[0m
[0;32mI (50984) pocket_pan_main: [BLE] state=8 interval_ms=11.25 latency=0 rssi=-60 reconnects=0 last_disconnect=0[0m
[0;32mI (50994) pocket_pan_main: [MEM] internal_free=104787 largest_internal=31744[0m
[0;32mI (55974) pocket_pan_main: [AUDIO] model=PAN blocks=20649 avg_us=2487 p99_us=3175 max_us=5503 cpu_load=93.3 deadline=1939 timeout=0 tx_error=0 short=0[0m
[0;32mI (55984) pocket_pan_main: [MIDI] push=0 pop=0 drop=0 hwm=0 last=(n=62 v=0 t=78 hex=000000)[0m
[0;32mI (55994) pocket_pan_main: [BLE] state=8 interval_ms=11.25 latency=0 rssi=-60 reconnects=0 last_disconnect=0[0m
[0;32mI (56004) pocket_pan_main: [MEM] internal_free=104787 largest_internal=31744[0m
[0;32mI (60984) pocket_pan_main: [AUDIO] model=PAN blocks=22527 avg_us=2466 p99_us=3175 max_us=5503 cpu_load=92.5 deadline=2229 timeout=0 tx_error=0 short=0[0m
[0;32mI (60984) pocket_pan_main: [MIDI] push=0 pop=0 drop=0 hwm=0 last=(n=62 v=0 t=78 hex=000000)[0m
[0;32mI (60994) pocket_pan_main: [BLE] state=8 interval_ms=11.25 latency=0 rssi=-59 reconnects=0 last_disconnect=0[0m
[0;32mI (61004) pocket_pan_main: [MEM] internal_free=104787 largest_internal=31744[0m
[0;32mI (65994) pocket_pan_main: [AUDIO] model=PAN blocks=24407 avg_us=2480 p99_us=3175 max_us=5503 cpu_load=93.0 deadline=2522 timeout=0 tx_error=0 short=0[0m
[0;32mI (66004) pocket_pan_main: [MIDI] push=0 pop=0 drop=0 hwm=0 last=(n=62 v=0 t=78 hex=000000)[0m
[0;32mI (66014) pocket_pan_main: [BLE] state=8 interval_ms=11.25 latency=0 rssi=-57 reconnects=0 last_disconnect=0[0m
[0;32mI (66024) pocket_pan_main: [MEM] internal_free=104787 largest_internal=31744[0m
[0;32mI (67434) forensics: [CURVE] model=BELL fixture=13 voices=8 class=steady n=8148 avg_us=2462.70 p99_us=3400 max_us=3842 deadline=1305 bad_voices=0 ble_lost=0 hard=0 sat=0[0m
[0;32mI (67444) forensics: [HIST] fixture=13 class=steady lower_us=2300 n=1497[0m
[0;32mI (67444) forensics: [HIST] fixture=13 class=steady lower_us=2325 n=3540[0m
[0;32mI (67454) forensics: [HIST] fixture=13 class=steady lower_us=2350 n=898[0m
[0;32mI (67464) forensics: [HIST] fixture=13 class=steady lower_us=2375 n=423[0m
[0;32mI (67464) forensics: [HIST] fixture=13 class=steady lower_us=2400 n=160[0m
[0;32mI (67474) forensics: [HIST] fixture=13 class=steady lower_us=2425 n=44[0m
[0;32mI (67484) forensics: [HIST] fixture=13 class=steady lower_us=2450 n=22[0m
[0;32mI (67494) forensics: [HIST] fixture=13 class=steady lower_us=2475 n=27[0m
[0;32mI (67494) forensics: [HIST] fixture=13 class=steady lower_us=2500 n=15[0m
[0;32mI (67504) forensics: [HIST] fixture=13 class=steady lower_us=2525 n=15[0m
[0;32mI (67514) forensics: [HIST] fixture=13 class=steady lower_us=2550 n=87[0m
[0;32mI (67524) forensics: [HIST] fixture=13 class=steady lower_us=2575 n=40[0m
[0;32mI (67524) forensics: [HIST] fixture=13 class=steady lower_us=2600 n=51[0m
[0;32mI (67534) forensics: [HIST] fixture=13 class=steady lower_us=2625 n=19[0m
[0;32mI (67544) forensics: [HIST] fixture=13 class=steady lower_us=2650 n=11[0m
[0;32mI (67544) forensics: [HIST] fixture=13 class=steady lower_us=2675 n=34[0m
[0;32mI (67554) forensics: [HIST] fixture=13 class=steady lower_us=2700 n=17[0m
[0;32mI (67564) forensics: [HIST] fixture=13 class=steady lower_us=2725 n=25[0m
[0;32mI (67574) forensics: [HIST] fixture=13 class=steady lower_us=2750 n=24[0m
[0;32mI (67574) forensics: [HIST] fixture=13 class=steady lower_us=2775 n=15[0m
[0;32mI (67584) forensics: [HIST] fixture=13 class=steady lower_us=2800 n=54[0m
[0;32mI (67594) forensics: [HIST] fixture=13 class=steady lower_us=2825 n=53[0m
[0;32mI (67594) forensics: [HIST] fixture=13 class=steady lower_us=2850 n=44[0m
[0;32mI (67604) forensics: [HIST] fixture=13 class=steady lower_us=2875 n=56[0m
[0;32mI (67614) forensics: [HIST] fixture=13 class=steady lower_us=2900 n=46[0m
[0;32mI (67624) forensics: [HIST] fixture=13 class=steady lower_us=2925 n=41[0m
[0;32mI (67624) forensics: [HIST] fixture=13 class=steady lower_us=2950 n=47[0m
[0;32mI (67634) forensics: [HIST] fixture=13 class=steady lower_us=2975 n=77[0m
[0;32mI (67644) forensics: [HIST] fixture=13 class=steady lower_us=3000 n=124[0m
[0;32mI (67654) forensics: [HIST] fixture=13 class=steady lower_us=3025 n=74[0m
[0;32mI (67654) forensics: [HIST] fixture=13 class=steady lower_us=3050 n=76[0m
[0;32mI (67664) forensics: [HIST] fixture=13 class=steady lower_us=3075 n=40[0m
[0;32mI (67674) forensics: [HIST] fixture=13 class=steady lower_us=3100 n=19[0m
[0;32mI (67674) forensics: [HIST] fixture=13 class=steady lower_us=3125 n=14[0m
[0;32mI (67684) forensics: [HIST] fixture=13 class=steady lower_us=3150 n=31[0m
[0;32mI (67694) forensics: [HIST] fixture=13 class=steady lower_us=3175 n=40[0m
[0;32mI (67704) forensics: [HIST] fixture=13 class=steady lower_us=3200 n=26[0m
[0;32mI (67704) forensics: [HIST] fixture=13 class=steady lower_us=3225 n=15[0m
[0;32mI (67714) forensics: [HIST] fixture=13 class=steady lower_us=3250 n=34[0m
[0;32mI (67724) forensics: [HIST] fixture=13 class=steady lower_us=3275 n=36[0m
[0;32mI (67724) forensics: [HIST] fixture=13 class=steady lower_us=3300 n=45[0m
[0;32mI (67734) forensics: [HIST] fixture=13 class=steady lower_us=3325 n=44[0m
[0;32mI (67744) forensics: [HIST] fixture=13 class=steady lower_us=3350 n=43[0m
[0;32mI (67754) forensics: [HIST] fixture=13 class=steady lower_us=3375 n=25[0m
[0;32mI (67754) forensics: [HIST] fixture=13 class=steady lower_us=3400 n=10[0m
[0;32mI (67764) forensics: [HIST] fixture=13 class=steady lower_us=3425 n=9[0m
[0;32mI (67774) forensics: [HIST] fixture=13 class=steady lower_us=3450 n=5[0m
[0;32mI (67774) forensics: [HIST] fixture=13 class=steady lower_us=3475 n=17[0m
[0;32mI (67784) forensics: [HIST] fixture=13 class=steady lower_us=3500 n=22[0m
[0;32mI (67794) forensics: [HIST] fixture=13 class=steady lower_us=3525 n=7[0m
[0;32mI (67804) forensics: [HIST] fixture=13 class=steady lower_us=3550 n=1[0m
[0;32mI (67804) forensics: [HIST] fixture=13 class=steady lower_us=3575 n=3[0m
[0;32mI (67814) forensics: [HIST] fixture=13 class=steady lower_us=3600 n=1[0m
[0;32mI (67824) forensics: [HIST] fixture=13 class=steady lower_us=3625 n=1[0m
[0;32mI (67824) forensics: [HIST] fixture=13 class=steady lower_us=3650 n=1[0m
[0;32mI (67834) forensics: [HIST] fixture=13 class=steady lower_us=3675 n=2[0m
[0;32mI (67844) forensics: [HIST] fixture=13 class=steady lower_us=3825 n=1[0m
[0;32mI (67854) forensics: [CURVE] model=BELL fixture=13 voices=8 class=event n=44 avg_us=3666.17 p99_us=4900 max_us=4895 deadline=44 bad_voices=0 ble_lost=0 hard=0 sat=0[0m
[0;32mI (67864) forensics: [HIST] fixture=13 class=event lower_us=3375 n=1[0m
[0;32mI (67874) forensics: [HIST] fixture=13 class=event lower_us=3475 n=8[0m
[0;32mI (67884) forensics: [HIST] fixture=13 class=event lower_us=3500 n=7[0m
[0;32mI (67884) forensics: [HIST] fixture=13 class=event lower_us=3525 n=15[0m
[0;32mI (67894) forensics: [HIST] fixture=13 class=event lower_us=3550 n=3[0m
[0;32mI (67904) forensics: [HIST] fixture=13 class=event lower_us=3575 n=2[0m
[0;32mI (67904) forensics: [HIST] fixture=13 class=event lower_us=3700 n=1[0m
[0;32mI (67914) forensics: [HIST] fixture=13 class=event lower_us=3975 n=1[0m
[0;32mI (67924) forensics: [HIST] fixture=13 class=event lower_us=4175 n=1[0m
[0;32mI (67924) forensics: [HIST] fixture=13 class=event lower_us=4200 n=1[0m
[0;32mI (67934) forensics: [HIST] fixture=13 class=event lower_us=4400 n=1[0m
[0;32mI (67944) forensics: [HIST] fixture=13 class=event lower_us=4475 n=1[0m
[0;32mI (67954) forensics: [HIST] fixture=13 class=event lower_us=4650 n=1[0m
[0;32mI (67954) forensics: [HIST] fixture=13 class=event lower_us=4875 n=1[0m
[0;32mI (70994) pocket_pan_main: [AUDIO] model=PAN blocks=26282 avg_us=9 p99_us=3175 max_us=5503 cpu_load=0.3 deadline=2613 timeout=0 tx_error=0 short=0[0m
[0;32mI (71004) pocket_pan_main: [MIDI] push=0 pop=0 drop=0 hwm=0 last=(n=62 v=0 t=78 hex=000000)[0m
[0;32mI (71004) pocket_pan_main: [BLE] state=8 interval_ms=11.25 latency=0 rssi=-60 reconnects=0 last_disconnect=0[0m
[0;32mI (71024) pocket_pan_main: [MEM] internal_free=104787 largest_internal=31744[0m
