[0;32mI (122) esp_image: segment 1: paddr=0002ee4c vaddr=3fc9a6[0;32mI (668) esp_psram: SPI SRAM memory test OK[0m
[0;32mI (677) cpu_start: Pro cpu start user code[0m
[0;32mI (677) cpu_start: cpu freq: 240000000 Hz[0m
[0;32mI (677) app_init: Application information:[0m
[0;32mI (680) app_init: Project name:     pocket_pan[0m
[0;32mI (685) app_init: App version:      e630686-dirty[0m
[0;32mI (690) app_init: Compile time:     Sep 26 2026 00:11:22[0m
[0;32mI (696) app_init: ELF file SHA256:  53f578644...[0m
[0;32mI (702) app_init: ESP-IDF:          v5.3-dirty[0m
[0;32mI (707) efuse_init: Min chip rev:     v0.0[0m
[0;32mI (712) efuse_init: Max chip rev:     v0.99 [0m
[0;32mI (717) efuse_init: Chip rev:         v0.2[0m
[0;32mI (721) heap_init: Initializing. RAM available for dynamic allocation:[0m
[0;32mI (729) heap_init: At 3FCB6D28 len 000329E8 (202 KiB): RAM[0m
[0;32mI (735) heap_init: At 3FCE9710 len 00005724 (21 KiB): RAM[0m
[0;32mI (741) heap_init: At 3FCF0000 len 00008000 (32 KiB): DRAM[0m
[0;32mI (747) heap_init: At 600FE100 len 00001EE8 (7 KiB): RTCRAM[0m
[0;32mI (753) esp_psram: Adding pool of 2048K of PSRAM memory to heap allocator[0m
[0;32mI (762) spi_flash: detected chip: generic[0m
[0;32mI (765) spi_flash: flash io: dio[0m
[0;32mI (770) sleep: Configure to isolate all GPIO pins in sleep state[0m
[0;32mI (776) sleep: Enable automatic switching of GPIO sleep configuration[0m
[0;32mI (783) coexist: coex firmware version: dab85ae96[0m
[0;32mI (789) coexist: coexist rom version e7ae62f[0m
[0;32mI (794) main_task: Started on CPU0[0m
[0;32mI (804) esp_psram: Reserving pool of 32K of internal memory for DMA/internal allocations[0m
[0;32mI (804) main_task: Calling app_main()[0m
[0;32mI (814) pocket_pan_main: ===============================================[0m
[0;32mI (814) pocket_pan_main:   Pocket Pan / Metal Modal Synthesizer v1.0.0[0m
[0;32mI (824) pocket_pan_main:   Hardware: TENSTAR TS-ESP32-S3 (Feather TFT)[0m
[0;32mI (834) pocket_pan_main: ===============================================[0m
[0;32mI (844) pocket_pan_main: [FORENSICS] candidate=7 profile=0 cpu_mhz=240 optimization_perf=1[0m
[0;32mI (854) gpio: GPIO[10]| InputEn: 0| OutputEn: 1| OpenDrain: 0| Pullup: 0| Pulldown: 1| Intr:0 [0m
[0;32mI (864) AudioI2S: I2S TX initialized (48kHz, 32-bit slot, stereo, 6x128 frames DMA = 1024 bytes/buf)[0m
[0;32mI (874) AudioI2S: Audio task started on Core 0 at priority 12[0m
[0;32mI (874) BLE_INIT: BT controller compile version [ba3b3e3][0m
[0;32mI (884) BLE_INIT: Bluetooth MAC: b4:3a:45:ae:6f:2a[0m
[0;32mI (884) phy_init: phy_version 680,a6008b2,Jun  4 2024,16:41:10[0m
[0;32mI (924) BleMidi: NimBLE BLE MIDI Central initialized and pinned to Core 1[0m
[0;32mI (924) BleMidi: NimBLE Host task running on Core 1[0m
[0;32mI (924) gpio: GPIO[39]| InputEn: 0| OutputEn: 1| OpenDrain: 0| Pullup: 0| Pulldown: 0| Intr:0 [0m
[0;32mI (934) NimBLE: Failed to restore IRKs from store; status=8
[0m
[0;32mI (944) gpio: GPIO[40]| InputEn: 0| OutputEn: 1| OpenDrain: 0| Pullup: 0| Pulldown: 0| Intr:0 [0m
[0;32mI (944) NimBLE: GAP procedure initiated: discovery; [0m
[0;32mI (954) gpio: GPIO[21]| InputEn: 0| OutputEn: 1| OpenDrain: 0| Pullup: 0| Pulldown: 0| Intr:0 [0m
[0;32mI (964) NimBLE: own_addr_type=0 filter_policy=0 passive=0 limited=0 filter_duplicates=1 [0m
[0;32mI (974) NimBLE: duration=forever[0m
[0;32mI (984) NimBLE: 
[0m
[0;32mI (984) BleMidi: Scanning for BLE MIDI devices...[0m
[0;32mI (1034) BleMidi: BLE MIDI device found (59:FB:B6:B7:BF:0F); connecting[0m
[0;32mI (1044) NimBLE: GAP procedure initiated: connect; [0m
[0;32mI (1044) NimBLE: peer_addr_type=0 peer_addr=[0m
[0;32mI (1044) NimBLE: 59:fb:b6:b7:bf:0f[0m
[0;32mI (1054) NimBLE:  scan_itvl=16 scan_window=16 itvl_min=24 itvl_max=40 latency=0 supervision_timeout=256 min_ce_len=0 max_ce_len=0 own_addr_type=0[0m
[0;32mI (1064) NimBLE: 
[0m
[0;32mI (1144) BleMidi: BLE Connected! conn_handle=1[0m
[0;32mI (1144) NimBLE: GAP procedure initiated: [0m
[0;32mI (1144) NimBLE: connection parameter update; conn_handle=1 itvl_min=6 itvl_max=12 latency=0 supervision_timeout=200 min_ce_len=0 max_ce_len=0[0m
[0;32mI (1154) NimBLE: 
[0m
[0;32mI (1164) BleMidi: Requested connection params 7.5-15ms latency=0 timeout=2s rc=0[0m
[0;32mI (1164) NimBLE: GATT procedure initiated: discover all services
[0m
[0;32mI (1194) gpio: GPIO[45]| InputEn: 0| OutputEn: 1| OpenDrain: 0| Pullup: 0| Pulldown: 0| Intr:0 [0m
[0;32mI (1194) Display: ST7789 240x135 display initialized successfully[0m
[0;32mI (1194) pocket_pan_main: Pocket Pan initialization complete. Realtime audio active.[0m
[0;32mI (1194) gpio: GPIO[0]| InputEn: 1| OutputEn: 0| OpenDrain: 0| Pullup: 1| Pulldown: 0| Intr:0 [0m
[0;32mI (1204) main_task: Returned from app_main()[0m
[0;32mI (1484) BleMidi: Found BLE MIDI Service! start_handle=112 end_handle=115[0m
[0;32mI (1484) NimBLE: GATT procedure initiated: discover all characteristics; [0m
[0;32mI (1484) NimBLE: start_handle=112 end_handle=115
[0m
[0;32mI (1584) BleMidi: Found BLE MIDI Characteristic! def_handle=113 val_handle=114 props=0x16[0m
[0;32mI (1584) NimBLE: GATT procedure initiated: discover all descriptors; [0m
[0;32mI (1584) NimBLE: chr_val_handle=114 end_handle=115
[0m
[0;32mI (1684) BleMidi: Negotiated params interval=7.50ms latency=0 timeout=2000ms[0m
[0;32mI (1684) BleMidi: Discovered CCCD (0x2902) handle=115[0m
[0;32mI (1684) NimBLE: GATT procedure initiated: write; [0m
[0;32mI (1684) NimBLE: att_handle=115 len=2
[0m
[0;32mI (1704) BleMidi: CCCD subscription successful; BLE MIDI ready[0m
[0;32mI (1704) NimBLE: GAP procedure initiated: [0m
[0;32mI (1704) NimBLE: connection parameter update; conn_handle=1 itvl_min=6 itvl_max=9 latency=0 supervision_timeout=100 min_ce_len=0 max_ce_len=0[0m
[0;32mI (1714) NimBLE: 
[0m
[0;32mI (1804) BleMidi: Negotiated params interval=11.25ms latency=0 timeout=1000ms[0m
[0;32mI (5804) pocket_pan_main: [AUDIO] model=PAN blocks=1850 avg_us=2353 p99_us=0 max_us=5461 cpu_load=88.2 deadline=211 timeout=0 tx_error=0 short=0[0m
[0;32mI (5814) pocket_pan_main: [MIDI] push=0 pop=0 drop=0 hwm=0 last=(n=62 v=0 t=78 hex=000000)[0m
[0;32mI (5824) pocket_pan_main: [BLE] state=8 interval_ms=11.25 latency=0 rssi=-59 reconnects=0 last_disconnect=0[0m
[0;32mI (5834) pocket_pan_main: [MEM] internal_free=105747 largest_internal=31744[0m
[0;32mI (10814) pocket_pan_main: [AUDIO] model=PAN blocks=3728 avg_us=2350 p99_us=3175 max_us=5461 cpu_load=88.1 deadline=476 timeout=0 tx_error=0 short=0[0m
[0;32mI (10814) pocket_pan_main: [MIDI] push=0 pop=0 drop=0 hwm=0 last=(n=62 v=0 t=78 hex=000000)[0m
[0;32mI (10824) pocket_pan_main: [BLE] state=8 interval_ms=11.25 latency=0 rssi=-57 reconnects=0 last_disconnect=0[0m
[0;32mI (10834) pocket_pan_main: [MEM] internal_free=105747 largest_internal=31744[0m
[0;32mI (15824) pocket_pan_main: [AUDIO] model=PAN blocks=5608 avg_us=2369 p99_us=3175 max_us=5461 cpu_load=88.8 deadline=738 timeout=0 tx_error=0 short=0[0m
[0;32mI (15834) pocket_pan_main: [MIDI] push=0 pop=0 drop=0 hwm=0 last=(n=62 v=0 t=78 hex=000000)[0m
[0;32mI (15844) pocket_pan_main: [BLE] state=8 interval_ms=11.25 latency=0 rssi=-57 reconnects=0 last_disconnect=0[0m
[0;32mI (15854) pocket_pan_main: [MEM] internal_free=105747 largest_internal=31744[0m
[0;32mI (20834) pocket_pan_main: [AUDIO] model=PAN blocks=7487 avg_us=2363 p99_us=3175 max_us=5461 cpu_load=88.6 deadline=1002 timeout=0 tx_error=0 short=0[0m
[0;32mI (20844) pocket_pan_main: [MIDI] push=0 pop=0 drop=0 hwm=0 last=(n=62 v=0 t=78 hex=000000)[0m
[0;32mI (20854) pocket_pan_main: [BLE] state=8 interval_ms=11.25 latency=0 rssi=-59 reconnects=0 last_disconnect=0[0m
[0;32mI (20864) pocket_pan_main: [MEM] internal_free=105747 largest_internal=31744[0m
[0;32mI (23594) forensics: [CURVE] model=PAN fixture=5 voices=8 class=steady n=8148 avg_us=2348.75 p99_us=3275 max_us=3485 deadline=1077 bad_voices=0 ble_lost=0 hard=0 sat=0[0m
[0;32mI (23594) forensics: [HIST] fixture=5 class=steady lower_us=2200 n=3593[0m
[0;32mI (23604) forensics: [HIST] fixture=5 class=steady lower_us=2225 n=1848[0m
[0;32mI (23614) forensics: [HIST] fixture=5 class=steady lower_us=2250 n=528[0m
[0;32mI (23614) forensics: [HIST] fixture=5 class=steady lower_us=2275 n=230[0m
[0;32mI (23624) forensics: [HIST] fixture=5 class=steady lower_us=2300 n=276[0m
[0;32mI (23634) forensics: [HIST] fixture=5 class=steady lower_us=2325 n=95[0m
[0;32mI (23634) forensics: [HIST] fixture=5 class=steady lower_us=2350 n=46[0m
[0;32mI (23644) forensics: [HIST] fixture=5 class=steady lower_us=2375 n=74[0m
[0;32mI (23654) forensics: [HIST] fixture=5 class=steady lower_us=2400 n=35[0m
[0;32mI (23664) forensics: [HIST] fixture=5 class=steady lower_us=2425 n=11[0m
[0;32mI (23664) forensics: [HIST] fixture=5 class=steady lower_us=2450 n=22[0m
[0;32mI (23674) forensics: [HIST] fixture=5 class=steady lower_us=2475 n=36[0m
[0;32mI (23684) forensics: [HIST] fixture=5 class=steady lower_us=2500 n=26[0m
[0;32mI (23684) forensics: [HIST] fixture=5 class=steady lower_us=2525 n=55[0m
[0;32mI (23694) forensics: [HIST] fixture=5 class=steady lower_us=2550 n=68[0m
[0;32mI (23704) forensics: [HIST] fixture=5 class=steady lower_us=2575 n=52[0m
[0;32mI (23714) forensics: [HIST] fixture=5 class=steady lower_us=2600 n=34[0m
[0;32mI (23714) forensics: [HIST] fixture=5 class=steady lower_us=2625 n=34[0m
[0;32mI (23724) forensics: [HIST] fixture=5 class=steady lower_us=2650 n=12[0m
[0;32mI (23734) forensics: [HIST] fixture=5 class=steady lower_us=2675 n=7[0m
[0;32mI (23734) forensics: [HIST] fixture=5 class=steady lower_us=2700 n=29[0m
[0;32mI (23744) forensics: [HIST] fixture=5 class=steady lower_us=2725 n=57[0m
[0;32mI (23754) forensics: [HIST] fixture=5 class=steady lower_us=2750 n=25[0m
[0;32mI (23764) forensics: [HIST] fixture=5 class=steady lower_us=2775 n=27[0m
[0;32mI (23764) forensics: [HIST] fixture=5 class=steady lower_us=2800 n=49[0m
[0;32mI (23774) forensics: [HIST] fixture=5 class=steady lower_us=2825 n=80[0m
[0;32mI (23784) forensics: [HIST] fixture=5 class=steady lower_us=2850 n=52[0m
[0;32mI (23784) forensics: [HIST] fixture=5 class=steady lower_us=2875 n=95[0m
[0;32mI (23794) forensics: [HIST] fixture=5 class=steady lower_us=2900 n=60[0m
[0;32mI (23804) forensics: [HIST] fixture=5 class=steady lower_us=2925 n=25[0m
[0;32mI (23814) forensics: [HIST] fixture=5 class=steady lower_us=2950 n=26[0m
[0;32mI (23814) forensics: [HIST] fixture=5 class=steady lower_us=2975 n=37[0m
[0;32mI (23824) forensics: [HIST] fixture=5 class=steady lower_us=3000 n=28[0m
[0;32mI (23834) forensics: [HIST] fixture=5 class=steady lower_us=3025 n=31[0m
[0;32mI (23834) forensics: [HIST] fixture=5 class=steady lower_us=3050 n=39[0m
[0;32mI (23844) forensics: [HIST] fixture=5 class=steady lower_us=3075 n=31[0m
[0;32mI (23854) forensics: [HIST] fixture=5 class=steady lower_us=3100 n=27[0m
[0;32mI (23864) forensics: [HIST] fixture=5 class=steady lower_us=3125 n=94[0m
[0;32mI (23864) forensics: [HIST] fixture=5 class=steady lower_us=3150 n=49[0m
[0;32mI (23874) forensics: [HIST] fixture=5 class=steady lower_us=3175 n=34[0m
[0;32mI (23884) forensics: [HIST] fixture=5 class=steady lower_us=3200 n=25[0m
[0;32mI (23884) forensics: [HIST] fixture=5 class=steady lower_us=3225 n=41[0m
[0;32mI (23894) forensics: [HIST] fixture=5 class=steady lower_us=3250 n=25[0m
[0;32mI (23904) forensics: [HIST] fixture=5 class=steady lower_us=3275 n=7[0m
[0;32mI (23904) forensics: [HIST] fixture=5 class=steady lower_us=3300 n=26[0m
[0;32mI (23914) forensics: [HIST] fixture=5 class=steady lower_us=3325 n=26[0m
[0;32mI (23924) forensics: [HIST] fixture=5 class=steady lower_us=3350 n=13[0m
[0;32mI (23934) forensics: [HIST] fixture=5 class=steady lower_us=3375 n=5[0m
[0;32mI (23934) forensics: [HIST] fixture=5 class=steady lower_us=3400 n=1[0m
[0;32mI (23944) forensics: [HIST] fixture=5 class=steady lower_us=3450 n=1[0m
[0;32mI (23954) forensics: [HIST] fixture=5 class=steady lower_us=3475 n=1[0m
[0;32mI (23954) forensics: [CURVE] model=PAN fixture=5 voices=8 class=event n=44 avg_us=3550.07 p99_us=4425 max_us=4412 deadline=44 bad_voices=0 ble_lost=0 hard=0 sat=0[0m
[0;32mI (23974) forensics: [HIST] fixture=5 class=event lower_us=3325 n=4[0m
[0;32mI (23984) forensics: [HIST] fixture=5 class=event lower_us=3350 n=12[0m
[0;32mI (23984) forensics: [HIST] fixture=5 class=event lower_us=3375 n=9[0m
[0;32mI (23994) forensics: [HIST] fixture=5 class=event lower_us=3400 n=6[0m
[0;32mI (24004) forensics: [HIST] fixture=5 class=event lower_us=3425 n=1[0m
[0;32mI (24004) forensics: [HIST] fixture=5 class=event lower_us=3450 n=1[0m
[0;32mI (24014) forensics: [HIST] fixture=5 class=event lower_us=3550 n=1[0m
[0;32mI (24024) forensics: [HIST] fixture=5 class=event lower_us=3700 n=1[0m
[0;32mI (24034) forensics: [HIST] fixture=5 class=event lower_us=3825 n=1[0m
[0;32mI (24034) forensics: [HIST] fixture=5 class=event lower_us=4000 n=1[0m
[0;32mI (24044) forensics: [HIST] fixture=5 class=event lower_us=4075 n=1[0m
[0;32mI (24054) forensics: [HIST] fixture=5 class=event lower_us=4125 n=1[0m
[0;32mI (24054) forensics: [HIST] fixture=5 class=event lower_us=4175 n=2[0m
[0;32mI (24064) forensics: [HIST] fixture=5 class=event lower_us=4250 n=1[0m
[0;32mI (24074) forensics: [HIST] fixture=5 class=event lower_us=4325 n=1[0m
[0;32mI (24074) forensics: [HIST] fixture=5 class=event lower_us=4400 n=1[0m
[0;32mI (25854) pocket_pan_main: [AUDIO] model=PAN blocks=9368 avg_us=1432 p99_us=3175 max_us=5461 cpu_load=53.7 deadline=1154 timeout=0 tx_error=0 short=0[0m
[0;32mI (25854) pocket_pan_main: [MIDI] push=0 pop=0 drop=0 hwm=0 last=(n=62 v=0 t=78 hex=000000)[0m
[0;32mI (25864) pocket_pan_main: [BLE] state=8 interval_ms=11.25 latency=0 rssi=-61 reconnects=0 last_disconnect=0[0m
[0;32mI (25874) pocket_pan_main: [MEM] internal_free=105747 largest_internal=31744[0m
[0;32mI (30864) pocket_pan_main: [AUDIO] model=PAN blocks=11248 avg_us=1439 p99_us=3050 max_us=5461 cpu_load=54.0 deadline=1154 timeout=0 tx_error=0 short=0[0m
[0;32mI (30874) pocket_pan_main: [MIDI] push=0 pop=0 drop=0 hwm=0 last=(n=62 v=0 t=78 hex=000000)[0m
[0;32mI (30884) pocket_pan_main: [BLE] state=8 interval_ms=11.25 latency=0 rssi=-60 reconnects=0 last_disconnect=0[0m
[0;32mI (30894) pocket_pan_main: [MEM] internal_free=105747 largest_internal=31744[0m
[0;32mI (35874) pocket_pan_main: [AUDIO] model=PAN blocks=13127 avg_us=1435 p99_us=2150 max_us=5461 cpu_load=53.8 deadline=1154 timeout=0 tx_error=0 short=0[0m
[0;32mI (35884) pocket_pan_main: [MIDI] push=0 pop=0 drop=0 hwm=0 last=(n=62 v=0 t=78 hex=000000)[0m
[0;32mI (35894) pocket_pan_main: [BLE] state=8 interval_ms=11.25 latency=0 rssi=-60 reconnects=0 last_disconnect=0[0m
[0;32mI (35904) pocket_pan_main: [MEM] internal_free=105747 largest_internal=31744[0m
[0;32mI (40884) pocket_pan_main: [AUDIO] model=PAN blocks=15005 avg_us=1423 p99_us=2150 max_us=5461 cpu_load=53.4 deadline=1154 timeout=0 tx_error=0 short=0[0m
[0;32mI (40884) pocket_pan_main: [MIDI] push=0 pop=0 drop=0 hwm=0 last=(n=62 v=0 t=78 hex=000000)[0m
[0;32mI (40894) pocket_pan_main: [BLE] state=8 interval_ms=11.25 latency=0 rssi=-61 reconnects=0 last_disconnect=0[0m
[0;32mI (40904) pocket_pan_main: [MEM] internal_free=105747 largest_internal=31744[0m
[0;32mI (45414) forensics: [CURVE] model=BELL fixture=14 voices=4 class=steady n=8148 avg_us=1418.05 p99_us=2050 max_us=2234 deadline=0 bad_voices=0 ble_lost=0 hard=0 sat=0[0m
[0;32mI (45424) forensics: [HIST] fixture=14 class=steady lower_us=1300 n=3324[0m
[0;32mI (45424) forensics: [HIST] fixture=14 class=steady lower_us=1325 n=2353[0m
[0;32mI (45434) forensics: [HIST] fixture=14 class=steady lower_us=1350 n=606[0m
[0;32mI (45444) forensics: [HIST] fixture=14 class=steady lower_us=1375 n=124[0m
[0;32mI (45444) forensics: [HIST] fixture=14 class=steady lower_us=1400 n=42[0m
[0;32mI (45454) forensics: [HIST] fixture=14 class=steady lower_us=1425 n=35[0m
[0;32mI (45464) forensics: [HIST] fixture=14 class=steady lower_us=1450 n=37[0m
[0;32mI (45474) forensics: [HIST] fixture=14 class=steady lower_us=1475 n=31[0m
[0;32mI (45474) forensics: [HIST] fixture=14 class=steady lower_us=1500 n=52[0m
[0;32mI (45484) forensics: [HIST] fixture=14 class=steady lower_us=1525 n=93[0m
[0;32mI (45494) forensics: [HIST] fixture=14 class=steady lower_us=1550 n=62[0m
[0;32mI (45504) forensics: [HIST] fixture=14 class=steady lower_us=1575 n=34[0m
[0;32mI (45504) forensics: [HIST] fixture=14 class=steady lower_us=1600 n=56[0m
[0;32mI (45514) forensics: [HIST] fixture=14 class=steady lower_us=1625 n=67[0m
[0;32mI (45524) forensics: [HIST] fixture=14 class=steady lower_us=1650 n=85[0m
[0;32mI (45524) forensics: [HIST] fixture=14 class=steady lower_us=1675 n=109[0m
[0;32mI (45534) forensics: [HIST] fixture=14 class=steady lower_us=1700 n=64[0m
[0;32mI (45544) forensics: [HIST] fixture=14 class=steady lower_us=1725 n=49[0m
[0;32mI (45554) forensics: [HIST] fixture=14 class=steady lower_us=1750 n=52[0m
[0;32mI (45554) forensics: [HIST] fixture=14 class=steady lower_us=1775 n=67[0m
[0;32mI (45564) forensics: [HIST] fixture=14 class=steady lower_us=1800 n=97[0m
[0;32mI (45574) forensics: [HIST] fixture=14 class=steady lower_us=1825 n=185[0m
[0;32mI (45574) forensics: [HIST] fixture=14 class=steady lower_us=1850 n=126[0m
[0;32mI (45584) forensics: [HIST] fixture=14 class=steady lower_us=1875 n=105[0m
[0;32mI (45594) forensics: [HIST] fixture=14 class=steady lower_us=1900 n=57[0m
[0;32mI (45604) forensics: [HIST] fixture=14 class=steady lower_us=1925 n=60[0m
[0;32mI (45604) forensics: [HIST] fixture=14 class=steady lower_us=1950 n=30[0m
[0;32mI (45614) forensics: [HIST] fixture=14 class=steady lower_us=1975 n=41[0m
[0;32mI (45624) forensics: [HIST] fixture=14 class=steady lower_us=2000 n=22[0m
[0;32mI (45634) forensics: [HIST] fixture=14 class=steady lower_us=2025 n=12[0m
[0;32mI (45634) forensics: [HIST] fixture=14 class=steady lower_us=2050 n=10[0m
[0;32mI (45644) forensics: [HIST] fixture=14 class=steady lower_us=2075 n=22[0m
[0;32mI (45654) forensics: [HIST] fixture=14 class=steady lower_us=2100 n=21[0m
[0;32mI (45654) forensics: [HIST] fixture=14 class=steady lower_us=2125 n=13[0m
[0;32mI (45664) forensics: [HIST] fixture=14 class=steady lower_us=2150 n=4[0m
[0;32mI (45674) forensics: [HIST] fixture=14 class=steady lower_us=2225 n=1[0m
[0;32mI (45684) forensics: [CURVE] model=BELL fixture=14 voices=4 class=event n=44 avg_us=2171.58 p99_us=2725 max_us=2724 deadline=1 bad_voices=0 ble_lost=0 hard=0 sat=0[0m
[0;32mI (45694) forensics: [HIST] fixture=14 class=event lower_us=2000 n=1[0m
[0;32mI (45704) forensics: [HIST] fixture=14 class=event lower_us=2075 n=7[0m
[0;32mI (45704) forensics: [HIST] fixture=14 class=event lower_us=2100 n=12[0m
[0;32mI (45714) forensics: [HIST] fixture=14 class=event lower_us=2125 n=11[0m
[0;32mI (45724) forensics: [HIST] fixture=14 class=event lower_us=2150 n=6[0m
[0;32mI (45734) forensics: [HIST] fixture=14 class=event lower_us=2200 n=1[0m
[0;32mI (45734) forensics: [HIST] fixture=14 class=event lower_us=2225 n=1[0m
[0;32mI (45744) forensics: [HIST] fixture=14 class=event lower_us=2275 n=1[0m
[0;32mI (45754) forensics: [HIST] fixture=14 class=event lower_us=2475 n=1[0m
[0;32mI (45754) forensics: [HIST] fixture=14 class=event lower_us=2500 n=1[0m
[0;32mI (45764) forensics: [HIST] fixture=14 class=event lower_us=2625 n=1[0m
[0;32mI (45774) forensics: [HIST] fixture=14 class=event lower_us=2700 n=1[0m
[0;32mI (45904) pocket_pan_main: [AUDIO] model=PAN blocks=16872 avg_us=2984 p99_us=2150 max_us=5743 cpu_load=111.9 deadline=1281 timeout=0 tx_error=0 short=0[0m
[0;32mI (45904) pocket_pan_main: [MIDI] push=0 pop=0 drop=0 hwm=0 last=(n=62 v=0 t=78 hex=000000)[0m
[0;32mI (45914) pocket_pan_main: [BLE] state=8 interval_ms=11.25 latency=0 rssi=-60 reconnects=0 last_disconnect=0[0m
[0;32mI (45924) pocket_pan_main: [MEM] internal_free=105747 largest_internal=31744[0m
[0;32mI (50914) pocket_pan_main: [AUDIO] model=PAN blocks=18753 avg_us=2483 p99_us=3175 max_us=5743 cpu_load=93.1 deadline=1586 timeout=0 tx_error=0 short=0[0m
[0;32mI (50924) pocket_pan_main: [MIDI] push=0 pop=0 drop=0 hwm=0 last=(n=62 v=0 t=78 hex=000000)[0m
[0;32mI (50934) pocket_pan_main: [BLE] state=8 interval_ms=11.25 latency=0 rssi=-61 reconnects=0 last_disconnect=0[0m
[0;32mI (50944) pocket_pan_main: [MEM] internal_free=105747 largest_internal=31744[0m
[0;32mI (55924) pocket_pan_main: [AUDIO] model=PAN blocks=20631 avg_us=2484 p99_us=3175 max_us=5743 cpu_load=93.1 deadline=1886 timeout=0 tx_error=0 short=0[0m
[0;32mI (55934) pocket_pan_main: [MIDI] push=0 pop=0 drop=0 hwm=0 last=(n=62 v=0 t=78 hex=000000)[0m
[0;32mI (55934) pocket_pan_main: [BLE] state=8 interval_ms=11.25 latency=0 rssi=-61 reconnects=0 last_disconnect=0[0m
[0;32mI (55954) pocket_pan_main: [MEM] internal_free=105747 largest_internal=31744[0m
[0;32mI (60934) pocket_pan_main: [AUDIO] model=PAN blocks=22509 avg_us=2473 p99_us=3175 max_us=5743 cpu_load=92.7 deadline=2183 timeout=0 tx_error=0 short=0[0m
[0;32mI (60934) pocket_pan_main: [MIDI] push=0 pop=0 drop=0 hwm=0 last=(n=62 v=0 t=78 hex=000000)[0m
[0;32mI (60944) pocket_pan_main: [BLE] state=8 interval_ms=11.25 latency=0 rssi=-61 reconnects=0 last_disconnect=0[0m
[0;32mI (60954) pocket_pan_main: [MEM] internal_free=105747 largest_internal=31744[0m
[0;32mI (65944) pocket_pan_main: [AUDIO] model=PAN blocks=24389 avg_us=2498 p99_us=3175 max_us=5743 cpu_load=93.7 deadline=2484 timeout=0 tx_error=0 short=0[0m
[0;32mI (65954) pocket_pan_main: [MIDI] push=0 pop=0 drop=0 hwm=0 last=(n=62 v=0 t=78 hex=000000)[0m
[0;32mI (65964) pocket_pan_main: [BLE] state=8 interval_ms=11.25 latency=0 rssi=-60 reconnects=0 last_disconnect=0[0m
[0;32mI (65974) pocket_pan_main: [MEM] internal_free=105747 largest_internal=31744[0m
[0;32mI (67324) forensics: [CURVE] model=BELL fixture=13 voices=8 class=steady n=8148 avg_us=2479.02 p99_us=3425 max_us=3704 deadline=1317 bad_voices=0 ble_lost=0 hard=0 sat=0[0m
[0;32mI (67324) forensics: [HIST] fixture=13 class=steady lower_us=2325 n=2908[0m
[0;32mI (67334) forensics: [HIST] fixture=13 class=steady lower_us=2350 n=2427[0m
[0;32mI (67344) forensics: [HIST] fixture=13 class=steady lower_us=2375 n=831[0m
[0;32mI (67344) forensics: [HIST] fixture=13 class=steady lower_us=2400 n=281[0m
[0;32mI (67354) forensics: [HIST] fixture=13 class=steady lower_us=2425 n=119[0m
[0;32mI (67364) forensics: [HIST] fixture=13 class=steady lower_us=2450 n=44[0m
[0;32mI (67374) forensics: [HIST] fixture=13 class=steady lower_us=2475 n=15[0m
[0;32mI (67374) forensics: [HIST] fixture=13 class=steady lower_us=2500 n=10[0m
[0;32mI (67384) forensics: [HIST] fixture=13 class=steady lower_us=2525 n=4[0m
[0;32mI (67394) forensics: [HIST] fixture=13 class=steady lower_us=2550 n=5[0m
[0;32mI (67394) forensics: [HIST] fixture=13 class=steady lower_us=2575 n=42[0m
[0;32mI (67404) forensics: [HIST] fixture=13 class=steady lower_us=2600 n=68[0m
[0;32mI (67414) forensics: [HIST] fixture=13 class=steady lower_us=2625 n=53[0m
[0;32mI (67424) forensics: [HIST] fixture=13 class=steady lower_us=2650 n=29[0m
[0;32mI (67424) forensics: [HIST] fixture=13 class=steady lower_us=2675 n=19[0m
[0;32mI (67434) forensics: [HIST] fixture=13 class=steady lower_us=2700 n=29[0m
[0;32mI (67444) forensics: [HIST] fixture=13 class=steady lower_us=2725 n=50[0m
[0;32mI (67444) forensics: [HIST] fixture=13 class=steady lower_us=2750 n=32[0m
[0;32mI (67454) forensics: [HIST] fixture=13 class=steady lower_us=2775 n=17[0m
[0;32mI (67464) forensics: [HIST] fixture=13 class=steady lower_us=2800 n=63[0m
[0;32mI (67474) forensics: [HIST] fixture=13 class=steady lower_us=2825 n=34[0m
[0;32mI (67474) forensics: [HIST] fixture=13 class=steady lower_us=2850 n=11[0m
[0;32mI (67484) forensics: [HIST] fixture=13 class=steady lower_us=2875 n=9[0m
[0;32mI (67494) forensics: [HIST] fixture=13 class=steady lower_us=2900 n=49[0m
[0;32mI (67494) forensics: [HIST] fixture=13 class=steady lower_us=2925 n=68[0m
[0;32mI (67504) forensics: [HIST] fixture=13 class=steady lower_us=2950 n=79[0m
[0;32mI (67514) forensics: [HIST] fixture=13 class=steady lower_us=2975 n=103[0m
[0;32mI (67524) forensics: [HIST] fixture=13 class=steady lower_us=3000 n=118[0m
[0;32mI (67524) forensics: [HIST] fixture=13 class=steady lower_us=3025 n=59[0m
[0;32mI (67534) forensics: [HIST] fixture=13 class=steady lower_us=3050 n=12[0m
[0;32mI (67544) forensics: [HIST] fixture=13 class=steady lower_us=3075 n=36[0m
[0;32mI (67554) forensics: [HIST] fixture=13 class=steady lower_us=3100 n=46[0m
[0;32mI (67554) forensics: [HIST] fixture=13 class=steady lower_us=3125 n=34[0m
[0;32mI (67564) forensics: [HIST] fixture=13 class=steady lower_us=3150 n=18[0m
[0;32mI (67574) forensics: [HIST] fixture=13 class=steady lower_us=3175 n=19[0m
[0;32mI (67574) forensics: [HIST] fixture=13 class=steady lower_us=3200 n=53[0m
[0;32mI (67584) forensics: [HIST] fixture=13 class=steady lower_us=3225 n=59[0m
[0;32mI (67594) forensics: [HIST] fixture=13 class=steady lower_us=3250 n=45[0m
[0;32mI (67604) forensics: [HIST] fixture=13 class=steady lower_us=3275 n=9[0m
[0;32mI (67604) forensics: [HIST] fixture=13 class=steady lower_us=3300 n=11[0m
[0;32mI (67614) forensics: [HIST] fixture=13 class=steady lower_us=3325 n=41[0m
[0;32mI (67624) forensics: [HIST] fixture=13 class=steady lower_us=3350 n=51[0m
[0;32mI (67624) forensics: [HIST] fixture=13 class=steady lower_us=3375 n=50[0m
[0;32mI (67634) forensics: [HIST] fixture=13 class=steady lower_us=3400 n=48[0m
[0;32mI (67644) forensics: [HIST] fixture=13 class=steady lower_us=3425 n=19[0m
[0;32mI (67654) forensics: [HIST] fixture=13 class=steady lower_us=3450 n=8[0m
[0;32mI (67654) forensics: [HIST] fixture=13 class=steady lower_us=3475 n=2[0m
[0;32mI (67664) forensics: [HIST] fixture=13 class=steady lower_us=3500 n=4[0m
[0;32mI (67674) forensics: [HIST] fixture=13 class=steady lower_us=3525 n=1[0m
[0;32mI (67674) forensics: [HIST] fixture=13 class=steady lower_us=3550 n=2[0m
[0;32mI (67684) forensics: [HIST] fixture=13 class=steady lower_us=3575 n=1[0m
[0;32mI (67694) forensics: [HIST] fixture=13 class=steady lower_us=3625 n=1[0m
[0;32mI (67704) forensics: [HIST] fixture=13 class=steady lower_us=3675 n=1[0m
[0;32mI (67704) forensics: [HIST] fixture=13 class=steady lower_us=3700 n=1[0m
[0;32mI (67714) forensics: [CURVE] model=BELL fixture=13 voices=8 class=event n=44 avg_us=3826.22 p99_us=4850 max_us=4848 deadline=44 bad_voices=0 ble_lost=0 hard=0 sat=0[0m
[0;32mI (67734) forensics: [HIST] fixture=13 class=event lower_us=3525 n=11[0m
[0;32mI (67734) forensics: [HIST] fixture=13 class=event lower_us=3550 n=13[0m
[0;32mI (67744) forensics: [HIST] fixture=13 class=event lower_us=3575 n=6[0m
[0;32mI (67754) forensics: [HIST] fixture=13 class=event lower_us=3925 n=1[0m
[0;32mI (67754) forensics: [HIST] fixture=13 class=event lower_us=4050 n=1[0m
[0;32mI (67764) forensics: [HIST] fixture=13 class=event lower_us=4175 n=1[0m
[0;32mI (67774) forensics: [HIST] fixture=13 class=event lower_us=4250 n=1[0m
[0;32mI (67774) forensics: [HIST] fixture=13 class=event lower_us=4300 n=1[0m
[0;32mI (67784) forensics: [HIST] fixture=13 class=event lower_us=4325 n=1[0m
[0;32mI (67794) forensics: [HIST] fixture=13 class=event lower_us=4350 n=1[0m
[0;32mI (67804) forensics: [HIST] fixture=13 class=event lower_us=4375 n=1[0m
[0;32mI (67804) forensics: [HIST] fixture=13 class=event lower_us=4425 n=1[0m
[0;32mI (67814) forensics: [HIST] fixture=13 class=event lower_us=4450 n=1[0m
[0;32mI (67824) forensics: [HIST] fixture=13 class=event lower_us=4525 n=1[0m
[0;32mI (67824) forensics: [HIST] fixture=13 class=event lower_us=4725 n=1[0m
[0;32mI (67834) forensics: [HIST] fixture=13 class=event lower_us=4750 n=1[0m
[0;32mI (67844) forensics: [HIST] fixture=13 class=event lower_us=4825 n=1[0m
[0;32mI (70944) pocket_pan_main: [AUDIO] model=PAN blocks=26263 avg_us=7 p99_us=3175 max_us=5743 cpu_load=0.3 deadline=2573 timeout=0 tx_error=0 short=0[0m
[0;32mI (70944) pocket_pan_main: [MIDI] push=0 pop=0 drop=0 hwm=0 last=(n=62 v=0 t=78 hex=000000)[0m
[0;32mI (70954) pocket_pan_main: [BLE] state=8 interval_ms=11.25 latency=0 rssi=-57 reconnects=0 last_disconnect=0[0m
[0;32mI (70964) pocket_pan_main: [MEM] internal_free=105747 largest_internal=31744[0m
