[0;32mI (122) esp_image: segment 1: paddr=0002ee4c vaddr=3fc9a6[0;32mI (668) esp_psram: SPI SRAM memory test OK[0m
[0;32mI (677) cpu_start: Pro cpu start user code[0m
[0;32mI (677) cpu_start: cpu freq: 240000000 Hz[0m
[0;32mI (677) app_init: Application information:[0m
[0;32mI (680) app_init: Project name:     pocket_pan[0m
[0;32mI (685) app_init: App version:      01699bc[0m
[0;32mI (690) app_init: Compile time:     Sep 25 2026 23:59:16[0m
[0;32mI (696) app_init: ELF file SHA256:  fd33e040d...[0m
[0;32mI (701) app_init: ESP-IDF:          v5.3-dirty[0m
[0;32mI (706) efuse_init: Min chip rev:     v0.0[0m
[0;32mI (711) efuse_init: Max chip rev:     v0.99 [0m
[0;32mI (716) efuse_init: Chip rev:         v0.2[0m
[0;32mI (721) heap_init: Initializing. RAM available for dynamic allocation:[0m
[0;32mI (728) heap_init: At 3FCB7108 len 00032608 (201 KiB): RAM[0m
[0;32mI (734) heap_init: At 3FCE9710 len 00005724 (21 KiB): RAM[0m
[0;32mI (740) heap_init: At 3FCF0000 len 00008000 (32 KiB): DRAM[0m
[0;32mI (746) heap_init: At 600FE100 len 00001EE8 (7 KiB): RTCRAM[0m
[0;32mI (753) esp_psram: Adding pool of 2048K of PSRAM memory to heap allocator[0m
[0;32mI (761) spi_flash: detected chip: generic[0m
[0;32mI (765) spi_flash: flash io: dio[0m
[0;32mI (769) sleep: Configure to isolate all GPIO pins in sleep state[0m
[0;32mI (776) sleep: Enable automatic switching of GPIO sleep configuration[0m
[0;32mI (783) coexist: coex firmware version: dab85ae96[0m
[0;32mI (788) coexist: coexist rom version e7ae62f[0m
[0;32mI (793) main_task: Started on CPU0[0m
[0;32mI (803) esp_psram: Reserving pool of 32K of internal memory for DMA/internal allocations[0m
[0;32mI (803) main_task: Calling app_main()[0m
[0;32mI (813) pocket_pan_main: ===============================================[0m
[0;32mI (813) pocket_pan_main:   Pocket Pan / Metal Modal Synthesizer v1.0.0[0m
[0;32mI (823) pocket_pan_main:   Hardware: TENSTAR TS-ESP32-S3 (Feather TFT)[0m
[0;32mI (833) pocket_pan_main: ===============================================[0m
[0;32mI (843) pocket_pan_main: [FORENSICS] candidate=2 profile=0 cpu_mhz=240 optimization_perf=1[0m
[0;32mI (853) gpio: GPIO[10]| InputEn: 0| OutputEn: 1| OpenDrain: 0| Pullup: 0| Pulldown: 1| Intr:0 [0m
[0;32mI (863) AudioI2S: I2S TX initialized (48kHz, 32-bit slot, stereo, 6x128 frames DMA = 1024 bytes/buf)[0m
[0;32mI (873) AudioI2S: Audio task started on Core 0 at priority 12[0m
[0;32mI (873) BLE_INIT: BT controller compile version [ba3b3e3][0m
[0;32mI (883) BLE_INIT: Bluetooth MAC: b4:3a:45:ae:6f:2a[0m
[0;32mI (883) phy_init: phy_version 680,a6008b2,Jun  4 2024,16:41:10[0m
[0;32mI (923) BleMidi: NimBLE BLE MIDI Central initialized and pinned to Core 1[0m
[0;32mI (923) BleMidi: NimBLE Host task running on Core 1[0m
[0;32mI (923) gpio: GPIO[39]| InputEn: 0| OutputEn: 1| OpenDrain: 0| Pullup: 0| Pulldown: 0| Intr:0 [0m
[0;32mI (933) NimBLE: Failed to restore IRKs from store; status=8
[0m
[0;32mI (943) gpio: GPIO[40]| InputEn: 0| OutputEn: 1| OpenDrain: 0| Pullup: 0| Pulldown: 0| Intr:0 [0m
[0;32mI (943) NimBLE: GAP procedure initiated: discovery; [0m
[0;32mI (953) gpio: GPIO[21]| InputEn: 0| OutputEn: 1| OpenDrain: 0| Pullup: 0| Pulldown: 0| Intr:0 [0m
[0;32mI (963) NimBLE: own_addr_type=0 filter_policy=0 passive=0 limited=0 filter_duplicates=1 [0m
[0;32mI (973) NimBLE: duration=forever[0m
[0;32mI (983) NimBLE: 
[0m
[0;32mI (983) BleMidi: Scanning for BLE MIDI devices...[0m
[0;32mI (1113) BleMidi: BLE MIDI device found (59:FB:B6:B7:BF:0F); connecting[0m
[0;32mI (1113) NimBLE: GAP procedure initiated: connect; [0m
[0;32mI (1113) NimBLE: peer_addr_type=0 peer_addr=[0m
[0;32mI (1123) NimBLE: 59:fb:b6:b7:bf:0f[0m
[0;32mI (1123) NimBLE:  scan_itvl=16 scan_window=16 itvl_min=24 itvl_max=40 latency=0 supervision_timeout=256 min_ce_len=0 max_ce_len=0 own_addr_type=0[0m
[0;32mI (1133) NimBLE: 
[0m
[0;32mI (1193) gpio: GPIO[45]| InputEn: 0| OutputEn: 1| OpenDrain: 0| Pullup: 0| Pulldown: 0| Intr:0 [0m
[0;32mI (1193) Display: ST7789 240x135 display initialized successfully[0m
[0;32mI (1193) pocket_pan_main: Pocket Pan initialization complete. Realtime audio active.[0m
[0;32mI (1193) gpio: GPIO[0]| InputEn: 1| OutputEn: 0| OpenDrain: 0| Pullup: 1| Pulldown: 0| Intr:0 [0m
[0;32mI (1203) main_task: Returned from app_main()[0m
[0;32mI (1223) BleMidi: BLE Connected! conn_handle=1[0m
[0;32mI (1223) NimBLE: GAP procedure initiated: [0m
[0;32mI (1223) NimBLE: connection parameter update; conn_handle=1 itvl_min=6 itvl_max=12 latency=0 supervision_timeout=200 min_ce_len=0 max_ce_len=0[0m
[0;32mI (1243) NimBLE: 
[0m
[0;32mI (1243) BleMidi: Requested connection params 7.5-15ms latency=0 timeout=2s rc=0[0m
[0;32mI (1253) NimBLE: GATT procedure initiated: discover all services
[0m
[0;32mI (1633) BleMidi: Found BLE MIDI Service! start_handle=112 end_handle=115[0m
[0;32mI (1633) NimBLE: GATT procedure initiated: discover all characteristics; [0m
[0;32mI (1633) NimBLE: start_handle=112 end_handle=115
[0m
[0;32mI (1733) BleMidi: Found BLE MIDI Characteristic! def_handle=113 val_handle=114 props=0x16[0m
[0;32mI (1733) NimBLE: GATT procedure initiated: discover all descriptors; [0m
[0;32mI (1733) NimBLE: chr_val_handle=114 end_handle=115
[0m
[0;32mI (1793) BleMidi: Negotiated params interval=7.50ms latency=0 timeout=2000ms[0m
[0;32mI (1803) BleMidi: Discovered CCCD (0x2902) handle=115[0m
[0;32mI (1803) NimBLE: GATT procedure initiated: write; [0m
[0;32mI (1803) NimBLE: att_handle=115 len=2
[0m
[0;32mI (1823) BleMidi: CCCD subscription successful; BLE MIDI ready[0m
[0;32mI (1823) NimBLE: GAP procedure initiated: [0m
[0;32mI (1823) NimBLE: connection parameter update; conn_handle=1 itvl_min=6 itvl_max=9 latency=0 supervision_timeout=100 min_ce_len=0 max_ce_len=0[0m
[0;32mI (1833) NimBLE: 
[0m
[0;32mI (1913) BleMidi: Negotiated params interval=11.25ms latency=0 timeout=1000ms[0m
[0;32mI (5803) pocket_pan_main: [AUDIO] model=PAN blocks=1851 avg_us=2338 p99_us=0 max_us=5869 cpu_load=87.7 deadline=176 timeout=0 tx_error=0 short=0[0m
[0;32mI (5813) pocket_pan_main: [MIDI] push=0 pop=0 drop=0 hwm=0 last=(n=62 v=0 t=78 hex=000000)[0m
[0;32mI (5823) pocket_pan_main: [BLE] state=8 interval_ms=11.25 latency=0 rssi=-60 reconnects=0 last_disconnect=0[0m
[0;32mI (5833) pocket_pan_main: [MEM] internal_free=104755 largest_internal=31744[0m
[0;32mI (10813) pocket_pan_main: [AUDIO] model=PAN blocks=3729 avg_us=2330 p99_us=3150 max_us=5869 cpu_load=87.4 deadline=414 timeout=0 tx_error=0 short=0[0m
[0;32mI (10823) pocket_pan_main: [MIDI] push=0 pop=0 drop=0 hwm=0 last=(n=62 v=0 t=78 hex=000000)[0m
[0;32mI (10833) pocket_pan_main: [BLE] state=8 interval_ms=11.25 latency=0 rssi=-59 reconnects=0 last_disconnect=0[0m
[0;32mI (10843) pocket_pan_main: [MEM] internal_free=104755 largest_internal=31744[0m
[0;32mI (15823) pocket_pan_main: [AUDIO] model=PAN blocks=5607 avg_us=2355 p99_us=3175 max_us=5869 cpu_load=88.3 deadline=659 timeout=0 tx_error=0 short=0[0m
[0;32mI (15823) pocket_pan_main: [MIDI] push=0 pop=0 drop=0 hwm=0 last=(n=62 v=0 t=78 hex=000000)[0m
[0;32mI (15833) pocket_pan_main: [BLE] state=8 interval_ms=11.25 latency=0 rssi=-60 reconnects=0 last_disconnect=0[0m
[0;32mI (15843) pocket_pan_main: [MEM] internal_free=104755 largest_internal=31744[0m
[0;32mI (20833) pocket_pan_main: [AUDIO] model=PAN blocks=7487 avg_us=2356 p99_us=3175 max_us=5869 cpu_load=88.3 deadline=899 timeout=0 tx_error=0 short=0[0m
[0;32mI (20843) pocket_pan_main: [MIDI] push=0 pop=0 drop=0 hwm=0 last=(n=62 v=0 t=78 hex=000000)[0m
[0;32mI (20853) pocket_pan_main: [BLE] state=8 interval_ms=11.25 latency=0 rssi=-60 reconnects=0 last_disconnect=0[0m
[0;32mI (20863) pocket_pan_main: [MEM] internal_free=104755 largest_internal=31744[0m
[0;32mI (23713) forensics: [CURVE] model=PAN fixture=5 voices=8 class=steady n=8148 avg_us=2324.74 p99_us=3125 max_us=3462 deadline=926 bad_voices=0 ble_lost=0 hard=0 sat=0[0m
[0;32mI (23723) forensics: [HIST] fixture=5 class=steady lower_us=2200 n=4129[0m
[0;32mI (23723) forensics: [HIST] fixture=5 class=steady lower_us=2225 n=1644[0m
[0;32mI (23733) forensics: [HIST] fixture=5 class=steady lower_us=2250 n=273[0m
[0;32mI (23743) forensics: [HIST] fixture=5 class=steady lower_us=2275 n=315[0m
[0;32mI (23743) forensics: [HIST] fixture=5 class=steady lower_us=2300 n=245[0m
[0;32mI (23753) forensics: [HIST] fixture=5 class=steady lower_us=2325 n=94[0m
[0;32mI (23763) forensics: [HIST] fixture=5 class=steady lower_us=2350 n=28[0m
[0;32mI (23773) forensics: [HIST] fixture=5 class=steady lower_us=2375 n=19[0m
[0;32mI (23773) forensics: [HIST] fixture=5 class=steady lower_us=2400 n=48[0m
[0;32mI (23783) forensics: [HIST] fixture=5 class=steady lower_us=2425 n=81[0m
[0;32mI (23793) forensics: [HIST] fixture=5 class=steady lower_us=2450 n=32[0m
[0;32mI (23793) forensics: [HIST] fixture=5 class=steady lower_us=2475 n=28[0m
[0;32mI (23803) forensics: [HIST] fixture=5 class=steady lower_us=2500 n=28[0m
[0;32mI (23813) forensics: [HIST] fixture=5 class=steady lower_us=2525 n=51[0m
[0;32mI (23823) forensics: [HIST] fixture=5 class=steady lower_us=2550 n=40[0m
[0;32mI (23823) forensics: [HIST] fixture=5 class=steady lower_us=2575 n=53[0m
[0;32mI (23833) forensics: [HIST] fixture=5 class=steady lower_us=2600 n=34[0m
[0;32mI (23843) forensics: [HIST] fixture=5 class=steady lower_us=2625 n=48[0m
[0;32mI (23843) forensics: [HIST] fixture=5 class=steady lower_us=2650 n=41[0m
[0;32mI (23853) forensics: [HIST] fixture=5 class=steady lower_us=2675 n=35[0m
[0;32mI (23863) forensics: [HIST] fixture=5 class=steady lower_us=2700 n=58[0m
[0;32mI (23873) forensics: [HIST] fixture=5 class=steady lower_us=2725 n=36[0m
[0;32mI (23873) forensics: [HIST] fixture=5 class=steady lower_us=2750 n=27[0m
[0;32mI (23883) forensics: [HIST] fixture=5 class=steady lower_us=2775 n=75[0m
[0;32mI (23893) forensics: [HIST] fixture=5 class=steady lower_us=2800 n=39[0m
[0;32mI (23893) forensics: [HIST] fixture=5 class=steady lower_us=2825 n=22[0m
[0;32mI (23903) forensics: [HIST] fixture=5 class=steady lower_us=2850 n=61[0m
[0;32mI (23913) forensics: [HIST] fixture=5 class=steady lower_us=2875 n=79[0m
[0;32mI (23923) forensics: [HIST] fixture=5 class=steady lower_us=2900 n=35[0m
[0;32mI (23923) forensics: [HIST] fixture=5 class=steady lower_us=2925 n=38[0m
[0;32mI (23933) forensics: [HIST] fixture=5 class=steady lower_us=2950 n=26[0m
[0;32mI (23943) forensics: [HIST] fixture=5 class=steady lower_us=2975 n=37[0m
[0;32mI (23943) forensics: [HIST] fixture=5 class=steady lower_us=3000 n=32[0m
[0;32mI (23953) forensics: [HIST] fixture=5 class=steady lower_us=3025 n=63[0m
[0;32mI (23963) forensics: [HIST] fixture=5 class=steady lower_us=3050 n=79[0m
[0;32mI (23973) forensics: [HIST] fixture=5 class=steady lower_us=3075 n=75[0m
[0;32mI (23973) forensics: [HIST] fixture=5 class=steady lower_us=3100 n=49[0m
[0;32mI (23983) forensics: [HIST] fixture=5 class=steady lower_us=3125 n=20[0m
[0;32mI (23993) forensics: [HIST] fixture=5 class=steady lower_us=3150 n=10[0m
[0;32mI (23993) forensics: [HIST] fixture=5 class=steady lower_us=3175 n=10[0m
[0;32mI (24003) forensics: [HIST] fixture=5 class=steady lower_us=3200 n=2[0m
[0;32mI (24013) forensics: [HIST] fixture=5 class=steady lower_us=3300 n=2[0m
[0;32mI (24013) forensics: [HIST] fixture=5 class=steady lower_us=3325 n=1[0m
[0;32mI (24023) forensics: [HIST] fixture=5 class=steady lower_us=3350 n=2[0m
[0;32mI (24033) forensics: [HIST] fixture=5 class=steady lower_us=3375 n=1[0m
[0;32mI (24043) forensics: [HIST] fixture=5 class=steady lower_us=3425 n=1[0m
[0;32mI (24043) forensics: [HIST] fixture=5 class=steady lower_us=3450 n=2[0m
[0;32mI (24053) forensics: [CURVE] model=PAN fixture=5 voices=8 class=event n=44 avg_us=3614.46 p99_us=4700 max_us=4688 deadline=44 bad_voices=0 ble_lost=0 hard=0 sat=0[0m
[0;32mI (24073) forensics: [HIST] fixture=5 class=event lower_us=3400 n=1[0m
[0;32mI (24073) forensics: [HIST] fixture=5 class=event lower_us=3425 n=8[0m
[0;32mI (24083) forensics: [HIST] fixture=5 class=event lower_us=3450 n=14[0m
[0;32mI (24093) forensics: [HIST] fixture=5 class=event lower_us=3475 n=9[0m
[0;32mI (24093) forensics: [HIST] fixture=5 class=event lower_us=3500 n=3[0m
[0;32mI (24103) forensics: [HIST] fixture=5 class=event lower_us=3575 n=1[0m
[0;32mI (24113) forensics: [HIST] fixture=5 class=event lower_us=3700 n=1[0m
[0;32mI (24113) forensics: [HIST] fixture=5 class=event lower_us=3975 n=1[0m
[0;32mI (24123) forensics: [HIST] fixture=5 class=event lower_us=4100 n=1[0m
[0;32mI (24133) forensics: [HIST] fixture=5 class=event lower_us=4225 n=1[0m
[0;32mI (24133) forensics: [HIST] fixture=5 class=event lower_us=4250 n=1[0m
[0;32mI (24143) forensics: [HIST] fixture=5 class=event lower_us=4550 n=1[0m
[0;32mI (24153) forensics: [HIST] fixture=5 class=event lower_us=4575 n=1[0m
[0;32mI (24163) forensics: [HIST] fixture=5 class=event lower_us=4675 n=1[0m
[0;32mI (25853) pocket_pan_main: [AUDIO] model=PAN blocks=9369 avg_us=1399 p99_us=3175 max_us=5869 cpu_load=52.5 deadline=1044 timeout=0 tx_error=0 short=0[0m
[0;32mI (25863) pocket_pan_main: [MIDI] push=0 pop=0 drop=0 hwm=0 last=(n=62 v=0 t=78 hex=000000)[0m
[0;32mI (25873) pocket_pan_main: [BLE] state=8 interval_ms=11.25 latency=0 rssi=-57 reconnects=0 last_disconnect=0[0m
[0;32mI (25883) pocket_pan_main: [MEM] internal_free=104755 largest_internal=31744[0m
[0;32mI (30863) pocket_pan_main: [AUDIO] model=PAN blocks=11247 avg_us=1409 p99_us=3050 max_us=5869 cpu_load=52.8 deadline=1047 timeout=0 tx_error=0 short=0[0m
[0;32mI (30863) pocket_pan_main: [MIDI] push=0 pop=0 drop=0 hwm=0 last=(n=62 v=0 t=78 hex=000000)[0m
[0;32mI (30873) pocket_pan_main: [BLE] state=8 interval_ms=11.25 latency=0 rssi=-60 reconnects=0 last_disconnect=0[0m
[0;32mI (30883) pocket_pan_main: [MEM] internal_free=104755 largest_internal=31744[0m
[0;32mI (35873) pocket_pan_main: [AUDIO] model=PAN blocks=13127 avg_us=1410 p99_us=1975 max_us=5869 cpu_load=52.9 deadline=1048 timeout=0 tx_error=0 short=0[0m
[0;32mI (35883) pocket_pan_main: [MIDI] push=0 pop=0 drop=0 hwm=0 last=(n=62 v=0 t=78 hex=000000)[0m
[0;32mI (35893) pocket_pan_main: [BLE] state=8 interval_ms=11.25 latency=0 rssi=-60 reconnects=0 last_disconnect=0[0m
[0;32mI (35903) pocket_pan_main: [MEM] internal_free=104755 largest_internal=31744[0m
[0;32mI (40883) pocket_pan_main: [AUDIO] model=PAN blocks=15006 avg_us=1406 p99_us=1950 max_us=5869 cpu_load=52.7 deadline=1050 timeout=0 tx_error=0 short=0[0m
[0;32mI (40893) pocket_pan_main: [MIDI] push=0 pop=0 drop=0 hwm=0 last=(n=62 v=0 t=78 hex=000000)[0m
[0;32mI (40903) pocket_pan_main: [BLE] state=8 interval_ms=11.25 latency=0 rssi=-60 reconnects=0 last_disconnect=0[0m
[0;32mI (40913) pocket_pan_main: [MEM] internal_free=104755 largest_internal=31744[0m
[0;32mI (45533) forensics: [CURVE] model=BELL fixture=14 voices=4 class=steady n=8148 avg_us=1396.11 p99_us=1900 max_us=2069 deadline=0 bad_voices=0 ble_lost=0 hard=0 sat=0[0m
[0;32mI (45533) forensics: [HIST] fixture=14 class=steady lower_us=1300 n=3801[0m
[0;32mI (45543) forensics: [HIST] fixture=14 class=steady lower_us=1325 n=2285[0m
[0;32mI (45553) forensics: [HIST] fixture=14 class=steady lower_us=1350 n=346[0m
[0;32mI (45553) forensics: [HIST] fixture=14 class=steady lower_us=1375 n=147[0m
[0;32mI (45563) forensics: [HIST] fixture=14 class=steady lower_us=1400 n=126[0m
[0;32mI (45573) forensics: [HIST] fixture=14 class=steady lower_us=1425 n=64[0m
[0;32mI (45583) forensics: [HIST] fixture=14 class=steady lower_us=1450 n=35[0m
[0;32mI (45583) forensics: [HIST] fixture=14 class=steady lower_us=1475 n=30[0m
[0;32mI (45593) forensics: [HIST] fixture=14 class=steady lower_us=1500 n=54[0m
[0;32mI (45603) forensics: [HIST] fixture=14 class=steady lower_us=1525 n=28[0m
[0;32mI (45603) forensics: [HIST] fixture=14 class=steady lower_us=1550 n=8[0m
[0;32mI (45613) forensics: [HIST] fixture=14 class=steady lower_us=1575 n=14[0m
[0;32mI (45623) forensics: [HIST] fixture=14 class=steady lower_us=1600 n=71[0m
[0;32mI (45633) forensics: [HIST] fixture=14 class=steady lower_us=1625 n=111[0m
[0;32mI (45633) forensics: [HIST] fixture=14 class=steady lower_us=1650 n=101[0m
[0;32mI (45643) forensics: [HIST] fixture=14 class=steady lower_us=1675 n=115[0m
[0;32mI (45653) forensics: [HIST] fixture=14 class=steady lower_us=1700 n=43[0m
[0;32mI (45663) forensics: [HIST] fixture=14 class=steady lower_us=1725 n=71[0m
[0;32mI (45663) forensics: [HIST] fixture=14 class=steady lower_us=1750 n=110[0m
[0;32mI (45673) forensics: [HIST] fixture=14 class=steady lower_us=1775 n=118[0m
[0;32mI (45683) forensics: [HIST] fixture=14 class=steady lower_us=1800 n=146[0m
[0;32mI (45683) forensics: [HIST] fixture=14 class=steady lower_us=1825 n=100[0m
[0;32mI (45693) forensics: [HIST] fixture=14 class=steady lower_us=1850 n=105[0m
[0;32mI (45703) forensics: [HIST] fixture=14 class=steady lower_us=1875 n=56[0m
[0;32mI (45713) forensics: [HIST] fixture=14 class=steady lower_us=1900 n=32[0m
[0;32mI (45713) forensics: [HIST] fixture=14 class=steady lower_us=1925 n=11[0m
[0;32mI (45723) forensics: [HIST] fixture=14 class=steady lower_us=1950 n=10[0m
[0;32mI (45733) forensics: [HIST] fixture=14 class=steady lower_us=1975 n=1[0m
[0;32mI (45743) forensics: [HIST] fixture=14 class=steady lower_us=2000 n=3[0m
[0;32mI (45743) forensics: [HIST] fixture=14 class=steady lower_us=2025 n=3[0m
[0;32mI (45753) forensics: [HIST] fixture=14 class=steady lower_us=2050 n=3[0m
[0;32mI (45763) forensics: [CURVE] model=BELL fixture=14 voices=4 class=event n=44 avg_us=2326.95 p99_us=3000 max_us=2997 deadline=7 bad_voices=0 ble_lost=0 hard=0 sat=0[0m
[0;32mI (45773) forensics: [HIST] fixture=14 class=event lower_us=2025 n=1[0m
[0;32mI (45783) forensics: [HIST] fixture=14 class=event lower_us=2175 n=12[0m
[0;32mI (45793) forensics: [HIST] fixture=14 class=event lower_us=2200 n=16[0m
[0;32mI (45793) forensics: [HIST] fixture=14 class=event lower_us=2225 n=3[0m
[0;32mI (45803) forensics: [HIST] fixture=14 class=event lower_us=2300 n=2[0m
[0;32mI (45813) forensics: [HIST] fixture=14 class=event lower_us=2400 n=1[0m
[0;32mI (45813) forensics: [HIST] fixture=14 class=event lower_us=2475 n=1[0m
[0;32mI (45823) forensics: [HIST] fixture=14 class=event lower_us=2600 n=1[0m
[0;32mI (45833) forensics: [HIST] fixture=14 class=event lower_us=2700 n=2[0m
[0;32mI (45843) forensics: [HIST] fixture=14 class=event lower_us=2800 n=1[0m
[0;32mI (45843) forensics: [HIST] fixture=14 class=event lower_us=2850 n=1[0m
[0;32mI (45853) forensics: [HIST] fixture=14 class=event lower_us=2900 n=2[0m
[0;32mI (45863) forensics: [HIST] fixture=14 class=event lower_us=2975 n=1[0m
[0;32mI (45903) pocket_pan_main: [AUDIO] model=PAN blocks=16873 avg_us=2254 p99_us=1950 max_us=5869 cpu_load=84.5 deadline=1163 timeout=0 tx_error=0 short=0[0m
[0;32mI (45913) pocket_pan_main: [MIDI] push=0 pop=0 drop=0 hwm=0 last=(n=62 v=0 t=78 hex=000000)[0m
[0;32mI (45913) pocket_pan_main: [BLE] state=8 interval_ms=11.25 latency=0 rssi=-60 reconnects=0 last_disconnect=0[0m
[0;32mI (45933) pocket_pan_main: [MEM] internal_free=104755 largest_internal=31744[0m
[0;32mI (50913) pocket_pan_main: [AUDIO] model=PAN blocks=18754 avg_us=2479 p99_us=3175 max_us=5869 cpu_load=93.0 deadline=1438 timeout=0 tx_error=0 short=0[0m
[0;32mI (50913) pocket_pan_main: [MIDI] push=0 pop=0 drop=0 hwm=0 last=(n=62 v=0 t=78 hex=000000)[0m
[0;32mI (50923) pocket_pan_main: [BLE] state=8 interval_ms=11.25 latency=0 rssi=-59 reconnects=0 last_disconnect=0[0m
[0;32mI (50933) pocket_pan_main: [MEM] internal_free=104755 largest_internal=31744[0m
[0;32mI (55923) pocket_pan_main: [AUDIO] model=PAN blocks=20635 avg_us=2475 p99_us=3175 max_us=5869 cpu_load=92.8 deadline=1715 timeout=0 tx_error=0 short=0[0m
[0;32mI (55933) pocket_pan_main: [MIDI] push=0 pop=0 drop=0 hwm=0 last=(n=62 v=0 t=78 hex=000000)[0m
[0;32mI (55943) pocket_pan_main: [BLE] state=8 interval_ms=11.25 latency=0 rssi=-61 reconnects=0 last_disconnect=0[0m
[0;32mI (55953) pocket_pan_main: [MEM] internal_free=104755 largest_internal=31744[0m
[0;32mI (60933) pocket_pan_main: [AUDIO] model=PAN blocks=22513 avg_us=2451 p99_us=3175 max_us=5869 cpu_load=91.9 deadline=2000 timeout=0 tx_error=0 short=0[0m
[0;32mI (60943) pocket_pan_main: [MIDI] push=0 pop=0 drop=0 hwm=0 last=(n=62 v=0 t=78 hex=000000)[0m
[0;32mI (60943) pocket_pan_main: [BLE] state=8 interval_ms=11.25 latency=0 rssi=-57 reconnects=0 last_disconnect=0[0m
[0;32mI (60963) pocket_pan_main: [MEM] internal_free=104755 largest_internal=31744[0m
[0;32mI (65943) pocket_pan_main: [AUDIO] model=PAN blocks=24390 avg_us=2474 p99_us=3175 max_us=5869 cpu_load=92.8 deadline=2278 timeout=0 tx_error=0 short=0[0m
[0;32mI (65943) pocket_pan_main: [MIDI] push=0 pop=0 drop=0 hwm=0 last=(n=62 v=0 t=78 hex=000000)[0m
[0;32mI (65953) pocket_pan_main: [BLE] state=8 interval_ms=11.25 latency=0 rssi=-59 reconnects=0 last_disconnect=0[0m
[0;32mI (65963) pocket_pan_main: [MEM] internal_free=104755 largest_internal=31744[0m
[0;32mI (67413) forensics: [CURVE] model=BELL fixture=13 voices=8 class=steady n=8148 avg_us=2458.42 p99_us=3300 max_us=3634 deadline=1225 bad_voices=0 ble_lost=0 hard=0 sat=0[0m
[0;32mI (67413) forensics: [HIST] fixture=13 class=steady lower_us=2325 n=3386[0m
[0;32mI (67423) forensics: [HIST] fixture=13 class=steady lower_us=2350 n=2505[0m
[0;32mI (67433) forensics: [HIST] fixture=13 class=steady lower_us=2375 n=637[0m
[0;32mI (67443) forensics: [HIST] fixture=13 class=steady lower_us=2400 n=57[0m
[0;32mI (67443) forensics: [HIST] fixture=13 class=steady lower_us=2425 n=16[0m
[0;32mI (67453) forensics: [HIST] fixture=13 class=steady lower_us=2450 n=32[0m
[0;32mI (67463) forensics: [HIST] fixture=13 class=steady lower_us=2475 n=37[0m
[0;32mI (67463) forensics: [HIST] fixture=13 class=steady lower_us=2500 n=33[0m
[0;32mI (67473) forensics: [HIST] fixture=13 class=steady lower_us=2525 n=41[0m
[0;32mI (67483) forensics: [HIST] fixture=13 class=steady lower_us=2550 n=49[0m
[0;32mI (67493) forensics: [HIST] fixture=13 class=steady lower_us=2575 n=52[0m
[0;32mI (67493) forensics: [HIST] fixture=13 class=steady lower_us=2600 n=15[0m
[0;32mI (67503) forensics: [HIST] fixture=13 class=steady lower_us=2625 n=26[0m
[0;32mI (67513) forensics: [HIST] fixture=13 class=steady lower_us=2650 n=55[0m
[0;32mI (67523) forensics: [HIST] fixture=13 class=steady lower_us=2675 n=40[0m
[0;32mI (67523) forensics: [HIST] fixture=13 class=steady lower_us=2700 n=44[0m
[0;32mI (67533) forensics: [HIST] fixture=13 class=steady lower_us=2725 n=7[0m
[0;32mI (67543) forensics: [HIST] fixture=13 class=steady lower_us=2750 n=21[0m
[0;32mI (67543) forensics: [HIST] fixture=13 class=steady lower_us=2775 n=53[0m
[0;32mI (67553) forensics: [HIST] fixture=13 class=steady lower_us=2800 n=81[0m
[0;32mI (67563) forensics: [HIST] fixture=13 class=steady lower_us=2825 n=39[0m
[0;32mI (67573) forensics: [HIST] fixture=13 class=steady lower_us=2850 n=33[0m
[0;32mI (67573) forensics: [HIST] fixture=13 class=steady lower_us=2875 n=35[0m
[0;32mI (67583) forensics: [HIST] fixture=13 class=steady lower_us=2900 n=29[0m
[0;32mI (67593) forensics: [HIST] fixture=13 class=steady lower_us=2925 n=66[0m
[0;32mI (67593) forensics: [HIST] fixture=13 class=steady lower_us=2950 n=75[0m
[0;32mI (67603) forensics: [HIST] fixture=13 class=steady lower_us=2975 n=116[0m
[0;32mI (67613) forensics: [HIST] fixture=13 class=steady lower_us=3000 n=62[0m
[0;32mI (67623) forensics: [HIST] fixture=13 class=steady lower_us=3025 n=20[0m
[0;32mI (67623) forensics: [HIST] fixture=13 class=steady lower_us=3050 n=37[0m
[0;32mI (67633) forensics: [HIST] fixture=13 class=steady lower_us=3075 n=71[0m
[0;32mI (67643) forensics: [HIST] fixture=13 class=steady lower_us=3100 n=53[0m
[0;32mI (67643) forensics: [HIST] fixture=13 class=steady lower_us=3125 n=15[0m
[0;32mI (67653) forensics: [HIST] fixture=13 class=steady lower_us=3150 n=13[0m
[0;32mI (67663) forensics: [HIST] fixture=13 class=steady lower_us=3175 n=47[0m
[0;32mI (67673) forensics: [HIST] fixture=13 class=steady lower_us=3200 n=58[0m
[0;32mI (67673) forensics: [HIST] fixture=13 class=steady lower_us=3225 n=45[0m
[0;32mI (67683) forensics: [HIST] fixture=13 class=steady lower_us=3250 n=42[0m
[0;32mI (67693) forensics: [HIST] fixture=13 class=steady lower_us=3275 n=48[0m
[0;32mI (67703) forensics: [HIST] fixture=13 class=steady lower_us=3300 n=32[0m
[0;32mI (67703) forensics: [HIST] fixture=13 class=steady lower_us=3325 n=12[0m
[0;32mI (67713) forensics: [HIST] fixture=13 class=steady lower_us=3350 n=3[0m
[0;32mI (67723) forensics: [HIST] fixture=13 class=steady lower_us=3375 n=4[0m
[0;32mI (67723) forensics: [HIST] fixture=13 class=steady lower_us=3400 n=1[0m
[0;32mI (67733) forensics: [HIST] fixture=13 class=steady lower_us=3450 n=1[0m
[0;32mI (67743) forensics: [HIST] fixture=13 class=steady lower_us=3475 n=1[0m
[0;32mI (67753) forensics: [HIST] fixture=13 class=steady lower_us=3525 n=2[0m
[0;32mI (67753) forensics: [HIST] fixture=13 class=steady lower_us=3625 n=1[0m
[0;32mI (67763) forensics: [CURVE] model=BELL fixture=13 voices=8 class=event n=44 avg_us=3859.89 p99_us=4850 max_us=4844 deadline=44 bad_voices=0 ble_lost=0 hard=0 sat=0[0m
[0;32mI (67773) forensics: [HIST] fixture=13 class=event lower_us=3600 n=3[0m
[0;32mI (67783) forensics: [HIST] fixture=13 class=event lower_us=3625 n=12[0m
[0;32mI (67793) forensics: [HIST] fixture=13 class=event lower_us=3650 n=11[0m
[0;32mI (67803) forensics: [HIST] fixture=13 class=event lower_us=3675 n=5[0m
[0;32mI (67803) forensics: [HIST] fixture=13 class=event lower_us=3850 n=1[0m
[0;32mI (67813) forensics: [HIST] fixture=13 class=event lower_us=3925 n=1[0m
[0;32mI (67823) forensics: [HIST] fixture=13 class=event lower_us=3975 n=1[0m
[0;32mI (67823) forensics: [HIST] fixture=13 class=event lower_us=4050 n=1[0m
[0;32mI (67833) forensics: [HIST] fixture=13 class=event lower_us=4175 n=1[0m
[0;32mI (67843) forensics: [HIST] fixture=13 class=event lower_us=4350 n=1[0m
[0;32mI (67853) forensics: [HIST] fixture=13 class=event lower_us=4375 n=2[0m
[0;32mI (67853) forensics: [HIST] fixture=13 class=event lower_us=4525 n=1[0m
[0;32mI (67863) forensics: [HIST] fixture=13 class=event lower_us=4625 n=1[0m
[0;32mI (67873) forensics: [HIST] fixture=13 class=event lower_us=4675 n=1[0m
[0;32mI (67873) forensics: [HIST] fixture=13 class=event lower_us=4800 n=1[0m
[0;32mI (67883) forensics: [HIST] fixture=13 class=event lower_us=4825 n=1[0m
[0;32mI (70953) pocket_pan_main: [AUDIO] model=PAN blocks=26271 avg_us=7 p99_us=3175 max_us=5869 cpu_load=0.3 deadline=2365 timeout=0 tx_error=0 short=0[0m
[0;32mI (70963) pocket_pan_main: [MIDI] push=0 pop=0 drop=0 hwm=0 last=(n=62 v=0 t=78 hex=000000)[0m
[0;32mI (70973) pocket_pan_main: [BLE] state=8 interval_ms=11.25 latency=0 rssi=-81 reconnects=0 last_disconnect=0[0m
[0;32mI (70983) pocket_pan_main: [MEM] internal_free=104755 largest_internal=31744[0m
