[0;32mI (122) esp_image: segment 1: paddr=0002ee4c vaddr=3fc9bc[0;32mI (10815) pocket_pan_main: [AUDIO] model=PAN blocks=3728 avg_us=2025 p99_us=2350 max_us=5081 cpu_load=75.9 deadline=19 timeout=0 tx_error=0 short=0[0m
[0;32mI (10825) pocket_pan_main: [MIDI] push=0 pop=0 drop=0 hwm=0 last=(n=62 v=0 t=78 hex=000000)[0m
[0;32mI (10835) pocket_pan_main: [BLE] state=8 interval_ms=11.25 latency=0 rssi=-66 reconnects=0 last_disconnect=0[0m
[0;32mI (10845) pocket_pan_main: [MEM] internal_free=99155 largest_internal=31744[0m
[0;32mI (15825) pocket_pan_main: [AUDIO] model=PAN blocks=5605 avg_us=2060 p99_us=2375 max_us=5081 cpu_load=77.2 deadline=29 timeout=0 tx_error=0 short=0[0m
[0;32mI (15825) pocket_pan_main: [MIDI] push=0 pop=0 drop=0 hwm=0 last=(n=62 v=0 t=78 hex=000000)[0m
[0;32mI (15835) pocket_pan_main: [BLE] state=8 interval_ms=11.25 latency=0 rssi=-68 reconnects=0 last_disconnect=0[0m
[0;32mI (15845) pocket_pan_main: [MEM] internal_free=99155 largest_internal=31744[0m
[0;32mI (20835) pocket_pan_main: [AUDIO] model=PAN blocks=7485 avg_us=2042 p99_us=2375 max_us=5081 cpu_load=76.6 deadline=39 timeout=0 tx_error=0 short=0[0m
[0;32mI (20845) pocket_pan_main: [MIDI] push=0 pop=0 drop=0 hwm=0 last=(n=62 v=0 t=78 hex=000000)[0m
[0;32mI (20855) pocket_pan_main: [BLE] state=8 interval_ms=11.25 latency=0 rssi=-68 reconnects=0 last_disconnect=0[0m
[0;32mI (20865) pocket_pan_main: [MEM] internal_free=99155 largest_internal=31744[0m
[0;32mI (23625) forensics: [CURVE] model=PAN fixture=5 voices=8 class=steady n=8148 avg_us=2021.68 p99_us=2325 max_us=2597 deadline=0 bad_voices=0 ble_lost=0 hard=0 sat=0[0m
[0;32mI (23635) forensics: [HIST] fixture=5 class=steady lower_us=1950 n=3320[0m
[0;32mI (23635) forensics: [HIST] fixture=5 class=steady lower_us=1975 n=2278[0m
[0;32mI (23645) forensics: [HIST] fixture=5 class=steady lower_us=2000 n=668[0m
[0;32mI (23655) forensics: [HIST] fixture=5 class=steady lower_us=2025 n=233[0m
[0;32mI (23655) forensics: [HIST] fixture=5 class=steady lower_us=2050 n=80[0m
[0;32mI (23665) forensics: [HIST] fixture=5 class=steady lower_us=2075 n=38[0m
[0;32mI (23675) forensics: [HIST] fixture=5 class=steady lower_us=2100 n=138[0m
[0;32mI (23685) forensics: [HIST] fixture=5 class=steady lower_us=2125 n=274[0m
[0;32mI (23685) forensics: [HIST] fixture=5 class=steady lower_us=2150 n=166[0m
[0;32mI (23695) forensics: [HIST] fixture=5 class=steady lower_us=2175 n=204[0m
[0;32mI (23705) forensics: [HIST] fixture=5 class=steady lower_us=2200 n=207[0m
[0;32mI (23705) forensics: [HIST] fixture=5 class=steady lower_us=2225 n=190[0m
[0;32mI (23715) forensics: [HIST] fixture=5 class=steady lower_us=2250 n=175[0m
[0;32mI (23725) forensics: [HIST] fixture=5 class=steady lower_us=2275 n=79[0m
[0;32mI (23735) forensics: [HIST] fixture=5 class=steady lower_us=2300 n=61[0m
[0;32mI (23735) forensics: [HIST] fixture=5 class=steady lower_us=2325 n=23[0m
[0;32mI (23745) forensics: [HIST] fixture=5 class=steady lower_us=2350 n=4[0m
[0;32mI (23755) forensics: [HIST] fixture=5 class=steady lower_us=2375 n=1[0m
[0;32mI (23755) forensics: [HIST] fixture=5 class=steady lower_us=2400 n=2[0m
[0;32mI (23765) forensics: [HIST] fixture=5 class=steady lower_us=2425 n=2[0m
[0;32mI (23775) forensics: [HIST] fixture=5 class=steady lower_us=2500 n=1[0m
[0;32mI (23785) forensics: [HIST] fixture=5 class=steady lower_us=2525 n=3[0m
[0;32mI (23785) forensics: [HIST] fixture=5 class=steady lower_us=2575 n=1[0m
[0;32mI (23795) forensics: [CURVE] model=PAN fixture=5 voices=8 class=event n=44 avg_us=3186.29 p99_us=3850 max_us=3834 deadline=44 bad_voices=0 ble_lost=0 hard=0 sat=0[0m
[0;32mI (23805) forensics: [HIST] fixture=5 class=event lower_us=3050 n=1[0m
[0;32mI (23815) forensics: [HIST] fixture=5 class=event lower_us=3075 n=11[0m
[0;32mI (23825) forensics: [HIST] fixture=5 class=event lower_us=3100 n=11[0m
[0;32mI (23835) forensics: [HIST] fixture=5 class=event lower_us=3125 n=7[0m
[0;32mI (23835) forensics: [HIST] fixture=5 class=event lower_us=3150 n=4[0m
[0;32mI (23845) forensics: [HIST] fixture=5 class=event lower_us=3175 n=3[0m
[0;32mI (23855) forensics: [HIST] fixture=5 class=event lower_us=3325 n=1[0m
[0;32mI (23855) forensics: [HIST] fixture=5 class=event lower_us=3350 n=1[0m
[0;32mI (23865) forensics: [HIST] fixture=5 class=event lower_us=3375 n=1[0m
[0;32mI (23875) forensics: [HIST] fixture=5 class=event lower_us=3475 n=1[0m
[0;32mI (23875) forensics: [HIST] fixture=5 class=event lower_us=3550 n=1[0m
[0;32mI (23885) forensics: [HIST] fixture=5 class=event lower_us=3775 n=1[0m
[0;32mI (23895) forensics: [HIST] fixture=5 class=event lower_us=3825 n=1[0m
[0;32mI (25855) pocket_pan_main: [AUDIO] model=PAN blocks=9367 avg_us=1229 p99_us=2350 max_us=5081 cpu_load=46.1 deadline=45 timeout=0 tx_error=0 short=0[0m
[0;32mI (25865) pocket_pan_main: [MIDI] push=0 pop=0 drop=0 hwm=0 last=(n=62 v=0 t=78 hex=000000)[0m
[0;32mI (25875) pocket_pan_main: [BLE] state=8 interval_ms=11.25 latency=0 rssi=-65 reconnects=0 last_disconnect=0[0m
[0;32mI (25885) pocket_pan_main: [MEM] internal_free=99155 largest_internal=31744[0m
[0;32mI (30865) pocket_pan_main: [AUDIO] model=PAN blocks=11246 avg_us=1231 p99_us=2275 max_us=5081 cpu_load=46.2 deadline=45 timeout=0 tx_error=0 short=0[0m
[0;32mI (30875) pocket_pan_main: [MIDI] push=0 pop=0 drop=0 hwm=0 last=(n=62 v=0 t=78 hex=000000)[0m
[0;32mI (30875) pocket_pan_main: [BLE] state=8 interval_ms=11.25 latency=0 rssi=-66 reconnects=0 last_disconnect=0[0m
[0;32mI (30895) pocket_pan_main: [MEM] internal_free=99155 largest_internal=31744[0m
[0;32mI (35875) pocket_pan_main: [AUDIO] model=PAN blocks=13123 avg_us=1232 p99_us=1525 max_us=5081 cpu_load=46.2 deadline=45 timeout=0 tx_error=0 short=0[0m
[0;32mI (35875) pocket_pan_main: [MIDI] push=0 pop=0 drop=0 hwm=0 last=(n=62 v=0 t=78 hex=000000)[0m
[0;32mI (35885) pocket_pan_main: [BLE] state=8 interval_ms=11.25 latency=0 rssi=-66 reconnects=0 last_disconnect=0[0m
[0;32mI (35895) pocket_pan_main: [MEM] internal_free=99155 largest_internal=31744[0m
[0;32mI (40885) pocket_pan_main: [AUDIO] model=PAN blocks=15004 avg_us=1225 p99_us=1500 max_us=5081 cpu_load=45.9 deadline=45 timeout=0 tx_error=0 short=0[0m
[0;32mI (40895) pocket_pan_main: [MIDI] push=0 pop=0 drop=0 hwm=0 last=(n=62 v=0 t=78 hex=000000)[0m
[0;32mI (40905) pocket_pan_main: [BLE] state=8 interval_ms=11.25 latency=0 rssi=-65 reconnects=0 last_disconnect=0[0m
[0;32mI (40915) pocket_pan_main: [MEM] internal_free=99155 largest_internal=31744[0m
[0;32mI (45445) forensics: [CURVE] model=BELL fixture=14 voices=4 class=steady n=8148 avg_us=1209.03 p99_us=1450 max_us=1724 deadline=0 bad_voices=0 ble_lost=0 hard=0 sat=0[0m
[0;32mI (45445) forensics: [HIST] fixture=14 class=steady lower_us=1150 n=4146[0m
[0;32mI (45455) forensics: [HIST] fixture=14 class=steady lower_us=1175 n=1975[0m
[0;32mI (45465) forensics: [HIST] fixture=14 class=steady lower_us=1200 n=277[0m
[0;32mI (45475) forensics: [HIST] fixture=14 class=steady lower_us=1225 n=108[0m
[0;32mI (45475) forensics: [HIST] fixture=14 class=steady lower_us=1250 n=116[0m
[0;32mI (45485) forensics: [HIST] fixture=14 class=steady lower_us=1275 n=84[0m
[0;32mI (45495) forensics: [HIST] fixture=14 class=steady lower_us=1300 n=266[0m
[0;32mI (45505) forensics: [HIST] fixture=14 class=steady lower_us=1325 n=343[0m
[0;32mI (45505) forensics: [HIST] fixture=14 class=steady lower_us=1350 n=395[0m
[0;32mI (45515) forensics: [HIST] fixture=14 class=steady lower_us=1375 n=182[0m
[0;32mI (45525) forensics: [HIST] fixture=14 class=steady lower_us=1400 n=88[0m
[0;32mI (45525) forensics: [HIST] fixture=14 class=steady lower_us=1425 n=92[0m
[0;32mI (45535) forensics: [HIST] fixture=14 class=steady lower_us=1450 n=45[0m
[0;32mI (45545) forensics: [HIST] fixture=14 class=steady lower_us=1475 n=15[0m
[0;32mI (45555) forensics: [HIST] fixture=14 class=steady lower_us=1500 n=6[0m
[0;32mI (45555) forensics: [HIST] fixture=14 class=steady lower_us=1525 n=4[0m
[0;32mI (45565) forensics: [HIST] fixture=14 class=steady lower_us=1550 n=2[0m
[0;32mI (45575) forensics: [HIST] fixture=14 class=steady lower_us=1575 n=3[0m
[0;32mI (45575) forensics: [HIST] fixture=14 class=steady lower_us=1700 n=1[0m
[0;32mI (45585) forensics: [CURVE] model=BELL fixture=14 voices=4 class=event n=44 avg_us=2020.12 p99_us=2475 max_us=2470 deadline=0 bad_voices=0 ble_lost=0 hard=0 sat=0[0m
[0;32mI (45605) forensics: [HIST] fixture=14 class=event lower_us=1875 n=1[0m
[0;32mI (45605) forensics: [HIST] fixture=14 class=event lower_us=1900 n=17[0m
[0;32mI (45615) forensics: [HIST] fixture=14 class=event lower_us=1925 n=8[0m
[0;32mI (45625) forensics: [HIST] fixture=14 class=event lower_us=1950 n=5[0m
[0;32mI (45635) forensics: [HIST] fixture=14 class=event lower_us=2050 n=1[0m
[0;32mI (45635) forensics: [HIST] fixture=14 class=event lower_us=2075 n=2[0m
[0;32mI (45645) forensics: [HIST] fixture=14 class=event lower_us=2100 n=1[0m
[0;32mI (45655) forensics: [HIST] fixture=14 class=event lower_us=2125 n=1[0m
[0;32mI (45655) forensics: [HIST] fixture=14 class=event lower_us=2175 n=1[0m
[0;32mI (45665) forensics: [HIST] fixture=14 class=event lower_us=2250 n=1[0m
[0;32mI (45675) forensics: [HIST] fixture=14 class=event lower_us=2300 n=2[0m
[0;32mI (45675) forensics: [HIST] fixture=14 class=event lower_us=2375 n=1[0m
[0;32mI (45685) forensics: [HIST] fixture=14 class=event lower_us=2400 n=2[0m
[0;32mI (45695) forensics: [HIST] fixture=14 class=event lower_us=2450 n=1[0m
[0;32mI (45885) pocket_pan_main: [AUDIO] model=PAN blocks=16878 avg_us=2072 p99_us=1525 max_us=5081 cpu_load=77.7 deadline=46 timeout=0 tx_error=0 short=0[0m
[0;32mI (45885) pocket_pan_main: [MIDI] push=0 pop=0 drop=0 hwm=0 last=(n=62 v=0 t=78 hex=000000)[0m
[0;32mI (45895) pocket_pan_main: [BLE] state=8 interval_ms=11.25 latency=0 rssi=-66 reconnects=0 last_disconnect=0[0m
[0;32mI (45905) pocket_pan_main: [MEM] internal_free=99155 largest_internal=31744[0m
[0;32mI (50895) pocket_pan_main: [AUDIO] model=PAN blocks=18757 avg_us=2095 p99_us=2425 max_us=5081 cpu_load=78.6 deadline=56 timeout=0 tx_error=0 short=0[0m
[0;32mI (50905) pocket_pan_main: [MIDI] push=0 pop=0 drop=0 hwm=0 last=(n=62 v=0 t=78 hex=000000)[0m
[0;32mI (50915) pocket_pan_main: [BLE] state=8 interval_ms=11.25 latency=0 rssi=-65 reconnects=0 last_disconnect=0[0m
[0;32mI (50925) pocket_pan_main: [MEM] internal_free=99155 largest_internal=31744[0m
[0;32mI (55905) pocket_pan_main: [AUDIO] model=PAN blocks=20637 avg_us=2101 p99_us=2425 max_us=5081 cpu_load=78.8 deadline=67 timeout=0 tx_error=0 short=0[0m
[0;32mI (55915) pocket_pan_main: [MIDI] push=0 pop=0 drop=0 hwm=0 last=(n=62 v=0 t=78 hex=000000)[0m
[0;32mI (55925) pocket_pan_main: [BLE] state=8 interval_ms=11.25 latency=0 rssi=-66 reconnects=0 last_disconnect=0[0m
[0;32mI (55935) pocket_pan_main: [MEM] internal_free=99155 largest_internal=31744[0m
[0;32mI (60915) pocket_pan_main: [AUDIO] model=PAN blocks=22514 avg_us=2089 p99_us=2425 max_us=5081 cpu_load=78.3 deadline=77 timeout=0 tx_error=0 short=0[0m
[0;32mI (60915) pocket_pan_main: [MIDI] push=0 pop=0 drop=0 hwm=0 last=(n=62 v=0 t=78 hex=000000)[0m
[0;32mI (60925) pocket_pan_main: [BLE] state=8 interval_ms=11.25 latency=0 rssi=-69 reconnects=0 last_disconnect=0[0m
[0;32mI (60935) pocket_pan_main: [MEM] internal_free=99155 largest_internal=31744[0m
[0;32mI (65925) pocket_pan_main: [AUDIO] model=PAN blocks=24394 avg_us=2115 p99_us=2425 max_us=5081 cpu_load=79.3 deadline=87 timeout=0 tx_error=0 short=0[0m
[0;32mI (65935) pocket_pan_main: [MIDI] push=0 pop=0 drop=0 hwm=0 last=(n=62 v=0 t=78 hex=000000)[0m
[0;32mI (65945) pocket_pan_main: [BLE] state=8 interval_ms=11.25 latency=0 rssi=-69 reconnects=0 last_disconnect=0[0m
[0;32mI (65955) pocket_pan_main: [MEM] internal_free=99155 largest_internal=31744[0m
[0;32mI (67305) forensics: [CURVE] model=BELL fixture=13 voices=8 class=steady n=8148 avg_us=2082.37 p99_us=2375 max_us=2635 deadline=0 bad_voices=0 ble_lost=0 hard=0 sat=0[0m
[0;32mI (67305) forensics: [HIST] fixture=13 class=steady lower_us=2000 n=495[0m
[0;32mI (67315) forensics: [HIST] fixture=13 class=steady lower_us=2025 n=4100[0m
[0;32mI (67325) forensics: [HIST] fixture=13 class=steady lower_us=2050 n=1556[0m
[0;32mI (67325) forensics: [HIST] fixture=13 class=steady lower_us=2075 n=231[0m
[0;32mI (67335) forensics: [HIST] fixture=13 class=steady lower_us=2100 n=145[0m
[0;32mI (67345) forensics: [HIST] fixture=13 class=steady lower_us=2125 n=130[0m
[0;32mI (67355) forensics: [HIST] fixture=13 class=steady lower_us=2150 n=199[0m
[0;32mI (67355) forensics: [HIST] fixture=13 class=steady lower_us=2175 n=223[0m
[0;32mI (67365) forensics: [HIST] fixture=13 class=steady lower_us=2200 n=217[0m
[0;32mI (67375) forensics: [HIST] fixture=13 class=steady lower_us=2225 n=161[0m
[0;32mI (67385) forensics: [HIST] fixture=13 class=steady lower_us=2250 n=242[0m
[0;32mI (67385) forensics: [HIST] fixture=13 class=steady lower_us=2275 n=151[0m
[0;32mI (67395) forensics: [HIST] fixture=13 class=steady lower_us=2300 n=89[0m
[0;32mI (67405) forensics: [HIST] fixture=13 class=steady lower_us=2325 n=61[0m
[0;32mI (67405) forensics: [HIST] fixture=13 class=steady lower_us=2350 n=76[0m
[0;32mI (67415) forensics: [HIST] fixture=13 class=steady lower_us=2375 n=43[0m
[0;32mI (67425) forensics: [HIST] fixture=13 class=steady lower_us=2400 n=14[0m
[0;32mI (67435) forensics: [HIST] fixture=13 class=steady lower_us=2425 n=3[0m
[0;32mI (67435) forensics: [HIST] fixture=13 class=steady lower_us=2450 n=4[0m
[0;32mI (67445) forensics: [HIST] fixture=13 class=steady lower_us=2475 n=3[0m
[0;32mI (67455) forensics: [HIST] fixture=13 class=steady lower_us=2500 n=2[0m
[0;32mI (67455) forensics: [HIST] fixture=13 class=steady lower_us=2525 n=1[0m
[0;32mI (67465) forensics: [HIST] fixture=13 class=steady lower_us=2575 n=1[0m
[0;32mI (67475) forensics: [HIST] fixture=13 class=steady lower_us=2625 n=1[0m
[0;32mI (67485) forensics: [CURVE] model=BELL fixture=13 voices=8 class=event n=44 avg_us=3320.57 p99_us=3975 max_us=3950 deadline=44 bad_voices=0 ble_lost=0 hard=0 sat=0[0m
[0;32mI (67495) forensics: [HIST] fixture=13 class=event lower_us=3150 n=1[0m
[0;32mI (67505) forensics: [HIST] fixture=13 class=event lower_us=3175 n=8[0m
[0;32mI (67515) forensics: [HIST] fixture=13 class=event lower_us=3200 n=13[0m
[0;32mI (67515) forensics: [HIST] fixture=13 class=event lower_us=3225 n=7[0m
[0;32mI (67525) forensics: [HIST] fixture=13 class=event lower_us=3250 n=3[0m
[0;32mI (67535) forensics: [HIST] fixture=13 class=event lower_us=3275 n=2[0m
[0;32mI (67535) forensics: [HIST] fixture=13 class=event lower_us=3375 n=1[0m
[0;32mI (67545) forensics: [HIST] fixture=13 class=event lower_us=3500 n=2[0m
[0;32mI (67555) forensics: [HIST] fixture=13 class=event lower_us=3625 n=1[0m
[0;32mI (67555) forensics: [HIST] fixture=13 class=event lower_us=3650 n=2[0m
[0;32mI (67565) forensics: [HIST] fixture=13 class=event lower_us=3675 n=1[0m
[0;32mI (67575) forensics: [HIST] fixture=13 class=event lower_us=3750 n=1[0m
[0;32mI (67585) forensics: [HIST] fixture=13 class=event lower_us=3875 n=1[0m
[0;32mI (67585) forensics: [HIST] fixture=13 class=event lower_us=3950 n=1[0m
[0;32mI (70925) pocket_pan_main: [AUDIO] model=PAN blocks=26268 avg_us=7 p99_us=2450 max_us=5081 cpu_load=0.3 deadline=90 timeout=0 tx_error=0 short=0[0m
[0;32mI (70935) pocket_pan_main: [MIDI] push=0 pop=0 drop=0 hwm=0 last=(n=62 v=0 t=78 hex=000000)[0m
[0;32mI (70935) pocket_pan_main: [BLE] state=8 interval_ms=11.25 latency=0 rssi=-65 reconnects=0 last_disconnect=0[0m
[0;32mI (70955) pocket_pan_main: [MEM] internal_free=99155 largest_internal=31744[0m
