[0;32mI (122) esp_image: segment 1: paddr=0002edec vaddr=3fc9bf[0;32mI (5806) pocket_pan_main: [AUDIO] model=PAN blocks=1848 avg_us=1942 p99_us=0 max_us=3974 cpu_load=72.8 deadline=10 timeout=0 tx_error=0 short=0[0m
[0;32mI (5806) pocket_pan_main: [MIDI] push=6 pop=6 drop=0 hwm=1 last=(n=64 v=75 t=78 hex=90404B)[0m
[0;32mI (5816) pocket_pan_main: [BLE] state=1 interval_ms=0.00 latency=0 rssi=0 reconnects=0 last_disconnect=0[0m
[0;32mI (5826) pocket_pan_main: [MEM] internal_free=147035 largest_internal=43008[0m
[0;32mI (10816) pocket_pan_main: [AUDIO] model=PAN blocks=3725 avg_us=1945 p99_us=2250 max_us=3974 cpu_load=72.9 deadline=20 timeout=0 tx_error=0 short=0[0m
[0;32mI (10816) pocket_pan_main: [MIDI] push=13 pop=13 drop=0 hwm=1 last=(n=62 v=75 t=78 hex=903E4B)[0m
[0;32mI (10826) pocket_pan_main: [BLE] state=1 interval_ms=0.00 latency=0 rssi=0 reconnects=0 last_disconnect=0[0m
[0;32mI (10836) pocket_pan_main: [MEM] internal_free=147035 largest_internal=43008[0m
[0;32mI (15826) pocket_pan_main: [AUDIO] model=PAN blocks=5605 avg_us=1916 p99_us=2225 max_us=3974 cpu_load=71.8 deadline=30 timeout=0 tx_error=0 short=0[0m
[0;32mI (15826) pocket_pan_main: [MIDI] push=19 pop=19 drop=0 hwm=1 last=(n=58 v=75 t=78 hex=903A4B)[0m
[0;32mI (15836) pocket_pan_main: [BLE] state=1 interval_ms=0.00 latency=0 rssi=0 reconnects=0 last_disconnect=0[0m
[0;32mI (15846) pocket_pan_main: [MEM] internal_free=147035 largest_internal=43008[0m
[0;32mI (20836) pocket_pan_main: [AUDIO] model=PAN blocks=7482 avg_us=1930 p99_us=2225 max_us=3974 cpu_load=72.4 deadline=40 timeout=0 tx_error=0 short=0[0m
[0;32mI (20836) pocket_pan_main: [MIDI] push=26 pop=26 drop=0 hwm=1 last=(n=57 v=75 t=78 hex=90394B)[0m
[0;32mI (20846) pocket_pan_main: [BLE] state=1 interval_ms=0.00 latency=0 rssi=0 reconnects=0 last_disconnect=0[0m
[0;32mI (20856) pocket_pan_main: [MEM] internal_free=147035 largest_internal=43008[0m
[0;32mI (22876) forensics: [CURVE] model=PAN fixture=5 voices=8 class=steady n=8148 avg_us=1913.93 p99_us=2175 max_us=2525 deadline=0 bad_voices=0 ble_lost=0 hard=0 sat=0[0m
[0;32mI (22876) forensics: [HIST] fixture=5 class=steady lower_us=1850 n=727[0m
[0;32mI (22886) forensics: [HIST] fixture=5 class=steady lower_us=1875 n=4621[0m
[0;32mI (22896) forensics: [HIST] fixture=5 class=steady lower_us=1900 n=1262[0m
[0;32mI (22896) forensics: [HIST] fixture=5 class=steady lower_us=1925 n=352[0m
[0;32mI (22906) forensics: [HIST] fixture=5 class=steady lower_us=1950 n=160[0m
[0;32mI (22916) forensics: [HIST] fixture=5 class=steady lower_us=1975 n=89[0m
[0;32mI (22916) forensics: [HIST] fixture=5 class=steady lower_us=2000 n=123[0m
[0;32mI (22926) forensics: [HIST] fixture=5 class=steady lower_us=2025 n=234[0m
[0;32mI (22936) forensics: [HIST] fixture=5 class=steady lower_us=2050 n=173[0m
[0;32mI (22946) forensics: [HIST] fixture=5 class=steady lower_us=2075 n=129[0m
[0;32mI (22946) forensics: [HIST] fixture=5 class=steady lower_us=2100 n=72[0m
[0;32mI (22956) forensics: [HIST] fixture=5 class=steady lower_us=2125 n=86[0m
[0;32mI (22966) forensics: [HIST] fixture=5 class=steady lower_us=2150 n=67[0m
[0;32mI (22966) forensics: [HIST] fixture=5 class=steady lower_us=2175 n=26[0m
[0;32mI (22976) forensics: [HIST] fixture=5 class=steady lower_us=2200 n=10[0m
[0;32mI (22986) forensics: [HIST] fixture=5 class=steady lower_us=2225 n=6[0m
[0;32mI (22996) forensics: [HIST] fixture=5 class=steady lower_us=2250 n=3[0m
[0;32mI (22996) forensics: [HIST] fixture=5 class=steady lower_us=2275 n=2[0m
[0;32mI (23006) forensics: [HIST] fixture=5 class=steady lower_us=2300 n=1[0m
[0;32mI (23016) forensics: [HIST] fixture=5 class=steady lower_us=2350 n=2[0m
[0;32mI (23016) forensics: [HIST] fixture=5 class=steady lower_us=2375 n=1[0m
[0;32mI (23026) forensics: [HIST] fixture=5 class=steady lower_us=2425 n=1[0m
[0;32mI (23036) forensics: [HIST] fixture=5 class=steady lower_us=2525 n=1[0m
[0;32mI (23046) forensics: [CURVE] model=PAN fixture=5 voices=8 class=event n=44 avg_us=2841.32 p99_us=3275 max_us=3260 deadline=44 bad_voices=0 ble_lost=0 hard=0 sat=0[0m
[0;32mI (23056) forensics: [HIST] fixture=5 class=event lower_us=2750 n=2[0m
[0;32mI (23066) forensics: [HIST] fixture=5 class=event lower_us=2775 n=12[0m
[0;32mI (23066) forensics: [HIST] fixture=5 class=event lower_us=2800 n=13[0m
[0;32mI (23076) forensics: [HIST] fixture=5 class=event lower_us=2825 n=5[0m
[0;32mI (23086) forensics: [HIST] fixture=5 class=event lower_us=2850 n=4[0m
[0;32mI (23096) forensics: [HIST] fixture=5 class=event lower_us=2875 n=1[0m
[0;32mI (23096) forensics: [HIST] fixture=5 class=event lower_us=2925 n=2[0m
[0;32mI (23106) forensics: [HIST] fixture=5 class=event lower_us=2950 n=2[0m
[0;32mI (23116) forensics: [HIST] fixture=5 class=event lower_us=2975 n=2[0m
[0;32mI (23116) forensics: [HIST] fixture=5 class=event lower_us=3250 n=1[0m
[0;32mI (25856) pocket_pan_main: [AUDIO] model=PAN blocks=9365 avg_us=1125 p99_us=2250 max_us=3974 cpu_load=42.2 deadline=44 timeout=0 tx_error=0 short=0[0m
[0;32mI (25856) pocket_pan_main: [MIDI] push=32 pop=32 drop=0 hwm=1 last=(n=69 v=75 t=78 hex=90454B)[0m
[0;32mI (25866) pocket_pan_main: [BLE] state=1 interval_ms=0.00 latency=0 rssi=0 reconnects=0 last_disconnect=0[0m
[0;32mI (25876) pocket_pan_main: [MEM] internal_free=147035 largest_internal=43008[0m
[0;32mI (30866) pocket_pan_main: [AUDIO] model=PAN blocks=11245 avg_us=1120 p99_us=1875 max_us=3974 cpu_load=42.0 deadline=44 timeout=0 tx_error=0 short=0[0m
[0;32mI (30866) pocket_pan_main: [MIDI] push=39 pop=39 drop=0 hwm=1 last=(n=65 v=75 t=78 hex=90414B)[0m
[0;32mI (30876) pocket_pan_main: [BLE] state=1 interval_ms=0.00 latency=0 rssi=0 reconnects=0 last_disconnect=0[0m
[0;32mI (30886) pocket_pan_main: [MEM] internal_free=147035 largest_internal=43008[0m
[0;32mI (35876) pocket_pan_main: [AUDIO] model=PAN blocks=13122 avg_us=1112 p99_us=1425 max_us=3974 cpu_load=41.7 deadline=44 timeout=0 tx_error=0 short=0[0m
[0;32mI (35876) pocket_pan_main: [MIDI] push=45 pop=45 drop=0 hwm=1 last=(n=62 v=75 t=78 hex=903E4B)[0m
[0;32mI (35886) pocket_pan_main: [BLE] state=1 interval_ms=0.00 latency=0 rssi=0 reconnects=0 last_disconnect=0[0m
[0;32mI (35896) pocket_pan_main: [MEM] internal_free=147035 largest_internal=43008[0m
[0;32mI (40886) pocket_pan_main: [AUDIO] model=PAN blocks=15003 avg_us=1136 p99_us=1400 max_us=3974 cpu_load=42.6 deadline=44 timeout=0 tx_error=0 short=0[0m
[0;32mI (40886) pocket_pan_main: [MIDI] push=52 pop=52 drop=0 hwm=1 last=(n=60 v=75 t=78 hex=903C4B)[0m
[0;32mI (40896) pocket_pan_main: [BLE] state=1 interval_ms=0.00 latency=0 rssi=0 reconnects=0 last_disconnect=0[0m
[0;32mI (40906) pocket_pan_main: [MEM] internal_free=147035 largest_internal=43008[0m
[0;32mI (44726) forensics: [CURVE] model=BELL fixture=14 voices=4 class=steady n=8148 avg_us=1110.13 p99_us=1350 max_us=1503 deadline=0 bad_voices=0 ble_lost=0 hard=0 sat=0[0m
[0;32mI (44736) forensics: [HIST] fixture=14 class=steady lower_us=1075 n=5657[0m
[0;32mI (44736) forensics: [HIST] fixture=14 class=steady lower_us=1100 n=1206[0m
[0;32mI (44746) forensics: [HIST] fixture=14 class=steady lower_us=1125 n=198[0m
[0;32mI (44756) forensics: [HIST] fixture=14 class=steady lower_us=1150 n=98[0m
[0;32mI (44756) forensics: [HIST] fixture=14 class=steady lower_us=1175 n=139[0m
[0;32mI (44766) forensics: [HIST] fixture=14 class=steady lower_us=1200 n=174[0m
[0;32mI (44776) forensics: [HIST] fixture=14 class=steady lower_us=1225 n=265[0m
[0;32mI (44786) forensics: [HIST] fixture=14 class=steady lower_us=1250 n=166[0m
[0;32mI (44786) forensics: [HIST] fixture=14 class=steady lower_us=1275 n=80[0m
[0;32mI (44796) forensics: [HIST] fixture=14 class=steady lower_us=1300 n=65[0m
[0;32mI (44806) forensics: [HIST] fixture=14 class=steady lower_us=1325 n=46[0m
[0;32mI (44816) forensics: [HIST] fixture=14 class=steady lower_us=1350 n=24[0m
[0;32mI (44816) forensics: [HIST] fixture=14 class=steady lower_us=1375 n=12[0m
[0;32mI (44826) forensics: [HIST] fixture=14 class=steady lower_us=1400 n=10[0m
[0;32mI (44836) forensics: [HIST] fixture=14 class=steady lower_us=1425 n=3[0m
[0;32mI (44836) forensics: [HIST] fixture=14 class=steady lower_us=1450 n=1[0m
[0;32mI (44846) forensics: [HIST] fixture=14 class=steady lower_us=1475 n=3[0m
[0;32mI (44856) forensics: [HIST] fixture=14 class=steady lower_us=1500 n=1[0m
[0;32mI (44866) forensics: [CURVE] model=BELL fixture=14 voices=4 class=event n=44 avg_us=1784.28 p99_us=2300 max_us=2277 deadline=0 bad_voices=0 ble_lost=0 hard=0 sat=0[0m
[0;32mI (44876) forensics: [HIST] fixture=14 class=event lower_us=1650 n=1[0m
[0;32mI (44886) forensics: [HIST] fixture=14 class=event lower_us=1675 n=9[0m
[0;32mI (44886) forensics: [HIST] fixture=14 class=event lower_us=1700 n=15[0m
[0;32mI (44896) forensics: [HIST] fixture=14 class=event lower_us=1725 n=6[0m
[0;32mI (44906) forensics: [HIST] fixture=14 class=event lower_us=1850 n=4[0m
[0;32mI (44916) forensics: [HIST] fixture=14 class=event lower_us=1875 n=2[0m
[0;32mI (44916) forensics: [HIST] fixture=14 class=event lower_us=1925 n=1[0m
[0;32mI (44926) forensics: [HIST] fixture=14 class=event lower_us=1950 n=2[0m
[0;32mI (44936) forensics: [HIST] fixture=14 class=event lower_us=2000 n=1[0m
[0;32mI (44936) forensics: [HIST] fixture=14 class=event lower_us=2025 n=1[0m
[0;32mI (44946) forensics: [HIST] fixture=14 class=event lower_us=2150 n=1[0m
[0;32mI (44956) forensics: [HIST] fixture=14 class=event lower_us=2275 n=1[0m
[0;32mI (45896) pocket_pan_main: [AUDIO] model=PAN blocks=16880 avg_us=1900 p99_us=1425 max_us=3974 cpu_load=71.2 deadline=47 timeout=0 tx_error=0 short=0[0m
[0;32mI (45896) pocket_pan_main: [MIDI] push=58 pop=58 drop=0 hwm=1 last=(n=57 v=75 t=78 hex=90394B)[0m
[0;32mI (45906) pocket_pan_main: [BLE] state=1 interval_ms=0.00 latency=0 rssi=0 reconnects=0 last_disconnect=0[0m
[0;32mI (45916) pocket_pan_main: [MEM] internal_free=147035 largest_internal=43008[0m
[0;32mI (50906) pocket_pan_main: [AUDIO] model=PAN blocks=18760 avg_us=1916 p99_us=2225 max_us=3974 cpu_load=71.8 deadline=57 timeout=0 tx_error=0 short=0[0m
[0;32mI (50906) pocket_pan_main: [MIDI] push=65 pop=65 drop=0 hwm=1 last=(n=50 v=75 t=78 hex=90324B)[0m
[0;32mI (50916) pocket_pan_main: [BLE] state=1 interval_ms=0.00 latency=0 rssi=0 reconnects=0 last_disconnect=0[0m
[0;32mI (50926) pocket_pan_main: [MEM] internal_free=147035 largest_internal=43008[0m
[0;32mI (55916) pocket_pan_main: [AUDIO] model=PAN blocks=20637 avg_us=1918 p99_us=2200 max_us=3974 cpu_load=71.9 deadline=67 timeout=0 tx_error=0 short=0[0m
[0;32mI (55916) pocket_pan_main: [MIDI] push=72 pop=72 drop=0 hwm=1 last=(n=69 v=75 t=78 hex=90454B)[0m
[0;32mI (55926) pocket_pan_main: [BLE] state=1 interval_ms=0.00 latency=0 rssi=0 reconnects=0 last_disconnect=0[0m
[0;32mI (55936) pocket_pan_main: [MEM] internal_free=147035 largest_internal=43008[0m
[0;32mI (60926) pocket_pan_main: [AUDIO] model=PAN blocks=22518 avg_us=1930 p99_us=2200 max_us=3974 cpu_load=72.4 deadline=77 timeout=0 tx_error=0 short=0[0m
[0;32mI (60926) pocket_pan_main: [MIDI] push=78 pop=78 drop=0 hwm=1 last=(n=64 v=75 t=78 hex=90404B)[0m
[0;32mI (60936) pocket_pan_main: [BLE] state=1 interval_ms=0.00 latency=0 rssi=0 reconnects=0 last_disconnect=0[0m
[0;32mI (60946) pocket_pan_main: [MEM] internal_free=147035 largest_internal=43008[0m
[0;32mI (65936) pocket_pan_main: [AUDIO] model=PAN blocks=24395 avg_us=1897 p99_us=2200 max_us=3974 cpu_load=71.1 deadline=87 timeout=0 tx_error=0 short=0[0m
[0;32mI (65936) pocket_pan_main: [MIDI] push=85 pop=85 drop=0 hwm=1 last=(n=62 v=75 t=78 hex=903E4B)[0m
[0;32mI (65946) pocket_pan_main: [BLE] state=1 interval_ms=0.00 latency=0 rssi=0 reconnects=0 last_disconnect=0[0m
[0;32mI (65956) pocket_pan_main: [MEM] internal_free=147035 largest_internal=43008[0m
[0;32mI (66566) forensics: [CURVE] model=BELL fixture=13 voices=8 class=steady n=8148 avg_us=1899.52 p99_us=2150 max_us=2351 deadline=0 bad_voices=0 ble_lost=0 hard=0 sat=0[0m
[0;32mI (66576) forensics: [HIST] fixture=13 class=steady lower_us=1850 n=3595[0m
[0;32mI (66576) forensics: [HIST] fixture=13 class=steady lower_us=1875 n=2866[0m
[0;32mI (66586) forensics: [HIST] fixture=13 class=steady lower_us=1900 n=525[0m
[0;32mI (66596) forensics: [HIST] fixture=13 class=steady lower_us=1925 n=107[0m
[0;32mI (66596) forensics: [HIST] fixture=13 class=steady lower_us=1950 n=142[0m
[0;32mI (66606) forensics: [HIST] fixture=13 class=steady lower_us=1975 n=100[0m
[0;32mI (66616) forensics: [HIST] fixture=13 class=steady lower_us=2000 n=191[0m
[0;32mI (66626) forensics: [HIST] fixture=13 class=steady lower_us=2025 n=212[0m
[0;32mI (66626) forensics: [HIST] fixture=13 class=steady lower_us=2050 n=122[0m
[0;32mI (66636) forensics: [HIST] fixture=13 class=steady lower_us=2075 n=91[0m
[0;32mI (66646) forensics: [HIST] fixture=13 class=steady lower_us=2100 n=66[0m
[0;32mI (66656) forensics: [HIST] fixture=13 class=steady lower_us=2125 n=64[0m
[0;32mI (66656) forensics: [HIST] fixture=13 class=steady lower_us=2150 n=40[0m
[0;32mI (66666) forensics: [HIST] fixture=13 class=steady lower_us=2175 n=12[0m
[0;32mI (66676) forensics: [HIST] fixture=13 class=steady lower_us=2200 n=11[0m
[0;32mI (66676) forensics: [HIST] fixture=13 class=steady lower_us=2225 n=1[0m
[0;32mI (66686) forensics: [HIST] fixture=13 class=steady lower_us=2250 n=2[0m
[0;32mI (66696) forensics: [HIST] fixture=13 class=steady lower_us=2350 n=1[0m
[0;32mI (66706) forensics: [CURVE] model=BELL fixture=13 voices=8 class=event n=44 avg_us=2873.62 p99_us=3275 max_us=3272 deadline=44 bad_voices=0 ble_lost=0 hard=0 sat=0[0m
[0;32mI (66716) forensics: [HIST] fixture=13 class=event lower_us=2750 n=1[0m
[0;32mI (66726) forensics: [HIST] fixture=13 class=event lower_us=2775 n=19[0m
[0;32mI (66736) forensics: [HIST] fixture=13 class=event lower_us=2800 n=7[0m
[0;32mI (66736) forensics: [HIST] fixture=13 class=event lower_us=2825 n=5[0m
[0;32mI (66746) forensics: [HIST] fixture=13 class=event lower_us=2850 n=3[0m
[0;32mI (66756) forensics: [HIST] fixture=13 class=event lower_us=3050 n=2[0m
[0;32mI (66756) forensics: [HIST] fixture=13 class=event lower_us=3075 n=3[0m
[0;32mI (66766) forensics: [HIST] fixture=13 class=event lower_us=3150 n=1[0m
[0;32mI (66776) forensics: [HIST] fixture=13 class=event lower_us=3175 n=1[0m
[0;32mI (66776) forensics: [HIST] fixture=13 class=event lower_us=3225 n=1[0m
[0;32mI (66786) forensics: [HIST] fixture=13 class=event lower_us=3250 n=1[0m
[0;32mI (70936) pocket_pan_main: [AUDIO] model=PAN blocks=26271 avg_us=6 p99_us=2200 max_us=3974 cpu_load=0.2 deadline=88 timeout=0 tx_error=0 short=0[0m
[0;32mI (70936) pocket_pan_main: [MIDI] push=91 pop=91 drop=0 hwm=1 last=(n=58 v=75 t=78 hex=903A4B)[0m
[0;32mI (70946) pocket_pan_main: [BLE] state=1 interval_ms=0.00 latency=0 rssi=0 reconnects=0 last_disconnect=0[0m
[0;32mI (70956) pocket_pan_main: [MEM] internal_free=147035 largest_internal=43008[0m
