[0;32mI (122) esp_image: segment 1: paddr=0002ed0c vaddr=3fc9be[0;32mI (669) esp_psram: SPI SRAM memory test OK[0m
[0;32mI (678) cpu_start: Pro cpu start user code[0m
[0;32mI (678) cpu_start: cpu freq: 240000000 Hz[0m
[0;32mI (679) app_init: Application information:[0m
[0;32mI (681) app_init: Project name:     pocket_pan[0m
[0;32mI (686) app_init: App version:      ad0ccb1-dirty[0m
[0;32mI (692) app_init: Compile time:     Sep 26 2026 16:45:40[0m
[0;32mI (698) app_init: ELF file SHA256:  9107b8420...[0m
[0;32mI (703) app_init: ESP-IDF:          v5.3-dirty[0m
[0;32mI (708) efuse_init: Min chip rev:     v0.0[0m
[0;32mI (713) efuse_init: Max chip rev:     v0.99 [0m
[0;32mI (718) efuse_init: Chip rev:         v0.2[0m
[0;32mI (723) heap_init: Initializing. RAM available for dynamic allocation:[0m
[0;32mI (730) heap_init: At 3FCA9D40 len 0003F9D0 (254 KiB): RAM[0m
[0;32mI (736) heap_init: At 3FCE9710 len 00005724 (21 KiB): RAM[0m
[0;32mI (742) heap_init: At 3FCF0000 len 00008000 (32 KiB): DRAM[0m
[0;32mI (748) heap_init: At 600FE100 len 00001EE8 (7 KiB): RTCRAM[0m
[0;32mI (755) esp_psram: Adding pool of 2048K of PSRAM memory to heap allocator[0m
[0;32mI (763) spi_flash: detected chip: generic[0m
[0;32mI (767) spi_flash: flash io: dio[0m
[0;32mI (771) sleep: Configure to isolate all GPIO pins in sleep state[0m
[0;32mI (778) sleep: Enable automatic switching of GPIO sleep configuration[0m
[0;32mI (785) coexist: coex firmware version: dab85ae96[0m
[0;32mI (790) coexist: coexist rom version e7ae62f[0m
[0;32mI (795) main_task: Started on CPU0[0m
[0;32mI (805) esp_psram: Reserving pool of 32K of internal memory for DMA/internal allocations[0m
[0;32mI (805) main_task: Calling app_main()[0m
[0;32mI (815) pocket_pan_main: ===============================================[0m
[0;32mI (815) pocket_pan_main:   Pocket Pan / Metal Modal Synthesizer v1.0.0[0m
[0;32mI (825) pocket_pan_main:   Hardware: TENSTAR TS-ESP32-S3 (Feather TFT)[0m
[0;32mI (835) pocket_pan_main: ===============================================[0m
[0;32mI (845) gpio: GPIO[10]| InputEn: 0| OutputEn: 1| OpenDrain: 0| Pullup: 0| Pulldown: 1| Intr:0 [0m
[0;32mI (855) AudioI2S: I2S TX initialized (48kHz, 32-bit slot, stereo, 6x128 frames DMA = 1024 bytes/buf)[0m
[0;32mI (865) AudioI2S: Audio task started on Core 0 at priority 12[0m
[0;32mI (875) BLE_INIT: BT controller compile version [ba3b3e3][0m
[0;32mI (875) BLE_INIT: Bluetooth MAC: b4:3a:45:ae:6f:2a[0m
[0;32mI (875) phy_init: phy_version 680,a6008b2,Jun  4 2024,16:41:10[0m
[0;32mI (925) BleMidi: NimBLE Host task running on Core 1[0m
[0;32mI (925) BleMidi: NimBLE BLE MIDI Central initialized and pinned to Core 1[0m
[0;32mI (925) gpio: GPIO[39]| InputEn: 0| OutputEn: 1| OpenDrain: 0| Pullup: 0| Pulldown: 0| Intr:0 [0m
[0;32mI (925) NimBLE: Failed to restore IRKs from store; status=8
[0m
[0;32mI (935) gpio: GPIO[40]| InputEn: 0| OutputEn: 1| OpenDrain: 0| Pullup: 0| Pulldown: 0| Intr:0 [0m
[0;32mI (945) NimBLE: GAP procedure initiated: discovery; [0m
[0;32mI (955) gpio: GPIO[21]| InputEn: 0| OutputEn: 1| OpenDrain: 0| Pullup: 0| Pulldown: 0| Intr:0 [0m
[0;32mI (955) NimBLE: own_addr_type=0 filter_policy=0 passive=0 limited=0 filter_duplicates=1 [0m
[0;32mI (975) NimBLE: duration=forever[0m
[0;32mI (985) NimBLE: 
[0m
[0;32mI (985) BleMidi: Scanning for BLE MIDI devices...[0m
[0;32mI (1145) BleMidi: BLE MIDI device found (59:FB:B6:B7:BF:0F); connecting[0m
[0;32mI (1145) NimBLE: GAP procedure initiated: connect; [0m
[0;32mI (1145) NimBLE: peer_addr_type=0 peer_addr=[0m
[0;32mI (1155) NimBLE: 59:fb:b6:b7:bf:0f[0m
[0;32mI (1155) NimBLE:  scan_itvl=16 scan_window=16 itvl_min=24 itvl_max=40 latency=0 supervision_timeout=256 min_ce_len=0 max_ce_len=0 own_addr_type=0[0m
[0;32mI (1175) NimBLE: 
[0m
[0;32mI (1185) gpio: GPIO[45]| InputEn: 0| OutputEn: 1| OpenDrain: 0| Pullup: 0| Pulldown: 0| Intr:0 [0m
[0;32mI (1185) Display: ST7789 240x135 display initialized successfully[0m
[0;32mI (1195) pocket_pan_main: Pocket Pan initialization complete. Realtime audio active.[0m
[0;32mI (1195) gpio: GPIO[0]| InputEn: 1| OutputEn: 0| OpenDrain: 0| Pullup: 1| Pulldown: 0| Intr:0 [0m
[0;32mI (1205) main_task: Returned from app_main()[0m
[0;32mI (1255) BleMidi: BLE Connected! conn_handle=1[0m
[0;32mI (1255) NimBLE: GAP procedure initiated: [0m
[0;32mI (1255) NimBLE: connection parameter update; conn_handle=1 itvl_min=6 itvl_max=12 latency=0 supervision_timeout=200 min_ce_len=0 max_ce_len=0[0m
[0;32mI (1265) NimBLE: 
[0m
[0;32mI (1265) BleMidi: Requested connection params 7.5-15ms latency=0 timeout=2s rc=0[0m
[0;32mI (1275) NimBLE: GATT procedure initiated: discover all services
[0m
[0;32mI (1575) BleMidi: Found BLE MIDI Service! start_handle=112 end_handle=115[0m
[0;32mI (1575) NimBLE: GATT procedure initiated: discover all characteristics; [0m
[0;32mI (1575) NimBLE: start_handle=112 end_handle=115
[0m
[0;32mI (1675) BleMidi: Found BLE MIDI Characteristic! def_handle=113 val_handle=114 props=0x16[0m
[0;32mI (1675) NimBLE: GATT procedure initiated: discover all descriptors; [0m
[0;32mI (1675) NimBLE: chr_val_handle=114 end_handle=115
[0m
[0;32mI (1775) BleMidi: Discovered CCCD (0x2902) handle=115[0m
[0;32mI (1775) NimBLE: GATT procedure initiated: write; [0m
[0;32mI (1775) NimBLE: att_handle=115 len=2
[0m
[0;32mI (1825) BleMidi: Negotiated params interval=7.50ms latency=0 timeout=2000ms[0m
[0;32mI (1845) BleMidi: CCCD subscription successful; BLE MIDI ready[0m
[0;32mI (1845) NimBLE: GAP procedure initiated: [0m
[0;32mI (1845) NimBLE: connection parameter update; conn_handle=1 itvl_min=6 itvl_max=9 latency=0 supervision_timeout=100 min_ce_len=0 max_ce_len=0[0m
[0;32mI (1855) NimBLE: 
[0m
[0;32mI (1935) BleMidi: Negotiated params interval=11.25ms latency=0 timeout=1000ms[0m
[0;32mI (5795) pocket_pan_main: [AUDIO] model=PAN blocks=1850 avg_us=351 p99_us=0 max_us=711 cpu_load=13.2 deadline=0 timeout=0 tx_error=0 short=0[0m
[0;32mI (5805) pocket_pan_main: [MIDI] push=0 pop=0 drop=0 hwm=0 last=(n=62 v=0 t=78 hex=000000)[0m
[0;32mI (5805) pocket_pan_main: [BLE] state=8 interval_ms=11.25 latency=0 rssi=-55 reconnects=0 last_disconnect=0[0m
[0;32mI (5825) pocket_pan_main: [MEM] internal_free=158971 largest_internal=55296[0m
[0;32mI (10805) pocket_pan_main: [AUDIO] model=PAN blocks=3728 avg_us=352 p99_us=500 max_us=711 cpu_load=13.2 deadline=0 timeout=0 tx_error=0 short=0[0m
[0;32mI (10805) pocket_pan_main: [MIDI] push=0 pop=0 drop=0 hwm=0 last=(n=62 v=0 t=78 hex=000000)[0m
[0;32mI (10815) pocket_pan_main: [BLE] state=8 interval_ms=11.25 latency=0 rssi=-56 reconnects=0 last_disconnect=0[0m
[0;32mI (10825) pocket_pan_main: [MEM] internal_free=158971 largest_internal=55296[0m
[0;32mI (15815) pocket_pan_main: [AUDIO] model=PAN blocks=5608 avg_us=351 p99_us=475 max_us=711 cpu_load=13.2 deadline=0 timeout=0 tx_error=0 short=0[0m
[0;32mI (15825) pocket_pan_main: [MIDI] push=0 pop=0 drop=0 hwm=0 last=(n=62 v=0 t=78 hex=000000)[0m
[0;32mI (15835) pocket_pan_main: [BLE] state=8 interval_ms=11.25 latency=0 rssi=-55 reconnects=0 last_disconnect=0[0m
[0;32mI (15845) pocket_pan_main: [MEM] internal_free=158971 largest_internal=55296[0m
