[0;32mI (122) esp_image: segment 1: paddr=0002ee9c vaddr=3fc9c0[0;32mI (670) esp_psram: SPI SRAM memory test OK[0m
[0;32mI (679) cpu_start: Pro cpu start user code[0m
[0;32mI (679) cpu_start: cpu freq: 240000000 Hz[0m
[0;32mI (679) app_init: Application information:[0m
[0;32mI (682) app_init: Project name:     pocket_pan[0m
[0;32mI (687) app_init: App version:      a119560-dirty[0m
[0;32mI (693) app_init: Compile time:     Sep 26 2026 18:25:00[0m
[0;32mI (699) app_init: ELF file SHA256:  8f3c8140c...[0m
[0;32mI (704) app_init: ESP-IDF:          v5.3-dirty[0m
[0;32mI (709) efuse_init: Min chip rev:     v0.0[0m
[0;32mI (714) efuse_init: Max chip rev:     v0.99 [0m
[0;32mI (719) efuse_init: Chip rev:         v0.2[0m
[0;32mI (724) heap_init: Initializing. RAM available for dynamic allocation:[0m
[0;32mI (731) heap_init: At 3FCBD458 len 0002C2B8 (176 KiB): RAM[0m
[0;32mI (737) heap_init: At 3FCE9710 len 00005724 (21 KiB): RAM[0m
[0;32mI (743) heap_init: At 3FCF0000 len 00008000 (32 KiB): DRAM[0m
[0;32mI (749) heap_init: At 600FE100 len 00001EE8 (7 KiB): RTCRAM[0m
[0;32mI (756) esp_psram: Adding pool of 2048K of PSRAM memory to heap allocator[0m
[0;32mI (764) spi_flash: detected chip: generic[0m
[0;32mI (767) spi_flash: flash io: dio[0m
[0;32mI (772) sleep: Configure to isolate all GPIO pins in sleep state[0m
[0;32mI (778) sleep: Enable automatic switching of GPIO sleep configuration[0m
[0;32mI (785) coexist: coex firmware version: dab85ae96[0m
[0;32mI (791) coexist: coexist rom version e7ae62f[0m
[0;32mI (796) main_task: Started on CPU0[0m
[0;32mI (806) esp_psram: Reserving pool of 32K of internal memory for DMA/internal allocations[0m
[0;32mI (806) main_task: Calling app_main()[0m
[0;32mI (816) pocket_pan_main: ===============================================[0m
[0;32mI (816) pocket_pan_main:   Pocket Pan / Metal Modal Synthesizer v1.0.0[0m
[0;32mI (826) pocket_pan_main:   Hardware: TENSTAR TS-ESP32-S3 (Feather TFT)[0m
[0;32mI (836) pocket_pan_main: ===============================================[0m
[0;32mI (846) pocket_pan_main: [FORENSICS] candidate=16 profile=0 cpu_mhz=240 optimization_perf=1[0m
[0;32mI (856) gpio: GPIO[10]| InputEn: 0| OutputEn: 1| OpenDrain: 0| Pullup: 0| Pulldown: 1| Intr:0 [0m
[0;32mI (866) AudioI2S: I2S TX initialized (48kHz, 32-bit slot, stereo, 6x128 frames DMA = 1024 bytes/buf)[0m
[0;32mI (876) AudioI2S: Audio task started on Core 0 at priority 12[0m
[0;32mI (876) BLE_INIT: BT controller compile version [ba3b3e3][0m
[0;32mI (886) BLE_INIT: Bluetooth MAC: b4:3a:45:ae:6f:2a[0m
[0;32mI (886) phy_init: phy_version 680,a6008b2,Jun  4 2024,16:41:10[0m
[0;32mI (926) BleMidi: NimBLE Host task running on Core 1[0m
[0;32mI (926) BleMidi: NimBLE BLE MIDI Central initialized and pinned to Core 1[0m
[0;31mE (936) Display: Failed to allocate display framebuffer[0m
[0;32mI (936) NimBLE: Failed to restore IRKs from store; status=8
[0m
[0;31mE (936) pocket_pan_main: Failed to initialize ST7789 display[0m
[0;32mI (946) NimBLE: GAP procedure initiated: discovery; [0m
[0;32mI (946) pocket_pan_main: Pocket Pan initialization complete. Realtime audio active.[0m
[0;32mI (956) NimBLE: own_addr_type=0 filter_policy=0 passive=0 limited=0 filter_duplicates=1 [0m
[0;32mI (976) NimBLE: duration=forever[0m
[0;32mI (966) main_task: Returned from app_main()[0m
[0;32mI (976) NimBLE: 
[0m
[0;32mI (986) BleMidi: Scanning for BLE MIDI devices...[0m
[0;32mI (956) gpio: GPIO[0]| InputEn: 1| OutputEn: 0| OpenDrain: 0| Pullup: 1| Pulldown: 0| Intr:0 [0m
[0;32mI (996) BleMidi: BLE MIDI device found (59:FB:B6:B7:BF:0F); connecting[0m
[0;32mI (1006) NimBLE: GAP procedure initiated: connect; [0m
[0;32mI (1016) NimBLE: peer_addr_type=0 peer_addr=[0m
[0;32mI (1016) NimBLE: 59:fb:b6:b7:bf:0f[0m
[0;32mI (1026) NimBLE:  scan_itvl=16 scan_window=16 itvl_min=24 itvl_max=40 latency=0 supervision_timeout=256 min_ce_len=0 max_ce_len=0 own_addr_type=0[0m
[0;32mI (1036) NimBLE: 
[0m
[0;32mI (1106) BleMidi: BLE Connected! conn_handle=1[0m
[0;32mI (1106) NimBLE: GAP procedure initiated: [0m
[0;32mI (1106) NimBLE: connection parameter update; conn_handle=1 itvl_min=6 itvl_max=12 latency=0 supervision_timeout=200 min_ce_len=0 max_ce_len=0[0m
[0;32mI (1116) NimBLE: 
[0m
[0;32mI (1116) BleMidi: Requested connection params 7.5-15ms latency=0 timeout=2s rc=0[0m
[0;32mI (1126) NimBLE: GATT procedure initiated: discover all services
[0m
[0;32mI (1386) BleMidi: Found BLE MIDI Service! start_handle=112 end_handle=115[0m
[0;32mI (1386) NimBLE: GATT procedure initiated: discover all characteristics; [0m
[0;32mI (1386) NimBLE: start_handle=112 end_handle=115
[0m
[0;32mI (1486) BleMidi: Found BLE MIDI Characteristic! def_handle=113 val_handle=114 props=0x16[0m
[0;32mI (1486) NimBLE: GATT procedure initiated: discover all descriptors; [0m
[0;32mI (1486) NimBLE: chr_val_handle=114 end_handle=115
[0m
[0;32mI (1586) BleMidi: Discovered CCCD (0x2902) handle=115[0m
[0;32mI (1586) NimBLE: GATT procedure initiated: write; [0m
[0;32mI (1586) NimBLE: att_handle=115 len=2
[0m
[0;32mI (1636) BleMidi: Negotiated params interval=7.50ms latency=0 timeout=2000ms[0m
[0;32mI (1646) BleMidi: CCCD subscription successful; BLE MIDI ready[0m
[0;32mI (1656) NimBLE: GAP procedure initiated: [0m
[0;32mI (1656) NimBLE: connection parameter update; conn_handle=1 itvl_min=6 itvl_max=9 latency=0 supervision_timeout=100 min_ce_len=0 max_ce_len=0[0m
[0;32mI (1656) NimBLE: 
[0m
[0;32mI (1746) BleMidi: Negotiated params interval=11.25ms latency=0 timeout=1000ms[0m
[0;32mI (5816) pocket_pan_main: [AUDIO] model=PAN blocks=1852 avg_us=1774 p99_us=0 max_us=4003 cpu_load=66.5 deadline=9 timeout=0 tx_error=0 short=0[0m
[0;32mI (5816) pocket_pan_main: [MIDI] push=0 pop=0 drop=0 hwm=0 last=(n=62 v=0 t=78 hex=000000)[0m
[0;32mI (5826) pocket_pan_main: [BLE] state=8 interval_ms=11.25 latency=0 rssi=-63 reconnects=0 last_disconnect=0[0m
[0;32mI (5836) pocket_pan_main: [MEM] internal_free=146499 largest_internal=43008[0m
[0;32mI (10826) pocket_pan_main: [AUDIO] model=PAN blocks=3732 avg_us=1788 p99_us=2200 max_us=4003 cpu_load=67.0 deadline=19 timeout=0 tx_error=0 short=0[0m
[0;32mI (10826) pocket_pan_main: [MIDI] push=0 pop=0 drop=0 hwm=0 last=(n=62 v=0 t=78 hex=000000)[0m
[0;32mI (10836) pocket_pan_main: [BLE] state=8 interval_ms=11.25 latency=0 rssi=-63 reconnects=0 last_disconnect=0[0m
[0;32mI (10846) pocket_pan_main: [MEM] internal_free=146499 largest_internal=43008[0m
[0;32mI (15836) pocket_pan_main: [AUDIO] model=PAN blocks=5611 avg_us=1798 p99_us=2200 max_us=4003 cpu_load=67.4 deadline=29 timeout=0 tx_error=0 short=0[0m
[0;32mI (15836) pocket_pan_main: [MIDI] push=0 pop=0 drop=0 hwm=0 last=(n=62 v=0 t=78 hex=000000)[0m
[0;32mI (15846) pocket_pan_main: [BLE] state=8 interval_ms=11.25 latency=0 rssi=-62 reconnects=0 last_disconnect=0[0m
[0;32mI (15856) pocket_pan_main: [MEM] internal_free=146499 largest_internal=43008[0m
[0;32mI (20846) pocket_pan_main: [AUDIO] model=PAN blocks=7489 avg_us=1774 p99_us=2200 max_us=4003 cpu_load=66.5 deadline=39 timeout=0 tx_error=0 short=0[0m
[0;32mI (20846) pocket_pan_main: [MIDI] push=0 pop=0 drop=0 hwm=0 last=(n=62 v=0 t=78 hex=000000)[0m
[0;32mI (20856) pocket_pan_main: [BLE] state=8 interval_ms=11.25 latency=0 rssi=-62 reconnects=0 last_disconnect=0[0m
[0;32mI (20866) pocket_pan_main: [MEM] internal_free=146499 largest_internal=43008[0m
[0;32mI (23546) forensics: [CURVE] model=PAN fixture=5 voices=8 class=steady n=8148 avg_us=1771.32 p99_us=2100 max_us=2284 deadline=0 bad_voices=0 ble_lost=0 hard=0 sat=0[0m
[0;32mI (23546) forensics: [HIST] fixture=5 class=steady lower_us=1725 n=5007[0m
[0;32mI (23556) forensics: [HIST] fixture=5 class=steady lower_us=1750 n=1623[0m
[0;32mI (23566) forensics: [HIST] fixture=5 class=steady lower_us=1775 n=332[0m
[0;32mI (23566) forensics: [HIST] fixture=5 class=steady lower_us=1800 n=132[0m
[0;32mI (23576) forensics: [HIST] fixture=5 class=steady lower_us=1825 n=98[0m
[0;32mI (23586) forensics: [HIST] fixture=5 class=steady lower_us=1850 n=112[0m
[0;32mI (23596) forensics: [HIST] fixture=5 class=steady lower_us=1875 n=86[0m
[0;32mI (23596) forensics: [HIST] fixture=5 class=steady lower_us=1900 n=138[0m
[0;32mI (23606) forensics: [HIST] fixture=5 class=steady lower_us=1925 n=196[0m
[0;32mI (23616) forensics: [HIST] fixture=5 class=steady lower_us=1950 n=118[0m
[0;32mI (23616) forensics: [HIST] fixture=5 class=steady lower_us=1975 n=103[0m
[0;32mI (23626) forensics: [HIST] fixture=5 class=steady lower_us=2000 n=49[0m
[0;32mI (23636) forensics: [HIST] fixture=5 class=steady lower_us=2025 n=30[0m
[0;32mI (23646) forensics: [HIST] fixture=5 class=steady lower_us=2050 n=24[0m
[0;32mI (23646) forensics: [HIST] fixture=5 class=steady lower_us=2075 n=24[0m
[0;32mI (23656) forensics: [HIST] fixture=5 class=steady lower_us=2100 n=10[0m
[0;32mI (23666) forensics: [HIST] fixture=5 class=steady lower_us=2125 n=4[0m
[0;32mI (23666) forensics: [HIST] fixture=5 class=steady lower_us=2150 n=13[0m
[0;32mI (23676) forensics: [HIST] fixture=5 class=steady lower_us=2175 n=26[0m
[0;32mI (23686) forensics: [HIST] fixture=5 class=steady lower_us=2200 n=13[0m
[0;32mI (23696) forensics: [HIST] fixture=5 class=steady lower_us=2225 n=9[0m
[0;32mI (23696) forensics: [HIST] fixture=5 class=steady lower_us=2275 n=1[0m
[0;32mI (23706) forensics: [CURVE] model=PAN fixture=5 voices=8 class=event n=44 avg_us=2911.84 p99_us=3350 max_us=3339 deadline=44 bad_voices=0 ble_lost=0 hard=0 sat=0[0m
[0;32mI (23716) forensics: [HIST] fixture=5 class=event lower_us=2800 n=2[0m
[0;32mI (23726) forensics: [HIST] fixture=5 class=event lower_us=2825 n=11[0m
[0;32mI (23736) forensics: [HIST] fixture=5 class=event lower_us=2850 n=11[0m
[0;32mI (23746) forensics: [HIST] fixture=5 class=event lower_us=2875 n=8[0m
[0;32mI (23746) forensics: [HIST] fixture=5 class=event lower_us=2900 n=3[0m
[0;32mI (23756) forensics: [HIST] fixture=5 class=event lower_us=2925 n=1[0m
[0;32mI (23766) forensics: [HIST] fixture=5 class=event lower_us=2975 n=1[0m
[0;32mI (23766) forensics: [HIST] fixture=5 class=event lower_us=3000 n=1[0m
[0;32mI (23776) forensics: [HIST] fixture=5 class=event lower_us=3025 n=1[0m
[0;32mI (23786) forensics: [HIST] fixture=5 class=event lower_us=3125 n=2[0m
[0;32mI (23786) forensics: [HIST] fixture=5 class=event lower_us=3150 n=1[0m
[0;32mI (23796) forensics: [HIST] fixture=5 class=event lower_us=3225 n=1[0m
[0;32mI (23806) forensics: [HIST] fixture=5 class=event lower_us=3325 n=1[0m
[0;32mI (25856) pocket_pan_main: [AUDIO] model=PAN blocks=9368 avg_us=1001 p99_us=2200 max_us=4003 cpu_load=37.5 deadline=44 timeout=0 tx_error=0 short=0[0m
[0;32mI (25856) pocket_pan_main: [MIDI] push=0 pop=0 drop=0 hwm=0 last=(n=62 v=0 t=78 hex=000000)[0m
[0;32mI (25866) pocket_pan_main: [BLE] state=8 interval_ms=11.25 latency=0 rssi=-63 reconnects=0 last_disconnect=0[0m
[0;32mI (25876) pocket_pan_main: [MEM] internal_free=146499 largest_internal=43008[0m
[0;32mI (30866) pocket_pan_main: [AUDIO] model=PAN blocks=11247 avg_us=1002 p99_us=1975 max_us=4003 cpu_load=37.6 deadline=44 timeout=0 tx_error=0 short=0[0m
[0;32mI (30866) pocket_pan_main: [MIDI] push=0 pop=0 drop=0 hwm=0 last=(n=62 v=0 t=78 hex=000000)[0m
[0;32mI (30876) pocket_pan_main: [BLE] state=8 interval_ms=11.25 latency=0 rssi=-65 reconnects=0 last_disconnect=0[0m
[0;32mI (30886) pocket_pan_main: [MEM] internal_free=146499 largest_internal=43008[0m
[0;32mI (35876) pocket_pan_main: [AUDIO] model=PAN blocks=13125 avg_us=999 p99_us=1275 max_us=4003 cpu_load=37.5 deadline=44 timeout=0 tx_error=0 short=0[0m
[0;32mI (35876) pocket_pan_main: [MIDI] push=0 pop=0 drop=0 hwm=0 last=(n=62 v=0 t=78 hex=000000)[0m
[0;32mI (35886) pocket_pan_main: [BLE] state=8 interval_ms=11.25 latency=0 rssi=-64 reconnects=0 last_disconnect=0[0m
[0;32mI (35896) pocket_pan_main: [MEM] internal_free=146499 largest_internal=43008[0m
[0;32mI (40886) pocket_pan_main: [AUDIO] model=PAN blocks=15005 avg_us=994 p99_us=1275 max_us=4003 cpu_load=37.3 deadline=44 timeout=0 tx_error=0 short=0[0m
[0;32mI (40886) pocket_pan_main: [MIDI] push=0 pop=0 drop=0 hwm=0 last=(n=62 v=0 t=78 hex=000000)[0m
[0;32mI (40896) pocket_pan_main: [BLE] state=8 interval_ms=11.25 latency=0 rssi=-64 reconnects=0 last_disconnect=0[0m
[0;32mI (40906) pocket_pan_main: [MEM] internal_free=146499 largest_internal=43008[0m
[0;32mI (45386) forensics: [CURVE] model=BELL fixture=14 voices=4 class=steady n=8148 avg_us=977.17 p99_us=1250 max_us=1379 deadline=0 bad_voices=0 ble_lost=0 hard=0 sat=0[0m
[0;32mI (45396) forensics: [HIST] fixture=14 class=steady lower_us=925 n=3243[0m
[0;32mI (45396) forensics: [HIST] fixture=14 class=steady lower_us=950 n=3393[0m
[0;32mI (45406) forensics: [HIST] fixture=14 class=steady lower_us=975 n=402[0m
[0;32mI (45416) forensics: [HIST] fixture=14 class=steady lower_us=1000 n=59[0m
[0;32mI (45416) forensics: [HIST] fixture=14 class=steady lower_us=1025 n=95[0m
[0;32mI (45426) forensics: [HIST] fixture=14 class=steady lower_us=1050 n=78[0m
[0;32mI (45436) forensics: [HIST] fixture=14 class=steady lower_us=1075 n=92[0m
[0;32mI (45446) forensics: [HIST] fixture=14 class=steady lower_us=1100 n=115[0m
[0;32mI (45446) forensics: [HIST] fixture=14 class=steady lower_us=1125 n=303[0m
[0;32mI (45456) forensics: [HIST] fixture=14 class=steady lower_us=1150 n=163[0m
[0;32mI (45466) forensics: [HIST] fixture=14 class=steady lower_us=1175 n=47[0m
[0;32mI (45476) forensics: [HIST] fixture=14 class=steady lower_us=1200 n=35[0m
[0;32mI (45476) forensics: [HIST] fixture=14 class=steady lower_us=1225 n=47[0m
[0;32mI (45486) forensics: [HIST] fixture=14 class=steady lower_us=1250 n=54[0m
[0;32mI (45496) forensics: [HIST] fixture=14 class=steady lower_us=1275 n=13[0m
[0;32mI (45496) forensics: [HIST] fixture=14 class=steady lower_us=1300 n=4[0m
[0;32mI (45506) forensics: [HIST] fixture=14 class=steady lower_us=1325 n=2[0m
[0;32mI (45516) forensics: [HIST] fixture=14 class=steady lower_us=1350 n=1[0m
[0;32mI (45526) forensics: [HIST] fixture=14 class=steady lower_us=1375 n=2[0m
[0;32mI (45526) forensics: [CURVE] model=BELL fixture=14 voices=4 class=event n=44 avg_us=1763.93 p99_us=2150 max_us=2138 deadline=0 bad_voices=0 ble_lost=0 hard=0 sat=0[0m
[0;32mI (45546) forensics: [HIST] fixture=14 class=event lower_us=1675 n=2[0m
[0;32mI (45546) forensics: [HIST] fixture=14 class=event lower_us=1700 n=16[0m
[0;32mI (45556) forensics: [HIST] fixture=14 class=event lower_us=1725 n=13[0m
[0;32mI (45566) forensics: [HIST] fixture=14 class=event lower_us=1750 n=5[0m
[0;32mI (45576) forensics: [HIST] fixture=14 class=event lower_us=1825 n=2[0m
[0;32mI (45576) forensics: [HIST] fixture=14 class=event lower_us=1850 n=1[0m
[0;32mI (45586) forensics: [HIST] fixture=14 class=event lower_us=1875 n=2[0m
[0;32mI (45596) forensics: [HIST] fixture=14 class=event lower_us=1900 n=1[0m
[0;32mI (45596) forensics: [HIST] fixture=14 class=event lower_us=2100 n=1[0m
[0;32mI (45606) forensics: [HIST] fixture=14 class=event lower_us=2125 n=1[0m
[0;32mI (45886) pocket_pan_main: [AUDIO] model=PAN blocks=16880 avg_us=1695 p99_us=1300 max_us=4003 cpu_load=63.6 deadline=46 timeout=0 tx_error=0 short=0[0m
[0;32mI (45886) pocket_pan_main: [MIDI] push=0 pop=0 drop=0 hwm=0 last=(n=62 v=0 t=78 hex=000000)[0m
[0;32mI (45896) pocket_pan_main: [BLE] state=8 interval_ms=11.25 latency=0 rssi=-66 reconnects=0 last_disconnect=0[0m
[0;32mI (45906) pocket_pan_main: [MEM] internal_free=146499 largest_internal=43008[0m
[0;32mI (50896) pocket_pan_main: [AUDIO] model=PAN blocks=18757 avg_us=1634 p99_us=2050 max_us=4003 cpu_load=61.3 deadline=55 timeout=0 tx_error=0 short=0[0m
[0;32mI (50896) pocket_pan_main: [MIDI] push=0 pop=0 drop=0 hwm=0 last=(n=62 v=0 t=78 hex=000000)[0m
[0;32mI (50906) pocket_pan_main: [BLE] state=8 interval_ms=11.25 latency=0 rssi=-67 reconnects=0 last_disconnect=0[0m
[0;32mI (50916) pocket_pan_main: [MEM] internal_free=146499 largest_internal=43008[0m
[0;32mI (55906) pocket_pan_main: [AUDIO] model=PAN blocks=20637 avg_us=1635 p99_us=2125 max_us=4003 cpu_load=61.3 deadline=65 timeout=0 tx_error=0 short=0[0m
[0;32mI (55906) pocket_pan_main: [MIDI] push=0 pop=0 drop=0 hwm=0 last=(n=62 v=0 t=78 hex=000000)[0m
[0;32mI (55916) pocket_pan_main: [BLE] state=8 interval_ms=11.25 latency=0 rssi=-66 reconnects=0 last_disconnect=0[0m
[0;32mI (55926) pocket_pan_main: [MEM] internal_free=146499 largest_internal=43008[0m
[0;32mI (60916) pocket_pan_main: [AUDIO] model=PAN blocks=22516 avg_us=1627 p99_us=2125 max_us=4003 cpu_load=61.0 deadline=75 timeout=0 tx_error=0 short=0[0m
[0;32mI (60916) pocket_pan_main: [MIDI] push=0 pop=0 drop=0 hwm=0 last=(n=62 v=0 t=78 hex=000000)[0m
[0;32mI (60926) pocket_pan_main: [BLE] state=8 interval_ms=11.25 latency=0 rssi=-65 reconnects=0 last_disconnect=0[0m
[0;32mI (60936) pocket_pan_main: [MEM] internal_free=146499 largest_internal=43008[0m
[0;32mI (65926) pocket_pan_main: [AUDIO] model=PAN blocks=24393 avg_us=1661 p99_us=2125 max_us=4003 cpu_load=62.3 deadline=85 timeout=0 tx_error=0 short=0[0m
[0;32mI (65926) pocket_pan_main: [MIDI] push=0 pop=0 drop=0 hwm=0 last=(n=62 v=0 t=78 hex=000000)[0m
[0;32mI (65936) pocket_pan_main: [BLE] state=8 interval_ms=11.25 latency=0 rssi=-65 reconnects=0 last_disconnect=0[0m
[0;32mI (65946) pocket_pan_main: [MEM] internal_free=146499 largest_internal=43008[0m
[0;32mI (67216) forensics: [CURVE] model=BELL fixture=13 voices=8 class=steady n=8148 avg_us=1630.46 p99_us=1900 max_us=2308 deadline=0 bad_voices=0 ble_lost=0 hard=0 sat=0[0m
[0;32mI (67216) forensics: [HIST] fixture=13 class=steady lower_us=1575 n=2363[0m
[0;32mI (67226) forensics: [HIST] fixture=13 class=steady lower_us=1600 n=4103[0m
[0;32mI (67236) forensics: [HIST] fixture=13 class=steady lower_us=1625 n=541[0m
[0;32mI (67246) forensics: [HIST] fixture=13 class=steady lower_us=1650 n=69[0m
[0;32mI (67246) forensics: [HIST] fixture=13 class=steady lower_us=1675 n=81[0m
[0;32mI (67256) forensics: [HIST] fixture=13 class=steady lower_us=1700 n=131[0m
[0;32mI (67266) forensics: [HIST] fixture=13 class=steady lower_us=1725 n=81[0m
[0;32mI (67276) forensics: [HIST] fixture=13 class=steady lower_us=1750 n=86[0m
[0;32mI (67276) forensics: [HIST] fixture=13 class=steady lower_us=1775 n=323[0m
[0;32mI (67286) forensics: [HIST] fixture=13 class=steady lower_us=1800 n=168[0m
[0;32mI (67296) forensics: [HIST] fixture=13 class=steady lower_us=1825 n=68[0m
[0;32mI (67296) forensics: [HIST] fixture=13 class=steady lower_us=1850 n=51[0m
[0;32mI (67306) forensics: [HIST] fixture=13 class=steady lower_us=1875 n=13[0m
[0;32mI (67316) forensics: [HIST] fixture=13 class=steady lower_us=1900 n=4[0m
[0;32mI (67326) forensics: [HIST] fixture=13 class=steady lower_us=1925 n=4[0m
[0;32mI (67326) forensics: [HIST] fixture=13 class=steady lower_us=1950 n=5[0m
[0;32mI (67336) forensics: [HIST] fixture=13 class=steady lower_us=1975 n=4[0m
[0;32mI (67346) forensics: [HIST] fixture=13 class=steady lower_us=2000 n=2[0m
[0;32mI (67346) forensics: [HIST] fixture=13 class=steady lower_us=2050 n=4[0m
[0;32mI (67356) forensics: [HIST] fixture=13 class=steady lower_us=2075 n=1[0m
[0;32mI (67366) forensics: [HIST] fixture=13 class=steady lower_us=2100 n=15[0m
[0;32mI (67376) forensics: [HIST] fixture=13 class=steady lower_us=2125 n=25[0m
[0;32mI (67376) forensics: [HIST] fixture=13 class=steady lower_us=2150 n=4[0m
[0;32mI (67386) forensics: [HIST] fixture=13 class=steady lower_us=2275 n=1[0m
[0;32mI (67396) forensics: [HIST] fixture=13 class=steady lower_us=2300 n=1[0m
[0;32mI (67396) forensics: [CURVE] model=BELL fixture=13 voices=8 class=event n=44 avg_us=2909.33 p99_us=3500 max_us=3476 deadline=44 bad_voices=0 ble_lost=0 hard=0 sat=0[0m
[0;32mI (67416) forensics: [HIST] fixture=13 class=event lower_us=2800 n=4[0m
[0;32mI (67426) forensics: [HIST] fixture=13 class=event lower_us=2825 n=18[0m
[0;32mI (67426) forensics: [HIST] fixture=13 class=event lower_us=2850 n=11[0m
[0;32mI (67436) forensics: [HIST] fixture=13 class=event lower_us=2875 n=2[0m
[0;32mI (67446) forensics: [HIST] fixture=13 class=event lower_us=2950 n=1[0m
[0;32mI (67456) forensics: [HIST] fixture=13 class=event lower_us=2975 n=1[0m
[0;32mI (67456) forensics: [HIST] fixture=13 class=event lower_us=3000 n=2[0m
[0;32mI (67466) forensics: [HIST] fixture=13 class=event lower_us=3100 n=1[0m
[0;32mI (67476) forensics: [HIST] fixture=13 class=event lower_us=3200 n=1[0m
[0;32mI (67476) forensics: [HIST] fixture=13 class=event lower_us=3325 n=2[0m
[0;32mI (67486) forensics: [HIST] fixture=13 class=event lower_us=3475 n=1[0m
[0;32mI (70946) pocket_pan_main: [AUDIO] model=PAN blocks=26277 avg_us=6 p99_us=2125 max_us=4003 cpu_load=0.2 deadline=88 timeout=0 tx_error=0 short=0[0m
[0;32mI (70946) pocket_pan_main: [MIDI] push=0 pop=0 drop=0 hwm=0 last=(n=62 v=0 t=78 hex=000000)[0m
[0;32mI (70956) pocket_pan_main: [BLE] state=8 interval_ms=11.25 latency=0 rssi=-66 reconnects=0 last_disconnect=0[0m
[0;32mI (70966) pocket_pan_main: [MEM] internal_free=146499 largest_internal=43008[0m
