[0;32mI (709) efuse_init: Min chip rev:     v0.0[0m
[0;32mI (714) efuse_init: Max chip rev:     v0.99 [0m
[0;32mI (719) efuse_init: Chip rev:         v0.2[0m
[0;32mI (724) heap_init: Initializing. RAM available for dynamic allocation:[0m
[0;32mI (731) heap_init: At 3FCBD958 len 0002BDB8 (175 KiB): RAM[0m
[0;32mI (737) heap_init: At 3FCE9710 len 00005724 (21 KiB): RAM[0m
[0;32mI (743) heap_init: At 3FCF0000 len 00008000 (32 KiB): DRAM[0m
[0;32mI (749) heap_init: At 600FE100 len 00001EE8 (7 KiB): RTCRAM[0m
[0;32mI (756) esp_psram: Adding pool of 2048K of PSRAM memory to heap allocator[0m
[0;32mI (764) spi_flash: detected chip: generic[0m
[0;32mI (768) spi_flash: flash io: dio[0m
[0;32mI (772) sleep: Configure to isolate all GPIO pins in sleep state[0m
[0;32mI (778) sleep: Enable automatic switching of GPIO sleep configuration[0m
[0;32mI (786) coexist: coex firmware version: dab85ae96[0m
[0;32mI (791) coexist: coexist rom version e7ae62f[0m
[0;32mI (796) main_task: Started on CPU0[0m
[0;32mI (806) esp_psram: Reserving pool of 32K of internal memory for DMA/internal allocations[0m
[0;32mI (806) main_task: Calling app_main()[0m
[0;32mI (816) pocket_pan_main: ===============================================[0m
[0;32mI (816) pocket_pan_main:   Pocket Pan / Metal Modal Synthesizer v1.0.0[0m
[0;32mI (826) pocket_pan_main:   Hardware: TENSTAR TS-ESP32-S3 (Feather TFT)[0m
[0;32mI (836) pocket_pan_main: ===============================================[0m
[0;32mI (846) pocket_pan_main: [FORENSICS] candidate=20 profile=0 cpu_mhz=240 optimization_perf=1[0m
[0;32mI (856) gpio: GPIO[10]| InputEn: 0| OutputEn: 1| OpenDrain: 0| Pullup: 0| Pulldown: 1| Intr:0 [0m
[0;32mI (866) AudioI2S: I2S TX initialized (48kHz, 32-bit slot, stereo, 6x128 frames DMA = 1024 bytes/buf)[0m
[0;32mI (876) AudioI2S: Audio task started on Core 0 at priority 12[0m
[0;32mI (876) BLE_INIT: BT controller compile version [ba3b3e3][0m
[0;32mI (886) BLE_INIT: Bluetooth MAC: b4:3a:45:ae:6f:2a[0m
[0;32mI (886) phy_init: phy_version 680,a6008b2,Jun  4 2024,16:41:10[0m
[0;32mI (926) BleMidi: NimBLE BLE MIDI Central initialized and pinned to Core 1[0m
[0;32mI (926) BleMidi: NimBLE Host task running on Core 1[0m
[0;31mE (926) Display: Failed to allocate display framebuffer[0m
[0;32mI (936) NimBLE: Failed to restore IRKs from store; status=8
[0m
[0;31mE (936) pocket_pan_main: Failed to initialize ST7789 display[0m
[0;32mI (946) NimBLE: GAP procedure initiated: discovery; [0m
[0;32mI (946) pocket_pan_main: Pocket Pan initialization complete. Realtime audio active.[0m
[0;32mI (956) NimBLE: own_addr_type=0 filter_policy=0 passive=0 limited=0 filter_duplicates=1 [0m
[0;32mI (976) NimBLE: duration=forever[0m
[0;32mI (966) main_task: Returned from app_main()[0m
[0;32mI (976) NimBLE: 
[0m
[0;32mI (986) BleMidi: Scanning for BLE MIDI devices...[0m
[0;32mI (956) gpio: GPIO[0]| InputEn: 1| OutputEn: 0| OpenDrain: 0| Pullup: 1| Pulldown: 0| Intr:0 [0m
[0;32mI (1086) BleMidi: BLE MIDI device found (59:FB:B6:B7:BF:0F); connecting[0m
[0;32mI (1096) NimBLE: GAP procedure initiated: connect; [0m
[0;32mI (1096) NimBLE: peer_addr_type=0 peer_addr=[0m
[0;32mI (1096) NimBLE: 59:fb:b6:b7:bf:0f[0m
[0;32mI (1106) NimBLE:  scan_itvl=16 scan_window=16 itvl_min=24 itvl_max=40 latency=0 supervision_timeout=256 min_ce_len=0 max_ce_len=0 own_addr_type=0[0m
[0;32mI (1116) NimBLE: 
[0m
[0;32mI (1296) BleMidi: BLE Connected! conn_handle=1[0m
[0;32mI (1296) NimBLE: GAP procedure initiated: [0m
[0;32mI (1296) NimBLE: connection parameter update; conn_handle=1 itvl_min=6 itvl_max=12 latency=0 supervision_timeout=200 min_ce_len=0 max_ce_len=0[0m
[0;32mI (1306) NimBLE: 
[0m
[0;32mI (1316) BleMidi: Requested connection params 7.5-15ms latency=0 timeout=2s rc=0[0m
[0;32mI (1326) NimBLE: GATT procedure initiated: discover all services
[0m
[0;32mI (1586) BleMidi: Found BLE MIDI Service! start_handle=112 end_handle=115[0m
[0;32mI (1586) NimBLE: GATT procedure initiated: discover all characteristics; [0m
[0;32mI (1586) NimBLE: start_handle=112 end_handle=115
[0m
[0;32mI (1686) BleMidi: Found BLE MIDI Characteristic! def_handle=113 val_handle=114 props=0x16[0m
[0;32mI (1686) NimBLE: GATT procedure initiated: discover all descriptors; [0m
[0;32mI (1686) NimBLE: chr_val_handle=114 end_handle=115
[0m
[0;32mI (1786) BleMidi: Discovered CCCD (0x2902) handle=115[0m
[0;32mI (1786) NimBLE: GATT procedure initiated: write; [0m
[0;32mI (1786) NimBLE: att_handle=115 len=2
[0m
[0;32mI (1836) BleMidi: Negotiated params interval=7.50ms latency=0 timeout=2000ms[0m
[0;32mI (1846) BleMidi: CCCD subscription successful; BLE MIDI ready[0m
[0;32mI (1846) NimBLE: GAP procedure initiated: [0m
[0;32mI (1846) NimBLE: connection parameter update; conn_handle=1 itvl_min=6 itvl_max=9 latency=0 supervision_timeout=100 min_ce_len=0 max_ce_len=0[0m
[0;32mI (1866) NimBLE: 
[0m
[0;32mI (1936) BleMidi: Negotiated params interval=11.25ms latency=0 timeout=1000ms[0m
[0;32mI (5796) pocket_pan_main: [AUDIO] model=PAN blocks=1846 avg_us=1765 p99_us=0 max_us=3987 cpu_load=66.2 deadline=8 timeout=0 tx_error=0 short=0[0m
[0;32mI (5796) pocket_pan_main: [MIDI] push=1 pop=1 drop=0 hwm=1 last=(n=50 v=75 t=78 hex=90324B)[0m
[0;32mI (5806) pocket_pan_main: [BLE] state=8 interval_ms=11.25 latency=0 rssi=-72 reconnects=0 last_disconnect=0[0m
[0;32mI (5816) pocket_pan_main: [MEM] internal_free=145219 largest_internal=43008[0m
[0;32mI (10806) pocket_pan_main: [AUDIO] model=PAN blocks=3724 avg_us=1762 p99_us=2025 max_us=3987 cpu_load=66.1 deadline=18 timeout=0 tx_error=0 short=0[0m
[0;32mI (10806) pocket_pan_main: [MIDI] push=1 pop=1 drop=0 hwm=1 last=(n=50 v=75 t=78 hex=90324B)[0m
[0;32mI (10816) pocket_pan_main: [BLE] state=8 interval_ms=11.25 latency=0 rssi=-71 reconnects=0 last_disconnect=0[0m
[0;32mI (10826) pocket_pan_main: [MEM] internal_free=145219 largest_internal=43008[0m
[0;32mI (15816) pocket_pan_main: [AUDIO] model=PAN blocks=5602 avg_us=1783 p99_us=2150 max_us=3987 cpu_load=66.9 deadline=28 timeout=0 tx_error=0 short=0[0m
[0;32mI (15816) pocket_pan_main: [MIDI] push=1 pop=1 drop=0 hwm=1 last=(n=50 v=75 t=78 hex=90324B)[0m
[0;32mI (15826) pocket_pan_main: [BLE] state=8 interval_ms=11.25 latency=0 rssi=-68 reconnects=0 last_disconnect=0[0m
[0;32mI (15836) pocket_pan_main: [MEM] internal_free=145219 largest_internal=43008[0m
[0;32mI (20826) pocket_pan_main: [AUDIO] model=PAN blocks=7482 avg_us=1784 p99_us=2150 max_us=3987 cpu_load=66.9 deadline=38 timeout=0 tx_error=0 short=0[0m
[0;32mI (20826) pocket_pan_main: [MIDI] push=1 pop=1 drop=0 hwm=1 last=(n=50 v=75 t=78 hex=90324B)[0m
[0;32mI (20836) pocket_pan_main: [BLE] state=8 interval_ms=11.25 latency=0 rssi=-69 reconnects=0 last_disconnect=0[0m
[0;32mI (20846) pocket_pan_main: [MEM] internal_free=145219 largest_internal=43008[0m
[0;32mI (23736) forensics: [CURVE] model=PAN fixture=5 voices=8 class=steady n=8148 avg_us=1756.02 p99_us=1925 max_us=2425 deadline=0 bad_voices=0 ble_lost=0 hard=0 sat=0[0m
[0;32mI (23736) forensics: [HIST] fixture=5 class=steady lower_us=1725 n=5201[0m
[0;32mI (23746) forensics: [HIST] fixture=5 class=steady lower_us=1750 n=1740[0m
[0;32mI (23756) forensics: [HIST] fixture=5 class=steady lower_us=1775 n=318[0m
[0;32mI (23756) forensics: [HIST] fixture=5 class=steady lower_us=1800 n=322[0m
[0;32mI (23766) forensics: [HIST] fixture=5 class=steady lower_us=1825 n=322[0m
[0;32mI (23776) forensics: [HIST] fixture=5 class=steady lower_us=1850 n=112[0m
[0;32mI (23776) forensics: [HIST] fixture=5 class=steady lower_us=1875 n=37[0m
[0;32mI (23786) forensics: [HIST] fixture=5 class=steady lower_us=1900 n=28[0m
[0;32mI (23796) forensics: [HIST] fixture=5 class=steady lower_us=1925 n=13[0m
[0;32mI (23806) forensics: [HIST] fixture=5 class=steady lower_us=1950 n=3[0m
[0;32mI (23806) forensics: [HIST] fixture=5 class=steady lower_us=1975 n=3[0m
[0;32mI (23816) forensics: [HIST] fixture=5 class=steady lower_us=2000 n=1[0m
[0;32mI (23826) forensics: [HIST] fixture=5 class=steady lower_us=2025 n=2[0m
[0;32mI (23826) forensics: [HIST] fixture=5 class=steady lower_us=2050 n=2[0m
[0;32mI (23836) forensics: [HIST] fixture=5 class=steady lower_us=2125 n=1[0m
[0;32mI (23846) forensics: [HIST] fixture=5 class=steady lower_us=2150 n=17[0m
[0;32mI (23856) forensics: [HIST] fixture=5 class=steady lower_us=2175 n=19[0m
[0;32mI (23856) forensics: [HIST] fixture=5 class=steady lower_us=2200 n=1[0m
[0;32mI (23866) forensics: [HIST] fixture=5 class=steady lower_us=2225 n=1[0m
[0;32mI (23876) forensics: [HIST] fixture=5 class=steady lower_us=2275 n=1[0m
[0;32mI (23876) forensics: [HIST] fixture=5 class=steady lower_us=2325 n=1[0m
[0;32mI (23886) forensics: [HIST] fixture=5 class=steady lower_us=2350 n=2[0m
[0;32mI (23896) forensics: [HIST] fixture=5 class=steady lower_us=2425 n=1[0m
[0;32mI (23896) forensics: [CURVE] model=PAN fixture=5 voices=8 class=event n=44 avg_us=2835.27 p99_us=3050 max_us=3027 deadline=44 bad_voices=0 ble_lost=0 hard=0 sat=0[0m
[0;32mI (23916) forensics: [HIST] fixture=5 class=event lower_us=2775 n=7[0m
[0;32mI (23926) forensics: [HIST] fixture=5 class=event lower_us=2800 n=14[0m
[0;32mI (23926) forensics: [HIST] fixture=5 class=event lower_us=2825 n=14[0m
[0;32mI (23936) forensics: [HIST] fixture=5 class=event lower_us=2850 n=6[0m
[0;32mI (23946) forensics: [HIST] fixture=5 class=event lower_us=2875 n=1[0m
[0;32mI (23946) forensics: [HIST] fixture=5 class=event lower_us=2975 n=1[0m
[0;32mI (23956) forensics: [HIST] fixture=5 class=event lower_us=3025 n=1[0m
[0;32mI (25826) pocket_pan_main: [AUDIO] model=PAN blocks=9356 avg_us=968 p99_us=2150 max_us=3987 cpu_load=36.3 deadline=44 timeout=0 tx_error=0 short=0[0m
[0;32mI (25826) pocket_pan_main: [MIDI] push=1 pop=1 drop=0 hwm=1 last=(n=50 v=75 t=78 hex=90324B)[0m
[0;32mI (25836) pocket_pan_main: [BLE] state=8 interval_ms=11.25 latency=0 rssi=-69 reconnects=0 last_disconnect=0[0m
[0;32mI (25846) pocket_pan_main: [MEM] internal_free=145219 largest_internal=43008[0m
[0;32mI (30836) pocket_pan_main: [AUDIO] model=PAN blocks=11236 avg_us=976 p99_us=1875 max_us=3987 cpu_load=36.6 deadline=44 timeout=0 tx_error=0 short=0[0m
[0;32mI (30836) pocket_pan_main: [MIDI] push=1 pop=1 drop=0 hwm=1 last=(n=50 v=75 t=78 hex=90324B)[0m
[0;32mI (30846) pocket_pan_main: [BLE] state=8 interval_ms=11.25 latency=0 rssi=-69 reconnects=0 last_disconnect=0[0m
[0;32mI (30856) pocket_pan_main: [MEM] internal_free=145219 largest_internal=43008[0m
[0;32mI (35846) pocket_pan_main: [AUDIO] model=PAN blocks=13115 avg_us=981 p99_us=1225 max_us=3987 cpu_load=36.8 deadline=44 timeout=0 tx_error=0 short=0[0m
[0;32mI (35846) pocket_pan_main: [MIDI] push=1 pop=1 drop=0 hwm=1 last=(n=50 v=75 t=78 hex=90324B)[0m
[0;32mI (35856) pocket_pan_main: [BLE] state=8 interval_ms=11.25 latency=0 rssi=-64 reconnects=0 last_disconnect=0[0m
[0;32mI (35866) pocket_pan_main: [MEM] internal_free=145219 largest_internal=43008[0m
[0;32mI (40856) pocket_pan_main: [AUDIO] model=PAN blocks=14992 avg_us=976 p99_us=1225 max_us=3987 cpu_load=36.6 deadline=44 timeout=0 tx_error=0 short=0[0m
[0;32mI (40856) pocket_pan_main: [MIDI] push=1 pop=1 drop=0 hwm=1 last=(n=50 v=75 t=78 hex=90324B)[0m
[0;32mI (40866) pocket_pan_main: [BLE] state=8 interval_ms=11.25 latency=0 rssi=-64 reconnects=0 last_disconnect=0[0m
[0;32mI (40876) pocket_pan_main: [MEM] internal_free=145219 largest_internal=43008[0m
[0;32mI (45566) forensics: [CURVE] model=BELL fixture=14 voices=4 class=steady n=8148 avg_us=963.88 p99_us=1125 max_us=1476 deadline=0 bad_voices=0 ble_lost=0 hard=0 sat=0[0m
[0;32mI (45576) forensics: [HIST] fixture=14 class=steady lower_us=925 n=3062[0m
[0;32mI (45576) forensics: [HIST] fixture=14 class=steady lower_us=950 n=3766[0m
[0;32mI (45586) forensics: [HIST] fixture=14 class=steady lower_us=975 n=390[0m
[0;32mI (45596) forensics: [HIST] fixture=14 class=steady lower_us=1000 n=253[0m
[0;32mI (45596) forensics: [HIST] fixture=14 class=steady lower_us=1025 n=416[0m
[0;32mI (45606) forensics: [HIST] fixture=14 class=steady lower_us=1050 n=114[0m
[0;32mI (45616) forensics: [HIST] fixture=14 class=steady lower_us=1075 n=52[0m
[0;32mI (45626) forensics: [HIST] fixture=14 class=steady lower_us=1100 n=29[0m
[0;32mI (45626) forensics: [HIST] fixture=14 class=steady lower_us=1125 n=12[0m
[0;32mI (45636) forensics: [HIST] fixture=14 class=steady lower_us=1150 n=7[0m
[0;32mI (45646) forensics: [HIST] fixture=14 class=steady lower_us=1175 n=3[0m
[0;32mI (45646) forensics: [HIST] fixture=14 class=steady lower_us=1200 n=2[0m
[0;32mI (45656) forensics: [HIST] fixture=14 class=steady lower_us=1225 n=33[0m
[0;32mI (45666) forensics: [HIST] fixture=14 class=steady lower_us=1250 n=2[0m
[0;32mI (45676) forensics: [HIST] fixture=14 class=steady lower_us=1300 n=1[0m
[0;32mI (45676) forensics: [HIST] fixture=14 class=steady lower_us=1325 n=1[0m
[0;32mI (45686) forensics: [HIST] fixture=14 class=steady lower_us=1375 n=2[0m
[0;32mI (45696) forensics: [HIST] fixture=14 class=steady lower_us=1400 n=2[0m
[0;32mI (45696) forensics: [HIST] fixture=14 class=steady lower_us=1475 n=1[0m
[0;32mI (45706) forensics: [CURVE] model=BELL fixture=14 voices=4 class=event n=44 avg_us=1719.88 p99_us=2050 max_us=2034 deadline=0 bad_voices=0 ble_lost=0 hard=0 sat=0[0m
[0;32mI (45726) forensics: [HIST] fixture=14 class=event lower_us=1625 n=1[0m
[0;32mI (45726) forensics: [HIST] fixture=14 class=event lower_us=1650 n=2[0m
[0;32mI (45736) forensics: [HIST] fixture=14 class=event lower_us=1675 n=16[0m
[0;32mI (45746) forensics: [HIST] fixture=14 class=event lower_us=1700 n=17[0m
[0;32mI (45756) forensics: [HIST] fixture=14 class=event lower_us=1725 n=2[0m
[0;32mI (45756) forensics: [HIST] fixture=14 class=event lower_us=1775 n=3[0m
[0;32mI (45766) forensics: [HIST] fixture=14 class=event lower_us=1825 n=1[0m
[0;32mI (45776) forensics: [HIST] fixture=14 class=event lower_us=1900 n=1[0m
[0;32mI (45776) forensics: [HIST] fixture=14 class=event lower_us=2025 n=1[0m
[0;32mI (45876) pocket_pan_main: [AUDIO] model=PAN blocks=16874 avg_us=1293 p99_us=1225 max_us=3987 cpu_load=48.5 deadline=45 timeout=0 tx_error=0 short=0[0m
[0;32mI (45876) pocket_pan_main: [MIDI] push=1 pop=1 drop=0 hwm=1 last=(n=50 v=75 t=78 hex=90324B)[0m
[0;32mI (45886) pocket_pan_main: [BLE] state=8 interval_ms=11.25 latency=0 rssi=-65 reconnects=0 last_disconnect=0[0m
[0;32mI (45896) pocket_pan_main: [MEM] internal_free=145219 largest_internal=43008[0m
[0;32mI (50886) pocket_pan_main: [AUDIO] model=PAN blocks=18755 avg_us=1643 p99_us=1875 max_us=3987 cpu_load=61.6 deadline=55 timeout=0 tx_error=0 short=0[0m
[0;32mI (50886) pocket_pan_main: [MIDI] push=1 pop=1 drop=0 hwm=1 last=(n=50 v=75 t=78 hex=90324B)[0m
[0;32mI (50896) pocket_pan_main: [BLE] state=8 interval_ms=11.25 latency=0 rssi=-64 reconnects=0 last_disconnect=0[0m
[0;32mI (50906) pocket_pan_main: [MEM] internal_free=145219 largest_internal=43008[0m
[0;32mI (55896) pocket_pan_main: [AUDIO] model=PAN blocks=20633 avg_us=1649 p99_us=2100 max_us=3987 cpu_load=61.8 deadline=65 timeout=0 tx_error=0 short=0[0m
[0;32mI (55896) pocket_pan_main: [MIDI] push=1 pop=1 drop=0 hwm=1 last=(n=50 v=75 t=78 hex=90324B)[0m
[0;32mI (55906) pocket_pan_main: [BLE] state=8 interval_ms=11.25 latency=0 rssi=-65 reconnects=0 last_disconnect=0[0m
[0;32mI (55916) pocket_pan_main: [MEM] internal_free=145219 largest_internal=43008[0m
[0;32mI (60906) pocket_pan_main: [AUDIO] model=PAN blocks=22511 avg_us=1628 p99_us=2100 max_us=3987 cpu_load=61.0 deadline=75 timeout=0 tx_error=0 short=0[0m
[0;32mI (60906) pocket_pan_main: [MIDI] push=1 pop=1 drop=0 hwm=1 last=(n=50 v=75 t=78 hex=90324B)[0m
[0;32mI (60916) pocket_pan_main: [BLE] state=8 interval_ms=11.25 latency=0 rssi=-64 reconnects=0 last_disconnect=0[0m
[0;32mI (60926) pocket_pan_main: [MEM] internal_free=145219 largest_internal=43008[0m
[0;32mI (65916) pocket_pan_main: [AUDIO] model=PAN blocks=24391 avg_us=1639 p99_us=2100 max_us=3987 cpu_load=61.5 deadline=85 timeout=0 tx_error=0 short=0[0m
[0;32mI (65916) pocket_pan_main: [MIDI] push=1 pop=1 drop=0 hwm=1 last=(n=50 v=75 t=78 hex=90324B)[0m
[0;32mI (65926) pocket_pan_main: [BLE] state=8 interval_ms=11.25 latency=0 rssi=-65 reconnects=0 last_disconnect=0[0m
[0;32mI (65936) pocket_pan_main: [MEM] internal_free=145219 largest_internal=43008[0m
[0;32mI (67416) forensics: [CURVE] model=BELL fixture=13 voices=8 class=steady n=8148 avg_us=1617.47 p99_us=1775 max_us=2290 deadline=0 bad_voices=0 ble_lost=0 hard=0 sat=0[0m
[0;32mI (67416) forensics: [HIST] fixture=13 class=steady lower_us=1575 n=2678[0m
[0;32mI (67426) forensics: [HIST] fixture=13 class=steady lower_us=1600 n=4011[0m
[0;32mI (67436) forensics: [HIST] fixture=13 class=steady lower_us=1625 n=520[0m
[0;32mI (67446) forensics: [HIST] fixture=13 class=steady lower_us=1650 n=237[0m
[0;32mI (67446) forensics: [HIST] fixture=13 class=steady lower_us=1675 n=412[0m
[0;32mI (67456) forensics: [HIST] fixture=13 class=steady lower_us=1700 n=139[0m
[0;32mI (67466) forensics: [HIST] fixture=13 class=steady lower_us=1725 n=45[0m
[0;32mI (67466) forensics: [HIST] fixture=13 class=steady lower_us=1750 n=33[0m
[0;32mI (67476) forensics: [HIST] fixture=13 class=steady lower_us=1775 n=16[0m
[0;32mI (67486) forensics: [HIST] fixture=13 class=steady lower_us=1800 n=8[0m
[0;32mI (67496) forensics: [HIST] fixture=13 class=steady lower_us=1825 n=2[0m
[0;32mI (67496) forensics: [HIST] fixture=13 class=steady lower_us=1850 n=1[0m
[0;32mI (67506) forensics: [HIST] fixture=13 class=steady lower_us=1875 n=2[0m
[0;32mI (67516) forensics: [HIST] fixture=13 class=steady lower_us=2100 n=35[0m
[0;32mI (67516) forensics: [HIST] fixture=13 class=steady lower_us=2125 n=7[0m
[0;32mI (67526) forensics: [HIST] fixture=13 class=steady lower_us=2250 n=1[0m
[0;32mI (67536) forensics: [HIST] fixture=13 class=steady lower_us=2275 n=1[0m
[0;32mI (67546) forensics: [CURVE] model=BELL fixture=13 voices=8 class=event n=44 avg_us=2838.67 p99_us=3150 max_us=3131 deadline=44 bad_voices=0 ble_lost=0 hard=0 sat=0[0m
[0;32mI (67556) forensics: [HIST] fixture=13 class=event lower_us=2750 n=2[0m
[0;32mI (67566) forensics: [HIST] fixture=13 class=event lower_us=2775 n=4[0m
[0;32mI (67576) forensics: [HIST] fixture=13 class=event lower_us=2800 n=21[0m
[0;32mI (67576) forensics: [HIST] fixture=13 class=event lower_us=2825 n=11[0m
[0;32mI (67586) forensics: [HIST] fixture=13 class=event lower_us=2850 n=1[0m
[0;32mI (67596) forensics: [HIST] fixture=13 class=event lower_us=2900 n=1[0m
[0;32mI (67596) forensics: [HIST] fixture=13 class=event lower_us=3025 n=1[0m
[0;32mI (67606) forensics: [HIST] fixture=13 class=event lower_us=3050 n=2[0m
[0;32mI (67616) forensics: [HIST] fixture=13 class=event lower_us=3125 n=1[0m
[0;32mI (70926) pocket_pan_main: [AUDIO] model=PAN blocks=26269 avg_us=5 p99_us=2100 max_us=3987 cpu_load=0.2 deadline=88 timeout=0 tx_error=0 short=0[0m
[0;32mI (70926) pocket_pan_main: [MIDI] push=1 pop=1 drop=0 hwm=1 last=(n=50 v=75 t=78 hex=90324B)[0m
[0;32mI (70936) pocket_pan_main: [BLE] state=8 interval_ms=11.25 latency=0 rssi=-65 reconnects=0 last_disconnect=0[0m
[0;32mI (70946) pocket_pan_main: [MEM] internal_free=145219 largest_internal=43008[0m
