[0;32mI (122) esp_image: segment 1: paddr=0002ee9c vaddr=3fc9c2[0;32mI (670) esp_psram: SPI SRAM memory test OK[0m
[0;32mI (679) cpu_start: Pro cpu start user code[0m
[0;32mI (679) cpu_start: cpu freq: 240000000 Hz[0m
[0;32mI (679) app_init: Application information:[0m
[0;32mI (682) app_init: Project name:     pocket_pan[0m
[0;32mI (687) app_init: App version:      a119560-dirty[0m
[0;32mI (693) app_init: Compile time:     Sep 26 2026 18:11:57[0m
[0;32mI (699) app_init: ELF file SHA256:  d48620433...[0m
[0;32mI (704) app_init: ESP-IDF:          v5.3-dirty[0m
[0;32mI (709) efuse_init: Min chip rev:     v0.0[0m
[0;32mI (714) efuse_init: Max chip rev:     v0.99 [0m
[0;32mI (719) efuse_init: Chip rev:         v0.2[0m
[0;32mI (724) heap_init: Initializing. RAM available for dynamic allocation:[0m
[0;32mI (731) heap_init: At 3FCBD658 len 0002C0B8 (176 KiB): RAM[0m
[0;32mI (737) heap_init: At 3FCE9710 len 00005724 (21 KiB): RAM[0m
[0;32mI (743) heap_init: At 3FCF0000 len 00008000 (32 KiB): DRAM[0m
[0;32mI (749) heap_init: At 600FE100 len 00001EE8 (7 KiB): RTCRAM[0m
[0;32mI (756) esp_psram: Adding pool of 2048K of PSRAM memory to heap allocator[0m
[0;32mI (764) spi_flash: detected chip: generic[0m
[0;32mI (768) spi_flash: flash io: dio[0m
[0;32mI (772) sleep: Configure to isolate all GPIO pins in sleep state[0m
[0;32mI (778) sleep: Enable automatic switching of GPIO sleep configuration[0m
[0;32mI (785) coexist: coex firmware version: dab85ae96[0m
[0;32mI (791) coexist: coexist rom version e7ae62f[0m
[0;32mI (796) main_task: Started on CPU0[0m
[0;32mI (806) esp_psram: Reserving pool of 32K of internal memory for DMA/internal allocations[0m
[0;32mI (806) main_task: Calling app_main()[0m
[0;32mI (816) pocket_pan_main: ===============================================[0m
[0;32mI (816) pocket_pan_main:   Pocket Pan / Metal Modal Synthesizer v1.0.0[0m
[0;32mI (826) pocket_pan_main:   Hardware: TENSTAR TS-ESP32-S3 (Feather TFT)[0m
[0;32mI (836) pocket_pan_main: ===============================================[0m
[0;32mI (846) pocket_pan_main: [FORENSICS] candidate=18 profile=0 cpu_mhz=240 optimization_perf=1[0m
[0;32mI (856) gpio: GPIO[10]| InputEn: 0| OutputEn: 1| OpenDrain: 0| Pullup: 0| Pulldown: 1| Intr:0 [0m
[0;32mI (866) AudioI2S: I2S TX initialized (48kHz, 32-bit slot, stereo, 6x128 frames DMA = 1024 bytes/buf)[0m
[0;32mI (876) AudioI2S: Audio task started on Core 0 at priority 12[0m
[0;32mI (876) BLE_INIT: BT controller compile version [ba3b3e3][0m
[0;32mI (886) BLE_INIT: Bluetooth MAC: b4:3a:45:ae:6f:2a[0m
[0;32mI (886) phy_init: phy_version 680,a6008b2,Jun  4 2024,16:41:10[0m
[0;32mI (926) BleMidi: NimBLE Host task running on Core 1[0m
[0;32mI (926) BleMidi: NimBLE BLE MIDI Central initialized and pinned to Core 1[0m
[0;31mE (936) Display: Failed to allocate display framebuffer[0m
[0;32mI (936) NimBLE: Failed to restore IRKs from store; status=8
[0m
[0;31mE (936) pocket_pan_main: Failed to initialize ST7789 display[0m
[0;32mI (946) NimBLE: GAP procedure initiated: discovery; [0m
[0;32mI (946) pocket_pan_main: Pocket Pan initialization complete. Realtime audio active.[0m
[0;32mI (956) NimBLE: own_addr_type=0 filter_policy=0 passive=0 limited=0 filter_duplicates=1 [0m
[0;32mI (976) NimBLE: duration=forever[0m
[0;32mI (966) main_task: Returned from app_main()[0m
[0;32mI (976) NimBLE: 
[0m
[0;32mI (986) BleMidi: Scanning for BLE MIDI devices...[0m
[0;32mI (956) gpio: GPIO[0]| InputEn: 1| OutputEn: 0| OpenDrain: 0| Pullup: 1| Pulldown: 0| Intr:0 [0m
[0;32mI (1186) BleMidi: BLE MIDI device found (59:FB:B6:B7:BF:0F); connecting[0m
[0;32mI (1186) NimBLE: GAP procedure initiated: connect; [0m
[0;32mI (1186) NimBLE: peer_addr_type=0 peer_addr=[0m
[0;32mI (1186) NimBLE: 59:fb:b6:b7:bf:0f[0m
[0;32mI (1196) NimBLE:  scan_itvl=16 scan_window=16 itvl_min=24 itvl_max=40 latency=0 supervision_timeout=256 min_ce_len=0 max_ce_len=0 own_addr_type=0[0m
[0;32mI (1206) NimBLE: 
[0m
[0;32mI (1286) BleMidi: BLE Connected! conn_handle=1[0m
[0;32mI (1286) NimBLE: GAP procedure initiated: [0m
[0;32mI (1286) NimBLE: connection parameter update; conn_handle=1 itvl_min=6 itvl_max=12 latency=0 supervision_timeout=200 min_ce_len=0 max_ce_len=0[0m
[0;32mI (1306) NimBLE: 
[0m
[0;32mI (1306) BleMidi: Requested connection params 7.5-15ms latency=0 timeout=2s rc=0[0m
[0;32mI (1316) NimBLE: GATT procedure initiated: discover all services
[0m
[0;32mI (1636) BleMidi: Negotiated params interval=50.00ms latency=0 timeout=2560ms[0m
[0;32mI (1636) NimBLE: Reattempt connection; reason = 0x3e, status = 0,reattempt count = 0 [0m
[0;31mE (1636) BleMidi: MIDI service discovery failed; disconnecting for recovery[0m
[0;32mI (1646) NimBLE: GAP procedure initiated: terminate connection; conn_handle=1 hci_reason=19
[0m
[0;32mI (1656) NimBLE: GAP procedure initiated: connect; [0m
[0;32mI (1666) NimBLE: peer_addr_type=0 peer_addr=[0m
[0;32mI (1666) NimBLE: 59:fb:b6:b7:bf:0f[0m
[0;32mI (1676) NimBLE:  scan_itvl=16 scan_window=16 itvl_min=24 itvl_max=40 latency=0 supervision_timeout=256 min_ce_len=0 max_ce_len=0 own_addr_type=0[0m
[0;32mI (1686) NimBLE: 
[0m
[0;32mI (1756) BleMidi: BLE Connected! conn_handle=1[0m
[0;32mI (1756) NimBLE: GAP procedure initiated: [0m
[0;32mI (1756) NimBLE: connection parameter update; conn_handle=1 itvl_min=6 itvl_max=12 latency=0 supervision_timeout=200 min_ce_len=0 max_ce_len=0[0m
[0;32mI (1766) NimBLE: 
[0m
[0;32mI (1776) BleMidi: Requested connection params 7.5-15ms latency=0 timeout=2s rc=0[0m
[0;32mI (1776) NimBLE: GATT procedure initiated: discover all services
[0m
[0;32mI (2086) BleMidi: Negotiated params interval=50.00ms latency=0 timeout=2560ms[0m
[0;32mI (2086) NimBLE: Reattempt connection; reason = 0x3e, status = 0,reattempt count = 0 [0m
[0;31mE (2086) BleMidi: MIDI service discovery failed; disconnecting for recovery[0m
[0;32mI (2096) NimBLE: GAP procedure initiated: terminate connection; conn_handle=1 hci_reason=19
[0m
[0;32mI (2106) NimBLE: GAP procedure initiated: connect; [0m
[0;32mI (2116) NimBLE: peer_addr_type=0 peer_addr=[0m
[0;32mI (2116) NimBLE: 59:fb:b6:b7:bf:0f[0m
[0;32mI (2126) NimBLE:  scan_itvl=16 scan_window=16 itvl_min=24 itvl_max=40 latency=0 supervision_timeout=256 min_ce_len=0 max_ce_len=0 own_addr_type=0[0m
[0;32mI (2136) NimBLE: 
[0m
[0;32mI (2196) BleMidi: BLE Connected! conn_handle=1[0m
[0;32mI (2196) NimBLE: GAP procedure initiated: [0m
[0;32mI (2196) NimBLE: connection parameter update; conn_handle=1 itvl_min=6 itvl_max=12 latency=0 supervision_timeout=200 min_ce_len=0 max_ce_len=0[0m
[0;32mI (2216) NimBLE: 
[0m
[0;32mI (2216) BleMidi: Requested connection params 7.5-15ms latency=0 timeout=2s rc=0[0m
[0;32mI (2226) NimBLE: GATT procedure initiated: discover all services
[0m
[0;32mI (2486) BleMidi: Found BLE MIDI Service! start_handle=112 end_handle=115[0m
[0;32mI (2486) NimBLE: GATT procedure initiated: discover all characteristics; [0m
[0;32mI (2486) NimBLE: start_handle=112 end_handle=115
[0m
[0;32mI (2586) BleMidi: Found BLE MIDI Characteristic! def_handle=113 val_handle=114 props=0x16[0m
[0;32mI (2586) NimBLE: GATT procedure initiated: discover all descriptors; [0m
[0;32mI (2586) NimBLE: chr_val_handle=114 end_handle=115
[0m
[0;32mI (2686) BleMidi: Discovered CCCD (0x2902) handle=115[0m
[0;32mI (2686) NimBLE: GATT procedure initiated: write; [0m
[0;32mI (2686) NimBLE: att_handle=115 len=2
[0m
[0;32mI (2736) BleMidi: Negotiated params interval=7.50ms latency=0 timeout=2000ms[0m
[0;32mI (2756) BleMidi: CCCD subscription successful; BLE MIDI ready[0m
[0;32mI (2756) NimBLE: GAP procedure initiated: [0m
[0;32mI (2756) NimBLE: connection parameter update; conn_handle=1 itvl_min=6 itvl_max=9 latency=0 supervision_timeout=100 min_ce_len=0 max_ce_len=0[0m
[0;32mI (2766) NimBLE: 
[0m
[0;32mI (2846) BleMidi: Negotiated params interval=11.25ms latency=0 timeout=1000ms[0m
[0;32mI (5806) pocket_pan_main: [AUDIO] model=PAN blocks=1850 avg_us=1769 p99_us=0 max_us=4264 cpu_load=66.3 deadline=7 timeout=0 tx_error=0 short=0[0m
[0;32mI (5806) pocket_pan_main: [MIDI] push=2 pop=2 drop=0 hwm=1 last=(n=57 v=75 t=78 hex=90394B)[0m
[0;32mI (5816) pocket_pan_main: [BLE] state=8 interval_ms=11.25 latency=0 rssi=-63 reconnects=0 last_disconnect=0[0m
[0;32mI (5826) pocket_pan_main: [MEM] internal_free=145987 largest_internal=43008[0m
[0;32mI (10816) pocket_pan_main: [AUDIO] model=PAN blocks=3727 avg_us=1765 p99_us=2100 max_us=4264 cpu_load=66.2 deadline=16 timeout=0 tx_error=0 short=0[0m
[0;32mI (10816) pocket_pan_main: [MIDI] push=2 pop=2 drop=0 hwm=1 last=(n=57 v=75 t=78 hex=90394B)[0m
[0;32mI (10826) pocket_pan_main: [BLE] state=8 interval_ms=11.25 latency=0 rssi=-62 reconnects=0 last_disconnect=0[0m
[0;32mI (10836) pocket_pan_main: [MEM] internal_free=145987 largest_internal=43008[0m
[0;32mI (15826) pocket_pan_main: [AUDIO] model=PAN blocks=5607 avg_us=1797 p99_us=2175 max_us=4264 cpu_load=67.4 deadline=26 timeout=0 tx_error=0 short=0[0m
[0;32mI (15826) pocket_pan_main: [MIDI] push=2 pop=2 drop=0 hwm=1 last=(n=57 v=75 t=78 hex=90394B)[0m
[0;32mI (15836) pocket_pan_main: [BLE] state=8 interval_ms=11.25 latency=0 rssi=-61 reconnects=0 last_disconnect=0[0m
[0;32mI (15846) pocket_pan_main: [MEM] internal_free=145987 largest_internal=43008[0m
[0;32mI (20836) pocket_pan_main: [AUDIO] model=PAN blocks=7486 avg_us=1775 p99_us=2175 max_us=4264 cpu_load=66.6 deadline=36 timeout=0 tx_error=0 short=0[0m
[0;32mI (20836) pocket_pan_main: [MIDI] push=2 pop=2 drop=0 hwm=1 last=(n=57 v=75 t=78 hex=90394B)[0m
[0;32mI (20846) pocket_pan_main: [BLE] state=8 interval_ms=11.25 latency=0 rssi=-64 reconnects=0 last_disconnect=0[0m
[0;32mI (20856) pocket_pan_main: [MEM] internal_free=145987 largest_internal=43008[0m
[0;32mI (24646) forensics: [CURVE] model=PAN fixture=5 voices=8 class=steady n=8148 avg_us=1763.02 p99_us=2000 max_us=2478 deadline=0 bad_voices=0 ble_lost=0 hard=0 sat=0[0m
[0;32mI (24656) forensics: [HIST] fixture=5 class=steady lower_us=1725 n=5039[0m
[0;32mI (24656) forensics: [HIST] fixture=5 class=steady lower_us=1750 n=1676[0m
[0;32mI (24666) forensics: [HIST] fixture=5 class=steady lower_us=1775 n=332[0m
[0;32mI (24676) forensics: [HIST] fixture=5 class=steady lower_us=1800 n=141[0m
[0;32mI (24676) forensics: [HIST] fixture=5 class=steady lower_us=1825 n=256[0m
[0;32mI (24686) forensics: [HIST] fixture=5 class=steady lower_us=1850 n=268[0m
[0;32mI (24696) forensics: [HIST] fixture=5 class=steady lower_us=1875 n=204[0m
[0;32mI (24706) forensics: [HIST] fixture=5 class=steady lower_us=1900 n=90[0m
[0;32mI (24706) forensics: [HIST] fixture=5 class=steady lower_us=1925 n=37[0m
[0;32mI (24716) forensics: [HIST] fixture=5 class=steady lower_us=1950 n=21[0m
[0;32mI (24726) forensics: [HIST] fixture=5 class=steady lower_us=1975 n=7[0m
[0;32mI (24726) forensics: [HIST] fixture=5 class=steady lower_us=2000 n=11[0m
[0;32mI (24736) forensics: [HIST] fixture=5 class=steady lower_us=2025 n=10[0m
[0;32mI (24746) forensics: [HIST] fixture=5 class=steady lower_us=2050 n=2[0m
[0;32mI (24756) forensics: [HIST] fixture=5 class=steady lower_us=2075 n=1[0m
[0;32mI (24756) forensics: [HIST] fixture=5 class=steady lower_us=2100 n=6[0m
[0;32mI (24766) forensics: [HIST] fixture=5 class=steady lower_us=2125 n=2[0m
[0;32mI (24776) forensics: [HIST] fixture=5 class=steady lower_us=2150 n=6[0m
[0;32mI (24776) forensics: [HIST] fixture=5 class=steady lower_us=2175 n=24[0m
[0;32mI (24786) forensics: [HIST] fixture=5 class=steady lower_us=2200 n=4[0m
[0;32mI (24796) forensics: [HIST] fixture=5 class=steady lower_us=2225 n=3[0m
[0;32mI (24796) forensics: [HIST] fixture=5 class=steady lower_us=2325 n=1[0m
[0;32mI (24806) forensics: [HIST] fixture=5 class=steady lower_us=2350 n=1[0m
[0;32mI (24816) forensics: [HIST] fixture=5 class=steady lower_us=2375 n=1[0m
[0;32mI (24826) forensics: [HIST] fixture=5 class=steady lower_us=2400 n=3[0m
[0;32mI (24826) forensics: [HIST] fixture=5 class=steady lower_us=2425 n=1[0m
[0;32mI (24836) forensics: [HIST] fixture=5 class=steady lower_us=2475 n=1[0m
[0;32mI (24846) forensics: [CURVE] model=PAN fixture=5 voices=8 class=event n=44 avg_us=2873.20 p99_us=3275 max_us=3269 deadline=44 bad_voices=0 ble_lost=0 hard=0 sat=0[0m
[0;32mI (24856) forensics: [HIST] fixture=5 class=event lower_us=2800 n=6[0m
[0;32mI (24866) forensics: [HIST] fixture=5 class=event lower_us=2825 n=21[0m
[0;32mI (24876) forensics: [HIST] fixture=5 class=event lower_us=2850 n=8[0m
[0;32mI (24876) forensics: [HIST] fixture=5 class=event lower_us=2875 n=3[0m
[0;32mI (24886) forensics: [HIST] fixture=5 class=event lower_us=2950 n=1[0m
[0;32mI (24896) forensics: [HIST] fixture=5 class=event lower_us=2975 n=1[0m
[0;32mI (24896) forensics: [HIST] fixture=5 class=event lower_us=3000 n=1[0m
[0;32mI (24906) forensics: [HIST] fixture=5 class=event lower_us=3050 n=1[0m
[0;32mI (24916) forensics: [HIST] fixture=5 class=event lower_us=3075 n=1[0m
[0;32mI (24916) forensics: [HIST] fixture=5 class=event lower_us=3250 n=1[0m
[0;32mI (25856) pocket_pan_main: [AUDIO] model=PAN blocks=9367 avg_us=983 p99_us=2175 max_us=4264 cpu_load=36.9 deadline=44 timeout=0 tx_error=0 short=0[0m
[0;32mI (25856) pocket_pan_main: [MIDI] push=2 pop=2 drop=0 hwm=1 last=(n=57 v=75 t=78 hex=90394B)[0m
[0;32mI (25866) pocket_pan_main: [BLE] state=8 interval_ms=11.25 latency=0 rssi=-62 reconnects=0 last_disconnect=0[0m
[0;32mI (25876) pocket_pan_main: [MEM] internal_free=145987 largest_internal=43008[0m
[0;32mI (30866) pocket_pan_main: [AUDIO] model=PAN blocks=11247 avg_us=986 p99_us=1950 max_us=4264 cpu_load=37.0 deadline=44 timeout=0 tx_error=0 short=0[0m
[0;32mI (30866) pocket_pan_main: [MIDI] push=2 pop=2 drop=0 hwm=1 last=(n=57 v=75 t=78 hex=90394B)[0m
[0;32mI (30876) pocket_pan_main: [BLE] state=8 interval_ms=11.25 latency=0 rssi=-63 reconnects=0 last_disconnect=0[0m
[0;32mI (30886) pocket_pan_main: [MEM] internal_free=145987 largest_internal=43008[0m
[0;32mI (35876) pocket_pan_main: [AUDIO] model=PAN blocks=13126 avg_us=992 p99_us=1225 max_us=4264 cpu_load=37.2 deadline=44 timeout=0 tx_error=0 short=0[0m
[0;32mI (35876) pocket_pan_main: [MIDI] push=2 pop=2 drop=0 hwm=1 last=(n=57 v=75 t=78 hex=90394B)[0m
[0;32mI (35886) pocket_pan_main: [BLE] state=8 interval_ms=11.25 latency=0 rssi=-62 reconnects=0 last_disconnect=0[0m
[0;32mI (35896) pocket_pan_main: [MEM] internal_free=145987 largest_internal=43008[0m
[0;32mI (40886) pocket_pan_main: [AUDIO] model=PAN blocks=15004 avg_us=975 p99_us=1225 max_us=4264 cpu_load=36.6 deadline=44 timeout=0 tx_error=0 short=0[0m
[0;32mI (40886) pocket_pan_main: [MIDI] push=2 pop=2 drop=0 hwm=1 last=(n=57 v=75 t=78 hex=90394B)[0m
[0;32mI (40896) pocket_pan_main: [BLE] state=8 interval_ms=11.25 latency=0 rssi=-62 reconnects=0 last_disconnect=0[0m
[0;32mI (40906) pocket_pan_main: [MEM] internal_free=145987 largest_internal=43008[0m
[0;32mI (45896) pocket_pan_main: [AUDIO] model=PAN blocks=16883 avg_us=972 p99_us=1225 max_us=4264 cpu_load=36.4 deadline=44 timeout=0 tx_error=0 short=0[0m
[0;32mI (45896) pocket_pan_main: [MIDI] push=2 pop=2 drop=0 hwm=1 last=(n=57 v=75 t=78 hex=90394B)[0m
[0;32mI (45906) pocket_pan_main: [BLE] state=8 interval_ms=11.25 latency=0 rssi=-64 reconnects=0 last_disconnect=0[0m
[0;32mI (45916) pocket_pan_main: [MEM] internal_free=145987 largest_internal=43008[0m
[0;32mI (46466) forensics: [CURVE] model=BELL fixture=14 voices=4 class=steady n=8148 avg_us=968.70 p99_us=1175 max_us=1464 deadline=0 bad_voices=0 ble_lost=0 hard=0 sat=0[0m
[0;32mI (46466) forensics: [HIST] fixture=14 class=steady lower_us=925 n=2894[0m
[0;32mI (46476) forensics: [HIST] fixture=14 class=steady lower_us=950 n=3859[0m
[0;32mI (46486) forensics: [HIST] fixture=14 class=steady lower_us=975 n=333[0m
[0;32mI (46486) forensics: [HIST] fixture=14 class=steady lower_us=1000 n=153[0m
[0;32mI (46496) forensics: [HIST] fixture=14 class=steady lower_us=1025 n=191[0m
[0;32mI (46506) forensics: [HIST] fixture=14 class=steady lower_us=1050 n=320[0m
[0;32mI (46516) forensics: [HIST] fixture=14 class=steady lower_us=1075 n=191[0m
[0;32mI (46516) forensics: [HIST] fixture=14 class=steady lower_us=1100 n=66[0m
[0;32mI (46526) forensics: [HIST] fixture=14 class=steady lower_us=1125 n=49[0m
[0;32mI (46536) forensics: [HIST] fixture=14 class=steady lower_us=1150 n=30[0m
[0;32mI (46536) forensics: [HIST] fixture=14 class=steady lower_us=1175 n=11[0m
[0;32mI (46546) forensics: [HIST] fixture=14 class=steady lower_us=1200 n=7[0m
[0;32mI (46556) forensics: [HIST] fixture=14 class=steady lower_us=1225 n=32[0m
[0;32mI (46566) forensics: [HIST] fixture=14 class=steady lower_us=1250 n=6[0m
[0;32mI (46566) forensics: [HIST] fixture=14 class=steady lower_us=1275 n=1[0m
[0;32mI (46576) forensics: [HIST] fixture=14 class=steady lower_us=1325 n=1[0m
[0;32mI (46586) forensics: [HIST] fixture=14 class=steady lower_us=1400 n=1[0m
[0;32mI (46586) forensics: [HIST] fixture=14 class=steady lower_us=1425 n=1[0m
[0;32mI (46596) forensics: [HIST] fixture=14 class=steady lower_us=1450 n=2[0m
[0;32mI (46606) forensics: [CURVE] model=BELL fixture=14 voices=4 class=event n=44 avg_us=1764.30 p99_us=2150 max_us=2129 deadline=0 bad_voices=0 ble_lost=0 hard=0 sat=0[0m
[0;32mI (46616) forensics: [HIST] fixture=14 class=event lower_us=1675 n=7[0m
[0;32mI (46626) forensics: [HIST] fixture=14 class=event lower_us=1700 n=13[0m
[0;32mI (46636) forensics: [HIST] fixture=14 class=event lower_us=1725 n=13[0m
[0;32mI (46646) forensics: [HIST] fixture=14 class=event lower_us=1750 n=2[0m
[0;32mI (46646) forensics: [HIST] fixture=14 class=event lower_us=1775 n=1[0m
[0;32mI (46656) forensics: [HIST] fixture=14 class=event lower_us=1825 n=2[0m
[0;32mI (46666) forensics: [HIST] fixture=14 class=event lower_us=1900 n=1[0m
[0;32mI (46666) forensics: [HIST] fixture=14 class=event lower_us=1925 n=1[0m
[0;32mI (46676) forensics: [HIST] fixture=14 class=event lower_us=1950 n=1[0m
[0;32mI (46686) forensics: [HIST] fixture=14 class=event lower_us=2025 n=2[0m
[0;32mI (46686) forensics: [HIST] fixture=14 class=event lower_us=2125 n=1[0m
[0;32mI (50896) pocket_pan_main: [AUDIO] model=PAN blocks=18758 avg_us=1657 p99_us=1850 max_us=4374 cpu_load=62.1 deadline=53 timeout=0 tx_error=0 short=0[0m
[0;32mI (50896) pocket_pan_main: [MIDI] push=2 pop=2 drop=0 hwm=1 last=(n=57 v=75 t=78 hex=90394B)[0m
[0;32mI (50906) pocket_pan_main: [BLE] state=8 interval_ms=11.25 latency=0 rssi=-63 reconnects=0 last_disconnect=0[0m
[0;32mI (50916) pocket_pan_main: [MEM] internal_free=145987 largest_internal=43008[0m
[0;32mI (55906) pocket_pan_main: [AUDIO] model=PAN blocks=20636 avg_us=1632 p99_us=1975 max_us=4374 cpu_load=61.2 deadline=63 timeout=0 tx_error=0 short=0[0m
[0;32mI (55906) pocket_pan_main: [MIDI] push=2 pop=2 drop=0 hwm=1 last=(n=57 v=75 t=78 hex=90394B)[0m
[0;32mI (55916) pocket_pan_main: [BLE] state=8 interval_ms=11.25 latency=0 rssi=-64 reconnects=0 last_disconnect=0[0m
[0;32mI (55926) pocket_pan_main: [MEM] internal_free=145987 largest_internal=43008[0m
[0;32mI (60916) pocket_pan_main: [AUDIO] model=PAN blocks=22516 avg_us=1635 p99_us=1975 max_us=4374 cpu_load=61.3 deadline=73 timeout=0 tx_error=0 short=0[0m
[0;32mI (60916) pocket_pan_main: [MIDI] push=2 pop=2 drop=0 hwm=1 last=(n=57 v=75 t=78 hex=90394B)[0m
[0;32mI (60926) pocket_pan_main: [BLE] state=8 interval_ms=11.25 latency=0 rssi=-60 reconnects=0 last_disconnect=0[0m
[0;32mI (60936) pocket_pan_main: [MEM] internal_free=145987 largest_internal=43008[0m
[0;32mI (65926) pocket_pan_main: [AUDIO] model=PAN blocks=24395 avg_us=1648 p99_us=2100 max_us=4374 cpu_load=61.8 deadline=83 timeout=0 tx_error=0 short=0[0m
[0;32mI (65926) pocket_pan_main: [MIDI] push=2 pop=2 drop=0 hwm=1 last=(n=57 v=75 t=78 hex=90394B)[0m
[0;32mI (65936) pocket_pan_main: [BLE] state=8 interval_ms=11.25 latency=0 rssi=-64 reconnects=0 last_disconnect=0[0m
[0;32mI (65946) pocket_pan_main: [MEM] internal_free=145987 largest_internal=43008[0m
[0;32mI (68326) forensics: [CURVE] model=BELL fixture=13 voices=8 class=steady n=8148 avg_us=1622.86 p99_us=1825 max_us=2391 deadline=0 bad_voices=0 ble_lost=0 hard=0 sat=0[0m
[0;32mI (68326) forensics: [HIST] fixture=13 class=steady lower_us=1575 n=2622[0m
[0;32mI (68336) forensics: [HIST] fixture=13 class=steady lower_us=1600 n=3946[0m
[0;32mI (68346) forensics: [HIST] fixture=13 class=steady lower_us=1625 n=493[0m
[0;32mI (68346) forensics: [HIST] fixture=13 class=steady lower_us=1650 n=149[0m
[0;32mI (68356) forensics: [HIST] fixture=13 class=steady lower_us=1675 n=174[0m
[0;32mI (68366) forensics: [HIST] fixture=13 class=steady lower_us=1700 n=304[0m
[0;32mI (68366) forensics: [HIST] fixture=13 class=steady lower_us=1725 n=245[0m
[0;32mI (68376) forensics: [HIST] fixture=13 class=steady lower_us=1750 n=85[0m
[0;32mI (68386) forensics: [HIST] fixture=13 class=steady lower_us=1775 n=39[0m
[0;32mI (68396) forensics: [HIST] fixture=13 class=steady lower_us=1800 n=23[0m
[0;32mI (68396) forensics: [HIST] fixture=13 class=steady lower_us=1825 n=5[0m
[0;32mI (68406) forensics: [HIST] fixture=13 class=steady lower_us=1850 n=6[0m
[0;32mI (68416) forensics: [HIST] fixture=13 class=steady lower_us=1875 n=2[0m
[0;32mI (68426) forensics: [HIST] fixture=13 class=steady lower_us=1900 n=3[0m
[0;32mI (68426) forensics: [HIST] fixture=13 class=steady lower_us=1925 n=3[0m
[0;32mI (68436) forensics: [HIST] fixture=13 class=steady lower_us=1950 n=2[0m
[0;32mI (68446) forensics: [HIST] fixture=13 class=steady lower_us=1975 n=3[0m
[0;32mI (68446) forensics: [HIST] fixture=13 class=steady lower_us=2100 n=27[0m
[0;32mI (68456) forensics: [HIST] fixture=13 class=steady lower_us=2125 n=6[0m
[0;32mI (68466) forensics: [HIST] fixture=13 class=steady lower_us=2150 n=4[0m
[0;32mI (68476) forensics: [HIST] fixture=13 class=steady lower_us=2225 n=2[0m
[0;32mI (68476) forensics: [HIST] fixture=13 class=steady lower_us=2300 n=1[0m
[0;32mI (68486) forensics: [HIST] fixture=13 class=steady lower_us=2325 n=2[0m
[0;32mI (68496) forensics: [HIST] fixture=13 class=steady lower_us=2350 n=1[0m
[0;32mI (68496) forensics: [HIST] fixture=13 class=steady lower_us=2375 n=1[0m
[0;32mI (68506) forensics: [CURVE] model=BELL fixture=13 voices=8 class=event n=44 avg_us=2896.88 p99_us=3275 max_us=3257 deadline=44 bad_voices=0 ble_lost=0 hard=0 sat=0[0m
[0;32mI (68526) forensics: [HIST] fixture=13 class=event lower_us=2800 n=10[0m
[0;32mI (68526) forensics: [HIST] fixture=13 class=event lower_us=2825 n=14[0m
[0;32mI (68536) forensics: [HIST] fixture=13 class=event lower_us=2850 n=8[0m
[0;32mI (68546) forensics: [HIST] fixture=13 class=event lower_us=2875 n=1[0m
[0;32mI (68546) forensics: [HIST] fixture=13 class=event lower_us=2925 n=1[0m
[0;32mI (68556) forensics: [HIST] fixture=13 class=event lower_us=3000 n=1[0m
[0;32mI (68566) forensics: [HIST] fixture=13 class=event lower_us=3050 n=3[0m
[0;32mI (68576) forensics: [HIST] fixture=13 class=event lower_us=3075 n=4[0m
[0;32mI (68576) forensics: [HIST] fixture=13 class=event lower_us=3150 n=1[0m
[0;32mI (68586) forensics: [HIST] fixture=13 class=event lower_us=3250 n=1[0m
[0;32mI (70936) pocket_pan_main: [AUDIO] model=PAN blocks=26272 avg_us=5 p99_us=2100 max_us=4374 cpu_load=0.2 deadline=88 timeout=0 tx_error=0 short=0[0m
[0;32mI (70936) pocket_pan_main: [MIDI] push=2 pop=2 drop=0 hwm=1 last=(n=57 v=75 t=78 hex=90394B)[0m
[0;32mI (70946) pocket_pan_main: [BLE] state=8 interval_ms=11.25 latency=0 rssi=-64 reconnects=0 last_disconnect=0[0m
[0;32mI (70956) pocket_pan_main: [MEM] internal_free=145987 largest_internal=43008[0m
