[0;32mI (836) pocket_pan_main:   Hardware: TENSTAR TS-ESP32-S3 (Feather TFT)[0m
[0;32mI (836) pocket_pan_main: ===============================================[0m
[0;32mI (846) pocket_pan_main: [FORENSICS] candidate=20 profile=0 cpu_mhz=240 optimization_perf=1[0m
[0;32mI (866) gpio: GPIO[10]| InputEn: 0| OutputEn: 1| OpenDrain: 0| Pullup: 0| Pulldown: 1| Intr:0 [0m
[0;32mI (866) AudioI2S: I2S TX initialized (48kHz, 32-bit slot, stereo, 6x128 frames DMA = 1024 bytes/buf)[0m
[0;32mI (876) AudioI2S: Audio task started on Core 0 at priority 12[0m
[0;32mI (886) BLE_INIT: BT controller compile version [ba3b3e3][0m
[0;32mI (886) BLE_INIT: Bluetooth MAC: b4:3a:45:ae:6f:2a[0m
[0;32mI (896) phy_init: phy_version 680,a6008b2,Jun  4 2024,16:41:10[0m
[0;32mI (936) BleMidi: NimBLE Host task running on Core 1[0m
[0;32mI (936) BleMidi: NimBLE BLE MIDI Central initialized and pinned to Core 1[0m
[0;31mE (936) Display: Failed to allocate display framebuffer[0m
[0;32mI (936) NimBLE: Failed to restore IRKs from store; status=8
[0m
[0;31mE (946) pocket_pan_main: Failed to initialize ST7789 display[0m
[0;32mI (946) NimBLE: GAP procedure initiated: discovery; [0m
[0;32mI (956) pocket_pan_main: Pocket Pan initialization complete. Realtime audio active.[0m
[0;32mI (966) NimBLE: own_addr_type=0 filter_policy=0 passive=0 limited=0 filter_duplicates=1 [0m
[0;32mI (976) NimBLE: duration=forever[0m
[0;32mI (966) main_task: Returned from app_main()[0m
[0;32mI (986) NimBLE: 
[0m
[0;32mI (986) BleMidi: Scanning for BLE MIDI devices...[0m
[0;32mI (966) gpio: GPIO[0]| InputEn: 1| OutputEn: 0| OpenDrain: 0| Pullup: 1| Pulldown: 0| Intr:0 [0m
[0;32mI (996) BleMidi: BLE MIDI device found (59:FB:B6:B7:BF:0F); connecting[0m
[0;32mI (1016) NimBLE: GAP procedure initiated: connect; [0m
[0;32mI (1016) NimBLE: peer_addr_type=0 peer_addr=[0m
[0;32mI (1026) NimBLE: 59:fb:b6:b7:bf:0f[0m
[0;32mI (1026) NimBLE:  scan_itvl=16 scan_window=16 itvl_min=24 itvl_max=40 latency=0 supervision_timeout=256 min_ce_len=0 max_ce_len=0 own_addr_type=0[0m
[0;32mI (1036) NimBLE: 
[0m
[0;32mI (1096) BleMidi: BLE Connected! conn_handle=1[0m
[0;32mI (1096) NimBLE: GAP procedure initiated: [0m
[0;32mI (1096) NimBLE: connection parameter update; conn_handle=1 itvl_min=6 itvl_max=12 latency=0 supervision_timeout=200 min_ce_len=0 max_ce_len=0[0m
[0;32mI (1106) NimBLE: 
[0m
[0;32mI (1116) BleMidi: Requested connection params 7.5-15ms latency=0 timeout=2s rc=0[0m
[0;32mI (1126) NimBLE: GATT procedure initiated: discover all services
[0m
[0;32mI (1386) BleMidi: Found BLE MIDI Service! start_handle=112 end_handle=115[0m
[0;32mI (1386) NimBLE: GATT procedure initiated: discover all characteristics; [0m
[0;32mI (1396) NimBLE: start_handle=112 end_handle=115
[0m
[0;32mI (1486) BleMidi: Found BLE MIDI Characteristic! def_handle=113 val_handle=114 props=0x16[0m
[0;32mI (1486) NimBLE: GATT procedure initiated: discover all descriptors; [0m
[0;32mI (1496) NimBLE: chr_val_handle=114 end_handle=115
[0m
[0;32mI (1586) BleMidi: Discovered CCCD (0x2902) handle=115[0m
[0;32mI (1586) NimBLE: GATT procedure initiated: write; [0m
[0;32mI (1586) NimBLE: att_handle=115 len=2
[0m
[0;32mI (1646) BleMidi: Negotiated params interval=7.50ms latency=0 timeout=2000ms[0m
[0;32mI (1656) BleMidi: CCCD subscription successful; BLE MIDI ready[0m
[0;32mI (1656) NimBLE: GAP procedure initiated: [0m
[0;32mI (1656) NimBLE: connection parameter update; conn_handle=1 itvl_min=6 itvl_max=9 latency=0 supervision_timeout=100 min_ce_len=0 max_ce_len=0[0m
[0;32mI (1676) NimBLE: 
[0m
[0;32mI (1756) BleMidi: Negotiated params interval=11.25ms latency=0 timeout=1000ms[0m
[0;32mI (5816) pocket_pan_main: [AUDIO] model=PAN blocks=1851 avg_us=1755 p99_us=0 max_us=3979 cpu_load=65.8 deadline=9 timeout=0 tx_error=0 short=0[0m
[0;32mI (5816) pocket_pan_main: [MIDI] push=0 pop=0 drop=0 hwm=0 last=(n=62 v=0 t=78 hex=000000)[0m
[0;32mI (5826) pocket_pan_main: [BLE] state=8 interval_ms=11.25 latency=0 rssi=-61 reconnects=0 last_disconnect=0[0m
[0;32mI (5836) pocket_pan_main: [MEM] internal_free=145067 largest_internal=43008[0m
[0;32mI (10826) pocket_pan_main: [AUDIO] model=PAN blocks=3729 avg_us=1772 p99_us=2150 max_us=3979 cpu_load=66.4 deadline=19 timeout=0 tx_error=0 short=0[0m
[0;32mI (10826) pocket_pan_main: [MIDI] push=0 pop=0 drop=0 hwm=0 last=(n=62 v=0 t=78 hex=000000)[0m
[0;32mI (10836) pocket_pan_main: [BLE] state=8 interval_ms=11.25 latency=0 rssi=-59 reconnects=0 last_disconnect=0[0m
[0;32mI (10846) pocket_pan_main: [MEM] internal_free=145067 largest_internal=43008[0m
[0;32mI (15836) pocket_pan_main: [AUDIO] model=PAN blocks=5609 avg_us=1779 p99_us=2150 max_us=3979 cpu_load=66.7 deadline=29 timeout=0 tx_error=0 short=0[0m
[0;32mI (15836) pocket_pan_main: [MIDI] push=0 pop=0 drop=0 hwm=0 last=(n=62 v=0 t=78 hex=000000)[0m
[0;32mI (15846) pocket_pan_main: [BLE] state=8 interval_ms=11.25 latency=0 rssi=-59 reconnects=0 last_disconnect=0[0m
[0;32mI (15856) pocket_pan_main: [MEM] internal_free=145067 largest_internal=43008[0m
[0;32mI (20846) pocket_pan_main: [AUDIO] model=PAN blocks=7487 avg_us=1762 p99_us=2150 max_us=3979 cpu_load=66.1 deadline=39 timeout=0 tx_error=0 short=0[0m
[0;32mI (20846) pocket_pan_main: [MIDI] push=0 pop=0 drop=0 hwm=0 last=(n=62 v=0 t=78 hex=000000)[0m
[0;32mI (20856) pocket_pan_main: [BLE] state=8 interval_ms=11.25 latency=0 rssi=-60 reconnects=0 last_disconnect=0[0m
[0;32mI (20866) pocket_pan_main: [MEM] internal_free=145067 largest_internal=43008[0m
[0;32mI (23546) forensics: [CURVE] model=PAN fixture=5 voices=8 class=steady n=8148 avg_us=1754.67 p99_us=1900 max_us=2389 deadline=0 bad_voices=0 ble_lost=0 hard=0 sat=0[0m
[0;32mI (23546) forensics: [HIST] fixture=5 class=steady lower_us=1725 n=5335[0m
[0;32mI (23556) forensics: [HIST] fixture=5 class=steady lower_us=1750 n=1648[0m
[0;32mI (23566) forensics: [HIST] fixture=5 class=steady lower_us=1775 n=310[0m
[0;32mI (23576) forensics: [HIST] fixture=5 class=steady lower_us=1800 n=383[0m
[0;32mI (23576) forensics: [HIST] fixture=5 class=steady lower_us=1825 n=293[0m
[0;32mI (23586) forensics: [HIST] fixture=5 class=steady lower_us=1850 n=74[0m
[0;32mI (23596) forensics: [HIST] fixture=5 class=steady lower_us=1875 n=30[0m
[0;32mI (23596) forensics: [HIST] fixture=5 class=steady lower_us=1900 n=14[0m
[0;32mI (23606) forensics: [HIST] fixture=5 class=steady lower_us=1925 n=9[0m
[0;32mI (23616) forensics: [HIST] fixture=5 class=steady lower_us=1950 n=4[0m
[0;32mI (23626) forensics: [HIST] fixture=5 class=steady lower_us=1975 n=2[0m
[0;32mI (23626) forensics: [HIST] fixture=5 class=steady lower_us=2000 n=1[0m
[0;32mI (23636) forensics: [HIST] fixture=5 class=steady lower_us=2100 n=1[0m
[0;32mI (23646) forensics: [HIST] fixture=5 class=steady lower_us=2125 n=1[0m
[0;32mI (23646) forensics: [HIST] fixture=5 class=steady lower_us=2150 n=23[0m
[0;32mI (23656) forensics: [HIST] fixture=5 class=steady lower_us=2175 n=9[0m
[0;32mI (23666) forensics: [HIST] fixture=5 class=steady lower_us=2200 n=3[0m
[0;32mI (23666) forensics: [HIST] fixture=5 class=steady lower_us=2250 n=1[0m
[0;32mI (23676) forensics: [HIST] fixture=5 class=steady lower_us=2300 n=1[0m
[0;32mI (23686) forensics: [HIST] fixture=5 class=steady lower_us=2325 n=3[0m
[0;32mI (23696) forensics: [HIST] fixture=5 class=steady lower_us=2350 n=2[0m
[0;32mI (23696) forensics: [HIST] fixture=5 class=steady lower_us=2375 n=1[0m
[0;32mI (23706) forensics: [CURVE] model=PAN fixture=5 voices=8 class=event n=44 avg_us=2821.09 p99_us=3225 max_us=3202 deadline=44 bad_voices=0 ble_lost=0 hard=0 sat=0[0m
[0;32mI (23726) forensics: [HIST] fixture=5 class=event lower_us=2750 n=3[0m
[0;32mI (23726) forensics: [HIST] fixture=5 class=event lower_us=2775 n=18[0m
[0;32mI (23736) forensics: [HIST] fixture=5 class=event lower_us=2800 n=13[0m
[0;32mI (23746) forensics: [HIST] fixture=5 class=event lower_us=2825 n=3[0m
[0;32mI (23746) forensics: [HIST] fixture=5 class=event lower_us=2850 n=1[0m
[0;32mI (23756) forensics: [HIST] fixture=5 class=event lower_us=2875 n=2[0m
[0;32mI (23766) forensics: [HIST] fixture=5 class=event lower_us=2900 n=2[0m
[0;32mI (23766) forensics: [HIST] fixture=5 class=event lower_us=2950 n=1[0m
[0;32mI (23776) forensics: [HIST] fixture=5 class=event lower_us=3200 n=1[0m
[0;32mI (23786) forensics: [FASTPATH] fixture=5 stable8=0 attack=0[0m
[0;32mI (25856) pocket_pan_main: [AUDIO] model=PAN blocks=9365 avg_us=985 p99_us=2025 max_us=3979 cpu_load=36.9 deadline=44 timeout=0 tx_error=0 short=0[0m
[0;32mI (25856) pocket_pan_main: [MIDI] push=0 pop=0 drop=0 hwm=0 last=(n=62 v=0 t=78 hex=000000)[0m
[0;32mI (25866) pocket_pan_main: [BLE] state=8 interval_ms=11.25 latency=0 rssi=-61 reconnects=0 last_disconnect=0[0m
[0;32mI (25876) pocket_pan_main: [MEM] internal_free=145067 largest_internal=43008[0m
[0;32mI (30866) pocket_pan_main: [AUDIO] model=PAN blocks=11245 avg_us=986 p99_us=1850 max_us=3979 cpu_load=37.0 deadline=44 timeout=0 tx_error=0 short=0[0m
[0;32mI (30866) pocket_pan_main: [MIDI] push=0 pop=0 drop=0 hwm=0 last=(n=62 v=0 t=78 hex=000000)[0m
[0;32mI (30876) pocket_pan_main: [BLE] state=8 interval_ms=11.25 latency=0 rssi=-58 reconnects=0 last_disconnect=0[0m
[0;32mI (30886) pocket_pan_main: [MEM] internal_free=145067 largest_internal=43008[0m
[0;32mI (35876) pocket_pan_main: [AUDIO] model=PAN blocks=13123 avg_us=985 p99_us=1225 max_us=3979 cpu_load=36.9 deadline=44 timeout=0 tx_error=0 short=0[0m
[0;32mI (35876) pocket_pan_main: [MIDI] push=0 pop=0 drop=0 hwm=0 last=(n=62 v=0 t=78 hex=000000)[0m
[0;32mI (35886) pocket_pan_main: [BLE] state=8 interval_ms=11.25 latency=0 rssi=-59 reconnects=0 last_disconnect=0[0m
[0;32mI (35896) pocket_pan_main: [MEM] internal_free=145067 largest_internal=43008[0m
[0;32mI (40886) pocket_pan_main: [AUDIO] model=PAN blocks=15001 avg_us=980 p99_us=1200 max_us=3979 cpu_load=36.7 deadline=44 timeout=0 tx_error=0 short=0[0m
[0;32mI (40886) pocket_pan_main: [MIDI] push=0 pop=0 drop=0 hwm=0 last=(n=62 v=0 t=78 hex=000000)[0m
[0;32mI (40896) pocket_pan_main: [BLE] state=8 interval_ms=11.25 latency=0 rssi=-60 reconnects=0 last_disconnect=0[0m
[0;32mI (40906) pocket_pan_main: [MEM] internal_free=145067 largest_internal=43008[0m
[0;32mI (45386) forensics: [CURVE] model=BELL fixture=14 voices=4 class=steady n=8148 avg_us=963.58 p99_us=1100 max_us=1482 deadline=0 bad_voices=0 ble_lost=0 hard=0 sat=0[0m
[0;32mI (45386) forensics: [HIST] fixture=14 class=steady lower_us=925 n=2994[0m
[0;32mI (45396) forensics: [HIST] fixture=14 class=steady lower_us=950 n=3745[0m
[0;32mI (45406) forensics: [HIST] fixture=14 class=steady lower_us=975 n=465[0m
[0;32mI (45406) forensics: [HIST] fixture=14 class=steady lower_us=1000 n=354[0m
[0;32mI (45416) forensics: [HIST] fixture=14 class=steady lower_us=1025 n=389[0m
[0;32mI (45426) forensics: [HIST] fixture=14 class=steady lower_us=1050 n=88[0m
[0;32mI (45436) forensics: [HIST] fixture=14 class=steady lower_us=1075 n=33[0m
[0;32mI (45436) forensics: [HIST] fixture=14 class=steady lower_us=1100 n=19[0m
[0;32mI (45446) forensics: [HIST] fixture=14 class=steady lower_us=1125 n=9[0m
[0;32mI (45456) forensics: [HIST] fixture=14 class=steady lower_us=1150 n=7[0m
[0;32mI (45456) forensics: [HIST] fixture=14 class=steady lower_us=1175 n=1[0m
[0;32mI (45466) forensics: [HIST] fixture=14 class=steady lower_us=1200 n=14[0m
[0;32mI (45476) forensics: [HIST] fixture=14 class=steady lower_us=1225 n=22[0m
[0;32mI (45486) forensics: [HIST] fixture=14 class=steady lower_us=1250 n=1[0m
[0;32mI (45486) forensics: [HIST] fixture=14 class=steady lower_us=1275 n=1[0m
[0;32mI (45496) forensics: [HIST] fixture=14 class=steady lower_us=1350 n=1[0m
[0;32mI (45506) forensics: [HIST] fixture=14 class=steady lower_us=1375 n=2[0m
[0;32mI (45506) forensics: [HIST] fixture=14 class=steady lower_us=1400 n=1[0m
[0;32mI (45516) forensics: [HIST] fixture=14 class=steady lower_us=1425 n=1[0m
[0;32mI (45526) forensics: [HIST] fixture=14 class=steady lower_us=1475 n=1[0m
[0;32mI (45536) forensics: [CURVE] model=BELL fixture=14 voices=4 class=event n=44 avg_us=1691.72 p99_us=1900 max_us=1890 deadline=0 bad_voices=0 ble_lost=0 hard=0 sat=0[0m
[0;32mI (45546) forensics: [HIST] fixture=14 class=event lower_us=1600 n=1[0m
[0;32mI (45556) forensics: [HIST] fixture=14 class=event lower_us=1625 n=1[0m
[0;32mI (45556) forensics: [HIST] fixture=14 class=event lower_us=1650 n=18[0m
[0;32mI (45566) forensics: [HIST] fixture=14 class=event lower_us=1675 n=14[0m
[0;32mI (45576) forensics: [HIST] fixture=14 class=event lower_us=1700 n=5[0m
[0;32mI (45586) forensics: [HIST] fixture=14 class=event lower_us=1725 n=1[0m
[0;32mI (45586) forensics: [HIST] fixture=14 class=event lower_us=1775 n=1[0m
[0;32mI (45596) forensics: [HIST] fixture=14 class=event lower_us=1800 n=2[0m
[0;32mI (45606) forensics: [HIST] fixture=14 class=event lower_us=1875 n=1[0m
[0;32mI (45606) forensics: [FASTPATH] fixture=14 stable8=0 attack=0[0m
[0;32mI (45886) pocket_pan_main: [AUDIO] model=PAN blocks=16878 avg_us=1649 p99_us=1200 max_us=3979 cpu_load=61.8 deadline=45 timeout=0 tx_error=0 short=0[0m
[0;32mI (45886) pocket_pan_main: [MIDI] push=0 pop=0 drop=0 hwm=0 last=(n=62 v=0 t=78 hex=000000)[0m
[0;32mI (45896) pocket_pan_main: [BLE] state=8 interval_ms=11.25 latency=0 rssi=-61 reconnects=0 last_disconnect=0[0m
[0;32mI (45906) pocket_pan_main: [MEM] internal_free=145067 largest_internal=43008[0m
[0;32mI (50896) pocket_pan_main: [AUDIO] model=PAN blocks=18756 avg_us=1621 p99_us=1875 max_us=3979 cpu_load=60.8 deadline=55 timeout=0 tx_error=0 short=0[0m
[0;32mI (50896) pocket_pan_main: [MIDI] push=0 pop=0 drop=0 hwm=0 last=(n=62 v=0 t=78 hex=000000)[0m
[0;32mI (50906) pocket_pan_main: [BLE] state=8 interval_ms=11.25 latency=0 rssi=-59 reconnects=0 last_disconnect=0[0m
[0;32mI (50916) pocket_pan_main: [MEM] internal_free=145067 largest_internal=43008[0m
[0;32mI (55906) pocket_pan_main: [AUDIO] model=PAN blocks=20635 avg_us=1622 p99_us=2100 max_us=3979 cpu_load=60.8 deadline=65 timeout=0 tx_error=0 short=0[0m
[0;32mI (55906) pocket_pan_main: [MIDI] push=0 pop=0 drop=0 hwm=0 last=(n=62 v=0 t=78 hex=000000)[0m
[0;32mI (55916) pocket_pan_main: [BLE] state=8 interval_ms=11.25 latency=0 rssi=-59 reconnects=0 last_disconnect=0[0m
[0;32mI (55926) pocket_pan_main: [MEM] internal_free=145067 largest_internal=43008[0m
[0;32mI (60916) pocket_pan_main: [AUDIO] model=PAN blocks=22514 avg_us=1617 p99_us=2100 max_us=3979 cpu_load=60.6 deadline=75 timeout=0 tx_error=0 short=0[0m
[0;32mI (60916) pocket_pan_main: [MIDI] push=0 pop=0 drop=0 hwm=0 last=(n=62 v=0 t=78 hex=000000)[0m
[0;32mI (60926) pocket_pan_main: [BLE] state=8 interval_ms=11.25 latency=0 rssi=-59 reconnects=0 last_disconnect=0[0m
[0;32mI (60936) pocket_pan_main: [MEM] internal_free=145067 largest_internal=43008[0m
[0;32mI (65926) pocket_pan_main: [AUDIO] model=PAN blocks=24392 avg_us=1646 p99_us=2100 max_us=3979 cpu_load=61.7 deadline=85 timeout=0 tx_error=0 short=0[0m
[0;32mI (65926) pocket_pan_main: [MIDI] push=0 pop=0 drop=0 hwm=0 last=(n=62 v=0 t=78 hex=000000)[0m
[0;32mI (65936) pocket_pan_main: [BLE] state=8 interval_ms=11.25 latency=0 rssi=-59 reconnects=0 last_disconnect=0[0m
[0;32mI (65946) pocket_pan_main: [MEM] internal_free=145067 largest_internal=43008[0m
[0;32mI (67216) forensics: [CURVE] model=BELL fixture=13 voices=8 class=steady n=8148 avg_us=1617.11 p99_us=1775 max_us=2293 deadline=0 bad_voices=0 ble_lost=0 hard=0 sat=0[0m
[0;32mI (67226) forensics: [HIST] fixture=13 class=steady lower_us=1575 n=2709[0m
[0;32mI (67226) forensics: [HIST] fixture=13 class=steady lower_us=1600 n=3928[0m
[0;32mI (67236) forensics: [HIST] fixture=13 class=steady lower_us=1625 n=503[0m
[0;32mI (67246) forensics: [HIST] fixture=13 class=steady lower_us=1650 n=415[0m
[0;32mI (67246) forensics: [HIST] fixture=13 class=steady lower_us=1675 n=391[0m
[0;32mI (67256) forensics: [HIST] fixture=13 class=steady lower_us=1700 n=77[0m
[0;32mI (67266) forensics: [HIST] fixture=13 class=steady lower_us=1725 n=32[0m
[0;32mI (67276) forensics: [HIST] fixture=13 class=steady lower_us=1750 n=28[0m
[0;32mI (67276) forensics: [HIST] fixture=13 class=steady lower_us=1775 n=11[0m
[0;32mI (67286) forensics: [HIST] fixture=13 class=steady lower_us=1800 n=4[0m
[0;32mI (67296) forensics: [HIST] fixture=13 class=steady lower_us=1825 n=3[0m
[0;32mI (67296) forensics: [HIST] fixture=13 class=steady lower_us=1850 n=1[0m
[0;32mI (67306) forensics: [HIST] fixture=13 class=steady lower_us=1875 n=1[0m
[0;32mI (67316) forensics: [HIST] fixture=13 class=steady lower_us=1925 n=1[0m
[0;32mI (67326) forensics: [HIST] fixture=13 class=steady lower_us=2100 n=40[0m
[0;32mI (67326) forensics: [HIST] fixture=13 class=steady lower_us=2225 n=1[0m
[0;32mI (67336) forensics: [HIST] fixture=13 class=steady lower_us=2250 n=1[0m
[0;32mI (67346) forensics: [HIST] fixture=13 class=steady lower_us=2275 n=2[0m
[0;32mI (67346) forensics: [CURVE] model=BELL fixture=13 voices=8 class=event n=44 avg_us=2820.92 p99_us=3400 max_us=3398 deadline=44 bad_voices=0 ble_lost=0 hard=0 sat=0[0m
[0;32mI (67366) forensics: [HIST] fixture=13 class=event lower_us=2725 n=1[0m
[0;32mI (67376) forensics: [HIST] fixture=13 class=event lower_us=2750 n=2[0m
[0;32mI (67376) forensics: [HIST] fixture=13 class=event lower_us=2775 n=15[0m
[0;32mI (67386) forensics: [HIST] fixture=13 class=event lower_us=2800 n=15[0m
[0;32mI (67396) forensics: [HIST] fixture=13 class=event lower_us=2825 n=9[0m
[0;32mI (67406) forensics: [HIST] fixture=13 class=event lower_us=2900 n=1[0m
[0;32mI (67406) forensics: [HIST] fixture=13 class=event lower_us=3375 n=1[0m
[0;32mI (67416) forensics: [FASTPATH] fixture=13 stable8=0 attack=0[0m
[0;32mI (70936) pocket_pan_main: [AUDIO] model=PAN blocks=26271 avg_us=5 p99_us=1900 max_us=3979 cpu_load=0.2 deadline=88 timeout=0 tx_error=0 short=0[0m
[0;32mI (70936) pocket_pan_main: [MIDI] push=0 pop=0 drop=0 hwm=0 last=(n=62 v=0 t=78 hex=000000)[0m
[0;32mI (70946) pocket_pan_main: [BLE] state=8 interval_ms=11.25 latency=0 rssi=-61 reconnects=0 last_disconnect=0[0m
[0;32mI (70956) pocket_pan_main: [MEM] internal_free=145067 largest_internal=43008[0m
