[0;32mI (122) esp_image: segment 1: paddr=0002eedc vaddr=3fc9d0[0;32mI (937) BleMidi: NimBLE Host task running on Core 1[0m
[0;32mI (937) BleMidi: NimBLE BLE MIDI Central initialized and pinned to Core 1[0m
[0;31mE (937) Display: Failed to allocate display framebuffer[0m
[0;32mI (937) NimBLE: Failed to restore IRKs from store; status=8
[0m
[0;31mE (947) pocket_pan_main: Failed to initialize ST7789 display[0m
[0;32mI (947) NimBLE: GAP procedure initiated: discovery; [0m
[0;32mI (957) pocket_pan_main: Pocket Pan initialization complete. Realtime audio active.[0m
[0;32mI (957) NimBLE: own_addr_type=0 filter_policy=0 passive=0 limited=0 filter_duplicates=1 [0m
[0;32mI (977) NimBLE: duration=forever[0m
[0;32mI (967) main_task: Returned from app_main()[0m
[0;32mI (987) NimBLE: 
[0m
[0;32mI (987) BleMidi: Scanning for BLE MIDI devices...[0m
[0;32mI (957) gpio: GPIO[0]| InputEn: 1| OutputEn: 0| OpenDrain: 0| Pullup: 1| Pulldown: 0| Intr:0 [0m
[0;32mI (1187) BleMidi: BLE MIDI device found (59:FB:B6:B7:BF:0F); connecting[0m
[0;32mI (1197) NimBLE: GAP procedure initiated: connect; [0m
[0;32mI (1197) NimBLE: peer_addr_type=0 peer_addr=[0m
[0;32mI (1197) NimBLE: 59:fb:b6:b7:bf:0f[0m
[0;32mI (1207) NimBLE:  scan_itvl=16 scan_window=16 itvl_min=24 itvl_max=40 latency=0 supervision_timeout=256 min_ce_len=0 max_ce_len=0 own_addr_type=0[0m
[0;32mI (1217) NimBLE: 
[0m
[0;32mI (1297) BleMidi: BLE Connected! conn_handle=1[0m
[0;32mI (1297) NimBLE: GAP procedure initiated: [0m
[0;32mI (1297) NimBLE: connection parameter update; conn_handle=1 itvl_min=6 itvl_max=12 latency=0 supervision_timeout=200 min_ce_len=0 max_ce_len=0[0m
[0;32mI (1307) NimBLE: 
[0m
[0;32mI (1317) BleMidi: Requested connection params 7.5-15ms latency=0 timeout=2s rc=0[0m
[0;32mI (1317) NimBLE: GATT procedure initiated: discover all services
[0m
[0;32mI (1637) BleMidi: Found BLE MIDI Service! start_handle=112 end_handle=115[0m
[0;32mI (1637) NimBLE: GATT procedure initiated: discover all characteristics; [0m
[0;32mI (1647) NimBLE: start_handle=112 end_handle=115
[0m
[0;32mI (1737) BleMidi: Found BLE MIDI Characteristic! def_handle=113 val_handle=114 props=0x16[0m
[0;32mI (1737) NimBLE: GATT procedure initiated: discover all descriptors; [0m
[0;32mI (1747) NimBLE: chr_val_handle=114 end_handle=115
[0m
[0;32mI (1837) BleMidi: Discovered CCCD (0x2902) handle=115[0m
[0;32mI (1837) NimBLE: GATT procedure initiated: write; [0m
[0;32mI (1837) NimBLE: att_handle=115 len=2
[0m
[0;32mI (1887) BleMidi: Negotiated params interval=7.50ms latency=0 timeout=2000ms[0m
[0;32mI (1897) BleMidi: CCCD subscription successful; BLE MIDI ready[0m
[0;32mI (1907) NimBLE: GAP procedure initiated: [0m
[0;32mI (1907) NimBLE: connection parameter update; conn_handle=1 itvl_min=6 itvl_max=9 latency=0 supervision_timeout=100 min_ce_len=0 max_ce_len=0[0m
[0;32mI (1917) NimBLE: 
[0m
[0;32mI (1987) BleMidi: Negotiated params interval=11.25ms latency=0 timeout=1000ms[0m
[0;32mI (5807) pocket_pan_main: [AUDIO] model=PAN blocks=1847 avg_us=1659 p99_us=0 max_us=3768 cpu_load=62.2 deadline=2 timeout=0 tx_error=0 short=0[0m
[0;32mI (5807) pocket_pan_main: [MIDI] push=1 pop=1 drop=0 hwm=1 last=(n=50 v=75 t=78 hex=90324B)[0m
[0;32mI (5817) pocket_pan_main: [BLE] state=8 interval_ms=11.25 latency=0 rssi=-59 reconnects=0 last_disconnect=0[0m
[0;32mI (5827) pocket_pan_main: [MEM] internal_free=141403 largest_internal=38912[0m
[0;32mI (10817) pocket_pan_main: [AUDIO] model=PAN blocks=3726 avg_us=1639 p99_us=1875 max_us=3768 cpu_load=61.5 deadline=3 timeout=0 tx_error=0 short=0[0m
[0;32mI (10817) pocket_pan_main: [MIDI] push=1 pop=1 drop=0 hwm=1 last=(n=50 v=75 t=78 hex=90324B)[0m
[0;32mI (10827) pocket_pan_main: [BLE] state=8 interval_ms=11.25 latency=0 rssi=-59 reconnects=0 last_disconnect=0[0m
[0;32mI (10837) pocket_pan_main: [MEM] internal_free=141403 largest_internal=38912[0m
[0;32mI (15827) pocket_pan_main: [AUDIO] model=PAN blocks=5605 avg_us=1652 p99_us=1900 max_us=3768 cpu_load=61.9 deadline=5 timeout=0 tx_error=0 short=0[0m
[0;32mI (15827) pocket_pan_main: [MIDI] push=1 pop=1 drop=0 hwm=1 last=(n=50 v=75 t=78 hex=90324B)[0m
[0;32mI (15837) pocket_pan_main: [BLE] state=8 interval_ms=11.25 latency=0 rssi=-61 reconnects=0 last_disconnect=0[0m
[0;32mI (15847) pocket_pan_main: [MEM] internal_free=141403 largest_internal=38912[0m
[0;32mI (20837) pocket_pan_main: [AUDIO] model=PAN blocks=7483 avg_us=1655 p99_us=1900 max_us=3768 cpu_load=62.1 deadline=6 timeout=0 tx_error=0 short=0[0m
[0;32mI (20837) pocket_pan_main: [MIDI] push=1 pop=1 drop=0 hwm=1 last=(n=50 v=75 t=78 hex=90324B)[0m
[0;32mI (20847) pocket_pan_main: [BLE] state=8 interval_ms=11.25 latency=0 rssi=-61 reconnects=0 last_disconnect=0[0m
[0;32mI (20857) pocket_pan_main: [MEM] internal_free=141403 largest_internal=38912[0m
[0;32mI (23777) forensics: [CURVE] model=PAN fixture=5 voices=8 class=steady n=8148 avg_us=1632.58 p99_us=1775 max_us=2131 deadline=0 bad_voices=0 ble_lost=0 hard=0 sat=0[0m
[0;32mI (23787) forensics: [HIST] fixture=5 class=steady lower_us=1600 n=4628[0m
[0;32mI (23787) forensics: [HIST] fixture=5 class=steady lower_us=1625 n=2215[0m
[0;32mI (23797) forensics: [HIST] fixture=5 class=steady lower_us=1650 n=505[0m
[0;32mI (23807) forensics: [HIST] fixture=5 class=steady lower_us=1675 n=412[0m
[0;32mI (23807) forensics: [HIST] fixture=5 class=steady lower_us=1700 n=210[0m
[0;32mI (23817) forensics: [HIST] fixture=5 class=steady lower_us=1725 n=56[0m
[0;32mI (23827) forensics: [HIST] fixture=5 class=steady lower_us=1750 n=44[0m
[0;32mI (23837) forensics: [HIST] fixture=5 class=steady lower_us=1775 n=18[0m
[0;32mI (23837) forensics: [HIST] fixture=5 class=steady lower_us=1800 n=9[0m
[0;32mI (23847) forensics: [HIST] fixture=5 class=steady lower_us=1825 n=4[0m
[0;32mI (23857) forensics: [HIST] fixture=5 class=steady lower_us=1850 n=1[0m
[0;32mI (23857) forensics: [HIST] fixture=5 class=steady lower_us=1875 n=2[0m
[0;32mI (23867) forensics: [HIST] fixture=5 class=steady lower_us=1900 n=29[0m
[0;32mI (23877) forensics: [HIST] fixture=5 class=steady lower_us=1925 n=6[0m
[0;32mI (23877) forensics: [HIST] fixture=5 class=steady lower_us=1950 n=1[0m
[0;32mI (23887) forensics: [HIST] fixture=5 class=steady lower_us=2000 n=2[0m
[0;32mI (23897) forensics: [HIST] fixture=5 class=steady lower_us=2025 n=4[0m
[0;32mI (23907) forensics: [HIST] fixture=5 class=steady lower_us=2075 n=1[0m
[0;32mI (23907) forensics: [HIST] fixture=5 class=steady lower_us=2125 n=1[0m
[0;32mI (23917) forensics: [CURVE] model=PAN fixture=5 voices=8 class=event n=44 avg_us=2499.21 p99_us=2750 max_us=2728 deadline=1 bad_voices=0 ble_lost=0 hard=0 sat=0[0m
[0;32mI (23937) forensics: [HIST] fixture=5 class=event lower_us=2400 n=1[0m
[0;32mI (23937) forensics: [HIST] fixture=5 class=event lower_us=2425 n=2[0m
[0;32mI (23947) forensics: [HIST] fixture=5 class=event lower_us=2450 n=9[0m
[0;32mI (23957) forensics: [HIST] fixture=5 class=event lower_us=2475 n=22[0m
[0;32mI (23957) forensics: [HIST] fixture=5 class=event lower_us=2500 n=2[0m
[0;32mI (23967) forensics: [HIST] fixture=5 class=event lower_us=2525 n=2[0m
[0;32mI (23977) forensics: [HIST] fixture=5 class=event lower_us=2575 n=2[0m
[0;32mI (23977) forensics: [HIST] fixture=5 class=event lower_us=2600 n=2[0m
[0;32mI (23987) forensics: [HIST] fixture=5 class=event lower_us=2625 n=1[0m
[0;32mI (23997) forensics: [HIST] fixture=5 class=event lower_us=2725 n=1[0m
[0;32mI (23997) forensics: [FASTPATH] fixture=5 stable8=106 attack=16[0m
[0;32mI (25837) pocket_pan_main: [AUDIO] model=PAN blocks=9359 avg_us=969 p99_us=1900 max_us=3768 cpu_load=36.3 deadline=7 timeout=0 tx_error=0 short=0[0m
[0;32mI (25837) pocket_pan_main: [MIDI] push=1 pop=1 drop=0 hwm=1 last=(n=50 v=75 t=78 hex=90324B)[0m
[0;32mI (25847) pocket_pan_main: [BLE] state=8 interval_ms=11.25 latency=0 rssi=-58 reconnects=0 last_disconnect=0[0m
[0;32mI (25857) pocket_pan_main: [MEM] internal_free=141403 largest_internal=38912[0m
[0;32mI (30847) pocket_pan_main: [AUDIO] model=PAN blocks=11238 avg_us=964 p99_us=1725 max_us=3768 cpu_load=36.1 deadline=7 timeout=0 tx_error=0 short=0[0m
[0;32mI (30847) pocket_pan_main: [MIDI] push=1 pop=1 drop=0 hwm=1 last=(n=50 v=75 t=78 hex=90324B)[0m
[0;32mI (30857) pocket_pan_main: [BLE] state=8 interval_ms=11.25 latency=0 rssi=-61 reconnects=0 last_disconnect=0[0m
[0;32mI (30867) pocket_pan_main: [MEM] internal_free=141403 largest_internal=38912[0m
[0;32mI (35857) pocket_pan_main: [AUDIO] model=PAN blocks=13115 avg_us=974 p99_us=1175 max_us=3768 cpu_load=36.5 deadline=7 timeout=0 tx_error=0 short=0[0m
[0;32mI (35857) pocket_pan_main: [MIDI] push=1 pop=1 drop=0 hwm=1 last=(n=50 v=75 t=78 hex=90324B)[0m
[0;32mI (35867) pocket_pan_main: [BLE] state=8 interval_ms=11.25 latency=0 rssi=-61 reconnects=0 last_disconnect=0[0m
[0;32mI (35877) pocket_pan_main: [MEM] internal_free=141403 largest_internal=38912[0m
[0;32mI (40867) pocket_pan_main: [AUDIO] model=PAN blocks=14995 avg_us=979 p99_us=1150 max_us=3768 cpu_load=36.7 deadline=7 timeout=0 tx_error=0 short=0[0m
[0;32mI (40867) pocket_pan_main: [MIDI] push=1 pop=1 drop=0 hwm=1 last=(n=50 v=75 t=78 hex=90324B)[0m
[0;32mI (40877) pocket_pan_main: [BLE] state=8 interval_ms=11.25 latency=0 rssi=-59 reconnects=0 last_disconnect=0[0m
[0;32mI (40887) pocket_pan_main: [MEM] internal_free=141403 largest_internal=38912[0m
[0;32mI (45607) forensics: [CURVE] model=BELL fixture=14 voices=4 class=steady n=8148 avg_us=963.43 p99_us=1100 max_us=1265 deadline=0 bad_voices=0 ble_lost=0 hard=0 sat=0[0m
[0;32mI (45617) forensics: [HIST] fixture=14 class=steady lower_us=925 n=3011[0m
[0;32mI (45617) forensics: [HIST] fixture=14 class=steady lower_us=950 n=3697[0m
[0;32mI (45627) forensics: [HIST] fixture=14 class=steady lower_us=975 n=462[0m
[0;32mI (45637) forensics: [HIST] fixture=14 class=steady lower_us=1000 n=352[0m
[0;32mI (45637) forensics: [HIST] fixture=14 class=steady lower_us=1025 n=409[0m
[0;32mI (45647) forensics: [HIST] fixture=14 class=steady lower_us=1050 n=104[0m
[0;32mI (45657) forensics: [HIST] fixture=14 class=steady lower_us=1075 n=38[0m
[0;32mI (45667) forensics: [HIST] fixture=14 class=steady lower_us=1100 n=30[0m
[0;32mI (45667) forensics: [HIST] fixture=14 class=steady lower_us=1125 n=31[0m
[0;32mI (45677) forensics: [HIST] fixture=14 class=steady lower_us=1150 n=5[0m
[0;32mI (45687) forensics: [HIST] fixture=14 class=steady lower_us=1200 n=4[0m
[0;32mI (45687) forensics: [HIST] fixture=14 class=steady lower_us=1225 n=4[0m
[0;32mI (45697) forensics: [HIST] fixture=14 class=steady lower_us=1250 n=1[0m
[0;32mI (45707) forensics: [CURVE] model=BELL fixture=14 voices=4 class=event n=44 avg_us=1512.01 p99_us=1775 max_us=1772 deadline=0 bad_voices=0 ble_lost=0 hard=0 sat=0[0m
[0;32mI (45717) forensics: [HIST] fixture=14 class=event lower_us=1450 n=4[0m
[0;32mI (45727) forensics: [HIST] fixture=14 class=event lower_us=1475 n=16[0m
[0;32mI (45737) forensics: [HIST] fixture=14 class=event lower_us=1500 n=19[0m
[0;32mI (45747) forensics: [HIST] fixture=14 class=event lower_us=1525 n=1[0m
[0;32mI (45747) forensics: [HIST] fixture=14 class=event lower_us=1600 n=2[0m
[0;32mI (45757) forensics: [HIST] fixture=14 class=event lower_us=1625 n=1[0m
[0;32mI (45767) forensics: [HIST] fixture=14 class=event lower_us=1750 n=1[0m
[0;32mI (45767) forensics: [FASTPATH] fixture=14 stable8=0 attack=8[0m
[0;32mI (45867) pocket_pan_main: [AUDIO] model=PAN blocks=16870 avg_us=1207 p99_us=1175 max_us=3768 cpu_load=45.3 deadline=8 timeout=0 tx_error=0 short=0[0m
[0;32mI (45867) pocket_pan_main: [MIDI] push=1 pop=1 drop=0 hwm=1 last=(n=50 v=75 t=78 hex=90324B)[0m
[0;32mI (45877) pocket_pan_main: [BLE] state=8 interval_ms=11.25 latency=0 rssi=-59 reconnects=0 last_disconnect=0[0m
[0;32mI (45887) pocket_pan_main: [MEM] internal_free=141403 largest_internal=38912[0m
[0;32mI (50877) pocket_pan_main: [AUDIO] model=PAN blocks=18748 avg_us=1637 p99_us=1850 max_us=3768 cpu_load=61.4 deadline=9 timeout=0 tx_error=0 short=0[0m
[0;32mI (50877) pocket_pan_main: [MIDI] push=1 pop=1 drop=0 hwm=1 last=(n=50 v=75 t=78 hex=90324B)[0m
[0;32mI (50887) pocket_pan_main: [BLE] state=8 interval_ms=11.25 latency=0 rssi=-58 reconnects=0 last_disconnect=0[0m
[0;32mI (50897) pocket_pan_main: [MEM] internal_free=141403 largest_internal=38912[0m
[0;32mI (55887) pocket_pan_main: [AUDIO] model=PAN blocks=20628 avg_us=1642 p99_us=1900 max_us=3768 cpu_load=61.6 deadline=10 timeout=0 tx_error=0 short=0[0m
[0;32mI (55887) pocket_pan_main: [MIDI] push=1 pop=1 drop=0 hwm=1 last=(n=50 v=75 t=78 hex=90324B)[0m
[0;32mI (55897) pocket_pan_main: [BLE] state=8 interval_ms=11.25 latency=0 rssi=-57 reconnects=0 last_disconnect=0[0m
[0;32mI (55907) pocket_pan_main: [MEM] internal_free=141403 largest_internal=38912[0m
[0;32mI (60897) pocket_pan_main: [AUDIO] model=PAN blocks=22506 avg_us=1640 p99_us=1900 max_us=3768 cpu_load=61.5 deadline=12 timeout=0 tx_error=0 short=0[0m
[0;32mI (60897) pocket_pan_main: [MIDI] push=1 pop=1 drop=0 hwm=1 last=(n=50 v=75 t=78 hex=90324B)[0m
[0;32mI (60907) pocket_pan_main: [BLE] state=8 interval_ms=11.25 latency=0 rssi=-61 reconnects=0 last_disconnect=0[0m
[0;32mI (60917) pocket_pan_main: [MEM] internal_free=141403 largest_internal=38912[0m
[0;32mI (65907) pocket_pan_main: [AUDIO] model=PAN blocks=24384 avg_us=1634 p99_us=1900 max_us=3768 cpu_load=61.3 deadline=12 timeout=0 tx_error=0 short=0[0m
[0;32mI (65907) pocket_pan_main: [MIDI] push=1 pop=1 drop=0 hwm=1 last=(n=50 v=75 t=78 hex=90324B)[0m
[0;32mI (65917) pocket_pan_main: [BLE] state=8 interval_ms=11.25 latency=0 rssi=-59 reconnects=0 last_disconnect=0[0m
[0;32mI (65927) pocket_pan_main: [MEM] internal_free=141403 largest_internal=38912[0m
[0;32mI (67467) forensics: [CURVE] model=BELL fixture=13 voices=8 class=steady n=8148 avg_us=1617.59 p99_us=1775 max_us=2082 deadline=0 bad_voices=0 ble_lost=0 hard=0 sat=0[0m
[0;32mI (67467) forensics: [HIST] fixture=13 class=steady lower_us=1575 n=2583[0m
[0;32mI (67477) forensics: [HIST] fixture=13 class=steady lower_us=1600 n=3965[0m
[0;32mI (67487) forensics: [HIST] fixture=13 class=steady lower_us=1625 n=562[0m
[0;32mI (67497) forensics: [HIST] fixture=13 class=steady lower_us=1650 n=340[0m
[0;32mI (67497) forensics: [HIST] fixture=13 class=steady lower_us=1675 n=423[0m
[0;32mI (67507) forensics: [HIST] fixture=13 class=steady lower_us=1700 n=124[0m
[0;32mI (67517) forensics: [HIST] fixture=13 class=steady lower_us=1725 n=47[0m
[0;32mI (67527) forensics: [HIST] fixture=13 class=steady lower_us=1750 n=30[0m
[0;32mI (67527) forensics: [HIST] fixture=13 class=steady lower_us=1775 n=14[0m
[0;32mI (67537) forensics: [HIST] fixture=13 class=steady lower_us=1800 n=4[0m
[0;32mI (67547) forensics: [HIST] fixture=13 class=steady lower_us=1825 n=8[0m
[0;32mI (67547) forensics: [HIST] fixture=13 class=steady lower_us=1850 n=2[0m
[0;32mI (67557) forensics: [HIST] fixture=13 class=steady lower_us=1875 n=1[0m
[0;32mI (67567) forensics: [HIST] fixture=13 class=steady lower_us=1900 n=39[0m
[0;32mI (67577) forensics: [HIST] fixture=13 class=steady lower_us=1925 n=2[0m
[0;32mI (67577) forensics: [HIST] fixture=13 class=steady lower_us=1975 n=1[0m
[0;32mI (67587) forensics: [HIST] fixture=13 class=steady lower_us=2000 n=1[0m
[0;32mI (67597) forensics: [HIST] fixture=13 class=steady lower_us=2050 n=1[0m
[0;32mI (67597) forensics: [HIST] fixture=13 class=steady lower_us=2075 n=1[0m
[0;32mI (67607) forensics: [CURVE] model=BELL fixture=13 voices=8 class=event n=44 avg_us=2502.50 p99_us=2850 max_us=2838 deadline=2 bad_voices=0 ble_lost=0 hard=0 sat=0[0m
[0;32mI (67627) forensics: [HIST] fixture=13 class=event lower_us=2425 n=2[0m
[0;32mI (67627) forensics: [HIST] fixture=13 class=event lower_us=2450 n=14[0m
[0;32mI (67637) forensics: [HIST] fixture=13 class=event lower_us=2475 n=7[0m
[0;32mI (67647) forensics: [HIST] fixture=13 class=event lower_us=2500 n=15[0m
[0;32mI (67647) forensics: [HIST] fixture=13 class=event lower_us=2525 n=2[0m
[0;32mI (67657) forensics: [HIST] fixture=13 class=event lower_us=2575 n=1[0m
[0;32mI (67667) forensics: [HIST] fixture=13 class=event lower_us=2625 n=1[0m
[0;32mI (67677) forensics: [HIST] fixture=13 class=event lower_us=2650 n=1[0m
[0;32mI (67677) forensics: [HIST] fixture=13 class=event lower_us=2825 n=1[0m
[0;32mI (67687) forensics: [FASTPATH] fixture=13 stable8=0 attack=16[0m
[0;32mI (70907) pocket_pan_main: [AUDIO] model=PAN blocks=26260 avg_us=5 p99_us=1900 max_us=3768 cpu_load=0.2 deadline=12 timeout=0 tx_error=0 short=0[0m
[0;32mI (70907) pocket_pan_main: [MIDI] push=1 pop=1 drop=0 hwm=1 last=(n=50 v=75 t=78 hex=90324B)[0m
[0;32mI (70917) pocket_pan_main: [BLE] state=8 interval_ms=11.25 latency=0 rssi=-61 reconnects=0 last_disconnect=0[0m
[0;32mI (70927) pocket_pan_main: [MEM] internal_free=141403 largest_internal=38912[0m
