[0;32mI (773) sleep: Configure to isolate all GPIO pins in sleep state[0m
[0;32mI (779) sleep: Enable automatic switching of GPIO sleep configuration[0m
[0;32mI (786) coexist: coex firmware version: dab85ae96[0m
[0;32mI (792) coexist: coexist rom version e7ae62f[0m
[0;32mI (797) main_task: Started on CPU0[0m
[0;32mI (807) esp_psram: Reserving pool of 32K of internal memory for DMA/internal allocations[0m
[0;32mI (807) main_task: Calling app_main()[0m
[0;32mI (817) pocket_pan_main: ===============================================[0m
[0;32mI (817) pocket_pan_main:   Pocket Pan / Metal Modal Synthesizer v1.0.0[0m
[0;32mI (827) pocket_pan_main:   Hardware: TENSTAR TS-ESP32-S3 (Feather TFT)[0m
[0;32mI (837) pocket_pan_main: ===============================================[0m
[0;32mI (847) pocket_pan_main: [FORENSICS] candidate=25 profile=0 cpu_mhz=240 optimization_perf=1[0m
[0;32mI (857) gpio: GPIO[10]| InputEn: 0| OutputEn: 1| OpenDrain: 0| Pullup: 0| Pulldown: 1| Intr:0 [0m
[0;32mI (867) AudioI2S: I2S TX initialized (48kHz, 32-bit slot, stereo, 6x128 frames DMA = 1024 bytes/buf)[0m
[0;32mI (877) AudioI2S: Audio task started on Core 0 at priority 12[0m
[0;32mI (877) BLE_INIT: BT controller compile version [ba3b3e3][0m
[0;32mI (887) BLE_INIT: Bluetooth MAC: b4:3a:45:ae:6f:2a[0m
[0;32mI (887) phy_init: phy_version 680,a6008b2,Jun  4 2024,16:41:10[0m
[0;32mI (927) BleMidi: NimBLE Host task running on Core 1[0m
[0;32mI (927) BleMidi: NimBLE BLE MIDI Central initialized and pinned to Core 1[0m
[0;31mE (937) Display: Failed to allocate display framebuffer[0m
[0;32mI (937) NimBLE: Failed to restore IRKs from store; status=8
[0m
[0;31mE (937) pocket_pan_main: Failed to initialize ST7789 display[0m
[0;32mI (947) NimBLE: GAP procedure initiated: discovery; [0m
[0;32mI (947) pocket_pan_main: Pocket Pan initialization complete. Realtime audio active.[0m
[0;32mI (957) NimBLE: own_addr_type=0 filter_policy=0 passive=0 limited=0 filter_duplicates=1 [0m
[0;32mI (977) NimBLE: duration=forever[0m
[0;32mI (967) main_task: Returned from app_main()[0m
[0;32mI (977) NimBLE: 
[0m
[0;32mI (987) BleMidi: Scanning for BLE MIDI devices...[0m
[0;32mI (957) gpio: GPIO[0]| InputEn: 1| OutputEn: 0| OpenDrain: 0| Pullup: 1| Pulldown: 0| Intr:0 [0m
[0;32mI (1127) BleMidi: BLE MIDI device found (59:FB:B6:B7:BF:0F); connecting[0m
[0;32mI (1127) NimBLE: GAP procedure initiated: connect; [0m
[0;32mI (1137) NimBLE: peer_addr_type=0 peer_addr=[0m
[0;32mI (1137) NimBLE: 59:fb:b6:b7:bf:0f[0m
[0;32mI (1137) NimBLE:  scan_itvl=16 scan_window=16 itvl_min=24 itvl_max=40 latency=0 supervision_timeout=256 min_ce_len=0 max_ce_len=0 own_addr_type=0[0m
[0;32mI (1157) NimBLE: 
[0m
[0;32mI (1337) BleMidi: BLE Connected! conn_handle=1[0m
[0;32mI (1337) NimBLE: GAP procedure initiated: [0m
[0;32mI (1337) NimBLE: connection parameter update; conn_handle=1 itvl_min=6 itvl_max=12 latency=0 supervision_timeout=200 min_ce_len=0 max_ce_len=0[0m
[0;32mI (1347) NimBLE: 
[0m
[0;32mI (1357) BleMidi: Requested connection params 7.5-15ms latency=0 timeout=2s rc=0[0m
[0;32mI (1357) NimBLE: GATT procedure initiated: discover all services
[0m
[0;32mI (1637) BleMidi: Found BLE MIDI Service! start_handle=112 end_handle=115[0m
[0;32mI (1637) NimBLE: GATT procedure initiated: discover all characteristics; [0m
[0;32mI (1637) NimBLE: start_handle=112 end_handle=115
[0m
[0;32mI (1737) BleMidi: Found BLE MIDI Characteristic! def_handle=113 val_handle=114 props=0x16[0m
[0;32mI (1737) NimBLE: GATT procedure initiated: discover all descriptors; [0m
[0;32mI (1737) NimBLE: chr_val_handle=114 end_handle=115
[0m
[0;32mI (1837) BleMidi: Discovered CCCD (0x2902) handle=115[0m
[0;32mI (1837) NimBLE: GATT procedure initiated: write; [0m
[0;32mI (1837) NimBLE: att_handle=115 len=2
[0m
[0;32mI (1897) BleMidi: Negotiated params interval=7.50ms latency=0 timeout=2000ms[0m
[0;32mI (1907) BleMidi: CCCD subscription successful; BLE MIDI ready[0m
[0;32mI (1907) NimBLE: GAP procedure initiated: [0m
[0;32mI (1907) NimBLE: connection parameter update; conn_handle=1 itvl_min=6 itvl_max=9 latency=0 supervision_timeout=100 min_ce_len=0 max_ce_len=0[0m
[0;32mI (1927) NimBLE: 
[0m
[0;32mI (2007) BleMidi: Negotiated params interval=11.25ms latency=0 timeout=1000ms[0m
[0;32mI (5807) pocket_pan_main: [AUDIO] model=PAN blocks=1850 avg_us=1659 p99_us=0 max_us=3572 cpu_load=62.2 deadline=2 timeout=0 tx_error=0 short=0[0m
[0;32mI (5807) pocket_pan_main: [MIDI] push=1 pop=1 drop=0 hwm=1 last=(n=50 v=75 t=78 hex=90324B)[0m
[0;32mI (5817) pocket_pan_main: [BLE] state=8 interval_ms=11.25 latency=0 rssi=-61 reconnects=0 last_disconnect=0[0m
[0;32mI (5827) pocket_pan_main: [MEM] internal_free=141403 largest_internal=38912[0m
[0;32mI (10817) pocket_pan_main: [AUDIO] model=PAN blocks=3728 avg_us=1641 p99_us=1900 max_us=3572 cpu_load=61.5 deadline=4 timeout=0 tx_error=0 short=0[0m
[0;32mI (10817) pocket_pan_main: [MIDI] push=1 pop=1 drop=0 hwm=1 last=(n=50 v=75 t=78 hex=90324B)[0m
[0;32mI (10827) pocket_pan_main: [BLE] state=8 interval_ms=11.25 latency=0 rssi=-59 reconnects=0 last_disconnect=0[0m
[0;32mI (10837) pocket_pan_main: [MEM] internal_free=141403 largest_internal=38912[0m
[0;32mI (15827) pocket_pan_main: [AUDIO] model=PAN blocks=5606 avg_us=1649 p99_us=1900 max_us=3572 cpu_load=61.8 deadline=5 timeout=0 tx_error=0 short=0[0m
[0;32mI (15827) pocket_pan_main: [MIDI] push=1 pop=1 drop=0 hwm=1 last=(n=50 v=75 t=78 hex=90324B)[0m
[0;32mI (15837) pocket_pan_main: [BLE] state=8 interval_ms=11.25 latency=0 rssi=-58 reconnects=0 last_disconnect=0[0m
[0;32mI (15847) pocket_pan_main: [MEM] internal_free=141403 largest_internal=38912[0m
[0;32mI (20837) pocket_pan_main: [AUDIO] model=PAN blocks=7486 avg_us=1654 p99_us=1925 max_us=3572 cpu_load=62.0 deadline=6 timeout=0 tx_error=0 short=0[0m
[0;32mI (20837) pocket_pan_main: [MIDI] push=1 pop=1 drop=0 hwm=1 last=(n=50 v=75 t=78 hex=90324B)[0m
[0;32mI (20847) pocket_pan_main: [BLE] state=8 interval_ms=11.25 latency=0 rssi=-58 reconnects=0 last_disconnect=0[0m
[0;32mI (20857) pocket_pan_main: [MEM] internal_free=141403 largest_internal=38912[0m
[0;32mI (23807) forensics: [CURVE] model=PAN fixture=5 voices=8 class=steady n=8148 avg_us=1631.75 p99_us=1775 max_us=2260 deadline=0 bad_voices=0 ble_lost=0 hard=0 sat=0[0m
[0;32mI (23817) forensics: [HIST] fixture=5 class=steady lower_us=1600 n=4816[0m
[0;32mI (23817) forensics: [HIST] fixture=5 class=steady lower_us=1625 n=2134[0m
[0;32mI (23827) forensics: [HIST] fixture=5 class=steady lower_us=1650 n=407[0m
[0;32mI (23837) forensics: [HIST] fixture=5 class=steady lower_us=1675 n=382[0m
[0;32mI (23837) forensics: [HIST] fixture=5 class=steady lower_us=1700 n=242[0m
[0;32mI (23847) forensics: [HIST] fixture=5 class=steady lower_us=1725 n=67[0m
[0;32mI (23857) forensics: [HIST] fixture=5 class=steady lower_us=1750 n=26[0m
[0;32mI (23867) forensics: [HIST] fixture=5 class=steady lower_us=1775 n=10[0m
[0;32mI (23867) forensics: [HIST] fixture=5 class=steady lower_us=1800 n=6[0m
[0;32mI (23877) forensics: [HIST] fixture=5 class=steady lower_us=1825 n=7[0m
[0;32mI (23887) forensics: [HIST] fixture=5 class=steady lower_us=1850 n=2[0m
[0;32mI (23887) forensics: [HIST] fixture=5 class=steady lower_us=1875 n=1[0m
[0;32mI (23897) forensics: [HIST] fixture=5 class=steady lower_us=1900 n=32[0m
[0;32mI (23907) forensics: [HIST] fixture=5 class=steady lower_us=1925 n=8[0m
[0;32mI (23907) forensics: [HIST] fixture=5 class=steady lower_us=1950 n=1[0m
[0;32mI (23917) forensics: [HIST] fixture=5 class=steady lower_us=1975 n=1[0m
[0;32mI (23927) forensics: [HIST] fixture=5 class=steady lower_us=2000 n=1[0m
[0;32mI (23937) forensics: [HIST] fixture=5 class=steady lower_us=2025 n=2[0m
[0;32mI (23937) forensics: [HIST] fixture=5 class=steady lower_us=2050 n=1[0m
[0;32mI (23947) forensics: [HIST] fixture=5 class=steady lower_us=2125 n=1[0m
[0;32mI (23957) forensics: [HIST] fixture=5 class=steady lower_us=2250 n=1[0m
[0;32mI (23957) forensics: [CURVE] model=PAN fixture=5 voices=8 class=event n=44 avg_us=2504.05 p99_us=2875 max_us=2863 deadline=1 bad_voices=0 ble_lost=0 hard=0 sat=0[0m
[0;32mI (23977) forensics: [HIST] fixture=5 class=event lower_us=2450 n=14[0m
[0;32mI (23987) forensics: [HIST] fixture=5 class=event lower_us=2475 n=16[0m
[0;32mI (23987) forensics: [HIST] fixture=5 class=event lower_us=2500 n=7[0m
[0;32mI (23997) forensics: [HIST] fixture=5 class=event lower_us=2525 n=1[0m
[0;32mI (24007) forensics: [HIST] fixture=5 class=event lower_us=2550 n=2[0m
[0;32mI (24007) forensics: [HIST] fixture=5 class=event lower_us=2575 n=1[0m
[0;32mI (24017) forensics: [HIST] fixture=5 class=event lower_us=2600 n=1[0m
[0;32mI (24027) forensics: [HIST] fixture=5 class=event lower_us=2625 n=1[0m
[0;32mI (24037) forensics: [HIST] fixture=5 class=event lower_us=2850 n=1[0m
[0;32mI (24037) forensics: [FASTPATH] fixture=5 stable8=106 attack=16[0m
[0;32mI (25847) pocket_pan_main: [AUDIO] model=PAN blocks=9365 avg_us=971 p99_us=1900 max_us=3572 cpu_load=36.4 deadline=7 timeout=0 tx_error=0 short=0[0m
[0;32mI (25847) pocket_pan_main: [MIDI] push=1 pop=1 drop=0 hwm=1 last=(n=50 v=75 t=78 hex=90324B)[0m
[0;32mI (25857) pocket_pan_main: [BLE] state=8 interval_ms=11.25 latency=0 rssi=-60 reconnects=0 last_disconnect=0[0m
[0;32mI (25867) pocket_pan_main: [MEM] internal_free=141403 largest_internal=38912[0m
[0;32mI (30857) pocket_pan_main: [AUDIO] model=PAN blocks=11242 avg_us=967 p99_us=1750 max_us=3572 cpu_load=36.3 deadline=7 timeout=0 tx_error=0 short=0[0m
[0;32mI (30857) pocket_pan_main: [MIDI] push=1 pop=1 drop=0 hwm=1 last=(n=50 v=75 t=78 hex=90324B)[0m
[0;32mI (30867) pocket_pan_main: [BLE] state=8 interval_ms=11.25 latency=0 rssi=-61 reconnects=0 last_disconnect=0[0m
[0;32mI (30877) pocket_pan_main: [MEM] internal_free=141403 largest_internal=38912[0m
[0;32mI (35867) pocket_pan_main: [AUDIO] model=PAN blocks=13122 avg_us=962 p99_us=1175 max_us=3572 cpu_load=36.1 deadline=7 timeout=0 tx_error=0 short=0[0m
[0;32mI (35867) pocket_pan_main: [MIDI] push=1 pop=1 drop=0 hwm=1 last=(n=50 v=75 t=78 hex=90324B)[0m
[0;32mI (35877) pocket_pan_main: [BLE] state=8 interval_ms=11.25 latency=0 rssi=-58 reconnects=0 last_disconnect=0[0m
[0;32mI (35887) pocket_pan_main: [MEM] internal_free=141403 largest_internal=38912[0m
[0;32mI (40877) pocket_pan_main: [AUDIO] model=PAN blocks=15001 avg_us=979 p99_us=1150 max_us=3572 cpu_load=36.7 deadline=7 timeout=0 tx_error=0 short=0[0m
[0;32mI (40877) pocket_pan_main: [MIDI] push=1 pop=1 drop=0 hwm=1 last=(n=50 v=75 t=78 hex=90324B)[0m
[0;32mI (40887) pocket_pan_main: [BLE] state=8 interval_ms=11.25 latency=0 rssi=-59 reconnects=0 last_disconnect=0[0m
[0;32mI (40897) pocket_pan_main: [MEM] internal_free=141403 largest_internal=38912[0m
[0;32mI (45647) forensics: [CURVE] model=BELL fixture=14 voices=4 class=steady n=8148 avg_us=962.86 p99_us=1125 max_us=1345 deadline=0 bad_voices=0 ble_lost=0 hard=0 sat=0[0m
[0;32mI (45647) forensics: [HIST] fixture=14 class=steady lower_us=925 n=3018[0m
[0;32mI (45657) forensics: [HIST] fixture=14 class=steady lower_us=950 n=3783[0m
[0;32mI (45667) forensics: [HIST] fixture=14 class=steady lower_us=975 n=419[0m
[0;32mI (45677) forensics: [HIST] fixture=14 class=steady lower_us=1000 n=361[0m
[0;32mI (45677) forensics: [HIST] fixture=14 class=steady lower_us=1025 n=377[0m
[0;32mI (45687) forensics: [HIST] fixture=14 class=steady lower_us=1050 n=78[0m
[0;32mI (45697) forensics: [HIST] fixture=14 class=steady lower_us=1075 n=30[0m
[0;32mI (45707) forensics: [HIST] fixture=14 class=steady lower_us=1100 n=44[0m
[0;32mI (45707) forensics: [HIST] fixture=14 class=steady lower_us=1125 n=24[0m
[0;32mI (45717) forensics: [HIST] fixture=14 class=steady lower_us=1150 n=5[0m
[0;32mI (45727) forensics: [HIST] fixture=14 class=steady lower_us=1175 n=1[0m
[0;32mI (45727) forensics: [HIST] fixture=14 class=steady lower_us=1200 n=1[0m
[0;32mI (45737) forensics: [HIST] fixture=14 class=steady lower_us=1225 n=3[0m
[0;32mI (45747) forensics: [HIST] fixture=14 class=steady lower_us=1250 n=3[0m
[0;32mI (45757) forensics: [HIST] fixture=14 class=steady lower_us=1325 n=1[0m
[0;32mI (45757) forensics: [CURVE] model=BELL fixture=14 voices=4 class=event n=44 avg_us=1519.67 p99_us=1850 max_us=1844 deadline=0 bad_voices=0 ble_lost=0 hard=0 sat=0[0m
[0;32mI (45777) forensics: [HIST] fixture=14 class=event lower_us=1450 n=2[0m
[0;32mI (45787) forensics: [HIST] fixture=14 class=event lower_us=1475 n=13[0m
[0;32mI (45787) forensics: [HIST] fixture=14 class=event lower_us=1500 n=19[0m
[0;32mI (45797) forensics: [HIST] fixture=14 class=event lower_us=1525 n=3[0m
[0;32mI (45807) forensics: [HIST] fixture=14 class=event lower_us=1550 n=1[0m
[0;32mI (45807) forensics: [HIST] fixture=14 class=event lower_us=1575 n=4[0m
[0;32mI (45817) forensics: [HIST] fixture=14 class=event lower_us=1600 n=1[0m
[0;32mI (45827) forensics: [HIST] fixture=14 class=event lower_us=1825 n=1[0m
[0;32mI (45827) forensics: [FASTPATH] fixture=14 stable8=0 attack=8[0m
[0;32mI (45897) pocket_pan_main: [AUDIO] model=PAN blocks=16882 avg_us=1117 p99_us=1150 max_us=3572 cpu_load=41.9 deadline=8 timeout=0 tx_error=0 short=0[0m
[0;32mI (45897) pocket_pan_main: [MIDI] push=1 pop=1 drop=0 hwm=1 last=(n=50 v=75 t=78 hex=90324B)[0m
[0;32mI (45907) pocket_pan_main: [BLE] state=8 interval_ms=11.25 latency=0 rssi=-59 reconnects=0 last_disconnect=0[0m
[0;32mI (45917) pocket_pan_main: [MEM] internal_free=141251 largest_internal=38912[0m
[0;32mI (50907) pocket_pan_main: [AUDIO] model=PAN blocks=18762 avg_us=1637 p99_us=1900 max_us=3572 cpu_load=61.4 deadline=9 timeout=0 tx_error=0 short=0[0m
[0;32mI (50907) pocket_pan_main: [MIDI] push=1 pop=1 drop=0 hwm=1 last=(n=50 v=75 t=78 hex=90324B)[0m
[0;32mI (50917) pocket_pan_main: [BLE] state=8 interval_ms=11.25 latency=0 rssi=-59 reconnects=0 last_disconnect=0[0m
[0;32mI (50927) pocket_pan_main: [MEM] internal_free=141251 largest_internal=38912[0m
[0;32mI (55917) pocket_pan_main: [AUDIO] model=PAN blocks=20641 avg_us=1643 p99_us=1900 max_us=3572 cpu_load=61.6 deadline=11 timeout=0 tx_error=0 short=0[0m
[0;32mI (55917) pocket_pan_main: [MIDI] push=1 pop=1 drop=0 hwm=1 last=(n=50 v=75 t=78 hex=90324B)[0m
[0;32mI (55927) pocket_pan_main: [BLE] state=8 interval_ms=11.25 latency=0 rssi=-61 reconnects=0 last_disconnect=0[0m
[0;32mI (55937) pocket_pan_main: [MEM] internal_free=141251 largest_internal=38912[0m
[0;32mI (60927) pocket_pan_main: [AUDIO] model=PAN blocks=22519 avg_us=1642 p99_us=1900 max_us=3572 cpu_load=61.6 deadline=14 timeout=0 tx_error=0 short=0[0m
[0;32mI (60927) pocket_pan_main: [MIDI] push=1 pop=1 drop=0 hwm=1 last=(n=50 v=75 t=78 hex=90324B)[0m
[0;32mI (60937) pocket_pan_main: [BLE] state=8 interval_ms=11.25 latency=0 rssi=-58 reconnects=0 last_disconnect=0[0m
[0;32mI (60947) pocket_pan_main: [MEM] internal_free=141251 largest_internal=38912[0m
[0;32mI (65937) pocket_pan_main: [AUDIO] model=PAN blocks=24398 avg_us=1624 p99_us=1900 max_us=3572 cpu_load=60.9 deadline=17 timeout=0 tx_error=0 short=0[0m
[0;32mI (65937) pocket_pan_main: [MIDI] push=1 pop=1 drop=0 hwm=1 last=(n=50 v=75 t=78 hex=90324B)[0m
[0;32mI (65947) pocket_pan_main: [BLE] state=8 interval_ms=11.25 latency=0 rssi=-58 reconnects=0 last_disconnect=0[0m
[0;32mI (65957) pocket_pan_main: [MEM] internal_free=141251 largest_internal=38912[0m
[0;32mI (67497) forensics: [CURVE] model=BELL fixture=13 voices=8 class=steady n=8148 avg_us=1617.06 p99_us=1775 max_us=2015 deadline=0 bad_voices=0 ble_lost=0 hard=0 sat=0[0m
[0;32mI (67497) forensics: [HIST] fixture=13 class=steady lower_us=1575 n=2537[0m
[0;32mI (67507) forensics: [HIST] fixture=13 class=steady lower_us=1600 n=4137[0m
[0;32mI (67517) forensics: [HIST] fixture=13 class=steady lower_us=1625 n=507[0m
[0;32mI (67517) forensics: [HIST] fixture=13 class=steady lower_us=1650 n=235[0m
[0;32mI (67527) forensics: [HIST] fixture=13 class=steady lower_us=1675 n=415[0m
[0;32mI (67537) forensics: [HIST] fixture=13 class=steady lower_us=1700 n=164[0m
[0;32mI (67547) forensics: [HIST] fixture=13 class=steady lower_us=1725 n=55[0m
[0;32mI (67547) forensics: [HIST] fixture=13 class=steady lower_us=1750 n=34[0m
[0;32mI (67557) forensics: [HIST] fixture=13 class=steady lower_us=1775 n=13[0m
[0;32mI (67567) forensics: [HIST] fixture=13 class=steady lower_us=1800 n=3[0m
[0;32mI (67567) forensics: [HIST] fixture=13 class=steady lower_us=1825 n=2[0m
[0;32mI (67577) forensics: [HIST] fixture=13 class=steady lower_us=1850 n=1[0m
[0;32mI (67587) forensics: [HIST] fixture=13 class=steady lower_us=1875 n=1[0m
[0;32mI (67597) forensics: [HIST] fixture=13 class=steady lower_us=1900 n=40[0m
[0;32mI (67597) forensics: [HIST] fixture=13 class=steady lower_us=1925 n=3[0m
[0;32mI (67607) forensics: [HIST] fixture=13 class=steady lower_us=2000 n=1[0m
[0;32mI (67617) forensics: [CURVE] model=BELL fixture=13 voices=8 class=event n=44 avg_us=2531.16 p99_us=3100 max_us=3084 deadline=2 bad_voices=0 ble_lost=0 hard=0 sat=0[0m
[0;32mI (67627) forensics: [HIST] fixture=13 class=event lower_us=2450 n=5[0m
[0;32mI (67637) forensics: [HIST] fixture=13 class=event lower_us=2475 n=18[0m
[0;32mI (67647) forensics: [HIST] fixture=13 class=event lower_us=2500 n=11[0m
[0;32mI (67647) forensics: [HIST] fixture=13 class=event lower_us=2575 n=4[0m
[0;32mI (67657) forensics: [HIST] fixture=13 class=event lower_us=2625 n=4[0m
[0;32mI (67667) forensics: [HIST] fixture=13 class=event lower_us=2725 n=1[0m
[0;32mI (67677) forensics: [HIST] fixture=13 class=event lower_us=3075 n=1[0m
[0;32mI (67677) forensics: [FASTPATH] fixture=13 stable8=0 attack=16[0m
[0;32mI (70957) pocket_pan_main: [AUDIO] model=PAN blocks=26281 avg_us=5 p99_us=1900 max_us=3572 cpu_load=0.2 deadline=17 timeout=0 tx_error=0 short=0[0m
[0;32mI (70957) pocket_pan_main: [MIDI] push=1 pop=1 drop=0 hwm=1 last=(n=50 v=75 t=78 hex=90324B)[0m
[0;32mI (70967) pocket_pan_main: [BLE] state=8 interval_ms=11.25 latency=0 rssi=-59 reconnects=0 last_disconnect=0[0m
[0;32mI (70977) pocket_pan_main: [MEM] internal_free=141251 largest_internal=38912[0m
