[0;32mI (122) esp_image: segment 1: paddr=0002eedc vaddr=3fc9d0[0;32mI (1537) BleMidi: Found BLE MIDI Service! start_handle=112 end_handle=115[0m
[0;32mI (1537) NimBLE: GATT procedure initiated: discover all characteristics; [0m
[0;32mI (1547) NimBLE: start_handle=112 end_handle=115
[0m
[0;32mI (1637) BleMidi: Found BLE MIDI Characteristic! def_handle=113 val_handle=114 props=0x16[0m
[0;32mI (1637) NimBLE: GATT procedure initiated: discover all descriptors; [0m
[0;32mI (1647) NimBLE: chr_val_handle=114 end_handle=115
[0m
[0;32mI (1737) BleMidi: Discovered CCCD (0x2902) handle=115[0m
[0;32mI (1737) NimBLE: GATT procedure initiated: write; [0m
[0;32mI (1737) NimBLE: att_handle=115 len=2
[0m
[0;32mI (1797) BleMidi: Negotiated params interval=7.50ms latency=0 timeout=2000ms[0m
[0;32mI (1807) BleMidi: CCCD subscription successful; BLE MIDI ready[0m
[0;32mI (1807) NimBLE: GAP procedure initiated: [0m
[0;32mI (1807) NimBLE: connection parameter update; conn_handle=1 itvl_min=6 itvl_max=9 latency=0 supervision_timeout=100 min_ce_len=0 max_ce_len=0[0m
[0;32mI (1827) NimBLE: 
[0m
[0;32mI (1897) BleMidi: Negotiated params interval=11.25ms latency=0 timeout=1000ms[0m
[0;32mI (5827) pocket_pan_main: [AUDIO] model=PAN blocks=1855 avg_us=1641 p99_us=0 max_us=3571 cpu_load=61.5 deadline=2 timeout=0 tx_error=0 short=0[0m
[0;32mI (5827) pocket_pan_main: [MIDI] push=1 pop=1 drop=0 hwm=1 last=(n=50 v=75 t=78 hex=90324B)[0m
[0;32mI (5837) pocket_pan_main: [BLE] state=8 interval_ms=11.25 latency=0 rssi=-61 reconnects=0 last_disconnect=0[0m
[0;32mI (5847) pocket_pan_main: [MEM] internal_free=141403 largest_internal=38912[0m
[0;32mI (10837) pocket_pan_main: [AUDIO] model=PAN blocks=3732 avg_us=1634 p99_us=1900 max_us=3571 cpu_load=61.3 deadline=4 timeout=0 tx_error=0 short=0[0m
[0;32mI (10837) pocket_pan_main: [MIDI] push=1 pop=1 drop=0 hwm=1 last=(n=50 v=75 t=78 hex=90324B)[0m
[0;32mI (10847) pocket_pan_main: [BLE] state=8 interval_ms=11.25 latency=0 rssi=-58 reconnects=0 last_disconnect=0[0m
[0;32mI (10857) pocket_pan_main: [MEM] internal_free=141403 largest_internal=38912[0m
[0;32mI (15847) pocket_pan_main: [AUDIO] model=PAN blocks=5613 avg_us=1634 p99_us=1900 max_us=3571 cpu_load=61.3 deadline=5 timeout=0 tx_error=0 short=0[0m
[0;32mI (15847) pocket_pan_main: [MIDI] push=1 pop=1 drop=0 hwm=1 last=(n=50 v=75 t=78 hex=90324B)[0m
[0;32mI (15857) pocket_pan_main: [BLE] state=8 interval_ms=11.25 latency=0 rssi=-58 reconnects=0 last_disconnect=0[0m
[0;32mI (15867) pocket_pan_main: [MEM] internal_free=141403 largest_internal=38912[0m
[0;32mI (20857) pocket_pan_main: [AUDIO] model=PAN blocks=7491 avg_us=1658 p99_us=1900 max_us=3571 cpu_load=62.2 deadline=6 timeout=0 tx_error=0 short=0[0m
[0;32mI (20857) pocket_pan_main: [MIDI] push=1 pop=1 drop=0 hwm=1 last=(n=50 v=75 t=78 hex=90324B)[0m
[0;32mI (20867) pocket_pan_main: [BLE] state=8 interval_ms=11.25 latency=0 rssi=-59 reconnects=0 last_disconnect=0[0m
[0;32mI (20877) pocket_pan_main: [MEM] internal_free=141403 largest_internal=38912[0m
[0;32mI (23707) forensics: [CURVE] model=PAN fixture=5 voices=8 class=steady n=8148 avg_us=1632.18 p99_us=1775 max_us=2038 deadline=0 bad_voices=0 ble_lost=0 hard=0 sat=0[0m
[0;32mI (23707) forensics: [HIST] fixture=5 class=steady lower_us=1600 n=4665[0m
[0;32mI (23717) forensics: [HIST] fixture=5 class=steady lower_us=1625 n=2208[0m
[0;32mI (23727) forensics: [HIST] fixture=5 class=steady lower_us=1650 n=494[0m
[0;32mI (23727) forensics: [HIST] fixture=5 class=steady lower_us=1675 n=389[0m
[0;32mI (23737) forensics: [HIST] fixture=5 class=steady lower_us=1700 n=226[0m
[0;32mI (23747) forensics: [HIST] fixture=5 class=steady lower_us=1725 n=58[0m
[0;32mI (23747) forensics: [HIST] fixture=5 class=steady lower_us=1750 n=38[0m
[0;32mI (23757) forensics: [HIST] fixture=5 class=steady lower_us=1775 n=19[0m
[0;32mI (23767) forensics: [HIST] fixture=5 class=steady lower_us=1800 n=3[0m
[0;32mI (23777) forensics: [HIST] fixture=5 class=steady lower_us=1825 n=1[0m
[0;32mI (23777) forensics: [HIST] fixture=5 class=steady lower_us=1850 n=2[0m
[0;32mI (23787) forensics: [HIST] fixture=5 class=steady lower_us=1875 n=1[0m
[0;32mI (23797) forensics: [HIST] fixture=5 class=steady lower_us=1900 n=31[0m
[0;32mI (23797) forensics: [HIST] fixture=5 class=steady lower_us=1925 n=6[0m
[0;32mI (23807) forensics: [HIST] fixture=5 class=steady lower_us=1950 n=4[0m
[0;32mI (23817) forensics: [HIST] fixture=5 class=steady lower_us=2000 n=1[0m
[0;32mI (23827) forensics: [HIST] fixture=5 class=steady lower_us=2025 n=2[0m
[0;32mI (23827) forensics: [CURVE] model=PAN fixture=5 voices=8 class=event n=44 avg_us=2501.30 p99_us=2800 max_us=2791 deadline=1 bad_voices=0 ble_lost=0 hard=0 sat=0[0m
[0;32mI (23847) forensics: [HIST] fixture=5 class=event lower_us=2400 n=1[0m
[0;32mI (23847) forensics: [HIST] fixture=5 class=event lower_us=2425 n=8[0m
[0;32mI (23857) forensics: [HIST] fixture=5 class=event lower_us=2450 n=9[0m
[0;32mI (23867) forensics: [HIST] fixture=5 class=event lower_us=2475 n=12[0m
[0;32mI (23877) forensics: [HIST] fixture=5 class=event lower_us=2500 n=1[0m
[0;32mI (23877) forensics: [HIST] fixture=5 class=event lower_us=2525 n=5[0m
[0;32mI (23887) forensics: [HIST] fixture=5 class=event lower_us=2550 n=1[0m
[0;32mI (23897) forensics: [HIST] fixture=5 class=event lower_us=2575 n=4[0m
[0;32mI (23897) forensics: [HIST] fixture=5 class=event lower_us=2625 n=1[0m
[0;32mI (23907) forensics: [HIST] fixture=5 class=event lower_us=2650 n=1[0m
[0;32mI (23917) forensics: [HIST] fixture=5 class=event lower_us=2775 n=1[0m
[0;32mI (23917) forensics: [FASTPATH] fixture=5 stable8=106 attack=16[0m
[0;32mI (25877) pocket_pan_main: [AUDIO] model=PAN blocks=9373 avg_us=964 p99_us=1900 max_us=3571 cpu_load=36.1 deadline=6 timeout=0 tx_error=0 short=0[0m
[0;32mI (25877) pocket_pan_main: [MIDI] push=1 pop=1 drop=0 hwm=1 last=(n=50 v=75 t=78 hex=90324B)[0m
[0;32mI (25887) pocket_pan_main: [BLE] state=8 interval_ms=11.25 latency=0 rssi=-59 reconnects=0 last_disconnect=0[0m
[0;32mI (25897) pocket_pan_main: [MEM] internal_free=141403 largest_internal=38912[0m
[0;32mI (30887) pocket_pan_main: [AUDIO] model=PAN blocks=11253 avg_us=976 p99_us=1725 max_us=3571 cpu_load=36.6 deadline=6 timeout=0 tx_error=0 short=0[0m
[0;32mI (30887) pocket_pan_main: [MIDI] push=1 pop=1 drop=0 hwm=1 last=(n=50 v=75 t=78 hex=90324B)[0m
[0;32mI (30897) pocket_pan_main: [BLE] state=8 interval_ms=11.25 latency=0 rssi=-57 reconnects=0 last_disconnect=0[0m
[0;32mI (30907) pocket_pan_main: [MEM] internal_free=141403 largest_internal=38912[0m
[0;32mI (35897) pocket_pan_main: [AUDIO] model=PAN blocks=13131 avg_us=976 p99_us=1150 max_us=3571 cpu_load=36.6 deadline=6 timeout=0 tx_error=0 short=0[0m
[0;32mI (35897) pocket_pan_main: [MIDI] push=1 pop=1 drop=0 hwm=1 last=(n=50 v=75 t=78 hex=90324B)[0m
[0;32mI (35907) pocket_pan_main: [BLE] state=8 interval_ms=11.25 latency=0 rssi=-58 reconnects=0 last_disconnect=0[0m
[0;32mI (35917) pocket_pan_main: [MEM] internal_free=141403 largest_internal=38912[0m
[0;32mI (40907) pocket_pan_main: [AUDIO] model=PAN blocks=15009 avg_us=986 p99_us=1150 max_us=3571 cpu_load=37.0 deadline=6 timeout=0 tx_error=0 short=0[0m
[0;32mI (40907) pocket_pan_main: [MIDI] push=1 pop=1 drop=0 hwm=1 last=(n=50 v=75 t=78 hex=90324B)[0m
[0;32mI (40917) pocket_pan_main: [BLE] state=8 interval_ms=11.25 latency=0 rssi=-59 reconnects=0 last_disconnect=0[0m
[0;32mI (40927) pocket_pan_main: [MEM] internal_free=141403 largest_internal=38912[0m
[0;32mI (45527) forensics: [CURVE] model=BELL fixture=14 voices=4 class=steady n=8148 avg_us=963.62 p99_us=1125 max_us=1233 deadline=0 bad_voices=0 ble_lost=0 hard=0 sat=0[0m
[0;32mI (45537) forensics: [HIST] fixture=14 class=steady lower_us=925 n=3029[0m
[0;32mI (45537) forensics: [HIST] fixture=14 class=steady lower_us=950 n=3656[0m
[0;32mI (45547) forensics: [HIST] fixture=14 class=steady lower_us=975 n=481[0m
[0;32mI (45557) forensics: [HIST] fixture=14 class=steady lower_us=1000 n=337[0m
[0;32mI (45557) forensics: [HIST] fixture=14 class=steady lower_us=1025 n=431[0m
[0;32mI (45567) forensics: [HIST] fixture=14 class=steady lower_us=1050 n=94[0m
[0;32mI (45577) forensics: [HIST] fixture=14 class=steady lower_us=1075 n=33[0m
[0;32mI (45587) forensics: [HIST] fixture=14 class=steady lower_us=1100 n=46[0m
[0;32mI (45587) forensics: [HIST] fixture=14 class=steady lower_us=1125 n=34[0m
[0;32mI (45597) forensics: [HIST] fixture=14 class=steady lower_us=1150 n=6[0m
[0;32mI (45607) forensics: [HIST] fixture=14 class=steady lower_us=1225 n=1[0m
[0;32mI (45607) forensics: [CURVE] model=BELL fixture=14 voices=4 class=event n=44 avg_us=1505.73 p99_us=1700 max_us=1695 deadline=0 bad_voices=0 ble_lost=0 hard=0 sat=0[0m
[0;32mI (45627) forensics: [HIST] fixture=14 class=event lower_us=1450 n=6[0m
[0;32mI (45637) forensics: [HIST] fixture=14 class=event lower_us=1475 n=20[0m
[0;32mI (45637) forensics: [HIST] fixture=14 class=event lower_us=1500 n=11[0m
[0;32mI (45647) forensics: [HIST] fixture=14 class=event lower_us=1550 n=5[0m
[0;32mI (45657) forensics: [HIST] fixture=14 class=event lower_us=1575 n=1[0m
[0;32mI (45667) forensics: [HIST] fixture=14 class=event lower_us=1675 n=1[0m
[0;32mI (45667) forensics: [FASTPATH] fixture=14 stable8=0 attack=8[0m
[0;32mI (45917) pocket_pan_main: [AUDIO] model=PAN blocks=16889 avg_us=1396 p99_us=1175 max_us=3734 cpu_load=52.3 deadline=7 timeout=0 tx_error=0 short=0[0m
[0;32mI (45917) pocket_pan_main: [MIDI] push=1 pop=1 drop=0 hwm=1 last=(n=50 v=75 t=78 hex=90324B)[0m
[0;32mI (45927) pocket_pan_main: [BLE] state=8 interval_ms=11.25 latency=0 rssi=-59 reconnects=0 last_disconnect=0[0m
[0;32mI (45937) pocket_pan_main: [MEM] internal_free=141403 largest_internal=38912[0m
[0;32mI (50927) pocket_pan_main: [AUDIO] model=PAN blocks=18768 avg_us=1638 p99_us=1875 max_us=3734 cpu_load=61.4 deadline=7 timeout=0 tx_error=0 short=0[0m
[0;32mI (50927) pocket_pan_main: [MIDI] push=1 pop=1 drop=0 hwm=1 last=(n=50 v=75 t=78 hex=90324B)[0m
[0;32mI (50937) pocket_pan_main: [BLE] state=8 interval_ms=11.25 latency=0 rssi=-59 reconnects=0 last_disconnect=0[0m
[0;32mI (50947) pocket_pan_main: [MEM] internal_free=141403 largest_internal=38912[0m
[0;32mI (55937) pocket_pan_main: [AUDIO] model=PAN blocks=20645 avg_us=1643 p99_us=1900 max_us=3734 cpu_load=61.6 deadline=7 timeout=0 tx_error=0 short=0[0m
[0;32mI (55937) pocket_pan_main: [MIDI] push=1 pop=1 drop=0 hwm=1 last=(n=50 v=75 t=78 hex=90324B)[0m
[0;32mI (55947) pocket_pan_main: [BLE] state=8 interval_ms=11.25 latency=0 rssi=-59 reconnects=0 last_disconnect=0[0m
[0;32mI (55957) pocket_pan_main: [MEM] internal_free=141403 largest_internal=38912[0m
[0;32mI (60947) pocket_pan_main: [AUDIO] model=PAN blocks=22525 avg_us=1623 p99_us=1900 max_us=3734 cpu_load=60.9 deadline=7 timeout=0 tx_error=0 short=0[0m
[0;32mI (60947) pocket_pan_main: [MIDI] push=1 pop=1 drop=0 hwm=1 last=(n=50 v=75 t=78 hex=90324B)[0m
[0;32mI (60957) pocket_pan_main: [BLE] state=8 interval_ms=11.25 latency=0 rssi=-60 reconnects=0 last_disconnect=0[0m
[0;32mI (60967) pocket_pan_main: [MEM] internal_free=141403 largest_internal=38912[0m
[0;32mI (65957) pocket_pan_main: [AUDIO] model=PAN blocks=24404 avg_us=1637 p99_us=1900 max_us=3734 cpu_load=61.4 deadline=8 timeout=0 tx_error=0 short=0[0m
[0;32mI (65957) pocket_pan_main: [MIDI] push=1 pop=1 drop=0 hwm=1 last=(n=50 v=75 t=78 hex=90324B)[0m
[0;32mI (65967) pocket_pan_main: [BLE] state=8 interval_ms=11.25 latency=0 rssi=-58 reconnects=0 last_disconnect=0[0m
[0;32mI (65977) pocket_pan_main: [MEM] internal_free=141403 largest_internal=38912[0m
[0;32mI (67397) forensics: [CURVE] model=BELL fixture=13 voices=8 class=steady n=8148 avg_us=1616.83 p99_us=1750 max_us=2074 deadline=0 bad_voices=0 ble_lost=0 hard=0 sat=0[0m
[0;32mI (67407) forensics: [HIST] fixture=13 class=steady lower_us=1575 n=2610[0m
[0;32mI (67407) forensics: [HIST] fixture=13 class=steady lower_us=1600 n=3944[0m
[0;32mI (67417) forensics: [HIST] fixture=13 class=steady lower_us=1625 n=586[0m
[0;32mI (67427) forensics: [HIST] fixture=13 class=steady lower_us=1650 n=362[0m
[0;32mI (67427) forensics: [HIST] fixture=13 class=steady lower_us=1675 n=421[0m
[0;32mI (67437) forensics: [HIST] fixture=13 class=steady lower_us=1700 n=108[0m
[0;32mI (67447) forensics: [HIST] fixture=13 class=steady lower_us=1725 n=39[0m
[0;32mI (67457) forensics: [HIST] fixture=13 class=steady lower_us=1750 n=20[0m
[0;32mI (67457) forensics: [HIST] fixture=13 class=steady lower_us=1775 n=6[0m
[0;32mI (67467) forensics: [HIST] fixture=13 class=steady lower_us=1800 n=5[0m
[0;32mI (67477) forensics: [HIST] fixture=13 class=steady lower_us=1825 n=2[0m
[0;32mI (67477) forensics: [HIST] fixture=13 class=steady lower_us=1875 n=3[0m
[0;32mI (67487) forensics: [HIST] fixture=13 class=steady lower_us=1900 n=39[0m
[0;32mI (67497) forensics: [HIST] fixture=13 class=steady lower_us=1950 n=1[0m
[0;32mI (67507) forensics: [HIST] fixture=13 class=steady lower_us=2050 n=2[0m
[0;32mI (67507) forensics: [CURVE] model=BELL fixture=13 voices=8 class=event n=44 avg_us=2498.96 p99_us=2725 max_us=2724 deadline=1 bad_voices=0 ble_lost=0 hard=0 sat=0[0m
[0;32mI (67527) forensics: [HIST] fixture=13 class=event lower_us=2450 n=10[0m
[0;32mI (67537) forensics: [HIST] fixture=13 class=event lower_us=2475 n=17[0m
[0;32mI (67537) forensics: [HIST] fixture=13 class=event lower_us=2500 n=12[0m
[0;32mI (67547) forensics: [HIST] fixture=13 class=event lower_us=2525 n=3[0m
[0;32mI (67557) forensics: [HIST] fixture=13 class=event lower_us=2575 n=1[0m
[0;32mI (67557) forensics: [HIST] fixture=13 class=event lower_us=2700 n=1[0m
[0;32mI (67567) forensics: [FASTPATH] fixture=13 stable8=0 attack=16[0m
[0;32mI (70967) pocket_pan_main: [AUDIO] model=PAN blocks=26282 avg_us=5 p99_us=1900 max_us=3734 cpu_load=0.2 deadline=8 timeout=0 tx_error=0 short=0[0m
[0;32mI (70967) pocket_pan_main: [MIDI] push=1 pop=1 drop=0 hwm=1 last=(n=50 v=75 t=78 hex=90324B)[0m
[0;32mI (70977) pocket_pan_main: [BLE] state=8 interval_ms=11.25 latency=0 rssi=-59 reconnects=0 last_disconnect=0[0m
[0;32mI (70987) pocket_pan_main: [MEM] internal_free=141403 largest_internal=38912[0m
