[0;32mI (200) esp_image: segment 3: paddr=00091dec vaddr=3fc9e00c size=033f4h ( 13300) load[0m
[0;32mI (203) esp_image: segment 4: paddr=000951e8 vaddr=40374000 size=18edch (102108) load[0m
[0;32mI (238) boot: Loaded app from partition at offset 0x10000[0m
[0;32mI (238) boot: Disabling RNG early entropy source...[0m
[0;32mI (250) esp_psram: Found 2MB PSRAM device[0m
[0;32mI (250) esp_psram: Speed: 40MHz[0m
[0;32mI (251) cpu_start: Multicore app[0m
[0;32mI (670) esp_psram: SPI SRAM memory test OK[0m
[0;32mI (679) cpu_start: Pro cpu start user code[0m
[0;32mI (679) cpu_start: cpu freq: 240000000 Hz[0m
[0;32mI (680) app_init: Application information:[0m
[0;32mI (682) app_init: Project name:     pocket_pan[0m
[0;32mI (687) app_init: App version:      2fe76c1-dirty[0m
[0;32mI (693) app_init: Compile time:     Sep 27 2026 14:17:15[0m
[0;32mI (699) app_init: ELF file SHA256:  132ea505a...[0m
[0;32mI (704) app_init: ESP-IDF:          v5.3-dirty[0m
[0;32mI (709) efuse_init: Min chip rev:     v0.0[0m
[0;32mI (714) efuse_init: Max chip rev:     v0.99 [0m
[0;32mI (719) efuse_init: Chip rev:         v0.2[0m
[0;32mI (724) heap_init: Initializing. RAM available for dynamic allocation:[0m
[0;32mI (731) heap_init: At 3FCC3368 len 000263A8 (152 KiB): RAM[0m
[0;32mI (737) heap_init: At 3FCE9710 len 00005724 (21 KiB): RAM[0m
[0;32mI (743) heap_init: At 3FCF0000 len 00008000 (32 KiB): DRAM[0m
[0;32mI (749) heap_init: At 600FE100 len 00001EE8 (7 KiB): RTCRAM[0m
[0;32mI (756) esp_psram: Adding pool of 2048K of PSRAM memory to heap allocator[0m
[0;32mI (764) spi_flash: detected chip: generic[0m
[0;32mI (768) spi_flash: flash io: dio[0m
[0;32mI (772) sleep: Configure to isolate all GPIO pins in sleep state[0m
[0;32mI (779) sleep: Enable automatic switching of GPIO sleep configuration[0m
[0;32mI (786) coexist: coex firmware version: dab85ae96[0m
[0;32mI (791) coexist: coexist rom version e7ae62f[0m
[0;32mI (796) main_task: Started on CPU0[0m
[0;32mI (806) esp_psram: Reserving pool of 32K of internal memory for DMA/internal allocations[0m
[0;32mI (806) main_task: Calling app_main()[0m
[0;32mI (816) pocket_pan_main: ===============================================[0m
[0;32mI (816) pocket_pan_main:   Pocket Pan / Metal Modal Synthesizer v1.0.0[0m
[0;32mI (826) pocket_pan_main:   Hardware: TENSTAR TS-ESP32-S3 (Feather TFT)[0m
[0;32mI (836) pocket_pan_main: ===============================================[0m
[0;32mI (846) pocket_pan_main: [FORENSICS] candidate=26 profile=0 cpu_mhz=240 optimization_perf=1[0m
[0;32mI (856) gpio: GPIO[10]| InputEn: 0| OutputEn: 1| OpenDrain: 0| Pullup: 0| Pulldown: 1| Intr:0 [0m
[0;32mI (866) AudioI2S: I2S TX initialized (48kHz, 32-bit slot, stereo, 6x128 frames DMA = 1024 bytes/buf)[0m
[0;32mI (876) AudioI2S: Audio task started on Core 0 at priority 12[0m
[0;32mI (876) BLE_INIT: BT controller compile version [ba3b3e3][0m
[0;32mI (886) BLE_INIT: Bluetooth MAC: b4:3a:45:ae:6f:2a[0m
[0;32mI (886) phy_init: phy_version 680,a6008b2,Jun  4 2024,16:41:10[0m
[0;32mI (926) BleMidi: NimBLE Host task running on Core 1[0m
[0;32mI (926) BleMidi: NimBLE BLE MIDI Central initialized and pinned to Core 1[0m
[0;31mE (936) Display: Failed to allocate display framebuffer[0m
[0;32mI (936) NimBLE: Failed to restore IRKs from store; status=8
[0m
[0;31mE (936) pocket_pan_main: Failed to initialize ST7789 display[0m
[0;32mI (946) NimBLE: GAP procedure initiated: discovery; [0m
[0;32mI (956) pocket_pan_main: Pocket Pan initialization complete. Realtime audio active.[0m
[0;32mI (956) NimBLE: own_addr_type=0 filter_policy=0 passive=0 limited=0 filter_duplicates=1 [0m
[0;32mI (976) NimBLE: duration=forever[0m
[0;32mI (966) main_task: Returned from app_main()[0m
[0;32mI (976) NimBLE: 
[0m
[0;32mI (986) BleMidi: Scanning for BLE MIDI devices...[0m
[0;32mI (956) gpio: GPIO[0]| InputEn: 1| OutputEn: 0| OpenDrain: 0| Pullup: 1| Pulldown: 0| Intr:0 [0m
[0;32mI (1036) BleMidi: BLE MIDI device found (59:FB:B6:B7:BF:0F); connecting[0m
[0;32mI (1036) NimBLE: GAP procedure initiated: connect; [0m
[0;32mI (1036) NimBLE: peer_addr_type=0 peer_addr=[0m
[0;32mI (1046) NimBLE: 59:fb:b6:b7:bf:0f[0m
[0;32mI (1046) NimBLE:  scan_itvl=16 scan_window=16 itvl_min=24 itvl_max=40 latency=0 supervision_timeout=256 min_ce_len=0 max_ce_len=0 own_addr_type=0[0m
[0;32mI (1056) NimBLE: 
[0m
[0;32mI (1136) BleMidi: BLE Connected! conn_handle=1[0m
[0;32mI (1136) NimBLE: GAP procedure initiated: [0m
[0;32mI (1136) NimBLE: connection parameter update; conn_handle=1 itvl_min=6 itvl_max=12 latency=0 supervision_timeout=200 min_ce_len=0 max_ce_len=0[0m
[0;32mI (1146) NimBLE: 
[0m
[0;32mI (1156) BleMidi: Requested connection params 7.5-15ms latency=0 timeout=2s rc=0[0m
[0;32mI (1166) NimBLE: GATT procedure initiated: discover all services
[0m
[0;32mI (1436) BleMidi: Found BLE MIDI Service! start_handle=112 end_handle=115[0m
[0;32mI (1436) NimBLE: GATT procedure initiated: discover all characteristics; [0m
[0;32mI (1436) NimBLE: start_handle=112 end_handle=115
[0m
[0;32mI (1536) BleMidi: Found BLE MIDI Characteristic! def_handle=113 val_handle=114 props=0x16[0m
[0;32mI (1536) NimBLE: GATT procedure initiated: discover all descriptors; [0m
[0;32mI (1536) NimBLE: chr_val_handle=114 end_handle=115
[0m
[0;32mI (1636) BleMidi: Discovered CCCD (0x2902) handle=115[0m
[0;32mI (1636) NimBLE: GATT procedure initiated: write; [0m
[0;32mI (1636) NimBLE: att_handle=115 len=2
[0m
[0;32mI (1686) BleMidi: Negotiated params interval=7.50ms latency=0 timeout=2000ms[0m
[0;32mI (1696) BleMidi: CCCD subscription successful; BLE MIDI ready[0m
[0;32mI (1706) NimBLE: GAP procedure initiated: [0m
[0;32mI (1706) NimBLE: connection parameter update; conn_handle=1 itvl_min=6 itvl_max=9 latency=0 supervision_timeout=100 min_ce_len=0 max_ce_len=0[0m
[0;32mI (1716) NimBLE: 
[0m
[0;32mI (1796) BleMidi: Negotiated params interval=11.25ms latency=0 timeout=1000ms[0m
[0;32mI (5816) pocket_pan_main: [AUDIO] model=PAN blocks=1853 avg_us=1622 p99_us=0 max_us=4404 cpu_load=60.8 deadline=3 timeout=0 tx_error=0 short=0[0m
[0;32mI (5816) pocket_pan_main: [MIDI] push=0 pop=0 drop=0 hwm=0 last=(n=62 v=0 t=78 hex=000000)[0m
[0;32mI (5826) pocket_pan_main: [BLE] state=8 interval_ms=11.25 latency=0 rssi=-74 reconnects=0 last_disconnect=0[0m
[0;32mI (5836) pocket_pan_main: [MEM] internal_free=122163 largest_internal=31744[0m
[0;32mI (10826) pocket_pan_main: [AUDIO] model=PAN blocks=3732 avg_us=1632 p99_us=1850 max_us=4404 cpu_load=61.2 deadline=4 timeout=0 tx_error=0 short=0[0m
[0;32mI (10826) pocket_pan_main: [MIDI] push=0 pop=0 drop=0 hwm=0 last=(n=62 v=0 t=78 hex=000000)[0m
[0;32mI (10836) pocket_pan_main: [BLE] state=8 interval_ms=11.25 latency=0 rssi=-68 reconnects=0 last_disconnect=0[0m
[0;32mI (10846) pocket_pan_main: [MEM] internal_free=122163 largest_internal=31744[0m
[0;32mI (15836) pocket_pan_main: [AUDIO] model=PAN blocks=5610 avg_us=1637 p99_us=1900 max_us=4404 cpu_load=61.4 deadline=5 timeout=0 tx_error=0 short=0[0m
[0;32mI (15836) pocket_pan_main: [MIDI] push=0 pop=0 drop=0 hwm=0 last=(n=62 v=0 t=78 hex=000000)[0m
[0;32mI (15846) pocket_pan_main: [BLE] state=8 interval_ms=11.25 latency=0 rssi=-68 reconnects=0 last_disconnect=0[0m
[0;32mI (15856) pocket_pan_main: [MEM] internal_free=122163 largest_internal=31744[0m
[0;32mI (20846) pocket_pan_main: [AUDIO] model=PAN blocks=7490 avg_us=1629 p99_us=1900 max_us=4404 cpu_load=61.1 deadline=7 timeout=0 tx_error=0 short=0[0m
[0;32mI (20846) pocket_pan_main: [MIDI] push=0 pop=0 drop=0 hwm=0 last=(n=62 v=0 t=78 hex=000000)[0m
[0;32mI (20856) pocket_pan_main: [BLE] state=8 interval_ms=11.25 latency=0 rssi=-73 reconnects=0 last_disconnect=0[0m
[0;32mI (20866) pocket_pan_main: [MEM] internal_free=122163 largest_internal=31744[0m
[0;32mI (23576) forensics: [CURVE] model=PAN fixture=5 voices=8 class=steady n=8148 avg_us=1623.41 p95_us=1660 p99_us=1720 p995_us=1900 p999_us=1925 max_us=1947 deadline=0 bad_voices=0 ble_lost=0 hard=0 sat=0 bin_us=5[0m
[0;32mI (23586) forensics: [HIST] fixture=5 class=steady lower_us=1605 n=1171[0m
[0;32mI (23586) forensics: [HIST] fixture=5 class=steady lower_us=1610 n=2260[0m
[0;32mI (23596) forensics: [HIST] fixture=5 class=steady lower_us=1615 n=1449[0m
[0;32mI (23606) forensics: [HIST] fixture=5 class=steady lower_us=1620 n=713[0m
[0;32mI (23616) forensics: [HIST] fixture=5 class=steady lower_us=1625 n=477[0m
[0;32mI (23616) forensics: [HIST] fixture=5 class=steady lower_us=1630 n=484[0m
[0;32mI (23626) forensics: [HIST] fixture=5 class=steady lower_us=1635 n=478[0m
[0;32mI (23636) forensics: [HIST] fixture=5 class=steady lower_us=1640 n=365[0m
[0;32mI (23636) forensics: [HIST] fixture=5 class=steady lower_us=1645 n=179[0m
[0;32mI (23646) forensics: [HIST] fixture=5 class=steady lower_us=1650 n=122[0m
[0;32mI (23656) forensics: [HIST] fixture=5 class=steady lower_us=1655 n=67[0m
[0;32mI (23666) forensics: [HIST] fixture=5 class=steady lower_us=1660 n=29[0m
[0;32mI (23666) forensics: [HIST] fixture=5 class=steady lower_us=1665 n=33[0m
[0;32mI (23676) forensics: [HIST] fixture=5 class=steady lower_us=1670 n=48[0m
[0;32mI (23686) forensics: [HIST] fixture=5 class=steady lower_us=1675 n=33[0m
[0;32mI (23686) forensics: [HIST] fixture=5 class=steady lower_us=1680 n=27[0m
[0;32mI (23696) forensics: [HIST] fixture=5 class=steady lower_us=1685 n=31[0m
[0;32mI (23706) forensics: [HIST] fixture=5 class=steady lower_us=1690 n=30[0m
[0;32mI (23716) forensics: [HIST] fixture=5 class=steady lower_us=1695 n=21[0m
[0;32mI (23716) forensics: [HIST] fixture=5 class=steady lower_us=1700 n=22[0m
[0;32mI (23726) forensics: [HIST] fixture=5 class=steady lower_us=1705 n=12[0m
[0;32mI (23736) forensics: [HIST] fixture=5 class=steady lower_us=1710 n=11[0m
[0;32mI (23736) forensics: [HIST] fixture=5 class=steady lower_us=1715 n=7[0m
[0;32mI (23746) forensics: [HIST] fixture=5 class=steady lower_us=1720 n=6[0m
[0;32mI (23756) forensics: [HIST] fixture=5 class=steady lower_us=1725 n=8[0m
[0;32mI (23766) forensics: [HIST] fixture=5 class=steady lower_us=1730 n=8[0m
[0;32mI (23766) forensics: [HIST] fixture=5 class=steady lower_us=1735 n=3[0m
[0;32mI (23776) forensics: [HIST] fixture=5 class=steady lower_us=1740 n=2[0m
[0;32mI (23786) forensics: [HIST] fixture=5 class=steady lower_us=1745 n=2[0m
[0;32mI (23786) forensics: [HIST] fixture=5 class=steady lower_us=1750 n=1[0m
[0;32mI (23796) forensics: [HIST] fixture=5 class=steady lower_us=1755 n=1[0m
[0;32mI (23806) forensics: [HIST] fixture=5 class=steady lower_us=1760 n=1[0m
[0;32mI (23806) forensics: [HIST] fixture=5 class=steady lower_us=1775 n=1[0m
[0;32mI (23816) forensics: [HIST] fixture=5 class=steady lower_us=1790 n=1[0m
[0;32mI (23826) forensics: [HIST] fixture=5 class=steady lower_us=1795 n=1[0m
[0;32mI (23836) forensics: [HIST] fixture=5 class=steady lower_us=1885 n=1[0m
[0;32mI (23836) forensics: [HIST] fixture=5 class=steady lower_us=1895 n=4[0m
[0;32mI (23846) forensics: [HIST] fixture=5 class=steady lower_us=1900 n=7[0m
[0;32mI (23856) forensics: [HIST] fixture=5 class=steady lower_us=1905 n=8[0m
[0;32mI (23856) forensics: [HIST] fixture=5 class=steady lower_us=1910 n=9[0m
[0;32mI (23866) forensics: [HIST] fixture=5 class=steady lower_us=1915 n=6[0m
[0;32mI (23876) forensics: [HIST] fixture=5 class=steady lower_us=1920 n=6[0m
[0;32mI (23876) forensics: [HIST] fixture=5 class=steady lower_us=1930 n=1[0m
[0;32mI (23886) forensics: [HIST] fixture=5 class=steady lower_us=1945 n=2[0m
[0;32mI (23896) forensics: [CURVE] model=PAN fixture=5 voices=8 class=event n=44 avg_us=2575.53 p95_us=2730 p99_us=2840 p995_us=2840 p999_us=2840 max_us=2837 deadline=3 bad_voices=0 ble_lost=0 hard=0 sat=0 bin_us=5[0m
[0;32mI (23916) forensics: [HIST] fixture=5 class=event lower_us=2500 n=1[0m
[0;32mI (23916) forensics: [HIST] fixture=5 class=event lower_us=2505 n=1[0m
[0;32mI (23926) forensics: [HIST] fixture=5 class=event lower_us=2510 n=2[0m
[0;32mI (23936) forensics: [HIST] fixture=5 class=event lower_us=2515 n=5[0m
[0;32mI (23946) forensics: [HIST] fixture=5 class=event lower_us=2520 n=4[0m
[0;32mI (23946) forensics: [HIST] fixture=5 class=event lower_us=2525 n=1[0m
[0;32mI (23956) forensics: [HIST] fixture=5 class=event lower_us=2530 n=1[0m
[0;32mI (23966) forensics: [HIST] fixture=5 class=event lower_us=2540 n=1[0m
[0;32mI (23966) forensics: [HIST] fixture=5 class=event lower_us=2550 n=1[0m
[0;32mI (23976) forensics: [HIST] fixture=5 class=event lower_us=2560 n=2[0m
[0;32mI (23986) forensics: [HIST] fixture=5 class=event lower_us=2570 n=3[0m
[0;32mI (23986) forensics: [HIST] fixture=5 class=event lower_us=2575 n=4[0m
[0;32mI (23996) forensics: [HIST] fixture=5 class=event lower_us=2580 n=3[0m
[0;32mI (24006) forensics: [HIST] fixture=5 class=event lower_us=2585 n=2[0m
[0;32mI (24016) forensics: [HIST] fixture=5 class=event lower_us=2590 n=5[0m
[0;32mI (24016) forensics: [HIST] fixture=5 class=event lower_us=2595 n=2[0m
[0;32mI (24026) forensics: [HIST] fixture=5 class=event lower_us=2610 n=1[0m
[0;32mI (24036) forensics: [HIST] fixture=5 class=event lower_us=2640 n=1[0m
[0;32mI (24036) forensics: [HIST] fixture=5 class=event lower_us=2650 n=1[0m
[0;32mI (24046) forensics: [HIST] fixture=5 class=event lower_us=2725 n=1[0m
[0;32mI (24056) forensics: [HIST] fixture=5 class=event lower_us=2810 n=1[0m
[0;32mI (24056) forensics: [HIST] fixture=5 class=event lower_us=2835 n=1[0m
[0;32mI (24066) forensics: [FASTPATH] fixture=5 stable8=106 attack=16[0m
[0;32mI (25846) pocket_pan_main: [AUDIO] model=PAN blocks=9364 avg_us=971 p99_us=1875 max_us=4404 cpu_load=36.4 deadline=8 timeout=0 tx_error=0 short=0[0m
[0;32mI (25846) pocket_pan_main: [MIDI] push=0 pop=0 drop=0 hwm=0 last=(n=62 v=0 t=78 hex=000000)[0m
[0;32mI (25856) pocket_pan_main: [BLE] state=8 interval_ms=11.25 latency=0 rssi=-74 reconnects=0 last_disconnect=0[0m
[0;32mI (25866) pocket_pan_main: [MEM] internal_free=122163 largest_internal=31744[0m
[0;32mI (30856) pocket_pan_main: [AUDIO] model=PAN blocks=11242 avg_us=972 p99_us=1675 max_us=4404 cpu_load=36.4 deadline=8 timeout=0 tx_error=0 short=0[0m
[0;32mI (30856) pocket_pan_main: [MIDI] push=0 pop=0 drop=0 hwm=0 last=(n=62 v=0 t=78 hex=000000)[0m
[0;32mI (30866) pocket_pan_main: [BLE] state=8 interval_ms=11.25 latency=0 rssi=-68 reconnects=0 last_disconnect=0[0m
[0;32mI (30876) pocket_pan_main: [MEM] internal_free=122163 largest_internal=31744[0m
[0;32mI (35866) pocket_pan_main: [AUDIO] model=PAN blocks=13122 avg_us=969 p99_us=1125 max_us=4404 cpu_load=36.3 deadline=8 timeout=0 tx_error=0 short=0[0m
[0;32mI (35866) pocket_pan_main: [MIDI] push=0 pop=0 drop=0 hwm=0 last=(n=62 v=0 t=78 hex=000000)[0m
[0;32mI (35876) pocket_pan_main: [BLE] state=8 interval_ms=11.25 latency=0 rssi=-68 reconnects=0 last_disconnect=0[0m
[0;32mI (35886) pocket_pan_main: [MEM] internal_free=122163 largest_internal=31744[0m
[0;32mI (40876) pocket_pan_main: [AUDIO] model=PAN blocks=15001 avg_us=964 p99_us=1125 max_us=4404 cpu_load=36.1 deadline=8 timeout=0 tx_error=0 short=0[0m
[0;32mI (40876) pocket_pan_main: [MIDI] push=0 pop=0 drop=0 hwm=0 last=(n=62 v=0 t=78 hex=000000)[0m
[0;32mI (40886) pocket_pan_main: [BLE] state=8 interval_ms=11.25 latency=0 rssi=-67 reconnects=0 last_disconnect=0[0m
[0;32mI (40896) pocket_pan_main: [MEM] internal_free=122163 largest_internal=31744[0m
[0;32mI (45406) forensics: [CURVE] model=BELL fixture=14 voices=4 class=steady n=8148 avg_us=954.69 p95_us=990 p99_us=1035 p995_us=1120 p999_us=1135 max_us=1280 deadline=0 bad_voices=0 ble_lost=0 hard=0 sat=0 bin_us=5[0m
[0;32mI (45416) forensics: [HIST] fixture=14 class=steady lower_us=935 n=935[0m
[0;32mI (45426) forensics: [HIST] fixture=14 class=steady lower_us=940 n=1864[0m
[0;32mI (45426) forensics: [HIST] fixture=14 class=steady lower_us=945 n=1726[0m
[0;32mI (45436) forensics: [HIST] fixture=14 class=steady lower_us=950 n=838[0m
[0;32mI (45446) forensics: [HIST] fixture=14 class=steady lower_us=955 n=699[0m
[0;32mI (45456) forensics: [HIST] fixture=14 class=steady lower_us=960 n=488[0m
[0;32mI (45456) forensics: [HIST] fixture=14 class=steady lower_us=965 n=377[0m
[0;32mI (45466) forensics: [HIST] fixture=14 class=steady lower_us=970 n=294[0m
[0;32mI (45476) forensics: [HIST] fixture=14 class=steady lower_us=975 n=282[0m
[0;32mI (45476) forensics: [HIST] fixture=14 class=steady lower_us=980 n=154[0m
[0;32mI (45486) forensics: [HIST] fixture=14 class=steady lower_us=985 n=119[0m
[0;32mI (45496) forensics: [HIST] fixture=14 class=steady lower_us=990 n=58[0m
[0;32mI (45506) forensics: [HIST] fixture=14 class=steady lower_us=995 n=44[0m
[0;32mI (45506) forensics: [HIST] fixture=14 class=steady lower_us=1000 n=20[0m
[0;32mI (45516) forensics: [HIST] fixture=14 class=steady lower_us=1005 n=33[0m
[0;32mI (45526) forensics: [HIST] fixture=14 class=steady lower_us=1010 n=29[0m
[0;32mI (45526) forensics: [HIST] fixture=14 class=steady lower_us=1015 n=42[0m
[0;32mI (45536) forensics: [HIST] fixture=14 class=steady lower_us=1020 n=28[0m
[0;32mI (45546) forensics: [HIST] fixture=14 class=steady lower_us=1025 n=28[0m
[0;32mI (45556) forensics: [HIST] fixture=14 class=steady lower_us=1030 n=13[0m
[0;32mI (45556) forensics: [HIST] fixture=14 class=steady lower_us=1035 n=7[0m
[0;32mI (45566) forensics: [HIST] fixture=14 class=steady lower_us=1040 n=4[0m
[0;32mI (45576) forensics: [HIST] fixture=14 class=steady lower_us=1045 n=2[0m
[0;32mI (45576) forensics: [HIST] fixture=14 class=steady lower_us=1050 n=2[0m
[0;32mI (45586) forensics: [HIST] fixture=14 class=steady lower_us=1055 n=3[0m
[0;32mI (45596) forensics: [HIST] fixture=14 class=steady lower_us=1060 n=1[0m
[0;32mI (45606) forensics: [HIST] fixture=14 class=steady lower_us=1065 n=3[0m
[0;32mI (45606) forensics: [HIST] fixture=14 class=steady lower_us=1070 n=4[0m
[0;32mI (45616) forensics: [HIST] fixture=14 class=steady lower_us=1075 n=1[0m
[0;32mI (45626) forensics: [HIST] fixture=14 class=steady lower_us=1085 n=2[0m
[0;32mI (45626) forensics: [HIST] fixture=14 class=steady lower_us=1090 n=1[0m
[0;32mI (45636) forensics: [HIST] fixture=14 class=steady lower_us=1095 n=1[0m
[0;32mI (45646) forensics: [HIST] fixture=14 class=steady lower_us=1105 n=1[0m
[0;32mI (45656) forensics: [HIST] fixture=14 class=steady lower_us=1115 n=14[0m
[0;32mI (45656) forensics: [HIST] fixture=14 class=steady lower_us=1120 n=8[0m
[0;32mI (45666) forensics: [HIST] fixture=14 class=steady lower_us=1125 n=11[0m
[0;32mI (45676) forensics: [HIST] fixture=14 class=steady lower_us=1130 n=6[0m
[0;32mI (45676) forensics: [HIST] fixture=14 class=steady lower_us=1140 n=1[0m
[0;32mI (45686) forensics: [HIST] fixture=14 class=steady lower_us=1160 n=3[0m
[0;32mI (45696) forensics: [HIST] fixture=14 class=steady lower_us=1180 n=1[0m
[0;32mI (45706) forensics: [HIST] fixture=14 class=steady lower_us=1280 n=1[0m
[0;32mI (45706) forensics: [CURVE] model=BELL fixture=14 voices=4 class=event n=44 avg_us=1606.25 p95_us=1705 p99_us=1810 p995_us=1810 p999_us=1810 max_us=1809 deadline=0 bad_voices=0 ble_lost=0 hard=0 sat=0 bin_us=5[0m
[0;32mI (45726) forensics: [HIST] fixture=14 class=event lower_us=1445 n=1[0m
[0;32mI (45736) forensics: [HIST] fixture=14 class=event lower_us=1540 n=1[0m
[0;32mI (45746) forensics: [HIST] fixture=14 class=event lower_us=1545 n=1[0m
[0;32mI (45746) forensics: [HIST] fixture=14 class=event lower_us=1575 n=2[0m
[0;32mI (45756) forensics: [HIST] fixture=14 class=event lower_us=1580 n=7[0m
[0;32mI (45766) forensics: [HIST] fixture=14 class=event lower_us=1585 n=7[0m
[0;32mI (45766) forensics: [HIST] fixture=14 class=event lower_us=1590 n=5[0m
[0;32mI (45776) forensics: [HIST] fixture=14 class=event lower_us=1595 n=4[0m
[0;32mI (45786) forensics: [HIST] fixture=14 class=event lower_us=1600 n=3[0m
[0;32mI (45796) forensics: [HIST] fixture=14 class=event lower_us=1605 n=1[0m
[0;32mI (45796) forensics: [HIST] fixture=14 class=event lower_us=1610 n=2[0m
[0;32mI (45806) forensics: [HIST] fixture=14 class=event lower_us=1625 n=1[0m
[0;32mI (45816) forensics: [HIST] fixture=14 class=event lower_us=1630 n=1[0m
[0;32mI (45816) forensics: [HIST] fixture=14 class=event lower_us=1635 n=1[0m
[0;32mI (45826) forensics: [HIST] fixture=14 class=event lower_us=1665 n=2[0m
[0;32mI (45836) forensics: [HIST] fixture=14 class=event lower_us=1670 n=1[0m
[0;32mI (45836) forensics: [HIST] fixture=14 class=event lower_us=1690 n=1[0m
[0;32mI (45846) forensics: [HIST] fixture=14 class=event lower_us=1700 n=1[0m
[0;32mI (45856) forensics: [HIST] fixture=14 class=event lower_us=1730 n=1[0m
[0;32mI (45866) forensics: [HIST] fixture=14 class=event lower_us=1805 n=1[0m
[0;32mI (45866) forensics: [FASTPATH] fixture=14 stable8=0 attack=8[0m
[0;32mI (45906) pocket_pan_main: [AUDIO] model=PAN blocks=16887 avg_us=1645 p99_us=1100 max_us=4404 cpu_load=61.7 deadline=9 timeout=0 tx_error=0 short=0[0m
[0;32mI (45906) pocket_pan_main: [MIDI] push=0 pop=0 drop=0 hwm=0 last=(n=62 v=0 t=78 hex=000000)[0m
[0;32mI (45916) pocket_pan_main: [BLE] state=8 interval_ms=11.25 latency=0 rssi=-68 reconnects=0 last_disconnect=0[0m
[0;32mI (45926) pocket_pan_main: [MEM] internal_free=122163 largest_internal=31744[0m
[0;32mI (50916) pocket_pan_main: [AUDIO] model=PAN blocks=18764 avg_us=1612 p99_us=1800 max_us=4404 cpu_load=60.4 deadline=13 timeout=0 tx_error=0 short=0[0m
[0;32mI (50916) pocket_pan_main: [MIDI] push=0 pop=0 drop=0 hwm=0 last=(n=62 v=0 t=78 hex=000000)[0m
[0;32mI (50926) pocket_pan_main: [BLE] state=8 interval_ms=11.25 latency=0 rssi=-68 reconnects=0 last_disconnect=0[0m
[0;32mI (50936) pocket_pan_main: [MEM] internal_free=122163 largest_internal=31744[0m
[0;32mI (55926) pocket_pan_main: [AUDIO] model=PAN blocks=20645 avg_us=1612 p99_us=1900 max_us=4404 cpu_load=60.4 deadline=19 timeout=0 tx_error=0 short=0[0m
[0;32mI (55926) pocket_pan_main: [MIDI] push=0 pop=0 drop=0 hwm=0 last=(n=62 v=0 t=78 hex=000000)[0m
[0;32mI (55936) pocket_pan_main: [BLE] state=8 interval_ms=11.25 latency=0 rssi=-67 reconnects=0 last_disconnect=0[0m
[0;32mI (55946) pocket_pan_main: [MEM] internal_free=122163 largest_internal=31744[0m
[0;32mI (60936) pocket_pan_main: [AUDIO] model=PAN blocks=22523 avg_us=1606 p99_us=1900 max_us=4404 cpu_load=60.2 deadline=26 timeout=0 tx_error=0 short=0[0m
[0;32mI (60936) pocket_pan_main: [MIDI] push=0 pop=0 drop=0 hwm=0 last=(n=62 v=0 t=78 hex=000000)[0m
[0;32mI (60946) pocket_pan_main: [BLE] state=8 interval_ms=11.25 latency=0 rssi=-67 reconnects=0 last_disconnect=0[0m
[0;32mI (60956) pocket_pan_main: [MEM] internal_free=122163 largest_internal=31744[0m
[0;32mI (65946) pocket_pan_main: [AUDIO] model=PAN blocks=24401 avg_us=1629 p99_us=1900 max_us=4404 cpu_load=61.1 deadline=32 timeout=0 tx_error=0 short=0[0m
[0;32mI (65946) pocket_pan_main: [MIDI] push=0 pop=0 drop=0 hwm=0 last=(n=62 v=0 t=78 hex=000000)[0m
[0;32mI (65956) pocket_pan_main: [BLE] state=8 interval_ms=11.25 latency=0 rssi=-62 reconnects=0 last_disconnect=0[0m
[0;32mI (65966) pocket_pan_main: [MEM] internal_free=122163 largest_internal=31744[0m
[0;32mI (67266) forensics: [CURVE] model=BELL fixture=13 voices=8 class=steady n=8148 avg_us=1607.94 p95_us=1645 p99_us=1695 p995_us=1900 p999_us=1945 max_us=2033 deadline=0 bad_voices=0 ble_lost=0 hard=0 sat=0 bin_us=5[0m
[0;32mI (67276) forensics: [HIST] fixture=13 class=steady lower_us=1590 n=2093[0m
[0;32mI (67286) forensics: [HIST] fixture=13 class=steady lower_us=1595 n=1505[0m
[0;32mI (67286) forensics: [HIST] fixture=13 class=steady lower_us=1600 n=1147[0m
[0;32mI (67296) forensics: [HIST] fixture=13 class=steady lower_us=1605 n=954[0m
[0;32mI (67306) forensics: [HIST] fixture=13 class=steady lower_us=1610 n=509[0m
[0;32mI (67316) forensics: [HIST] fixture=13 class=steady lower_us=1615 n=522[0m
[0;32mI (67316) forensics: [HIST] fixture=13 class=steady lower_us=1620 n=361[0m
[0;32mI (67326) forensics: [HIST] fixture=13 class=steady lower_us=1625 n=282[0m
[0;32mI (67336) forensics: [HIST] fixture=13 class=steady lower_us=1630 n=192[0m
[0;32mI (67346) forensics: [HIST] fixture=13 class=steady lower_us=1635 n=143[0m
[0;32mI (67346) forensics: [HIST] fixture=13 class=steady lower_us=1640 n=77[0m
[0;32mI (67356) forensics: [HIST] fixture=13 class=steady lower_us=1645 n=52[0m
[0;32mI (67366) forensics: [HIST] fixture=13 class=steady lower_us=1650 n=41[0m
[0;32mI (67366) forensics: [HIST] fixture=13 class=steady lower_us=1655 n=37[0m
[0;32mI (67376) forensics: [HIST] fixture=13 class=steady lower_us=1660 n=39[0m
[0;32mI (67386) forensics: [HIST] fixture=13 class=steady lower_us=1665 n=26[0m
[0;32mI (67396) forensics: [HIST] fixture=13 class=steady lower_us=1670 n=36[0m
[0;32mI (67396) forensics: [HIST] fixture=13 class=steady lower_us=1675 n=25[0m
[0;32mI (67406) forensics: [HIST] fixture=13 class=steady lower_us=1680 n=9[0m
[0;32mI (67416) forensics: [HIST] fixture=13 class=steady lower_us=1685 n=10[0m
[0;32mI (67416) forensics: [HIST] fixture=13 class=steady lower_us=1690 n=12[0m
[0;32mI (67426) forensics: [HIST] fixture=13 class=steady lower_us=1695 n=5[0m
[0;32mI (67436) forensics: [HIST] fixture=13 class=steady lower_us=1700 n=7[0m
[0;32mI (67446) forensics: [HIST] fixture=13 class=steady lower_us=1710 n=3[0m
[0;32mI (67446) forensics: [HIST] fixture=13 class=steady lower_us=1715 n=5[0m
[0;32mI (67456) forensics: [HIST] fixture=13 class=steady lower_us=1720 n=1[0m
[0;32mI (67466) forensics: [HIST] fixture=13 class=steady lower_us=1725 n=2[0m
[0;32mI (67466) forensics: [HIST] fixture=13 class=steady lower_us=1730 n=1[0m
[0;32mI (67476) forensics: [HIST] fixture=13 class=steady lower_us=1735 n=2[0m
[0;32mI (67486) forensics: [HIST] fixture=13 class=steady lower_us=1740 n=1[0m
[0;32mI (67496) forensics: [HIST] fixture=13 class=steady lower_us=1745 n=2[0m
[0;32mI (67496) forensics: [HIST] fixture=13 class=steady lower_us=1760 n=2[0m
[0;32mI (67506) forensics: [HIST] fixture=13 class=steady lower_us=1775 n=1[0m
[0;32mI (67516) forensics: [HIST] fixture=13 class=steady lower_us=1895 n=13[0m
[0;32mI (67516) forensics: [HIST] fixture=13 class=steady lower_us=1900 n=10[0m
[0;32mI (67526) forensics: [HIST] fixture=13 class=steady lower_us=1905 n=6[0m
[0;32mI (67536) forensics: [HIST] fixture=13 class=steady lower_us=1910 n=1[0m
[0;32mI (67546) forensics: [HIST] fixture=13 class=steady lower_us=1915 n=2[0m
[0;32mI (67546) forensics: [HIST] fixture=13 class=steady lower_us=1920 n=2[0m
[0;32mI (67556) forensics: [HIST] fixture=13 class=steady lower_us=1925 n=1[0m
[0;32mI (67566) forensics: [HIST] fixture=13 class=steady lower_us=1940 n=1[0m
[0;32mI (67566) forensics: [HIST] fixture=13 class=steady lower_us=1945 n=1[0m
[0;32mI (67576) forensics: [HIST] fixture=13 class=steady lower_us=1950 n=2[0m
[0;32mI (67586) forensics: [HIST] fixture=13 class=steady lower_us=1955 n=1[0m
[0;32mI (67596) forensics: [HIST] fixture=13 class=steady lower_us=1980 n=1[0m
[0;32mI (67596) forensics: [HIST] fixture=13 class=steady lower_us=1990 n=1[0m
[0;32mI (67606) forensics: [HIST] fixture=13 class=steady lower_us=2010 n=1[0m
[0;32mI (67616) forensics: [HIST] fixture=13 class=steady lower_us=2030 n=1[0m
[0;32mI (67616) forensics: [CURVE] model=BELL fixture=13 voices=8 class=event n=44 avg_us=2602.24 p95_us=2710 p99_us=2720 p995_us=2720 p999_us=2720 max_us=2716 deadline=6 bad_voices=0 ble_lost=0 hard=0 sat=0 bin_us=5[0m
