[0;32mI (199) esp_image: segment 3: paddr=000915d0 vaddr=3fc9e4dc size=03024h ( 12324) load[0m
[0;32mI (202) esp_image: segment 4: paddr=000945fc vaddr=40374000 size=18f34h (102196) load[0m
[0;32mI (237) boot: Loaded app from partition at offset 0x10000[0m
[0;32mI (238) boot: Disabling RNG early entropy source...[0m
[0;32mI (250) esp_psram: Found 2MB PSRAM device[0m
[0;32mI (250) esp_psram: Speed: 40MHz[0m
[0;32mI (250) cpu_start: Multicore app[0m
[0;32mI (670) esp_psram: SPI SRAM memory test OK[0m
[0;32mI (679) cpu_start: Pro cpu start user code[0m
[0;32mI (679) cpu_start: cpu freq: 240000000 Hz[0m
[0;32mI (679) app_init: Application information:[0m
[0;32mI (682) app_init: Project name:     pocket_pan[0m
[0;32mI (687) app_init: App version:      2fe76c1-dirty[0m
[0;32mI (692) app_init: Compile time:     Sep 27 2026 14:27:33[0m
[0;32mI (698) app_init: ELF file SHA256:  f434fca50...[0m
[0;32mI (704) app_init: ESP-IDF:          v5.3-dirty[0m
[0;32mI (709) efuse_init: Min chip rev:     v0.0[0m
[0;32mI (714) efuse_init: Max chip rev:     v0.99 [0m
[0;32mI (718) efuse_init: Chip rev:         v0.2[0m
[0;32mI (723) heap_init: Initializing. RAM available for dynamic allocation:[0m
[0;32mI (731) heap_init: At 3FCC3440 len 000262D0 (152 KiB): RAM[0m
[0;32mI (737) heap_init: At 3FCE9710 len 00005724 (21 KiB): RAM[0m
[0;32mI (743) heap_init: At 3FCF0000 len 00008000 (32 KiB): DRAM[0m
[0;32mI (749) heap_init: At 600FE100 len 00001EE8 (7 KiB): RTCRAM[0m
[0;32mI (755) esp_psram: Adding pool of 2048K of PSRAM memory to heap allocator[0m
[0;32mI (763) spi_flash: detected chip: generic[0m
[0;32mI (767) spi_flash: flash io: dio[0m
[0;32mI (772) sleep: Configure to isolate all GPIO pins in sleep state[0m
[0;32mI (778) sleep: Enable automatic switching of GPIO sleep configuration[0m
[0;32mI (785) coexist: coex firmware version: dab85ae96[0m
[0;32mI (791) coexist: coexist rom version e7ae62f[0m
[0;32mI (796) main_task: Started on CPU0[0m
[0;32mI (806) esp_psram: Reserving pool of 32K of internal memory for DMA/internal allocations[0m
[0;32mI (806) main_task: Calling app_main()[0m
[0;32mI (816) pocket_pan_main: ===============================================[0m
[0;32mI (816) pocket_pan_main:   Pocket Pan / Metal Modal Synthesizer v1.0.0[0m
[0;32mI (826) pocket_pan_main:   Hardware: TENSTAR TS-ESP32-S3 (Feather TFT)[0m
[0;32mI (836) pocket_pan_main: ===============================================[0m
[0;32mI (846) pocket_pan_main: [FORENSICS] candidate=25 profile=0 cpu_mhz=240 optimization_perf=1[0m
[0;32mI (856) gpio: GPIO[10]| InputEn: 0| OutputEn: 1| OpenDrain: 0| Pullup: 0| Pulldown: 1| Intr:0 [0m
[0;32mI (866) AudioI2S: I2S TX initialized (48kHz, 32-bit slot, stereo, 6x128 frames DMA = 1024 bytes/buf)[0m
[0;32mI (876) AudioI2S: Audio task started on Core 0 at priority 12[0m
[0;32mI (876) BLE_INIT: BT controller compile version [ba3b3e3][0m
[0;32mI (886) BLE_INIT: Bluetooth MAC: b4:3a:45:ae:6f:2a[0m
[0;32mI (886) phy_init: phy_version 680,a6008b2,Jun  4 2024,16:41:10[0m
[0;32mI (926) BleMidi: NimBLE BLE MIDI Central initialized and pinned to Core 1[0m
[0;32mI (926) BleMidi: NimBLE Host task running on Core 1[0m
[0;31mE (926) Display: Failed to allocate display framebuffer[0m
[0;32mI (936) NimBLE: Failed to restore IRKs from store; status=8
[0m
[0;31mE (936) pocket_pan_main: Failed to initialize ST7789 display[0m
[0;32mI (946) NimBLE: GAP procedure initiated: discovery; [0m
[0;32mI (956) pocket_pan_main: Pocket Pan initialization complete. Realtime audio active.[0m
[0;32mI (956) NimBLE: own_addr_type=0 filter_policy=0 passive=0 limited=0 filter_duplicates=1 [0m
[0;32mI (976) NimBLE: duration=forever[0m
[0;32mI (966) main_task: Returned from app_main()[0m
[0;32mI (976) NimBLE: 
[0m
[0;32mI (986) BleMidi: Scanning for BLE MIDI devices...[0m
[0;32mI (956) gpio: GPIO[0]| InputEn: 1| OutputEn: 0| OpenDrain: 0| Pullup: 1| Pulldown: 0| Intr:0 [0m
[0;32mI (1036) BleMidi: BLE MIDI device found (59:FB:B6:B7:BF:0F); connecting[0m
[0;32mI (1036) NimBLE: GAP procedure initiated: connect; [0m
[0;32mI (1036) NimBLE: peer_addr_type=0 peer_addr=[0m
[0;32mI (1046) NimBLE: 59:fb:b6:b7:bf:0f[0m
[0;32mI (1046) NimBLE:  scan_itvl=16 scan_window=16 itvl_min=24 itvl_max=40 latency=0 supervision_timeout=256 min_ce_len=0 max_ce_len=0 own_addr_type=0[0m
[0;32mI (1066) NimBLE: 
[0m
[0;32mI (1246) BleMidi: BLE Connected! conn_handle=1[0m
[0;32mI (1246) NimBLE: GAP procedure initiated: [0m
[0;32mI (1246) NimBLE: connection parameter update; conn_handle=1 itvl_min=6 itvl_max=12 latency=0 supervision_timeout=200 min_ce_len=0 max_ce_len=0[0m
[0;32mI (1256) NimBLE: 
[0m
[0;32mI (1266) BleMidi: Requested connection params 7.5-15ms latency=0 timeout=2s rc=0[0m
[0;32mI (1276) NimBLE: GATT procedure initiated: discover all services
[0m
[0;32mI (1536) BleMidi: Found BLE MIDI Service! start_handle=112 end_handle=115[0m
[0;32mI (1536) NimBLE: GATT procedure initiated: discover all characteristics; [0m
[0;32mI (1536) NimBLE: start_handle=112 end_handle=115
[0m
[0;32mI (1636) BleMidi: Found BLE MIDI Characteristic! def_handle=113 val_handle=114 props=0x16[0m
[0;32mI (1636) NimBLE: GATT procedure initiated: discover all descriptors; [0m
[0;32mI (1636) NimBLE: chr_val_handle=114 end_handle=115
[0m
[0;32mI (1736) BleMidi: Discovered CCCD (0x2902) handle=115[0m
[0;32mI (1736) NimBLE: GATT procedure initiated: write; [0m
[0;32mI (1736) NimBLE: att_handle=115 len=2
[0m
[0;32mI (1786) BleMidi: Negotiated params interval=7.50ms latency=0 timeout=2000ms[0m
[0;32mI (1806) BleMidi: CCCD subscription successful; BLE MIDI ready[0m
[0;32mI (1806) NimBLE: GAP procedure initiated: [0m
[0;32mI (1806) NimBLE: connection parameter update; conn_handle=1 itvl_min=6 itvl_max=9 latency=0 supervision_timeout=100 min_ce_len=0 max_ce_len=0[0m
[0;32mI (1816) NimBLE: 
[0m
[0;32mI (1896) BleMidi: Negotiated params interval=11.25ms latency=0 timeout=1000ms[0m
[0;32mI (5816) pocket_pan_main: [AUDIO] model=PAN blocks=1853 avg_us=1627 p99_us=0 max_us=3589 cpu_load=61.0 deadline=1 timeout=0 tx_error=0 short=0[0m
[0;32mI (5816) pocket_pan_main: [MIDI] push=1 pop=1 drop=0 hwm=1 last=(n=50 v=75 t=78 hex=90324B)[0m
[0;32mI (5826) pocket_pan_main: [BLE] state=8 interval_ms=11.25 latency=0 rssi=-70 reconnects=0 last_disconnect=0[0m
[0;32mI (5836) pocket_pan_main: [MEM] internal_free=122163 largest_internal=31744[0m
[0;32mI (10826) pocket_pan_main: [AUDIO] model=PAN blocks=3732 avg_us=1621 p99_us=1825 max_us=3589 cpu_load=60.8 deadline=1 timeout=0 tx_error=0 short=0[0m
[0;32mI (10826) pocket_pan_main: [MIDI] push=1 pop=1 drop=0 hwm=1 last=(n=50 v=75 t=78 hex=90324B)[0m
[0;32mI (10836) pocket_pan_main: [BLE] state=8 interval_ms=11.25 latency=0 rssi=-67 reconnects=0 last_disconnect=0[0m
[0;32mI (10846) pocket_pan_main: [MEM] internal_free=121947 largest_internal=31744[0m
[0;32mI (15836) pocket_pan_main: [AUDIO] model=PAN blocks=5610 avg_us=1620 p99_us=1925 max_us=3589 cpu_load=60.7 deadline=1 timeout=0 tx_error=0 short=0[0m
[0;32mI (15836) pocket_pan_main: [MIDI] push=1 pop=1 drop=0 hwm=1 last=(n=50 v=75 t=78 hex=90324B)[0m
[0;32mI (15846) pocket_pan_main: [BLE] state=8 interval_ms=11.25 latency=0 rssi=-67 reconnects=0 last_disconnect=0[0m
[0;32mI (15856) pocket_pan_main: [MEM] internal_free=121947 largest_internal=31744[0m
[0;32mI (20846) pocket_pan_main: [AUDIO] model=PAN blocks=7489 avg_us=1645 p99_us=1925 max_us=3589 cpu_load=61.7 deadline=1 timeout=0 tx_error=0 short=0[0m
[0;32mI (20846) pocket_pan_main: [MIDI] push=1 pop=1 drop=0 hwm=1 last=(n=50 v=75 t=78 hex=90324B)[0m
[0;32mI (20856) pocket_pan_main: [BLE] state=8 interval_ms=11.25 latency=0 rssi=-69 reconnects=0 last_disconnect=0[0m
[0;32mI (20866) pocket_pan_main: [MEM] internal_free=121947 largest_internal=31744[0m
[0;32mI (23696) forensics: [CURVE] model=PAN fixture=5 voices=8 class=steady n=8148 avg_us=1624.15 p95_us=1655 p99_us=1695 p995_us=1915 p999_us=1935 max_us=1981 deadline=0 bad_voices=0 ble_lost=0 hard=0 sat=0 bin_us=5[0m
[0;32mI (23706) forensics: [HIST] fixture=5 class=steady lower_us=1605 n=989[0m
[0;32mI (23716) forensics: [HIST] fixture=5 class=steady lower_us=1610 n=1854[0m
[0;32mI (23716) forensics: [HIST] fixture=5 class=steady lower_us=1615 n=1381[0m
[0;32mI (23726) forensics: [HIST] fixture=5 class=steady lower_us=1620 n=1109[0m
[0;32mI (23736) forensics: [HIST] fixture=5 class=steady lower_us=1625 n=821[0m
[0;32mI (23746) forensics: [HIST] fixture=5 class=steady lower_us=1630 n=515[0m
[0;32mI (23746) forensics: [HIST] fixture=5 class=steady lower_us=1635 n=457[0m
[0;32mI (23756) forensics: [HIST] fixture=5 class=steady lower_us=1640 n=320[0m
[0;32mI (23766) forensics: [HIST] fixture=5 class=steady lower_us=1645 n=256[0m
[0;32mI (23766) forensics: [HIST] fixture=5 class=steady lower_us=1650 n=178[0m
[0;32mI (23776) forensics: [HIST] fixture=5 class=steady lower_us=1655 n=87[0m
[0;32mI (23786) forensics: [HIST] fixture=5 class=steady lower_us=1660 n=48[0m
[0;32mI (23796) forensics: [HIST] fixture=5 class=steady lower_us=1665 n=12[0m
[0;32mI (23796) forensics: [HIST] fixture=5 class=steady lower_us=1670 n=16[0m
[0;32mI (23806) forensics: [HIST] fixture=5 class=steady lower_us=1675 n=11[0m
[0;32mI (23816) forensics: [HIST] fixture=5 class=steady lower_us=1680 n=9[0m
[0;32mI (23816) forensics: [HIST] fixture=5 class=steady lower_us=1685 n=3[0m
[0;32mI (23826) forensics: [HIST] fixture=5 class=steady lower_us=1690 n=4[0m
[0;32mI (23836) forensics: [HIST] fixture=5 class=steady lower_us=1695 n=3[0m
[0;32mI (23846) forensics: [HIST] fixture=5 class=steady lower_us=1700 n=5[0m
[0;32mI (23846) forensics: [HIST] fixture=5 class=steady lower_us=1705 n=3[0m
[0;32mI (23856) forensics: [HIST] fixture=5 class=steady lower_us=1710 n=1[0m
[0;32mI (23866) forensics: [HIST] fixture=5 class=steady lower_us=1715 n=4[0m
[0;32mI (23866) forensics: [HIST] fixture=5 class=steady lower_us=1720 n=1[0m
[0;32mI (23876) forensics: [HIST] fixture=5 class=steady lower_us=1725 n=5[0m
[0;32mI (23886) forensics: [HIST] fixture=5 class=steady lower_us=1730 n=2[0m
[0;32mI (23886) forensics: [HIST] fixture=5 class=steady lower_us=1750 n=2[0m
[0;32mI (23896) forensics: [HIST] fixture=5 class=steady lower_us=1755 n=1[0m
[0;32mI (23906) forensics: [HIST] fixture=5 class=steady lower_us=1760 n=1[0m
[0;32mI (23916) forensics: [HIST] fixture=5 class=steady lower_us=1765 n=2[0m
[0;32mI (23916) forensics: [HIST] fixture=5 class=steady lower_us=1770 n=1[0m
[0;32mI (23926) forensics: [HIST] fixture=5 class=steady lower_us=1775 n=1[0m
[0;32mI (23936) forensics: [HIST] fixture=5 class=steady lower_us=1800 n=1[0m
[0;32mI (23936) forensics: [HIST] fixture=5 class=steady lower_us=1900 n=2[0m
[0;32mI (23946) forensics: [HIST] fixture=5 class=steady lower_us=1905 n=2[0m
[0;32mI (23956) forensics: [HIST] fixture=5 class=steady lower_us=1910 n=6[0m
[0;32mI (23956) forensics: [HIST] fixture=5 class=steady lower_us=1915 n=8[0m
[0;32mI (23966) forensics: [HIST] fixture=5 class=steady lower_us=1920 n=7[0m
[0;32mI (23976) forensics: [HIST] fixture=5 class=steady lower_us=1925 n=6[0m
[0;32mI (23986) forensics: [HIST] fixture=5 class=steady lower_us=1930 n=7[0m
[0;32mI (23986) forensics: [HIST] fixture=5 class=steady lower_us=1935 n=3[0m
[0;32mI (23996) forensics: [HIST] fixture=5 class=steady lower_us=1940 n=1[0m
[0;32mI (24006) forensics: [HIST] fixture=5 class=steady lower_us=1950 n=1[0m
[0;32mI (24006) forensics: [HIST] fixture=5 class=steady lower_us=1980 n=2[0m
[0;32mI (24016) forensics: [CURVE] model=PAN fixture=5 voices=8 class=event n=44 avg_us=2426.26 p95_us=2545 p99_us=2570 p995_us=2570 p999_us=2570 max_us=2567 deadline=0 bad_voices=0 ble_lost=0 hard=0 sat=0 bin_us=5[0m
[0;32mI (24036) forensics: [HIST] fixture=5 class=event lower_us=2305 n=1[0m
[0;32mI (24046) forensics: [HIST] fixture=5 class=event lower_us=2310 n=1[0m
[0;32mI (24046) forensics: [HIST] fixture=5 class=event lower_us=2315 n=2[0m
[0;32mI (24056) forensics: [HIST] fixture=5 class=event lower_us=2320 n=1[0m
[0;32mI (24066) forensics: [HIST] fixture=5 class=event lower_us=2325 n=5[0m
[0;32mI (24076) forensics: [HIST] fixture=5 class=event lower_us=2330 n=3[0m
[0;32mI (24076) forensics: [HIST] fixture=5 class=event lower_us=2335 n=2[0m
[0;32mI (24086) forensics: [HIST] fixture=5 class=event lower_us=2340 n=2[0m
[0;32mI (24096) forensics: [HIST] fixture=5 class=event lower_us=2450 n=1[0m
[0;32mI (24096) forensics: [HIST] fixture=5 class=event lower_us=2455 n=1[0m
[0;32mI (24106) forensics: [HIST] fixture=5 class=event lower_us=2460 n=2[0m
[0;32mI (24116) forensics: [HIST] fixture=5 class=event lower_us=2465 n=2[0m
[0;32mI (24116) forensics: [HIST] fixture=5 class=event lower_us=2470 n=1[0m
[0;32mI (24126) forensics: [HIST] fixture=5 class=event lower_us=2475 n=5[0m
[0;32mI (24136) forensics: [HIST] fixture=5 class=event lower_us=2480 n=4[0m
[0;32mI (24136) forensics: [HIST] fixture=5 class=event lower_us=2485 n=1[0m
[0;32mI (24146) forensics: [HIST] fixture=5 class=event lower_us=2490 n=2[0m
[0;32mI (24156) forensics: [HIST] fixture=5 class=event lower_us=2495 n=2[0m
[0;32mI (24166) forensics: [HIST] fixture=5 class=event lower_us=2505 n=1[0m
[0;32mI (24166) forensics: [HIST] fixture=5 class=event lower_us=2515 n=1[0m
[0;32mI (24176) forensics: [HIST] fixture=5 class=event lower_us=2525 n=1[0m
[0;32mI (24186) forensics: [HIST] fixture=5 class=event lower_us=2540 n=1[0m
[0;32mI (24186) forensics: [HIST] fixture=5 class=event lower_us=2545 n=1[0m
[0;32mI (24196) forensics: [HIST] fixture=5 class=event lower_us=2565 n=1[0m
[0;32mI (24206) forensics: [FASTPATH] fixture=5 stable8=106 attack=16[0m
[0;32mI (25856) pocket_pan_main: [AUDIO] model=PAN blocks=9368 avg_us=952 p99_us=1925 max_us=3589 cpu_load=35.7 deadline=1 timeout=0 tx_error=0 short=0[0m
[0;32mI (25856) pocket_pan_main: [MIDI] push=1 pop=1 drop=0 hwm=1 last=(n=50 v=75 t=78 hex=90324B)[0m
[0;32mI (25866) pocket_pan_main: [BLE] state=8 interval_ms=11.25 latency=0 rssi=-70 reconnects=0 last_disconnect=0[0m
[0;32mI (25876) pocket_pan_main: [MEM] internal_free=121947 largest_internal=31744[0m
[0;32mI (30866) pocket_pan_main: [AUDIO] model=PAN blocks=11246 avg_us=962 p99_us=1650 max_us=3589 cpu_load=36.1 deadline=1 timeout=0 tx_error=0 short=0[0m
[0;32mI (30866) pocket_pan_main: [MIDI] push=1 pop=1 drop=0 hwm=1 last=(n=50 v=75 t=78 hex=90324B)[0m
[0;32mI (30876) pocket_pan_main: [BLE] state=8 interval_ms=11.25 latency=0 rssi=-70 reconnects=0 last_disconnect=0[0m
[0;32mI (30886) pocket_pan_main: [MEM] internal_free=121947 largest_internal=31744[0m
[0;32mI (35876) pocket_pan_main: [AUDIO] model=PAN blocks=13126 avg_us=963 p99_us=1125 max_us=3589 cpu_load=36.1 deadline=1 timeout=0 tx_error=0 short=0[0m
[0;32mI (35876) pocket_pan_main: [MIDI] push=1 pop=1 drop=0 hwm=1 last=(n=50 v=75 t=78 hex=90324B)[0m
[0;32mI (35886) pocket_pan_main: [BLE] state=8 interval_ms=11.25 latency=0 rssi=-67 reconnects=0 last_disconnect=0[0m
[0;32mI (35896) pocket_pan_main: [MEM] internal_free=121947 largest_internal=31744[0m
[0;32mI (40886) pocket_pan_main: [AUDIO] model=PAN blocks=15004 avg_us=959 p99_us=1125 max_us=3589 cpu_load=36.0 deadline=1 timeout=0 tx_error=0 short=0[0m
[0;32mI (40886) pocket_pan_main: [MIDI] push=1 pop=1 drop=0 hwm=1 last=(n=50 v=75 t=78 hex=90324B)[0m
[0;32mI (40896) pocket_pan_main: [BLE] state=8 interval_ms=11.25 latency=0 rssi=-69 reconnects=0 last_disconnect=0[0m
[0;32mI (40906) pocket_pan_main: [MEM] internal_free=121947 largest_internal=31744[0m
[0;32mI (45536) forensics: [CURVE] model=BELL fixture=14 voices=4 class=steady n=8148 avg_us=955.69 p95_us=985 p99_us=1020 p995_us=1125 p999_us=1140 max_us=1170 deadline=0 bad_voices=0 ble_lost=0 hard=0 sat=0 bin_us=5[0m
[0;32mI (45546) forensics: [HIST] fixture=14 class=steady lower_us=940 n=1039[0m
[0;32mI (45546) forensics: [HIST] fixture=14 class=steady lower_us=945 n=2106[0m
[0;32mI (45556) forensics: [HIST] fixture=14 class=steady lower_us=950 n=1917[0m
[0;32mI (45566) forensics: [HIST] fixture=14 class=steady lower_us=955 n=764[0m
[0;32mI (45576) forensics: [HIST] fixture=14 class=steady lower_us=960 n=790[0m
[0;32mI (45576) forensics: [HIST] fixture=14 class=steady lower_us=965 n=540[0m
[0;32mI (45586) forensics: [HIST] fixture=14 class=steady lower_us=970 n=292[0m
[0;32mI (45596) forensics: [HIST] fixture=14 class=steady lower_us=975 n=181[0m
[0;32mI (45596) forensics: [HIST] fixture=14 class=steady lower_us=980 n=166[0m
[0;32mI (45606) forensics: [HIST] fixture=14 class=steady lower_us=985 n=123[0m
[0;32mI (45616) forensics: [HIST] fixture=14 class=steady lower_us=990 n=67[0m
[0;32mI (45626) forensics: [HIST] fixture=14 class=steady lower_us=995 n=26[0m
[0;32mI (45626) forensics: [HIST] fixture=14 class=steady lower_us=1000 n=19[0m
[0;32mI (45636) forensics: [HIST] fixture=14 class=steady lower_us=1005 n=14[0m
[0;32mI (45646) forensics: [HIST] fixture=14 class=steady lower_us=1010 n=12[0m
[0;32mI (45646) forensics: [HIST] fixture=14 class=steady lower_us=1015 n=11[0m
[0;32mI (45656) forensics: [HIST] fixture=14 class=steady lower_us=1020 n=3[0m
[0;32mI (45666) forensics: [HIST] fixture=14 class=steady lower_us=1025 n=1[0m
[0;32mI (45676) forensics: [HIST] fixture=14 class=steady lower_us=1030 n=1[0m
[0;32mI (45676) forensics: [HIST] fixture=14 class=steady lower_us=1035 n=1[0m
[0;32mI (45686) forensics: [HIST] fixture=14 class=steady lower_us=1040 n=3[0m
[0;32mI (45696) forensics: [HIST] fixture=14 class=steady lower_us=1045 n=5[0m
[0;32mI (45696) forensics: [HIST] fixture=14 class=steady lower_us=1050 n=7[0m
[0;32mI (45706) forensics: [HIST] fixture=14 class=steady lower_us=1055 n=2[0m
[0;32mI (45716) forensics: [HIST] fixture=14 class=steady lower_us=1060 n=1[0m
[0;32mI (45726) forensics: [HIST] fixture=14 class=steady lower_us=1065 n=4[0m
[0;32mI (45726) forensics: [HIST] fixture=14 class=steady lower_us=1070 n=2[0m
[0;32mI (45736) forensics: [HIST] fixture=14 class=steady lower_us=1075 n=2[0m
[0;32mI (45746) forensics: [HIST] fixture=14 class=steady lower_us=1100 n=1[0m
[0;32mI (45746) forensics: [HIST] fixture=14 class=steady lower_us=1120 n=13[0m
[0;32mI (45756) forensics: [HIST] fixture=14 class=steady lower_us=1125 n=8[0m
[0;32mI (45766) forensics: [HIST] fixture=14 class=steady lower_us=1130 n=9[0m
[0;32mI (45776) forensics: [HIST] fixture=14 class=steady lower_us=1135 n=11[0m
[0;32mI (45776) forensics: [HIST] fixture=14 class=steady lower_us=1140 n=3[0m
[0;32mI (45786) forensics: [HIST] fixture=14 class=steady lower_us=1150 n=1[0m
[0;32mI (45796) forensics: [HIST] fixture=14 class=steady lower_us=1160 n=2[0m
[0;32mI (45796) forensics: [HIST] fixture=14 class=steady lower_us=1170 n=1[0m
[0;32mI (45806) forensics: [CURVE] model=BELL fixture=14 voices=4 class=event n=44 avg_us=1440.51 p95_us=1530 p99_us=1575 p995_us=1575 p999_us=1575 max_us=1573 deadline=0 bad_voices=0 ble_lost=0 hard=0 sat=0 bin_us=5[0m
[0;32mI (45826) forensics: [HIST] fixture=14 class=event lower_us=1375 n=1[0m
[0;32mI (45836) forensics: [HIST] fixture=14 class=event lower_us=1385 n=7[0m
[0;32mI (45836) forensics: [HIST] fixture=14 class=event lower_us=1390 n=1[0m
[0;32mI (45846) forensics: [HIST] fixture=14 class=event lower_us=1395 n=5[0m
[0;32mI (45856) forensics: [HIST] fixture=14 class=event lower_us=1400 n=2[0m
[0;32mI (45866) forensics: [HIST] fixture=14 class=event lower_us=1405 n=1[0m
[0;32mI (45866) forensics: [HIST] fixture=14 class=event lower_us=1410 n=1[0m
[0;32mI (45876) forensics: [HIST] fixture=14 class=event lower_us=1435 n=1[0m
[0;32mI (45886) forensics: [HIST] fixture=14 class=event lower_us=1440 n=2[0m
[0;32mI (45886) forensics: [HIST] fixture=14 class=event lower_us=1445 n=3[0m
[0;32mI (45896) forensics: [HIST] fixture=14 class=event lower_us=1450 n=4[0m
[0;32mI (45906) forensics: [HIST] fixture=14 class=event lower_us=1455 n=4[0m
[0;32mI (45916) forensics: [HIST] fixture=14 class=event lower_us=1460 n=3[0m
[0;32mI (45916) forensics: [HIST] fixture=14 class=event lower_us=1465 n=1[0m
[0;32mI (45926) forensics: [HIST] fixture=14 class=event lower_us=1470 n=1[0m
[0;32mI (45936) forensics: [HIST] fixture=14 class=event lower_us=1480 n=1[0m
[0;32mI (45936) forensics: [HIST] fixture=14 class=event lower_us=1490 n=1[0m
[0;32mI (45946) forensics: [HIST] fixture=14 class=event lower_us=1515 n=1[0m
[0;32mI (45956) forensics: [HIST] fixture=14 class=event lower_us=1520 n=1[0m
[0;32mI (45956) forensics: [HIST] fixture=14 class=event lower_us=1525 n=1[0m
[0;32mI (45966) forensics: [HIST] fixture=14 class=event lower_us=1560 n=1[0m
[0;32mI (45976) forensics: [HIST] fixture=14 class=event lower_us=1570 n=1[0m
[0;32mI (45986) forensics: [FASTPATH] fixture=14 stable8=0 attack=8[0m
[0;32mI (46016) pocket_pan_main: [AUDIO] model=PAN blocks=16928 avg_us=1644 p99_us=1125 max_us=3589 cpu_load=61.6 deadline=2 timeout=0 tx_error=0 short=0[0m
[0;32mI (46016) pocket_pan_main: [MIDI] push=1 pop=1 drop=0 hwm=1 last=(n=50 v=75 t=78 hex=90324B)[0m
[0;32mI (46026) pocket_pan_main: [BLE] state=8 interval_ms=11.25 latency=0 rssi=-69 reconnects=0 last_disconnect=0[0m
[0;32mI (46036) pocket_pan_main: [MEM] internal_free=121947 largest_internal=31744[0m
[0;32mI (51026) pocket_pan_main: [AUDIO] model=PAN blocks=18806 avg_us=1625 p99_us=1750 max_us=3589 cpu_load=60.9 deadline=3 timeout=0 tx_error=0 short=0[0m
[0;32mI (51026) pocket_pan_main: [MIDI] push=1 pop=1 drop=0 hwm=1 last=(n=50 v=75 t=78 hex=90324B)[0m
[0;32mI (51036) pocket_pan_main: [BLE] state=8 interval_ms=11.25 latency=0 rssi=-75 reconnects=0 last_disconnect=0[0m
[0;32mI (51046) pocket_pan_main: [MEM] internal_free=121947 largest_internal=31744[0m
[0;32mI (56036) pocket_pan_main: [AUDIO] model=PAN blocks=20686 avg_us=1631 p99_us=1900 max_us=3589 cpu_load=61.2 deadline=4 timeout=0 tx_error=0 short=0[0m
[0;32mI (56036) pocket_pan_main: [MIDI] push=1 pop=1 drop=0 hwm=1 last=(n=50 v=75 t=78 hex=90324B)[0m
[0;32mI (56046) pocket_pan_main: [BLE] state=8 interval_ms=11.25 latency=0 rssi=-74 reconnects=0 last_disconnect=0[0m
[0;32mI (56056) pocket_pan_main: [MEM] internal_free=121947 largest_internal=31744[0m
[0;32mI (61046) pocket_pan_main: [AUDIO] model=PAN blocks=22564 avg_us=1610 p99_us=1900 max_us=3589 cpu_load=60.4 deadline=4 timeout=0 tx_error=0 short=0[0m
[0;32mI (61046) pocket_pan_main: [MIDI] push=1 pop=1 drop=0 hwm=1 last=(n=50 v=75 t=78 hex=90324B)[0m
[0;32mI (61056) pocket_pan_main: [BLE] state=8 interval_ms=11.25 latency=0 rssi=-70 reconnects=0 last_disconnect=0[0m
[0;32mI (61066) pocket_pan_main: [MEM] internal_free=121947 largest_internal=31744[0m
[0;32mI (66056) pocket_pan_main: [AUDIO] model=PAN blocks=24442 avg_us=1609 p99_us=1900 max_us=3589 cpu_load=60.3 deadline=4 timeout=0 tx_error=0 short=0[0m
[0;32mI (66056) pocket_pan_main: [MIDI] push=1 pop=1 drop=0 hwm=1 last=(n=50 v=75 t=78 hex=90324B)[0m
[0;32mI (66066) pocket_pan_main: [BLE] state=8 interval_ms=11.25 latency=0 rssi=-71 reconnects=0 last_disconnect=0[0m
[0;32mI (66076) pocket_pan_main: [MEM] internal_free=121947 largest_internal=31744[0m
[0;32mI (67376) forensics: [CURVE] model=BELL fixture=13 voices=8 class=steady n=8148 avg_us=1608.92 p95_us=1640 p99_us=1680 p995_us=1910 p999_us=1930 max_us=2014 deadline=0 bad_voices=0 ble_lost=0 hard=0 sat=0 bin_us=5[0m
[0;32mI (67386) forensics: [HIST] fixture=13 class=steady lower_us=1590 n=960[0m
[0;32mI (67396) forensics: [HIST] fixture=13 class=steady lower_us=1595 n=1843[0m
[0;32mI (67396) forensics: [HIST] fixture=13 class=steady lower_us=1600 n=1432[0m
[0;32mI (67406) forensics: [HIST] fixture=13 class=steady lower_us=1605 n=1118[0m
[0;32mI (67416) forensics: [HIST] fixture=13 class=steady lower_us=1610 n=946[0m
[0;32mI (67426) forensics: [HIST] fixture=13 class=steady lower_us=1615 n=589[0m
[0;32mI (67426) forensics: [HIST] fixture=13 class=steady lower_us=1620 n=434[0m
[0;32mI (67436) forensics: [HIST] fixture=13 class=steady lower_us=1625 n=233[0m
[0;32mI (67446) forensics: [HIST] fixture=13 class=steady lower_us=1630 n=153[0m
[0;32mI (67456) forensics: [HIST] fixture=13 class=steady lower_us=1635 n=153[0m
[0;32mI (67456) forensics: [HIST] fixture=13 class=steady lower_us=1640 n=88[0m
[0;32mI (67466) forensics: [HIST] fixture=13 class=steady lower_us=1645 n=42[0m
[0;32mI (67476) forensics: [HIST] fixture=13 class=steady lower_us=1650 n=29[0m
[0;32mI (67476) forensics: [HIST] fixture=13 class=steady lower_us=1655 n=19[0m
[0;32mI (67486) forensics: [HIST] fixture=13 class=steady lower_us=1660 n=15[0m
[0;32mI (67496) forensics: [HIST] fixture=13 class=steady lower_us=1665 n=6[0m
[0;32mI (67506) forensics: [HIST] fixture=13 class=steady lower_us=1670 n=6[0m
[0;32mI (67506) forensics: [HIST] fixture=13 class=steady lower_us=1675 n=4[0m
[0;32mI (67516) forensics: [HIST] fixture=13 class=steady lower_us=1680 n=2[0m
[0;32mI (67526) forensics: [HIST] fixture=13 class=steady lower_us=1685 n=2[0m
[0;32mI (67526) forensics: [HIST] fixture=13 class=steady lower_us=1690 n=1[0m
[0;32mI (67536) forensics: [HIST] fixture=13 class=steady lower_us=1695 n=1[0m
[0;32mI (67546) forensics: [HIST] fixture=13 class=steady lower_us=1700 n=5[0m
[0;32mI (67556) forensics: [HIST] fixture=13 class=steady lower_us=1705 n=1[0m
[0;32mI (67556) forensics: [HIST] fixture=13 class=steady lower_us=1710 n=1[0m
[0;32mI (67566) forensics: [HIST] fixture=13 class=steady lower_us=1715 n=3[0m
[0;32mI (67576) forensics: [HIST] fixture=13 class=steady lower_us=1720 n=2[0m
[0;32mI (67576) forensics: [HIST] fixture=13 class=steady lower_us=1725 n=3[0m
[0;32mI (67586) forensics: [HIST] fixture=13 class=steady lower_us=1730 n=1[0m
[0;32mI (67596) forensics: [HIST] fixture=13 class=steady lower_us=1735 n=1[0m
[0;32mI (67606) forensics: [HIST] fixture=13 class=steady lower_us=1740 n=2[0m
[0;32mI (67606) forensics: [HIST] fixture=13 class=steady lower_us=1765 n=2[0m
[0;32mI (67616) forensics: [HIST] fixture=13 class=steady lower_us=1775 n=1[0m
[0;32mI (67626) forensics: [HIST] fixture=13 class=steady lower_us=1780 n=2[0m
[0;32mI (67626) forensics: [HIST] fixture=13 class=steady lower_us=1785 n=2[0m
[0;32mI (67636) forensics: [HIST] fixture=13 class=steady lower_us=1805 n=1[0m
[0;32mI (67646) forensics: [HIST] fixture=13 class=steady lower_us=1815 n=1[0m
[0;32mI (67656) forensics: [HIST] fixture=13 class=steady lower_us=1900 n=3[0m
[0;32mI (67656) forensics: [HIST] fixture=13 class=steady lower_us=1905 n=14[0m
[0;32mI (67666) forensics: [HIST] fixture=13 class=steady lower_us=1910 n=5[0m
[0;32mI (67676) forensics: [HIST] fixture=13 class=steady lower_us=1915 n=10[0m
[0;32mI (67676) forensics: [HIST] fixture=13 class=steady lower_us=1920 n=2[0m
[0;32mI (67686) forensics: [HIST] fixture=13 class=steady lower_us=1925 n=3[0m
[0;32mI (67696) forensics: [HIST] fixture=13 class=steady lower_us=1930 n=1[0m
[0;32mI (67706) forensics: [HIST] fixture=13 class=steady lower_us=1935 n=2[0m
[0;32mI (67706) forensics: [HIST] fixture=13 class=steady lower_us=1945 n=1[0m
[0;32mI (67716) forensics: [HIST] fixture=13 class=steady lower_us=1950 n=1[0m
[0;32mI (67726) forensics: [HIST] fixture=13 class=steady lower_us=1955 n=1[0m
[0;32mI (67726) forensics: [HIST] fixture=13 class=steady lower_us=2010 n=1[0m
[0;32mI (67736) forensics: [CURVE] model=BELL fixture=13 voices=8 class=event n=44 avg_us=2455.09 p95_us=2595 p99_us=2715 p995_us=2715 p999_us=2715 max_us=2711 deadline=1 bad_voices=0 ble_lost=0 hard=0 sat=0 bin_us=5[0m
