[0;32mI (122) esp_image: segment 1: paddr=0002eb3c vaddr=3fc9d0[0;32mI (1167) BleMidi: BLE Connected! conn_handle=1[0m
[0;32mI (1167) NimBLE: GAP procedure initiated: [0m
[0;32mI (1167) NimBLE: connection parameter update; conn_handle=1 itvl_min=6 itvl_max=12 latency=0 supervision_timeout=200 min_ce_len=0 max_ce_len=0[0m
[0;32mI (1177) NimBLE: 
[0m
[0;32mI (1177) BleMidi: Requested connection params 7.5-15ms latency=0 timeout=2s rc=0[0m
[0;32mI (1187) NimBLE: GATT procedure initiated: discover all services
[0m
[0;32mI (1487) BleMidi: Found BLE MIDI Service! start_handle=112 end_handle=115[0m
[0;32mI (1487) NimBLE: GATT procedure initiated: discover all characteristics; [0m
[0;32mI (1497) NimBLE: start_handle=112 end_handle=115
[0m
[0;32mI (1587) BleMidi: Found BLE MIDI Characteristic! def_handle=113 val_handle=114 props=0x16[0m
[0;32mI (1587) NimBLE: GATT procedure initiated: discover all descriptors; [0m
[0;32mI (1597) NimBLE: chr_val_handle=114 end_handle=115
[0m
[0;32mI (1687) BleMidi: Discovered CCCD (0x2902) handle=115[0m
[0;32mI (1687) NimBLE: GATT procedure initiated: write; [0m
[0;32mI (1687) NimBLE: att_handle=115 len=2
[0m
[0;32mI (1737) BleMidi: Negotiated params interval=7.50ms latency=0 timeout=2000ms[0m
[0;32mI (1757) BleMidi: CCCD subscription successful; BLE MIDI ready[0m
[0;32mI (1757) NimBLE: GAP procedure initiated: [0m
[0;32mI (1757) NimBLE: connection parameter update; conn_handle=1 itvl_min=6 itvl_max=9 latency=0 supervision_timeout=100 min_ce_len=0 max_ce_len=0[0m
[0;32mI (1767) NimBLE: 
[0m
[0;32mI (1857) BleMidi: Negotiated params interval=11.25ms latency=0 timeout=1000ms[0m
[0;32mI (5827) pocket_pan_main: [AUDIO] model=PAN blocks=1854 avg_us=1626 p99_us=0 max_us=3589 cpu_load=61.0 deadline=1 timeout=0 tx_error=0 short=0[0m
[0;32mI (5827) pocket_pan_main: [MIDI] push=0 pop=0 drop=0 hwm=0 last=(n=62 v=0 t=78 hex=000000)[0m
[0;32mI (5837) pocket_pan_main: [BLE] state=8 interval_ms=11.25 latency=0 rssi=-60 reconnects=0 last_disconnect=0[0m
[0;32mI (5847) pocket_pan_main: [MEM] internal_free=122099 largest_internal=31744[0m
[0;32mI (10837) pocket_pan_main: [AUDIO] model=PAN blocks=3734 avg_us=1621 p99_us=1900 max_us=3589 cpu_load=60.8 deadline=1 timeout=0 tx_error=0 short=0[0m
[0;32mI (10837) pocket_pan_main: [MIDI] push=0 pop=0 drop=0 hwm=0 last=(n=62 v=0 t=78 hex=000000)[0m
[0;32mI (10847) pocket_pan_main: [BLE] state=8 interval_ms=11.25 latency=0 rssi=-59 reconnects=0 last_disconnect=0[0m
[0;32mI (10857) pocket_pan_main: [MEM] internal_free=121883 largest_internal=31744[0m
[0;32mI (15847) pocket_pan_main: [AUDIO] model=PAN blocks=5612 avg_us=1621 p99_us=1850 max_us=3589 cpu_load=60.8 deadline=1 timeout=0 tx_error=0 short=0[0m
[0;32mI (15847) pocket_pan_main: [MIDI] push=0 pop=0 drop=0 hwm=0 last=(n=62 v=0 t=78 hex=000000)[0m
[0;32mI (15857) pocket_pan_main: [BLE] state=8 interval_ms=11.25 latency=0 rssi=-60 reconnects=0 last_disconnect=0[0m
[0;32mI (15867) pocket_pan_main: [MEM] internal_free=121883 largest_internal=31744[0m
[0;32mI (20857) pocket_pan_main: [AUDIO] model=PAN blocks=7490 avg_us=1634 p99_us=1925 max_us=3589 cpu_load=61.3 deadline=1 timeout=0 tx_error=0 short=0[0m
[0;32mI (20857) pocket_pan_main: [MIDI] push=0 pop=0 drop=0 hwm=0 last=(n=62 v=0 t=78 hex=000000)[0m
[0;32mI (20867) pocket_pan_main: [BLE] state=8 interval_ms=11.25 latency=0 rssi=-58 reconnects=0 last_disconnect=0[0m
[0;32mI (20877) pocket_pan_main: [MEM] internal_free=121883 largest_internal=31744[0m
[0;32mI (23647) forensics: [CURVE] model=PAN fixture=5 voices=8 class=steady n=8148 avg_us=1627.54 p95_us=1655 p99_us=1700 p995_us=1910 p999_us=1935 max_us=1941 deadline=0 bad_voices=0 ble_lost=0 hard=0 sat=0 bin_us=5[0m
[0;32mI (23657) forensics: [HIST] fixture=5 class=steady lower_us=1610 n=1160[0m
[0;32mI (23657) forensics: [HIST] fixture=5 class=steady lower_us=1615 n=2210[0m
[0;32mI (23667) forensics: [HIST] fixture=5 class=steady lower_us=1620 n=1559[0m
[0;32mI (23677) forensics: [HIST] fixture=5 class=steady lower_us=1625 n=787[0m
[0;32mI (23677) forensics: [HIST] fixture=5 class=steady lower_us=1630 n=665[0m
[0;32mI (23687) forensics: [HIST] fixture=5 class=steady lower_us=1635 n=438[0m
[0;32mI (23697) forensics: [HIST] fixture=5 class=steady lower_us=1640 n=424[0m
[0;32mI (23707) forensics: [HIST] fixture=5 class=steady lower_us=1645 n=332[0m
[0;32mI (23707) forensics: [HIST] fixture=5 class=steady lower_us=1650 n=216[0m
[0;32mI (23717) forensics: [HIST] fixture=5 class=steady lower_us=1655 n=139[0m
[0;32mI (23727) forensics: [HIST] fixture=5 class=steady lower_us=1660 n=58[0m
[0;32mI (23727) forensics: [HIST] fixture=5 class=steady lower_us=1665 n=23[0m
[0;32mI (23737) forensics: [HIST] fixture=5 class=steady lower_us=1670 n=14[0m
[0;32mI (23747) forensics: [HIST] fixture=5 class=steady lower_us=1675 n=11[0m
[0;32mI (23757) forensics: [HIST] fixture=5 class=steady lower_us=1680 n=8[0m
[0;32mI (23757) forensics: [HIST] fixture=5 class=steady lower_us=1685 n=8[0m
[0;32mI (23767) forensics: [HIST] fixture=5 class=steady lower_us=1690 n=4[0m
[0;32mI (23777) forensics: [HIST] fixture=5 class=steady lower_us=1695 n=12[0m
[0;32mI (23777) forensics: [HIST] fixture=5 class=steady lower_us=1700 n=3[0m
[0;32mI (23787) forensics: [HIST] fixture=5 class=steady lower_us=1705 n=6[0m
[0;32mI (23797) forensics: [HIST] fixture=5 class=steady lower_us=1710 n=2[0m
[0;32mI (23807) forensics: [HIST] fixture=5 class=steady lower_us=1715 n=3[0m
[0;32mI (23807) forensics: [HIST] fixture=5 class=steady lower_us=1720 n=2[0m
[0;32mI (23817) forensics: [HIST] fixture=5 class=steady lower_us=1725 n=3[0m
[0;32mI (23827) forensics: [HIST] fixture=5 class=steady lower_us=1730 n=2[0m
[0;32mI (23827) forensics: [HIST] fixture=5 class=steady lower_us=1735 n=2[0m
[0;32mI (23837) forensics: [HIST] fixture=5 class=steady lower_us=1745 n=2[0m
[0;32mI (23847) forensics: [HIST] fixture=5 class=steady lower_us=1750 n=1[0m
[0;32mI (23847) forensics: [HIST] fixture=5 class=steady lower_us=1755 n=1[0m
[0;32mI (23857) forensics: [HIST] fixture=5 class=steady lower_us=1760 n=4[0m
[0;32mI (23867) forensics: [HIST] fixture=5 class=steady lower_us=1775 n=1[0m
[0;32mI (23877) forensics: [HIST] fixture=5 class=steady lower_us=1795 n=1[0m
[0;32mI (23877) forensics: [HIST] fixture=5 class=steady lower_us=1810 n=1[0m
[0;32mI (23887) forensics: [HIST] fixture=5 class=steady lower_us=1815 n=1[0m
[0;32mI (23897) forensics: [HIST] fixture=5 class=steady lower_us=1885 n=1[0m
[0;32mI (23897) forensics: [HIST] fixture=5 class=steady lower_us=1905 n=4[0m
[0;32mI (23907) forensics: [HIST] fixture=5 class=steady lower_us=1910 n=6[0m
[0;32mI (23917) forensics: [HIST] fixture=5 class=steady lower_us=1915 n=5[0m
[0;32mI (23927) forensics: [HIST] fixture=5 class=steady lower_us=1920 n=5[0m
[0;32mI (23927) forensics: [HIST] fixture=5 class=steady lower_us=1925 n=11[0m
[0;32mI (23937) forensics: [HIST] fixture=5 class=steady lower_us=1930 n=5[0m
[0;32mI (23947) forensics: [HIST] fixture=5 class=steady lower_us=1935 n=7[0m
[0;32mI (23947) forensics: [HIST] fixture=5 class=steady lower_us=1940 n=1[0m
[0;32mI (23957) forensics: [CURVE] model=PAN fixture=5 voices=8 class=event n=44 avg_us=2409.62 p95_us=2520 p99_us=2525 p995_us=2525 p999_us=2525 max_us=2524 deadline=0 bad_voices=0 ble_lost=0 hard=0 sat=0 bin_us=5[0m
[0;32mI (23977) forensics: [HIST] fixture=5 class=event lower_us=2315 n=4[0m
[0;32mI (23987) forensics: [HIST] fixture=5 class=event lower_us=2320 n=4[0m
[0;32mI (23987) forensics: [HIST] fixture=5 class=event lower_us=2325 n=2[0m
[0;32mI (23997) forensics: [HIST] fixture=5 class=event lower_us=2330 n=3[0m
[0;32mI (24007) forensics: [HIST] fixture=5 class=event lower_us=2335 n=2[0m
[0;32mI (24007) forensics: [HIST] fixture=5 class=event lower_us=2340 n=2[0m
[0;32mI (24017) forensics: [HIST] fixture=5 class=event lower_us=2345 n=2[0m
[0;32mI (24027) forensics: [HIST] fixture=5 class=event lower_us=2350 n=1[0m
[0;32mI (24037) forensics: [HIST] fixture=5 class=event lower_us=2355 n=1[0m
[0;32mI (24037) forensics: [HIST] fixture=5 class=event lower_us=2415 n=1[0m
[0;32mI (24047) forensics: [HIST] fixture=5 class=event lower_us=2455 n=2[0m
[0;32mI (24057) forensics: [HIST] fixture=5 class=event lower_us=2465 n=1[0m
[0;32mI (24057) forensics: [HIST] fixture=5 class=event lower_us=2470 n=4[0m
[0;32mI (24067) forensics: [HIST] fixture=5 class=event lower_us=2475 n=4[0m
[0;32mI (24077) forensics: [HIST] fixture=5 class=event lower_us=2480 n=1[0m
[0;32mI (24077) forensics: [HIST] fixture=5 class=event lower_us=2485 n=3[0m
[0;32mI (24087) forensics: [HIST] fixture=5 class=event lower_us=2490 n=1[0m
[0;32mI (24097) forensics: [HIST] fixture=5 class=event lower_us=2495 n=1[0m
[0;32mI (24097) forensics: [HIST] fixture=5 class=event lower_us=2500 n=1[0m
[0;32mI (24107) forensics: [HIST] fixture=5 class=event lower_us=2510 n=1[0m
[0;32mI (24117) forensics: [HIST] fixture=5 class=event lower_us=2515 n=2[0m
[0;32mI (24127) forensics: [HIST] fixture=5 class=event lower_us=2520 n=1[0m
[0;32mI (24127) forensics: [FASTPATH] fixture=5 stable8=106 attack=16[0m
[0;32mI (25877) pocket_pan_main: [AUDIO] model=PAN blocks=9374 avg_us=962 p99_us=1925 max_us=3589 cpu_load=36.1 deadline=1 timeout=0 tx_error=0 short=0[0m
[0;32mI (25877) pocket_pan_main: [MIDI] push=0 pop=0 drop=0 hwm=0 last=(n=62 v=0 t=78 hex=000000)[0m
[0;32mI (25887) pocket_pan_main: [BLE] state=8 interval_ms=11.25 latency=0 rssi=-58 reconnects=0 last_disconnect=0[0m
[0;32mI (25897) pocket_pan_main: [MEM] internal_free=121883 largest_internal=31744[0m
[0;32mI (30887) pocket_pan_main: [AUDIO] model=PAN blocks=11252 avg_us=963 p99_us=1650 max_us=3589 cpu_load=36.1 deadline=1 timeout=0 tx_error=0 short=0[0m
[0;32mI (30887) pocket_pan_main: [MIDI] push=0 pop=0 drop=0 hwm=0 last=(n=62 v=0 t=78 hex=000000)[0m
[0;32mI (30897) pocket_pan_main: [BLE] state=8 interval_ms=11.25 latency=0 rssi=-59 reconnects=0 last_disconnect=0[0m
[0;32mI (30907) pocket_pan_main: [MEM] internal_free=121883 largest_internal=31744[0m
[0;32mI (35897) pocket_pan_main: [AUDIO] model=PAN blocks=13130 avg_us=963 p99_us=1125 max_us=3589 cpu_load=36.1 deadline=1 timeout=0 tx_error=0 short=0[0m
[0;32mI (35897) pocket_pan_main: [MIDI] push=0 pop=0 drop=0 hwm=0 last=(n=62 v=0 t=78 hex=000000)[0m
[0;32mI (35907) pocket_pan_main: [BLE] state=8 interval_ms=11.25 latency=0 rssi=-58 reconnects=0 last_disconnect=0[0m
[0;32mI (35917) pocket_pan_main: [MEM] internal_free=121883 largest_internal=31744[0m
[0;32mI (40907) pocket_pan_main: [AUDIO] model=PAN blocks=15010 avg_us=970 p99_us=1125 max_us=3589 cpu_load=36.4 deadline=1 timeout=0 tx_error=0 short=0[0m
[0;32mI (40907) pocket_pan_main: [MIDI] push=0 pop=0 drop=0 hwm=0 last=(n=62 v=0 t=78 hex=000000)[0m
[0;32mI (40917) pocket_pan_main: [BLE] state=8 interval_ms=11.25 latency=0 rssi=-60 reconnects=0 last_disconnect=0[0m
[0;32mI (40927) pocket_pan_main: [MEM] internal_free=121883 largest_internal=31744[0m
[0;32mI (45467) forensics: [CURVE] model=BELL fixture=14 voices=4 class=steady n=8148 avg_us=954.82 p95_us=985 p99_us=1025 p995_us=1135 p999_us=1145 max_us=1178 deadline=0 bad_voices=0 ble_lost=0 hard=0 sat=0 bin_us=5[0m
[0;32mI (45477) forensics: [HIST] fixture=14 class=steady lower_us=940 n=1073[0m
[0;32mI (45487) forensics: [HIST] fixture=14 class=steady lower_us=945 n=2233[0m
[0;32mI (45487) forensics: [HIST] fixture=14 class=steady lower_us=950 n=2066[0m
[0;32mI (45497) forensics: [HIST] fixture=14 class=steady lower_us=955 n=751[0m
[0;32mI (45507) forensics: [HIST] fixture=14 class=steady lower_us=960 n=691[0m
[0;32mI (45517) forensics: [HIST] fixture=14 class=steady lower_us=965 n=441[0m
[0;32mI (45517) forensics: [HIST] fixture=14 class=steady lower_us=970 n=255[0m
[0;32mI (45527) forensics: [HIST] fixture=14 class=steady lower_us=975 n=170[0m
[0;32mI (45537) forensics: [HIST] fixture=14 class=steady lower_us=980 n=133[0m
[0;32mI (45537) forensics: [HIST] fixture=14 class=steady lower_us=985 n=111[0m
[0;32mI (45547) forensics: [HIST] fixture=14 class=steady lower_us=990 n=60[0m
[0;32mI (45557) forensics: [HIST] fixture=14 class=steady lower_us=995 n=36[0m
[0;32mI (45567) forensics: [HIST] fixture=14 class=steady lower_us=1000 n=28[0m
[0;32mI (45567) forensics: [HIST] fixture=14 class=steady lower_us=1005 n=10[0m
[0;32mI (45577) forensics: [HIST] fixture=14 class=steady lower_us=1010 n=6[0m
[0;32mI (45587) forensics: [HIST] fixture=14 class=steady lower_us=1015 n=2[0m
[0;32mI (45587) forensics: [HIST] fixture=14 class=steady lower_us=1020 n=5[0m
[0;32mI (45597) forensics: [HIST] fixture=14 class=steady lower_us=1025 n=2[0m
[0;32mI (45607) forensics: [HIST] fixture=14 class=steady lower_us=1035 n=1[0m
[0;32mI (45617) forensics: [HIST] fixture=14 class=steady lower_us=1040 n=4[0m
[0;32mI (45617) forensics: [HIST] fixture=14 class=steady lower_us=1045 n=2[0m
[0;32mI (45627) forensics: [HIST] fixture=14 class=steady lower_us=1050 n=8[0m
[0;32mI (45637) forensics: [HIST] fixture=14 class=steady lower_us=1055 n=6[0m
[0;32mI (45637) forensics: [HIST] fixture=14 class=steady lower_us=1060 n=3[0m
[0;32mI (45647) forensics: [HIST] fixture=14 class=steady lower_us=1080 n=1[0m
[0;32mI (45657) forensics: [HIST] fixture=14 class=steady lower_us=1085 n=1[0m
[0;32mI (45667) forensics: [HIST] fixture=14 class=steady lower_us=1105 n=1[0m
[0;32mI (45667) forensics: [HIST] fixture=14 class=steady lower_us=1125 n=7[0m
[0;32mI (45677) forensics: [HIST] fixture=14 class=steady lower_us=1130 n=12[0m
[0;32mI (45687) forensics: [HIST] fixture=14 class=steady lower_us=1135 n=12[0m
[0;32mI (45687) forensics: [HIST] fixture=14 class=steady lower_us=1140 n=10[0m
[0;32mI (45697) forensics: [HIST] fixture=14 class=steady lower_us=1145 n=3[0m
[0;32mI (45707) forensics: [HIST] fixture=14 class=steady lower_us=1160 n=2[0m
[0;32mI (45717) forensics: [HIST] fixture=14 class=steady lower_us=1165 n=1[0m
[0;32mI (45717) forensics: [HIST] fixture=14 class=steady lower_us=1175 n=1[0m
[0;32mI (45727) forensics: [CURVE] model=BELL fixture=14 voices=4 class=event n=44 avg_us=1444.16 p95_us=1525 p99_us=1590 p995_us=1590 p999_us=1590 max_us=1585 deadline=0 bad_voices=0 ble_lost=0 hard=0 sat=0 bin_us=5[0m
[0;32mI (45747) forensics: [HIST] fixture=14 class=event lower_us=1375 n=1[0m
[0;32mI (45757) forensics: [HIST] fixture=14 class=event lower_us=1385 n=2[0m
[0;32mI (45757) forensics: [HIST] fixture=14 class=event lower_us=1390 n=1[0m
[0;32mI (45767) forensics: [HIST] fixture=14 class=event lower_us=1395 n=7[0m
[0;32mI (45777) forensics: [HIST] fixture=14 class=event lower_us=1400 n=2[0m
[0;32mI (45777) forensics: [HIST] fixture=14 class=event lower_us=1405 n=3[0m
[0;32mI (45787) forensics: [HIST] fixture=14 class=event lower_us=1410 n=1[0m
[0;32mI (45797) forensics: [HIST] fixture=14 class=event lower_us=1415 n=1[0m
[0;32mI (45807) forensics: [HIST] fixture=14 class=event lower_us=1445 n=2[0m
[0;32mI (45807) forensics: [HIST] fixture=14 class=event lower_us=1450 n=2[0m
[0;32mI (45817) forensics: [HIST] fixture=14 class=event lower_us=1455 n=8[0m
[0;32mI (45827) forensics: [HIST] fixture=14 class=event lower_us=1460 n=2[0m
[0;32mI (45827) forensics: [HIST] fixture=14 class=event lower_us=1465 n=1[0m
[0;32mI (45837) forensics: [HIST] fixture=14 class=event lower_us=1470 n=4[0m
[0;32mI (45847) forensics: [HIST] fixture=14 class=event lower_us=1475 n=1[0m
[0;32mI (45847) forensics: [HIST] fixture=14 class=event lower_us=1490 n=1[0m
[0;32mI (45857) forensics: [HIST] fixture=14 class=event lower_us=1505 n=1[0m
[0;32mI (45867) forensics: [HIST] fixture=14 class=event lower_us=1520 n=2[0m
[0;32mI (45877) forensics: [HIST] fixture=14 class=event lower_us=1545 n=1[0m
[0;32mI (45877) forensics: [HIST] fixture=14 class=event lower_us=1585 n=1[0m
[0;32mI (45887) forensics: [FASTPATH] fixture=14 stable8=0 attack=8[0m
[0;32mI (45927) pocket_pan_main: [AUDIO] model=PAN blocks=16893 avg_us=1541 p99_us=1125 max_us=3613 cpu_load=57.8 deadline=2 timeout=0 tx_error=0 short=0[0m
[0;32mI (45927) pocket_pan_main: [MIDI] push=0 pop=0 drop=0 hwm=0 last=(n=62 v=0 t=78 hex=000000)[0m
[0;32mI (45937) pocket_pan_main: [BLE] state=8 interval_ms=11.25 latency=0 rssi=-60 reconnects=0 last_disconnect=0[0m
[0;32mI (45947) pocket_pan_main: [MEM] internal_free=121883 largest_internal=31744[0m
[0;32mI (50937) pocket_pan_main: [AUDIO] model=PAN blocks=18771 avg_us=1624 p99_us=1800 max_us=3613 cpu_load=60.9 deadline=2 timeout=0 tx_error=0 short=0[0m
[0;32mI (50937) pocket_pan_main: [MIDI] push=0 pop=0 drop=0 hwm=0 last=(n=62 v=0 t=78 hex=000000)[0m
[0;32mI (50947) pocket_pan_main: [BLE] state=8 interval_ms=11.25 latency=0 rssi=-59 reconnects=0 last_disconnect=0[0m
[0;32mI (50957) pocket_pan_main: [MEM] internal_free=121883 largest_internal=31744[0m
[0;32mI (55947) pocket_pan_main: [AUDIO] model=PAN blocks=20649 avg_us=1614 p99_us=1800 max_us=3613 cpu_load=60.5 deadline=2 timeout=0 tx_error=0 short=0[0m
[0;32mI (55947) pocket_pan_main: [MIDI] push=0 pop=0 drop=0 hwm=0 last=(n=62 v=0 t=78 hex=000000)[0m
[0;32mI (55957) pocket_pan_main: [BLE] state=8 interval_ms=11.25 latency=0 rssi=-58 reconnects=0 last_disconnect=0[0m
[0;32mI (55967) pocket_pan_main: [MEM] internal_free=121883 largest_internal=31744[0m
[0;32mI (60957) pocket_pan_main: [AUDIO] model=PAN blocks=22529 avg_us=1605 p99_us=1800 max_us=3613 cpu_load=60.2 deadline=2 timeout=0 tx_error=0 short=0[0m
[0;32mI (60957) pocket_pan_main: [MIDI] push=0 pop=0 drop=0 hwm=0 last=(n=62 v=0 t=78 hex=000000)[0m
[0;32mI (60967) pocket_pan_main: [BLE] state=8 interval_ms=11.25 latency=0 rssi=-58 reconnects=0 last_disconnect=0[0m
[0;32mI (60977) pocket_pan_main: [MEM] internal_free=121883 largest_internal=31744[0m
[0;32mI (65967) pocket_pan_main: [AUDIO] model=PAN blocks=24407 avg_us=1623 p99_us=1925 max_us=3613 cpu_load=60.9 deadline=2 timeout=0 tx_error=0 short=0[0m
[0;32mI (65967) pocket_pan_main: [MIDI] push=0 pop=0 drop=0 hwm=0 last=(n=62 v=0 t=78 hex=000000)[0m
[0;32mI (65977) pocket_pan_main: [BLE] state=8 interval_ms=11.25 latency=0 rssi=-59 reconnects=0 last_disconnect=0[0m
[0;32mI (65987) pocket_pan_main: [MEM] internal_free=121883 largest_internal=31744[0m
[0;32mI (67317) forensics: [CURVE] model=BELL fixture=13 voices=8 class=steady n=8148 avg_us=1608.09 p95_us=1635 p99_us=1675 p995_us=1910 p999_us=1930 max_us=1971 deadline=0 bad_voices=0 ble_lost=0 hard=0 sat=0 bin_us=5[0m
[0;32mI (67327) forensics: [HIST] fixture=13 class=steady lower_us=1590 n=953[0m
[0;32mI (67337) forensics: [HIST] fixture=13 class=steady lower_us=1595 n=1892[0m
[0;32mI (67337) forensics: [HIST] fixture=13 class=steady lower_us=1600 n=1771[0m
[0;32mI (67347) forensics: [HIST] fixture=13 class=steady lower_us=1605 n=1018[0m
[0;32mI (67357) forensics: [HIST] fixture=13 class=steady lower_us=1610 n=814[0m
[0;32mI (67357) forensics: [HIST] fixture=13 class=steady lower_us=1615 n=535[0m
[0;32mI (67367) forensics: [HIST] fixture=13 class=steady lower_us=1620 n=406[0m
[0;32mI (67377) forensics: [HIST] fixture=13 class=steady lower_us=1625 n=234[0m
[0;32mI (67387) forensics: [HIST] fixture=13 class=steady lower_us=1630 n=139[0m
[0;32mI (67387) forensics: [HIST] fixture=13 class=steady lower_us=1635 n=109[0m
[0;32mI (67397) forensics: [HIST] fixture=13 class=steady lower_us=1640 n=70[0m
[0;32mI (67407) forensics: [HIST] fixture=13 class=steady lower_us=1645 n=58[0m
[0;32mI (67417) forensics: [HIST] fixture=13 class=steady lower_us=1650 n=23[0m
[0;32mI (67417) forensics: [HIST] fixture=13 class=steady lower_us=1655 n=17[0m
[0;32mI (67427) forensics: [HIST] fixture=13 class=steady lower_us=1660 n=15[0m
[0;32mI (67437) forensics: [HIST] fixture=13 class=steady lower_us=1665 n=10[0m
[0;32mI (67437) forensics: [HIST] fixture=13 class=steady lower_us=1670 n=4[0m
[0;32mI (67447) forensics: [HIST] fixture=13 class=steady lower_us=1675 n=5[0m
[0;32mI (67457) forensics: [HIST] fixture=13 class=steady lower_us=1680 n=4[0m
[0;32mI (67467) forensics: [HIST] fixture=13 class=steady lower_us=1685 n=7[0m
[0;32mI (67467) forensics: [HIST] fixture=13 class=steady lower_us=1690 n=3[0m
[0;32mI (67477) forensics: [HIST] fixture=13 class=steady lower_us=1695 n=4[0m
[0;32mI (67487) forensics: [HIST] fixture=13 class=steady lower_us=1700 n=1[0m
[0;32mI (67487) forensics: [HIST] fixture=13 class=steady lower_us=1705 n=3[0m
[0;32mI (67497) forensics: [HIST] fixture=13 class=steady lower_us=1710 n=1[0m
[0;32mI (67507) forensics: [HIST] fixture=13 class=steady lower_us=1725 n=1[0m
[0;32mI (67517) forensics: [HIST] fixture=13 class=steady lower_us=1735 n=1[0m
[0;32mI (67517) forensics: [HIST] fixture=13 class=steady lower_us=1740 n=1[0m
[0;32mI (67527) forensics: [HIST] fixture=13 class=steady lower_us=1755 n=1[0m
[0;32mI (67537) forensics: [HIST] fixture=13 class=steady lower_us=1765 n=3[0m
[0;32mI (67537) forensics: [HIST] fixture=13 class=steady lower_us=1770 n=1[0m
[0;32mI (67547) forensics: [HIST] fixture=13 class=steady lower_us=1900 n=1[0m
[0;32mI (67557) forensics: [HIST] fixture=13 class=steady lower_us=1905 n=3[0m
[0;32mI (67567) forensics: [HIST] fixture=13 class=steady lower_us=1910 n=9[0m
[0;32mI (67567) forensics: [HIST] fixture=13 class=steady lower_us=1915 n=7[0m
[0;32mI (67577) forensics: [HIST] fixture=13 class=steady lower_us=1920 n=15[0m
[0;32mI (67587) forensics: [HIST] fixture=13 class=steady lower_us=1925 n=6[0m
[0;32mI (67587) forensics: [HIST] fixture=13 class=steady lower_us=1930 n=1[0m
[0;32mI (67597) forensics: [HIST] fixture=13 class=steady lower_us=1965 n=1[0m
[0;32mI (67607) forensics: [HIST] fixture=13 class=steady lower_us=1970 n=1[0m
[0;32mI (67617) forensics: [CURVE] model=BELL fixture=13 voices=8 class=event n=44 avg_us=2445.04 p95_us=2525 p99_us=2565 p995_us=2565 p999_us=2565 max_us=2562 deadline=0 bad_voices=0 ble_lost=0 hard=0 sat=0 bin_us=5[0m
[0;32mI (67627) forensics: [HIST] fixture=13 class=event lower_us=2345 n=1[0m
[0;32mI (67637) forensics: [HIST] fixture=13 class=event lower_us=2350 n=1[0m
[0;32mI (67647) forensics: [HIST] fixture=13 class=event lower_us=2360 n=1[0m
[0;32mI (67657) forensics: [HIST] fixture=13 class=event lower_us=2375 n=1[0m
[0;32mI (67657) forensics: [HIST] fixture=13 class=event lower_us=2380 n=1[0m
[0;32mI (67667) forensics: [HIST] fixture=13 class=event lower_us=2390 n=1[0m
[0;32mI (67677) forensics: [HIST] fixture=13 class=event lower_us=2400 n=4[0m
[0;32mI (67677) forensics: [HIST] fixture=13 class=event lower_us=2405 n=2[0m
[0;32mI (67687) forensics: [HIST] fixture=13 class=event lower_us=2410 n=2[0m
[0;32mI (67697) forensics: [HIST] fixture=13 class=event lower_us=2425 n=1[0m
[0;32mI (67697) forensics: [HIST] fixture=13 class=event lower_us=2430 n=1[0m
[0;32mI (67707) forensics: [HIST] fixture=13 class=event lower_us=2435 n=1[0m
[0;32mI (67717) forensics: [HIST] fixture=13 class=event lower_us=2440 n=6[0m
[0;32mI (67727) forensics: [HIST] fixture=13 class=event lower_us=2445 n=1[0m
[0;32mI (67727) forensics: [HIST] fixture=13 class=event lower_us=2455 n=1[0m
[0;32mI (67737) forensics: [HIST] fixture=13 class=event lower_us=2460 n=2[0m
[0;32mI (67747) forensics: [HIST] fixture=13 class=event lower_us=2465 n=2[0m
[0;32mI (67747) forensics: [HIST] fixture=13 class=event lower_us=2470 n=5[0m
[0;32mI (67757) forensics: [HIST] fixture=13 class=event lower_us=2475 n=1[0m
[0;32mI (67767) forensics: [HIST] fixture=13 class=event lower_us=2485 n=3[0m
[0;32mI (67777) forensics: [HIST] fixture=13 class=event lower_us=2495 n=1[0m
[0;32mI (67777) forensics: [HIST] fixture=13 class=event lower_us=2505 n=1[0m
[0;32mI (67787) forensics: [HIST] fixture=13 class=event lower_us=2510 n=1[0m
[0;32mI (67797) forensics: [HIST] fixture=13 class=event lower_us=2520 n=1[0m
[0;32mI (67797) forensics: [HIST] fixture=13 class=event lower_us=2535 n=1[0m
[0;32mI (67807) forensics: [HIST] fixture=13 class=event lower_us=2560 n=1[0m
[0;32mI (67817) forensics: [FASTPATH] fixture=13 stable8=0 attack=16[0m
[0;32mI (70967) pocket_pan_main: [AUDIO] model=PAN blocks=26282 avg_us=4 p99_us=1925 max_us=3613 cpu_load=0.1 deadline=2 timeout=0 tx_error=0 short=0[0m
[0;32mI (70967) pocket_pan_main: [MIDI] push=0 pop=0 drop=0 hwm=0 last=(n=62 v=0 t=78 hex=000000)[0m
[0;32mI (70977) pocket_pan_main: [BLE] state=8 interval_ms=11.25 latency=0 rssi=-59 reconnects=0 last_disconnect=0[0m
[0;32mI (70987) pocket_pan_main: [MEM] internal_free=121883 largest_internal=31744[0m
