[0;32mI (122) esp_image: segment 1: paddr=0002efbc vaddr=3fc9d0[0;32mI (671) esp_psram: SPI SRAM memory test OK[0m
[0;32mI (680) cpu_start: Pro cpu start user code[0m
[0;32mI (681) cpu_start: cpu freq: 240000000 Hz[0m
[0;32mI (681) app_init: Application information:[0m
[0;32mI (683) app_init: Project name:     pocket_pan[0m
[0;32mI (689) app_init: App version:      488d5df-dirty[0m
[0;32mI (694) app_init: Compile time:     Sep 27 2026 20:40:27[0m
[0;32mI (700) app_init: ELF file SHA256:  1ee735865...[0m
[0;32mI (705) app_init: ESP-IDF:          v5.3-dirty[0m
[0;32mI (710) efuse_init: Min chip rev:     v0.0[0m
[0;32mI (715) efuse_init: Max chip rev:     v0.99 [0m
[0;32mI (720) efuse_init: Chip rev:         v0.2[0m
[0;32mI (725) heap_init: Initializing. RAM available for dynamic allocation:[0m
[0;32mI (732) heap_init: At 3FCC3480 len 00026290 (152 KiB): RAM[0m
[0;32mI (738) heap_init: At 3FCE9710 len 00005724 (21 KiB): RAM[0m
[0;32mI (744) heap_init: At 3FCF0000 len 00008000 (32 KiB): DRAM[0m
[0;32mI (751) heap_init: At 600FE100 len 00001EE8 (7 KiB): RTCRAM[0m
[0;32mI (757) esp_psram: Adding pool of 2048K of PSRAM memory to heap allocator[0m
[0;32mI (765) spi_flash: detected chip: generic[0m
[0;32mI (769) spi_flash: flash io: dio[0m
[0;32mI (773) sleep: Configure to isolate all GPIO pins in sleep state[0m
[0;32mI (780) sleep: Enable automatic switching of GPIO sleep configuration[0m
[0;32mI (787) coexist: coex firmware version: dab85ae96[0m
[0;32mI (792) coexist: coexist rom version e7ae62f[0m
[0;32mI (798) main_task: Started on CPU0[0m
[0;32mI (808) esp_psram: Reserving pool of 32K of internal memory for DMA/internal allocations[0m
[0;32mI (808) main_task: Calling app_main()[0m
[0;32mI (818) pocket_pan_main: ===============================================[0m
[0;32mI (818) pocket_pan_main:   Pocket Pan / Metal Modal Synthesizer v1.0.0[0m
[0;32mI (828) pocket_pan_main:   Hardware: TENSTAR TS-ESP32-S3 (Feather TFT)[0m
[0;32mI (838) pocket_pan_main: ===============================================[0m
[0;32mI (848) pocket_pan_main: [FORENSICS] candidate=25 profile=0 cpu_mhz=240 optimization_perf=1[0m
[0;32mI (858) gpio: GPIO[10]| InputEn: 0| OutputEn: 1| OpenDrain: 0| Pullup: 0| Pulldown: 1| Intr:0 [0m
[0;32mI (868) AudioI2S: I2S TX initialized (48kHz, 32-bit slot, stereo, 6x128 frames DMA = 1024 bytes/buf)[0m
[0;32mI (878) AudioI2S: Audio task started on Core 0 at priority 12[0m
[0;32mI (878) BLE_INIT: BT controller compile version [ba3b3e3][0m
[0;32mI (888) BLE_INIT: Bluetooth MAC: b4:3a:45:ae:6f:2a[0m
[0;32mI (888) phy_init: phy_version 680,a6008b2,Jun  4 2024,16:41:10[0m
[0;32mI (928) BleMidi: NimBLE BLE MIDI Central initialized and pinned to Core 1[0m
[0;32mI (928) BleMidi: NimBLE Host task running on Core 1[0m
[0;31mE (928) Display: Failed to allocate display framebuffer[0m
[0;32mI (938) NimBLE: Failed to restore IRKs from store; status=8
[0m
[0;31mE (938) pocket_pan_main: Failed to initialize ST7789 display[0m
[0;32mI (948) NimBLE: GAP procedure initiated: discovery; [0m
[0;32mI (958) pocket_pan_main: Pocket Pan initialization complete. Realtime audio active.[0m
[0;32mI (958) NimBLE: own_addr_type=0 filter_policy=0 passive=0 limited=0 filter_duplicates=1 [0m
[0;32mI (978) NimBLE: duration=forever[0m
[0;32mI (968) main_task: Returned from app_main()[0m
[0;32mI (978) NimBLE: 
[0m
[0;32mI (988) BleMidi: Scanning for BLE MIDI devices...[0m
[0;32mI (958) gpio: GPIO[0]| InputEn: 1| OutputEn: 0| OpenDrain: 0| Pullup: 1| Pulldown: 0| Intr:0 [0m
[0;32mI (998) BleMidi: BLE MIDI device found (59:FB:B6:B7:BF:0F); connecting[0m
[0;32mI (1008) NimBLE: GAP procedure initiated: connect; [0m
[0;32mI (1018) NimBLE: peer_addr_type=0 peer_addr=[0m
[0;32mI (1018) NimBLE: 59:fb:b6:b7:bf:0f[0m
[0;32mI (1028) NimBLE:  scan_itvl=16 scan_window=16 itvl_min=24 itvl_max=40 latency=0 supervision_timeout=256 min_ce_len=0 max_ce_len=0 own_addr_type=0[0m
[0;32mI (1038) NimBLE: 
[0m
[0;32mI (1108) BleMidi: BLE Connected! conn_handle=1[0m
[0;32mI (1108) NimBLE: GAP procedure initiated: [0m
[0;32mI (1108) NimBLE: connection parameter update; conn_handle=1 itvl_min=6 itvl_max=12 latency=0 supervision_timeout=200 min_ce_len=0 max_ce_len=0[0m
[0;32mI (1118) NimBLE: 
[0m
[0;32mI (1118) BleMidi: Requested connection params 7.5-15ms latency=0 timeout=2s rc=0[0m
[0;32mI (1128) NimBLE: GATT procedure initiated: discover all services
[0m
[0;32mI (1438) BleMidi: Negotiated params interval=50.00ms latency=0 timeout=2560ms[0m
[0;32mI (1438) NimBLE: Reattempt connection; reason = 0x3e, status = 0,reattempt count = 0 [0m
[0;31mE (1438) BleMidi: MIDI service discovery failed; disconnecting for recovery[0m
[0;32mI (1448) NimBLE: GAP procedure initiated: terminate connection; conn_handle=1 hci_reason=19
[0m
[0;32mI (1458) NimBLE: GAP procedure initiated: connect; [0m
[0;32mI (1468) NimBLE: peer_addr_type=0 peer_addr=[0m
[0;32mI (1468) NimBLE: 59:fb:b6:b7:bf:0f[0m
[0;32mI (1478) NimBLE:  scan_itvl=16 scan_window=16 itvl_min=24 itvl_max=40 latency=0 supervision_timeout=256 min_ce_len=0 max_ce_len=0 own_addr_type=0[0m
[0;32mI (1488) NimBLE: 
[0m
[0;32mI (1538) BleMidi: BLE Connected! conn_handle=1[0m
[0;32mI (1538) NimBLE: GAP procedure initiated: [0m
[0;32mI (1538) NimBLE: connection parameter update; conn_handle=1 itvl_min=6 itvl_max=12 latency=0 supervision_timeout=200 min_ce_len=0 max_ce_len=0[0m
[0;32mI (1548) NimBLE: 
[0m
[0;32mI (1548) BleMidi: Requested connection params 7.5-15ms latency=0 timeout=2s rc=0[0m
[0;32mI (1558) NimBLE: GATT procedure initiated: discover all services
[0m
[0;32mI (1838) BleMidi: Found BLE MIDI Service! start_handle=112 end_handle=115[0m
[0;32mI (1838) NimBLE: GATT procedure initiated: discover all characteristics; [0m
[0;32mI (1838) NimBLE: start_handle=112 end_handle=115
[0m
[0;32mI (1938) BleMidi: Found BLE MIDI Characteristic! def_handle=113 val_handle=114 props=0x16[0m
[0;32mI (1938) NimBLE: GATT procedure initiated: discover all descriptors; [0m
[0;32mI (1938) NimBLE: chr_val_handle=114 end_handle=115
[0m
[0;32mI (2038) BleMidi: Discovered CCCD (0x2902) handle=115[0m
[0;32mI (2038) NimBLE: GATT procedure initiated: write; [0m
[0;32mI (2038) NimBLE: att_handle=115 len=2
[0m
[0;32mI (2088) BleMidi: Negotiated params interval=7.50ms latency=0 timeout=2000ms[0m
[0;32mI (2108) BleMidi: CCCD subscription successful; BLE MIDI ready[0m
[0;32mI (2108) NimBLE: GAP procedure initiated: [0m
[0;32mI (2108) NimBLE: connection parameter update; conn_handle=1 itvl_min=6 itvl_max=9 latency=0 supervision_timeout=100 min_ce_len=0 max_ce_len=0[0m
[0;32mI (2118) NimBLE: 
[0m
[0;32mI (2198) BleMidi: Negotiated params interval=11.25ms latency=0 timeout=1000ms[0m
[0;32mI (5798) pocket_pan_main: [AUDIO] model=PAN blocks=1846 avg_us=1647 p99_us=0 max_us=3575 cpu_load=61.8 deadline=1 timeout=0 tx_error=0 short=0[0m
[0;32mI (5798) pocket_pan_main: [MIDI] push=1 pop=1 drop=0 hwm=1 last=(n=50 v=75 t=78 hex=90324B)[0m
[0;32mI (5808) pocket_pan_main: [BLE] state=8 interval_ms=11.25 latency=0 rssi=-58 reconnects=0 last_disconnect=0[0m
[0;32mI (5818) pocket_pan_main: [MEM] internal_free=121883 largest_internal=31744[0m
[0;32mI (5828) pocket_pan_main: [UIREDRAW] urgent=8 telemetry=3 skip=147[0m
[0;32mI (10818) pocket_pan_main: [AUDIO] model=PAN blocks=3728 avg_us=1650 p99_us=1875 max_us=3575 cpu_load=61.9 deadline=1 timeout=0 tx_error=0 short=0[0m
[0;32mI (10818) pocket_pan_main: [MIDI] push=1 pop=1 drop=0 hwm=1 last=(n=50 v=75 t=78 hex=90324B)[0m
[0;32mI (10828) pocket_pan_main: [BLE] state=8 interval_ms=11.25 latency=0 rssi=-59 reconnects=0 last_disconnect=0[0m
[0;32mI (10838) pocket_pan_main: [MEM] internal_free=121883 largest_internal=31744[0m
[0;32mI (10848) pocket_pan_main: [UIREDRAW] urgent=8 telemetry=8 skip=308[0m
[0;32mI (15838) pocket_pan_main: [AUDIO] model=PAN blocks=5610 avg_us=1655 p99_us=1900 max_us=3575 cpu_load=62.1 deadline=1 timeout=0 tx_error=0 short=0[0m
[0;32mI (15838) pocket_pan_main: [MIDI] push=1 pop=1 drop=0 hwm=1 last=(n=50 v=75 t=78 hex=90324B)[0m
[0;32mI (15848) pocket_pan_main: [BLE] state=8 interval_ms=11.25 latency=0 rssi=-59 reconnects=0 last_disconnect=0[0m
[0;32mI (15858) pocket_pan_main: [MEM] internal_free=121883 largest_internal=31744[0m
[0;32mI (15868) pocket_pan_main: [UIREDRAW] urgent=8 telemetry=13 skip=469[0m
[0;32mI (20858) pocket_pan_main: [AUDIO] model=PAN blocks=7492 avg_us=1637 p99_us=1900 max_us=3575 cpu_load=61.4 deadline=4 timeout=0 tx_error=0 short=0[0m
[0;32mI (20858) pocket_pan_main: [MIDI] push=1 pop=1 drop=0 hwm=1 last=(n=50 v=75 t=78 hex=90324B)[0m
[0;32mI (20868) pocket_pan_main: [BLE] state=8 interval_ms=11.25 latency=0 rssi=-58 reconnects=0 last_disconnect=0[0m
[0;32mI (20878) pocket_pan_main: [MEM] internal_free=121883 largest_internal=31744[0m
[0;32mI (20888) pocket_pan_main: [UIREDRAW] urgent=8 telemetry=18 skip=630[0m
[0;32mI (24008) forensics: [CURVE] model=PAN fixture=5 voices=8 class=steady n=8148 avg_us=1636.31 p95_us=1710 p99_us=1770 p995_us=1910 p999_us=1925 max_us=2041 deadline=0 bad_voices=0 ble_lost=0 hard=0 sat=0 bin_us=5[0m
[0;32mI (24018) forensics: [HIST] fixture=5 class=steady lower_us=1610 n=1095[0m
[0;32mI (24018) forensics: [HIST] fixture=5 class=steady lower_us=1615 n=1918[0m
[0;32mI (24028) forensics: [HIST] fixture=5 class=steady lower_us=1620 n=1276[0m
[0;32mI (24038) forensics: [HIST] fixture=5 class=steady lower_us=1625 n=704[0m
[0;32mI (24038) forensics: [HIST] fixture=5 class=steady lower_us=1630 n=623[0m
[0;32mI (24048) forensics: [HIST] fixture=5 class=steady lower_us=1635 n=437[0m
[0;32mI (24058) forensics: [HIST] fixture=5 class=steady lower_us=1640 n=398[0m
[0;32mI (24068) forensics: [HIST] fixture=5 class=steady lower_us=1645 n=318[0m
[0;32mI (24068) forensics: [HIST] fixture=5 class=steady lower_us=1650 n=218[0m
[0;32mI (24078) forensics: [HIST] fixture=5 class=steady lower_us=1655 n=138[0m
[0;32mI (24088) forensics: [HIST] fixture=5 class=steady lower_us=1660 n=71[0m
[0;32mI (24088) forensics: [HIST] fixture=5 class=steady lower_us=1665 n=39[0m
[0;32mI (24098) forensics: [HIST] fixture=5 class=steady lower_us=1670 n=23[0m
[0;32mI (24108) forensics: [HIST] fixture=5 class=steady lower_us=1675 n=25[0m
[0;32mI (24118) forensics: [HIST] fixture=5 class=steady lower_us=1680 n=51[0m
[0;32mI (24118) forensics: [HIST] fixture=5 class=steady lower_us=1685 n=72[0m
[0;32mI (24128) forensics: [HIST] fixture=5 class=steady lower_us=1690 n=89[0m
[0;32mI (24138) forensics: [HIST] fixture=5 class=steady lower_us=1695 n=94[0m
[0;32mI (24138) forensics: [HIST] fixture=5 class=steady lower_us=1700 n=103[0m
[0;32mI (24148) forensics: [HIST] fixture=5 class=steady lower_us=1705 n=82[0m
[0;32mI (24158) forensics: [HIST] fixture=5 class=steady lower_us=1710 n=48[0m
[0;32mI (24168) forensics: [HIST] fixture=5 class=steady lower_us=1715 n=40[0m
[0;32mI (24168) forensics: [HIST] fixture=5 class=steady lower_us=1720 n=49[0m
[0;32mI (24178) forensics: [HIST] fixture=5 class=steady lower_us=1725 n=28[0m
[0;32mI (24188) forensics: [HIST] fixture=5 class=steady lower_us=1730 n=37[0m
[0;32mI (24188) forensics: [HIST] fixture=5 class=steady lower_us=1735 n=24[0m
[0;32mI (24198) forensics: [HIST] fixture=5 class=steady lower_us=1740 n=15[0m
[0;32mI (24208) forensics: [HIST] fixture=5 class=steady lower_us=1745 n=14[0m
[0;32mI (24218) forensics: [HIST] fixture=5 class=steady lower_us=1750 n=11[0m
[0;32mI (24218) forensics: [HIST] fixture=5 class=steady lower_us=1755 n=18[0m
[0;32mI (24228) forensics: [HIST] fixture=5 class=steady lower_us=1760 n=3[0m
[0;32mI (24238) forensics: [HIST] fixture=5 class=steady lower_us=1765 n=6[0m
[0;32mI (24238) forensics: [HIST] fixture=5 class=steady lower_us=1770 n=4[0m
[0;32mI (24248) forensics: [HIST] fixture=5 class=steady lower_us=1775 n=11[0m
[0;32mI (24258) forensics: [HIST] fixture=5 class=steady lower_us=1780 n=4[0m
[0;32mI (24268) forensics: [HIST] fixture=5 class=steady lower_us=1785 n=3[0m
[0;32mI (24268) forensics: [HIST] fixture=5 class=steady lower_us=1790 n=2[0m
[0;32mI (24278) forensics: [HIST] fixture=5 class=steady lower_us=1795 n=2[0m
[0;32mI (24288) forensics: [HIST] fixture=5 class=steady lower_us=1805 n=1[0m
[0;32mI (24288) forensics: [HIST] fixture=5 class=steady lower_us=1810 n=1[0m
[0;32mI (24298) forensics: [HIST] fixture=5 class=steady lower_us=1820 n=3[0m
[0;32mI (24308) forensics: [HIST] fixture=5 class=steady lower_us=1830 n=1[0m
[0;32mI (24308) forensics: [HIST] fixture=5 class=steady lower_us=1840 n=1[0m
[0;32mI (24318) forensics: [HIST] fixture=5 class=steady lower_us=1850 n=1[0m
[0;32mI (24328) forensics: [HIST] fixture=5 class=steady lower_us=1860 n=1[0m
[0;32mI (24338) forensics: [HIST] fixture=5 class=steady lower_us=1890 n=1[0m
[0;32mI (24338) forensics: [HIST] fixture=5 class=steady lower_us=1895 n=1[0m
[0;32mI (24348) forensics: [HIST] fixture=5 class=steady lower_us=1900 n=3[0m
[0;32mI (24358) forensics: [HIST] fixture=5 class=steady lower_us=1905 n=14[0m
[0;32mI (24358) forensics: [HIST] fixture=5 class=steady lower_us=1910 n=7[0m
[0;32mI (24368) forensics: [HIST] fixture=5 class=steady lower_us=1915 n=5[0m
[0;32mI (24378) forensics: [HIST] fixture=5 class=steady lower_us=1920 n=7[0m
[0;32mI (24378) forensics: [HIST] fixture=5 class=steady lower_us=1925 n=2[0m
[0;32mI (24388) forensics: [HIST] fixture=5 class=steady lower_us=1930 n=1[0m
[0;32mI (24398) forensics: [HIST] fixture=5 class=steady lower_us=1935 n=1[0m
[0;32mI (24408) forensics: [HIST] fixture=5 class=steady lower_us=1940 n=1[0m
[0;32mI (24408) forensics: [HIST] fixture=5 class=steady lower_us=1980 n=1[0m
[0;32mI (24418) forensics: [HIST] fixture=5 class=steady lower_us=2025 n=1[0m
[0;32mI (24428) forensics: [HIST] fixture=5 class=steady lower_us=2040 n=1[0m
[0;32mI (24428) forensics: [CURVE] model=PAN fixture=5 voices=8 class=event n=44 avg_us=2480.84 p95_us=2595 p99_us=2690 p995_us=2690 p999_us=2690 max_us=2689 deadline=1 bad_voices=0 ble_lost=0 hard=0 sat=0 bin_us=5[0m
[0;32mI (24448) forensics: [HIST] fixture=5 class=event lower_us=2415 n=1[0m
[0;32mI (24458) forensics: [HIST] fixture=5 class=event lower_us=2435 n=1[0m
[0;32mI (24468) forensics: [HIST] fixture=5 class=event lower_us=2440 n=2[0m
[0;32mI (24468) forensics: [HIST] fixture=5 class=event lower_us=2445 n=1[0m
[0;32mI (24478) forensics: [HIST] fixture=5 class=event lower_us=2450 n=4[0m
[0;32mI (24488) forensics: [HIST] fixture=5 class=event lower_us=2455 n=3[0m
[0;32mI (24488) forensics: [HIST] fixture=5 class=event lower_us=2460 n=8[0m
[0;32mI (24498) forensics: [HIST] fixture=5 class=event lower_us=2465 n=8[0m
[0;32mI (24508) forensics: [HIST] fixture=5 class=event lower_us=2470 n=5[0m
[0;32mI (24518) forensics: [HIST] fixture=5 class=event lower_us=2475 n=1[0m
[0;32mI (24518) forensics: [HIST] fixture=5 class=event lower_us=2480 n=1[0m
[0;32mI (24528) forensics: [HIST] fixture=5 class=event lower_us=2485 n=1[0m
[0;32mI (24538) forensics: [HIST] fixture=5 class=event lower_us=2490 n=1[0m
[0;32mI (24538) forensics: [HIST] fixture=5 class=event lower_us=2500 n=1[0m
[0;32mI (24548) forensics: [HIST] fixture=5 class=event lower_us=2530 n=1[0m
[0;32mI (24558) forensics: [HIST] fixture=5 class=event lower_us=2580 n=1[0m
[0;32mI (24558) forensics: [HIST] fixture=5 class=event lower_us=2585 n=1[0m
[0;32mI (24568) forensics: [HIST] fixture=5 class=event lower_us=2590 n=1[0m
[0;32mI (24578) forensics: [HIST] fixture=5 class=event lower_us=2595 n=1[0m
[0;32mI (24588) forensics: [HIST] fixture=5 class=event lower_us=2685 n=1[0m
[0;32mI (24588) forensics: [FASTPATH] fixture=5 stable8=106 attack=16[0m
[0;32mI (25858) pocket_pan_main: [AUDIO] model=PAN blocks=9368 avg_us=982 p99_us=1900 max_us=3575 cpu_load=36.8 deadline=6 timeout=0 tx_error=0 short=0[0m
[0;32mI (25858) pocket_pan_main: [MIDI] push=1 pop=1 drop=0 hwm=1 last=(n=50 v=75 t=78 hex=90324B)[0m
[0;32mI (25868) pocket_pan_main: [BLE] state=8 interval_ms=11.25 latency=0 rssi=-58 reconnects=0 last_disconnect=0[0m
[0;32mI (25878) pocket_pan_main: [MEM] internal_free=121883 largest_internal=31744[0m
[0;32mI (25888) pocket_pan_main: [UIREDRAW] urgent=9 telemetry=22 skip=771[0m
[0;32mI (30878) pocket_pan_main: [AUDIO] model=PAN blocks=11250 avg_us=983 p99_us=1725 max_us=3575 cpu_load=36.9 deadline=6 timeout=0 tx_error=0 short=0[0m
[0;32mI (30878) pocket_pan_main: [MIDI] push=1 pop=1 drop=0 hwm=1 last=(n=50 v=75 t=78 hex=90324B)[0m
[0;32mI (30888) pocket_pan_main: [BLE] state=8 interval_ms=11.25 latency=0 rssi=-58 reconnects=0 last_disconnect=0[0m
[0;32mI (30898) pocket_pan_main: [MEM] internal_free=121883 largest_internal=31744[0m
[0;32mI (30908) pocket_pan_main: [UIREDRAW] urgent=9 telemetry=27 skip=932[0m
[0;32mI (35898) pocket_pan_main: [AUDIO] model=PAN blocks=13132 avg_us=969 p99_us=1150 max_us=3575 cpu_load=36.3 deadline=6 timeout=0 tx_error=0 short=0[0m
[0;32mI (35898) pocket_pan_main: [MIDI] push=1 pop=1 drop=0 hwm=1 last=(n=50 v=75 t=78 hex=90324B)[0m
[0;32mI (35908) pocket_pan_main: [BLE] state=8 interval_ms=11.25 latency=0 rssi=-58 reconnects=0 last_disconnect=0[0m
[0;32mI (35918) pocket_pan_main: [MEM] internal_free=121883 largest_internal=31744[0m
[0;32mI (35928) pocket_pan_main: [UIREDRAW] urgent=9 telemetry=32 skip=1093[0m
[0;32mI (40908) pocket_pan_main: [AUDIO] model=PAN blocks=15012 avg_us=971 p99_us=1150 max_us=3575 cpu_load=36.4 deadline=6 timeout=0 tx_error=0 short=0[0m
[0;32mI (40908) pocket_pan_main: [MIDI] push=1 pop=1 drop=0 hwm=1 last=(n=50 v=75 t=78 hex=90324B)[0m
[0;32mI (40918) pocket_pan_main: [BLE] state=8 interval_ms=11.25 latency=0 rssi=-59 reconnects=0 last_disconnect=0[0m
[0;32mI (40928) pocket_pan_main: [MEM] internal_free=121883 largest_internal=31744[0m
[0;32mI (40938) pocket_pan_main: [UIREDRAW] urgent=9 telemetry=37 skip=1254[0m
[0;32mI (45838) forensics: [CURVE] model=BELL fixture=14 voices=4 class=steady n=8148 avg_us=963.55 p95_us=1040 p99_us=1105 p995_us=1130 p999_us=1160 max_us=1354 deadline=0 bad_voices=0 ble_lost=0 hard=0 sat=0 bin_us=5[0m
[0;32mI (45848) forensics: [HIST] fixture=14 class=steady lower_us=940 n=956[0m
[0;32mI (45858) forensics: [HIST] fixture=14 class=steady lower_us=945 n=2019[0m
[0;32mI (45858) forensics: [HIST] fixture=14 class=steady lower_us=950 n=1809[0m
[0;32mI (45868) forensics: [HIST] fixture=14 class=steady lower_us=955 n=642[0m
[0;32mI (45878) forensics: [HIST] fixture=14 class=steady lower_us=960 n=644[0m
[0;32mI (45888) forensics: [HIST] fixture=14 class=steady lower_us=965 n=403[0m
[0;32mI (45888) forensics: [HIST] fixture=14 class=steady lower_us=970 n=237[0m
[0;32mI (45898) forensics: [HIST] fixture=14 class=steady lower_us=975 n=161[0m
[0;32mI (45908) forensics: [HIST] fixture=14 class=steady lower_us=980 n=150[0m
[0;32mI (45908) forensics: [HIST] fixture=14 class=steady lower_us=985 n=109[0m
[0;32mI (45918) forensics: [HIST] fixture=14 class=steady lower_us=990 n=65[0m
[0;32mI (45928) forensics: [HIST] fixture=14 class=steady lower_us=995 n=39[0m
[0;32mI (45938) forensics: [HIST] fixture=14 class=steady lower_us=1000 n=39[0m
[0;32mI (45938) forensics: [HIST] fixture=14 class=steady lower_us=1005 n=29[0m
[0;32mI (45948) forensics: [HIST] fixture=14 class=steady lower_us=1010 n=37[0m
[0;32mI (45958) forensics: [HIST] fixture=14 class=steady lower_us=1015 n=44[0m
[0;32mI (45958) forensics: [HIST] fixture=14 class=steady lower_us=1020 n=73[0m
[0;32mI (45968) forensics: [HIST] fixture=14 class=steady lower_us=1025 n=113[0m
[0;32mI (45978) forensics: [HIST] fixture=14 class=steady lower_us=1030 n=100[0m
[0;32mI (45988) forensics: [HIST] fixture=14 class=steady lower_us=1035 n=113[0m
[0;32mI (45988) forensics: [HIST] fixture=14 class=steady lower_us=1040 n=69[0m
[0;32mI (45998) forensics: [HIST] fixture=14 class=steady lower_us=1045 n=50[0m
[0;32mI (46008) forensics: [HIST] fixture=14 class=steady lower_us=1050 n=46[0m
[0;32mI (46018) forensics: [HIST] fixture=14 class=steady lower_us=1055 n=34[0m
[0;32mI (46018) forensics: [HIST] fixture=14 class=steady lower_us=1060 n=22[0m
[0;32mI (46028) forensics: [HIST] fixture=14 class=steady lower_us=1065 n=13[0m
[0;32mI (46038) forensics: [HIST] fixture=14 class=steady lower_us=1070 n=10[0m
[0;32mI (46038) forensics: [HIST] fixture=14 class=steady lower_us=1075 n=4[0m
[0;32mI (46048) forensics: [HIST] fixture=14 class=steady lower_us=1080 n=8[0m
[0;32mI (46058) forensics: [HIST] fixture=14 class=steady lower_us=1085 n=8[0m
[0;32mI (46068) forensics: [HIST] fixture=14 class=steady lower_us=1090 n=6[0m
[0;32mI (46068) forensics: [HIST] fixture=14 class=steady lower_us=1095 n=7[0m
[0;32mI (46078) forensics: [HIST] fixture=14 class=steady lower_us=1100 n=14[0m
[0;32mI (46088) forensics: [HIST] fixture=14 class=steady lower_us=1105 n=1[0m
[0;32mI (46088) forensics: [HIST] fixture=14 class=steady lower_us=1110 n=9[0m
[0;32mI (46098) forensics: [HIST] fixture=14 class=steady lower_us=1115 n=3[0m
[0;32mI (46108) forensics: [HIST] fixture=14 class=steady lower_us=1120 n=18[0m
[0;32mI (46118) forensics: [HIST] fixture=14 class=steady lower_us=1125 n=12[0m
[0;32mI (46118) forensics: [HIST] fixture=14 class=steady lower_us=1130 n=11[0m
[0;32mI (46128) forensics: [HIST] fixture=14 class=steady lower_us=1135 n=8[0m
[0;32mI (46138) forensics: [HIST] fixture=14 class=steady lower_us=1140 n=2[0m
[0;32mI (46138) forensics: [HIST] fixture=14 class=steady lower_us=1145 n=2[0m
[0;32mI (46148) forensics: [HIST] fixture=14 class=steady lower_us=1155 n=1[0m
[0;32mI (46158) forensics: [HIST] fixture=14 class=steady lower_us=1160 n=2[0m
[0;32mI (46168) forensics: [HIST] fixture=14 class=steady lower_us=1170 n=1[0m
[0;32mI (46168) forensics: [HIST] fixture=14 class=steady lower_us=1185 n=1[0m
[0;32mI (46178) forensics: [HIST] fixture=14 class=steady lower_us=1195 n=1[0m
[0;32mI (46188) forensics: [HIST] fixture=14 class=steady lower_us=1200 n=1[0m
[0;32mI (46188) forensics: [HIST] fixture=14 class=steady lower_us=1215 n=1[0m
[0;32mI (46198) forensics: [HIST] fixture=14 class=steady lower_us=1350 n=1[0m
[0;32mI (46208) forensics: [CURVE] model=BELL fixture=14 voices=4 class=event n=44 avg_us=1497.63 p95_us=1520 p99_us=1565 p995_us=1565 p999_us=1565 max_us=1561 deadline=0 bad_voices=0 ble_lost=0 hard=0 sat=0 bin_us=5[0m
[0;32mI (46228) forensics: [HIST] fixture=14 class=event lower_us=1440 n=1[0m
[0;32mI (46228) forensics: [HIST] fixture=14 class=event lower_us=1480 n=1[0m
[0;32mI (46238) forensics: [HIST] fixture=14 class=event lower_us=1485 n=12[0m
[0;32mI (46248) forensics: [HIST] fixture=14 class=event lower_us=1490 n=6[0m
[0;32mI (46258) forensics: [HIST] fixture=14 class=event lower_us=1495 n=4[0m
[0;32mI (46258) forensics: [HIST] fixture=14 class=event lower_us=1500 n=8[0m
[0;32mI (46268) forensics: [HIST] fixture=14 class=event lower_us=1505 n=6[0m
[0;32mI (46278) forensics: [HIST] fixture=14 class=event lower_us=1510 n=3[0m
[0;32mI (46278) forensics: [HIST] fixture=14 class=event lower_us=1515 n=1[0m
[0;32mI (46288) forensics: [HIST] fixture=14 class=event lower_us=1535 n=1[0m
[0;32mI (46298) forensics: [HIST] fixture=14 class=event lower_us=1560 n=1[0m
[0;32mI (46308) forensics: [FASTPATH] fixture=14 stable8=0 attack=8[0m
[0;32mI (46338) pocket_pan_main: [AUDIO] model=PAN blocks=17047 avg_us=1649 p99_us=1150 max_us=3575 cpu_load=61.8 deadline=7 timeout=0 tx_error=0 short=0[0m
[0;32mI (46338) pocket_pan_main: [MIDI] push=1 pop=1 drop=0 hwm=1 last=(n=50 v=75 t=78 hex=90324B)[0m
[0;32mI (46348) pocket_pan_main: [BLE] state=8 interval_ms=11.25 latency=0 rssi=-59 reconnects=0 last_disconnect=0[0m
[0;32mI (46358) pocket_pan_main: [MEM] internal_free=121883 largest_internal=31744[0m
[0;32mI (46368) pocket_pan_main: [UIREDRAW] urgent=10 telemetry=42 skip=1412[0m
[0;32mI (51358) pocket_pan_main: [AUDIO] model=PAN blocks=18931 avg_us=1616 p99_us=1900 max_us=3575 cpu_load=60.6 deadline=7 timeout=0 tx_error=0 short=0[0m
[0;32mI (51358) pocket_pan_main: [MIDI] push=1 pop=1 drop=0 hwm=1 last=(n=50 v=75 t=78 hex=90324B)[0m
[0;32mI (51368) pocket_pan_main: [BLE] state=8 interval_ms=11.25 latency=0 rssi=-59 reconnects=0 last_disconnect=0[0m
[0;32mI (51378) pocket_pan_main: [MEM] internal_free=121883 largest_internal=31744[0m
[0;32mI (51388) pocket_pan_main: [UIREDRAW] urgent=10 telemetry=46 skip=1574[0m
[0;32mI (56378) pocket_pan_main: [AUDIO] model=PAN blocks=20813 avg_us=1616 p99_us=1900 max_us=3575 cpu_load=60.6 deadline=7 timeout=0 tx_error=0 short=0[0m
[0;32mI (56378) pocket_pan_main: [MIDI] push=1 pop=1 drop=0 hwm=1 last=(n=50 v=75 t=78 hex=90324B)[0m
[0;32mI (56388) pocket_pan_main: [BLE] state=8 interval_ms=11.25 latency=0 rssi=-58 reconnects=0 last_disconnect=0[0m
[0;32mI (56398) pocket_pan_main: [MEM] internal_free=121883 largest_internal=31744[0m
[0;32mI (56408) pocket_pan_main: [UIREDRAW] urgent=10 telemetry=51 skip=1735[0m
[0;32mI (61398) pocket_pan_main: [AUDIO] model=PAN blocks=22696 avg_us=1626 p99_us=1900 max_us=3575 cpu_load=61.0 deadline=7 timeout=0 tx_error=0 short=0[0m
[0;32mI (61398) pocket_pan_main: [MIDI] push=1 pop=1 drop=0 hwm=1 last=(n=50 v=75 t=78 hex=90324B)[0m
[0;32mI (61408) pocket_pan_main: [BLE] state=8 interval_ms=11.25 latency=0 rssi=-58 reconnects=0 last_disconnect=0[0m
[0;32mI (61418) pocket_pan_main: [MEM] internal_free=121883 largest_internal=31744[0m
[0;32mI (61428) pocket_pan_main: [UIREDRAW] urgent=10 telemetry=56 skip=1896[0m
[0;32mI (66418) pocket_pan_main: [AUDIO] model=PAN blocks=24577 avg_us=1621 p99_us=1900 max_us=3575 cpu_load=60.8 deadline=8 timeout=0 tx_error=0 short=0[0m
[0;32mI (66418) pocket_pan_main: [MIDI] push=1 pop=1 drop=0 hwm=1 last=(n=50 v=75 t=78 hex=90324B)[0m
[0;32mI (66428) pocket_pan_main: [BLE] state=8 interval_ms=11.25 latency=0 rssi=-58 reconnects=0 last_disconnect=0[0m
[0;32mI (66438) pocket_pan_main: [MEM] internal_free=121883 largest_internal=31744[0m
[0;32mI (66448) pocket_pan_main: [UIREDRAW] urgent=10 telemetry=61 skip=2057[0m
[0;32mI (67688) forensics: [CURVE] model=BELL fixture=13 voices=8 class=steady n=8148 avg_us=1616.96 p95_us=1695 p99_us=1760 p995_us=1910 p999_us=1925 max_us=2058 deadline=0 bad_voices=0 ble_lost=0 hard=0 sat=0 bin_us=5[0m
[0;32mI (67698) forensics: [HIST] fixture=13 class=steady lower_us=1590 n=920[0m
[0;32mI (67698) forensics: [HIST] fixture=13 class=steady lower_us=1595 n=1670[0m
[0;32mI (67708) forensics: [HIST] fixture=13 class=steady lower_us=1600 n=1441[0m
[0;32mI (67718) forensics: [HIST] fixture=13 class=steady lower_us=1605 n=983[0m
[0;32mI (67728) forensics: [HIST] fixture=13 class=steady lower_us=1610 n=730[0m
[0;32mI (67728) forensics: [HIST] fixture=13 class=steady lower_us=1615 n=485[0m
[0;32mI (67738) forensics: [HIST] fixture=13 class=steady lower_us=1620 n=385[0m
[0;32mI (67748) forensics: [HIST] fixture=13 class=steady lower_us=1625 n=194[0m
[0;32mI (67758) forensics: [HIST] fixture=13 class=steady lower_us=1630 n=136[0m
[0;32mI (67758) forensics: [HIST] fixture=13 class=steady lower_us=1635 n=113[0m
[0;32mI (67768) forensics: [HIST] fixture=13 class=steady lower_us=1640 n=83[0m
[0;32mI (67778) forensics: [HIST] fixture=13 class=steady lower_us=1645 n=51[0m
[0;32mI (67788) forensics: [HIST] fixture=13 class=steady lower_us=1650 n=37[0m
[0;32mI (67788) forensics: [HIST] fixture=13 class=steady lower_us=1655 n=48[0m
[0;32mI (67798) forensics: [HIST] fixture=13 class=steady lower_us=1660 n=35[0m
[0;32mI (67808) forensics: [HIST] fixture=13 class=steady lower_us=1665 n=49[0m
[0;32mI (67808) forensics: [HIST] fixture=13 class=steady lower_us=1670 n=51[0m
[0;32mI (67818) forensics: [HIST] fixture=13 class=steady lower_us=1675 n=90[0m
[0;32mI (67828) forensics: [HIST] fixture=13 class=steady lower_us=1680 n=136[0m
[0;32mI (67838) forensics: [HIST] fixture=13 class=steady lower_us=1685 n=102[0m
[0;32mI (67838) forensics: [HIST] fixture=13 class=steady lower_us=1690 n=68[0m
[0;32mI (67848) forensics: [HIST] fixture=13 class=steady lower_us=1695 n=67[0m
[0;32mI (67858) forensics: [HIST] fixture=13 class=steady lower_us=1700 n=46[0m
[0;32mI (67858) forensics: [HIST] fixture=13 class=steady lower_us=1705 n=33[0m
[0;32mI (67868) forensics: [HIST] fixture=13 class=steady lower_us=1710 n=25[0m
[0;32mI (67878) forensics: [HIST] fixture=13 class=steady lower_us=1715 n=18[0m
[0;32mI (67888) forensics: [HIST] fixture=13 class=steady lower_us=1720 n=11[0m
[0;32mI (67888) forensics: [HIST] fixture=13 class=steady lower_us=1725 n=11[0m
[0;32mI (67898) forensics: [HIST] fixture=13 class=steady lower_us=1730 n=10[0m
[0;32mI (67908) forensics: [HIST] fixture=13 class=steady lower_us=1735 n=9[0m
[0;32mI (67908) forensics: [HIST] fixture=13 class=steady lower_us=1740 n=11[0m
[0;32mI (67918) forensics: [HIST] fixture=13 class=steady lower_us=1745 n=12[0m
[0;32mI (67928) forensics: [HIST] fixture=13 class=steady lower_us=1750 n=6[0m
[0;32mI (67938) forensics: [HIST] fixture=13 class=steady lower_us=1755 n=7[0m
[0;32mI (67938) forensics: [HIST] fixture=13 class=steady lower_us=1760 n=7[0m
[0;32mI (67948) forensics: [HIST] fixture=13 class=steady lower_us=1765 n=3[0m
[0;32mI (67958) forensics: [HIST] fixture=13 class=steady lower_us=1770 n=6[0m
[0;32mI (67958) forensics: [HIST] fixture=13 class=steady lower_us=1775 n=2[0m
[0;32mI (67968) forensics: [HIST] fixture=13 class=steady lower_us=1780 n=3[0m
[0;32mI (67978) forensics: [HIST] fixture=13 class=steady lower_us=1785 n=1[0m
[0;32mI (67988) forensics: [HIST] fixture=13 class=steady lower_us=1795 n=1[0m
[0;32mI (67988) forensics: [HIST] fixture=13 class=steady lower_us=1800 n=1[0m
[0;32mI (67998) forensics: [HIST] fixture=13 class=steady lower_us=1835 n=1[0m
[0;32mI (68008) forensics: [HIST] fixture=13 class=steady lower_us=1845 n=1[0m
[0;32mI (68008) forensics: [HIST] fixture=13 class=steady lower_us=1860 n=1[0m
[0;32mI (68018) forensics: [HIST] fixture=13 class=steady lower_us=1880 n=1[0m
[0;32mI (68028) forensics: [HIST] fixture=13 class=steady lower_us=1895 n=2[0m
[0;32mI (68038) forensics: [HIST] fixture=13 class=steady lower_us=1900 n=4[0m
[0;32mI (68038) forensics: [HIST] fixture=13 class=steady lower_us=1905 n=17[0m
[0;32mI (68048) forensics: [HIST] fixture=13 class=steady lower_us=1910 n=10[0m
[0;32mI (68058) forensics: [HIST] fixture=13 class=steady lower_us=1915 n=4[0m
[0;32mI (68058) forensics: [HIST] fixture=13 class=steady lower_us=1920 n=2[0m
[0;32mI (68068) forensics: [HIST] fixture=13 class=steady lower_us=1935 n=2[0m
[0;32mI (68078) forensics: [HIST] fixture=13 class=steady lower_us=1950 n=1[0m
[0;32mI (68088) forensics: [HIST] fixture=13 class=steady lower_us=2000 n=1[0m
[0;32mI (68088) forensics: [HIST] fixture=13 class=steady lower_us=2020 n=2[0m
[0;32mI (68098) forensics: [HIST] fixture=13 class=steady lower_us=2045 n=1[0m
[0;32mI (68108) forensics: [HIST] fixture=13 class=steady lower_us=2055 n=1[0m
[0;32mI (68108) forensics: [CURVE] model=BELL fixture=13 voices=8 class=event n=44 avg_us=2498.20 p95_us=2570 p99_us=2705 p995_us=2705 p999_us=2705 max_us=2700 deadline=2 bad_voices=0 ble_lost=0 hard=0 sat=0 bin_us=5[0m
[0;32mI (68128) forensics: [HIST] fixture=13 class=event lower_us=2430 n=1[0m
[0;32mI (68138) forensics: [HIST] fixture=13 class=event lower_us=2465 n=4[0m
[0;32mI (68148) forensics: [HIST] fixture=13 class=event lower_us=2470 n=2[0m
[0;32mI (68158) forensics: [HIST] fixture=13 class=event lower_us=2475 n=4[0m
[0;32mI (68158) forensics: [HIST] fixture=13 class=event lower_us=2480 n=6[0m
[0;32mI (68168) forensics: [HIST] fixture=13 class=event lower_us=2485 n=7[0m
[0;32mI (68178) forensics: [HIST] fixture=13 class=event lower_us=2490 n=6[0m
[0;32mI (68178) forensics: [HIST] fixture=13 class=event lower_us=2495 n=3[0m
[0;32mI (68188) forensics: [HIST] fixture=13 class=event lower_us=2500 n=4[0m
[0;32mI (68198) forensics: [HIST] fixture=13 class=event lower_us=2505 n=1[0m
[0;32mI (68198) forensics: [HIST] fixture=13 class=event lower_us=2515 n=2[0m
[0;32mI (68208) forensics: [HIST] fixture=13 class=event lower_us=2535 n=1[0m
[0;32mI (68218) forensics: [HIST] fixture=13 class=event lower_us=2565 n=1[0m
[0;32mI (68228) forensics: [HIST] fixture=13 class=event lower_us=2695 n=1[0m
[0;32mI (68228) forensics: [HIST] fixture=13 class=event lower_us=2700 n=1[0m
[0;32mI (68238) forensics: [FASTPATH] fixture=13 stable8=0 attack=16[0m
[0;32mI (71428) pocket_pan_main: [AUDIO] model=PAN blocks=26457 avg_us=5 p99_us=1900 max_us=3575 cpu_load=0.2 deadline=9 timeout=0 tx_error=0 short=0[0m
[0;32mI (71428) pocket_pan_main: [MIDI] push=1 pop=1 drop=0 hwm=1 last=(n=50 v=75 t=78 hex=90324B)[0m
[0;32mI (71438) pocket_pan_main: [BLE] state=8 interval_ms=11.25 latency=0 rssi=-84 reconnects=0 last_disconnect=0[0m
[0;32mI (71448) pocket_pan_main: [MEM] internal_free=121883 largest_internal=31744[0m
[0;32mI (71458) pocket_pan_main: [UIREDRAW] urgent=10 telemetry=66 skip=2199[0m
