[0;32mI (122) esp_image: segment 1: paddr=0002f5dc vaddr=3fc9d0ESP-ROM:esp32s3-20210327
Build:Mar 27 2021
rst:0x15 (USB_UART_CHIP_RESET),boot:0x8 (SPI_FAST_FLASH_BOOT)
Saved PC:0x40378eaf
SPIWP:0xee
mode:DIO, clock div:1
load:0x3fce2810,len:0x178c
load:0x403c8700,len:0x4
load:0x403c8704,len:0xcb8
load:0x403cb700,len:0x2db0
entry 0x403c8914
[0;32mI (26) boot: ESP-IDF v5.3-dirty 2nd stage bootloader[0m
[0;32mI (27) boot: compile time Sep 27 2026 22:48:48[0m
[0;32mI (27) boot: Multicore bootloader[0m
[0;32mI (30) boot: chip revision: v0.2[0m
[0;32mI (34) boot.esp32s3: Boot SPI Speed : 80MHz[0m
[0;32mI (39) boot.esp32s3: SPI Mode       : DIO[0m
[0;32mI (43) boot.esp32s3: SPI Flash Size : 4MB[0m
[0;32mI (48) boot: Enabling RNG early entropy source...[0m
[0;32mI (54) boot: Partition Table:[0m
[0;32mI (57) boot: ## Label            Usage          Type ST Offset   Length[0m
[0;32mI (64) boot:  0 nvs              WiFi data        01 02 00009000 00006000[0m
[0;32mI (72) boot:  1 phy_init         RF data          01 01 0000f000 00001000[0m
[0;32mI (79) boot:  2 factory          factory app      00 00 00010000 00100000[0m
[0;32mI (87) boot: End of partition table[0m
[0;32mI (91) esp_image: segment 0: paddr=00010020 vaddr=3c070020 size=1f5b4h (128436) map[0m
[0;32mI (122) esp_image: segment 1: paddr=0002f5dc vaddr=3fc9d000 size=00a3ch (  2620) load[0m
[0;32mI (123) esp_image: segment 2: paddr=00030020 vaddr=42000020 size=6333ch (406332) map[0m
[0;32mI (201) esp_image: segment 3: paddr=00093364 vaddr=3fc9da3c size=03ac4h ( 15044) load[0m
[0;32mI (205) esp_image: segment 4: paddr=00096e30 vaddr=40374000 size=18f94h (102292) load[0m
[0;32mI (239) boot: Loaded app from partition at offset 0x10000[0m
[0;32mI (240) boot: Disabling RNG early entropy source...[0m
[0;32mI (252) esp_psram: Found 2MB PSRAM device[0m
[0;32mI (252) esp_psram: Speed: 40MHz[0m
[0;32mI (252) cpu_start: Multicore app[0m
[0;32mI (672) esp_psram: SPI SRAM memory test OK[0m
[0;32mI (681) cpu_start: Pro cpu start user code[0m
[0;32mI (681) cpu_start: cpu freq: 240000000 Hz[0m
[0;32mI (681) app_init: Application information:[0m
[0;32mI (684) app_init: Project name:     pocket_pan[0m
[0;32mI (689) app_init: App version:      31714d6-dirty[0m
[0;32mI (694) app_init: Compile time:     Sep 27 2026 23:00:36[0m
[0;32mI (700) app_init: ELF file SHA256:  18740c344...[0m
[0;32mI (705) app_init: ESP-IDF:          v5.3-dirty[0m
[0;32mI (711) efuse_init: Min chip rev:     v0.0[0m
[0;32mI (715) efuse_init: Max chip rev:     v0.99 [0m
[0;32mI (720) efuse_init: Chip rev:         v0.2[0m
[0;32mI (725) heap_init: Initializing. RAM available for dynamic allocation:[0m
[0;32mI (732) heap_init: At 3FCC3B18 len 00025BF8 (150 KiB): RAM[0m
[0;32mI (738) heap_init: At 3FCE9710 len 00005724 (21 KiB): RAM[0m
[0;32mI (745) heap_init: At 3FCF0000 len 00008000 (32 KiB): DRAM[0m
[0;32mI (751) heap_init: At 600FE100 len 00001EE8 (7 KiB): RTCRAM[0m
[0;32mI (757) esp_psram: Adding pool of 2048K of PSRAM memory to heap allocator[0m
[0;32mI (765) spi_flash: detected chip: generic[0m
[0;32mI (769) spi_flash: flash io: dio[0m
[0;32mI (773) sleep: Configure to isolate all GPIO pins in sleep state[0m
[0;32mI (780) sleep: Enable automatic switching of GPIO sleep configuration[0m
[0;32mI (787) coexist: coex firmware version: dab85ae96[0m
[0;32mI (792) coexist: coexist rom version e7ae62f[0m
[0;32mI (798) main_task: Started on CPU0[0m
[0;32mI (808) esp_psram: Reserving pool of 32K of internal memory for DMA/internal allocations[0m
[0;32mI (808) main_task: Calling app_main()[0m
[0;32mI (818) pocket_pan_main: ===============================================[0m
[0;32mI (818) pocket_pan_main:   Pocket Pan / Metal Modal Synthesizer v1.0.0[0m
[0;32mI (828) pocket_pan_main:   Hardware: TENSTAR TS-ESP32-S3 (Feather TFT)[0m
[0;32mI (838) pocket_pan_main: ===============================================[0m
[0;32mI (848) pocket_pan_main: [FORENSICS] candidate=25 profile=0 cpu_mhz=240 optimization_perf=1[0m
[0;32mI (858) gpio: GPIO[10]| InputEn: 0| OutputEn: 1| OpenDrain: 0| Pullup: 0| Pulldown: 1| Intr:0 [0m
[0;32mI (868) AudioI2S: I2S TX initialized (48kHz, 32-bit slot, stereo, 6x128 frames DMA = 1024 bytes/buf)[0m
[0;32mI (878) AudioI2S: Audio task started on Core 0 at priority 12[0m
[0;32mI (878) Display: [DISP_MEM_PRE] before: int_free=176339 int_largest=81920 psram_free=2094528[0m
[0;32mI (888) Display: [DISP_MEM] framebuffer=0x3fcd5230 (size=64800, align=0, internal=1, dma=1, psram=0)[0m
[0;32mI (898) Display: [DISP_MEM] scratch=0x3fce4f54 (size=9600, align=4, internal=1, dma=1)[0m
[0;32mI (908) Display: [DISP_MEM] before: int_free=176339 int_largest=81920 psram_free=2094528[0m
[0;32mI (918) Display: [DISP_MEM] after:  int_free=101931 int_largest=31744 psram_free=2094528[0m
[0;32mI (928) gpio: GPIO[39]| InputEn: 0| OutputEn: 1| OpenDrain: 0| Pullup: 0| Pulldown: 0| Intr:0 [0m
[0;32mI (938) gpio: GPIO[40]| InputEn: 0| OutputEn: 1| OpenDrain: 0| Pullup: 0| Pulldown: 0| Intr:0 [0m
[0;32mI (938) gpio: GPIO[21]| InputEn: 0| OutputEn: 1| OpenDrain: 0| Pullup: 0| Pulldown: 0| Intr:0 [0m
[0;32mI (1168) gpio: GPIO[45]| InputEn: 0| OutputEn: 1| OpenDrain: 0| Pullup: 0| Pulldown: 0| Intr:0 [0m
[0;32mI (1168) Display: ST7789 240x135 display initialized successfully (SPI 40MHz, GDMA callback armed)[0m
[0;32mI (1168) Display: [LCDMEAS] Starting transfer benchmark (SPI2 40 MHz)...[0m
[0;32mI (1188) Display: [LCDMEAS] full_frame 240x135 (64800 B): submit=139 us, dma=13107 us[0m
[0;32mI (1248) Display: [LCDMEAS] row_band 240x20 (9600 B): submit=131 us, dma=2041 us[0m
[0;32mI (1298) Display: [LCDMEAS] small_rect 80x16 (2560 B): submit=138 us, dma=638 us[0m
[0;32mI (1298) pocket_pan_main: [CANARY] PreparedNote canaries OK=1[0m
[0;32mI (1298) BLE_INIT: BT controller compile version [ba3b3e3][0m
[0;32mI (1308) BLE_INIT: Bluetooth MAC: b4:3a:45:ae:6f:2a[0m
[0;32mI (1308) phy_init: phy_version 680,a6008b2,Jun  4 2024,16:41:10[0m
[0;33mW (1348) phy_init: saving new calibration data because of checksum failure, mode(0)[0m
[0;32mI (1408) BleMidi: NimBLE Host task running on Core 1[0m
[0;32mI (1408) BleMidi: NimBLE BLE MIDI Central initialized and pinned to Core 1[0m
[0;32mI (1408) pocket_pan_main: Pocket Pan initialization complete. Realtime audio active.[0m
[0;32mI (1408) NimBLE: Failed to restore IRKs from store; status=8
[0m
[0;32mI (1418) NimBLE: GAP procedure initiated: discovery; [0m
[0;32mI (1418) main_task: Returned from app_main()[0m
[0;32mI (1428) NimBLE: own_addr_type=0 filter_policy=0 passive=0 limited=0 filter_duplicates=1 [0m
[0;32mI (1438) NimBLE: duration=forever[0m
[0;32mI (1448) NimBLE: 
[0m
[0;32mI (1448) BleMidi: Scanning for BLE MIDI devices...[0m
[0;32mI (1408) gpio: GPIO[0]| InputEn: 1| OutputEn: 0| OpenDrain: 0| Pullup: 1| Pulldown: 0| Intr:0 [0m
[0;32mI (1528) BleMidi: BLE MIDI device found (59:FB:B6:B7:BF:0F); connecting[0m
[0;32mI (1528) NimBLE: GAP procedure initiated: connect; [0m
[0;32mI (1528) NimBLE: peer_addr_type=0 peer_addr=[0m
[0;32mI (1538) NimBLE: 59:fb:b6:b7:bf:0f[0m
[0;32mI (1538) NimBLE:  scan_itvl=16 scan_window=16 itvl_min=24 itvl_max=40 latency=0 supervision_timeout=256 min_ce_len=0 max_ce_len=0 own_addr_type=0[0m
[0;32mI (1558) NimBLE: 
[0m
[0;32mI (1638) BleMidi: BLE Connected! conn_handle=1[0m
[0;32mI (1638) NimBLE: GAP procedure initiated: [0m
[0;32mI (1638) NimBLE: connection parameter update; conn_handle=1 itvl_min=6 itvl_max=12 latency=0 supervision_timeout=200 min_ce_len=0 max_ce_len=0[0m
[0;32mI (1648) NimBLE: 
[0m
[0;32mI (1648) BleMidi: Requested connection params 7.5-15ms latency=0 timeout=2s rc=0[0m
[0;32mI (1658) NimBLE: GATT procedure initiated: discover all services
[0m
[0;32mI (1958) BleMidi: Found BLE MIDI Service! start_handle=112 end_handle=115[0m
[0;32mI (1958) NimBLE: GATT procedure initiated: discover all characteristics; [0m
[0;32mI (1958) NimBLE: start_handle=112 end_handle=115
[0m
[0;32mI (2058) BleMidi: Found BLE MIDI Characteristic! def_handle=113 val_handle=114 props=0x16[0m
[0;32mI (2058) NimBLE: GATT procedure initiated: discover all descriptors; [0m
[0;32mI (2058) NimBLE: chr_val_handle=114 end_handle=115
[0m
[0;32mI (2158) BleMidi: Discovered CCCD (0x2902) handle=115[0m
[0;32mI (2158) NimBLE: GATT procedure initiated: write; [0m
[0;32mI (2158) NimBLE: att_handle=115 len=2
[0m
[0;32mI (2218) BleMidi: Negotiated params interval=7.50ms latency=0 timeout=2000ms[0m
[0;32mI (2228) BleMidi: CCCD subscription successful; BLE MIDI ready[0m
[0;32mI (2228) NimBLE: GAP procedure initiated: [0m
[0;32mI (2228) NimBLE: connection parameter update; conn_handle=1 itvl_min=6 itvl_max=9 latency=0 supervision_timeout=100 min_ce_len=0 max_ce_len=0[0m
[0;32mI (2248) NimBLE: 
[0m
[0;32mI (2328) BleMidi: Negotiated params interval=11.25ms latency=0 timeout=1000ms[0m
[0;32mI (5818) pocket_pan_main: [AUDIO] model=PAN blocks=1846 avg_us=1638 p99_us=0 max_us=4104 cpu_load=61.4 deadline=1 timeout=0 tx_error=0 short=0[0m
[0;32mI (5818) pocket_pan_main: [MIDI] push=0 pop=0 drop=0 hwm=0 last=(n=62 v=0 t=78 hex=000000)[0m
[0;32mI (5828) pocket_pan_main: [BLE] state=8 interval_ms=11.25 latency=0 rssi=-70 reconnects=0 last_disconnect=0[0m
[0;32mI (5838) pocket_pan_main: [MEM] internal_free=43407 largest_internal=25600[0m
[0;32mI (5848) pocket_pan_main: [UICORR] >1733(tot=53 draw=3 lcd=0 both=10 none=40) >2000(tot=14 draw=2 lcd=0 both=2 none=10)[0m
[0;32mI (5858) pocket_pan_main: [UIMETRIC] arch=1 field_updates=113 total_transfers=118 total_pixels=210200 last_sub_us=398 last_dma_us=798[0m
[0;32mI (5868) pocket_pan_main: [RARESTALL] block=508 dur=4104us voices=0 model=PAN uiDraw=0 lcdDma=0 ble=0 telem=0 midiAge=1495ms[0m
[0;32mI (5888) pocket_pan_main: [RARESTALL] block=518 dur=2076us voices=0 model=PAN uiDraw=0 lcdDma=0 ble=0 telem=0 midiAge=1519ms[0m
[0;32mI (5898) pocket_pan_main: [RARESTALL] block=696 dur=2586us voices=0 model=PAN uiDraw=0 lcdDma=0 ble=0 telem=0 midiAge=1994ms[0m
[0;32mI (5908) pocket_pan_main: [RARESTALL] block=884 dur=2557us voices=0 model=PAN uiDraw=0 lcdDma=0 ble=0 telem=0 midiAge=2496ms[0m
[0;32mI (5918) pocket_pan_main: [UIREDRAW] urgent=8 telemetry=18 skip=118[0m
[0;32mI (10818) pocket_pan_main: [AUDIO] model=PAN blocks=3721 avg_us=1630 p99_us=1950 max_us=4104 cpu_load=61.1 deadline=3 timeout=0 tx_error=0 short=0[0m
[0;32mI (10818) pocket_pan_main: [MIDI] push=0 pop=0 drop=0 hwm=0 last=(n=62 v=0 t=78 hex=000000)[0m
[0;32mI (10828) pocket_pan_main: [BLE] state=8 interval_ms=11.25 latency=0 rssi=-70 reconnects=0 last_disconnect=0[0m
[0;32mI (10838) pocket_pan_main: [MEM] internal_free=43407 largest_internal=25600[0m
[0;32mI (10848) pocket_pan_main: [UICORR] >1733(tot=123 draw=7 lcd=0 both=24 none=92) >2000(tot=33 draw=4 lcd=0 both=7 none=22)[0m
[0;32mI (10858) pocket_pan_main: [UIMETRIC] arch=1 field_updates=227 total_transfers=232 total_pixels=318200 last_sub_us=409 last_dma_us=813[0m
[0;32mI (10868) pocket_pan_main: [RARESTALL] block=508 dur=4104us voices=0 model=PAN uiDraw=0 lcdDma=0 ble=0 telem=0 midiAge=1495ms[0m
[0;32mI (10888) pocket_pan_main: [RARESTALL] block=518 dur=2076us voices=0 model=PAN uiDraw=0 lcdDma=0 ble=0 telem=0 midiAge=1519ms[0m
[0;32mI (10898) pocket_pan_main: [RARESTALL] block=696 dur=2586us voices=0 model=PAN uiDraw=0 lcdDma=0 ble=0 telem=0 midiAge=1994ms[0m
[0;32mI (10908) pocket_pan_main: [RARESTALL] block=884 dur=2557us voices=0 model=PAN uiDraw=0 lcdDma=0 ble=0 telem=0 midiAge=2496ms[0m
[0;32mI (10918) pocket_pan_main: [UIREDRAW] urgent=8 telemetry=42 skip=257[0m
[0;32mI (15818) pocket_pan_main: [AUDIO] model=PAN blocks=5597 avg_us=1643 p99_us=2000 max_us=4104 cpu_load=61.6 deadline=3 timeout=0 tx_error=0 short=0[0m
[0;32mI (15828) pocket_pan_main: [MIDI] push=0 pop=0 drop=0 hwm=0 last=(n=62 v=0 t=78 hex=000000)[0m
[0;32mI (15828) pocket_pan_main: [BLE] state=8 interval_ms=11.25 latency=0 rssi=-68 reconnects=0 last_disconnect=0[0m
[0;32mI (15848) pocket_pan_main: [MEM] internal_free=43407 largest_internal=25600[0m
[0;32mI (15848) pocket_pan_main: [UICORR] >1733(tot=196 draw=8 lcd=0 both=40 none=148) >2000(tot=52 draw=5 lcd=0 both=9 none=38)[0m
[0;32mI (15858) pocket_pan_main: [UIMETRIC] arch=1 field_updates=333 total_transfers=338 total_pixels=418520 last_sub_us=408 last_dma_us=810[0m
[0;32mI (15878) pocket_pan_main: [RARESTALL] block=508 dur=4104us voices=0 model=PAN uiDraw=0 lcdDma=0 ble=0 telem=0 midiAge=1495ms[0m
[0;32mI (15888) pocket_pan_main: [RARESTALL] block=518 dur=2076us voices=0 model=PAN uiDraw=0 lcdDma=0 ble=0 telem=0 midiAge=1519ms[0m
[0;32mI (15898) pocket_pan_main: [RARESTALL] block=696 dur=2586us voices=0 model=PAN uiDraw=0 lcdDma=0 ble=0 telem=0 midiAge=1994ms[0m
[0;32mI (15908) pocket_pan_main: [RARESTALL] block=884 dur=2557us voices=0 model=PAN uiDraw=0 lcdDma=0 ble=0 telem=0 midiAge=2496ms[0m
[0;32mI (15928) pocket_pan_main: [UIREDRAW] urgent=8 telemetry=66 skip=396[0m
[0;32mI (20818) pocket_pan_main: [AUDIO] model=PAN blocks=7471 avg_us=1642 p99_us=1975 max_us=4104 cpu_load=61.6 deadline=4 timeout=0 tx_error=0 short=0[0m
[0;32mI (20818) pocket_pan_main: [MIDI] push=0 pop=0 drop=0 hwm=0 last=(n=62 v=0 t=78 hex=000000)[0m
[0;32mI (20828) pocket_pan_main: [BLE] state=8 interval_ms=11.25 latency=0 rssi=-68 reconnects=0 last_disconnect=0[0m
[0;32mI (20838) pocket_pan_main: [MEM] internal_free=43407 largest_internal=25600[0m
[0;32mI (20848) pocket_pan_main: [UICORR] >1733(tot=262 draw=11 lcd=0 both=54 none=197) >2000(tot=68 draw=5 lcd=0 both=13 none=50)[0m
[0;32mI (20858) pocket_pan_main: [UIMETRIC] arch=1 field_updates=436 total_transfers=441 total_pixels=516020 last_sub_us=336 last_dma_us=739[0m
[0;32mI (20878) pocket_pan_main: [RARESTALL] block=1072 dur=2570us voices=0 model=PAN uiDraw=0 lcdDma=0 ble=0 telem=0 midiAge=2997ms[0m
[0;32mI (20888) pocket_pan_main: [RARESTALL] block=1093 dur=2027us voices=0 model=PAN uiDraw=0 lcdDma=0 ble=0 telem=0 midiAge=3053ms[0m
[0;32mI (20898) pocket_pan_main: [RARESTALL] block=1249 dur=2010us voices=0 model=PAN uiDraw=1 lcdDma=0 ble=0 telem=0 midiAge=3468ms[0m
[0;32mI (20908) pocket_pan_main: [RARESTALL] block=1260 dur=2522us voices=0 model=PAN uiDraw=0 lcdDma=0 ble=0 telem=0 midiAge=3498ms[0m
[0;32mI (20918) pocket_pan_main: [UIREDRAW] urgent=8 telemetry=89 skip=536[0m
[0;32mI (24108) forensics: [CURVE] model=PAN fixture=5 voices=8 class=steady n=8148 avg_us=1634.82 p95_us=1680 p99_us=1915 p995_us=1930 p999_us=1970 max_us=2129 deadline=0 bad_voices=0 ble_lost=0 hard=0 sat=0 bin_us=5[0m
[0;32mI (24118) forensics: [HIST] fixture=5 class=steady lower_us=1610 n=1109[0m
[0;32mI (24118) forensics: [HIST] fixture=5 class=steady lower_us=1615 n=1953[0m
[0;32mI (24128) forensics: [HIST] fixture=5 class=steady lower_us=1620 n=1311[0m
[0;32mI (24138) forensics: [HIST] fixture=5 class=steady lower_us=1625 n=694[0m
[0;32mI (24138) forensics: [HIST] fixture=5 class=steady lower_us=1630 n=662[0m
[0;32mI (24148) forensics: [HIST] fixture=5 class=steady lower_us=1635 n=523[0m
[0;32mI (24158) forensics: [HIST] fixture=5 class=steady lower_us=1640 n=453[0m
[0;32mI (24168) forensics: [HIST] fixture=5 class=steady lower_us=1645 n=354[0m
[0;32mI (24168) forensics: [HIST] fixture=5 class=steady lower_us=1650 n=258[0m
[0;32mI (24178) forensics: [HIST] fixture=5 class=steady lower_us=1655 n=201[0m
[0;32mI (24188) forensics: [HIST] fixture=5 class=steady lower_us=1660 n=105[0m
[0;32mI (24188) forensics: [HIST] fixture=5 class=steady lower_us=1665 n=55[0m
[0;32mI (24198) forensics: [HIST] fixture=5 class=steady lower_us=1670 n=62[0m
[0;32mI (24208) forensics: [HIST] fixture=5 class=steady lower_us=1675 n=52[0m
[0;32mI (24218) forensics: [HIST] fixture=5 class=steady lower_us=1680 n=32[0m
[0;32mI (24218) forensics: [HIST] fixture=5 class=steady lower_us=1685 n=27[0m
[0;32mI (24228) forensics: [HIST] fixture=5 class=steady lower_us=1690 n=21[0m
[0;32mI (24238) forensics: [HIST] fixture=5 class=steady lower_us=1695 n=25[0m
[0;32mI (24238) forensics: [HIST] fixture=5 class=steady lower_us=1700 n=5[0m
[0;32mI (24248) forensics: [HIST] fixture=5 class=steady lower_us=1705 n=10[0m
[0;32mI (24258) forensics: [HIST] fixture=5 class=steady lower_us=1710 n=5[0m
[0;32mI (24268) forensics: [HIST] fixture=5 class=steady lower_us=1715 n=6[0m
[0;32mI (24268) forensics: [HIST] fixture=5 class=steady lower_us=1720 n=8[0m
[0;32mI (24278) forensics: [HIST] fixture=5 class=steady lower_us=1725 n=5[0m
[0;32mI (24288) forensics: [HIST] fixture=5 class=steady lower_us=1730 n=9[0m
[0;32mI (24288) forensics: [HIST] fixture=5 class=steady lower_us=1735 n=2[0m
[0;32mI (24298) forensics: [HIST] fixture=5 class=steady lower_us=1740 n=5[0m
[0;32mI (24308) forensics: [HIST] fixture=5 class=steady lower_us=1745 n=3[0m
[0;32mI (24308) forensics: [HIST] fixture=5 class=steady lower_us=1755 n=1[0m
[0;32mI (24318) forensics: [HIST] fixture=5 class=steady lower_us=1760 n=7[0m
[0;32mI (24328) forensics: [HIST] fixture=5 class=steady lower_us=1765 n=2[0m
[0;32mI (24338) forensics: [HIST] fixture=5 class=steady lower_us=1775 n=5[0m
[0;32mI (24338) forensics: [HIST] fixture=5 class=steady lower_us=1780 n=2[0m
[0;32mI (24348) forensics: [HIST] fixture=5 class=steady lower_us=1785 n=7[0m
[0;32mI (24358) forensics: [HIST] fixture=5 class=steady lower_us=1795 n=3[0m
[0;32mI (24358) forensics: [HIST] fixture=5 class=steady lower_us=1800 n=4[0m
[0;32mI (24368) forensics: [HIST] fixture=5 class=steady lower_us=1805 n=5[0m
[0;32mI (24378) forensics: [HIST] fixture=5 class=steady lower_us=1810 n=5[0m
[0;32mI (24388) forensics: [HIST] fixture=5 class=steady lower_us=1815 n=1[0m
[0;32mI (24388) forensics: [HIST] fixture=5 class=steady lower_us=1825 n=4[0m
[0;32mI (24398) forensics: [HIST] fixture=5 class=steady lower_us=1830 n=6[0m
[0;32mI (24408) forensics: [HIST] fixture=5 class=steady lower_us=1835 n=1[0m
[0;32mI (24408) forensics: [HIST] fixture=5 class=steady lower_us=1840 n=2[0m
[0;32mI (24418) forensics: [HIST] fixture=5 class=steady lower_us=1845 n=2[0m
[0;32mI (24428) forensics: [HIST] fixture=5 class=steady lower_us=1850 n=2[0m
[0;32mI (24428) forensics: [HIST] fixture=5 class=steady lower_us=1860 n=3[0m
[0;32mI (24438) forensics: [HIST] fixture=5 class=steady lower_us=1865 n=4[0m
[0;32mI (24448) forensics: [HIST] fixture=5 class=steady lower_us=1870 n=5[0m
[0;32mI (24458) forensics: [HIST] fixture=5 class=steady lower_us=1875 n=3[0m
[0;32mI (24458) forensics: [HIST] fixture=5 class=steady lower_us=1880 n=5[0m
[0;32mI (24468) forensics: [HIST] fixture=5 class=steady lower_us=1885 n=6[0m
[0;32mI (24478) forensics: [HIST] fixture=5 class=steady lower_us=1890 n=5[0m
[0;32mI (24478) forensics: [HIST] fixture=5 class=steady lower_us=1895 n=6[0m
[0;32mI (24488) forensics: [HIST] fixture=5 class=steady lower_us=1900 n=4[0m
[0;32mI (24498) forensics: [HIST] fixture=5 class=steady lower_us=1905 n=4[0m
[0;32mI (24498) forensics: [HIST] fixture=5 class=steady lower_us=1910 n=14[0m
[0;32mI (24508) forensics: [HIST] fixture=5 class=steady lower_us=1915 n=11[0m
[0;32mI (24518) forensics: [HIST] fixture=5 class=steady lower_us=1920 n=16[0m
[0;32mI (24528) forensics: [HIST] fixture=5 class=steady lower_us=1925 n=11[0m
[0;32mI (24528) forensics: [HIST] fixture=5 class=steady lower_us=1930 n=6[0m
[0;32mI (24538) forensics: [HIST] fixture=5 class=steady lower_us=1935 n=10[0m
[0;32mI (24548) forensics: [HIST] fixture=5 class=steady lower_us=1940 n=7[0m
[0;32mI (24548) forensics: [HIST] fixture=5 class=steady lower_us=1945 n=2[0m
[0;32mI (24558) forensics: [HIST] fixture=5 class=steady lower_us=1950 n=2[0m
[0;32mI (24568) forensics: [HIST] fixture=5 class=steady lower_us=1960 n=1[0m
[0;32mI (24578) forensics: [HIST] fixture=5 class=steady lower_us=1965 n=2[0m
[0;32mI (24578) forensics: [HIST] fixture=5 class=steady lower_us=1970 n=1[0m
[0;32mI (24588) forensics: [HIST] fixture=5 class=steady lower_us=1975 n=1[0m
[0;32mI (24598) forensics: [HIST] fixture=5 class=steady lower_us=1980 n=2[0m
[0;32mI (24598) forensics: [HIST] fixture=5 class=steady lower_us=1995 n=1[0m
[0;32mI (24608) forensics: [HIST] fixture=5 class=steady lower_us=2060 n=1[0m
[0;32mI (24618) forensics: [HIST] fixture=5 class=steady lower_us=2125 n=1[0m
[0;32mI (24618) forensics: [CURVE] model=PAN fixture=5 voices=8 class=event n=44 avg_us=2512.53 p95_us=2575 p99_us=3085 p995_us=3085 p999_us=3085 max_us=3082 deadline=2 bad_voices=0 ble_lost=0 hard=0 sat=0 bin_us=5[0m
[0;32mI (24638) forensics: [HIST] fixture=5 class=event lower_us=2445 n=2[0m
[0;32mI (24648) forensics: [HIST] fixture=5 class=event lower_us=2450 n=1[0m
[0;32mI (24658) forensics: [HIST] fixture=5 class=event lower_us=2460 n=3[0m
[0;32mI (24658) forensics: [HIST] fixture=5 class=event lower_us=2465 n=1[0m
[0;32mI (24668) forensics: [HIST] fixture=5 class=event lower_us=2470 n=2[0m
[0;32mI (24678) forensics: [HIST] fixture=5 class=event lower_us=2475 n=2[0m
[0;32mI (24688) forensics: [HIST] fixture=5 class=event lower_us=2480 n=4[0m
[0;32mI (24688) forensics: [HIST] fixture=5 class=event lower_us=2485 n=4[0m
[0;32mI (24698) forensics: [HIST] fixture=5 class=event lower_us=2490 n=7[0m
[0;32mI (24708) forensics: [HIST] fixture=5 class=event lower_us=2495 n=5[0m
[0;32mI (24708) forensics: [HIST] fixture=5 class=event lower_us=2500 n=2[0m
[0;32mI (24718) forensics: [HIST] fixture=5 class=event lower_us=2505 n=2[0m
[0;32mI (24728) forensics: [HIST] fixture=5 class=event lower_us=2510 n=1[0m
[0;32mI (24728) forensics: [HIST] fixture=5 class=event lower_us=2515 n=1[0m
[0;32mI (24738) forensics: [HIST] fixture=5 class=event lower_us=2520 n=1[0m
[0;32mI (24748) forensics: [HIST] fixture=5 class=event lower_us=2525 n=2[0m
[0;32mI (24758) forensics: [HIST] fixture=5 class=event lower_us=2555 n=1[0m
[0;32mI (24758) forensics: [HIST] fixture=5 class=event lower_us=2570 n=1[0m
[0;32mI (24768) forensics: [HIST] fixture=5 class=event lower_us=2835 n=1[0m
[0;32mI (24778) forensics: [HIST] fixture=5 class=event lower_us=3080 n=1[0m
[0;32mI (24778) forensics: [FASTPATH] fixture=5 stable8=106 attack=16[0m
[0;32mI (25838) pocket_pan_main: [AUDIO] model=PAN blocks=9353 avg_us=977 p99_us=2000 max_us=4104 cpu_load=36.6 deadline=4 timeout=0 tx_error=0 short=0[0m
[0;32mI (25838) pocket_pan_main: [MIDI] push=0 pop=0 drop=0 hwm=0 last=(n=62 v=0 t=78 hex=000000)[0m
[0;32mI (25848) pocket_pan_main: [BLE] state=8 interval_ms=11.25 latency=0 rssi=-68 reconnects=0 last_disconnect=0[0m
[0;32mI (25858) pocket_pan_main: [MEM] internal_free=43407 largest_internal=25600[0m
[0;32mI (25868) pocket_pan_main: [UICORR] >1733(tot=305 draw=13 lcd=0 both=60 none=232) >2000(tot=83 draw=6 lcd=0 both=13 none=64)[0m
[0;32mI (25878) pocket_pan_main: [UIMETRIC] arch=1 field_updates=530 total_transfers=535 total_pixels=605000 last_sub_us=381 last_dma_us=780[0m
[0;32mI (25888) pocket_pan_main: [RARESTALL] block=2214 dur=2016us voices=0 model=PAN uiDraw=1 lcdDma=1 ble=0 telem=0 midiAge=6042ms[0m
[0;32mI (25898) pocket_pan_main: [RARESTALL] block=2388 dur=2564us voices=0 model=PAN uiDraw=0 lcdDma=0 ble=0 telem=0 midiAge=6506ms[0m
[0;32mI (25918) pocket_pan_main: [RARESTALL] block=2576 dur=2535us voices=0 model=PAN uiDraw=0 lcdDma=0 ble=0 telem=0 midiAge=7008ms[0m
[0;32mI (25928) pocket_pan_main: [RARESTALL] block=2607 dur=2049us voices=0 model=PAN uiDraw=1 lcdDma=0 ble=0 telem=0 midiAge=7090ms[0m
[0;32mI (25938) pocket_pan_main: [UIREDRAW] urgent=9 telemetry=109 skip=656[0m
[0;32mI (30838) pocket_pan_main: [AUDIO] model=PAN blocks=11229 avg_us=973 p99_us=1700 max_us=4104 cpu_load=36.5 deadline=4 timeout=0 tx_error=0 short=0[0m
[0;32mI (30838) pocket_pan_main: [MIDI] push=0 pop=0 drop=0 hwm=0 last=(n=62 v=0 t=78 hex=000000)[0m
[0;32mI (30848) pocket_pan_main: [BLE] state=8 interval_ms=11.25 latency=0 rssi=-68 reconnects=0 last_disconnect=0[0m
[0;32mI (30858) pocket_pan_main: [MEM] internal_free=43407 largest_internal=25600[0m
[0;32mI (30868) pocket_pan_main: [UICORR] >1733(tot=305 draw=13 lcd=0 both=60 none=232) >2000(tot=83 draw=6 lcd=0 both=13 none=64)[0m
[0;32mI (30878) pocket_pan_main: [UIMETRIC] arch=1 field_updates=640 total_transfers=645 total_pixels=709160 last_sub_us=357 last_dma_us=758[0m
[0;32mI (30898) pocket_pan_main: [RARESTALL] block=2214 dur=2016us voices=0 model=PAN uiDraw=1 lcdDma=1 ble=0 telem=0 midiAge=6042ms[0m
[0;32mI (30908) pocket_pan_main: [RARESTALL] block=2388 dur=2564us voices=0 model=PAN uiDraw=0 lcdDma=0 ble=0 telem=0 midiAge=6506ms[0m
[0;32mI (30918) pocket_pan_main: [RARESTALL] block=2576 dur=2535us voices=0 model=PAN uiDraw=0 lcdDma=0 ble=0 telem=0 midiAge=7008ms[0m
[0;32mI (30928) pocket_pan_main: [RARESTALL] block=2607 dur=2049us voices=0 model=PAN uiDraw=1 lcdDma=0 ble=0 telem=0 midiAge=7090ms[0m
[0;32mI (30938) pocket_pan_main: [UIREDRAW] urgent=9 telemetry=133 skip=795[0m
[0;32mI (35838) pocket_pan_main: [AUDIO] model=PAN blocks=13104 avg_us=979 p99_us=1300 max_us=4104 cpu_load=36.7 deadline=4 timeout=0 tx_error=0 short=0[0m
[0;32mI (35838) pocket_pan_main: [MIDI] push=0 pop=0 drop=0 hwm=0 last=(n=62 v=0 t=78 hex=000000)[0m
[0;32mI (35848) pocket_pan_main: [BLE] state=8 interval_ms=11.25 latency=0 rssi=-71 reconnects=0 last_disconnect=0[0m
[0;32mI (35858) pocket_pan_main: [MEM] internal_free=43407 largest_internal=25600[0m
[0;32mI (35868) pocket_pan_main: [UICORR] >1733(tot=306 draw=14 lcd=0 both=60 none=232) >2000(tot=84 draw=7 lcd=0 both=13 none=64)[0m
[0;32mI (35878) pocket_pan_main: [UIMETRIC] arch=1 field_updates=749 total_transfers=754 total_pixels=812360 last_sub_us=403 last_dma_us=809[0m
[0;32mI (35898) pocket_pan_main: [RARESTALL] block=2388 dur=2564us voices=0 model=PAN uiDraw=0 lcdDma=0 ble=0 telem=0 midiAge=6506ms[0m
[0;32mI (35908) pocket_pan_main: [RARESTALL] block=2576 dur=2535us voices=0 model=PAN uiDraw=0 lcdDma=0 ble=0 telem=0 midiAge=7008ms[0m
[0;32mI (35918) pocket_pan_main: [RARESTALL] block=2607 dur=2049us voices=0 model=PAN uiDraw=1 lcdDma=0 ble=0 telem=0 midiAge=7090ms[0m
[0;32mI (35928) pocket_pan_main: [RARESTALL] block=2687 dur=2028us voices=0 model=PAN uiDraw=0 lcdDma=0 ble=0 telem=0 midiAge=7303ms[0m
[0;32mI (35938) pocket_pan_main: [UIREDRAW] urgent=9 telemetry=157 skip=934[0m
[0;32mI (40838) pocket_pan_main: [AUDIO] model=PAN blocks=14979 avg_us=958 p99_us=1300 max_us=4104 cpu_load=35.9 deadline=4 timeout=0 tx_error=0 short=0[0m
[0;32mI (40838) pocket_pan_main: [MIDI] push=0 pop=0 drop=0 hwm=0 last=(n=62 v=0 t=78 hex=000000)[0m
[0;32mI (40848) pocket_pan_main: [BLE] state=8 interval_ms=11.25 latency=0 rssi=-69 reconnects=0 last_disconnect=0[0m
[0;32mI (40858) pocket_pan_main: [MEM] internal_free=43407 largest_internal=25600[0m
[0;32mI (40868) pocket_pan_main: [UICORR] >1733(tot=306 draw=14 lcd=0 both=60 none=232) >2000(tot=84 draw=7 lcd=0 both=13 none=64)[0m
[0;32mI (40878) pocket_pan_main: [UIMETRIC] arch=1 field_updates=856 total_transfers=861 total_pixels=913700 last_sub_us=400 last_dma_us=800[0m
[0;32mI (40898) pocket_pan_main: [RARESTALL] block=2388 dur=2564us voices=0 model=PAN uiDraw=0 lcdDma=0 ble=0 telem=0 midiAge=6506ms[0m
[0;32mI (40908) pocket_pan_main: [RARESTALL] block=2576 dur=2535us voices=0 model=PAN uiDraw=0 lcdDma=0 ble=0 telem=0 midiAge=7008ms[0m
[0;32mI (40918) pocket_pan_main: [RARESTALL] block=2607 dur=2049us voices=0 model=PAN uiDraw=1 lcdDma=0 ble=0 telem=0 midiAge=7090ms[0m
[0;32mI (40928) pocket_pan_main: [RARESTALL] block=2687 dur=2028us voices=0 model=PAN uiDraw=0 lcdDma=0 ble=0 telem=0 midiAge=7303ms[0m
[0;32mI (40938) pocket_pan_main: [UIREDRAW] urgent=9 telemetry=180 skip=1074[0m
[0;32mI (45838) pocket_pan_main: [AUDIO] model=PAN blocks=16854 avg_us=972 p99_us=1300 max_us=4104 cpu_load=36.4 deadline=4 timeout=0 tx_error=0 short=0[0m
[0;32mI (45838) pocket_pan_main: [MIDI] push=0 pop=0 drop=0 hwm=0 last=(n=62 v=0 t=78 hex=000000)[0m
[0;32mI (45848) pocket_pan_main: [BLE] state=8 interval_ms=11.25 latency=0 rssi=-68 reconnects=0 last_disconnect=0[0m
[0;32mI (45858) pocket_pan_main: [MEM] internal_free=43407 largest_internal=25600[0m
[0;32mI (45868) pocket_pan_main: [UICORR] >1733(tot=306 draw=14 lcd=0 both=60 none=232) >2000(tot=84 draw=7 lcd=0 both=13 none=64)[0m
[0;32mI (45878) pocket_pan_main: [UIMETRIC] arch=1 field_updates=964 total_transfers=969 total_pixels=1015940 last_sub_us=427 last_dma_us=827[0m
[0;32mI (45898) pocket_pan_main: [RARESTALL] block=2388 dur=2564us voices=0 model=PAN uiDraw=0 lcdDma=0 ble=0 telem=0 midiAge=6506ms[0m
[0;32mI (45908) pocket_pan_main: [RARESTALL] block=2576 dur=2535us voices=0 model=PAN uiDraw=0 lcdDma=0 ble=0 telem=0 midiAge=7008ms[0m
[0;32mI (45918) pocket_pan_main: [RARESTALL] block=2607 dur=2049us voices=0 model=PAN uiDraw=1 lcdDma=0 ble=0 telem=0 midiAge=7090ms[0m
[0;32mI (45928) pocket_pan_main: [RARESTALL] block=2687 dur=2028us voices=0 model=PAN uiDraw=0 lcdDma=0 ble=0 telem=0 midiAge=7303ms[0m
[0;32mI (45938) pocket_pan_main: [UIREDRAW] urgent=9 telemetry=204 skip=1213[0m
[0;32mI (45978) forensics: [CURVE] model=BELL fixture=14 voices=4 class=steady n=8148 avg_us=961.28 p95_us=1000 p99_us=1200 p995_us=1225 p999_us=1260 max_us=1288 deadline=0 bad_voices=0 ble_lost=0 hard=0 sat=0 bin_us=5[0m
[0;32mI (45988) forensics: [HIST] fixture=14 class=steady lower_us=940 n=997[0m
[0;32mI (45988) forensics: [HIST] fixture=14 class=steady lower_us=945 n=1992[0m
[0;32mI (45998) forensics: [HIST] fixture=14 class=steady lower_us=950 n=1769[0m
[0;32mI (46008) forensics: [HIST] fixture=14 class=steady lower_us=955 n=780[0m
[0;32mI (46008) forensics: [HIST] fixture=14 class=steady lower_us=960 n=494[0m
[0;32mI (46018) forensics: [HIST] fixture=14 class=steady lower_us=965 n=486[0m
[0;32mI (46028) forensics: [HIST] fixture=14 class=steady lower_us=970 n=327[0m
[0;32mI (46038) forensics: [HIST] fixture=14 class=steady lower_us=975 n=306[0m
[0;32mI (46038) forensics: [HIST] fixture=14 class=steady lower_us=980 n=274[0m
[0;32mI (46048) forensics: [HIST] fixture=14 class=steady lower_us=985 n=198[0m
[0;32mI (46058) forensics: [HIST] fixture=14 class=steady lower_us=990 n=104[0m
[0;32mI (46058) forensics: [HIST] fixture=14 class=steady lower_us=995 n=66[0m
[0;32mI (46068) forensics: [HIST] fixture=14 class=steady lower_us=1000 n=48[0m
[0;32mI (46078) forensics: [HIST] fixture=14 class=steady lower_us=1005 n=39[0m
[0;32mI (46088) forensics: [HIST] fixture=14 class=steady lower_us=1010 n=21[0m
[0;32mI (46088) forensics: [HIST] fixture=14 class=steady lower_us=1015 n=13[0m
[0;32mI (46098) forensics: [HIST] fixture=14 class=steady lower_us=1020 n=10[0m
[0;32mI (46108) forensics: [HIST] fixture=14 class=steady lower_us=1025 n=5[0m
[0;32mI (46108) forensics: [HIST] fixture=14 class=steady lower_us=1030 n=8[0m
[0;32mI (46118) forensics: [HIST] fixture=14 class=steady lower_us=1035 n=4[0m
[0;32mI (46128) forensics: [HIST] fixture=14 class=steady lower_us=1040 n=2[0m
[0;32mI (46138) forensics: [HIST] fixture=14 class=steady lower_us=1045 n=5[0m
[0;32mI (46138) forensics: [HIST] fixture=14 class=steady lower_us=1050 n=3[0m
[0;32mI (46148) forensics: [HIST] fixture=14 class=steady lower_us=1055 n=5[0m
[0;32mI (46158) forensics: [HIST] fixture=14 class=steady lower_us=1060 n=4[0m
[0;32mI (46158) forensics: [HIST] fixture=14 class=steady lower_us=1065 n=5[0m
[0;32mI (46168) forensics: [HIST] fixture=14 class=steady lower_us=1070 n=2[0m
[0;32mI (46178) forensics: [HIST] fixture=14 class=steady lower_us=1075 n=6[0m
[0;32mI (46188) forensics: [HIST] fixture=14 class=steady lower_us=1080 n=3[0m
[0;32mI (46188) forensics: [HIST] fixture=14 class=steady lower_us=1085 n=1[0m
[0;32mI (46198) forensics: [HIST] fixture=14 class=steady lower_us=1090 n=1[0m
[0;32mI (46208) forensics: [HIST] fixture=14 class=steady lower_us=1095 n=1[0m
[0;32mI (46208) forensics: [HIST] fixture=14 class=steady lower_us=1100 n=1[0m
[0;32mI (46218) forensics: [HIST] fixture=14 class=steady lower_us=1105 n=4[0m
[0;32mI (46228) forensics: [HIST] fixture=14 class=steady lower_us=1110 n=2[0m
[0;32mI (46238) forensics: [HIST] fixture=14 class=steady lower_us=1115 n=8[0m
[0;32mI (46238) forensics: [HIST] fixture=14 class=steady lower_us=1120 n=7[0m
[0;32mI (46248) forensics: [HIST] fixture=14 class=steady lower_us=1125 n=6[0m
[0;32mI (46258) forensics: [HIST] fixture=14 class=steady lower_us=1130 n=11[0m
[0;32mI (46258) forensics: [HIST] fixture=14 class=steady lower_us=1135 n=8[0m
[0;32mI (46268) forensics: [HIST] fixture=14 class=steady lower_us=1140 n=13[0m
[0;32mI (46278) forensics: [HIST] fixture=14 class=steady lower_us=1145 n=7[0m
[0;32mI (46288) forensics: [HIST] fixture=14 class=steady lower_us=1150 n=2[0m
[0;32mI (46288) forensics: [HIST] fixture=14 class=steady lower_us=1155 n=1[0m
[0;32mI (46298) forensics: [HIST] fixture=14 class=steady lower_us=1160 n=3[0m
[0;32mI (46308) forensics: [HIST] fixture=14 class=steady lower_us=1165 n=3[0m
[0;32mI (46308) forensics: [HIST] fixture=14 class=steady lower_us=1175 n=3[0m
[0;32mI (46318) forensics: [HIST] fixture=14 class=steady lower_us=1185 n=4[0m
[0;32mI (46328) forensics: [HIST] fixture=14 class=steady lower_us=1190 n=2[0m
[0;32mI (46338) forensics: [HIST] fixture=14 class=steady lower_us=1195 n=8[0m
[0;32mI (46338) forensics: [HIST] fixture=14 class=steady lower_us=1200 n=7[0m
[0;32mI (46348) forensics: [HIST] fixture=14 class=steady lower_us=1205 n=11[0m
[0;32mI (46358) forensics: [HIST] fixture=14 class=steady lower_us=1210 n=5[0m
[0;32mI (46358) forensics: [HIST] fixture=14 class=steady lower_us=1215 n=9[0m
[0;32mI (46368) forensics: [HIST] fixture=14 class=steady lower_us=1220 n=11[0m
[0;32mI (46378) forensics: [HIST] fixture=14 class=steady lower_us=1225 n=8[0m
[0;32mI (46388) forensics: [HIST] fixture=14 class=steady lower_us=1230 n=5[0m
[0;32mI (46388) forensics: [HIST] fixture=14 class=steady lower_us=1235 n=6[0m
[0;32mI (46398) forensics: [HIST] fixture=14 class=steady lower_us=1240 n=3[0m
[0;32mI (46408) forensics: [HIST] fixture=14 class=steady lower_us=1245 n=2[0m
[0;32mI (46408) forensics: [HIST] fixture=14 class=steady lower_us=1255 n=1[0m
[0;32mI (46418) forensics: [HIST] fixture=14 class=steady lower_us=1260 n=2[0m
[0;32mI (46428) forensics: [HIST] fixture=14 class=steady lower_us=1265 n=2[0m
[0;32mI (46438) forensics: [HIST] fixture=14 class=steady lower_us=1275 n=2[0m
[0;32mI (46438) forensics: [HIST] fixture=14 class=steady lower_us=1285 n=2[0m
[0;32mI (46448) forensics: [CURVE] model=BELL fixture=14 voices=4 class=event n=44 avg_us=1535.29 p95_us=1575 p99_us=2060 p995_us=2060 p999_us=2060 max_us=2057 deadline=0 bad_voices=0 ble_lost=0 hard=0 sat=0 bin_us=5[0m
[0;32mI (46468) forensics: [HIST] fixture=14 class=event lower_us=1470 n=1[0m
[0;32mI (46478) forensics: [HIST] fixture=14 class=event lower_us=1490 n=2[0m
[0;32mI (46478) forensics: [HIST] fixture=14 class=event lower_us=1495 n=3[0m
[0;32mI (46488) forensics: [HIST] fixture=14 class=event lower_us=1500 n=3[0m
[0;32mI (46498) forensics: [HIST] fixture=14 class=event lower_us=1505 n=2[0m
[0;32mI (46498) forensics: [HIST] fixture=14 class=event lower_us=1510 n=5[0m
[0;32mI (46508) forensics: [HIST] fixture=14 class=event lower_us=1515 n=3[0m
[0;32mI (46518) forensics: [HIST] fixture=14 class=event lower_us=1520 n=5[0m
[0;32mI (46528) forensics: [HIST] fixture=14 class=event lower_us=1525 n=3[0m
[0;32mI (46528) forensics: [HIST] fixture=14 class=event lower_us=1530 n=6[0m
[0;32mI (46538) forensics: [HIST] fixture=14 class=event lower_us=1535 n=1[0m
[0;32mI (46548) forensics: [HIST] fixture=14 class=event lower_us=1540 n=2[0m
[0;32mI (46548) forensics: [HIST] fixture=14 class=event lower_us=1545 n=2[0m
[0;32mI (46558) forensics: [HIST] fixture=14 class=event lower_us=1550 n=1[0m
[0;32mI (46568) forensics: [HIST] fixture=14 class=event lower_us=1555 n=1[0m
[0;32mI (46568) forensics: [HIST] fixture=14 class=event lower_us=1570 n=2[0m
[0;32mI (46578) forensics: [HIST] fixture=14 class=event lower_us=1600 n=1[0m
[0;32mI (46588) forensics: [HIST] fixture=14 class=event lower_us=2055 n=1[0m
[0;32mI (46598) forensics: [FASTPATH] fixture=14 stable8=0 attack=8[0m
[0;32mI (50838) pocket_pan_main: [AUDIO] model=PAN blocks=18728 avg_us=1624 p99_us=1975 max_us=4104 cpu_load=60.9 deadline=6 timeout=0 tx_error=0 short=0[0m
[0;32mI (50838) pocket_pan_main: [MIDI] push=0 pop=0 drop=0 hwm=0 last=(n=62 v=0 t=78 hex=000000)[0m
[0;32mI (50848) pocket_pan_main: [BLE] state=8 interval_ms=11.25 latency=0 rssi=-68 reconnects=0 last_disconnect=0[0m
[0;32mI (50858) pocket_pan_main: [MEM] internal_free=43407 largest_internal=25600[0m
[0;32mI (50868) pocket_pan_main: [UICORR] >1733(tot=364 draw=18 lcd=0 both=73 none=273) >2000(tot=101 draw=7 lcd=0 both=17 none=77)[0m
[0;32mI (50878) pocket_pan_main: [UIMETRIC] arch=1 field_updates=1062 total_transfers=1067 total_pixels=1108700 last_sub_us=400 last_dma_us=800[0m
[0;32mI (50888) pocket_pan_main: [RARESTALL] block=4268 dur=2502us voices=0 model=PAN uiDraw=0 lcdDma=0 ble=0 telem=0 midiAge=11520ms[0m
[0;32mI (50908) pocket_pan_main: [RARESTALL] block=4269 dur=2022us voices=0 model=PAN uiDraw=0 lcdDma=0 ble=0 telem=0 midiAge=11522ms[0m
[0;32mI (50918) pocket_pan_main: [RARESTALL] block=4337 dur=2043us voices=0 model=PAN uiDraw=0 lcdDma=0 ble=0 telem=0 midiAge=11703ms[0m
[0;32mI (50928) pocket_pan_main: [RARESTALL] block=4456 dur=2550us voices=0 model=PAN uiDraw=0 lcdDma=0 ble=0 telem=0 midiAge=12021ms[0m
[0;32mI (50938) pocket_pan_main: [UIREDRAW] urgent=10 telemetry=225 skip=1333[0m
[0;32mI (55838) pocket_pan_main: [AUDIO] model=PAN blocks=20604 avg_us=1630 p99_us=1950 max_us=4104 cpu_load=61.1 deadline=6 timeout=0 tx_error=0 short=0[0m
[0;32mI (55838) pocket_pan_main: [MIDI] push=0 pop=0 drop=0 hwm=0 last=(n=62 v=0 t=78 hex=000000)[0m
[0;32mI (55848) pocket_pan_main: [BLE] state=8 interval_ms=11.25 latency=0 rssi=-71 reconnects=0 last_disconnect=0[0m
[0;32mI (55858) pocket_pan_main: [MEM] internal_free=43407 largest_internal=25600[0m
[0;32mI (55868) pocket_pan_main: [UICORR] >1733(tot=425 draw=23 lcd=0 both=86 none=316) >2000(tot=116 draw=7 lcd=0 both=19 none=90)[0m
[0;32mI (55878) pocket_pan_main: [UIMETRIC] arch=1 field_updates=1158 total_transfers=1163 total_pixels=1199480 last_sub_us=399 last_dma_us=799[0m
[0;32mI (55898) pocket_pan_main: [RARESTALL] block=5772 dur=2581us voices=0 model=PAN uiDraw=0 lcdDma=0 ble=0 telem=0 midiAge=15530ms[0m
[0;32mI (55908) pocket_pan_main: [RARESTALL] block=5960 dur=2545us voices=0 model=PAN uiDraw=0 lcdDma=0 ble=0 telem=0 midiAge=16032ms[0m
[0;32mI (55918) pocket_pan_main: [RARESTALL] block=6143 dur=2078us voices=0 model=PAN uiDraw=0 lcdDma=0 ble=0 telem=0 midiAge=16519ms[0m
[0;32mI (55928) pocket_pan_main: [RARESTALL] block=6148 dur=2505us voices=0 model=PAN uiDraw=0 lcdDma=0 ble=0 telem=0 midiAge=16533ms[0m
[0;32mI (55938) pocket_pan_main: [UIREDRAW] urgent=10 telemetry=248 skip=1473[0m
[0;32mI (60838) pocket_pan_main: [AUDIO] model=PAN blocks=22477 avg_us=1643 p99_us=1950 max_us=4104 cpu_load=61.6 deadline=6 timeout=0 tx_error=0 short=0[0m
[0;32mI (60838) pocket_pan_main: [MIDI] push=0 pop=0 drop=0 hwm=0 last=(n=62 v=0 t=78 hex=000000)[0m
[0;32mI (60848) pocket_pan_main: [BLE] state=8 interval_ms=11.25 latency=0 rssi=-68 reconnects=0 last_disconnect=0[0m
[0;32mI (60858) pocket_pan_main: [MEM] internal_free=43407 largest_internal=25600[0m
[0;32mI (60868) pocket_pan_main: [UICORR] >1733(tot=484 draw=25 lcd=0 both=101 none=358) >2000(tot=133 draw=8 lcd=0 both=22 none=103)[0m
[0;32mI (60878) pocket_pan_main: [UIMETRIC] arch=1 field_updates=1263 total_transfers=1268 total_pixels=1298840 last_sub_us=411 last_dma_us=812[0m
[0;32mI (60888) pocket_pan_main: [RARESTALL] block=7652 dur=2546us voices=0 model=PAN uiDraw=0 lcdDma=0 ble=0 telem=0 midiAge=20544ms[0m
[0;32mI (60898) pocket_pan_main: [RARESTALL] block=7682 dur=2010us voices=0 model=PAN uiDraw=0 lcdDma=0 ble=0 telem=0 midiAge=20623ms[0m
[0;32mI (60918) pocket_pan_main: [RARESTALL] block=7759 dur=2088us voices=0 model=PAN uiDraw=0 lcdDma=0 ble=0 telem=0 midiAge=20829ms[0m
[0;32mI (60928) pocket_pan_main: [RARESTALL] block=7839 dur=2062us voices=0 model=PAN uiDraw=0 lcdDma=0 ble=0 telem=0 midiAge=21042ms[0m
[0;32mI (60938) pocket_pan_main: [UIREDRAW] urgent=10 telemetry=272 skip=1612[0m
[0;32mI (65838) pocket_pan_main: [AUDIO] model=PAN blocks=24355 avg_us=1636 p99_us=1950 max_us=4104 cpu_load=61.3 deadline=7 timeout=0 tx_error=0 short=0[0m
[0;32mI (65848) pocket_pan_main: [MIDI] push=0 pop=0 drop=0 hwm=0 last=(n=62 v=0 t=78 hex=000000)[0m
[0;32mI (65848) pocket_pan_main: [BLE] state=8 interval_ms=11.25 latency=0 rssi=-71 reconnects=0 last_disconnect=0[0m
[0;32mI (65868) pocket_pan_main: [MEM] internal_free=43407 largest_internal=25600[0m
[0;32mI (65868) pocket_pan_main: [UICORR] >1733(tot=543 draw=33 lcd=0 both=110 none=400) >2000(tot=149 draw=10 lcd=0 both=23 none=116)[0m
[0;32mI (65888) pocket_pan_main: [UIMETRIC] arch=1 field_updates=1369 total_transfers=1374 total_pixels=1399160 last_sub_us=386 last_dma_us=797[0m
[0;32mI (65898) pocket_pan_main: [RARESTALL] block=16893 dur=2010us voices=0 model=PAN uiDraw=0 lcdDma=0 ble=0 telem=0 midiAge=45187ms[0m
[0;32mI (65908) pocket_pan_main: [RARESTALL] block=17080 dur=2714us voices=0 model=PAN uiDraw=0 lcdDma=0 ble=0 telem=0 midiAge=45685ms[0m
[0;32mI (65918) pocket_pan_main: [RARESTALL] block=17154 dur=2010us voices=0 model=PAN uiDraw=1 lcdDma=1 ble=0 telem=0 midiAge=45882ms[0m
[0;32mI (65928) pocket_pan_main: [RARESTALL] block=17233 dur=2019us voices=0 model=PAN uiDraw=1 lcdDma=0 ble=0 telem=0 midiAge=46092ms[0m
[0;32mI (65948) pocket_pan_main: [UIREDRAW] urgent=10 telemetry=296 skip=1751[0m
[0;32mI (67808) forensics: [CURVE] model=BELL fixture=13 voices=8 class=steady n=8148 avg_us=1614.99 p95_us=1650 p99_us=1900 p995_us=1920 p999_us=1950 max_us=2100 deadline=0 bad_voices=0 ble_lost=0 hard=0 sat=0 bin_us=5[0m
[0;32mI (67818) forensics: [HIST] fixture=13 class=steady lower_us=1590 n=871[0m
[0;32mI (67828) forensics: [HIST] fixture=13 class=steady lower_us=1595 n=1740[0m
[0;32mI (67828) forensics: [HIST] fixture=13 class=steady lower_us=1600 n=1469[0m
[0;32mI (67838) forensics: [HIST] fixture=13 class=steady lower_us=1605 n=850[0m
[0;32mI (67848) forensics: [HIST] fixture=13 class=steady lower_us=1610 n=793[0m
[0;32mI (67858) forensics: [HIST] fixture=13 class=steady lower_us=1615 n=565[0m
[0;32mI (67858) forensics: [HIST] fixture=13 class=steady lower_us=1620 n=445[0m
[0;32mI (67868) forensics: [HIST] fixture=13 class=steady lower_us=1625 n=381[0m
[0;32mI (67878) forensics: [HIST] fixture=13 class=steady lower_us=1630 n=234[0m
[0;32mI (67888) forensics: [HIST] fixture=13 class=steady lower_us=1635 n=200[0m
[0;32mI (67888) forensics: [HIST] fixture=13 class=steady lower_us=1640 n=116[0m
[0;32mI (67898) forensics: [HIST] fixture=13 class=steady lower_us=1645 n=88[0m
[0;32mI (67908) forensics: [HIST] fixture=13 class=steady lower_us=1650 n=56[0m
[0;32mI (67908) forensics: [HIST] fixture=13 class=steady lower_us=1655 n=43[0m
[0;32mI (67918) forensics: [HIST] fixture=13 class=steady lower_us=1660 n=28[0m
[0;32mI (67928) forensics: [HIST] fixture=13 class=steady lower_us=1665 n=18[0m
[0;32mI (67938) forensics: [HIST] fixture=13 class=steady lower_us=1670 n=12[0m
[0;32mI (67938) forensics: [HIST] fixture=13 class=steady lower_us=1675 n=8[0m
[0;32mI (67948) forensics: [HIST] fixture=13 class=steady lower_us=1680 n=9[0m
[0;32mI (67958) forensics: [HIST] fixture=13 class=steady lower_us=1685 n=9[0m
[0;32mI (67958) forensics: [HIST] fixture=13 class=steady lower_us=1690 n=4[0m
[0;32mI (67968) forensics: [HIST] fixture=13 class=steady lower_us=1695 n=5[0m
[0;32mI (67978) forensics: [HIST] fixture=13 class=steady lower_us=1700 n=4[0m
[0;32mI (67988) forensics: [HIST] fixture=13 class=steady lower_us=1705 n=2[0m
[0;32mI (67988) forensics: [HIST] fixture=13 class=steady lower_us=1710 n=4[0m
[0;32mI (67998) forensics: [HIST] fixture=13 class=steady lower_us=1715 n=3[0m
[0;32mI (68008) forensics: [HIST] fixture=13 class=steady lower_us=1720 n=4[0m
[0;32mI (68008) forensics: [HIST] fixture=13 class=steady lower_us=1725 n=3[0m
[0;32mI (68018) forensics: [HIST] fixture=13 class=steady lower_us=1730 n=2[0m
[0;32mI (68028) forensics: [HIST] fixture=13 class=steady lower_us=1735 n=4[0m
[0;32mI (68038) forensics: [HIST] fixture=13 class=steady lower_us=1740 n=2[0m
[0;32mI (68038) forensics: [HIST] fixture=13 class=steady lower_us=1745 n=2[0m
[0;32mI (68048) forensics: [HIST] fixture=13 class=steady lower_us=1750 n=3[0m
[0;32mI (68058) forensics: [HIST] fixture=13 class=steady lower_us=1755 n=1[0m
[0;32mI (68058) forensics: [HIST] fixture=13 class=steady lower_us=1760 n=1[0m
[0;32mI (68068) forensics: [HIST] fixture=13 class=steady lower_us=1765 n=2[0m
[0;32mI (68078) forensics: [HIST] fixture=13 class=steady lower_us=1770 n=2[0m
[0;32mI (68088) forensics: [HIST] fixture=13 class=steady lower_us=1775 n=1[0m
[0;32mI (68088) forensics: [HIST] fixture=13 class=steady lower_us=1780 n=4[0m
[0;32mI (68098) forensics: [HIST] fixture=13 class=steady lower_us=1795 n=3[0m
[0;32mI (68108) forensics: [HIST] fixture=13 class=steady lower_us=1800 n=2[0m
[0;32mI (68108) forensics: [HIST] fixture=13 class=steady lower_us=1805 n=1[0m
[0;32mI (68118) forensics: [HIST] fixture=13 class=steady lower_us=1815 n=4[0m
[0;32mI (68128) forensics: [HIST] fixture=13 class=steady lower_us=1820 n=5[0m
[0;32mI (68138) forensics: [HIST] fixture=13 class=steady lower_us=1825 n=4[0m
[0;32mI (68138) forensics: [HIST] fixture=13 class=steady lower_us=1830 n=3[0m
[0;32mI (68148) forensics: [HIST] fixture=13 class=steady lower_us=1835 n=2[0m
[0;32mI (68158) forensics: [HIST] fixture=13 class=steady lower_us=1840 n=2[0m
[0;32mI (68158) forensics: [HIST] fixture=13 class=steady lower_us=1845 n=2[0m
[0;32mI (68168) forensics: [HIST] fixture=13 class=steady lower_us=1855 n=3[0m
[0;32mI (68178) forensics: [HIST] fixture=13 class=steady lower_us=1860 n=2[0m
[0;32mI (68178) forensics: [HIST] fixture=13 class=steady lower_us=1865 n=4[0m
[0;32mI (68188) forensics: [HIST] fixture=13 class=steady lower_us=1870 n=6[0m
[0;32mI (68198) forensics: [HIST] fixture=13 class=steady lower_us=1875 n=8[0m
[0;32mI (68208) forensics: [HIST] fixture=13 class=steady lower_us=1880 n=8[0m
[0;32mI (68208) forensics: [HIST] fixture=13 class=steady lower_us=1885 n=8[0m
[0;32mI (68218) forensics: [HIST] fixture=13 class=steady lower_us=1890 n=10[0m
[0;32mI (68228) forensics: [HIST] fixture=13 class=steady lower_us=1895 n=4[0m
[0;32mI (68228) forensics: [HIST] fixture=13 class=steady lower_us=1900 n=8[0m
[0;32mI (68238) forensics: [HIST] fixture=13 class=steady lower_us=1905 n=11[0m
[0;32mI (68248) forensics: [HIST] fixture=13 class=steady lower_us=1910 n=16[0m
[0;32mI (68258) forensics: [HIST] fixture=13 class=steady lower_us=1915 n=12[0m
[0;32mI (68258) forensics: [HIST] fixture=13 class=steady lower_us=1920 n=8[0m
[0;32mI (68268) forensics: [HIST] fixture=13 class=steady lower_us=1925 n=5[0m
[0;32mI (68278) forensics: [HIST] fixture=13 class=steady lower_us=1930 n=4[0m
[0;32mI (68278) forensics: [HIST] fixture=13 class=steady lower_us=1935 n=3[0m
[0;32mI (68288) forensics: [HIST] fixture=13 class=steady lower_us=1940 n=3[0m
[0;32mI (68298) forensics: [HIST] fixture=13 class=steady lower_us=1945 n=2[0m
[0;32mI (68308) forensics: [HIST] fixture=13 class=steady lower_us=1955 n=1[0m
[0;32mI (68308) forensics: [HIST] fixture=13 class=steady lower_us=1970 n=3[0m
[0;32mI (68318) forensics: [HIST] fixture=13 class=steady lower_us=1975 n=1[0m
[0;32mI (68328) forensics: [HIST] fixture=13 class=steady lower_us=2055 n=1[0m
[0;32mI (68328) forensics: [HIST] fixture=13 class=steady lower_us=2100 n=1[0m
[0;32mI (68338) forensics: [CURVE] model=BELL fixture=13 voices=8 class=event n=44 avg_us=2522.07 p95_us=2615 p99_us=2645 p995_us=2645 p999_us=2645 max_us=2643 deadline=0 bad_voices=0 ble_lost=0 hard=0 sat=0 bin_us=5[0m
[0;32mI (68358) forensics: [HIST] fixture=13 class=event lower_us=2475 n=3[0m
[0;32mI (68368) forensics: [HIST] fixture=13 class=event lower_us=2485 n=1[0m
[0;32mI (68378) forensics: [HIST] fixture=13 class=event lower_us=2490 n=2[0m
[0;32mI (68378) forensics: [HIST] fixture=13 class=event lower_us=2495 n=2[0m
[0;32mI (68388) forensics: [HIST] fixture=13 class=event lower_us=2500 n=2[0m
[0;32mI (68398) forensics: [HIST] fixture=13 class=event lower_us=2505 n=4[0m
[0;32mI (68398) forensics: [HIST] fixture=13 class=event lower_us=2510 n=3[0m
[0;32mI (68408) forensics: [HIST] fixture=13 class=event lower_us=2515 n=6[0m
[0;32mI (68418) forensics: [HIST] fixture=13 class=event lower_us=2520 n=6[0m
[0;32mI (68418) forensics: [HIST] fixture=13 class=event lower_us=2525 n=4[0m
[0;32mI (68428) forensics: [HIST] fixture=13 class=event lower_us=2530 n=3[0m
[0;32mI (68438) forensics: [HIST] fixture=13 class=event lower_us=2535 n=1[0m
[0;32mI (68448) forensics: [HIST] fixture=13 class=event lower_us=2540 n=2[0m
[0;32mI (68448) forensics: [HIST] fixture=13 class=event lower_us=2545 n=1[0m
[0;32mI (68458) forensics: [HIST] fixture=13 class=event lower_us=2555 n=1[0m
[0;32mI (68468) forensics: [HIST] fixture=13 class=event lower_us=2610 n=1[0m
[0;32mI (68468) forensics: [HIST] fixture=13 class=event lower_us=2615 n=1[0m
[0;32mI (68478) forensics: [HIST] fixture=13 class=event lower_us=2640 n=1[0m
[0;32mI (68488) forensics: [FASTPATH] fixture=13 stable8=0 attack=16[0m
[0;32mI (70858) pocket_pan_main: [AUDIO] model=PAN blocks=26236 avg_us=5 p99_us=1975 max_us=4104 cpu_load=0.2 deadline=7 timeout=0 tx_error=0 short=0[0m
[0;32mI (70858) pocket_pan_main: [MIDI] push=0 pop=0 drop=0 hwm=0 last=(n=62 v=0 t=78 hex=000000)[0m
[0;32mI (70868) pocket_pan_main: [BLE] state=8 interval_ms=11.25 latency=0 rssi=-68 reconnects=0 last_disconnect=0[0m
[0;32mI (70878) pocket_pan_main: [MEM] internal_free=43407 largest_internal=25600[0m
[0;32mI (70888) pocket_pan_main: [UICORR] >1733(tot=565 draw=36 lcd=0 both=114 none=415) >2000(tot=156 draw=11 lcd=0 both=23 none=122)[0m
[0;32mI (70898) pocket_pan_main: [UIMETRIC] arch=1 field_updates=1446 total_transfers=1451 total_pixels=1471940 last_sub_us=400 last_dma_us=799[0m
[0;32mI (70918) pocket_pan_main: [RARESTALL] block=17783 dur=2014us voices=0 model=PAN uiDraw=0 lcdDma=0 ble=0 telem=0 midiAge=47559ms[0m
[0;32mI (70928) pocket_pan_main: [RARESTALL] block=17832 dur=2590us voices=0 model=PAN uiDraw=0 lcdDma=0 ble=0 telem=0 midiAge=47690ms[0m
[0;32mI (70938) pocket_pan_main: [RARESTALL] block=18020 dur=2589us voices=0 model=PAN uiDraw=0 lcdDma=0 ble=0 telem=0 midiAge=48192ms[0m
[0;32mI (70948) pocket_pan_main: [RARESTALL] block=18178 dur=2002us voices=0 model=PAN uiDraw=1 lcdDma=1 ble=0 telem=0 midiAge=48612ms[0m
[0;32mI (70958) pocket_pan_main: [UIREDRAW] urgent=10 telemetry=315 skip=1873[0m
