ESP-ROM:esp32s3-20210327
Build:Mar 27 2021
rst:0x15 (USB_UART_CHIP_RESET),boot:0x8 (SPI_FAST_FLASH_BOOT)
Saved PC:0x40378b2a
SPIWP:0xee
mode:DIO, clock div:1
load:0x3fce2810,len:0x178c
load:0x403c8700,len:0x4
load:0x403c8704,len:0xcb8
load:0x403cb700,len:0x2db0
entry 0x403c8914
[0;32mI (26) boot: ESP-IDF v5.3-dirty 2nd stage bootloader[0m
[0;32mI (27) boot: compile time Sep 28 2026 16:27:05[0m
[0;32mI (27) boot: Multicore bootloader[0m
[0;32mI (30) boot: chip revision: v0.2[0m
[0;32mI (34) boot.esp32s3: Boot SPI Speed : 80MHz[0m
[0;32mI (39) boot.esp32s3: SPI Mode       : DIO[0m
[0;32mI (43) boot.esp32s3: SPI Flash Size : 4MB[0m
[0;32mI (48) boot: Enabling RNG early entropy source...[0m
[0;32mI (54) boot: Partition Table:[0m
[0;32mI (57) boot: ## Label            Usage          Type ST Offset   Length[0m
[0;32mI (64) boot:  0 nvs              WiFi data        01 02 00009000 00006000[0m
[0;32mI (72) boot:  1 phy_init         RF data          01 01 0000f000 00001000[0m
[0;32mI (79) boot:  2 factory          factory app      00 00 00010000 00100000[0m
[0;32mI (87) boot: End of partition table[0m
[0;32mI (91) esp_image: segment 0: paddr=00010020 vaddr=3c070020 size=1f5b4h (128436) map[0m
[0;32mI (122) esp_image: segment 1: paddr=0002f5dc vaddr=3fc9d000 size=00a3ch (  2620) load[0m
[0;32mI (123) esp_image: segment 2: paddr=00030020 vaddr=42000020 size=633d4h (406484) map[0m
[0;32mI (201) esp_image: segment 3: paddr=000933fc vaddr=3fc9da3c size=03ac4h ( 15044) load[0m
[0;32mI (205) esp_image: segment 4: paddr=00096ec8 vaddr=40374000 size=18f70h (102256) load[0m
[0;32mI (239) boot: Loaded app from partition at offset 0x10000[0m
[0;32mI (240) boot: Disabling RNG early entropy source...[0m
[0;32mI (251) esp_psram: Found 2MB PSRAM device[0m
[0;32mI (252) esp_psram: Speed: 40MHz[0m
[0;32mI (252) cpu_start: Multicore app[0m
[0;32mI (671) esp_psram: SPI SRAM memory test OK[0m
[0;32mI (681) cpu_start: Pro cpu start user code[0m
[0;32mI (681) cpu_start: cpu freq: 240000000 Hz[0m
[0;32mI (681) app_init: Application information:[0m
[0;32mI (684) app_init: Project name:     pocket_pan[0m
[0;32mI (689) app_init: App version:      7db9e22-dirty[0m
[0;32mI (694) app_init: Compile time:     Sep 28 2026 16:34:15[0m
[0;32mI (700) app_init: ELF file SHA256:  c15cdc8e5...[0m
[0;32mI (705) app_init: ESP-IDF:          v5.3-dirty[0m
[0;32mI (710) efuse_init: Min chip rev:     v0.0[0m
[0;32mI (715) efuse_init: Max chip rev:     v0.99 [0m
[0;32mI (720) efuse_init: Chip rev:         v0.2[0m
[0;32mI (725) heap_init: Initializing. RAM available for dynamic allocation:[0m
[0;32mI (732) heap_init: At 3FCBAA08 len 0002ED08 (187 KiB): RAM[0m
[0;32mI (738) heap_init: At 3FCE9710 len 00005724 (21 KiB): RAM[0m
[0;32mI (744) heap_init: At 3FCF0000 len 00008000 (32 KiB): DRAM[0m
[0;32mI (751) heap_init: At 600FE100 len 00001EE8 (7 KiB): RTCRAM[0m
[0;32mI (757) esp_psram: Adding pool of 2048K of PSRAM memory to heap allocator[0m
[0;32mI (765) spi_flash: detected chip: generic[0m
[0;32mI (769) spi_flash: flash io: dio[0m
[0;32mI (773) sleep: Configure to isolate all GPIO pins in sleep state[0m
[0;32mI (780) sleep: Enable automatic switching of GPIO sleep configuration[0m
[0;32mI (787) coexist: coex firmware version: dab85ae96[0m
[0;32mI (792) coexist: coexist rom version e7ae62f[0m
[0;32mI (798) main_task: Started on CPU0[0m
[0;32mI (808) esp_psram: Reserving pool of 32K of internal memory for DMA/internal allocations[0m
[0;32mI (808) main_task: Calling app_main()[0m
[0;32mI (818) pocket_pan_main: ===============================================[0m
[0;32mI (818) pocket_pan_main:   Pocket Pan / Metal Modal Synthesizer v1.0.0[0m
[0;32mI (828) pocket_pan_main:   Hardware: TENSTAR TS-ESP32-S3 (Feather TFT)[0m
[0;32mI (838) pocket_pan_main: ===============================================[0m
[0;32mI (848) pocket_pan_main: [FORENSICS] candidate=25 profile=0 cpu_mhz=240 optimization_perf=1[0m
[0;32mI (858) gpio: GPIO[10]| InputEn: 0| OutputEn: 1| OpenDrain: 0| Pullup: 0| Pulldown: 1| Intr:0 [0m
[0;32mI (868) AudioI2S: I2S TX initialized (48kHz, 32-bit slot, stereo, 6x128 frames DMA = 1024 bytes/buf)[0m
[0;32mI (878) AudioI2S: Audio task started on Core 0 at priority 12[0m
[0;32mI (878) Display: [DISP_MEM_PRE] before: int_free=213475 int_largest=118784 psram_free=2094528[0m
[0;32mI (888) Display: [DISP_MEM] framebuffer=0x3fccc120 (size=64800, align=0, internal=1, dma=1, psram=0)[0m
[0;32mI (898) Display: [DISP_MEM] scratch=0x3fcdbe44 (size=9600, align=4, internal=1, dma=1)[0m
[0;32mI (908) Display: [DISP_MEM] before: int_free=213475 int_largest=118784 psram_free=2094528[0m
[0;32mI (918) Display: [DISP_MEM] after:  int_free=139067 int_largest=45056 psram_free=2094528[0m
[0;32mI (928) gpio: GPIO[39]| InputEn: 0| OutputEn: 1| OpenDrain: 0| Pullup: 0| Pulldown: 0| Intr:0 [0m
[0;32mI (938) gpio: GPIO[40]| InputEn: 0| OutputEn: 1| OpenDrain: 0| Pullup: 0| Pulldown: 0| Intr:0 [0m
[0;32mI (938) gpio: GPIO[21]| InputEn: 0| OutputEn: 1| OpenDrain: 0| Pullup: 0| Pulldown: 0| Intr:0 [0m
[0;32mI (1168) gpio: GPIO[45]| InputEn: 0| OutputEn: 1| OpenDrain: 0| Pullup: 0| Pulldown: 0| Intr:0 [0m
[0;32mI (1168) Display: ST7789 240x135 display initialized successfully (SPI 40MHz, GDMA callback armed)[0m
[0;32mI (1168) pocket_pan_main: [CANARY] PreparedNote canaries OK=1[0m
[0;32mI (1178) BLE_INIT: BT controller compile version [ba3b3e3][0m
[0;32mI (1188) BLE_INIT: Bluetooth MAC: b4:3a:45:ae:6f:2a[0m
[0;32mI (1188) phy_init: phy_version 680,a6008b2,Jun  4 2024,16:41:10[0m
[0;33mW (1228) phy_init: saving new calibration data because of checksum failure, mode(0)[0m
[0;32mI (1248) BleMidi: NimBLE BLE MIDI Central initialized and pinned to Core 1[0m
[0;32mI (1248) BleMidi: NimBLE Host task running on Core 1[0m
[0;32mI (1248) pocket_pan_main: Pocket Pan initialization complete. Realtime audio active.[0m
[0;32mI (1248) NimBLE: Failed to restore IRKs from store; status=8
[0m
[0;32mI (1258) NimBLE: GAP procedure initiated: discovery; [0m
[0;32mI (1258) main_task: Returned from app_main()[0m
[0;32mI (1268) NimBLE: own_addr_type=0 filter_policy=0 passive=0 limited=0 filter_duplicates=1 [0m
[0;32mI (1278) NimBLE: duration=forever[0m
[0;32mI (1288) NimBLE: 
[0m
[0;32mI (1288) BleMidi: Scanning for BLE MIDI devices...[0m
[0;32mI (1248) gpio: GPIO[0]| InputEn: 1| OutputEn: 0| OpenDrain: 0| Pullup: 1| Pulldown: 0| Intr:0 [0m
[0;32mI (1318) BleMidi: BLE MIDI device found (59:FB:B6:B7:BF:0F); connecting[0m
[0;32mI (1318) NimBLE: GAP procedure initiated: connect; [0m
[0;32mI (1318) NimBLE: peer_addr_type=0 peer_addr=[0m
[0;32mI (1328) NimBLE: 59:fb:b6:b7:bf:0f[0m
[0;32mI (1328) NimBLE:  scan_itvl=16 scan_window=16 itvl_min=24 itvl_max=40 latency=0 supervision_timeout=256 min_ce_len=0 max_ce_len=0 own_addr_type=0[0m
[0;32mI (1338) NimBLE: 
[0m
[0;32mI (1418) BleMidi: BLE Connected! conn_handle=1[0m
[0;32mI (1418) NimBLE: GAP procedure initiated: [0m
[0;32mI (1418) NimBLE: connection parameter update; conn_handle=1 itvl_min=6 itvl_max=12 latency=0 supervision_timeout=200 min_ce_len=0 max_ce_len=0[0m
[0;32mI (1428) NimBLE: 
[0m
[0;32mI (1438) BleMidi: Requested connection params 7.5-15ms latency=0 timeout=2s rc=0[0m
[0;32mI (1438) NimBLE: GATT procedure initiated: discover all services
[0m
[0;32mI (1738) BleMidi: Found BLE MIDI Service! start_handle=112 end_handle=115[0m
[0;32mI (1738) NimBLE: GATT procedure initiated: discover all characteristics; [0m
[0;32mI (1738) NimBLE: start_handle=112 end_handle=115
[0m
[0;32mI (1838) BleMidi: Found BLE MIDI Characteristic! def_handle=113 val_handle=114 props=0x16[0m
[0;32mI (1838) NimBLE: GATT procedure initiated: discover all descriptors; [0m
[0;32mI (1838) NimBLE: chr_val_handle=114 end_handle=115
[0m
[0;32mI (1938) BleMidi: Discovered CCCD (0x2902) handle=115[0m
[0;32mI (1938) NimBLE: GATT procedure initiated: write; [0m
[0;32mI (1938) NimBLE: att_handle=115 len=2
[0m
[0;32mI (1988) BleMidi: Negotiated params interval=7.50ms latency=0 timeout=2000ms[0m
[0;32mI (2008) BleMidi: CCCD subscription successful; BLE MIDI ready[0m
[0;32mI (2008) NimBLE: GAP procedure initiated: [0m
[0;32mI (2008) NimBLE: connection parameter update; conn_handle=1 itvl_min=6 itvl_max=9 latency=0 supervision_timeout=100 min_ce_len=0 max_ce_len=0[0m
[0;32mI (2018) NimBLE: 
[0m
[0;32mI (2098) BleMidi: Negotiated params interval=11.25ms latency=0 timeout=1000ms[0m
[0;32mI (5808) pocket_pan_main: [AUDIO] model=PAN blocks=1848 avg_us=1668 p99_us=0 max_us=2599 cpu_load=62.5 deadline=0 timeout=0 tx_error=0 short=0[0m
[0;32mI (5808) pocket_pan_main: [MIDI] push=0 pop=0 drop=0 hwm=0 last=(n=62 v=0 t=78 hex=000000)[0m
[0;32mI (5818) pocket_pan_main: [BLE] state=8 interval_ms=11.25 latency=0 rssi=-69 reconnects=0 last_disconnect=0[0m
[0;32mI (5828) pocket_pan_main: [MEM] internal_free=80559 largest_internal=31744[0m
[0;32mI (5838) pocket_pan_main: [UIREDRAW] urgent=7 telemetry=19 skip=123[0m
[0;32mI (10818) pocket_pan_main: [AUDIO] model=PAN blocks=3728 avg_us=1654 p99_us=1950 max_us=2639 cpu_load=62.0 deadline=0 timeout=0 tx_error=0 short=0[0m
[0;32mI (10818) pocket_pan_main: [MIDI] push=0 pop=0 drop=0 hwm=0 last=(n=62 v=0 t=78 hex=000000)[0m
[0;32mI (10828) pocket_pan_main: [BLE] state=8 interval_ms=11.25 latency=0 rssi=-69 reconnects=0 last_disconnect=0[0m
[0;32mI (10838) pocket_pan_main: [MEM] internal_free=80559 largest_internal=31744[0m
[0;32mI (10848) pocket_pan_main: [UIREDRAW] urgent=7 telemetry=43 skip=265[0m
[0;32mI (15838) pocket_pan_main: [AUDIO] model=PAN blocks=5611 avg_us=1657 p99_us=1925 max_us=2639 cpu_load=62.1 deadline=0 timeout=0 tx_error=0 short=0[0m
[0;32mI (15838) pocket_pan_main: [MIDI] push=0 pop=0 drop=0 hwm=0 last=(n=62 v=0 t=78 hex=000000)[0m
[0;32mI (15848) pocket_pan_main: [BLE] state=8 interval_ms=11.25 latency=0 rssi=-70 reconnects=0 last_disconnect=0[0m
[0;32mI (15858) pocket_pan_main: [MEM] internal_free=80559 largest_internal=31744[0m
[0;32mI (15868) pocket_pan_main: [UIREDRAW] urgent=7 telemetry=67 skip=407[0m
[0;33mW (18608) forensics: [OVERRUN] seq=6636 callback_us=2667 inner_us=2553 class=event fixture=5 model=PAN voices=8 exciter=1 midi_depth=0 midi_consumed=0 telem=0 model_req=0 reset_req=0[0m
[0;32mI (20858) pocket_pan_main: [AUDIO] model=PAN blocks=7492 avg_us=1662 p99_us=1950 max_us=2667 cpu_load=62.3 deadline=1 timeout=0 tx_error=0 short=0[0m
[0;32mI (20858) pocket_pan_main: [MIDI] push=0 pop=0 drop=0 hwm=0 last=(n=62 v=0 t=78 hex=000000)[0m
[0;32mI (20868) pocket_pan_main: [BLE] state=8 interval_ms=11.25 latency=0 rssi=-69 reconnects=0 last_disconnect=0[0m
[0;32mI (20878) pocket_pan_main: [MEM] internal_free=80559 largest_internal=31744[0m
[0;32mI (20888) pocket_pan_main: [UIREDRAW] urgent=7 telemetry=91 skip=549[0m
[0;33mW (21108) forensics: [OVERRUN] seq=7576 callback_us=2667 inner_us=2557 class=event fixture=5 model=PAN voices=8 exciter=1 midi_depth=0 midi_consumed=0 telem=0 model_req=0 reset_req=0[0m
[0;32mI (23898) forensics: [CURVE] model=PAN fixture=5 voices=8 class=true_steady n=8103 avg_us=1633.72 p95_us=1680 p99_us=1770 p995_us=1810 p999_us=1870 max_us=2073 deadline=0 bad_voices=0 ble_lost=0 hard=0 sat=0 bin_us=5[0m
[0;32mI (23908) forensics: [HIST] fixture=5 class=true_steady lower_us=1610 n=876[0m
[0;32mI (23908) forensics: [HIST] fixture=5 class=true_steady lower_us=1615 n=1723[0m
[0;32mI (23918) forensics: [HIST] fixture=5 class=true_steady lower_us=1620 n=1420[0m
[0;32mI (23928) forensics: [HIST] fixture=5 class=true_steady lower_us=1625 n=798[0m
[0;32mI (23938) forensics: [HIST] fixture=5 class=true_steady lower_us=1630 n=605[0m
[0;32mI (23938) forensics: [HIST] fixture=5 class=true_steady lower_us=1635 n=513[0m
[0;32mI (23948) forensics: [HIST] fixture=5 class=true_steady lower_us=1640 n=442[0m
[0;32mI (23958) forensics: [HIST] fixture=5 class=true_steady lower_us=1645 n=383[0m
[0;32mI (23968) forensics: [HIST] fixture=5 class=true_steady lower_us=1650 n=307[0m
[0;32mI (23968) forensics: [HIST] fixture=5 class=true_steady lower_us=1655 n=249[0m
[0;32mI (23978) forensics: [HIST] fixture=5 class=true_steady lower_us=1660 n=165[0m
[0;32mI (23988) forensics: [HIST] fixture=5 class=true_steady lower_us=1665 n=122[0m
[0;32mI (23998) forensics: [HIST] fixture=5 class=true_steady lower_us=1670 n=83[0m
[0;32mI (23998) forensics: [HIST] fixture=5 class=true_steady lower_us=1675 n=61[0m
[0;32mI (24008) forensics: [HIST] fixture=5 class=true_steady lower_us=1680 n=49[0m
[0;32mI (24018) forensics: [HIST] fixture=5 class=true_steady lower_us=1685 n=34[0m
[0;32mI (24028) forensics: [HIST] fixture=5 class=true_steady lower_us=1690 n=27[0m
[0;32mI (24028) forensics: [HIST] fixture=5 class=true_steady lower_us=1695 n=23[0m
[0;32mI (24038) forensics: [HIST] fixture=5 class=true_steady lower_us=1700 n=17[0m
[0;32mI (24048) forensics: [HIST] fixture=5 class=true_steady lower_us=1705 n=9[0m
[0;32mI (24058) forensics: [HIST] fixture=5 class=true_steady lower_us=1710 n=7[0m
[0;32mI (24058) forensics: [HIST] fixture=5 class=true_steady lower_us=1715 n=9[0m
[0;32mI (24068) forensics: [HIST] fixture=5 class=true_steady lower_us=1720 n=6[0m
[0;32mI (24078) forensics: [HIST] fixture=5 class=true_steady lower_us=1725 n=9[0m
[0;32mI (24088) forensics: [HIST] fixture=5 class=true_steady lower_us=1730 n=14[0m
[0;32mI (24088) forensics: [HIST] fixture=5 class=true_steady lower_us=1735 n=8[0m
[0;32mI (24098) forensics: [HIST] fixture=5 class=true_steady lower_us=1740 n=12[0m
[0;32mI (24108) forensics: [HIST] fixture=5 class=true_steady lower_us=1745 n=6[0m
[0;32mI (24118) forensics: [HIST] fixture=5 class=true_steady lower_us=1750 n=12[0m
[0;32mI (24118) forensics: [HIST] fixture=5 class=true_steady lower_us=1755 n=16[0m
[0;32mI (24128) forensics: [HIST] fixture=5 class=true_steady lower_us=1760 n=5[0m
[0;32mI (24138) forensics: [HIST] fixture=5 class=true_steady lower_us=1765 n=12[0m
[0;32mI (24148) forensics: [HIST] fixture=5 class=true_steady lower_us=1770 n=5[0m
[0;32mI (24148) forensics: [HIST] fixture=5 class=true_steady lower_us=1775 n=4[0m
[0;32mI (24158) forensics: [HIST] fixture=5 class=true_steady lower_us=1780 n=6[0m
[0;32mI (24168) forensics: [HIST] fixture=5 class=true_steady lower_us=1785 n=10[0m
[0;32mI (24178) forensics: [HIST] fixture=5 class=true_steady lower_us=1790 n=4[0m
[0;32mI (24178) forensics: [HIST] fixture=5 class=true_steady lower_us=1795 n=6[0m
[0;32mI (24188) forensics: [HIST] fixture=5 class=true_steady lower_us=1800 n=3[0m
[0;32mI (24198) forensics: [HIST] fixture=5 class=true_steady lower_us=1805 n=3[0m
[0;32mI (24208) forensics: [HIST] fixture=5 class=true_steady lower_us=1810 n=3[0m
[0;32mI (24208) forensics: [HIST] fixture=5 class=true_steady lower_us=1815 n=7[0m
[0;32mI (24218) forensics: [HIST] fixture=5 class=true_steady lower_us=1820 n=1[0m
[0;32mI (24228) forensics: [HIST] fixture=5 class=true_steady lower_us=1825 n=5[0m
[0;32mI (24238) forensics: [HIST] fixture=5 class=true_steady lower_us=1830 n=1[0m
[0;32mI (24238) forensics: [HIST] fixture=5 class=true_steady lower_us=1835 n=3[0m
[0;32mI (24248) forensics: [HIST] fixture=5 class=true_steady lower_us=1845 n=3[0m
[0;32mI (24258) forensics: [HIST] fixture=5 class=true_steady lower_us=1850 n=3[0m
[0;32mI (24268) forensics: [HIST] fixture=5 class=true_steady lower_us=1855 n=3[0m
[0;32mI (24268) forensics: [HIST] fixture=5 class=true_steady lower_us=1860 n=2[0m
[0;32mI (24278) forensics: [HIST] fixture=5 class=true_steady lower_us=1865 n=1[0m
[0;32mI (24288) forensics: [HIST] fixture=5 class=true_steady lower_us=1870 n=2[0m
[0;32mI (24298) forensics: [HIST] fixture=5 class=true_steady lower_us=1895 n=1[0m
[0;32mI (24298) forensics: [HIST] fixture=5 class=true_steady lower_us=1900 n=1[0m
[0;32mI (24308) forensics: [HIST] fixture=5 class=true_steady lower_us=1910 n=1[0m
[0;32mI (24318) forensics: [HIST] fixture=5 class=true_steady lower_us=1940 n=1[0m
[0;32mI (24328) forensics: [HIST] fixture=5 class=true_steady lower_us=1970 n=1[0m
[0;32mI (24328) forensics: [HIST] fixture=5 class=true_steady lower_us=2070 n=1[0m
[0;32mI (24338) forensics: [CALLBACK_CURVE] model=PAN fixture=5 voices=8 class=true_steady n=8102 avg_us=1651.21 p95_us=1715 p99_us=1845 p995_us=1895 p999_us=1985 max_us=2193 deadline=0 overhead_avg_us=17.49[0m
[0;32mI (24358) forensics: [CALLBACK_HIST] fixture=5 class=true_steady lower_us=1620 n=856[0m
[0;32mI (24368) forensics: [CALLBACK_HIST] fixture=5 class=true_steady lower_us=1625 n=1625[0m
[0;32mI (24378) forensics: [CALLBACK_HIST] fixture=5 class=true_steady lower_us=1630 n=1189[0m
[0;32mI (24388) forensics: [CALLBACK_HIST] fixture=5 class=true_steady lower_us=1635 n=627[0m
[0;32mI (24388) forensics: [CALLBACK_HIST] fixture=5 class=true_steady lower_us=1640 n=553[0m
[0;32mI (24398) forensics: [CALLBACK_HIST] fixture=5 class=true_steady lower_us=1645 n=405[0m
[0;32mI (24408) forensics: [CALLBACK_HIST] fixture=5 class=true_steady lower_us=1650 n=404[0m
[0;32mI (24418) forensics: [CALLBACK_HIST] fixture=5 class=true_steady lower_us=1655 n=384[0m
[0;32mI (24428) forensics: [CALLBACK_HIST] fixture=5 class=true_steady lower_us=1660 n=304[0m
[0;32mI (24438) forensics: [CALLBACK_HIST] fixture=5 class=true_steady lower_us=1665 n=280[0m
[0;32mI (24438) forensics: [CALLBACK_HIST] fixture=5 class=true_steady lower_us=1670 n=186[0m
[0;32mI (24448) forensics: [CALLBACK_HIST] fixture=5 class=true_steady lower_us=1675 n=136[0m
[0;32mI (24458) forensics: [CALLBACK_HIST] fixture=5 class=true_steady lower_us=1680 n=137[0m
[0;32mI (24468) forensics: [CALLBACK_HIST] fixture=5 class=true_steady lower_us=1685 n=151[0m
[0;32mI (24478) forensics: [CALLBACK_HIST] fixture=5 class=true_steady lower_us=1690 n=130[0m
[0;32mI (24488) forensics: [CALLBACK_HIST] fixture=5 class=true_steady lower_us=1695 n=101[0m
[0;32mI (24488) forensics: [CALLBACK_HIST] fixture=5 class=true_steady lower_us=1700 n=92[0m
[0;32mI (24498) forensics: [CALLBACK_HIST] fixture=5 class=true_steady lower_us=1705 n=73[0m
[0;32mI (24508) forensics: [CALLBACK_HIST] fixture=5 class=true_steady lower_us=1710 n=73[0m
[0;32mI (24518) forensics: [CALLBACK_HIST] fixture=5 class=true_steady lower_us=1715 n=47[0m
[0;32mI (24528) forensics: [CALLBACK_HIST] fixture=5 class=true_steady lower_us=1720 n=35[0m
[0;32mI (24538) forensics: [CALLBACK_HIST] fixture=5 class=true_steady lower_us=1725 n=35[0m
[0;32mI (24538) forensics: [CALLBACK_HIST] fixture=5 class=true_steady lower_us=1730 n=21[0m
[0;32mI (24548) forensics: [CALLBACK_HIST] fixture=5 class=true_steady lower_us=1735 n=21[0m
[0;32mI (24558) forensics: [CALLBACK_HIST] fixture=5 class=true_steady lower_us=1740 n=11[0m
[0;32mI (24568) forensics: [CALLBACK_HIST] fixture=5 class=true_steady lower_us=1745 n=7[0m
[0;32mI (24578) forensics: [CALLBACK_HIST] fixture=5 class=true_steady lower_us=1750 n=13[0m
[0;32mI (24588) forensics: [CALLBACK_HIST] fixture=5 class=true_steady lower_us=1755 n=5[0m
[0;32mI (24588) forensics: [CALLBACK_HIST] fixture=5 class=true_steady lower_us=1760 n=2[0m
[0;32mI (24598) forensics: [CALLBACK_HIST] fixture=5 class=true_steady lower_us=1765 n=5[0m
[0;32mI (24608) forensics: [CALLBACK_HIST] fixture=5 class=true_steady lower_us=1770 n=8[0m
[0;32mI (24618) forensics: [CALLBACK_HIST] fixture=5 class=true_steady lower_us=1775 n=7[0m
[0;32mI (24628) forensics: [CALLBACK_HIST] fixture=5 class=true_steady lower_us=1780 n=8[0m
[0;32mI (24638) forensics: [CALLBACK_HIST] fixture=5 class=true_steady lower_us=1785 n=8[0m
[0;32mI (24638) forensics: [CALLBACK_HIST] fixture=5 class=true_steady lower_us=1790 n=9[0m
[0;32mI (24648) forensics: [CALLBACK_HIST] fixture=5 class=true_steady lower_us=1795 n=11[0m
[0;32mI (24658) forensics: [CALLBACK_HIST] fixture=5 class=true_steady lower_us=1800 n=8[0m
[0;32mI (24668) forensics: [CALLBACK_HIST] fixture=5 class=true_steady lower_us=1805 n=12[0m
[0;32mI (24678) forensics: [CALLBACK_HIST] fixture=5 class=true_steady lower_us=1810 n=6[0m
[0;32mI (24688) forensics: [CALLBACK_HIST] fixture=5 class=true_steady lower_us=1815 n=8[0m
[0;32mI (24688) forensics: [CALLBACK_HIST] fixture=5 class=true_steady lower_us=1820 n=3[0m
[0;32mI (24698) forensics: [CALLBACK_HIST] fixture=5 class=true_steady lower_us=1825 n=9[0m
[0;32mI (24708) forensics: [CALLBACK_HIST] fixture=5 class=true_steady lower_us=1830 n=8[0m
[0;32mI (24718) forensics: [CALLBACK_HIST] fixture=5 class=true_steady lower_us=1835 n=7[0m
[0;32mI (24728) forensics: [CALLBACK_HIST] fixture=5 class=true_steady lower_us=1840 n=8[0m
[0;32mI (24738) forensics: [CALLBACK_HIST] fixture=5 class=true_steady lower_us=1845 n=5[0m
[0;32mI (24738) forensics: [CALLBACK_HIST] fixture=5 class=true_steady lower_us=1850 n=4[0m
[0;32mI (24748) forensics: [CALLBACK_HIST] fixture=5 class=true_steady lower_us=1855 n=9[0m
[0;32mI (24758) forensics: [CALLBACK_HIST] fixture=5 class=true_steady lower_us=1860 n=5[0m
[0;32mI (24768) forensics: [CALLBACK_HIST] fixture=5 class=true_steady lower_us=1865 n=2[0m
[0;32mI (24778) forensics: [CALLBACK_HIST] fixture=5 class=true_steady lower_us=1870 n=1[0m
[0;32mI (24778) forensics: [CALLBACK_HIST] fixture=5 class=true_steady lower_us=1875 n=2[0m
[0;32mI (24788) forensics: [CALLBACK_HIST] fixture=5 class=true_steady lower_us=1880 n=4[0m
[0;32mI (24798) forensics: [CALLBACK_HIST] fixture=5 class=true_steady lower_us=1885 n=1[0m
[0;32mI (24808) forensics: [CALLBACK_HIST] fixture=5 class=true_steady lower_us=1890 n=1[0m
[0;32mI (24818) forensics: [CALLBACK_HIST] fixture=5 class=true_steady lower_us=1895 n=2[0m
[0;32mI (24828) forensics: [CALLBACK_HIST] fixture=5 class=true_steady lower_us=1900 n=2[0m
[0;32mI (24828) forensics: [CALLBACK_HIST] fixture=5 class=true_steady lower_us=1905 n=1[0m
[0;32mI (24838) forensics: [CALLBACK_HIST] fixture=5 class=true_steady lower_us=1910 n=2[0m
[0;32mI (24848) forensics: [CALLBACK_HIST] fixture=5 class=true_steady lower_us=1915 n=1[0m
[0;32mI (24858) forensics: [CALLBACK_HIST] fixture=5 class=true_steady lower_us=1920 n=9[0m
[0;32mI (24868) forensics: [CALLBACK_HIST] fixture=5 class=true_steady lower_us=1925 n=1[0m
[0;32mI (24878) forensics: [CALLBACK_HIST] fixture=5 class=true_steady lower_us=1935 n=2[0m
[0;32mI (24878) forensics: [CALLBACK_HIST] fixture=5 class=true_steady lower_us=1940 n=1[0m
[0;32mI (24888) forensics: [CALLBACK_HIST] fixture=5 class=true_steady lower_us=1945 n=1[0m
[0;32mI (24898) forensics: [CALLBACK_HIST] fixture=5 class=true_steady lower_us=1955 n=1[0m
[0;32mI (24908) forensics: [CALLBACK_HIST] fixture=5 class=true_steady lower_us=1965 n=5[0m
[0;32mI (24918) forensics: [CALLBACK_HIST] fixture=5 class=true_steady lower_us=1970 n=2[0m
[0;32mI (24918) forensics: [CALLBACK_HIST] fixture=5 class=true_steady lower_us=1975 n=1[0m
[0;32mI (24928) forensics: [CALLBACK_HIST] fixture=5 class=true_steady lower_us=1980 n=1[0m
[0;32mI (24938) forensics: [CALLBACK_HIST] fixture=5 class=true_steady lower_us=1990 n=1[0m
[0;32mI (24948) forensics: [CALLBACK_HIST] fixture=5 class=true_steady lower_us=2005 n=1[0m
[0;32mI (24958) forensics: [CALLBACK_HIST] fixture=5 class=true_steady lower_us=2010 n=1[0m
[0;32mI (24968) forensics: [CALLBACK_HIST] fixture=5 class=true_steady lower_us=2015 n=2[0m
[0;32mI (24968) forensics: [CALLBACK_HIST] fixture=5 class=true_steady lower_us=2055 n=1[0m
[0;32mI (24978) forensics: [CALLBACK_HIST] fixture=5 class=true_steady lower_us=2120 n=1[0m
[0;32mI (24988) forensics: [CALLBACK_HIST] fixture=5 class=true_steady lower_us=2190 n=1[0m
[0;32mI (24998) forensics: [CURVE] model=PAN fixture=5 voices=8 class=attack_tail n=44 avg_us=1931.68 p95_us=1960 p99_us=2000 p995_us=2000 p999_us=2000 max_us=1999 deadline=0 bad_voices=0 ble_lost=0 hard=0 sat=0 bin_us=5[0m
[0;32mI (25018) forensics: [HIST] fixture=5 class=attack_tail lower_us=1905 n=2[0m
[0;32mI (25028) forensics: [HIST] fixture=5 class=attack_tail lower_us=1910 n=5[0m
[0;32mI (25028) forensics: [HIST] fixture=5 class=attack_tail lower_us=1915 n=3[0m
[0;32mI (25038) forensics: [HIST] fixture=5 class=attack_tail lower_us=1920 n=7[0m
[0;32mI (25048) forensics: [HIST] fixture=5 class=attack_tail lower_us=1925 n=3[0m
[0;32mI (25058) forensics: [HIST] fixture=5 class=attack_tail lower_us=1930 n=6[0m
[0;32mI (25058) forensics: [HIST] fixture=5 class=attack_tail lower_us=1935 n=6[0m
[0;32mI (25068) forensics: [HIST] fixture=5 class=attack_tail lower_us=1940 n=4[0m
[0;32mI (25078) forensics: [HIST] fixture=5 class=attack_tail lower_us=1945 n=4[0m
[0;32mI (25088) forensics: [HIST] fixture=5 class=attack_tail lower_us=1955 n=2[0m
[0;32mI (25088) forensics: [HIST] fixture=5 class=attack_tail lower_us=1975 n=1[0m
[0;32mI (25098) forensics: [HIST] fixture=5 class=attack_tail lower_us=1995 n=1[0m
[0;32mI (25108) forensics: [CALLBACK_CURVE] model=PAN fixture=5 voices=8 class=attack_tail n=44 avg_us=1961.18 p95_us=2010 p99_us=2055 p995_us=2055 p999_us=2055 max_us=2051 deadline=0 overhead_avg_us=29.50[0m
[0;32mI (25128) forensics: [CALLBACK_HIST] fixture=5 class=attack_tail lower_us=1925 n=1[0m
[0;32mI (25128) forensics: [CALLBACK_HIST] fixture=5 class=attack_tail lower_us=1930 n=5[0m
[0;32mI (25138) forensics: [CALLBACK_HIST] fixture=5 class=attack_tail lower_us=1935 n=4[0m
[0;32mI (25148) forensics: [CALLBACK_HIST] fixture=5 class=attack_tail lower_us=1940 n=3[0m
[0;32mI (25158) forensics: [CALLBACK_HIST] fixture=5 class=attack_tail lower_us=1945 n=3[0m
[0;32mI (25168) forensics: [CALLBACK_HIST] fixture=5 class=attack_tail lower_us=1950 n=3[0m
[0;32mI (25178) forensics: [CALLBACK_HIST] fixture=5 class=attack_tail lower_us=1955 n=3[0m
[0;32mI (25178) forensics: [CALLBACK_HIST] fixture=5 class=attack_tail lower_us=1960 n=5[0m
[0;32mI (25188) forensics: [CALLBACK_HIST] fixture=5 class=attack_tail lower_us=1965 n=5[0m
[0;32mI (25198) forensics: [CALLBACK_HIST] fixture=5 class=attack_tail lower_us=1970 n=5[0m
[0;32mI (25208) forensics: [CALLBACK_HIST] fixture=5 class=attack_tail lower_us=1980 n=2[0m
[0;32mI (25218) forensics: [CALLBACK_HIST] fixture=5 class=attack_tail lower_us=1985 n=1[0m
[0;32mI (25228) forensics: [CALLBACK_HIST] fixture=5 class=attack_tail lower_us=1995 n=1[0m
[0;32mI (25228) forensics: [CALLBACK_HIST] fixture=5 class=attack_tail lower_us=2005 n=1[0m
[0;32mI (25238) forensics: [CALLBACK_HIST] fixture=5 class=attack_tail lower_us=2050 n=2[0m
[0;32mI (25248) forensics: [CURVE] model=PAN fixture=5 voices=8 class=event n=44 avg_us=2502.87 p95_us=2545 p99_us=2560 p995_us=2560 p999_us=2560 max_us=2557 deadline=0 bad_voices=0 ble_lost=0 hard=0 sat=0 bin_us=5[0m
[0;32mI (25268) forensics: [HIST] fixture=5 class=event lower_us=2455 n=2[0m
[0;32mI (25278) forensics: [HIST] fixture=5 class=event lower_us=2470 n=1[0m
[0;32mI (25278) forensics: [HIST] fixture=5 class=event lower_us=2475 n=2[0m
[0;32mI (25288) forensics: [HIST] fixture=5 class=event lower_us=2480 n=3[0m
[0;32mI (25298) forensics: [HIST] fixture=5 class=event lower_us=2485 n=5[0m
[0;32mI (25298) forensics: [HIST] fixture=5 class=event lower_us=2490 n=4[0m
[0;32mI (25308) forensics: [HIST] fixture=5 class=event lower_us=2495 n=1[0m
[0;32mI (25318) forensics: [HIST] fixture=5 class=event lower_us=2500 n=4[0m
[0;32mI (25328) forensics: [HIST] fixture=5 class=event lower_us=2505 n=5[0m
[0;32mI (25328) forensics: [HIST] fixture=5 class=event lower_us=2510 n=6[0m
[0;32mI (25338) forensics: [HIST] fixture=5 class=event lower_us=2515 n=4[0m
[0;32mI (25348) forensics: [HIST] fixture=5 class=event lower_us=2525 n=1[0m
[0;32mI (25348) forensics: [HIST] fixture=5 class=event lower_us=2530 n=1[0m
[0;32mI (25358) forensics: [HIST] fixture=5 class=event lower_us=2535 n=2[0m
[0;32mI (25368) forensics: [HIST] fixture=5 class=event lower_us=2540 n=1[0m
[0;32mI (25368) forensics: [HIST] fixture=5 class=event lower_us=2550 n=1[0m
[0;32mI (25378) forensics: [HIST] fixture=5 class=event lower_us=2555 n=1[0m
[0;32mI (25388) forensics: [CALLBACK_CURVE] model=PAN fixture=5 voices=8 class=event n=44 avg_us=2586.16 p95_us=2640 p99_us=2670 p995_us=2670 p999_us=2670 max_us=2667 deadline=2 overhead_avg_us=83.29[0m
[0;32mI (25408) forensics: [CALLBACK_HIST] fixture=5 class=event lower_us=2530 n=1[0m
[0;32mI (25408) forensics: [CALLBACK_HIST] fixture=5 class=event lower_us=2535 n=1[0m
[0;32mI (25418) forensics: [CALLBACK_HIST] fixture=5 class=event lower_us=2545 n=1[0m
[0;32mI (25428) forensics: [CALLBACK_HIST] fixture=5 class=event lower_us=2550 n=1[0m
[0;32mI (25438) forensics: [CALLBACK_HIST] fixture=5 class=event lower_us=2555 n=4[0m
[0;32mI (25438) forensics: [CALLBACK_HIST] fixture=5 class=event lower_us=2560 n=1[0m
[0;32mI (25448) forensics: [CALLBACK_HIST] fixture=5 class=event lower_us=2565 n=3[0m
[0;32mI (25458) forensics: [CALLBACK_HIST] fixture=5 class=event lower_us=2570 n=4[0m
[0;32mI (25468) forensics: [CALLBACK_HIST] fixture=5 class=event lower_us=2575 n=4[0m
[0;32mI (25468) forensics: [CALLBACK_HIST] fixture=5 class=event lower_us=2580 n=2[0m
[0;32mI (25478) forensics: [CALLBACK_HIST] fixture=5 class=event lower_us=2585 n=5[0m
[0;32mI (25488) forensics: [CALLBACK_HIST] fixture=5 class=event lower_us=2590 n=3[0m
[0;32mI (25498) forensics: [CALLBACK_HIST] fixture=5 class=event lower_us=2595 n=7[0m
[0;32mI (25508) forensics: [CALLBACK_HIST] fixture=5 class=event lower_us=2610 n=1[0m
[0;32mI (25508) forensics: [CALLBACK_HIST] fixture=5 class=event lower_us=2625 n=1[0m
[0;32mI (25518) forensics: [CALLBACK_HIST] fixture=5 class=event lower_us=2635 n=3[0m
[0;32mI (25528) forensics: [CALLBACK_HIST] fixture=5 class=event lower_us=2665 n=2[0m
[0;32mI (25538) forensics: [CURVE] model=PAN fixture=5 voices=8 class=fixture_transition n=1 avg_us=1486.60 p95_us=1490 p99_us=1490 p995_us=1490 p999_us=1490 max_us=1487 deadline=0 bad_voices=0 ble_lost=0 hard=0 sat=0 bin_us=5[0m
[0;32mI (25558) forensics: [HIST] fixture=5 class=fixture_transition lower_us=1485 n=1[0m
[0;32mI (25568) forensics: [CALLBACK_CURVE] model=PAN fixture=5 voices=8 class=fixture_transition n=1 avg_us=1709.00 p95_us=1710 p99_us=1710 p995_us=1710 p999_us=1710 max_us=1709 deadline=0 overhead_avg_us=222.40[0m
[0;32mI (25578) forensics: [CALLBACK_HIST] fixture=5 class=fixture_transition lower_us=1705 n=1[0m
[0;32mI (25588) forensics: [FASTPATH] fixture=5 stable8=105 attack=16[0m
[0;32mI (25598) forensics: [OVERHEAD] fixture=5 blocks=8622 model_reset_avg_us=2.05 model_reset_max_us=19 queue_avg_us=2.17 queue_max_us=29 render_avg_us=1563.04 telem_avg_us=5.07 telem_max_us=88 telem_publishes=1077[0m
[0;32mI (25858) pocket_pan_main: [AUDIO] model=PAN blocks=9368 avg_us=1010 p99_us=0 max_us=1664 cpu_load=37.9 deadline=0 timeout=0 tx_error=0 short=0[0m
[0;32mI (25858) pocket_pan_main: [MIDI] push=0 pop=0 drop=0 hwm=0 last=(n=62 v=0 t=78 hex=000000)[0m
[0;32mI (25868) pocket_pan_main: [BLE] state=8 interval_ms=11.25 latency=0 rssi=-71 reconnects=0 last_disconnect=0[0m
[0;32mI (25878) pocket_pan_main: [MEM] internal_free=80559 largest_internal=31744[0m
[0;32mI (25888) pocket_pan_main: [UIREDRAW] urgent=8 telemetry=107 skip=640[0m
[0;32mI (30878) pocket_pan_main: [AUDIO] model=PAN blocks=11251 avg_us=971 p99_us=1225 max_us=1794 cpu_load=36.4 deadline=0 timeout=0 tx_error=0 short=0[0m
[0;32mI (30878) pocket_pan_main: [MIDI] push=0 pop=0 drop=0 hwm=0 last=(n=62 v=0 t=78 hex=000000)[0m
[0;32mI (30888) pocket_pan_main: [BLE] state=8 interval_ms=11.25 latency=0 rssi=-69 reconnects=0 last_disconnect=0[0m
[0;32mI (30898) pocket_pan_main: [MEM] internal_free=80559 largest_internal=31744[0m
[0;32mI (30908) pocket_pan_main: [UIREDRAW] urgent=8 telemetry=130 skip=783[0m
[0;32mI (35898) pocket_pan_main: [AUDIO] model=PAN blocks=13133 avg_us=968 p99_us=1225 max_us=2105 cpu_load=36.3 deadline=0 timeout=0 tx_error=0 short=0[0m
[0;32mI (35898) pocket_pan_main: [MIDI] push=0 pop=0 drop=0 hwm=0 last=(n=62 v=0 t=78 hex=000000)[0m
[0;32mI (35908) pocket_pan_main: [BLE] state=8 interval_ms=11.25 latency=0 rssi=-66 reconnects=0 last_disconnect=0[0m
[0;32mI (35918) pocket_pan_main: [MEM] internal_free=80559 largest_internal=31744[0m
[0;32mI (35928) pocket_pan_main: [UIREDRAW] urgent=8 telemetry=154 skip=925[0m
[0;32mI (40918) pocket_pan_main: [AUDIO] model=PAN blocks=15014 avg_us=992 p99_us=1225 max_us=2105 cpu_load=37.2 deadline=0 timeout=0 tx_error=0 short=0[0m
[0;32mI (40918) pocket_pan_main: [MIDI] push=0 pop=0 drop=0 hwm=0 last=(n=62 v=0 t=78 hex=000000)[0m
[0;32mI (40928) pocket_pan_main: [BLE] state=8 interval_ms=11.25 latency=0 rssi=-67 reconnects=0 last_disconnect=0[0m
[0;32mI (40938) pocket_pan_main: [MEM] internal_free=80559 largest_internal=31744[0m
[0;32mI (40948) pocket_pan_main: [UIREDRAW] urgent=8 telemetry=178 skip=1067[0m
[0;32mI (45718) forensics: [CURVE] model=BELL fixture=14 voices=4 class=true_steady n=8103 avg_us=963.11 p95_us=1015 p99_us=1105 p995_us=1130 p999_us=1180 max_us=1298 deadline=0 bad_voices=0 ble_lost=0 hard=0 sat=0 bin_us=5[0m
[0;32mI (45728) forensics: [HIST] fixture=14 class=true_steady lower_us=940 n=909[0m
[0;32mI (45738) forensics: [HIST] fixture=14 class=true_steady lower_us=945 n=1832[0m
[0;32mI (45748) forensics: [HIST] fixture=14 class=true_steady lower_us=950 n=1635[0m
[0;32mI (45748) forensics: [HIST] fixture=14 class=true_steady lower_us=955 n=736[0m
[0;32mI (45758) forensics: [HIST] fixture=14 class=true_steady lower_us=960 n=564[0m
[0;32mI (45768) forensics: [HIST] fixture=14 class=true_steady lower_us=965 n=413[0m
[0;32mI (45778) forensics: [HIST] fixture=14 class=true_steady lower_us=970 n=279[0m
[0;32mI (45778) forensics: [HIST] fixture=14 class=true_steady lower_us=975 n=233[0m
[0;32mI (45788) forensics: [HIST] fixture=14 class=true_steady lower_us=980 n=240[0m
[0;32mI (45798) forensics: [HIST] fixture=14 class=true_steady lower_us=985 n=197[0m
[0;32mI (45808) forensics: [HIST] fixture=14 class=true_steady lower_us=990 n=154[0m
[0;32mI (45808) forensics: [HIST] fixture=14 class=true_steady lower_us=995 n=165[0m
[0;32mI (45818) forensics: [HIST] fixture=14 class=true_steady lower_us=1000 n=139[0m
[0;32mI (45828) forensics: [HIST] fixture=14 class=true_steady lower_us=1005 n=143[0m
[0;32mI (45838) forensics: [HIST] fixture=14 class=true_steady lower_us=1010 n=79[0m
[0;32mI (45838) forensics: [HIST] fixture=14 class=true_steady lower_us=1015 n=74[0m
[0;32mI (45848) forensics: [HIST] fixture=14 class=true_steady lower_us=1020 n=50[0m
[0;32mI (45858) forensics: [HIST] fixture=14 class=true_steady lower_us=1025 n=30[0m
[0;32mI (45868) forensics: [HIST] fixture=14 class=true_steady lower_us=1030 n=28[0m
[0;32mI (45878) forensics: [HIST] fixture=14 class=true_steady lower_us=1035 n=17[0m
[0;32mI (45878) forensics: [HIST] fixture=14 class=true_steady lower_us=1040 n=16[0m
[0;32mI (45888) forensics: [HIST] fixture=14 class=true_steady lower_us=1045 n=8[0m
[0;32mI (45898) forensics: [HIST] fixture=14 class=true_steady lower_us=1050 n=19[0m
[0;32mI (45908) forensics: [HIST] fixture=14 class=true_steady lower_us=1055 n=4[0m
[0;32mI (45908) forensics: [HIST] fixture=14 class=true_steady lower_us=1060 n=5[0m
[0;32mI (45918) forensics: [HIST] fixture=14 class=true_steady lower_us=1065 n=5[0m
[0;32mI (45928) forensics: [HIST] fixture=14 class=true_steady lower_us=1070 n=7[0m
[0;32mI (45938) forensics: [HIST] fixture=14 class=true_steady lower_us=1075 n=3[0m
[0;32mI (45938) forensics: [HIST] fixture=14 class=true_steady lower_us=1080 n=8[0m
[0;32mI (45948) forensics: [HIST] fixture=14 class=true_steady lower_us=1085 n=10[0m
[0;32mI (45958) forensics: [HIST] fixture=14 class=true_steady lower_us=1090 n=11[0m
[0;32mI (45968) forensics: [HIST] fixture=14 class=true_steady lower_us=1095 n=8[0m
[0;32mI (45968) forensics: [HIST] fixture=14 class=true_steady lower_us=1100 n=10[0m
[0;32mI (45978) forensics: [HIST] fixture=14 class=true_steady lower_us=1105 n=11[0m
[0;32mI (45988) forensics: [HIST] fixture=14 class=true_steady lower_us=1110 n=9[0m
[0;32mI (45998) forensics: [HIST] fixture=14 class=true_steady lower_us=1115 n=8[0m
[0;32mI (45998) forensics: [HIST] fixture=14 class=true_steady lower_us=1120 n=3[0m
[0;32mI (46008) forensics: [HIST] fixture=14 class=true_steady lower_us=1125 n=11[0m
[0;32mI (46018) forensics: [HIST] fixture=14 class=true_steady lower_us=1130 n=5[0m
[0;32mI (46028) forensics: [HIST] fixture=14 class=true_steady lower_us=1135 n=2[0m
[0;32mI (46028) forensics: [HIST] fixture=14 class=true_steady lower_us=1140 n=2[0m
[0;32mI (46038) forensics: [HIST] fixture=14 class=true_steady lower_us=1145 n=5[0m
[0;32mI (46048) forensics: [HIST] fixture=14 class=true_steady lower_us=1150 n=1[0m
[0;32mI (46058) forensics: [HIST] fixture=14 class=true_steady lower_us=1155 n=1[0m
[0;32mI (46058) forensics: [HIST] fixture=14 class=true_steady lower_us=1160 n=2[0m
[0;32mI (46068) forensics: [HIST] fixture=14 class=true_steady lower_us=1170 n=1[0m
[0;32mI (46078) forensics: [HIST] fixture=14 class=true_steady lower_us=1175 n=4[0m
[0;32mI (46088) forensics: [HIST] fixture=14 class=true_steady lower_us=1185 n=1[0m
[0;32mI (46098) forensics: [HIST] fixture=14 class=true_steady lower_us=1200 n=1[0m
[0;32mI (46098) forensics: [HIST] fixture=14 class=true_steady lower_us=1205 n=1[0m
[0;32mI (46108) forensics: [HIST] fixture=14 class=true_steady lower_us=1230 n=2[0m
[0;32mI (46118) forensics: [HIST] fixture=14 class=true_steady lower_us=1240 n=1[0m
[0;32mI (46128) forensics: [HIST] fixture=14 class=true_steady lower_us=1295 n=1[0m
[0;32mI (46128) forensics: [CALLBACK_CURVE] model=BELL fixture=14 voices=4 class=true_steady n=8103 avg_us=980.92 p95_us=1050 p99_us=1195 p995_us=1230 p999_us=1320 max_us=1686 deadline=0 overhead_avg_us=17.81[0m
[0;32mI (46148) forensics: [CALLBACK_HIST] fixture=14 class=true_steady lower_us=945 n=520[0m
[0;32mI (46158) forensics: [CALLBACK_HIST] fixture=14 class=true_steady lower_us=950 n=1211[0m
[0;32mI (46168) forensics: [CALLBACK_HIST] fixture=14 class=true_steady lower_us=955 n=1328[0m
[0;32mI (46178) forensics: [CALLBACK_HIST] fixture=14 class=true_steady lower_us=960 n=874[0m
[0;32mI (46188) forensics: [CALLBACK_HIST] fixture=14 class=true_steady lower_us=965 n=675[0m
[0;32mI (46188) forensics: [CALLBACK_HIST] fixture=14 class=true_steady lower_us=970 n=466[0m
[0;32mI (46198) forensics: [CALLBACK_HIST] fixture=14 class=true_steady lower_us=975 n=345[0m
[0;32mI (46208) forensics: [CALLBACK_HIST] fixture=14 class=true_steady lower_us=980 n=271[0m
[0;32mI (46218) forensics: [CALLBACK_HIST] fixture=14 class=true_steady lower_us=985 n=308[0m
[0;32mI (46228) forensics: [CALLBACK_HIST] fixture=14 class=true_steady lower_us=990 n=216[0m
[0;32mI (46238) forensics: [CALLBACK_HIST] fixture=14 class=true_steady lower_us=995 n=248[0m
[0;32mI (46238) forensics: [CALLBACK_HIST] fixture=14 class=true_steady lower_us=1000 n=173[0m
[0;32mI (46248) forensics: [CALLBACK_HIST] fixture=14 class=true_steady lower_us=1005 n=172[0m
[0;32mI (46258) forensics: [CALLBACK_HIST] fixture=14 class=true_steady lower_us=1010 n=166[0m
[0;32mI (46268) forensics: [CALLBACK_HIST] fixture=14 class=true_steady lower_us=1015 n=139[0m
[0;32mI (46278) forensics: [CALLBACK_HIST] fixture=14 class=true_steady lower_us=1020 n=112[0m
[0;32mI (46288) forensics: [CALLBACK_HIST] fixture=14 class=true_steady lower_us=1025 n=111[0m
[0;32mI (46298) forensics: [CALLBACK_HIST] fixture=14 class=true_steady lower_us=1030 n=117[0m
[0;32mI (46298) forensics: [CALLBACK_HIST] fixture=14 class=true_steady lower_us=1035 n=96[0m
[0;32mI (46308) forensics: [CALLBACK_HIST] fixture=14 class=true_steady lower_us=1040 n=76[0m
[0;32mI (46318) forensics: [CALLBACK_HIST] fixture=14 class=true_steady lower_us=1045 n=87[0m
[0;32mI (46328) forensics: [CALLBACK_HIST] fixture=14 class=true_steady lower_us=1050 n=53[0m
[0;32mI (46338) forensics: [CALLBACK_HIST] fixture=14 class=true_steady lower_us=1055 n=34[0m
[0;32mI (46348) forensics: [CALLBACK_HIST] fixture=14 class=true_steady lower_us=1060 n=28[0m
[0;32mI (46348) forensics: [CALLBACK_HIST] fixture=14 class=true_steady lower_us=1065 n=27[0m
[0;32mI (46358) forensics: [CALLBACK_HIST] fixture=14 class=true_steady lower_us=1070 n=18[0m
[0;32mI (46368) forensics: [CALLBACK_HIST] fixture=14 class=true_steady lower_us=1075 n=18[0m
[0;32mI (46378) forensics: [CALLBACK_HIST] fixture=14 class=true_steady lower_us=1080 n=12[0m
[0;32mI (46388) forensics: [CALLBACK_HIST] fixture=14 class=true_steady lower_us=1085 n=16[0m
[0;32mI (46398) forensics: [CALLBACK_HIST] fixture=14 class=true_steady lower_us=1090 n=10[0m
[0;32mI (46398) forensics: [CALLBACK_HIST] fixture=14 class=true_steady lower_us=1095 n=8[0m
[0;32mI (46408) forensics: [CALLBACK_HIST] fixture=14 class=true_steady lower_us=1100 n=5[0m
[0;32mI (46418) forensics: [CALLBACK_HIST] fixture=14 class=true_steady lower_us=1105 n=5[0m
[0;32mI (46428) forensics: [CALLBACK_HIST] fixture=14 class=true_steady lower_us=1110 n=7[0m
[0;32mI (46438) forensics: [CALLBACK_HIST] fixture=14 class=true_steady lower_us=1115 n=4[0m
[0;32mI (46448) forensics: [CALLBACK_HIST] fixture=14 class=true_steady lower_us=1120 n=5[0m
[0;32mI (46448) forensics: [CALLBACK_HIST] fixture=14 class=true_steady lower_us=1125 n=4[0m
[0;32mI (46458) forensics: [CALLBACK_HIST] fixture=14 class=true_steady lower_us=1130 n=4[0m
[0;32mI (46468) forensics: [CALLBACK_HIST] fixture=14 class=true_steady lower_us=1135 n=4[0m
[0;32mI (46478) forensics: [CALLBACK_HIST] fixture=14 class=true_steady lower_us=1145 n=7[0m
[0;32mI (46488) forensics: [CALLBACK_HIST] fixture=14 class=true_steady lower_us=1150 n=4[0m
[0;32mI (46498) forensics: [CALLBACK_HIST] fixture=14 class=true_steady lower_us=1155 n=3[0m
[0;32mI (46498) forensics: [CALLBACK_HIST] fixture=14 class=true_steady lower_us=1160 n=5[0m
[0;32mI (46508) forensics: [CALLBACK_HIST] fixture=14 class=true_steady lower_us=1165 n=3[0m
[0;32mI (46518) forensics: [CALLBACK_HIST] fixture=14 class=true_steady lower_us=1170 n=8[0m
[0;32mI (46528) forensics: [CALLBACK_HIST] fixture=14 class=true_steady lower_us=1175 n=3[0m
[0;32mI (46538) forensics: [CALLBACK_HIST] fixture=14 class=true_steady lower_us=1180 n=8[0m
[0;32mI (46548) forensics: [CALLBACK_HIST] fixture=14 class=true_steady lower_us=1185 n=6[0m
[0;32mI (46548) forensics: [CALLBACK_HIST] fixture=14 class=true_steady lower_us=1190 n=3[0m
[0;32mI (46558) forensics: [CALLBACK_HIST] fixture=14 class=true_steady lower_us=1195 n=5[0m
[0;32mI (46568) forensics: [CALLBACK_HIST] fixture=14 class=true_steady lower_us=1200 n=8[0m
[0;32mI (46578) forensics: [CALLBACK_HIST] fixture=14 class=true_steady lower_us=1205 n=7[0m
[0;32mI (46588) forensics: [CALLBACK_HIST] fixture=14 class=true_steady lower_us=1210 n=5[0m
[0;32mI (46598) forensics: [CALLBACK_HIST] fixture=14 class=true_steady lower_us=1215 n=6[0m
[0;32mI (46598) forensics: [CALLBACK_HIST] fixture=14 class=true_steady lower_us=1220 n=6[0m
[0;32mI (46608) forensics: [CALLBACK_HIST] fixture=14 class=true_steady lower_us=1225 n=5[0m
[0;32mI (46618) forensics: [CALLBACK_HIST] fixture=14 class=true_steady lower_us=1230 n=7[0m
[0;32mI (46628) forensics: [CALLBACK_HIST] fixture=14 class=true_steady lower_us=1235 n=1[0m
[0;32mI (46638) forensics: [CALLBACK_HIST] fixture=14 class=true_steady lower_us=1240 n=2[0m
[0;32mI (46648) forensics: [CALLBACK_HIST] fixture=14 class=true_steady lower_us=1245 n=5[0m
[0;32mI (46648) forensics: [CALLBACK_HIST] fixture=14 class=true_steady lower_us=1250 n=1[0m
[0;32mI (46658) forensics: [CALLBACK_HIST] fixture=14 class=true_steady lower_us=1255 n=2[0m
[0;32mI (46668) forensics: [CALLBACK_HIST] fixture=14 class=true_steady lower_us=1260 n=1[0m
[0;32mI (46678) forensics: [CALLBACK_HIST] fixture=14 class=true_steady lower_us=1265 n=2[0m
[0;32mI (46688) forensics: [CALLBACK_HIST] fixture=14 class=true_steady lower_us=1285 n=3[0m
[0;32mI (46698) forensics: [CALLBACK_HIST] fixture=14 class=true_steady lower_us=1295 n=1[0m
[0;32mI (46698) forensics: [CALLBACK_HIST] fixture=14 class=true_steady lower_us=1300 n=1[0m
[0;32mI (46708) forensics: [CALLBACK_HIST] fixture=14 class=true_steady lower_us=1305 n=1[0m
[0;32mI (46718) forensics: [CALLBACK_HIST] fixture=14 class=true_steady lower_us=1310 n=2[0m
[0;32mI (46728) forensics: [CALLBACK_HIST] fixture=14 class=true_steady lower_us=1315 n=2[0m
[0;32mI (46738) forensics: [CALLBACK_HIST] fixture=14 class=true_steady lower_us=1320 n=2[0m
[0;32mI (46748) forensics: [CALLBACK_HIST] fixture=14 class=true_steady lower_us=1340 n=1[0m
[0;32mI (46748) forensics: [CALLBACK_HIST] fixture=14 class=true_steady lower_us=1365 n=1[0m
[0;32mI (46758) forensics: [CALLBACK_HIST] fixture=14 class=true_steady lower_us=1415 n=1[0m
[0;32mI (46768) forensics: [CALLBACK_HIST] fixture=14 class=true_steady lower_us=1425 n=1[0m
[0;32mI (46778) forensics: [CALLBACK_HIST] fixture=14 class=true_steady lower_us=1685 n=1[0m
[0;32mI (46788) forensics: [CURVE] model=BELL fixture=14 voices=4 class=attack_tail n=44 avg_us=1154.40 p95_us=1190 p99_us=1240 p995_us=1240 p999_us=1240 max_us=1238 deadline=0 bad_voices=0 ble_lost=0 hard=0 sat=0 bin_us=5[0m
[0;32mI (46808) forensics: [HIST] fixture=14 class=attack_tail lower_us=1130 n=4[0m
[0;32mI (46818) forensics: [HIST] fixture=14 class=attack_tail lower_us=1135 n=5[0m
[0;32mI (46818) forensics: [HIST] fixture=14 class=attack_tail lower_us=1140 n=9[0m
[0;32mI (46828) forensics: [HIST] fixture=14 class=attack_tail lower_us=1145 n=2[0m
[0;32mI (46838) forensics: [HIST] fixture=14 class=attack_tail lower_us=1150 n=7[0m
[0;32mI (46848) forensics: [HIST] fixture=14 class=attack_tail lower_us=1155 n=7[0m
[0;32mI (46848) forensics: [HIST] fixture=14 class=attack_tail lower_us=1160 n=3[0m
[0;32mI (46858) forensics: [HIST] fixture=14 class=attack_tail lower_us=1165 n=1[0m
[0;32mI (46868) forensics: [HIST] fixture=14 class=attack_tail lower_us=1180 n=2[0m
[0;32mI (46878) forensics: [HIST] fixture=14 class=attack_tail lower_us=1185 n=2[0m
[0;32mI (46878) forensics: [HIST] fixture=14 class=attack_tail lower_us=1225 n=1[0m
[0;32mI (46888) forensics: [HIST] fixture=14 class=attack_tail lower_us=1235 n=1[0m
[0;32mI (46898) forensics: [CALLBACK_CURVE] model=BELL fixture=14 voices=4 class=attack_tail n=44 avg_us=1183.07 p95_us=1235 p99_us=1300 p995_us=1300 p999_us=1300 max_us=1297 deadline=0 overhead_avg_us=28.67[0m
[0;32mI (46918) forensics: [CALLBACK_HIST] fixture=14 class=attack_tail lower_us=1145 n=2[0m
[0;32mI (46928) forensics: [CALLBACK_HIST] fixture=14 class=attack_tail lower_us=1150 n=2[0m
[0;32mI (46928) forensics: [CALLBACK_HIST] fixture=14 class=attack_tail lower_us=1155 n=1[0m
[0;32mI (46938) forensics: [CALLBACK_HIST] fixture=14 class=attack_tail lower_us=1160 n=6[0m
[0;32mI (46948) forensics: [CALLBACK_HIST] fixture=14 class=attack_tail lower_us=1165 n=3[0m
[0;32mI (46958) forensics: [CALLBACK_HIST] fixture=14 class=attack_tail lower_us=1170 n=5[0m
[0;32mI (46968) forensics: [CALLBACK_HIST] fixture=14 class=attack_tail lower_us=1175 n=6[0m
[0;32mI (46978) forensics: [CALLBACK_HIST] fixture=14 class=attack_tail lower_us=1180 n=4[0m
[0;32mI (46978) forensics: [CALLBACK_HIST] fixture=14 class=attack_tail lower_us=1185 n=3[0m
[0;32mI (46988) forensics: [CALLBACK_HIST] fixture=14 class=attack_tail lower_us=1190 n=3[0m
[0;32mI (46998) forensics: [CALLBACK_HIST] fixture=14 class=attack_tail lower_us=1195 n=3[0m
[0;32mI (47008) forensics: [CALLBACK_HIST] fixture=14 class=attack_tail lower_us=1210 n=1[0m
[0;32mI (47018) forensics: [CALLBACK_HIST] fixture=14 class=attack_tail lower_us=1220 n=1[0m
[0;32mI (47028) forensics: [CALLBACK_HIST] fixture=14 class=attack_tail lower_us=1225 n=1[0m
[0;32mI (47028) forensics: [CALLBACK_HIST] fixture=14 class=attack_tail lower_us=1230 n=1[0m
[0;32mI (47038) forensics: [CALLBACK_HIST] fixture=14 class=attack_tail lower_us=1265 n=1[0m
[0;32mI (47048) forensics: [CALLBACK_HIST] fixture=14 class=attack_tail lower_us=1295 n=1[0m
[0;32mI (47058) forensics: [CURVE] model=BELL fixture=14 voices=4 class=event n=44 avg_us=1544.45 p95_us=1640 p99_us=1940 p995_us=1940 p999_us=1940 max_us=1935 deadline=0 bad_voices=0 ble_lost=0 hard=0 sat=0 bin_us=5[0m
[0;32mI (47078) forensics: [HIST] fixture=14 class=event lower_us=1500 n=3[0m
[0;32mI (47088) forensics: [HIST] fixture=14 class=event lower_us=1505 n=6[0m
[0;32mI (47088) forensics: [HIST] fixture=14 class=event lower_us=1510 n=3[0m
[0;32mI (47098) forensics: [HIST] fixture=14 class=event lower_us=1515 n=7[0m
[0;32mI (47108) forensics: [HIST] fixture=14 class=event lower_us=1520 n=3[0m
[0;32mI (47108) forensics: [HIST] fixture=14 class=event lower_us=1525 n=2[0m
[0;32mI (47118) forensics: [HIST] fixture=14 class=event lower_us=1530 n=5[0m
[0;32mI (47128) forensics: [HIST] fixture=14 class=event lower_us=1535 n=3[0m
[0;32mI (47128) forensics: [HIST] fixture=14 class=event lower_us=1540 n=1[0m
[0;32mI (47138) forensics: [HIST] fixture=14 class=event lower_us=1545 n=1[0m
[0;32mI (47148) forensics: [HIST] fixture=14 class=event lower_us=1555 n=1[0m
[0;32mI (47158) forensics: [HIST] fixture=14 class=event lower_us=1570 n=2[0m
[0;32mI (47158) forensics: [HIST] fixture=14 class=event lower_us=1580 n=2[0m
[0;32mI (47168) forensics: [HIST] fixture=14 class=event lower_us=1585 n=1[0m
[0;32mI (47178) forensics: [HIST] fixture=14 class=event lower_us=1610 n=1[0m
[0;32mI (47178) forensics: [HIST] fixture=14 class=event lower_us=1635 n=1[0m
[0;32mI (47188) forensics: [HIST] fixture=14 class=event lower_us=1665 n=1[0m
[0;32mI (47198) forensics: [HIST] fixture=14 class=event lower_us=1935 n=1[0m
[0;32mI (47198) forensics: [CALLBACK_CURVE] model=BELL fixture=14 voices=4 class=event n=44 avg_us=1629.16 p95_us=1790 p99_us=2110 p995_us=2110 p999_us=2110 max_us=2105 deadline=0 overhead_avg_us=84.71[0m
[0;32mI (47218) forensics: [CALLBACK_HIST] fixture=14 class=event lower_us=1570 n=1[0m
[0;32mI (47228) forensics: [CALLBACK_HIST] fixture=14 class=event lower_us=1575 n=4[0m
[0;32mI (47238) forensics: [CALLBACK_HIST] fixture=14 class=event lower_us=1580 n=5[0m
[0;32mI (47248) forensics: [CALLBACK_HIST] fixture=14 class=event lower_us=1585 n=3[0m
[0;32mI (47248) forensics: [CALLBACK_HIST] fixture=14 class=event lower_us=1590 n=6[0m
[0;32mI (47258) forensics: [CALLBACK_HIST] fixture=14 class=event lower_us=1595 n=3[0m
[0;32mI (47268) forensics: [CALLBACK_HIST] fixture=14 class=event lower_us=1600 n=2[0m
[0;32mI (47278) forensics: [CALLBACK_HIST] fixture=14 class=event lower_us=1605 n=4[0m
[0;32mI (47288) forensics: [CALLBACK_HIST] fixture=14 class=event lower_us=1610 n=3[0m
[0;32mI (47288) forensics: [CALLBACK_HIST] fixture=14 class=event lower_us=1615 n=1[0m
[0;32mI (47298) forensics: [CALLBACK_HIST] fixture=14 class=event lower_us=1630 n=2[0m
[0;32mI (47308) forensics: [CALLBACK_HIST] fixture=14 class=event lower_us=1640 n=1[0m
[0;32mI (47318) forensics: [CALLBACK_HIST] fixture=14 class=event lower_us=1645 n=1[0m
[0;32mI (47318) forensics: [CALLBACK_HIST] fixture=14 class=event lower_us=1660 n=3[0m
[0;32mI (47328) forensics: [CALLBACK_HIST] fixture=14 class=event lower_us=1690 n=1[0m
[0;32mI (47338) forensics: [CALLBACK_HIST] fixture=14 class=event lower_us=1785 n=2[0m
[0;32mI (47348) forensics: [CALLBACK_HIST] fixture=14 class=event lower_us=1790 n=1[0m
[0;32mI (47358) forensics: [CALLBACK_HIST] fixture=14 class=event lower_us=2105 n=1[0m
[0;32mI (47358) forensics: [CURVE] model=BELL fixture=14 voices=4 class=fixture_transition n=1 avg_us=1198.95 p95_us=1200 p99_us=1200 p995_us=1200 p999_us=1200 max_us=1199 deadline=0 bad_voices=0 ble_lost=0 hard=0 sat=0 bin_us=5[0m
[0;32mI (47378) forensics: [HIST] fixture=14 class=fixture_transition lower_us=1195 n=1[0m
[0;32mI (47388) forensics: [CALLBACK_CURVE] model=BELL fixture=14 voices=4 class=fixture_transition n=1 avg_us=1293.00 p95_us=1295 p99_us=1295 p995_us=1295 p999_us=1295 max_us=1293 deadline=0 overhead_avg_us=94.05[0m
[0;32mI (47408) forensics: [CALLBACK_HIST] fixture=14 class=fixture_transition lower_us=1290 n=1[0m
[0;32mI (47418) forensics: [FASTPATH] fixture=14 stable8=0 attack=8[0m
[0;32mI (47428) forensics: [OVERHEAD] fixture=14 blocks=8192 model_reset_avg_us=2.05 model_reset_max_us=24 queue_avg_us=2.27 queue_max_us=30 render_avg_us=972.69 telem_avg_us=4.99 telem_max_us=85 telem_publishes=1024[0m
[0;33mW (47478) forensics: [OVERRUN] seq=16816 callback_us=2803 inner_us=2696 class=event fixture=13 model=BELL voices=8 exciter=1 midi_depth=0 midi_consumed=0 telem=0 model_req=0 reset_req=0[0m
[0;33mW (47478) forensics: [OVERRUN] seq=17380 callback_us=2688 inner_us=2598 class=event fixture=13 model=BELL voices=8 exciter=1 midi_depth=0 midi_consumed=0 telem=0 model_req=0 reset_req=0[0m
[0;32mI (47498) pocket_pan_main: [AUDIO] model=PAN blocks=17483 avg_us=1690 p99_us=0 max_us=2803 cpu_load=63.4 deadline=2 timeout=0 tx_error=0 short=0[0m
[0;32mI (47508) pocket_pan_main: [MIDI] push=0 pop=0 drop=0 hwm=0 last=(n=62 v=0 t=78 hex=000000)[0m
[0;32mI (47518) pocket_pan_main: [BLE] state=8 interval_ms=11.25 latency=0 rssi=-68 reconnects=0 last_disconnect=0[0m
[0;32mI (47528) pocket_pan_main: [MEM] internal_free=80559 largest_internal=31744[0m
[0;32mI (47538) pocket_pan_main: [UIREDRAW] urgent=10 telemetry=201 skip=1202[0m
[0;33mW (49258) forensics: [OVERRUN] seq=18132 callback_us=2731 inner_us=2620 class=event fixture=13 model=BELL voices=8 exciter=1 midi_depth=0 midi_consumed=0 telem=0 model_req=0 reset_req=0[0m
[0;33mW (50258) forensics: [OVERRUN] seq=18508 callback_us=2701 inner_us=2603 class=event fixture=13 model=BELL voices=8 exciter=1 midi_depth=0 midi_consumed=0 telem=0 model_req=0 reset_req=0[0m
[0;32mI (52478) pocket_pan_main: [AUDIO] model=PAN blocks=19351 avg_us=1648 p99_us=1950 max_us=2803 cpu_load=61.8 deadline=4 timeout=0 tx_error=0 short=0[0m
[0;32mI (52478) pocket_pan_main: [MIDI] push=0 pop=0 drop=0 hwm=0 last=(n=62 v=0 t=78 hex=000000)[0m
[0;32mI (52488) pocket_pan_main: [BLE] state=8 interval_ms=11.25 latency=0 rssi=-73 reconnects=0 last_disconnect=0[0m
[0;32mI (52498) pocket_pan_main: [MEM] internal_free=80559 largest_internal=31744[0m
[0;32mI (52508) pocket_pan_main: [UIREDRAW] urgent=10 telemetry=224 skip=1343[0m
[0;33mW (54258) forensics: [OVERRUN] seq=20012 callback_us=2753 inner_us=2684 class=event fixture=13 model=BELL voices=8 exciter=1 midi_depth=0 midi_consumed=0 telem=0 model_req=0 reset_req=0[0m
[0;33mW (56278) forensics: [OVERRUN] seq=20764 callback_us=2719 inner_us=2602 class=event fixture=13 model=BELL voices=8 exciter=1 midi_depth=0 midi_consumed=0 telem=0 model_req=0 reset_req=0[0m
[0;33mW (57278) forensics: [OVERRUN] seq=21140 callback_us=2729 inner_us=2608 class=event fixture=13 model=BELL voices=8 exciter=1 midi_depth=0 midi_consumed=0 telem=0 model_req=0 reset_req=0[0m
[0;32mI (57488) pocket_pan_main: [AUDIO] model=PAN blocks=21229 avg_us=1653 p99_us=1925 max_us=2803 cpu_load=62.0 deadline=7 timeout=0 tx_error=0 short=0[0m
[0;32mI (57488) pocket_pan_main: [MIDI] push=0 pop=0 drop=0 hwm=0 last=(n=62 v=0 t=78 hex=000000)[0m
[0;32mI (57498) pocket_pan_main: [BLE] state=8 interval_ms=11.25 latency=0 rssi=-66 reconnects=0 last_disconnect=0[0m
[0;32mI (57508) pocket_pan_main: [MEM] internal_free=80559 largest_internal=31744[0m
[0;32mI (57518) pocket_pan_main: [UIREDRAW] urgent=10 telemetry=248 skip=1484[0m
[0;32mI (62508) pocket_pan_main: [AUDIO] model=PAN blocks=23110 avg_us=1628 p99_us=1950 max_us=2803 cpu_load=61.0 deadline=7 timeout=0 tx_error=0 short=0[0m
[0;32mI (62508) pocket_pan_main: [MIDI] push=0 pop=0 drop=0 hwm=0 last=(n=62 v=0 t=78 hex=000000)[0m
[0;32mI (62518) pocket_pan_main: [BLE] state=8 interval_ms=11.25 latency=0 rssi=-65 reconnects=0 last_disconnect=0[0m
[0;32mI (62528) pocket_pan_main: [MEM] internal_free=80559 largest_internal=31744[0m
[0;32mI (62538) pocket_pan_main: [UIREDRAW] urgent=10 telemetry=272 skip=1626[0m
[0;33mW (67308) forensics: [OVERRUN] seq=24900 callback_us=2704 inner_us=2598 class=event fixture=13 model=BELL voices=8 exciter=1 midi_depth=0 midi_consumed=0 telem=0 model_req=0 reset_req=0[0m
[0;32mI (67528) pocket_pan_main: [AUDIO] model=PAN blocks=24995 avg_us=1644 p99_us=1950 max_us=2803 cpu_load=61.6 deadline=8 timeout=0 tx_error=0 short=0[0m
[0;32mI (67528) pocket_pan_main: [MIDI] push=0 pop=0 drop=0 hwm=0 last=(n=62 v=0 t=78 hex=000000)[0m
[0;32mI (67538) pocket_pan_main: [BLE] state=8 interval_ms=11.25 latency=0 rssi=-65 reconnects=0 last_disconnect=0[0m
[0;32mI (67548) pocket_pan_main: [MEM] internal_free=80559 largest_internal=31744[0m
[0;32mI (67558) pocket_pan_main: [UIREDRAW] urgent=10 telemetry=296 skip=1768[0m
[0;32mI (67598) forensics: [CURVE] model=BELL fixture=13 voices=8 class=true_steady n=8103 avg_us=1616.69 p95_us=1670 p99_us=1780 p995_us=1810 p999_us=1860 max_us=1960 deadline=0 bad_voices=0 ble_lost=0 hard=0 sat=0 bin_us=5[0m
[0;32mI (67608) forensics: [HIST] fixture=13 class=true_steady lower_us=1590 n=722[0m
[0;32mI (67618) forensics: [HIST] fixture=13 class=true_steady lower_us=1595 n=1492[0m
[0;32mI (67628) forensics: [HIST] fixture=13 class=true_steady lower_us=1600 n=1472[0m
[0;32mI (67628) forensics: [HIST] fixture=13 class=true_steady lower_us=1605 n=890[0m
[0;32mI (67638) forensics: [HIST] fixture=13 class=true_steady lower_us=1610 n=741[0m
[0;32mI (67648) forensics: [HIST] fixture=13 class=true_steady lower_us=1615 n=519[0m
[0;32mI (67658) forensics: [HIST] fixture=13 class=true_steady lower_us=1620 n=386[0m
[0;32mI (67658) forensics: [HIST] fixture=13 class=true_steady lower_us=1625 n=260[0m
[0;32mI (67668) forensics: [HIST] fixture=13 class=true_steady lower_us=1630 n=221[0m
[0;32mI (67678) forensics: [HIST] fixture=13 class=true_steady lower_us=1635 n=207[0m
[0;32mI (67688) forensics: [HIST] fixture=13 class=true_steady lower_us=1640 n=178[0m
[0;32mI (67688) forensics: [HIST] fixture=13 class=true_steady lower_us=1645 n=147[0m
[0;32mI (67698) forensics: [HIST] fixture=13 class=true_steady lower_us=1650 n=147[0m
[0;32mI (67708) forensics: [HIST] fixture=13 class=true_steady lower_us=1655 n=122[0m
[0;32mI (67718) forensics: [HIST] fixture=13 class=true_steady lower_us=1660 n=104[0m
[0;32mI (67728) forensics: [HIST] fixture=13 class=true_steady lower_us=1665 n=93[0m
[0;32mI (67728) forensics: [HIST] fixture=13 class=true_steady lower_us=1670 n=62[0m
[0;32mI (67738) forensics: [HIST] fixture=13 class=true_steady lower_us=1675 n=48[0m
[0;32mI (67748) forensics: [HIST] fixture=13 class=true_steady lower_us=1680 n=47[0m
[0;32mI (67758) forensics: [HIST] fixture=13 class=true_steady lower_us=1685 n=18[0m
[0;32mI (67758) forensics: [HIST] fixture=13 class=true_steady lower_us=1690 n=19[0m
[0;32mI (67768) forensics: [HIST] fixture=13 class=true_steady lower_us=1695 n=5[0m
[0;32mI (67778) forensics: [HIST] fixture=13 class=true_steady lower_us=1700 n=7[0m
[0;32mI (67788) forensics: [HIST] fixture=13 class=true_steady lower_us=1705 n=9[0m
[0;32mI (67788) forensics: [HIST] fixture=13 class=true_steady lower_us=1710 n=6[0m
[0;32mI (67798) forensics: [HIST] fixture=13 class=true_steady lower_us=1715 n=6[0m
[0;32mI (67808) forensics: [HIST] fixture=13 class=true_steady lower_us=1720 n=8[0m
[0;32mI (67818) forensics: [HIST] fixture=13 class=true_steady lower_us=1725 n=8[0m
[0;32mI (67818) forensics: [HIST] fixture=13 class=true_steady lower_us=1730 n=9[0m
[0;32mI (67828) forensics: [HIST] fixture=13 class=true_steady lower_us=1735 n=9[0m
[0;32mI (67838) forensics: [HIST] fixture=13 class=true_steady lower_us=1740 n=11[0m
[0;32mI (67848) forensics: [HIST] fixture=13 class=true_steady lower_us=1745 n=3[0m
[0;32mI (67848) forensics: [HIST] fixture=13 class=true_steady lower_us=1750 n=13[0m
[0;32mI (67858) forensics: [HIST] fixture=13 class=true_steady lower_us=1755 n=7[0m
[0;32mI (67868) forensics: [HIST] fixture=13 class=true_steady lower_us=1760 n=9[0m
[0;32mI (67878) forensics: [HIST] fixture=13 class=true_steady lower_us=1765 n=5[0m
[0;32mI (67888) forensics: [HIST] fixture=13 class=true_steady lower_us=1770 n=7[0m
[0;32mI (67888) forensics: [HIST] fixture=13 class=true_steady lower_us=1775 n=7[0m
[0;32mI (67898) forensics: [HIST] fixture=13 class=true_steady lower_us=1780 n=6[0m
[0;32mI (67908) forensics: [HIST] fixture=13 class=true_steady lower_us=1785 n=6[0m
[0;32mI (67918) forensics: [HIST] fixture=13 class=true_steady lower_us=1790 n=8[0m
[0;32mI (67918) forensics: [HIST] fixture=13 class=true_steady lower_us=1795 n=8[0m
[0;32mI (67928) forensics: [HIST] fixture=13 class=true_steady lower_us=1800 n=2[0m
[0;32mI (67938) forensics: [HIST] fixture=13 class=true_steady lower_us=1805 n=9[0m
[0;32mI (67948) forensics: [HIST] fixture=13 class=true_steady lower_us=1810 n=3[0m
[0;32mI (67948) forensics: [HIST] fixture=13 class=true_steady lower_us=1815 n=6[0m
[0;32mI (67958) forensics: [HIST] fixture=13 class=true_steady lower_us=1820 n=4[0m
[0;32mI (67968) forensics: [HIST] fixture=13 class=true_steady lower_us=1825 n=4[0m
[0;32mI (67978) forensics: [HIST] fixture=13 class=true_steady lower_us=1830 n=5[0m
[0;32mI (67978) forensics: [HIST] fixture=13 class=true_steady lower_us=1835 n=4[0m
[0;32mI (67988) forensics: [HIST] fixture=13 class=true_steady lower_us=1840 n=3[0m
[0;32mI (67998) forensics: [HIST] fixture=13 class=true_steady lower_us=1850 n=2[0m
[0;32mI (68008) forensics: [HIST] fixture=13 class=true_steady lower_us=1855 n=2[0m
[0;32mI (68008) forensics: [HIST] fixture=13 class=true_steady lower_us=1860 n=1[0m
[0;32mI (68018) forensics: [HIST] fixture=13 class=true_steady lower_us=1870 n=1[0m
[0;32mI (68028) forensics: [HIST] fixture=13 class=true_steady lower_us=1875 n=1[0m
[0;32mI (68038) forensics: [HIST] fixture=13 class=true_steady lower_us=1880 n=1[0m
[0;32mI (68038) forensics: [HIST] fixture=13 class=true_steady lower_us=1905 n=1[0m
[0;32mI (68048) forensics: [HIST] fixture=13 class=true_steady lower_us=1940 n=1[0m
[0;32mI (68058) forensics: [HIST] fixture=13 class=true_steady lower_us=1960 n=1[0m
[0;32mI (68068) forensics: [CALLBACK_CURVE] model=BELL fixture=13 voices=8 class=true_steady n=8103 avg_us=1634.44 p95_us=1705 p99_us=1855 p995_us=1915 p999_us=1995 max_us=2141 deadline=0 overhead_avg_us=17.75[0m
[0;32mI (68088) forensics: [CALLBACK_HIST] fixture=13 class=true_steady lower_us=965 n=1[0m
[0;32mI (68088) forensics: [CALLBACK_HIST] fixture=13 class=true_steady lower_us=1600 n=698[0m
[0;32mI (68098) forensics: [CALLBACK_HIST] fixture=13 class=true_steady lower_us=1605 n=1493[0m
[0;32mI (68108) forensics: [CALLBACK_HIST] fixture=13 class=true_steady lower_us=1610 n=1199[0m
[0;32mI (68118) forensics: [CALLBACK_HIST] fixture=13 class=true_steady lower_us=1615 n=765[0m
[0;32mI (68128) forensics: [CALLBACK_HIST] fixture=13 class=true_steady lower_us=1620 n=546[0m
[0;32mI (68138) forensics: [CALLBACK_HIST] fixture=13 class=true_steady lower_us=1625 n=438[0m
[0;32mI (68138) forensics: [CALLBACK_HIST] fixture=13 class=true_steady lower_us=1630 n=336[0m
[0;32mI (68148) forensics: [CALLBACK_HIST] fixture=13 class=true_steady lower_us=1635 n=279[0m
[0;32mI (68158) forensics: [CALLBACK_HIST] fixture=13 class=true_steady lower_us=1640 n=297[0m
[0;32mI (68168) forensics: [CALLBACK_HIST] fixture=13 class=true_steady lower_us=1645 n=253[0m
[0;32mI (68178) forensics: [CALLBACK_HIST] fixture=13 class=true_steady lower_us=1650 n=196[0m
[0;32mI (68188) forensics: [CALLBACK_HIST] fixture=13 class=true_steady lower_us=1655 n=160[0m
[0;32mI (68198) forensics: [CALLBACK_HIST] fixture=13 class=true_steady lower_us=1660 n=165[0m
[0;32mI (68198) forensics: [CALLBACK_HIST] fixture=13 class=true_steady lower_us=1665 n=157[0m
[0;32mI (68208) forensics: [CALLBACK_HIST] fixture=13 class=true_steady lower_us=1670 n=139[0m
[0;32mI (68218) forensics: [CALLBACK_HIST] fixture=13 class=true_steady lower_us=1675 n=138[0m
[0;32mI (68228) forensics: [CALLBACK_HIST] fixture=13 class=true_steady lower_us=1680 n=121[0m
[0;32mI (68238) forensics: [CALLBACK_HIST] fixture=13 class=true_steady lower_us=1685 n=121[0m
[0;32mI (68248) forensics: [CALLBACK_HIST] fixture=13 class=true_steady lower_us=1690 n=102[0m
[0;32mI (68258) forensics: [CALLBACK_HIST] fixture=13 class=true_steady lower_us=1695 n=80[0m
[0;32mI (68258) forensics: [CALLBACK_HIST] fixture=13 class=true_steady lower_us=1700 n=52[0m
[0;32mI (68268) forensics: [CALLBACK_HIST] fixture=13 class=true_steady lower_us=1705 n=41[0m
[0;32mI (68278) forensics: [CALLBACK_HIST] fixture=13 class=true_steady lower_us=1710 n=30[0m
[0;32mI (68288) forensics: [CALLBACK_HIST] fixture=13 class=true_steady lower_us=1715 n=20[0m
[0;32mI (68298) forensics: [CALLBACK_HIST] fixture=13 class=true_steady lower_us=1720 n=16[0m
[0;32mI (68308) forensics: [CALLBACK_HIST] fixture=13 class=true_steady lower_us=1725 n=19[0m
[0;32mI (68308) forensics: [CALLBACK_HIST] fixture=13 class=true_steady lower_us=1730 n=11[0m
[0;32mI (68318) forensics: [CALLBACK_HIST] fixture=13 class=true_steady lower_us=1735 n=9[0m
[0;32mI (68328) forensics: [CALLBACK_HIST] fixture=13 class=true_steady lower_us=1740 n=7[0m
[0;32mI (68338) forensics: [CALLBACK_HIST] fixture=13 class=true_steady lower_us=1745 n=9[0m
[0;32mI (68348) forensics: [CALLBACK_HIST] fixture=13 class=true_steady lower_us=1750 n=6[0m
[0;32mI (68358) forensics: [CALLBACK_HIST] fixture=13 class=true_steady lower_us=1755 n=9[0m
[0;32mI (68358) forensics: [CALLBACK_HIST] fixture=13 class=true_steady lower_us=1760 n=10[0m
[0;32mI (68368) forensics: [CALLBACK_HIST] fixture=13 class=true_steady lower_us=1765 n=6[0m
[0;32mI (68378) forensics: [CALLBACK_HIST] fixture=13 class=true_steady lower_us=1770 n=5[0m
[0;32mI (68388) forensics: [CALLBACK_HIST] fixture=13 class=true_steady lower_us=1775 n=10[0m
[0;32mI (68398) forensics: [CALLBACK_HIST] fixture=13 class=true_steady lower_us=1780 n=4[0m
[0;32mI (68408) forensics: [CALLBACK_HIST] fixture=13 class=true_steady lower_us=1785 n=5[0m
[0;32mI (68408) forensics: [CALLBACK_HIST] fixture=13 class=true_steady lower_us=1790 n=9[0m
[0;32mI (68418) forensics: [CALLBACK_HIST] fixture=13 class=true_steady lower_us=1795 n=5[0m
[0;32mI (68428) forensics: [CALLBACK_HIST] fixture=13 class=true_steady lower_us=1800 n=5[0m
[0;32mI (68438) forensics: [CALLBACK_HIST] fixture=13 class=true_steady lower_us=1805 n=6[0m
[0;32mI (68448) forensics: [CALLBACK_HIST] fixture=13 class=true_steady lower_us=1810 n=7[0m
[0;32mI (68458) forensics: [CALLBACK_HIST] fixture=13 class=true_steady lower_us=1815 n=6[0m
[0;32mI (68458) forensics: [CALLBACK_HIST] fixture=13 class=true_steady lower_us=1820 n=5[0m
[0;32mI (68468) forensics: [CALLBACK_HIST] fixture=13 class=true_steady lower_us=1825 n=5[0m
[0;32mI (68478) forensics: [CALLBACK_HIST] fixture=13 class=true_steady lower_us=1830 n=6[0m
[0;32mI (68488) forensics: [CALLBACK_HIST] fixture=13 class=true_steady lower_us=1835 n=4[0m
[0;32mI (68498) forensics: [CALLBACK_HIST] fixture=13 class=true_steady lower_us=1840 n=7[0m
[0;32mI (68508) forensics: [CALLBACK_HIST] fixture=13 class=true_steady lower_us=1845 n=1[0m
[0;32mI (68508) forensics: [CALLBACK_HIST] fixture=13 class=true_steady lower_us=1850 n=4[0m
[0;32mI (68518) forensics: [CALLBACK_HIST] fixture=13 class=true_steady lower_us=1855 n=2[0m
[0;32mI (68528) forensics: [CALLBACK_HIST] fixture=13 class=true_steady lower_us=1860 n=2[0m
[0;32mI (68538) forensics: [CALLBACK_HIST] fixture=13 class=true_steady lower_us=1865 n=4[0m
[0;32mI (68548) forensics: [CALLBACK_HIST] fixture=13 class=true_steady lower_us=1870 n=3[0m
[0;32mI (68558) forensics: [CALLBACK_HIST] fixture=13 class=true_steady lower_us=1875 n=5[0m
[0;32mI (68558) forensics: [CALLBACK_HIST] fixture=13 class=true_steady lower_us=1880 n=5[0m
[0;32mI (68568) forensics: [CALLBACK_HIST] fixture=13 class=true_steady lower_us=1885 n=4[0m
[0;32mI (68578) forensics: [CALLBACK_HIST] fixture=13 class=true_steady lower_us=1890 n=1[0m
[0;32mI (68588) forensics: [CALLBACK_HIST] fixture=13 class=true_steady lower_us=1895 n=5[0m
[0;32mI (68598) forensics: [CALLBACK_HIST] fixture=13 class=true_steady lower_us=1900 n=3[0m
[0;32mI (68608) forensics: [CALLBACK_HIST] fixture=13 class=true_steady lower_us=1905 n=3[0m
[0;32mI (68608) forensics: [CALLBACK_HIST] fixture=13 class=true_steady lower_us=1910 n=4[0m
[0;32mI (68618) forensics: [CALLBACK_HIST] fixture=13 class=true_steady lower_us=1915 n=4[0m
[0;32mI (68628) forensics: [CALLBACK_HIST] fixture=13 class=true_steady lower_us=1920 n=2[0m
[0;32mI (68638) forensics: [CALLBACK_HIST] fixture=13 class=true_steady lower_us=1925 n=4[0m
[0;32mI (68648) forensics: [CALLBACK_HIST] fixture=13 class=true_steady lower_us=1930 n=3[0m
[0;32mI (68658) forensics: [CALLBACK_HIST] fixture=13 class=true_steady lower_us=1935 n=6[0m
[0;32mI (68658) forensics: [CALLBACK_HIST] fixture=13 class=true_steady lower_us=1940 n=2[0m
[0;32mI (68668) forensics: [CALLBACK_HIST] fixture=13 class=true_steady lower_us=1945 n=2[0m
[0;32mI (68678) forensics: [CALLBACK_HIST] fixture=13 class=true_steady lower_us=1950 n=1[0m
[0;32mI (68688) forensics: [CALLBACK_HIST] fixture=13 class=true_steady lower_us=1955 n=2[0m
[0;32mI (68698) forensics: [CALLBACK_HIST] fixture=13 class=true_steady lower_us=1960 n=1[0m
[0;32mI (68708) forensics: [CALLBACK_HIST] fixture=13 class=true_steady lower_us=1965 n=1[0m
[0;32mI (68708) forensics: [CALLBACK_HIST] fixture=13 class=true_steady lower_us=1970 n=1[0m
[0;32mI (68718) forensics: [CALLBACK_HIST] fixture=13 class=true_steady lower_us=1975 n=1[0m
[0;32mI (68728) forensics: [CALLBACK_HIST] fixture=13 class=true_steady lower_us=1990 n=1[0m
[0;32mI (68738) forensics: [CALLBACK_HIST] fixture=13 class=true_steady lower_us=1995 n=1[0m
[0;32mI (68748) forensics: [CALLBACK_HIST] fixture=13 class=true_steady lower_us=2005 n=1[0m
[0;32mI (68758) forensics: [CALLBACK_HIST] fixture=13 class=true_steady lower_us=2010 n=1[0m
[0;32mI (68758) forensics: [CALLBACK_HIST] fixture=13 class=true_steady lower_us=2015 n=1[0m
[0;32mI (68768) forensics: [CALLBACK_HIST] fixture=13 class=true_steady lower_us=2020 n=1[0m
[0;32mI (68778) forensics: [CALLBACK_HIST] fixture=13 class=true_steady lower_us=2030 n=1[0m
[0;32mI (68788) forensics: [CALLBACK_HIST] fixture=13 class=true_steady lower_us=2100 n=1[0m
[0;32mI (68798) forensics: [CALLBACK_HIST] fixture=13 class=true_steady lower_us=2140 n=1[0m
[0;32mI (68808) forensics: [CURVE] model=BELL fixture=13 voices=8 class=attack_tail n=44 avg_us=1931.09 p95_us=1960 p99_us=2090 p995_us=2090 p999_us=2090 max_us=2088 deadline=0 bad_voices=0 ble_lost=0 hard=0 sat=0 bin_us=5[0m
[0;32mI (68828) forensics: [HIST] fixture=13 class=attack_tail lower_us=1905 n=2[0m
[0;32mI (68828) forensics: [HIST] fixture=13 class=attack_tail lower_us=1910 n=5[0m
[0;32mI (68838) forensics: [HIST] fixture=13 class=attack_tail lower_us=1915 n=8[0m
[0;32mI (68848) forensics: [HIST] fixture=13 class=attack_tail lower_us=1920 n=8[0m
[0;32mI (68858) forensics: [HIST] fixture=13 class=attack_tail lower_us=1925 n=5[0m
[0;32mI (68858) forensics: [HIST] fixture=13 class=attack_tail lower_us=1930 n=3[0m
[0;32mI (68868) forensics: [HIST] fixture=13 class=attack_tail lower_us=1935 n=5[0m
[0;32mI (68878) forensics: [HIST] fixture=13 class=attack_tail lower_us=1945 n=1[0m
[0;32mI (68888) forensics: [HIST] fixture=13 class=attack_tail lower_us=1950 n=1[0m
[0;32mI (68888) forensics: [HIST] fixture=13 class=attack_tail lower_us=1955 n=4[0m
[0;32mI (68898) forensics: [HIST] fixture=13 class=attack_tail lower_us=1965 n=1[0m
[0;32mI (68908) forensics: [HIST] fixture=13 class=attack_tail lower_us=2085 n=1[0m
[0;32mI (68918) forensics: [CALLBACK_CURVE] model=BELL fixture=13 voices=8 class=attack_tail n=44 avg_us=1958.50 p95_us=2005 p99_us=2115 p995_us=2115 p999_us=2115 max_us=2114 deadline=0 overhead_avg_us=27.41[0m
[0;32mI (68938) forensics: [CALLBACK_HIST] fixture=13 class=attack_tail lower_us=1930 n=5[0m
[0;32mI (68938) forensics: [CALLBACK_HIST] fixture=13 class=attack_tail lower_us=1935 n=8[0m
[0;32mI (68948) forensics: [CALLBACK_HIST] fixture=13 class=attack_tail lower_us=1940 n=5[0m
[0;32mI (68958) forensics: [CALLBACK_HIST] fixture=13 class=attack_tail lower_us=1945 n=3[0m
[0;32mI (68968) forensics: [CALLBACK_HIST] fixture=13 class=attack_tail lower_us=1950 n=4[0m
[0;32mI (68978) forensics: [CALLBACK_HIST] fixture=13 class=attack_tail lower_us=1955 n=4[0m
[0;32mI (68988) forensics: [CALLBACK_HIST] fixture=13 class=attack_tail lower_us=1960 n=4[0m
[0;32mI (68988) forensics: [CALLBACK_HIST] fixture=13 class=attack_tail lower_us=1965 n=1[0m
[0;32mI (68998) forensics: [CALLBACK_HIST] fixture=13 class=attack_tail lower_us=1970 n=2[0m
[0;32mI (69008) forensics: [CALLBACK_HIST] fixture=13 class=attack_tail lower_us=1975 n=1[0m
[0;32mI (69018) forensics: [CALLBACK_HIST] fixture=13 class=attack_tail lower_us=1980 n=2[0m
[0;32mI (69028) forensics: [CALLBACK_HIST] fixture=13 class=attack_tail lower_us=1985 n=2[0m
[0;32mI (69038) forensics: [CALLBACK_HIST] fixture=13 class=attack_tail lower_us=2000 n=1[0m
[0;32mI (69038) forensics: [CALLBACK_HIST] fixture=13 class=attack_tail lower_us=2045 n=1[0m
[0;32mI (69048) forensics: [CALLBACK_HIST] fixture=13 class=attack_tail lower_us=2110 n=1[0m
[0;32mI (69058) forensics: [CURVE] model=BELL fixture=13 voices=8 class=event n=44 avg_us=2541.73 p95_us=2625 p99_us=2700 p995_us=2700 p999_us=2700 max_us=2696 deadline=2 bad_voices=0 ble_lost=0 hard=0 sat=0 bin_us=5[0m
[0;32mI (69078) forensics: [HIST] fixture=13 class=event lower_us=2480 n=1[0m
[0;32mI (69088) forensics: [HIST] fixture=13 class=event lower_us=2485 n=1[0m
[0;32mI (69088) forensics: [HIST] fixture=13 class=event lower_us=2495 n=1[0m
[0;32mI (69098) forensics: [HIST] fixture=13 class=event lower_us=2505 n=9[0m
[0;32mI (69108) forensics: [HIST] fixture=13 class=event lower_us=2510 n=2[0m
[0;32mI (69108) forensics: [HIST] fixture=13 class=event lower_us=2515 n=1[0m
[0;32mI (69118) forensics: [HIST] fixture=13 class=event lower_us=2520 n=5[0m
[0;32mI (69128) forensics: [HIST] fixture=13 class=event lower_us=2525 n=2[0m
[0;32mI (69138) forensics: [HIST] fixture=13 class=event lower_us=2530 n=3[0m
[0;32mI (69138) forensics: [HIST] fixture=13 class=event lower_us=2535 n=5[0m
[0;32mI (69148) forensics: [HIST] fixture=13 class=event lower_us=2545 n=2[0m
[0;32mI (69158) forensics: [HIST] fixture=13 class=event lower_us=2555 n=1[0m
[0;32mI (69158) forensics: [HIST] fixture=13 class=event lower_us=2560 n=2[0m
[0;32mI (69168) forensics: [HIST] fixture=13 class=event lower_us=2565 n=1[0m
[0;32mI (69178) forensics: [HIST] fixture=13 class=event lower_us=2595 n=2[0m
[0;32mI (69178) forensics: [HIST] fixture=13 class=event lower_us=2600 n=2[0m
[0;32mI (69188) forensics: [HIST] fixture=13 class=event lower_us=2605 n=1[0m
[0;32mI (69198) forensics: [HIST] fixture=13 class=event lower_us=2620 n=1[0m
[0;32mI (69208) forensics: [HIST] fixture=13 class=event lower_us=2680 n=1[0m
[0;32mI (69208) forensics: [HIST] fixture=13 class=event lower_us=2695 n=1[0m
[0;32mI (69218) forensics: [CALLBACK_CURVE] model=BELL fixture=13 voices=8 class=event n=44 avg_us=2627.70 p95_us=2735 p99_us=2805 p995_us=2805 p999_us=2805 max_us=2803 deadline=8 overhead_avg_us=85.97[0m
[0;32mI (69238) forensics: [CALLBACK_HIST] fixture=13 class=event lower_us=2555 n=1[0m
[0;32mI (69248) forensics: [CALLBACK_HIST] fixture=13 class=event lower_us=2560 n=1[0m
[0;32mI (69248) forensics: [CALLBACK_HIST] fixture=13 class=event lower_us=2575 n=1[0m
[0;32mI (69258) forensics: [CALLBACK_HIST] fixture=13 class=event lower_us=2580 n=2[0m
[0;32mI (69268) forensics: [CALLBACK_HIST] fixture=13 class=event lower_us=2585 n=5[0m
[0;32mI (69278) forensics: [CALLBACK_HIST] fixture=13 class=event lower_us=2590 n=4[0m
[0;32mI (69278) forensics: [CALLBACK_HIST] fixture=13 class=event lower_us=2595 n=4[0m
[0;32mI (69288) forensics: [CALLBACK_HIST] fixture=13 class=event lower_us=2605 n=5[0m
[0;32mI (69298) forensics: [CALLBACK_HIST] fixture=13 class=event lower_us=2610 n=1[0m
[0;32mI (69308) forensics: [CALLBACK_HIST] fixture=13 class=event lower_us=2615 n=2[0m
[0;32mI (69318) forensics: [CALLBACK_HIST] fixture=13 class=event lower_us=2620 n=2[0m
[0;32mI (69318) forensics: [CALLBACK_HIST] fixture=13 class=event lower_us=2625 n=2[0m
[0;32mI (69328) forensics: [CALLBACK_HIST] fixture=13 class=event lower_us=2635 n=3[0m
[0;32mI (69338) forensics: [CALLBACK_HIST] fixture=13 class=event lower_us=2645 n=1[0m
[0;32mI (69348) forensics: [CALLBACK_HIST] fixture=13 class=event lower_us=2650 n=1[0m
[0;32mI (69358) forensics: [CALLBACK_HIST] fixture=13 class=event lower_us=2655 n=1[0m
[0;32mI (69358) forensics: [CALLBACK_HIST] fixture=13 class=event lower_us=2685 n=1[0m
[0;32mI (69368) forensics: [CALLBACK_HIST] fixture=13 class=event lower_us=2700 n=2[0m
[0;32mI (69378) forensics: [CALLBACK_HIST] fixture=13 class=event lower_us=2715 n=1[0m
[0;32mI (69388) forensics: [CALLBACK_HIST] fixture=13 class=event lower_us=2725 n=1[0m
[0;32mI (69388) forensics: [CALLBACK_HIST] fixture=13 class=event lower_us=2730 n=1[0m
[0;32mI (69398) forensics: [CALLBACK_HIST] fixture=13 class=event lower_us=2750 n=1[0m
[0;32mI (69408) forensics: [CALLBACK_HIST] fixture=13 class=event lower_us=2800 n=1[0m
[0;32mI (69418) forensics: [CURVE] model=BELL fixture=13 voices=8 class=fixture_transition n=1 avg_us=1207.94 p95_us=1210 p99_us=1210 p995_us=1210 p999_us=1210 max_us=1208 deadline=0 bad_voices=0 ble_lost=0 hard=0 sat=0 bin_us=5[0m
[0;32mI (69438) forensics: [HIST] fixture=13 class=fixture_transition lower_us=1205 n=1[0m
[0;32mI (69448) forensics: [CALLBACK_CURVE] model=BELL fixture=13 voices=8 class=fixture_transition n=1 avg_us=1253.00 p95_us=1255 p99_us=1255 p995_us=1255 p999_us=1255 max_us=1253 deadline=0 overhead_avg_us=45.06[0m
[0;32mI (69468) forensics: [CALLBACK_HIST] fixture=13 class=fixture_transition lower_us=1250 n=1[0m
[0;32mI (69468) forensics: [FASTPATH] fixture=13 stable8=0 attack=16[0m
[0;32mI (69478) forensics: [OVERHEAD] fixture=13 blocks=8192 model_reset_avg_us=2.00 model_reset_max_us=32 queue_avg_us=2.28 queue_max_us=35 render_avg_us=1628.58 telem_avg_us=5.04 telem_max_us=167 telem_publishes=1024[0m
[0;32mI (72528) pocket_pan_main: [AUDIO] model=PAN blocks=26869 avg_us=9 p99_us=1950 max_us=2803 cpu_load=0.3 deadline=8 timeout=0 tx_error=0 short=0[0m
[0;32mI (72528) pocket_pan_main: [MIDI] push=0 pop=0 drop=0 hwm=0 last=(n=62 v=0 t=78 hex=000000)[0m
[0;32mI (72538) pocket_pan_main: [BLE] state=8 interval_ms=11.25 latency=0 rssi=-69 reconnects=0 last_disconnect=0[0m
[0;32mI (72548) pocket_pan_main: [MEM] internal_free=80559 largest_internal=31744[0m
[0;32mI (72558) pocket_pan_main: [UIREDRAW] urgent=10 telemetry=305 skip=1861[0m
