[0;32mI (239) boot: Disabling RNG early entropy source...[0m
[0;32mI (251) esp_psram: Found 2MB PSRAM device[0m
[0;32mI (251) esp_psram: Speed: 40MHz[0m
[0;32mI (251) cpu_start: Multicore app[0m
[0;32mI (671) esp_psram: SPI SRAM memory test OK[0m
[0;32mI (680) cpu_start: Pro cpu start user code[0m
[0;32mI (680) cpu_start: cpu freq: 240000000 Hz[0m
[0;32mI (680) app_init: Application information:[0m
[0;32mI (683) app_init: Project name:     pocket_pan[0m
[0;32mI (688) app_init: App version:      1665f8c-dirty[0m
[0;32mI (693) app_init: Compile time:     Sep 29 2026 15:50:49[0m
[0;32mI (699) app_init: ELF file SHA256:  f190b6977...[0m
[0;32mI (705) app_init: ESP-IDF:          v5.3-dirty[0m
[0;32mI (710) efuse_init: Min chip rev:     v0.0[0m
[0;32mI (714) efuse_init: Max chip rev:     v0.99 [0m
[0;32mI (719) efuse_init: Chip rev:         v0.2[0m
[0;32mI (724) heap_init: Initializing. RAM available for dynamic allocation:[0m
[0;32mI (731) heap_init: At 3FCAC948 len 0003CDC8 (243 KiB): RAM[0m
[0;32mI (738) heap_init: At 3FCE9710 len 00005724 (21 KiB): RAM[0m
[0;32mI (744) heap_init: At 3FCF0000 len 00008000 (32 KiB): DRAM[0m
[0;32mI (750) heap_init: At 600FE100 len 00001EE8 (7 KiB): RTCRAM[0m
[0;32mI (756) esp_psram: Adding pool of 2048K of PSRAM memory to heap allocator[0m
[0;32mI (764) spi_flash: detected chip: generic[0m
[0;32mI (768) spi_flash: flash io: dio[0m
[0;32mI (773) sleep: Configure to isolate all GPIO pins in sleep state[0m
[0;32mI (779) sleep: Enable automatic switching of GPIO sleep configuration[0m
[0;32mI (786) coexist: coex firmware version: dab85ae96[0m
[0;32mI (792) coexist: coexist rom version e7ae62f[0m
[0;32mI (797) main_task: Started on CPU0[0m
[0;32mI (807) esp_psram: Reserving pool of 32K of internal memory for DMA/internal allocations[0m
[0;32mI (807) main_task: Calling app_main()[0m
[0;32mI (817) pocket_pan_main: ===============================================[0m
[0;32mI (817) pocket_pan_main:   Pocket Pan / Metal Modal Synthesizer v1.0.0[0m
[0;32mI (827) pocket_pan_main:   Hardware: TENSTAR TS-ESP32-S3 (Feather TFT)[0m
[0;32mI (837) pocket_pan_main: ===============================================[0m
[0;32mI (847) gpio: GPIO[10]| InputEn: 0| OutputEn: 1| OpenDrain: 0| Pullup: 0| Pulldown: 1| Intr:0 [0m
[0;32mI (857) AudioI2S: I2S TX initialized (48kHz, 32-bit slot, stereo, 6x128 frames DMA = 1024 bytes/buf)[0m
[0;32mI (867) AudioI2S: Audio task started on Core 0 at priority 12[0m
[0;32mI (867) Display: [DISP_MEM_PRE] before: int_free=271011 int_largest=172032 psram_free=2094528[0m
[0;32mI (877) Display: [DISP_MEM] framebuffer=0x3fcbe060 (size=64800, align=0, internal=1, dma=1, psram=0)[0m
[0;32mI (887) Display: [DISP_MEM] scratch=0x3fccdd84 (size=9600, align=4, internal=1, dma=1)[0m
[0;32mI (897) Display: [DISP_MEM] before: int_free=271011 int_largest=172032 psram_free=2094528[0m
[0;32mI (907) Display: [DISP_MEM] after:  int_free=196603 int_largest=102400 psram_free=2094528[0m
[0;32mI (917) gpio: GPIO[39]| InputEn: 0| OutputEn: 1| OpenDrain: 0| Pullup: 0| Pulldown: 0| Intr:0 [0m
[0;32mI (927) gpio: GPIO[40]| InputEn: 0| OutputEn: 1| OpenDrain: 0| Pullup: 0| Pulldown: 0| Intr:0 [0m
[0;32mI (937) gpio: GPIO[21]| InputEn: 0| OutputEn: 1| OpenDrain: 0| Pullup: 0| Pulldown: 0| Intr:0 [0m
[0;32mI (1157) gpio: GPIO[45]| InputEn: 0| OutputEn: 1| OpenDrain: 0| Pullup: 0| Pulldown: 0| Intr:0 [0m
[0;32mI (1157) Display: ST7789 240x135 display initialized successfully (SPI 40MHz, GDMA callback armed)[0m
[0;32mI (1157) pocket_pan_main: [CANARY] PreparedNote canaries OK=1[0m
[0;32mI (1167) BLE_INIT: BT controller compile version [ba3b3e3][0m
[0;32mI (1177) BLE_INIT: Bluetooth MAC: b4:3a:45:ae:6f:2a[0m
[0;32mI (1177) phy_init: phy_version 680,a6008b2,Jun  4 2024,16:41:10[0m
[0;32mI (1227) BleMidi: NimBLE Host task running on Core 1[0m
[0;32mI (1227) BleMidi: NimBLE BLE MIDI Central initialized and pinned to Core 1[0m
[0;32mI (1227) pocket_pan_main: Pocket Pan initialization complete. Realtime audio active.[0m
[0;32mI (1227) NimBLE: Failed to restore IRKs from store; status=8
[0m
[0;32mI (1247) NimBLE: GAP procedure initiated: discovery; [0m
[0;32mI (1237) main_task: Returned from app_main()[0m
[0;32mI (1247) NimBLE: own_addr_type=0 filter_policy=0 passive=0 limited=0 filter_duplicates=1 [0m
[0;32mI (1267) NimBLE: duration=forever[0m
[0;32mI (1267) NimBLE:
[0m
[0;32mI (1267) BleMidi: Scanning for BLE MIDI devices...[0m
[0;32mI (1227) gpio: GPIO[0]| InputEn: 1| OutputEn: 0| OpenDrain: 0| Pullup: 1| Pulldown: 0| Intr:0 [0m
[0;32mI (1297) BleMidi: BLE MIDI device found (59:FB:B6:B7:BF:0F); connecting[0m
[0;32mI (1297) NimBLE: GAP procedure initiated: connect; [0m
[0;32mI (1297) NimBLE: peer_addr_type=0 peer_addr=[0m
[0;32mI (1307) NimBLE: 59:fb:b6:b7:bf:0f[0m
[0;32mI (1307) NimBLE:  scan_itvl=16 scan_window=16 itvl_min=24 itvl_max=40 latency=0 supervision_timeout=256 min_ce_len=0 max_ce_len=0 own_addr_type=0[0m
[0;32mI (1317) NimBLE:
[0m
[0;32mI (1397) BleMidi: BLE Connected! conn_handle=1[0m
[0;32mI (1397) NimBLE: GAP procedure initiated: [0m
[0;32mI (1397) NimBLE: connection parameter update; conn_handle=1 itvl_min=6 itvl_max=12 latency=0 supervision_timeout=200 min_ce_len=0 max_ce_len=0[0m
[0;32mI (1407) NimBLE:
[0m
[0;32mI (1417) BleMidi: Requested connection params 7.5-15ms latency=0 timeout=2s rc=0[0m
[0;32mI (1417) NimBLE: GATT procedure initiated: discover all services
[0m
[0;32mI (1727) BleMidi: Found BLE MIDI Service! start_handle=112 end_handle=115[0m
[0;32mI (1727) NimBLE: GATT procedure initiated: discover all characteristics; [0m
[0;32mI (1727) NimBLE: start_handle=112 end_handle=115
[0m
[0;32mI (1877) BleMidi: Found BLE MIDI Characteristic! def_handle=113 val_handle=114 props=0x16[0m
[0;32mI (1877) NimBLE: GATT procedure initiated: discover all descriptors; [0m
[0;32mI (1877) NimBLE: chr_val_handle=114 end_handle=115
[0m
[0;32mI (1977) BleMidi: Negotiated params interval=7.50ms latency=0 timeout=2000ms[0m
[0;32mI (1977) BleMidi: Discovered CCCD (0x2902) handle=115[0m
[0;32mI (1977) NimBLE: GATT procedure initiated: write; [0m
[0;32mI (1987) NimBLE: att_handle=115 len=2
[0m
[0;32mI (1997) BleMidi: CCCD subscription successful; BLE MIDI ready[0m
[0;32mI (2007) NimBLE: GAP procedure initiated: [0m
[0;32mI (2007) NimBLE: connection parameter update; conn_handle=1 itvl_min=6 itvl_max=9 latency=0 supervision_timeout=100 min_ce_len=0 max_ce_len=0[0m
[0;32mI (2017) NimBLE:
[0m
[0;32mI (2097) BleMidi: Negotiated params interval=11.25ms latency=0 timeout=1000ms[0m
[0;32mI (4187) pocket_pan_main: [BOOT_QUAL] SCREEN_MODE: 0 -> 1 (model=PAN rel_tick=6)[0m
[0;32mI (4607) pocket_pan_main: [BOOT_QUAL] SCREEN_MODE: 1 -> 2 (model=PAN rel_tick=20)[0m
[0;32mI (5807) pocket_pan_main: [AUDIO] model=PAN blocks=1853 avg_us=19 p99_us=0 max_us=2235 cpu_load=0.7 deadline=0 timeout=0 tx_error=0 short=0[0m
[0;32mI (5807) pocket_pan_main: [MIDI] push=33 pop=33 drop=0 hwm=4 last=(n=50 v=127 t=78 hex=90327F)[0m
[0;32mI (5817) pocket_pan_main: [BLE] state=8 interval_ms=11.25 latency=0 rssi=-68 reconnects=0 last_disconnect=0[0m
[0;32mI (5827) pocket_pan_main: [MEM] internal_free=137991 largest_internal=34816[0m
[0;32mI (5837) pocket_pan_main: [UIREDRAW] urgent=27 telemetry=11 skip=112[0m
[0;32mI (6357) pocket_pan_main: [BOOT_QUAL] TRANSITION: PAN -> BELL (label='BELL' mode=0 rel_tick=77)[0m
[0;32mI (6357) pocket_pan_main: [BOOT_QUAL] SCREEN_MODE: 2 -> 0 (model=BELL rel_tick=77)[0m
[0;32mI (7887) pocket_pan_main: [BOOT_QUAL] TRANSITION: BELL -> TONGUE (label='TONGUE' mode=0 rel_tick=128)[0m
[0;32mI (9387) pocket_pan_main: [BOOT_QUAL] TRANSITION: TONGUE -> PAN (label='PAN' mode=0 rel_tick=178)[0m
[0;32mI (10827) pocket_pan_main: [AUDIO] model=PAN blocks=3735 avg_us=333 p99_us=0 max_us=1604 cpu_load=12.5 deadline=0 timeout=0 tx_error=0 short=0[0m
[0;32mI (10827) pocket_pan_main: [MIDI] push=57 pop=57 drop=0 hwm=4 last=(n=65 v=0 t=78 hex=804100)[0m
[0;32mI (10837) pocket_pan_main: [BLE] state=8 interval_ms=11.25 latency=0 rssi=-70 reconnects=0 last_disconnect=0[0m
[0;32mI (10847) pocket_pan_main: [MEM] internal_free=137991 largest_internal=34816[0m
[0;32mI (10857) pocket_pan_main: [UIREDRAW] urgent=43 telemetry=26 skip=247[0m
[0;32mI (10927) pocket_pan_main: [BOOT_QUAL] TRANSITION: PAN -> BELL (label='BELL' mode=0 rel_tick=228)[0m
[0;32mI (13627) pocket_pan_main: [BOOT_QUAL] TRANSITION: BELL -> TONGUE (label='TONGUE' mode=0 rel_tick=318)[0m
[0;32mI (15127) pocket_pan_main: [BOOT_QUAL] TRANSITION: TONGUE -> PAN (label='PAN' mode=0 rel_tick=368)[0m
[0;32mI (15847) pocket_pan_main: [AUDIO] model=PAN blocks=5618 avg_us=589 p99_us=0 max_us=1511 cpu_load=22.1 deadline=0 timeout=0 tx_error=0 short=0[0m
[0;32mI (15847) pocket_pan_main: [MIDI] push=80 pop=80 drop=0 hwm=4 last=(n=65 v=90 t=78 hex=90415A)[0m
[0;32mI (15857) pocket_pan_main: [BLE] state=8 interval_ms=11.25 latency=0 rssi=-73 reconnects=0 last_disconnect=0[0m
[0;32mI (15867) pocket_pan_main: [MEM] internal_free=137991 largest_internal=34816[0m
[0;32mI (15877) pocket_pan_main: [UIREDRAW] urgent=65 telemetry=41 skip=376[0m
[0;32mI (16127) pocket_pan_main: [BOOT_QUAL] COMPLETE: 3 short presses + 6 long cycles verified[0m
[0;32mI (20867) pocket_pan_main: [AUDIO] model=PAN blocks=7499 avg_us=1254 p99_us=1750 max_us=2278 cpu_load=47.0 deadline=0 timeout=0 tx_error=0 short=0[0m
[0;32mI (20867) pocket_pan_main: [MIDI] push=119 pop=119 drop=0 hwm=4 last=(n=65 v=0 t=78 hex=804100)[0m
[0;32mI (20877) pocket_pan_main: [BLE] state=8 interval_ms=11.25 latency=0 rssi=-71 reconnects=0 last_disconnect=0[0m
[0;32mI (20887) pocket_pan_main: [MEM] internal_free=137991 largest_internal=34816[0m
[0;32mI (20897) pocket_pan_main: [UIREDRAW] urgent=94 telemetry=53 skip=501[0m
[0;32mI (25887) pocket_pan_main: [AUDIO] model=PAN blocks=9381 avg_us=1860 p99_us=1750 max_us=3108 cpu_load=69.7 deadline=4 timeout=0 tx_error=0 short=0[0m
[0;32mI (25887) pocket_pan_main: [MIDI] push=142 pop=142 drop=0 hwm=4 last=(n=72 v=127 t=78 hex=90487F)[0m
[0;32mI (25897) pocket_pan_main: [BLE] state=8 interval_ms=11.25 latency=0 rssi=-75 reconnects=0 last_disconnect=0[0m
[0;32mI (25907) pocket_pan_main: [MEM] internal_free=137991 largest_internal=34816[0m
[0;32mI (25917) pocket_pan_main: [UIREDRAW] urgent=113 telemetry=68 skip=633[0m
