[0;32mI (4197) pocket_pan_main: [BOOT_QUAL] SCREEN_MODE: 0 -> 1ESP-ROM:esp32s3-20210327
Build:Mar 27 2021
rst:0x15 (USB_UART_CHIP_RESET),boot:0x8 (SPI_FAST_FLASH_BOOT)
Saved PC:0x403824ce
SPIWP:0xee
mode:DIO, clock div:1
load:0x3fce2810,len:0x178c
load:0x403c8700,len:0x4
load:0x403c8704,len:0xcb8
load:0x403cb700,len:0x2db0
entry 0x403c8914
[0;32mI (26) boot: ESP-IDF v5.3-dirty 2nd stage bootloader[0m
[0;32mI (27) boot: compile time Sep 29 2026 22:30:45[0m
[0;32mI (27) boot: Multicore bootloader[0m
[0;32mI (30) boot: chip revision: v0.2[0m
[0;32mI (34) boot.esp32s3: Boot SPI Speed : 80MHz[0m
[0;32mI (39) boot.esp32s3: SPI Mode       : DIO[0m
[0;32mI (43) boot.esp32s3: SPI Flash Size : 4MB[0m
[0;32mI (48) boot: Enabling RNG early entropy source...[0m
[0;32mI (54) boot: Partition Table:[0m
[0;32mI (57) boot: ## Label            Usage          Type ST Offset   Length[0m
[0;32mI (64) boot:  0 nvs              WiFi data        01 02 00009000 00006000[0m
[0;32mI (72) boot:  1 phy_init         RF data          01 01 0000f000 00001000[0m
[0;32mI (79) boot:  2 factory          factory app      00 00 00010000 00100000[0m
[0;32mI (87) boot: End of partition table[0m
[0;32mI (91) esp_image: segment 0: paddr=00010020 vaddr=3c070020 size=1f5b4h (128436) map[0m
[0;32mI (122) esp_image: segment 1: paddr=0002f5dc vaddr=3fc9d600 size=00a3ch (  2620) load[0m
[0;32mI (123) esp_image: segment 2: paddr=00030020 vaddr=42000020 size=62784h (403332) map[0m
[0;32mI (201) esp_image: segment 3: paddr=000927ac vaddr=3fc9e03c size=03ac4h ( 15044) load[0m
[0;32mI (204) esp_image: segment 4: paddr=00096278 vaddr=40374000 size=19594h (103828) load[0m
[0;32mI (239) boot: Loaded app from partition at offset 0x10000[0m
[0;32mI (239) boot: Disabling RNG early entropy source...[0m
[0;32mI (251) esp_psram: Found 2MB PSRAM device[0m
[0;32mI (251) esp_psram: Speed: 40MHz[0m
[0;32mI (252) cpu_start: Multicore app[0m
[0;32mI (671) esp_psram: SPI SRAM memory test OK[0m
[0;32mI (680) cpu_start: Pro cpu start user code[0m
[0;32mI (680) cpu_start: cpu freq: 240000000 Hz[0m
[0;32mI (681) app_init: Application information:[0m
[0;32mI (683) app_init: Project name:     pocket_pan[0m
[0;32mI (688) app_init: App version:      95361ff-dirty[0m
[0;32mI (694) app_init: Compile time:     Sep 29 2026 22:24:24[0m
[0;32mI (700) app_init: ELF file SHA256:  8a5bed6c2...[0m
[0;32mI (705) app_init: ESP-IDF:          v5.3-dirty[0m
[0;32mI (710) efuse_init: Min chip rev:     v0.0[0m
[0;32mI (715) efuse_init: Max chip rev:     v0.99 [0m
[0;32mI (720) efuse_init: Chip rev:         v0.2[0m
[0;32mI (725) heap_init: Initializing. RAM available for dynamic allocation:[0m
[0;32mI (732) heap_init: At 3FCB02B8 len 00039458 (229 KiB): RAM[0m
[0;32mI (738) heap_init: At 3FCE9710 len 00005724 (21 KiB): RAM[0m
[0;32mI (744) heap_init: At 3FCF0000 len 00008000 (32 KiB): DRAM[0m
[0;32mI (750) heap_init: At 600FE100 len 00001EE8 (7 KiB): RTCRAM[0m
[0;32mI (757) esp_psram: Adding pool of 2048K of PSRAM memory to heap allocator[0m
[0;32mI (765) spi_flash: detected chip: generic[0m
[0;32mI (769) spi_flash: flash io: dio[0m
[0;32mI (773) sleep: Configure to isolate all GPIO pins in sleep state[0m
[0;32mI (780) sleep: Enable automatic switching of GPIO sleep configuration[0m
[0;32mI (787) coexist: coex firmware version: dab85ae96[0m
[0;32mI (792) coexist: coexist rom version e7ae62f[0m
[0;32mI (797) main_task: Started on CPU0[0m
[0;32mI (807) esp_psram: Reserving pool of 32K of internal memory for DMA/internal allocations[0m
[0;32mI (807) main_task: Calling app_main()[0m
[0;32mI (817) pocket_pan_main: ===============================================[0m
[0;32mI (817) pocket_pan_main:   Pocket Pan / Metal Modal Synthesizer v1.0.0[0m
[0;32mI (827) pocket_pan_main:   Hardware: TENSTAR TS-ESP32-S3 (Feather TFT)[0m
[0;32mI (837) pocket_pan_main: ===============================================[0m
[0;32mI (857) gpio: GPIO[10]| InputEn: 0| OutputEn: 1| OpenDrain: 0| Pullup: 0| Pulldown: 1| Intr:0 [0m
[0;32mI (857) AudioI2S: I2S TX initialized (48kHz, 32-bit slot, stereo, 6x128 frames DMA = 1024 bytes/buf)[0m
[0;32mI (867) AudioI2S: Audio task started on Core 0 at priority 12[0m
[0;32mI (867) Display: [DISP_MEM_PRE] before: int_free=256307 int_largest=155648 psram_free=2094528[0m
[0;32mI (877) Display: [DISP_MEM] framebuffer=0x3fcc19d0 (size=64800, align=0, internal=1, dma=1, psram=0)[0m
[0;32mI (887) Display: [DISP_MEM] scratch=0x3fcd16f4 (size=9600, align=4, internal=1, dma=1)[0m
[0;32mI (897) Display: [DISP_MEM] before: int_free=256307 int_largest=155648 psram_free=2094528[0m
[0;32mI (907) Display: [DISP_MEM] after:  int_free=181899 int_largest=86016 psram_free=2094528[0m
[0;32mI (917) gpio: GPIO[39]| InputEn: 0| OutputEn: 1| OpenDrain: 0| Pullup: 0| Pulldown: 0| Intr:0 [0m
[0;32mI (927) gpio: GPIO[40]| InputEn: 0| OutputEn: 1| OpenDrain: 0| Pullup: 0| Pulldown: 0| Intr:0 [0m
[0;32mI (937) gpio: GPIO[21]| InputEn: 0| OutputEn: 1| OpenDrain: 0| Pullup: 0| Pulldown: 0| Intr:0 [0m
[0;32mI (1157) gpio: GPIO[45]| InputEn: 0| OutputEn: 1| OpenDrain: 0| Pullup: 0| Pulldown: 0| Intr:0 [0m
[0;32mI (1157) Display: ST7789 240x135 display initialized successfully (SPI 40MHz, GDMA callback armed)[0m
[0;32mI (1157) pocket_pan_main: [CANARY] PreparedNote canaries OK=1[0m
[0;32mI (1167) BLE_INIT: BT controller compile version [ba3b3e3][0m
[0;32mI (1177) BLE_INIT: Bluetooth MAC: b4:3a:45:ae:6f:2a[0m
[0;32mI (1177) phy_init: phy_version 680,a6008b2,Jun  4 2024,16:41:10[0m
[0;33mW (1227) phy_init: saving new calibration data because of checksum failure, mode(0)[0m
[0;32mI (1247) BleMidi: NimBLE BLE MIDI Central initialized and pinned to Core 1[0m
[0;32mI (1247) BleMidi: NimBLE Host task running on Core 1[0m
[0;32mI (1247) pocket_pan_main: Pocket Pan initialization complete. Realtime audio active.[0m
[0;32mI (1247) NimBLE: Failed to restore IRKs from store; status=8
[0m
[0;32mI (1257) NimBLE: GAP procedure initiated: discovery; [0m
[0;32mI (1257) main_task: Returned from app_main()[0m
[0;32mI (1267) NimBLE: own_addr_type=0 filter_policy=0 passive=0 limited=0 filter_duplicates=1 [0m
[0;32mI (1277) NimBLE: duration=forever[0m
[0;32mI (1287) NimBLE: 
[0m
[0;32mI (1287) BleMidi: Scanning for BLE MIDI devices...[0m
[0;32mI (1247) gpio: GPIO[0]| InputEn: 1| OutputEn: 0| OpenDrain: 0| Pullup: 1| Pulldown: 0| Intr:0 [0m
[0;32mI (1437) BleMidi: BLE MIDI device found (59:FB:B6:B7:BF:0F); connecting[0m
[0;32mI (1437) NimBLE: GAP procedure initiated: connect; [0m
[0;32mI (1437) NimBLE: peer_addr_type=0 peer_addr=[0m
[0;32mI (1437) NimBLE: 59:fb:b6:b7:bf:0f[0m
[0;32mI (1447) NimBLE:  scan_itvl=16 scan_window=16 itvl_min=24 itvl_max=40 latency=0 supervision_timeout=256 min_ce_len=0 max_ce_len=0 own_addr_type=0[0m
[0;32mI (1457) NimBLE: 
[0m
[0;32mI (1547) BleMidi: BLE Connected! conn_handle=1[0m
[0;32mI (1547) NimBLE: GAP procedure initiated: [0m
[0;32mI (1547) NimBLE: connection parameter update; conn_handle=1 itvl_min=6 itvl_max=12 latency=0 supervision_timeout=200 min_ce_len=0 max_ce_len=0[0m
[0;32mI (1557) NimBLE: 
[0m
[0;32mI (1557) BleMidi: Requested connection params 7.5-15ms latency=0 timeout=2s rc=0[0m
[0;32mI (1567) NimBLE: GATT procedure initiated: discover all services
[0m
[0;32mI (1927) BleMidi: Found BLE MIDI Service! start_handle=112 end_handle=115[0m
[0;32mI (1927) NimBLE: GATT procedure initiated: discover all characteristics; [0m
[0;32mI (1927) NimBLE: start_handle=112 end_handle=115
[0m
[0;32mI (2027) BleMidi: Found BLE MIDI Characteristic! def_handle=113 val_handle=114 props=0x16[0m
[0;32mI (2027) NimBLE: GATT procedure initiated: discover all descriptors; [0m
[0;32mI (2027) NimBLE: chr_val_handle=114 end_handle=115
[0m
[0;32mI (2127) BleMidi: Negotiated params interval=7.50ms latency=0 timeout=2000ms[0m
[0;32mI (2127) BleMidi: Discovered CCCD (0x2902) handle=115[0m
[0;32mI (2127) NimBLE: GATT procedure initiated: write; [0m
[0;32mI (2137) NimBLE: att_handle=115 len=2
[0m
[0;32mI (2147) BleMidi: CCCD subscription successful; BLE MIDI ready[0m
[0;32mI (2157) NimBLE: GAP procedure initiated: [0m
[0;32mI (2157) NimBLE: connection parameter update; conn_handle=1 itvl_min=6 itvl_max=9 latency=0 supervision_timeout=100 min_ce_len=0 max_ce_len=0[0m
[0;32mI (2167) NimBLE: 
[0m
[0;32mI (2247) BleMidi: Negotiated params interval=11.25ms latency=0 timeout=1000ms[0m
[0;32mI (4217) pocket_pan_main: [BOOT_QUAL] SCREEN_MODE: 0 -> 1 (model=PAN rel_tick=6)[0m
[0;32mI (4637) pocket_pan_main: [BOOT_QUAL] SCREEN_MODE: 1 -> 2 (model=PAN rel_tick=20)[0m
[0;32mI (5807) pocket_pan_main: [AUDIO] model=PAN blocks=1853 avg_us=18 p99_us=0 max_us=934 cpu_load=0.7 deadline=0 timeout=0 tx_error=0 short=0[0m
[0;32mI (5807) pocket_pan_main: [MIDI] push=1 pop=1 drop=0 hwm=1 last=(n=50 v=75 t=78 hex=90324B)[0m
[0;32mI (5817) pocket_pan_main: [BLE] state=8 interval_ms=11.25 latency=0 rssi=-66 reconnects=0 last_disconnect=0[0m
[0;32mI (5827) pocket_pan_main: [MEM] internal_free=123391 largest_internal=31744[0m
[0;32mI (5837) pocket_pan_main: [UIREDRAW] urgent=10 telemetry=13 skip=126[0m
[0;32mI (6387) pocket_pan_main: [BOOT_QUAL] TRANSITION: PAN -> BELL (label='BELL' mode=0 rel_tick=77)[0m
[0;32mI (6387) pocket_pan_main: [BOOT_QUAL] SCREEN_MODE: 2 -> 0 (model=BELL rel_tick=77)[0m
[0;32mI (7927) pocket_pan_main: [BOOT_QUAL] TRANSITION: BELL -> TONGUE (label='TONGUE' mode=0 rel_tick=128)[0m
[0;32mI (9427) pocket_pan_main: [BOOT_QUAL] TRANSITION: TONGUE -> BOWL (label='BOWL' mode=0 rel_tick=178)[0m
[0;32mI (10807) pocket_pan_main: [AUDIO] model=BOWL blocks=3727 avg_us=133 p99_us=0 max_us=1244 cpu_load=5.0 deadline=0 timeout=0 tx_error=0 short=0[0m
[0;32mI (10807) pocket_pan_main: [MIDI] push=1 pop=1 drop=0 hwm=1 last=(n=50 v=75 t=78 hex=90324B)[0m
[0;32mI (10817) pocket_pan_main: [BLE] state=8 interval_ms=11.25 latency=0 rssi=-69 reconnects=0 last_disconnect=0[0m
[0;32mI (10827) pocket_pan_main: [MEM] internal_free=123391 largest_internal=31744[0m
[0;32mI (10837) pocket_pan_main: [UIREDRAW] urgent=13 telemetry=29 skip=272[0m
[0;32mI (10937) pocket_pan_main: [BOOT_QUAL] TRANSITION: BOWL -> PAN (label='PAN' mode=0 rel_tick=227)[0m
[0;32mI (12467) pocket_pan_main: [BOOT_QUAL] TRANSITION: PAN -> BELL (label='BELL' mode=0 rel_tick=278)[0m
[0;32mI (15167) pocket_pan_main: [BOOT_QUAL] TRANSITION: BELL -> TONGUE (label='TONGUE' mode=0 rel_tick=368)[0m
[0;32mI (15827) pocket_pan_main: [AUDIO] model=TONGUE blocks=5609 avg_us=134 p99_us=0 max_us=1283 cpu_load=5.0 deadline=0 timeout=0 tx_error=0 short=0[0m
[0;32mI (15827) pocket_pan_main: [MIDI] push=1 pop=1 drop=0 hwm=1 last=(n=50 v=75 t=78 hex=90324B)[0m
[0;32mI (15837) pocket_pan_main: [BLE] state=8 interval_ms=11.25 latency=0 rssi=-67 reconnects=0 last_disconnect=0[0m
[0;32mI (15847) pocket_pan_main: [MEM] internal_free=123391 largest_internal=31744[0m
[0;32mI (15857) pocket_pan_main: [UIREDRAW] urgent=16 telemetry=50 skip=414[0m
[0;32mI (16667) pocket_pan_main: [BOOT_QUAL] TRANSITION: TONGUE -> BOWL (label='BOWL' mode=0 rel_tick=417)[0m
[0;32mI (18197) pocket_pan_main: [BOOT_QUAL] TRANSITION: BOWL -> PAN (label='PAN' mode=0 rel_tick=468)[0m
[0;32mI (19157) pocket_pan_main: [BOOT_QUAL] COMPLETE: 3 short presses + 7 long cycles verified[0m
[0;32mI (20837) pocket_pan_main: [AUDIO] model=PAN blocks=7489 avg_us=341 p99_us=0 max_us=2004 cpu_load=12.8 deadline=0 timeout=0 tx_error=0 short=0[0m
[0;32mI (20837) pocket_pan_main: [MIDI] push=1 pop=1 drop=0 hwm=1 last=(n=50 v=75 t=78 hex=90324B)[0m
[0;32mI (20847) pocket_pan_main: [BLE] state=8 interval_ms=11.25 latency=0 rssi=-66 reconnects=0 last_disconnect=0[0m
[0;32mI (20857) pocket_pan_main: [MEM] internal_free=123391 largest_internal=31744[0m
[0;32mI (20867) pocket_pan_main: [UIREDRAW] urgent=18 telemetry=69 skip=559[0m
[0;32mI (25857) pocket_pan_main: [AUDIO] model=PAN blocks=9372 avg_us=341 p99_us=375 max_us=2004 cpu_load=12.8 deadline=0 timeout=0 tx_error=0 short=0[0m
