[0;32mI (123) esp_image: segment 1: paddr=000302bc vaddr=3fca31[0;32mI (679) esp_psram: SPI SRAM memory test OK[0m
[0;32mI (688) cpu_start: Pro cpu start user code[0m
[0;32mI (688) cpu_start: cpu freq: 240000000 Hz[0m
[0;32mI (688) app_init: Application information:[0m
[0;32mI (691) app_init: Project name:     pocket_pan[0m
[0;32mI (696) app_init: App version:      5d9172a-dirty[0m
[0;32mI (701) app_init: Compile time:     Oct  1 2026 14:23:04[0m
[0;32mI (707) app_init: ELF file SHA256:  a12309f1a...[0m
[0;32mI (713) app_init: ESP-IDF:          v5.3-dirty[0m
[0;32mI (718) efuse_init: Min chip rev:     v0.0[0m
[0;32mI (723) efuse_init: Max chip rev:     v0.99 [0m
[0;32mI (728) efuse_init: Chip rev:         v0.2[0m
[0;32mI (732) heap_init: Initializing. RAM available for dynamic allocation:[0m
[0;32mI (740) heap_init: At 3FCC4740 len 00024FD0 (147 KiB): RAM[0m
[0;32mI (746) heap_init: At 3FCE9710 len 00005724 (21 KiB): RAM[0m
[0;32mI (752) heap_init: At 3FCF0000 len 00008000 (32 KiB): DRAM[0m
[0;32mI (758) heap_init: At 600FE100 len 00001EE8 (7 KiB): RTCRAM[0m
[0;32mI (764) esp_psram: Adding pool of 2048K of PSRAM memory to heap allocator[0m
[0;32mI (773) spi_flash: detected chip: generic[0m
[0;32mI (776) spi_flash: flash io: dio[0m
[0;32mI (781) sleep: Configure to isolate all GPIO pins in sleep state[0m
[0;32mI (787) sleep: Enable automatic switching of GPIO sleep configuration[0m
[0;32mI (794) coexist: coex firmware version: dab85ae96[0m
[0;32mI (800) coexist: coexist rom version e7ae62f[0m
[0;32mI (805) main_task: Started on CPU0[0m
[0;32mI (815) esp_psram: Reserving pool of 32K of internal memory for DMA/internal allocations[0m
[0;32mI (815) main_task: Calling app_main()[0m
[0;32mI (825) pocket_pan_main: ===============================================[0m
[0;32mI (825) pocket_pan_main:   Pocket Pan / Metal Modal Synthesizer v1.0.0[0m
[0;32mI (835) pocket_pan_main:   Hardware: TENSTAR TS-ESP32-S3 (Feather TFT)[0m
[0;32mI (845) pocket_pan_main: ===============================================[0m
[0;32mI (875) gpio: GPIO[10]| InputEn: 0| OutputEn: 1| OpenDrain: 0| Pullup: 0| Pulldown: 1| Intr:0 [0m
[0;32mI (875) AudioI2S: I2S TX initialized (48kHz, 32-bit slot, stereo, 6x128 frames DMA = 1024 bytes/buf)[0m
[0;32mI (885) AudioI2S: Audio task started on Core 0 at priority 12[0m
[0;32mI (885) Display: [DISP_MEM_PRE] before: int_free=173227 int_largest=77824 psram_free=2094528[0m
[0;32mI (895) Display: [DISP_MEM] framebuffer=0x3fcd5e58 (size=64800, align=8, internal=1, dma=1, psram=0)[0m
[0;32mI (905) Display: [DISP_MEM] scratch=0x3fce5b7c (size=9600, align=12, internal=1, dma=1)[0m
[0;32mI (915) Display: [DISP_MEM] before: int_free=173227 int_largest=77824 psram_free=2094528[0m
[0;32mI (925) Display: [DISP_MEM] after:  int_free=98819 int_largest=31744 psram_free=2094528[0m
[0;32mI (935) gpio: GPIO[39]| InputEn: 0| OutputEn: 1| OpenDrain: 0| Pullup: 0| Pulldown: 0| Intr:0 [0m
[0;32mI (945) gpio: GPIO[40]| InputEn: 0| OutputEn: 1| OpenDrain: 0| Pullup: 0| Pulldown: 0| Intr:0 [0m
[0;32mI (955) gpio: GPIO[21]| InputEn: 0| OutputEn: 1| OpenDrain: 0| Pullup: 0| Pulldown: 0| Intr:0 [0m
[0;32mI (1185) gpio: GPIO[45]| InputEn: 0| OutputEn: 1| OpenDrain: 0| Pullup: 0| Pulldown: 0| Intr:0 [0m
[0;32mI (1185) Display: ST7789 240x135 display initialized successfully (SPI 40MHz, GDMA callback armed)[0m
[0;32mI (1185) pocket_pan_main: [CANARY] PreparedNote canaries OK=1[0m
[0;32mI (1195) BLE_INIT: BT controller compile version [ba3b3e3][0m
[0;32mI (1205) BLE_INIT: Bluetooth MAC: b4:3a:45:ae:6f:2a[0m
[0;32mI (1205) phy_init: phy_version 680,a6008b2,Jun  4 2024,16:41:10[0m
[0;32mI (1255) BleMidi: NimBLE BLE MIDI Central initialized and pinned to Core 1[0m
[0;32mI (1255) BleMidi: NimBLE Host task running on Core 1[0m
[0;32mI (1255) pocket_pan_main: [M75_MEMORY] table_bytes=9640 cache_bytes=86760 synth_bytes=105272 internal_free=36163 largest_internal=27648[0m
[0;32mI (1255) NimBLE: Failed to restore IRKs from store; status=8
[0m
[0;32mI (1265) pocket_pan_main: [UDU_CACHE] compact_bytes=3576 full_tables=9[0m
[0;32mI (1275) NimBLE: GAP procedure initiated: discovery; [0m
[0;32mI (1285) pocket_pan_main: Pocket Pan initialization complete. Realtime audio active.[0m
[0;32mI (1285) NimBLE: own_addr_type=0 filter_policy=0 passive=0 limited=0 filter_duplicates=1 [0m
[0;32mI (1305) NimBLE: duration=forever[0m
[0;32mI (1295) main_task: Returned from app_main()[0m
[0;32mI (1305) NimBLE: 
[0m
[0;32mI (1315) BleMidi: Scanning for BLE MIDI devices...[0m
[0;32mI (1285) gpio: GPIO[0]| InputEn: 1| OutputEn: 0| OpenDrain: 0| Pullup: 1| Pulldown: 0| Intr:0 [0m
[0;32mI (1345) BleMidi: BLE MIDI device found (59:FB:B6:B7:BF:0F); connecting[0m
[0;32mI (1345) NimBLE: GAP procedure initiated: connect; [0m
[0;32mI (1345) NimBLE: peer_addr_type=0 peer_addr=[0m
[0;32mI (1355) NimBLE: 59:fb:b6:b7:bf:0f[0m
[0;32mI (1355) NimBLE:  scan_itvl=16 scan_window=16 itvl_min=24 itvl_max=40 latency=0 supervision_timeout=256 min_ce_len=0 max_ce_len=0 own_addr_type=0[0m
[0;32mI (1375) NimBLE: 
[0m
[0;32mI (1445) BleMidi: BLE Connected! conn_handle=1[0m
[0;32mI (1445) NimBLE: GAP procedure initiated: [0m
[0;32mI (1445) NimBLE: connection parameter update; conn_handle=1 itvl_min=6 itvl_max=12 latency=0 supervision_timeout=200 min_ce_len=0 max_ce_len=0[0m
[0;32mI (1465) NimBLE: 
[0m
[0;32mI (1465) BleMidi: Requested connection params 7.5-15ms latency=0 timeout=2s rc=0[0m
[0;32mI (1475) NimBLE: GATT procedure initiated: discover all services
[0m
[0;32mI (1755) BleMidi: Found BLE MIDI Service! start_handle=112 end_handle=115[0m
[0;32mI (1755) NimBLE: GATT procedure initiated: discover all characteristics; [0m
[0;32mI (1755) NimBLE: start_handle=112 end_handle=115
[0m
[0;32mI (1855) BleMidi: Found BLE MIDI Characteristic! def_handle=113 val_handle=114 props=0x16[0m
[0;32mI (1855) NimBLE: GATT procedure initiated: discover all descriptors; [0m
[0;32mI (1855) NimBLE: chr_val_handle=114 end_handle=115
[0m
[0;32mI (2005) BleMidi: Negotiated params interval=7.50ms latency=0 timeout=2000ms[0m
[0;32mI (2005) BleMidi: Discovered CCCD (0x2902) handle=115[0m
[0;32mI (2005) NimBLE: GATT procedure initiated: write; [0m
[0;32mI (2015) NimBLE: att_handle=115 len=2
[0m
[0;32mI (2025) BleMidi: CCCD subscription successful; BLE MIDI ready[0m
[0;32mI (2035) NimBLE: GAP procedure initiated: [0m
[0;32mI (2035) NimBLE: connection parameter update; conn_handle=1 itvl_min=6 itvl_max=9 latency=0 supervision_timeout=100 min_ce_len=0 max_ce_len=0[0m
[0;32mI (2045) NimBLE: 
[0m
[0;32mI (2125) BleMidi: Negotiated params interval=11.25ms latency=0 timeout=1000ms[0m
[0;32mI (4245) pocket_pan_main: [BOOT_QUAL] SCREEN_MODE: 0 -> 1 (model=PAN rel_tick=6)[0m
[0;32mI (4665) pocket_pan_main: [BOOT_QUAL] SCREEN_MODE: 1 -> 2 (model=PAN rel_tick=20)[0m
[0;32mI (5805) pocket_pan_main: [AUDIO] model=PAN blocks=1845 avg_us=18 p99_us=0 max_us=477 cpu_load=0.7 deadline=0 timeout=0 tx_error=0 short=0[0m
[0;32mI (5805) pocket_pan_main: [MIDI] push=0 pop=0 drop=0 hwm=0 last=(n=62 v=0 t=78 hex=000000)[0m
[0;32mI (5815) pocket_pan_main: [BLE] state=8 interval_ms=11.25 latency=0 rssi=-59 reconnects=0 last_disconnect=0[0m
[0;32mI (5825) pocket_pan_main: [MEM] internal_free=40303 largest_internal=23552[0m
[0;32mI (5835) pocket_pan_main: [UIREDRAW] urgent=8 telemetry=14 skip=126[0m
[0;32mI (6415) pocket_pan_main: [BOOT_QUAL] TRANSITION: PAN -> BELL (label='BELL' mode=0 rel_tick=77)[0m
[0;32mI (6415) pocket_pan_main: [BOOT_QUAL] SCREEN_MODE: 2 -> 0 (model=BELL rel_tick=77)[0m
[0;32mI (7955) pocket_pan_main: [BOOT_QUAL] TRANSITION: BELL -> TONGUE (label='TONGUE' mode=0 rel_tick=128)[0m
[0;32mI (9455) pocket_pan_main: [BOOT_QUAL] TRANSITION: TONGUE -> BOWL (label='BOWL' mode=0 rel_tick=178)[0m
[0;32mI (10805) pocket_pan_main: [AUDIO] model=BOWL blocks=3718 avg_us=135 p99_us=0 max_us=452 cpu_load=5.1 deadline=0 timeout=0 tx_error=0 short=0[0m
[0;32mI (10805) pocket_pan_main: [MIDI] push=0 pop=0 drop=0 hwm=0 last=(n=62 v=0 t=78 hex=000000)[0m
[0;32mI (10815) pocket_pan_main: [BLE] state=8 interval_ms=11.25 latency=0 rssi=-62 reconnects=0 last_disconnect=0[0m
[0;32mI (10825) pocket_pan_main: [MEM] internal_free=40303 largest_internal=23552[0m
[0;32mI (10835) pocket_pan_main: [UIREDRAW] urgent=11 telemetry=34 skip=268[0m
[0;32mI (10955) pocket_pan_main: [BOOT_QUAL] TRANSITION: BOWL -> KALIMBA (label='KALIMBA' mode=0 rel_tick=227)[0m
[0;32mI (12485) pocket_pan_main: [BOOT_QUAL] TRANSITION: KALIMBA -> GLASS (label='GLASS' mode=0 rel_tick=278)[0m
[0;32mI (13985) pocket_pan_main: [BOOT_QUAL] TRANSITION: GLASS -> MARIMBA (label='MARIMBA' mode=0 rel_tick=328)[0m
[0;32mI (15485) pocket_pan_main: [BOOT_QUAL] TRANSITION: MARIMBA -> VIBRAPHONE (label='VIBRAPHONE' mode=0 rel_tick=378)[0m
[0;32mI (15815) pocket_pan_main: [AUDIO] model=VIBRAPHONE blocks=5599 avg_us=189 p99_us=0 max_us=499 cpu_load=7.1 deadline=0 timeout=0 tx_error=0 short=0[0m
[0;32mI (15815) pocket_pan_main: [MIDI] push=0 pop=0 drop=0 hwm=0 last=(n=62 v=0 t=78 hex=000000)[0m
[0;32mI (15825) pocket_pan_main: [BLE] state=8 interval_ms=11.25 latency=0 rssi=-68 reconnects=0 last_disconnect=0[0m
[0;32mI (15835) pocket_pan_main: [MEM] internal_free=40303 largest_internal=23552[0m
[0;32mI (15845) pocket_pan_main: [UIREDRAW] urgent=15 telemetry=51 skip=413[0m
[0;32mI (17025) pocket_pan_main: [BOOT_QUAL] TRANSITION: VIBRAPHONE -> MBIRA (label='MBIRA' mode=0 rel_tick=428)[0m
[0;32mI (18525) pocket_pan_main: [BOOT_QUAL] TRANSITION: MBIRA -> UDU (label='UDU' mode=0 rel_tick=478)[0m
[0;32mI (20025) pocket_pan_main: [BOOT_QUAL] TRANSITION: UDU -> PAN (label='PAN' mode=0 rel_tick=528)[0m
[0;32mI (20835) pocket_pan_main: [AUDIO] model=PAN blocks=7481 avg_us=344 p99_us=0 max_us=677 cpu_load=12.9 deadline=0 timeout=0 tx_error=0 short=0[0m
[0;32mI (20835) pocket_pan_main: [MIDI] push=0 pop=0 drop=0 hwm=0 last=(n=62 v=0 t=78 hex=000000)[0m
[0;32mI (20845) pocket_pan_main: [BLE] state=8 interval_ms=11.25 latency=0 rssi=-64 reconnects=0 last_disconnect=0[0m
[0;32mI (20855) pocket_pan_main: [MEM] internal_free=40303 largest_internal=23552[0m
[0;32mI (20865) pocket_pan_main: [UIREDRAW] urgent=18 telemetry=70 skip=557[0m
[0;32mI (21535) pocket_pan_main: [BOOT_QUAL] TRANSITION: PAN -> BELL (label='BELL' mode=0 rel_tick=577)[0m
[0;32mI (23065) pocket_pan_main: [BOOT_QUAL] TRANSITION: BELL -> TONGUE (label='TONGUE' mode=0 rel_tick=628)[0m
[0;32mI (24565) pocket_pan_main: [BOOT_QUAL] TRANSITION: TONGUE -> BOWL (label='BOWL' mode=0 rel_tick=678)[0m
[0;32mI (25855) pocket_pan_main: [AUDIO] model=BOWL blocks=9363 avg_us=136 p99_us=0 max_us=440 cpu_load=5.1 deadline=0 timeout=0 tx_error=0 short=0[0m
[0;32mI (25855) pocket_pan_main: [MIDI] push=0 pop=0 drop=0 hwm=0 last=(n=62 v=0 t=78 hex=000000)[0m
[0;32mI (25865) pocket_pan_main: [BLE] state=8 interval_ms=11.25 latency=0 rssi=-65 reconnects=0 last_disconnect=0[0m
[0;32mI (25875) pocket_pan_main: [MEM] internal_free=40303 largest_internal=23552[0m
[0;32mI (25885) pocket_pan_main: [UIREDRAW] urgent=21 telemetry=88 skip=702[0m
[0;32mI (26075) pocket_pan_main: [BOOT_QUAL] TRANSITION: BOWL -> KALIMBA (label='KALIMBA' mode=0 rel_tick=727)[0m
[0;32mI (27605) pocket_pan_main: [BOOT_QUAL] TRANSITION: KALIMBA -> GLASS (label='GLASS' mode=0 rel_tick=778)[0m
[0;32mI (29105) pocket_pan_main: [BOOT_QUAL] TRANSITION: GLASS -> MARIMBA (label='MARIMBA' mode=0 rel_tick=828)[0m
[0;32mI (30605) pocket_pan_main: [BOOT_QUAL] TRANSITION: MARIMBA -> VIBRAPHONE (label='VIBRAPHONE' mode=0 rel_tick=878)[0m
[0;32mI (30875) pocket_pan_main: [AUDIO] model=VIBRAPHONE blocks=11244 avg_us=189 p99_us=0 max_us=543 cpu_load=7.1 deadline=0 timeout=0 tx_error=0 short=0[0m
[0;32mI (30875) pocket_pan_main: [MIDI] push=0 pop=0 drop=0 hwm=0 last=(n=62 v=0 t=78 hex=000000)[0m
[0;32mI (30885) pocket_pan_main: [BLE] state=8 interval_ms=11.25 latency=0 rssi=-61 reconnects=0 last_disconnect=0[0m
[0;32mI (30895) pocket_pan_main: [MEM] internal_free=40303 largest_internal=23552[0m
[0;32mI (30905) pocket_pan_main: [UIREDRAW] urgent=25 telemetry=105 skip=847[0m
[0;32mI (32135) pocket_pan_main: [BOOT_QUAL] TRANSITION: VIBRAPHONE -> MBIRA (label='MBIRA' mode=0 rel_tick=928)[0m
[0;32mI (33635) pocket_pan_main: [BOOT_QUAL] TRANSITION: MBIRA -> UDU (label='UDU' mode=0 rel_tick=978)[0m
[0;32mI (35135) pocket_pan_main: [BOOT_QUAL] TRANSITION: UDU -> PAN (label='PAN' mode=0 rel_tick=1028)[0m
[0;32mI (35885) pocket_pan_main: [AUDIO] model=PAN blocks=13125 avg_us=345 p99_us=0 max_us=666 cpu_load=12.9 deadline=0 timeout=0 tx_error=0 short=0[0m
[0;32mI (35885) pocket_pan_main: [MIDI] push=0 pop=0 drop=0 hwm=0 last=(n=62 v=0 t=78 hex=000000)[0m
[0;32mI (35895) pocket_pan_main: [BLE] state=8 interval_ms=11.25 latency=0 rssi=-67 reconnects=0 last_disconnect=0[0m
[0;32mI (35905) pocket_pan_main: [MEM] internal_free=40303 largest_internal=23552[0m
[0;32mI (35915) pocket_pan_main: [UIREDRAW] urgent=28 telemetry=123 skip=992[0m
[0;32mI (37275) pocket_pan_main: [BOOT_QUAL] TRANSITION: PAN -> BELL (label='BELL' mode=0 rel_tick=1098)[0m
[0;32mI (38835) pocket_pan_main: [BOOT_QUAL] COMPLETE: schedule finished (3 short, 20 long, 1 extended hold)[0m
[0;32mI (40905) pocket_pan_main: [AUDIO] model=BELL blocks=15007 avg_us=137 p99_us=0 max_us=463 cpu_load=5.1 deadline=0 timeout=0 tx_error=0 short=0[0m
[0;32mI (40905) pocket_pan_main: [MIDI] push=0 pop=0 drop=0 hwm=0 last=(n=62 v=0 t=78 hex=000000)[0m
[0;32mI (40915) pocket_pan_main: [BLE] state=8 interval_ms=11.25 latency=0 rssi=-66 reconnects=0 last_disconnect=0[0m
[0;32mI (40925) pocket_pan_main: [MEM] internal_free=40303 largest_internal=23552[0m
[0;32mI (40935) pocket_pan_main: [UIREDRAW] urgent=29 telemetry=138 skip=1142[0m
[0;32mI (45925) pocket_pan_main: [AUDIO] model=BELL blocks=16889 avg_us=137 p99_us=150 max_us=463 cpu_load=5.1 deadline=0 timeout=0 tx_error=0 short=0[0m
[0;32mI (45925) pocket_pan_main: [MIDI] push=0 pop=0 drop=0 hwm=0 last=(n=62 v=0 t=78 hex=000000)[0m
[0;32mI (45935) pocket_pan_main: [BLE] state=8 interval_ms=11.25 latency=0 rssi=-65 reconnects=0 last_disconnect=0[0m
[0;32mI (45945) pocket_pan_main: [MEM] internal_free=40303 largest_internal=23552[0m
[0;32mI (45955) pocket_pan_main: [UIREDRAW] urgent=29 telemetry=151 skip=1295[0m
