Test project C:/progs/ESPan/build-m76-p6off
      Start  1: ble_midi_parser
 1/12 Test  #1: ble_midi_parser ..................   Passed    0.07 sec
      Start  2: dsp
 2/12 Test  #2: dsp ..............................   Passed    9.78 sec
      Start  3: prepared_note
 3/12 Test  #3: prepared_note ....................   Passed    1.89 sec
      Start  4: telemetry
 4/12 Test  #4: telemetry ........................   Passed    0.15 sec
      Start  5: modal_kernel
 5/12 Test  #5: modal_kernel .....................   Passed    0.11 sec
      Start  6: fastpath
 6/12 Test  #6: fastpath .........................   Passed    0.87 sec
      Start  7: exciter_fastpath
 7/12 Test  #7: exciter_fastpath .................   Passed    0.05 sec
      Start  8: m635_fastpath
 8/12 Test  #8: m635_fastpath ....................   Passed    1.31 sec
      Start  9: m637_trigger
 9/12 Test  #9: m637_trigger .....................   Passed    0.08 sec
      Start 10: vibraphone_runtime
10/12 Test #10: vibraphone_runtime ...............   Passed    0.66 sec
      Start 11: mbira
11/12 Test #11: mbira ............................   Passed    1.86 sec
      Start 12: udu
12/12 Test #12: udu ..............................   Passed    1.03 sec

100% tests passed, 0 tests failed out of 12

Total Test time (real) =  17.87 sec
