[0;32mI (875) gpio: GPIO[10]| InputEn: 0| OutputEn: 1| OpenDrain: 0| Pullup: 0| Pulldown: 1| Intr:0 [0m
[0;32mI (885) AudioI2S: I2S TX initialized (48kHz, 32-bit slot, stereo, 6x128 frames DMA = 1024 bytes/buf)[0m
[0;32mI (895) AudioI2S: Audio task started on Core 0 at priority 12[0m
[0;32mI (895) Display: [DISP_MEM_PRE] before: int_free=173235 int_largest=77824 psram_free=2094528[0m
[0;32mI (905) Display: [DISP_MEM] framebuffer=0x3fcd5e50 (size=64800, align=0, internal=1, dma=1, psram=0)[0m
[0;32mI (915) Display: [DISP_MEM] scratch=0x3fce5b74 (size=9600, align=4, internal=1, dma=1)[0m
[0;32mI (925) Display: [DISP_MEM] before: int_free=173235 int_largest=77824 psram_free=2094528[0m
[0;32mI (935) Display: [DISP_MEM] after:  int_free=98827 int_largest=31744 psram_free=2094528[0m
[0;32mI (935) gpio: GPIO[39]| InputEn: 0| OutputEn: 1| OpenDrain: 0| Pullup: 0| Pulldown: 0| Intr:0 [0m
[0;32mI (945) gpio: GPIO[40]| InputEn: 0| OutputEn: 1| OpenDrain: 0| Pullup: 0| Pulldown: 0| Intr:0 [0m
[0;32mI (955) gpio: GPIO[21]| InputEn: 0| OutputEn: 1| OpenDrain: 0| Pullup: 0| Pulldown: 0| Intr:0 [0m
[0;32mI (1185) gpio: GPIO[45]| InputEn: 0| OutputEn: 1| OpenDrain: 0| Pullup: 0| Pulldown: 0| Intr:0 [0m
[0;32mI (1185) Display: ST7789 240x135 display initialized successfully (SPI 40MHz, GDMA callback armed)[0m
[0;32mI (1185) pocket_pan_main: [CANARY] PreparedNote canaries OK=1[0m
[0;32mI (1195) BLE_INIT: BT controller compile version [ba3b3e3][0m
[0;32mI (1205) BLE_INIT: Bluetooth MAC: b4:3a:45:ae:6f:2a[0m
[0;32mI (1205) phy_init: phy_version 680,a6008b2,Jun  4 2024,16:41:10[0m
[0;32mI (1255) BleMidi: NimBLE Host task running on Core 1[0m
[0;32mI (1255) BleMidi: NimBLE BLE MIDI Central initialized and pinned to Core 1[0m
[0;32mI (1255) pocket_pan_main: [M75_MEMORY] table_bytes=9640 cache_bytes=86760 synth_bytes=105272 internal_free=36127 largest_internal=27648[0m
[0;32mI (1255) NimBLE: Failed to restore IRKs from store; status=8
[0m
[0;32mI (1265) pocket_pan_main: [UDU_CACHE] compact_bytes=3576 full_tables=9[0m
[0;32mI (1275) NimBLE: GAP procedure initiated: discovery; [0m
[0;32mI (1285) pocket_pan_main: Pocket Pan initialization complete. Realtime audio active.[0m
[0;32mI (1285) NimBLE: own_addr_type=0 filter_policy=0 passive=0 limited=0 filter_duplicates=1 [0m
[0;32mI (1305) NimBLE: duration=forever[0m
[0;32mI (1295) main_task: Returned from app_main()[0m
[0;32mI (1315) NimBLE: 
[0m
[0;32mI (1315) BleMidi: Scanning for BLE MIDI devices...[0m
[0;32mI (1285) gpio: GPIO[0]| InputEn: 1| OutputEn: 0| OpenDrain: 0| Pullup: 1| Pulldown: 0| Intr:0 [0m
[0;32mI (1375) BleMidi: BLE MIDI device found (59:FB:B6:B7:BF:0F); connecting[0m
[0;32mI (1375) NimBLE: GAP procedure initiated: connect; [0m
[0;32mI (1375) NimBLE: peer_addr_type=0 peer_addr=[0m
[0;32mI (1375) NimBLE: 59:fb:b6:b7:bf:0f[0m
[0;32mI (1385) NimBLE:  scan_itvl=16 scan_window=16 itvl_min=24 itvl_max=40 latency=0 supervision_timeout=256 min_ce_len=0 max_ce_len=0 own_addr_type=0[0m
[0;32mI (1395) NimBLE: 
[0m
[0;32mI (1475) BleMidi: BLE Connected! conn_handle=1[0m
[0;32mI (1475) NimBLE: GAP procedure initiated: [0m
[0;32mI (1475) NimBLE: connection parameter update; conn_handle=1 itvl_min=6 itvl_max=12 latency=0 supervision_timeout=200 min_ce_len=0 max_ce_len=0[0m
[0;32mI (1485) NimBLE: 
[0m
[0;32mI (1495) BleMidi: Requested connection params 7.5-15ms latency=0 timeout=2s rc=0[0m
[0;32mI (1495) NimBLE: GATT procedure initiated: discover all services
[0m
[0;32mI (1805) BleMidi: Found BLE MIDI Service! start_handle=112 end_handle=115[0m
[0;32mI (1805) NimBLE: GATT procedure initiated: discover all characteristics; [0m
[0;32mI (1805) NimBLE: start_handle=112 end_handle=115
[0m
[0;32mI (1905) BleMidi: Found BLE MIDI Characteristic! def_handle=113 val_handle=114 props=0x16[0m
[0;32mI (1905) NimBLE: GATT procedure initiated: discover all descriptors; [0m
[0;32mI (1905) NimBLE: chr_val_handle=114 end_handle=115
[0m
[0;32mI (2005) BleMidi: Discovered CCCD (0x2902) handle=115[0m
[0;32mI (2005) NimBLE: GATT procedure initiated: write; [0m
[0;32mI (2005) NimBLE: att_handle=115 len=2
[0m
[0;32mI (2055) BleMidi: Negotiated params interval=7.50ms latency=0 timeout=2000ms[0m
[0;32mI (2065) BleMidi: CCCD subscription successful; BLE MIDI ready[0m
[0;32mI (2065) NimBLE: GAP procedure initiated: [0m
[0;32mI (2065) NimBLE: connection parameter update; conn_handle=1 itvl_min=6 itvl_max=9 latency=0 supervision_timeout=100 min_ce_len=0 max_ce_len=0[0m
[0;32mI (2085) NimBLE: 
[0m
[0;32mI (2165) BleMidi: Negotiated params interval=11.25ms latency=0 timeout=1000ms[0m
[0;32mI (5835) pocket_pan_main: [AUDIO] model=PAN blocks=1853 avg_us=344 p99_us=0 max_us=634 cpu_load=12.9 deadline=0 timeout=0 tx_error=0 short=0[0m
[0;32mI (5835) pocket_pan_main: [MIDI] push=0 pop=0 drop=0 hwm=0 last=(n=62 v=0 t=78 hex=000000)[0m
[0;32mI (5845) pocket_pan_main: [BLE] state=8 interval_ms=11.25 latency=0 rssi=-60 reconnects=0 last_disconnect=0[0m
[0;32mI (5855) pocket_pan_main: [MEM] internal_free=40303 largest_internal=23552[0m
[0;32mI (5865) pocket_pan_main: [UIREDRAW] urgent=6 telemetry=15 skip=128[0m
[0;32mI (10845) pocket_pan_main: [AUDIO] model=PAN blocks=3733 avg_us=344 p99_us=400 max_us=634 cpu_load=12.9 deadline=0 timeout=0 tx_error=0 short=0[0m
[0;32mI (10845) pocket_pan_main: [MIDI] push=0 pop=0 drop=0 hwm=0 last=(n=62 v=0 t=78 hex=000000)[0m
[0;32mI (10855) pocket_pan_main: [BLE] state=8 interval_ms=11.25 latency=0 rssi=-58 reconnects=0 last_disconnect=0[0m
[0;32mI (10865) pocket_pan_main: [MEM] internal_free=40303 largest_internal=23552[0m
[0;32mI (10875) pocket_pan_main: [UIREDRAW] urgent=6 telemetry=36 skip=273[0m
[0;32mI (15865) pocket_pan_main: [AUDIO] model=PAN blocks=5615 avg_us=344 p99_us=375 max_us=634 cpu_load=12.9 deadline=0 timeout=0 tx_error=0 short=0[0m
[0;32mI (15865) pocket_pan_main: [MIDI] push=0 pop=0 drop=0 hwm=0 last=(n=62 v=0 t=78 hex=000000)[0m
[0;32mI (15875) pocket_pan_main: [BLE] state=8 interval_ms=11.25 latency=0 rssi=-58 reconnects=0 last_disconnect=0[0m
[0;32mI (15885) pocket_pan_main: [MEM] internal_free=40303 largest_internal=23552[0m
[0;32mI (15895) pocket_pan_main: [UIREDRAW] urgent=6 telemetry=54 skip=421[0m
