esptool.py --chip esp32s3 -p COM10 -b 460800 --before default_reset --after hard_reset write_flash --flash_mode dio --flash_freq 80m --flash_size 4MB 0x0 bootloader/bootloader.bin 0x10000 pocket_pan.bin 0x8000 partition_table/partition-table.bin
esptool.py v4.12.0
Serial port COM10
Connecting...
Chip is ESP32-S3 (QFN56) (revision v0.2)
Features: WiFi, BLE, Embedded Flash 4MB (XMC), Embedded PSRAM 2MB (AP_3v3)
Crystal is 40MHz
USB mode: USB-Serial/JTAG
MAC: b4:3a:45:ae:6f:28
Uploading stub...
Running stub...
Stub running...
Changing baud rate to 460800
Changed.
Configuring flash size...
Flash will be erased from 0x00000000 to 0x00005fff...
Flash will be erased from 0x00010000 to 0x000b4fff...
Flash will be erased from 0x00008000 to 0x00008fff...
SHA digest in image updated
Compressed 21088 bytes to 13057...
Writing at 0x00000000... (100 %)
Wrote 21088 bytes (13057 compressed) at 0x00000000 in 0.4 seconds (effective 410.1 kbit/s)...
Hash of data verified.
Compressed 675168 bytes to 418622...
Writing at 0x00010000... (3 %)
Writing at 0x0001d836... (7 %)
Writing at 0x00027825... (11 %)
Writing at 0x0002c663... (15 %)
Writing at 0x00034da4... (19 %)
Writing at 0x0003af71... (23 %)
Writing at 0x00040d26... (26 %)
Writing at 0x000468bf... (30 %)
Writing at 0x0004c180... (34 %)
Writing at 0x00051850... (38 %)
Writing at 0x000577c0... (42 %)
Writing at 0x0005cecf... (46 %)
Writing at 0x00062756... (50 %)
Writing at 0x00067ef5... (53 %)
Writing at 0x0006d79c... (57 %)
Writing at 0x0007374a... (61 %)
Writing at 0x00078da1... (65 %)
Writing at 0x0007e6e6... (69 %)
Writing at 0x00083e66... (73 %)
Writing at 0x00089932... (76 %)
Writing at 0x0008ef4e... (80 %)
Writing at 0x00094c46... (84 %)
Writing at 0x0009f345... (88 %)
Writing at 0x000a5db2... (92 %)
Writing at 0x000ab867... (96 %)
Writing at 0x000b198d... (100 %)
Wrote 675168 bytes (418622 compressed) at 0x00010000 in 6.1 seconds (effective 882.7 kbit/s)...
Hash of data verified.
Compressed 3072 bytes to 103...
Writing at 0x00008000... (100 %)
Wrote 3072 bytes (103 compressed) at 0x00008000 in 0.1 seconds (effective 304.6 kbit/s)...
Hash of data verified.

Leaving...
Hard resetting via RTS pin...
