esptool.py --chip esp32s3 -p COM10 -b 460800 --before default_reset --after hard_reset write_flash --flash_mode dio --flash_freq 80m --flash_size 4MB 0x0 bootloader/bootloader.bin 0x10000 pocket_pan.bin 0x8000 partition_table/partition-table.bin
esptool.py v4.12.0
Serial port COM10
Connecting...
Chip is ESP32-S3 (QFN56) (revision v0.2)
Features: WiFi, BLE, Embedded Flash 4MB (XMC), Embedded PSRAM 2MB (AP_3v3)
Crystal is 40MHz
USB mode: USB-Serial/JTAG
MAC: b4:3a:45:ae:6f:28
Uploading stub...
Running stub...
Stub running...
Changing baud rate to 460800
Changed.
Configuring flash size...
Flash will be erased from 0x00000000 to 0x00005fff...
Flash will be erased from 0x00010000 to 0x000b4fff...
Flash will be erased from 0x00008000 to 0x00008fff...
SHA digest in image updated
Compressed 21088 bytes to 13057...
Writing at 0x00000000... (100 %)
Wrote 21088 bytes (13057 compressed) at 0x00000000 in 0.4 seconds (effective 417.6 kbit/s)...
Hash of data verified.
Compressed 675168 bytes to 418629...
Writing at 0x00010000... (3 %)
Writing at 0x0001d80d... (7 %)
Writing at 0x00027821... (11 %)
Writing at 0x0002c65f... (15 %)
Writing at 0x00034d9e... (19 %)
Writing at 0x0003af6d... (23 %)
Writing at 0x00040d20... (26 %)
Writing at 0x000468ba... (30 %)
Writing at 0x0004c17a... (34 %)
Writing at 0x00051849... (38 %)
Writing at 0x000577b9... (42 %)
Writing at 0x0005cebf... (46 %)
Writing at 0x0006274e... (50 %)
Writing at 0x00067eef... (53 %)
Writing at 0x0006d782... (57 %)
Writing at 0x00073741... (61 %)
Writing at 0x00078d97... (65 %)
Writing at 0x0007e6e0... (69 %)
Writing at 0x00083e60... (73 %)
Writing at 0x0008992c... (76 %)
Writing at 0x0008ef45... (80 %)
Writing at 0x00094c30... (84 %)
Writing at 0x0009f33e... (88 %)
Writing at 0x000a5dab... (92 %)
Writing at 0x000ab85e... (96 %)
Writing at 0x000b1986... (100 %)
Wrote 675168 bytes (418629 compressed) at 0x00010000 in 6.1 seconds (effective 881.8 kbit/s)...
Hash of data verified.
Compressed 3072 bytes to 103...
Writing at 0x00008000... (100 %)
Wrote 3072 bytes (103 compressed) at 0x00008000 in 0.1 seconds (effective 307.4 kbit/s)...
Hash of data verified.

Leaving...
Hard resetting via RTS pin...
