[0;32mI (123) esp_image: segment 1: paddr=0003033c vaddr=3fc9f5ESP-ROM:esp32s3-20210327
Build:Mar 27 2021
rst:0x15 (USB_UART_CHIP_RESET),boot:0x8 (SPI_FAST_FLASH_BOOT)
Saved PC:0x4037a3bb
SPIWP:0xee
mode:DIO, clock div:1
load:0x3fce2810,len:0x178c
load:0x403c8700,len:0x4
load:0x403c8704,len:0xcb8
load:0x403cb700,len:0x2db0
entry 0x403c8914
[0;32mI (26) boot: ESP-IDF v5.3-dirty 2nd stage bootloader[0m
[0;32mI (27) boot: compile time Sep 30 2026 18:59:39[0m
[0;32mI (27) boot: Multicore bootloader[0m
[0;32mI (30) boot: chip revision: v0.2[0m
[0;32mI (34) boot.esp32s3: Boot SPI Speed : 80MHz[0m
[0;32mI (39) boot.esp32s3: SPI Mode       : DIO[0m
[0;32mI (43) boot.esp32s3: SPI Flash Size : 4MB[0m
[0;32mI (48) boot: Enabling RNG early entropy source...[0m
[0;32mI (54) boot: Partition Table:[0m
[0;32mI (57) boot: ## Label            Usage          Type ST Offset   Length[0m
[0;32mI (64) boot:  0 nvs              WiFi data        01 02 00009000 00006000[0m
[0;32mI (72) boot:  1 phy_init         RF data          01 01 0000f000 00001000[0m
[0;32mI (79) boot:  2 factory          factory app      00 00 00010000 00100000[0m
[0;32mI (87) boot: End of partition table[0m
[0;32mI (91) esp_image: segment 0: paddr=00010020 vaddr=3c070020 size=20314h (131860) map[0m
[0;32mI (123) esp_image: segment 1: paddr=0003033c vaddr=3fc9f500 size=04500h ( 17664) load[0m
[0;32mI (127) esp_image: segment 2: paddr=00034844 vaddr=40374000 size=0b7d4h ( 47060) load[0m
[0;32mI (139) esp_image: segment 3: paddr=00040020 vaddr=42000020 size=649b0h (412080) map[0m
[0;32mI (214) esp_image: segment 4: paddr=000a49d8 vaddr=4037f7d4 size=0fca4h ( 64676) load[0m
[0;32mI (239) boot: Loaded app from partition at offset 0x10000[0m
[0;32mI (239) boot: Disabling RNG early entropy source...[0m
[0;32mI (251) esp_psram: Found 2MB PSRAM device[0m
[0;32mI (252) esp_psram: Speed: 40MHz[0m
[0;32mI (252) cpu_start: Multicore app[0m
[0;32mI (671) esp_psram: SPI SRAM memory test OK[0m
[0;32mI (681) cpu_start: Pro cpu start user code[0m
[0;32mI (681) cpu_start: cpu freq: 240000000 Hz[0m
[0;32mI (681) app_init: Application information:[0m
[0;32mI (684) app_init: Project name:     pocket_pan[0m
[0;32mI (689) app_init: App version:      81d054c-dirty[0m
[0;32mI (694) app_init: Compile time:     Sep 30 2026 21:26:25[0m
[0;32mI (700) app_init: ELF file SHA256:  11b4bc1dc...[0m
[0;32mI (705) app_init: ESP-IDF:          v5.3-dirty[0m
[0;32mI (710) efuse_init: Min chip rev:     v0.0[0m
[0;32mI (715) efuse_init: Max chip rev:     v0.99 [0m
[0;32mI (720) efuse_init: Chip rev:         v0.2[0m
[0;32mI (725) heap_init: Initializing. RAM available for dynamic allocation:[0m
[0;32mI (732) heap_init: At 3FCCD0F0 len 0001C620 (113 KiB): RAM[0m
[0;32mI (738) heap_init: At 3FCE9710 len 00005724 (21 KiB): RAM[0m
[0;32mI (744) heap_init: At 3FCF0000 len 00008000 (32 KiB): DRAM[0m
[0;32mI (751) heap_init: At 600FE100 len 00001EE8 (7 KiB): RTCRAM[0m
[0;32mI (757) esp_psram: Adding pool of 2048K of PSRAM memory to heap allocator[0m
[0;32mI (765) spi_flash: detected chip: generic[0m
[0;32mI (769) spi_flash: flash io: dio[0m
[0;32mI (773) sleep: Configure to isolate all GPIO pins in sleep state[0m
[0;32mI (780) sleep: Enable automatic switching of GPIO sleep configuration[0m
[0;32mI (787) coexist: coex firmware version: dab85ae96[0m
[0;32mI (792) coexist: coexist rom version e7ae62f[0m
[0;32mI (798) main_task: Started on CPU0[0m
[0;32mI (808) esp_psram: Reserving pool of 32K of internal memory for DMA/internal allocations[0m
[0;32mI (808) main_task: Calling app_main()[0m
[0;32mI (818) pocket_pan_main: ===============================================[0m
[0;32mI (818) pocket_pan_main:   Pocket Pan / Metal Modal Synthesizer v1.0.0[0m
[0;32mI (828) pocket_pan_main:   Hardware: TENSTAR TS-ESP32-S3 (Feather TFT)[0m
[0;32mI (838) pocket_pan_main: ===============================================[0m
[0;32mI (848) pocket_pan_main: [FORENSICS] candidate=25 profile=0 cpu_mhz=240 optimization_perf=1 process6=1 fine_bins=5 critical_only=0[0m
[0;32mI (878) gpio: GPIO[10]| InputEn: 0| OutputEn: 1| OpenDrain: 0| Pullup: 0| Pulldown: 1| Intr:0 [0m
[0;32mI (878) AudioI2S: I2S TX initialized (48kHz, 32-bit slot, stereo, 6x128 frames DMA = 1024 bytes/buf)[0m
[0;32mI (888) AudioI2S: Audio task started on Core 0 at priority 12[0m
[0;32mI (888) Display: [DISP_MEM_PRE] before: int_free=138047 int_largest=43008 psram_free=2094528[0m
[0;33mW (898) Display: Internal SRAM (64800 B) exhausted; falling back to PSRAM[0m
[0;32mI (908) Display: [DISP_MEM] framebuffer=0x3c0a0a44 (size=64800, align=4, internal=0, dma=0, psram=1)[0m
[0;32mI (918) Display: [DISP_MEM] scratch=0x3fcde7c4 (size=9600, align=4, internal=1, dma=1)[0m
[0;32mI (928) Display: [DISP_MEM] before: int_free=138047 int_largest=43008 psram_free=2094528[0m
[0;32mI (938) Display: [DISP_MEM] after:  int_free=128443 int_largest=34816 psram_free=2029724[0m
[0;32mI (948) gpio: GPIO[39]| InputEn: 0| OutputEn: 1| OpenDrain: 0| Pullup: 0| Pulldown: 0| Intr:0 [0m
[0;32mI (948) gpio: GPIO[40]| InputEn: 0| OutputEn: 1| OpenDrain: 0| Pullup: 0| Pulldown: 0| Intr:0 [0m
[0;32mI (958) gpio: GPIO[21]| InputEn: 0| OutputEn: 1| OpenDrain: 0| Pullup: 0| Pulldown: 0| Intr:0 [0m
[0;32mI (1188) gpio: GPIO[45]| InputEn: 0| OutputEn: 1| OpenDrain: 0| Pullup: 0| Pulldown: 0| Intr:0 [0m
[0;31mE (1198) lcd_panel.io.spi: panel_io_spi_tx_color(390): spi transmit (queue) color failed[0m
[0;31mE (1198) lcd_panel.st7789: panel_st7789_draw_bitmap(223): io tx color failed[0m
[0;32mI (1198) Display: ST7789 240x135 display initialized successfully (SPI 40MHz, GDMA callback armed)[0m
[0;32mI (1208) pocket_pan_main: [CANARY] PreparedNote canaries OK=1[0m
[0;32mI (1218) BLE_INIT: BT controller compile version [ba3b3e3][0m
[0;32mI (1228) BLE_INIT: Bluetooth MAC: b4:3a:45:ae:6f:2a[0m
[0;32mI (1228) phy_init: phy_version 680,a6008b2,Jun  4 2024,16:41:10[0m
[0;33mW (1268) phy_init: saving new calibration data because of checksum failure, mode(0)[0m
[0;32mI (1328) BleMidi: NimBLE BLE MIDI Central initialized and pinned to Core 1[0m
[0;32mI (1328) BleMidi: NimBLE Host task running on Core 1[0m
[0;32mI (1328) pocket_pan_main: [M75_MEMORY] table_bytes=9932 cache_bytes=79456 synth_bytes=93184 internal_free=33011 largest_internal=22528[0m
[0;32mI (1328) NimBLE: Failed to restore IRKs from store; status=8
[0m
[0;32mI (1338) pocket_pan_main: Pocket Pan initialization complete. Realtime audio active.[0m
[0;32mI (1348) NimBLE: GAP procedure initiated: discovery; [0m
[0;32mI (1358) NimBLE: own_addr_type=0 filter_policy=0 passive=0 limited=0 filter_duplicates=1 [0m
[0;32mI (1358) main_task: Returned from app_main()[0m
[0;32mI (1368) NimBLE: duration=forever[0m
[0;32mI (1378) NimBLE: 
[0m
[0;32mI (1378) BleMidi: Scanning for BLE MIDI devices...[0m
[0;32mI (1348) gpio: GPIO[0]| InputEn: 1| OutputEn: 0| OpenDrain: 0| Pullup: 1| Pulldown: 0| Intr:0 [0m
[0;31mE (1408) lcd_panel.io.spi: panel_io_spi_tx_color(390): spi transmit (queue) color failed[0m
[0;31mE (1408) lcd_panel.st7789: panel_st7789_draw_bitmap(223): io tx color failed[0m
[0;32mI (1428) BleMidi: BLE MIDI device found (59:FB:B6:B7:BF:0F); connecting[0m
[0;32mI (1428) NimBLE: GAP procedure initiated: connect; [0m
[0;32mI (1428) NimBLE: peer_addr_type=0 peer_addr=[0m
[0;32mI (1428) NimBLE: 59:fb:b6:b7:bf:0f[0m
[0;32mI (1438) NimBLE:  scan_itvl=16 scan_window=16 itvl_min=24 itvl_max=40 latency=0 supervision_timeout=256 min_ce_len=0 max_ce_len=0 own_addr_type=0[0m
[0;32mI (1448) NimBLE: 
[0m
[0;32mI (1538) BleMidi: BLE Connected! conn_handle=1[0m
[0;32mI (1538) NimBLE: GAP procedure initiated: [0m
[0;32mI (1538) NimBLE: connection parameter update; conn_handle=1 itvl_min=6 itvl_max=12 latency=0 supervision_timeout=200 min_ce_len=0 max_ce_len=0[0m
[0;32mI (1548) NimBLE: 
[0m
[0;32mI (1548) BleMidi: Requested connection params 7.5-15ms latency=0 timeout=2s rc=0[0m
[0;32mI (1558) NimBLE: GATT procedure initiated: discover all services
[0m
[0;32mI (1878) BleMidi: Negotiated params interval=50.00ms latency=0 timeout=2560ms[0m
[0;32mI (1878) NimBLE: Reattempt connection; reason = 0x3e, status = 0,reattempt count = 0 [0m
[0;31mE (1878) BleMidi: MIDI service discovery failed; disconnecting for recovery[0m
[0;32mI (1888) NimBLE: GAP procedure initiated: terminate connection; conn_handle=1 hci_reason=19
[0m
[0;32mI (1898) NimBLE: GAP procedure initiated: connect; [0m
[0;32mI (1898) NimBLE: peer_addr_type=0 peer_addr=[0m
[0;32mI (1908) NimBLE: 59:fb:b6:b7:bf:0f[0m
[0;32mI (1908) NimBLE:  scan_itvl=16 scan_window=16 itvl_min=24 itvl_max=40 latency=0 supervision_timeout=256 min_ce_len=0 max_ce_len=0 own_addr_type=0[0m
[0;32mI (1928) NimBLE: 
[0m
[0;32mI (1998) BleMidi: BLE Connected! conn_handle=1[0m
[0;32mI (1998) NimBLE: GAP procedure initiated: [0m
[0;32mI (1998) NimBLE: connection parameter update; conn_handle=1 itvl_min=6 itvl_max=12 latency=0 supervision_timeout=200 min_ce_len=0 max_ce_len=0[0m
[0;32mI (2008) NimBLE: 
[0m
[0;32mI (2008) BleMidi: Requested connection params 7.5-15ms latency=0 timeout=2s rc=0[0m
[0;32mI (2018) NimBLE: GATT procedure initiated: discover all services
[0m
[0;32mI (2328) BleMidi: Negotiated params interval=50.00ms latency=0 timeout=2560ms[0m
[0;32mI (2328) NimBLE: Reattempt connection; reason = 0x3e, status = 0,reattempt count = 0 [0m
[0;31mE (2328) BleMidi: MIDI service discovery failed; disconnecting for recovery[0m
[0;32mI (2338) NimBLE: GAP procedure initiated: terminate connection; conn_handle=1 hci_reason=19
[0m
[0;32mI (2348) NimBLE: GAP procedure initiated: connect; [0m
[0;32mI (2348) NimBLE: peer_addr_type=0 peer_addr=[0m
[0;32mI (2358) NimBLE: 59:fb:b6:b7:bf:0f[0m
[0;32mI (2358) NimBLE:  scan_itvl=16 scan_window=16 itvl_min=24 itvl_max=40 latency=0 supervision_timeout=256 min_ce_len=0 max_ce_len=0 own_addr_type=0[0m
[0;32mI (2378) NimBLE: 
[0m
[0;32mI (2438) BleMidi: BLE Connected! conn_handle=1[0m
[0;32mI (2438) NimBLE: GAP procedure initiated: [0m
[0;32mI (2448) NimBLE: connection parameter update; conn_handle=1 itvl_min=6 itvl_max=12 latency=0 supervision_timeout=200 min_ce_len=0 max_ce_len=0[0m
[0;32mI (2458) NimBLE: 
[0m
[0;32mI (2458) BleMidi: Requested connection params 7.5-15ms latency=0 timeout=2s rc=0[0m
[0;32mI (2468) NimBLE: GATT procedure initiated: discover all services
[0m
[0;32mI (2778) BleMidi: Negotiated params interval=50.00ms latency=0 timeout=2560ms[0m
[0;32mI (2778) NimBLE: Reattempt connection; reason = 0x3e, status = 0,reattempt count = 0 [0m
[0;31mE (2778) BleMidi: MIDI service discovery failed; disconnecting for recovery[0m
[0;32mI (2788) NimBLE: GAP procedure initiated: terminate connection; conn_handle=1 hci_reason=19
[0m
[0;32mI (2798) NimBLE: GAP procedure initiated: connect; [0m
[0;32mI (2798) NimBLE: peer_addr_type=0 peer_addr=[0m
[0;32mI (2808) NimBLE: 59:fb:b6:b7:bf:0f[0m
[0;32mI (2808) NimBLE:  scan_itvl=16 scan_window=16 itvl_min=24 itvl_max=40 latency=0 supervision_timeout=256 min_ce_len=0 max_ce_len=0 own_addr_type=0[0m
[0;32mI (2828) NimBLE: 
[0m
[0;32mI (2888) BleMidi: BLE Connected! conn_handle=1[0m
[0;32mI (2888) NimBLE: GAP procedure initiated: [0m
[0;32mI (2888) NimBLE: connection parameter update; conn_handle=1 itvl_min=6 itvl_max=12 latency=0 supervision_timeout=200 min_ce_len=0 max_ce_len=0[0m
[0;32mI (2908) NimBLE: 
[0m
[0;32mI (2908) BleMidi: Requested connection params 7.5-15ms latency=0 timeout=2s rc=0[0m
[0;32mI (2918) NimBLE: GATT procedure initiated: discover all services
[0m
[0;32mI (3228) BleMidi: Negotiated params interval=50.00ms latency=0 timeout=2560ms[0m
[0;32mI (3228) NimBLE: Reattempt connection; reason = 0x3e, status = 0,reattempt count = 0 [0m
[0;31mE (3228) BleMidi: MIDI service discovery failed; disconnecting for recovery[0m
[0;32mI (3238) NimBLE: GAP procedure initiated: terminate connection; conn_handle=1 hci_reason=19
[0m
[0;32mI (3248) NimBLE: GAP procedure initiated: connect; [0m
[0;32mI (3248) NimBLE: peer_addr_type=0 peer_addr=[0m
[0;32mI (3258) NimBLE: 59:fb:b6:b7:bf:0f[0m
[0;32mI (3258) NimBLE:  scan_itvl=16 scan_window=16 itvl_min=24 itvl_max=40 latency=0 supervision_timeout=256 min_ce_len=0 max_ce_len=0 own_addr_type=0[0m
[0;32mI (3278) NimBLE: 
[0m
[0;32mI (3338) BleMidi: BLE Connected! conn_handle=1[0m
[0;32mI (3338) NimBLE: GAP procedure initiated: [0m
[0;32mI (3338) NimBLE: connection parameter update; conn_handle=1 itvl_min=6 itvl_max=12 latency=0 supervision_timeout=200 min_ce_len=0 max_ce_len=0[0m
[0;32mI (3358) NimBLE: 
[0m
[0;32mI (3358) BleMidi: Requested connection params 7.5-15ms latency=0 timeout=2s rc=0[0m
[0;32mI (3368) NimBLE: GATT procedure initiated: discover all services
[0m
[0;32mI (3678) BleMidi: Negotiated params interval=50.00ms latency=0 timeout=2560ms[0m
[0;32mI (3678) NimBLE: Reattempt connection; reason = 0x3e, status = 0,reattempt count = 0 [0m
[0;31mE (3678) BleMidi: MIDI service discovery failed; disconnecting for recovery[0m
[0;32mI (3688) NimBLE: GAP procedure initiated: terminate connection; conn_handle=1 hci_reason=19
[0m
[0;32mI (3698) NimBLE: GAP procedure initiated: connect; [0m
[0;32mI (3698) NimBLE: peer_addr_type=0 peer_addr=[0m
[0;32mI (3708) NimBLE: 59:fb:b6:b7:bf:0f[0m
[0;32mI (3708) NimBLE:  scan_itvl=16 scan_window=16 itvl_min=24 itvl_max=40 latency=0 supervision_timeout=256 min_ce_len=0 max_ce_len=0 own_addr_type=0[0m
[0;32mI (3728) NimBLE: 
[0m
[0;32mI (3788) BleMidi: BLE Connected! conn_handle=1[0m
[0;32mI (3788) NimBLE: GAP procedure initiated: [0m
[0;32mI (3788) NimBLE: connection parameter update; conn_handle=1 itvl_min=6 itvl_max=12 latency=0 supervision_timeout=200 min_ce_len=0 max_ce_len=0[0m
[0;32mI (3798) NimBLE: 
[0m
[0;32mI (3808) BleMidi: Requested connection params 7.5-15ms latency=0 timeout=2s rc=0[0m
[0;32mI (3808) NimBLE: GATT procedure initiated: discover all services
[0m
[0;32mI (4128) BleMidi: Negotiated params interval=50.00ms latency=0 timeout=2560ms[0m
[0;32mI (4128) NimBLE: Reattempt connection; reason = 0x3e, status = 0,reattempt count = 0 [0m
[0;31mE (4128) BleMidi: MIDI service discovery failed; disconnecting for recovery[0m
[0;32mI (4138) NimBLE: GAP procedure initiated: terminate connection; conn_handle=1 hci_reason=19
[0m
[0;32mI (4148) NimBLE: GAP procedure initiated: connect; [0m
[0;32mI (4148) NimBLE: peer_addr_type=0 peer_addr=[0m
[0;32mI (4158) NimBLE: 59:fb:b6:b7:bf:0f[0m
[0;32mI (4158) NimBLE:  scan_itvl=16 scan_window=16 itvl_min=24 itvl_max=40 latency=0 supervision_timeout=256 min_ce_len=0 max_ce_len=0 own_addr_type=0[0m
[0;32mI (4178) NimBLE: 
[0m
[0;32mI (4248) BleMidi: BLE Connected! conn_handle=1[0m
[0;32mI (4248) NimBLE: GAP procedure initiated: [0m
[0;32mI (4248) NimBLE: connection parameter update; conn_handle=1 itvl_min=6 itvl_max=12 latency=0 supervision_timeout=200 min_ce_len=0 max_ce_len=0[0m
[0;32mI (4258) NimBLE: 
[0m
[0;32mI (4268) BleMidi: Requested connection params 7.5-15ms latency=0 timeout=2s rc=0[0m
[0;32mI (4268) NimBLE: GATT procedure initiated: discover all services
[0m
[0;32mI (4578) BleMidi: Negotiated params interval=50.00ms latency=0 timeout=2560ms[0m
[0;32mI (4578) NimBLE: Reattempt connection; reason = 0x3e, status = 0,reattempt count = 0 [0m
[0;31mE (4578) BleMidi: MIDI service discovery failed; disconnecting for recovery[0m
[0;32mI (4588) NimBLE: GAP procedure initiated: terminate connection; conn_handle=1 hci_reason=19
[0m
[0;32mI (4598) NimBLE: GAP procedure initiated: connect; [0m
[0;32mI (4598) NimBLE: peer_addr_type=0 peer_addr=[0m
[0;32mI (4608) NimBLE: 59:fb:b6:b7:bf:0f[0m
[0;32mI (4608) NimBLE:  scan_itvl=16 scan_window=16 itvl_min=24 itvl_max=40 latency=0 supervision_timeout=256 min_ce_len=0 max_ce_len=0 own_addr_type=0[0m
[0;32mI (4628) NimBLE: 
[0m
[0;32mI (4698) BleMidi: BLE Connected! conn_handle=1[0m
[0;32mI (4698) NimBLE: GAP procedure initiated: [0m
[0;32mI (4698) NimBLE: connection parameter update; conn_handle=1 itvl_min=6 itvl_max=12 latency=0 supervision_timeout=200 min_ce_len=0 max_ce_len=0[0m
[0;32mI (4708) NimBLE: 
[0m
[0;32mI (4718) BleMidi: Requested connection params 7.5-15ms latency=0 timeout=2s rc=0[0m
[0;32mI (4718) NimBLE: GATT procedure initiated: discover all services
[0m
[0;32mI (5028) BleMidi: Found BLE MIDI Service! start_handle=112 end_handle=115[0m
[0;32mI (5028) NimBLE: GATT procedure initiated: discover all characteristics; [0m
[0;32mI (5028) NimBLE: start_handle=112 end_handle=115
[0m
[0;32mI (5128) BleMidi: Found BLE MIDI Characteristic! def_handle=113 val_handle=114 props=0x16[0m
[0;32mI (5128) NimBLE: GATT procedure initiated: discover all descriptors; [0m
[0;32mI (5128) NimBLE: chr_val_handle=114 end_handle=115
[0m
[0;32mI (5228) BleMidi: Discovered CCCD (0x2902) handle=115[0m
[0;32mI (5228) NimBLE: GATT procedure initiated: write; [0m
[0;32mI (5228) NimBLE: att_handle=115 len=2
[0m
[0;32mI (5278) BleMidi: Negotiated params interval=7.50ms latency=0 timeout=2000ms[0m
[0;32mI (5298) BleMidi: CCCD subscription successful; BLE MIDI ready[0m
[0;32mI (5298) NimBLE: GAP procedure initiated: [0m
[0;32mI (5298) NimBLE: connection parameter update; conn_handle=1 itvl_min=6 itvl_max=9 latency=0 supervision_timeout=100 min_ce_len=0 max_ce_len=0[0m
[0;32mI (5308) NimBLE: 
[0m
[0;32mI (5388) BleMidi: Negotiated params interval=11.25ms latency=0 timeout=1000ms[0m
[0;32mI (5798) pocket_pan_main: [AUDIO] model=PAN blocks=1834 avg_us=278 p99_us=0 max_us=701 cpu_load=10.4 deadline=0 timeout=0 tx_error=0 short=0[0m
[0;32mI (5798) pocket_pan_main: [MIDI] push=4 pop=4 drop=0 hwm=1 last=(n=60 v=75 t=78 hex=903C4B)[0m
[0;32mI (5808) pocket_pan_main: [BLE] state=8 interval_ms=11.25 latency=0 rssi=-60 reconnects=0 last_disconnect=0[0m
[0;32mI (5818) pocket_pan_main: [MEM] internal_free=62223 largest_internal=32768[0m
[0;32mI (5828) pocket_pan_main: [UIREDRAW] urgent=26 telemetry=6 skip=101[0m
[0;32mI (10818) pocket_pan_main: [AUDIO] model=PAN blocks=3716 avg_us=263 p99_us=400 max_us=725 cpu_load=9.9 deadline=0 timeout=0 tx_error=0 short=0[0m
[0;32mI (10818) pocket_pan_main: [MIDI] push=4 pop=4 drop=0 hwm=1 last=(n=60 v=75 t=78 hex=903C4B)[0m
[0;32mI (10828) pocket_pan_main: [BLE] state=8 interval_ms=11.25 latency=0 rssi=-60 reconnects=0 last_disconnect=0[0m
[0;32mI (10838) pocket_pan_main: [MEM] internal_free=66079 largest_internal=32768[0m
[0;32mI (10848) pocket_pan_main: [UIREDRAW] urgent=26 telemetry=29 skip=244[0m
[0;32mI (15828) pocket_pan_main: [AUDIO] model=PAN blocks=5596 avg_us=263 p99_us=400 max_us=725 cpu_load=9.9 deadline=0 timeout=0 tx_error=0 short=0[0m
[0;32mI (15828) pocket_pan_main: [MIDI] push=4 pop=4 drop=0 hwm=1 last=(n=60 v=75 t=78 hex=903C4B)[0m
[0;32mI (15838) pocket_pan_main: [BLE] state=8 interval_ms=11.25 latency=0 rssi=-59 reconnects=0 last_disconnect=0[0m
[0;32mI (15848) pocket_pan_main: [MEM] internal_free=66079 largest_internal=32768[0m
[0;32mI (15858) pocket_pan_main: [UIREDRAW] urgent=26 telemetry=53 skip=386[0m
[0;32mI (20848) pocket_pan_main: [AUDIO] model=PAN blocks=7478 avg_us=262 p99_us=400 max_us=725 cpu_load=9.8 deadline=0 timeout=0 tx_error=0 short=0[0m
[0;32mI (20848) pocket_pan_main: [MIDI] push=4 pop=4 drop=0 hwm=1 last=(n=60 v=75 t=78 hex=903C4B)[0m
[0;32mI (20858) pocket_pan_main: [BLE] state=8 interval_ms=11.25 latency=0 rssi=-60 reconnects=0 last_disconnect=0[0m
[0;32mI (20868) pocket_pan_main: [MEM] internal_free=66079 largest_internal=32768[0m
[0;32mI (20878) pocket_pan_main: [UIREDRAW] urgent=26 telemetry=76 skip=529[0m
[0;32mI (25868) pocket_pan_main: [AUDIO] model=PAN blocks=9360 avg_us=263 p99_us=375 max_us=725 cpu_load=9.9 deadline=0 timeout=0 tx_error=0 short=0[0m
[0;32mI (25868) pocket_pan_main: [MIDI] push=4 pop=4 drop=0 hwm=1 last=(n=60 v=75 t=78 hex=903C4B)[0m
[0;32mI (25878) pocket_pan_main: [BLE] state=8 interval_ms=11.25 latency=0 rssi=-59 reconnects=0 last_disconnect=0[0m
[0;32mI (25888) pocket_pan_main: [MEM] internal_free=66079 largest_internal=32768[0m
[0;32mI (25898) pocket_pan_main: [UIREDRAW] urgent=26 telemetry=100 skip=671[0m
[0;32mI (27168) forensics: [FIXTURE_IO] model=VIBRAPHONE fixture=0 avg_us=268 p99_us=375 max_us=725 cpu_pct=10.05 deadline=0 timeouts=0 tx_errors=0 short_writes=0[0m
[0;32mI (27168) forensics: [CURVE] model=VIBRAPHONE fixture=0 voices=1 class=true_steady n=8103 avg_us=250.04 p95_us=280 p99_us=295 p995_us=300 p999_us=325 max_us=371 deadline=0 bad_voices=0 ble_lost=0 hard=0 sat=0 bin_us=5 max_observed_voices=1[0m
[0;32mI (27198) forensics: [HIST] fixture=0 class=true_steady lower_us=245 n=6641[0m
[0;32mI (27198) forensics: [HIST] fixture=0 class=true_steady lower_us=250 n=616[0m
[0;32mI (27208) forensics: [HIST] fixture=0 class=true_steady lower_us=255 n=88[0m
[0;32mI (27218) forensics: [HIST] fixture=0 class=true_steady lower_us=260 n=51[0m
[0;32mI (27228) forensics: [HIST] fixture=0 class=true_steady lower_us=265 n=36[0m
[0;32mI (27228) forensics: [HIST] fixture=0 class=true_steady lower_us=270 n=145[0m
[0;32mI (27238) forensics: [HIST] fixture=0 class=true_steady lower_us=275 n=362[0m
[0;32mI (27248) forensics: [HIST] fixture=0 class=true_steady lower_us=280 n=30[0m
[0;32mI (27258) forensics: [HIST] fixture=0 class=true_steady lower_us=285 n=20[0m
[0;32mI (27258) forensics: [HIST] fixture=0 class=true_steady lower_us=290 n=37[0m
[0;32mI (27268) forensics: [HIST] fixture=0 class=true_steady lower_us=295 n=42[0m
[0;32mI (27278) forensics: [HIST] fixture=0 class=true_steady lower_us=300 n=8[0m
[0;32mI (27288) forensics: [HIST] fixture=0 class=true_steady lower_us=305 n=4[0m
[0;32mI (27288) forensics: [HIST] fixture=0 class=true_steady lower_us=310 n=5[0m
[0;32mI (27298) forensics: [HIST] fixture=0 class=true_steady lower_us=315 n=4[0m
[0;32mI (27308) forensics: [HIST] fixture=0 class=true_steady lower_us=320 n=7[0m
[0;32mI (27318) forensics: [HIST] fixture=0 class=true_steady lower_us=325 n=4[0m
[0;32mI (27318) forensics: [HIST] fixture=0 class=true_steady lower_us=330 n=1[0m
[0;32mI (27328) forensics: [HIST] fixture=0 class=true_steady lower_us=350 n=1[0m
[0;32mI (27338) forensics: [HIST] fixture=0 class=true_steady lower_us=370 n=1[0m
[0;32mI (27348) forensics: [CALLBACK_CURVE] model=VIBRAPHONE fixture=0 voices=1 class=true_steady n=8102 avg_us=264.85 p95_us=315 p99_us=380 p995_us=405 p999_us=460 max_us=548 deadline=0 overhead_avg_us=14.81[0m
[0;32mI (27358) forensics: [CALLBACK_HIST] fixture=0 class=true_steady lower_us=255 n=5761[0m
[0;32mI (27368) forensics: [CALLBACK_HIST] fixture=0 class=true_steady lower_us=260 n=727[0m
[0;32mI (27378) forensics: [CALLBACK_HIST] fixture=0 class=true_steady lower_us=265 n=200[0m
[0;32mI (27388) forensics: [CALLBACK_HIST] fixture=0 class=true_steady lower_us=270 n=353[0m
[0;32mI (27398) forensics: [CALLBACK_HIST] fixture=0 class=true_steady lower_us=275 n=107[0m
[0;32mI (27408) forensics: [CALLBACK_HIST] fixture=0 class=true_steady lower_us=280 n=51[0m
[0;32mI (27408) forensics: [CALLBACK_HIST] fixture=0 class=true_steady lower_us=285 n=43[0m
[0;32mI (27418) forensics: [CALLBACK_HIST] fixture=0 class=true_steady lower_us=290 n=40[0m
[0;32mI (27428) forensics: [CALLBACK_HIST] fixture=0 class=true_steady lower_us=295 n=68[0m
[0;32mI (27438) forensics: [CALLBACK_HIST] fixture=0 class=true_steady lower_us=300 n=111[0m
[0;32mI (27448) forensics: [CALLBACK_HIST] fixture=0 class=true_steady lower_us=305 n=125[0m
[0;32mI (27458) forensics: [CALLBACK_HIST] fixture=0 class=true_steady lower_us=310 n=150[0m
[0;32mI (27458) forensics: [CALLBACK_HIST] fixture=0 class=true_steady lower_us=315 n=118[0m
[0;32mI (27468) forensics: [CALLBACK_HIST] fixture=0 class=true_steady lower_us=320 n=40[0m
[0;32mI (27478) forensics: [CALLBACK_HIST] fixture=0 class=true_steady lower_us=325 n=38[0m
[0;32mI (27488) forensics: [CALLBACK_HIST] fixture=0 class=true_steady lower_us=330 n=16[0m
[0;32mI (27498) forensics: [CALLBACK_HIST] fixture=0 class=true_steady lower_us=335 n=12[0m
[0;32mI (27498) forensics: [CALLBACK_HIST] fixture=0 class=true_steady lower_us=340 n=3[0m
[0;32mI (27508) forensics: [CALLBACK_HIST] fixture=0 class=true_steady lower_us=345 n=4[0m
[0;32mI (27518) forensics: [CALLBACK_HIST] fixture=0 class=true_steady lower_us=350 n=10[0m
[0;32mI (27528) forensics: [CALLBACK_HIST] fixture=0 class=true_steady lower_us=355 n=4[0m
[0;32mI (27538) forensics: [CALLBACK_HIST] fixture=0 class=true_steady lower_us=360 n=9[0m
[0;32mI (27548) forensics: [CALLBACK_HIST] fixture=0 class=true_steady lower_us=365 n=10[0m
[0;32mI (27548) forensics: [CALLBACK_HIST] fixture=0 class=true_steady lower_us=370 n=11[0m
[0;32mI (27558) forensics: [CALLBACK_HIST] fixture=0 class=true_steady lower_us=375 n=11[0m
[0;32mI (27568) forensics: [CALLBACK_HIST] fixture=0 class=true_steady lower_us=380 n=11[0m
[0;32mI (27578) forensics: [CALLBACK_HIST] fixture=0 class=true_steady lower_us=385 n=3[0m
[0;32mI (27588) forensics: [CALLBACK_HIST] fixture=0 class=true_steady lower_us=390 n=13[0m
[0;32mI (27598) forensics: [CALLBACK_HIST] fixture=0 class=true_steady lower_us=395 n=11[0m
[0;32mI (27598) forensics: [CALLBACK_HIST] fixture=0 class=true_steady lower_us=400 n=8[0m
[0;32mI (27608) forensics: [CALLBACK_HIST] fixture=0 class=true_steady lower_us=405 n=9[0m
[0;32mI (27618) forensics: [CALLBACK_HIST] fixture=0 class=true_steady lower_us=410 n=3[0m
[0;32mI (27628) forensics: [CALLBACK_HIST] fixture=0 class=true_steady lower_us=415 n=3[0m
[0;32mI (27638) forensics: [CALLBACK_HIST] fixture=0 class=true_steady lower_us=420 n=1[0m
[0;32mI (27638) forensics: [CALLBACK_HIST] fixture=0 class=true_steady lower_us=425 n=2[0m
[0;32mI (27648) forensics: [CALLBACK_HIST] fixture=0 class=true_steady lower_us=430 n=2[0m
[0;32mI (27658) forensics: [CALLBACK_HIST] fixture=0 class=true_steady lower_us=440 n=2[0m
[0;32mI (27668) forensics: [CALLBACK_HIST] fixture=0 class=true_steady lower_us=445 n=1[0m
[0;32mI (27678) forensics: [CALLBACK_HIST] fixture=0 class=true_steady lower_us=450 n=2[0m
[0;32mI (27688) forensics: [CALLBACK_HIST] fixture=0 class=true_steady lower_us=455 n=4[0m
[0;32mI (27688) forensics: [CALLBACK_HIST] fixture=0 class=true_steady lower_us=475 n=1[0m
[0;32mI (27698) forensics: [CALLBACK_HIST] fixture=0 class=true_steady lower_us=490 n=1[0m
[0;32mI (27708) forensics: [CALLBACK_HIST] fixture=0 class=true_steady lower_us=500 n=1[0m
[0;32mI (27718) forensics: [CALLBACK_HIST] fixture=0 class=true_steady lower_us=535 n=1[0m
[0;32mI (27728) forensics: [CALLBACK_HIST] fixture=0 class=true_steady lower_us=545 n=1[0m
[0;32mI (27728) forensics: [CURVE] model=VIBRAPHONE fixture=0 voices=1 class=attack_tail n=44 avg_us=312.58 p95_us=340 p99_us=350 p995_us=350 p999_us=350 max_us=345 deadline=0 bad_voices=0 ble_lost=0 hard=0 sat=0 bin_us=5 max_observed_voices=1[0m
[0;32mI (27758) forensics: [HIST] fixture=0 class=attack_tail lower_us=305 n=15[0m
[0;32mI (27758) forensics: [HIST] fixture=0 class=attack_tail lower_us=310 n=18[0m
[0;32mI (27768) forensics: [HIST] fixture=0 class=attack_tail lower_us=315 n=8[0m
[0;32mI (27778) forensics: [HIST] fixture=0 class=attack_tail lower_us=335 n=2[0m
[0;32mI (27788) forensics: [HIST] fixture=0 class=attack_tail lower_us=345 n=1[0m
[0;32mI (27788) forensics: [CALLBACK_CURVE] model=VIBRAPHONE fixture=0 voices=1 class=attack_tail n=44 avg_us=342.52 p95_us=405 p99_us=415 p995_us=415 p999_us=415 max_us=414 deadline=0 overhead_avg_us=29.95[0m
[0;32mI (27808) forensics: [CALLBACK_HIST] fixture=0 class=attack_tail lower_us=315 n=1[0m
[0;32mI (27818) forensics: [CALLBACK_HIST] fixture=0 class=attack_tail lower_us=320 n=2[0m
[0;32mI (27828) forensics: [CALLBACK_HIST] fixture=0 class=attack_tail lower_us=325 n=9[0m
[0;32mI (27838) forensics: [CALLBACK_HIST] fixture=0 class=attack_tail lower_us=330 n=7[0m
[0;32mI (27838) forensics: [CALLBACK_HIST] fixture=0 class=attack_tail lower_us=335 n=8[0m
[0;32mI (27848) forensics: [CALLBACK_HIST] fixture=0 class=attack_tail lower_us=340 n=5[0m
[0;32mI (27858) forensics: [CALLBACK_HIST] fixture=0 class=attack_tail lower_us=345 n=2[0m
[0;32mI (27868) forensics: [CALLBACK_HIST] fixture=0 class=attack_tail lower_us=350 n=3[0m
[0;32mI (27878) forensics: [CALLBACK_HIST] fixture=0 class=attack_tail lower_us=355 n=3[0m
[0;32mI (27878) forensics: [CALLBACK_HIST] fixture=0 class=attack_tail lower_us=385 n=1[0m
[0;32mI (27888) forensics: [CALLBACK_HIST] fixture=0 class=attack_tail lower_us=400 n=1[0m
[0;32mI (27898) forensics: [CALLBACK_HIST] fixture=0 class=attack_tail lower_us=405 n=1[0m
[0;32mI (27908) forensics: [CALLBACK_HIST] fixture=0 class=attack_tail lower_us=410 n=1[0m
[0;32mI (27918) forensics: [CURVE] model=VIBRAPHONE fixture=0 voices=1 class=event n=44 avg_us=551.92 p95_us=590 p99_us=595 p995_us=595 p999_us=595 max_us=590 deadline=0 bad_voices=0 ble_lost=0 hard=0 sat=0 bin_us=5 max_observed_voices=1[0m
[0;32mI (27938) forensics: [HIST] fixture=0 class=event lower_us=525 n=10[0m
[0;32mI (27948) forensics: [HIST] fixture=0 class=event lower_us=530 n=5[0m
[0;32mI (27948) forensics: [HIST] fixture=0 class=event lower_us=535 n=1[0m
[0;32mI (27958) forensics: [HIST] fixture=0 class=event lower_us=540 n=1[0m
[0;32mI (27968) forensics: [HIST] fixture=0 class=event lower_us=550 n=2[0m
[0;32mI (27968) forensics: [HIST] fixture=0 class=event lower_us=555 n=5[0m
[0;32mI (27978) forensics: [HIST] fixture=0 class=event lower_us=560 n=10[0m
[0;32mI (27988) forensics: [HIST] fixture=0 class=event lower_us=565 n=2[0m
[0;32mI (27988) forensics: [HIST] fixture=0 class=event lower_us=570 n=3[0m
[0;32mI (27998) forensics: [HIST] fixture=0 class=event lower_us=580 n=2[0m
[0;32mI (28008) forensics: [HIST] fixture=0 class=event lower_us=585 n=2[0m
[0;32mI (28008) forensics: [HIST] fixture=0 class=event lower_us=590 n=1[0m
[0;32mI (28018) forensics: [CALLBACK_CURVE] model=VIBRAPHONE fixture=0 voices=1 class=event n=44 avg_us=650.91 p95_us=725 p99_us=730 p995_us=730 p999_us=730 max_us=725 deadline=0 overhead_avg_us=98.98[0m
[0;32mI (28038) forensics: [CALLBACK_HIST] fixture=0 class=event lower_us=600 n=1[0m
[0;32mI (28048) forensics: [CALLBACK_HIST] fixture=0 class=event lower_us=605 n=1[0m
[0;32mI (28048) forensics: [CALLBACK_HIST] fixture=0 class=event lower_us=610 n=1[0m
[0;32mI (28058) forensics: [CALLBACK_HIST] fixture=0 class=event lower_us=615 n=6[0m
[0;32mI (28068) forensics: [CALLBACK_HIST] fixture=0 class=event lower_us=620 n=5[0m
[0;32mI (28078) forensics: [CALLBACK_HIST] fixture=0 class=event lower_us=625 n=2[0m
[0;32mI (28078) forensics: [CALLBACK_HIST] fixture=0 class=event lower_us=630 n=1[0m
[0;32mI (28088) forensics: [CALLBACK_HIST] fixture=0 class=event lower_us=635 n=3[0m
[0;32mI (28098) forensics: [CALLBACK_HIST] fixture=0 class=event lower_us=645 n=1[0m
[0;32mI (28108) forensics: [CALLBACK_HIST] fixture=0 class=event lower_us=650 n=2[0m
[0;32mI (28118) forensics: [CALLBACK_HIST] fixture=0 class=event lower_us=655 n=7[0m
[0;32mI (28118) forensics: [CALLBACK_HIST] fixture=0 class=event lower_us=660 n=2[0m
[0;32mI (28128) forensics: [CALLBACK_HIST] fixture=0 class=event lower_us=665 n=3[0m
[0;32mI (28138) forensics: [CALLBACK_HIST] fixture=0 class=event lower_us=670 n=1[0m
[0;32mI (28148) forensics: [CALLBACK_HIST] fixture=0 class=event lower_us=675 n=2[0m
[0;32mI (28148) forensics: [CALLBACK_HIST] fixture=0 class=event lower_us=700 n=1[0m
[0;32mI (28158) forensics: [CALLBACK_HIST] fixture=0 class=event lower_us=710 n=1[0m
[0;32mI (28168) forensics: [CALLBACK_HIST] fixture=0 class=event lower_us=715 n=1[0m
[0;32mI (28178) forensics: [CALLBACK_HIST] fixture=0 class=event lower_us=720 n=1[0m
[0;32mI (28178) forensics: [CALLBACK_HIST] fixture=0 class=event lower_us=725 n=2[0m
[0;32mI (28188) forensics: [CURVE] model=VIBRAPHONE fixture=0 voices=1 class=fixture_transition n=1 avg_us=502.21 p95_us=505 p99_us=505 p995_us=505 p999_us=505 max_us=503 deadline=0 bad_voices=0 ble_lost=0 hard=0 sat=0 bin_us=5 max_observed_voices=1[0m
[0;32mI (28208) forensics: [HIST] fixture=0 class=fixture_transition lower_us=500 n=1[0m
[0;32mI (28218) forensics: [CALLBACK_CURVE] model=VIBRAPHONE fixture=0 voices=1 class=fixture_transition n=1 avg_us=701.00 p95_us=705 p99_us=705 p995_us=705 p999_us=705 max_us=701 deadline=0 overhead_avg_us=198.79[0m
[0;32mI (28238) forensics: [CALLBACK_HIST] fixture=0 class=fixture_transition lower_us=700 n=1[0m
[0;32mI (28248) forensics: [FASTPATH] fixture=0 stable8=0 attack=2[0m
[0;32mI (28258) forensics: [OVERHEAD] fixture=0 blocks=9846 model_reset_avg_us=2.20 model_reset_max_us=31 queue_avg_us=2.09 queue_max_us=44 render_avg_us=214.72 telem_avg_us=3.14 telem_max_us=165 telem_publishes=1230[0m
[0;32mI (30888) pocket_pan_main: [AUDIO] model=PAN blocks=11242 avg_us=732 p99_us=0 max_us=1503 cpu_load=27.4 deadline=0 timeout=0 tx_error=0 short=0[0m
[0;32mI (30888) pocket_pan_main: [MIDI] push=4 pop=4 drop=0 hwm=1 last=(n=60 v=75 t=78 hex=903C4B)[0m
[0;32mI (30898) pocket_pan_main: [BLE] state=8 interval_ms=11.25 latency=0 rssi=-58 reconnects=0 last_disconnect=0[0m
[0;32mI (30908) pocket_pan_main: [MEM] internal_free=66079 largest_internal=32768[0m
[0;32mI (30918) pocket_pan_main: [UIREDRAW] urgent=28 telemetry=118 skip=780[0m
[0;32mI (35898) pocket_pan_main: [AUDIO] model=PAN blocks=13122 avg_us=741 p99_us=975 max_us=1531 cpu_load=27.8 deadline=0 timeout=0 tx_error=0 short=0[0m
[0;32mI (35898) pocket_pan_main: [MIDI] push=4 pop=4 drop=0 hwm=1 last=(n=60 v=75 t=78 hex=903C4B)[0m
[0;32mI (35908) pocket_pan_main: [BLE] state=8 interval_ms=11.25 latency=0 rssi=-60 reconnects=0 last_disconnect=0[0m
[0;32mI (35918) pocket_pan_main: [MEM] internal_free=66079 largest_internal=32768[0m
[0;32mI (35928) pocket_pan_main: [UIREDRAW] urgent=28 telemetry=141 skip=923[0m
[0;32mI (40918) pocket_pan_main: [AUDIO] model=PAN blocks=15005 avg_us=741 p99_us=1000 max_us=1531 cpu_load=27.8 deadline=0 timeout=0 tx_error=0 short=0[0m
[0;32mI (40918) pocket_pan_main: [MIDI] push=4 pop=4 drop=0 hwm=1 last=(n=60 v=75 t=78 hex=903C4B)[0m
[0;32mI (40928) pocket_pan_main: [BLE] state=8 interval_ms=11.25 latency=0 rssi=-57 reconnects=0 last_disconnect=0[0m
[0;32mI (40938) pocket_pan_main: [MEM] internal_free=66079 largest_internal=32768[0m
[0;32mI (40948) pocket_pan_main: [UIREDRAW] urgent=28 telemetry=165 skip=1065[0m
[0;32mI (45938) pocket_pan_main: [AUDIO] model=PAN blocks=16887 avg_us=746 p99_us=1000 max_us=1531 cpu_load=28.0 deadline=0 timeout=0 tx_error=0 short=0[0m
[0;32mI (45938) pocket_pan_main: [MIDI] push=4 pop=4 drop=0 hwm=1 last=(n=60 v=75 t=78 hex=903C4B)[0m
[0;32mI (45948) pocket_pan_main: [BLE] state=8 interval_ms=11.25 latency=0 rssi=-56 reconnects=0 last_disconnect=0[0m
[0;32mI (45958) pocket_pan_main: [MEM] internal_free=66079 largest_internal=32768[0m
[0;32mI (45968) pocket_pan_main: [UIREDRAW] urgent=28 telemetry=188 skip=1208[0m
[0;32mI (49008) forensics: [FIXTURE_IO] model=VIBRAPHONE fixture=1 avg_us=746 p99_us=1000 max_us=1567 cpu_pct=27.97 deadline=0 timeouts=0 tx_errors=0 short_writes=0[0m
[0;32mI (49008) forensics: [CURVE] model=VIBRAPHONE fixture=1 voices=4 class=true_steady n=8103 avg_us=715.79 p95_us=775 p99_us=845 p995_us=870 p999_us=900 max_us=992 deadline=0 bad_voices=0 ble_lost=0 hard=0 sat=0 bin_us=5 max_observed_voices=4[0m
[0;32mI (49038) forensics: [HIST] fixture=1 class=true_steady lower_us=705 n=5257[0m
[0;32mI (49038) forensics: [HIST] fixture=1 class=true_steady lower_us=710 n=1251[0m
[0;32mI (49048) forensics: [HIST] fixture=1 class=true_steady lower_us=715 n=381[0m
[0;32mI (49058) forensics: [HIST] fixture=1 class=true_steady lower_us=720 n=175[0m
[0;32mI (49068) forensics: [HIST] fixture=1 class=true_steady lower_us=725 n=97[0m
[0;32mI (49068) forensics: [HIST] fixture=1 class=true_steady lower_us=730 n=77[0m
[0;32mI (49078) forensics: [HIST] fixture=1 class=true_steady lower_us=735 n=68[0m
[0;32mI (49088) forensics: [HIST] fixture=1 class=true_steady lower_us=740 n=57[0m
[0;32mI (49098) forensics: [HIST] fixture=1 class=true_steady lower_us=745 n=50[0m
[0;32mI (49098) forensics: [HIST] fixture=1 class=true_steady lower_us=750 n=42[0m
[0;32mI (49108) forensics: [HIST] fixture=1 class=true_steady lower_us=755 n=51[0m
[0;32mI (49118) forensics: [HIST] fixture=1 class=true_steady lower_us=760 n=65[0m
[0;32mI (49128) forensics: [HIST] fixture=1 class=true_steady lower_us=765 n=88[0m
[0;32mI (49128) forensics: [HIST] fixture=1 class=true_steady lower_us=770 n=123[0m
[0;32mI (49138) forensics: [HIST] fixture=1 class=true_steady lower_us=775 n=79[0m
[0;32mI (49148) forensics: [HIST] fixture=1 class=true_steady lower_us=780 n=66[0m
[0;32mI (49158) forensics: [HIST] fixture=1 class=true_steady lower_us=785 n=18[0m
[0;32mI (49158) forensics: [HIST] fixture=1 class=true_steady lower_us=790 n=14[0m
[0;32mI (49168) forensics: [HIST] fixture=1 class=true_steady lower_us=795 n=8[0m
[0;32mI (49178) forensics: [HIST] fixture=1 class=true_steady lower_us=800 n=3[0m
[0;32mI (49188) forensics: [HIST] fixture=1 class=true_steady lower_us=805 n=3[0m
[0;32mI (49188) forensics: [HIST] fixture=1 class=true_steady lower_us=810 n=6[0m
[0;32mI (49198) forensics: [HIST] fixture=1 class=true_steady lower_us=815 n=6[0m
[0;32mI (49208) forensics: [HIST] fixture=1 class=true_steady lower_us=820 n=2[0m
[0;32mI (49218) forensics: [HIST] fixture=1 class=true_steady lower_us=825 n=9[0m
[0;32mI (49218) forensics: [HIST] fixture=1 class=true_steady lower_us=830 n=7[0m
[0;32mI (49228) forensics: [HIST] fixture=1 class=true_steady lower_us=835 n=9[0m
[0;32mI (49238) forensics: [HIST] fixture=1 class=true_steady lower_us=840 n=10[0m
[0;32mI (49248) forensics: [HIST] fixture=1 class=true_steady lower_us=845 n=16[0m
[0;32mI (49248) forensics: [HIST] fixture=1 class=true_steady lower_us=850 n=8[0m
[0;32mI (49258) forensics: [HIST] fixture=1 class=true_steady lower_us=855 n=11[0m
[0;32mI (49268) forensics: [HIST] fixture=1 class=true_steady lower_us=860 n=4[0m
[0;32mI (49268) forensics: [HIST] fixture=1 class=true_steady lower_us=865 n=7[0m
[0;32mI (49278) forensics: [HIST] fixture=1 class=true_steady lower_us=870 n=8[0m
[0;32mI (49288) forensics: [HIST] fixture=1 class=true_steady lower_us=875 n=5[0m
[0;32mI (49298) forensics: [HIST] fixture=1 class=true_steady lower_us=880 n=5[0m
[0;32mI (49298) forensics: [HIST] fixture=1 class=true_steady lower_us=885 n=5[0m
[0;32mI (49308) forensics: [HIST] fixture=1 class=true_steady lower_us=890 n=3[0m
[0;32mI (49318) forensics: [HIST] fixture=1 class=true_steady lower_us=895 n=1[0m
[0;32mI (49328) forensics: [HIST] fixture=1 class=true_steady lower_us=900 n=2[0m
[0;32mI (49328) forensics: [HIST] fixture=1 class=true_steady lower_us=905 n=2[0m
[0;32mI (49338) forensics: [HIST] fixture=1 class=true_steady lower_us=930 n=1[0m
[0;32mI (49348) forensics: [HIST] fixture=1 class=true_steady lower_us=940 n=1[0m
[0;32mI (49358) forensics: [HIST] fixture=1 class=true_steady lower_us=950 n=1[0m
[0;32mI (49358) forensics: [HIST] fixture=1 class=true_steady lower_us=990 n=1[0m
[0;32mI (49368) forensics: [CALLBACK_CURVE] model=VIBRAPHONE fixture=1 voices=4 class=true_steady n=8103 avg_us=733.79 p95_us=820 p99_us=955 p995_us=995 p999_us=1045 max_us=1170 deadline=0 overhead_avg_us=18.00[0m
[0;32mI (49388) forensics: [CALLBACK_HIST] fixture=1 class=true_steady lower_us=265 n=1[0m
[0;32mI (49398) forensics: [CALLBACK_HIST] fixture=1 class=true_steady lower_us=710 n=1258[0m
[0;32mI (49408) forensics: [CALLBACK_HIST] fixture=1 class=true_steady lower_us=715 n=3172[0m
[0;32mI (49408) forensics: [CALLBACK_HIST] fixture=1 class=true_steady lower_us=720 n=1153[0m
[0;32mI (49418) forensics: [CALLBACK_HIST] fixture=1 class=true_steady lower_us=725 n=414[0m
[0;32mI (49428) forensics: [CALLBACK_HIST] fixture=1 class=true_steady lower_us=730 n=258[0m
[0;32mI (49438) forensics: [CALLBACK_HIST] fixture=1 class=true_steady lower_us=735 n=368[0m
[0;32mI (49448) forensics: [CALLBACK_HIST] fixture=1 class=true_steady lower_us=740 n=172[0m
[0;32mI (49458) forensics: [CALLBACK_HIST] fixture=1 class=true_steady lower_us=745 n=108[0m
[0;32mI (49458) forensics: [CALLBACK_HIST] fixture=1 class=true_steady lower_us=750 n=70[0m
[0;32mI (49468) forensics: [CALLBACK_HIST] fixture=1 class=true_steady lower_us=755 n=63[0m
[0;32mI (49478) forensics: [CALLBACK_HIST] fixture=1 class=true_steady lower_us=760 n=66[0m
[0;32mI (49488) forensics: [CALLBACK_HIST] fixture=1 class=true_steady lower_us=765 n=112[0m
[0;32mI (49498) forensics: [CALLBACK_HIST] fixture=1 class=true_steady lower_us=770 n=82[0m
[0;32mI (49508) forensics: [CALLBACK_HIST] fixture=1 class=true_steady lower_us=775 n=46[0m
[0;32mI (49508) forensics: [CALLBACK_HIST] fixture=1 class=true_steady lower_us=780 n=50[0m
[0;32mI (49518) forensics: [CALLBACK_HIST] fixture=1 class=true_steady lower_us=785 n=25[0m
[0;32mI (49528) forensics: [CALLBACK_HIST] fixture=1 class=true_steady lower_us=790 n=23[0m
[0;32mI (49538) forensics: [CALLBACK_HIST] fixture=1 class=true_steady lower_us=795 n=31[0m
[0;32mI (49548) forensics: [CALLBACK_HIST] fixture=1 class=true_steady lower_us=800 n=36[0m
[0;32mI (49558) forensics: [CALLBACK_HIST] fixture=1 class=true_steady lower_us=805 n=70[0m
[0;32mI (49558) forensics: [CALLBACK_HIST] fixture=1 class=true_steady lower_us=810 n=65[0m
[0;32mI (49568) forensics: [CALLBACK_HIST] fixture=1 class=true_steady lower_us=815 n=73[0m
[0;32mI (49578) forensics: [CALLBACK_HIST] fixture=1 class=true_steady lower_us=820 n=55[0m
[0;32mI (49588) forensics: [CALLBACK_HIST] fixture=1 class=true_steady lower_us=825 n=47[0m
[0;32mI (49598) forensics: [CALLBACK_HIST] fixture=1 class=true_steady lower_us=830 n=43[0m
[0;32mI (49608) forensics: [CALLBACK_HIST] fixture=1 class=true_steady lower_us=835 n=38[0m
[0;32mI (49608) forensics: [CALLBACK_HIST] fixture=1 class=true_steady lower_us=840 n=13[0m
[0;32mI (49618) forensics: [CALLBACK_HIST] fixture=1 class=true_steady lower_us=845 n=16[0m
[0;32mI (49628) forensics: [CALLBACK_HIST] fixture=1 class=true_steady lower_us=850 n=7[0m
[0;32mI (49638) forensics: [CALLBACK_HIST] fixture=1 class=true_steady lower_us=855 n=11[0m
[0;32mI (49648) forensics: [CALLBACK_HIST] fixture=1 class=true_steady lower_us=860 n=6[0m
[0;32mI (49648) forensics: [CALLBACK_HIST] fixture=1 class=true_steady lower_us=865 n=4[0m
[0;32mI (49658) forensics: [CALLBACK_HIST] fixture=1 class=true_steady lower_us=870 n=6[0m
[0;32mI (49668) forensics: [CALLBACK_HIST] fixture=1 class=true_steady lower_us=875 n=2[0m
[0;32mI (49678) forensics: [CALLBACK_HIST] fixture=1 class=true_steady lower_us=880 n=3[0m
[0;32mI (49688) forensics: [CALLBACK_HIST] fixture=1 class=true_steady lower_us=885 n=6[0m
[0;32mI (49698) forensics: [CALLBACK_HIST] fixture=1 class=true_steady lower_us=890 n=4[0m
[0;32mI (49698) forensics: [CALLBACK_HIST] fixture=1 class=true_steady lower_us=895 n=6[0m
[0;32mI (49708) forensics: [CALLBACK_HIST] fixture=1 class=true_steady lower_us=900 n=1[0m
[0;32mI (49718) forensics: [CALLBACK_HIST] fixture=1 class=true_steady lower_us=905 n=4[0m
[0;32mI (49728) forensics: [CALLBACK_HIST] fixture=1 class=true_steady lower_us=915 n=1[0m
[0;32mI (49738) forensics: [CALLBACK_HIST] fixture=1 class=true_steady lower_us=920 n=5[0m
[0;32mI (49738) forensics: [CALLBACK_HIST] fixture=1 class=true_steady lower_us=925 n=3[0m
[0;32mI (49748) forensics: [CALLBACK_HIST] fixture=1 class=true_steady lower_us=930 n=5[0m
[0;32mI (49758) forensics: [CALLBACK_HIST] fixture=1 class=true_steady lower_us=935 n=7[0m
[0;32mI (49768) forensics: [CALLBACK_HIST] fixture=1 class=true_steady lower_us=940 n=7[0m
[0;32mI (49778) forensics: [CALLBACK_HIST] fixture=1 class=true_steady lower_us=945 n=5[0m
[0;32mI (49778) forensics: [CALLBACK_HIST] fixture=1 class=true_steady lower_us=950 n=5[0m
[0;32mI (49788) forensics: [CALLBACK_HIST] fixture=1 class=true_steady lower_us=955 n=8[0m
[0;32mI (49798) forensics: [CALLBACK_HIST] fixture=1 class=true_steady lower_us=960 n=2[0m
[0;32mI (49808) forensics: [CALLBACK_HIST] fixture=1 class=true_steady lower_us=965 n=6[0m
[0;32mI (49818) forensics: [CALLBACK_HIST] fixture=1 class=true_steady lower_us=970 n=5[0m
[0;32mI (49828) forensics: [CALLBACK_HIST] fixture=1 class=true_steady lower_us=975 n=3[0m
[0;32mI (49828) forensics: [CALLBACK_HIST] fixture=1 class=true_steady lower_us=980 n=4[0m
[0;32mI (49838) forensics: [CALLBACK_HIST] fixture=1 class=true_steady lower_us=985 n=7[0m
[0;32mI (49848) forensics: [CALLBACK_HIST] fixture=1 class=true_steady lower_us=990 n=10[0m
[0;32mI (49858) forensics: [CALLBACK_HIST] fixture=1 class=true_steady lower_us=995 n=2[0m
[0;32mI (49868) forensics: [CALLBACK_HIST] fixture=1 class=true_steady lower_us=1000 n=5[0m
[0;32mI (49868) forensics: [CALLBACK_HIST] fixture=1 class=true_steady lower_us=1005 n=3[0m
[0;32mI (49878) forensics: [CALLBACK_HIST] fixture=1 class=true_steady lower_us=1015 n=1[0m
[0;32mI (49888) forensics: [CALLBACK_HIST] fixture=1 class=true_steady lower_us=1020 n=1[0m
[0;32mI (49898) forensics: [CALLBACK_HIST] fixture=1 class=true_steady lower_us=1025 n=5[0m
[0;32mI (49908) forensics: [CALLBACK_HIST] fixture=1 class=true_steady lower_us=1030 n=4[0m
[0;32mI (49918) forensics: [CALLBACK_HIST] fixture=1 class=true_steady lower_us=1035 n=2[0m
[0;32mI (49918) forensics: [CALLBACK_HIST] fixture=1 class=true_steady lower_us=1040 n=2[0m
[0;32mI (49928) forensics: [CALLBACK_HIST] fixture=1 class=true_steady lower_us=1045 n=2[0m
[0;32mI (49938) forensics: [CALLBACK_HIST] fixture=1 class=true_steady lower_us=1050 n=1[0m
[0;32mI (49948) forensics: [CALLBACK_HIST] fixture=1 class=true_steady lower_us=1075 n=1[0m
[0;32mI (49958) forensics: [CALLBACK_HIST] fixture=1 class=true_steady lower_us=1085 n=1[0m
[0;32mI (49968) forensics: [CALLBACK_HIST] fixture=1 class=true_steady lower_us=1120 n=1[0m
[0;32mI (49968) forensics: [CALLBACK_HIST] fixture=1 class=true_steady lower_us=1170 n=1[0m
[0;32mI (49978) forensics: [CURVE] model=VIBRAPHONE fixture=1 voices=4 class=attack_tail n=44 avg_us=978.93 p95_us=1050 p99_us=1095 p995_us=1095 p999_us=1095 max_us=1094 deadline=0 bad_voices=0 ble_lost=0 hard=0 sat=0 bin_us=5 max_observed_voices=4[0m
[0;32mI (49998) forensics: [HIST] fixture=1 class=attack_tail lower_us=950 n=1[0m
[0;32mI (50008) forensics: [HIST] fixture=1 class=attack_tail lower_us=955 n=9[0m
[0;32mI (50018) forensics: [HIST] fixture=1 class=attack_tail lower_us=960 n=7[0m
[0;32mI (50028) forensics: [HIST] fixture=1 class=attack_tail lower_us=965 n=10[0m
[0;32mI (50028) forensics: [HIST] fixture=1 class=attack_tail lower_us=970 n=3[0m
[0;32mI (50038) forensics: [HIST] fixture=1 class=attack_tail lower_us=975 n=6[0m
[0;32mI (50048) forensics: [HIST] fixture=1 class=attack_tail lower_us=1010 n=1[0m
[0;32mI (50058) forensics: [HIST] fixture=1 class=attack_tail lower_us=1020 n=1[0m
[0;32mI (50058) forensics: [HIST] fixture=1 class=attack_tail lower_us=1025 n=1[0m
[0;32mI (50068) forensics: [HIST] fixture=1 class=attack_tail lower_us=1040 n=2[0m
[0;32mI (50078) forensics: [HIST] fixture=1 class=attack_tail lower_us=1045 n=1[0m
[0;32mI (50088) forensics: [HIST] fixture=1 class=attack_tail lower_us=1075 n=1[0m
[0;32mI (50088) forensics: [HIST] fixture=1 class=attack_tail lower_us=1090 n=1[0m
[0;32mI (50098) forensics: [CALLBACK_CURVE] model=VIBRAPHONE fixture=1 voices=4 class=attack_tail n=44 avg_us=1014.32 p95_us=1145 p99_us=1195 p995_us=1195 p999_us=1195 max_us=1192 deadline=0 overhead_avg_us=35.39[0m
[0;32mI (50118) forensics: [CALLBACK_HIST] fixture=1 class=attack_tail lower_us=965 n=1[0m
[0;32mI (50128) forensics: [CALLBACK_HIST] fixture=1 class=attack_tail lower_us=970 n=1[0m
[0;32mI (50138) forensics: [CALLBACK_HIST] fixture=1 class=attack_tail lower_us=975 n=3[0m
[0;32mI (50138) forensics: [CALLBACK_HIST] fixture=1 class=attack_tail lower_us=980 n=4[0m
[0;32mI (50148) forensics: [CALLBACK_HIST] fixture=1 class=attack_tail lower_us=985 n=10[0m
[0;32mI (50158) forensics: [CALLBACK_HIST] fixture=1 class=attack_tail lower_us=990 n=5[0m
[0;32mI (50168) forensics: [CALLBACK_HIST] fixture=1 class=attack_tail lower_us=995 n=2[0m
[0;32mI (50178) forensics: [CALLBACK_HIST] fixture=1 class=attack_tail lower_us=1000 n=3[0m
[0;32mI (50188) forensics: [CALLBACK_HIST] fixture=1 class=attack_tail lower_us=1005 n=4[0m
[0;32mI (50188) forensics: [CALLBACK_HIST] fixture=1 class=attack_tail lower_us=1010 n=2[0m
[0;32mI (50198) forensics: [CALLBACK_HIST] fixture=1 class=attack_tail lower_us=1035 n=1[0m
[0;32mI (50208) forensics: [CALLBACK_HIST] fixture=1 class=attack_tail lower_us=1055 n=1[0m
[0;32mI (50218) forensics: [CALLBACK_HIST] fixture=1 class=attack_tail lower_us=1060 n=1[0m
[0;32mI (50228) forensics: [CALLBACK_HIST] fixture=1 class=attack_tail lower_us=1070 n=1[0m
[0;32mI (50228) forensics: [CALLBACK_HIST] fixture=1 class=attack_tail lower_us=1100 n=1[0m
[0;32mI (50238) forensics: [CALLBACK_HIST] fixture=1 class=attack_tail lower_us=1105 n=1[0m
[0;32mI (50248) forensics: [CALLBACK_HIST] fixture=1 class=attack_tail lower_us=1140 n=1[0m
[0;32mI (50258) forensics: [CALLBACK_HIST] fixture=1 class=attack_tail lower_us=1180 n=1[0m
[0;32mI (50268) forensics: [CALLBACK_HIST] fixture=1 class=attack_tail lower_us=1190 n=1[0m
[0;32mI (50278) forensics: [CURVE] model=VIBRAPHONE fixture=1 voices=4 class=event n=44 avg_us=1310.13 p95_us=1365 p99_us=1380 p995_us=1380 p999_us=1380 max_us=1377 deadline=0 bad_voices=0 ble_lost=0 hard=0 sat=0 bin_us=5 max_observed_voices=4[0m
[0;32mI (50298) forensics: [HIST] fixture=1 class=event lower_us=1275 n=1[0m
[0;32mI (50298) forensics: [HIST] fixture=1 class=event lower_us=1280 n=1[0m
[0;32mI (50308) forensics: [HIST] fixture=1 class=event lower_us=1285 n=3[0m
[0;32mI (50318) forensics: [HIST] fixture=1 class=event lower_us=1290 n=4[0m
[0;32mI (50328) forensics: [HIST] fixture=1 class=event lower_us=1295 n=6[0m
[0;32mI (50328) forensics: [HIST] fixture=1 class=event lower_us=1300 n=5[0m
[0;32mI (50338) forensics: [HIST] fixture=1 class=event lower_us=1305 n=2[0m
[0;32mI (50348) forensics: [HIST] fixture=1 class=event lower_us=1310 n=6[0m
[0;32mI (50348) forensics: [HIST] fixture=1 class=event lower_us=1315 n=6[0m
[0;32mI (50358) forensics: [HIST] fixture=1 class=event lower_us=1320 n=4[0m
[0;32mI (50368) forensics: [HIST] fixture=1 class=event lower_us=1325 n=1[0m
[0;32mI (50368) forensics: [HIST] fixture=1 class=event lower_us=1330 n=1[0m
[0;32mI (50378) forensics: [HIST] fixture=1 class=event lower_us=1355 n=1[0m
[0;32mI (50388) forensics: [HIST] fixture=1 class=event lower_us=1360 n=1[0m
[0;32mI (50388) forensics: [HIST] fixture=1 class=event lower_us=1370 n=1[0m
[0;32mI (50398) forensics: [HIST] fixture=1 class=event lower_us=1375 n=1[0m
[0;32mI (50408) forensics: [CALLBACK_CURVE] model=VIBRAPHONE fixture=1 voices=4 class=event n=44 avg_us=1427.95 p95_us=1510 p99_us=1570 p995_us=1570 p999_us=1570 max_us=1567 deadline=0 overhead_avg_us=117.83[0m
[0;32mI (50428) forensics: [CALLBACK_HIST] fixture=1 class=event lower_us=1355 n=1[0m
[0;32mI (50428) forensics: [CALLBACK_HIST] fixture=1 class=event lower_us=1380 n=2[0m
[0;32mI (50438) forensics: [CALLBACK_HIST] fixture=1 class=event lower_us=1385 n=2[0m
[0;32mI (50448) forensics: [CALLBACK_HIST] fixture=1 class=event lower_us=1395 n=1[0m
[0;32mI (50458) forensics: [CALLBACK_HIST] fixture=1 class=event lower_us=1400 n=3[0m
[0;32mI (50468) forensics: [CALLBACK_HIST] fixture=1 class=event lower_us=1405 n=6[0m
[0;32mI (50468) forensics: [CALLBACK_HIST] fixture=1 class=event lower_us=1410 n=3[0m
[0;32mI (50478) forensics: [CALLBACK_HIST] fixture=1 class=event lower_us=1415 n=4[0m
[0;32mI (50488) forensics: [CALLBACK_HIST] fixture=1 class=event lower_us=1420 n=1[0m
[0;32mI (50498) forensics: [CALLBACK_HIST] fixture=1 class=event lower_us=1425 n=3[0m
[0;32mI (50498) forensics: [CALLBACK_HIST] fixture=1 class=event lower_us=1430 n=2[0m
[0;32mI (50508) forensics: [CALLBACK_HIST] fixture=1 class=event lower_us=1435 n=6[0m
[0;32mI (50518) forensics: [CALLBACK_HIST] fixture=1 class=event lower_us=1440 n=1[0m
[0;32mI (50528) forensics: [CALLBACK_HIST] fixture=1 class=event lower_us=1445 n=2[0m
[0;32mI (50538) forensics: [CALLBACK_HIST] fixture=1 class=event lower_us=1450 n=3[0m
[0;32mI (50538) forensics: [CALLBACK_HIST] fixture=1 class=event lower_us=1500 n=1[0m
[0;32mI (50548) forensics: [CALLBACK_HIST] fixture=1 class=event lower_us=1505 n=1[0m
[0;32mI (50558) forensics: [CALLBACK_HIST] fixture=1 class=event lower_us=1530 n=1[0m
[0;32mI (50568) forensics: [CALLBACK_HIST] fixture=1 class=event lower_us=1565 n=1[0m
[0;32mI (50568) forensics: [CURVE] model=VIBRAPHONE fixture=1 voices=4 class=fixture_transition n=1 avg_us=462.72 p95_us=465 p99_us=465 p995_us=465 p999_us=465 max_us=463 deadline=0 bad_voices=0 ble_lost=0 hard=0 sat=0 bin_us=5 max_observed_voices=4[0m
[0;32mI (50598) forensics: [HIST] fixture=1 class=fixture_transition lower_us=460 n=1[0m
[0;32mI (50598) forensics: [CALLBACK_CURVE] model=VIBRAPHONE fixture=1 voices=4 class=fixture_transition n=1 avg_us=521.00 p95_us=525 p99_us=525 p995_us=525 p999_us=525 max_us=521 deadline=0 overhead_avg_us=58.28[0m
[0;32mI (50618) forensics: [CALLBACK_HIST] fixture=1 class=fixture_transition lower_us=520 n=1[0m
[0;32mI (50628) forensics: [FASTPATH] fixture=1 stable8=0 attack=8[0m
[0;32mI (50638) forensics: [OVERHEAD] fixture=1 blocks=8192 model_reset_avg_us=2.13 model_reset_max_us=23 queue_avg_us=2.16 queue_max_us=34 render_avg_us=727.13 telem_avg_us=3.90 telem_max_us=78 telem_publishes=1024[0m
[0;32mI (50958) pocket_pan_main: [AUDIO] model=PAN blocks=18768 avg_us=1239 p99_us=0 max_us=2308 cpu_load=46.5 deadline=0 timeout=0 tx_error=0 short=0[0m
[0;32mI (50958) pocket_pan_main: [MIDI] push=4 pop=4 drop=0 hwm=1 last=(n=60 v=75 t=78 hex=903C4B)[0m
[0;32mI (50968) pocket_pan_main: [BLE] state=8 interval_ms=11.25 latency=0 rssi=-60 reconnects=0 last_disconnect=0[0m
[0;32mI (50978) pocket_pan_main: [MEM] internal_free=66079 largest_internal=32768[0m
[0;32mI (50988) pocket_pan_main: [UIREDRAW] urgent=29 telemetry=204 skip=1302[0m
[0;32mI (55968) pocket_pan_main: [AUDIO] model=PAN blocks=20649 avg_us=1234 p99_us=1650 max_us=2336 cpu_load=46.3 deadline=0 timeout=0 tx_error=0 short=0[0m
[0;32mI (55968) pocket_pan_main: [MIDI] push=4 pop=4 drop=0 hwm=1 last=(n=60 v=75 t=78 hex=903C4B)[0m
[0;32mI (55978) pocket_pan_main: [BLE] state=8 interval_ms=11.25 latency=0 rssi=-58 reconnects=0 last_disconnect=0[0m
[0;32mI (55988) pocket_pan_main: [MEM] internal_free=66079 largest_internal=32768[0m
[0;32mI (55998) pocket_pan_main: [UIREDRAW] urgent=29 telemetry=228 skip=1444[0m
[0;32mI (60988) pocket_pan_main: [AUDIO] model=PAN blocks=22531 avg_us=1248 p99_us=1650 max_us=2336 cpu_load=46.8 deadline=0 timeout=0 tx_error=0 short=0[0m
[0;32mI (60988) pocket_pan_main: [MIDI] push=4 pop=4 drop=0 hwm=1 last=(n=60 v=75 t=78 hex=903C4B)[0m
[0;32mI (60998) pocket_pan_main: [BLE] state=8 interval_ms=11.25 latency=0 rssi=-61 reconnects=0 last_disconnect=0[0m
[0;32mI (61008) pocket_pan_main: [MEM] internal_free=66079 largest_internal=32768[0m
[0;32mI (61018) pocket_pan_main: [UIREDRAW] urgent=29 telemetry=251 skip=1587[0m
[0;32mI (66008) pocket_pan_main: [AUDIO] model=PAN blocks=24413 avg_us=1251 p99_us=1650 max_us=2509 cpu_load=46.9 deadline=0 timeout=0 tx_error=0 short=0[0m
[0;32mI (66008) pocket_pan_main: [MIDI] push=4 pop=4 drop=0 hwm=1 last=(n=60 v=75 t=78 hex=903C4B)[0m
[0;32mI (66018) pocket_pan_main: [BLE] state=8 interval_ms=11.25 latency=0 rssi=-60 reconnects=0 last_disconnect=0[0m
[0;32mI (66028) pocket_pan_main: [MEM] internal_free=66079 largest_internal=32768[0m
[0;32mI (66038) pocket_pan_main: [UIREDRAW] urgent=29 telemetry=275 skip=1729[0m
[0;32mI (70878) forensics: [FIXTURE_IO] model=VIBRAPHONE fixture=2 avg_us=1249 p99_us=1650 max_us=2509 cpu_pct=46.83 deadline=0 timeouts=0 tx_errors=0 short_writes=0[0m
[0;32mI (70878) forensics: [CURVE] model=VIBRAPHONE fixture=2 voices=8 class=true_steady n=8103 avg_us=1218.42 p95_us=1275 p99_us=1360 p995_us=1380 p999_us=1425 max_us=1488 deadline=0 bad_voices=0 ble_lost=0 hard=0 sat=0 bin_us=5 max_observed_voices=8[0m
[0;32mI (70908) forensics: [HIST] fixture=2 class=true_steady lower_us=1205 n=4561[0m
[0;32mI (70908) forensics: [HIST] fixture=2 class=true_steady lower_us=1210 n=1303[0m
[0;32mI (70918) forensics: [HIST] fixture=2 class=true_steady lower_us=1215 n=745[0m
[0;32mI (70928) forensics: [HIST] fixture=2 class=true_steady lower_us=1220 n=259[0m
[0;32mI (70938) forensics: [HIST] fixture=2 class=true_steady lower_us=1225 n=167[0m
[0;32mI (70948) forensics: [HIST] fixture=2 class=true_steady lower_us=1230 n=151[0m
[0;32mI (70948) forensics: [HIST] fixture=2 class=true_steady lower_us=1235 n=102[0m
[0;32mI (70958) forensics: [HIST] fixture=2 class=true_steady lower_us=1240 n=64[0m
[0;32mI (70968) forensics: [HIST] fixture=2 class=true_steady lower_us=1245 n=64[0m
[0;32mI (70978) forensics: [HIST] fixture=2 class=true_steady lower_us=1250 n=55[0m
[0;32mI (70978) forensics: [HIST] fixture=2 class=true_steady lower_us=1255 n=47[0m
[0;32mI (70988) forensics: [HIST] fixture=2 class=true_steady lower_us=1260 n=42[0m
[0;32mI (70998) forensics: [HIST] fixture=2 class=true_steady lower_us=1265 n=75[0m
[0;32mI (71008) forensics: [HIST] fixture=2 class=true_steady lower_us=1270 n=77[0m
[0;32mI (71008) forensics: [HIST] fixture=2 class=true_steady lower_us=1275 n=107[0m
[0;32mI (71018) forensics: [HIST] fixture=2 class=true_steady lower_us=1280 n=86[0m
[0;32mI (71028) forensics: [HIST] fixture=2 class=true_steady lower_us=1285 n=20[0m
[0;32mI (71038) forensics: [HIST] fixture=2 class=true_steady lower_us=1290 n=12[0m
[0;32mI (71038) forensics: [HIST] fixture=2 class=true_steady lower_us=1295 n=15[0m
[0;32mI (71048) forensics: [HIST] fixture=2 class=true_steady lower_us=1300 n=7[0m
[0;32mI (71058) forensics: [HIST] fixture=2 class=true_steady lower_us=1305 n=2[0m
[0;32mI (71068) forensics: [HIST] fixture=2 class=true_steady lower_us=1315 n=4[0m
[0;32mI (71068) forensics: [HIST] fixture=2 class=true_steady lower_us=1320 n=4[0m
[0;32mI (71078) forensics: [HIST] fixture=2 class=true_steady lower_us=1325 n=2[0m
[0;32mI (71088) forensics: [HIST] fixture=2 class=true_steady lower_us=1330 n=9[0m
[0;32mI (71098) forensics: [HIST] fixture=2 class=true_steady lower_us=1335 n=4[0m
[0;32mI (71098) forensics: [HIST] fixture=2 class=true_steady lower_us=1340 n=5[0m
[0;32mI (71108) forensics: [HIST] fixture=2 class=true_steady lower_us=1345 n=11[0m
[0;32mI (71118) forensics: [HIST] fixture=2 class=true_steady lower_us=1350 n=9[0m
[0;32mI (71128) forensics: [HIST] fixture=2 class=true_steady lower_us=1355 n=21[0m
[0;32mI (71128) forensics: [HIST] fixture=2 class=true_steady lower_us=1360 n=4[0m
[0;32mI (71138) forensics: [HIST] fixture=2 class=true_steady lower_us=1365 n=8[0m
[0;32mI (71148) forensics: [HIST] fixture=2 class=true_steady lower_us=1370 n=7[0m
[0;32mI (71158) forensics: [HIST] fixture=2 class=true_steady lower_us=1375 n=16[0m
[0;32mI (71158) forensics: [HIST] fixture=2 class=true_steady lower_us=1380 n=8[0m
[0;32mI (71168) forensics: [HIST] fixture=2 class=true_steady lower_us=1385 n=3[0m
[0;32mI (71178) forensics: [HIST] fixture=2 class=true_steady lower_us=1390 n=3[0m
[0;32mI (71188) forensics: [HIST] fixture=2 class=true_steady lower_us=1395 n=3[0m
[0;32mI (71188) forensics: [HIST] fixture=2 class=true_steady lower_us=1400 n=4[0m
[0;32mI (71198) forensics: [HIST] fixture=2 class=true_steady lower_us=1405 n=2[0m
[0;32mI (71208) forensics: [HIST] fixture=2 class=true_steady lower_us=1410 n=4[0m
[0;32mI (71218) forensics: [HIST] fixture=2 class=true_steady lower_us=1415 n=2[0m
[0;32mI (71218) forensics: [HIST] fixture=2 class=true_steady lower_us=1420 n=1[0m
[0;32mI (71228) forensics: [HIST] fixture=2 class=true_steady lower_us=1425 n=1[0m
[0;32mI (71238) forensics: [HIST] fixture=2 class=true_steady lower_us=1430 n=2[0m
[0;32mI (71248) forensics: [HIST] fixture=2 class=true_steady lower_us=1435 n=2[0m
[0;32mI (71248) forensics: [HIST] fixture=2 class=true_steady lower_us=1460 n=1[0m
[0;32mI (71258) forensics: [HIST] fixture=2 class=true_steady lower_us=1485 n=2[0m
[0;32mI (71268) forensics: [CALLBACK_CURVE] model=VIBRAPHONE fixture=2 voices=8 class=true_steady n=8103 avg_us=1236.45 p95_us=1315 p99_us=1455 p995_us=1495 p999_us=1555 max_us=1640 deadline=0 overhead_avg_us=18.02[0m
[0;32mI (71288) forensics: [CALLBACK_HIST] fixture=2 class=true_steady lower_us=725 n=1[0m
[0;32mI (71298) forensics: [CALLBACK_HIST] fixture=2 class=true_steady lower_us=1215 n=3787[0m
[0;32mI (71298) forensics: [CALLBACK_HIST] fixture=2 class=true_steady lower_us=1220 n=1182[0m
[0;32mI (71308) forensics: [CALLBACK_HIST] fixture=2 class=true_steady lower_us=1225 n=639[0m
[0;32mI (71318) forensics: [CALLBACK_HIST] fixture=2 class=true_steady lower_us=1230 n=332[0m
[0;32mI (71328) forensics: [CALLBACK_HIST] fixture=2 class=true_steady lower_us=1235 n=280[0m
[0;32mI (71338) forensics: [CALLBACK_HIST] fixture=2 class=true_steady lower_us=1240 n=317[0m
[0;32mI (71348) forensics: [CALLBACK_HIST] fixture=2 class=true_steady lower_us=1245 n=159[0m
[0;32mI (71348) forensics: [CALLBACK_HIST] fixture=2 class=true_steady lower_us=1250 n=108[0m
[0;32mI (71358) forensics: [CALLBACK_HIST] fixture=2 class=true_steady lower_us=1255 n=116[0m
[0;32mI (71368) forensics: [CALLBACK_HIST] fixture=2 class=true_steady lower_us=1260 n=77[0m
[0;32mI (71378) forensics: [CALLBACK_HIST] fixture=2 class=true_steady lower_us=1265 n=128[0m
[0;32mI (71388) forensics: [CALLBACK_HIST] fixture=2 class=true_steady lower_us=1270 n=109[0m
[0;32mI (71398) forensics: [CALLBACK_HIST] fixture=2 class=true_steady lower_us=1275 n=98[0m
[0;32mI (71398) forensics: [CALLBACK_HIST] fixture=2 class=true_steady lower_us=1280 n=78[0m
[0;32mI (71408) forensics: [CALLBACK_HIST] fixture=2 class=true_steady lower_us=1285 n=51[0m
[0;32mI (71418) forensics: [CALLBACK_HIST] fixture=2 class=true_steady lower_us=1290 n=47[0m
[0;32mI (71428) forensics: [CALLBACK_HIST] fixture=2 class=true_steady lower_us=1295 n=37[0m
[0;32mI (71438) forensics: [CALLBACK_HIST] fixture=2 class=true_steady lower_us=1300 n=46[0m
[0;32mI (71448) forensics: [CALLBACK_HIST] fixture=2 class=true_steady lower_us=1305 n=61[0m
[0;32mI (71448) forensics: [CALLBACK_HIST] fixture=2 class=true_steady lower_us=1310 n=47[0m
[0;32mI (71458) forensics: [CALLBACK_HIST] fixture=2 class=true_steady lower_us=1315 n=68[0m
[0;32mI (71468) forensics: [CALLBACK_HIST] fixture=2 class=true_steady lower_us=1320 n=44[0m
[0;32mI (71478) forensics: [CALLBACK_HIST] fixture=2 class=true_steady lower_us=1325 n=36[0m
[0;32mI (71488) forensics: [CALLBACK_HIST] fixture=2 class=true_steady lower_us=1330 n=30[0m
[0;32mI (71498) forensics: [CALLBACK_HIST] fixture=2 class=true_steady lower_us=1335 n=18[0m
[0;32mI (71498) forensics: [CALLBACK_HIST] fixture=2 class=true_steady lower_us=1340 n=18[0m
[0;32mI (71508) forensics: [CALLBACK_HIST] fixture=2 class=true_steady lower_us=1345 n=15[0m
[0;32mI (71518) forensics: [CALLBACK_HIST] fixture=2 class=true_steady lower_us=1350 n=9[0m
[0;32mI (71528) forensics: [CALLBACK_HIST] fixture=2 class=true_steady lower_us=1355 n=7[0m
[0;32mI (71538) forensics: [CALLBACK_HIST] fixture=2 class=true_steady lower_us=1360 n=6[0m
[0;32mI (71548) forensics: [CALLBACK_HIST] fixture=2 class=true_steady lower_us=1365 n=9[0m
[0;32mI (71548) forensics: [CALLBACK_HIST] fixture=2 class=true_steady lower_us=1370 n=12[0m
[0;32mI (71558) forensics: [CALLBACK_HIST] fixture=2 class=true_steady lower_us=1375 n=9[0m
[0;32mI (71568) forensics: [CALLBACK_HIST] fixture=2 class=true_steady lower_us=1380 n=3[0m
[0;32mI (71578) forensics: [CALLBACK_HIST] fixture=2 class=true_steady lower_us=1385 n=3[0m
[0;32mI (71588) forensics: [CALLBACK_HIST] fixture=2 class=true_steady lower_us=1395 n=4[0m
[0;32mI (71598) forensics: [CALLBACK_HIST] fixture=2 class=true_steady lower_us=1400 n=2[0m
[0;32mI (71598) forensics: [CALLBACK_HIST] fixture=2 class=true_steady lower_us=1405 n=1[0m
[0;32mI (71608) forensics: [CALLBACK_HIST] fixture=2 class=true_steady lower_us=1410 n=1[0m
[0;32mI (71618) forensics: [CALLBACK_HIST] fixture=2 class=true_steady lower_us=1415 n=3[0m
[0;32mI (71628) forensics: [CALLBACK_HIST] fixture=2 class=true_steady lower_us=1420 n=3[0m
[0;32mI (71638) forensics: [CALLBACK_HIST] fixture=2 class=true_steady lower_us=1425 n=3[0m
[0;32mI (71648) forensics: [CALLBACK_HIST] fixture=2 class=true_steady lower_us=1430 n=2[0m
[0;32mI (71648) forensics: [CALLBACK_HIST] fixture=2 class=true_steady lower_us=1435 n=5[0m
[0;32mI (71658) forensics: [CALLBACK_HIST] fixture=2 class=true_steady lower_us=1440 n=1[0m
[0;32mI (71668) forensics: [CALLBACK_HIST] fixture=2 class=true_steady lower_us=1445 n=7[0m
[0;32mI (71678) forensics: [CALLBACK_HIST] fixture=2 class=true_steady lower_us=1450 n=6[0m
[0;32mI (71688) forensics: [CALLBACK_HIST] fixture=2 class=true_steady lower_us=1455 n=3[0m
[0;32mI (71688) forensics: [CALLBACK_HIST] fixture=2 class=true_steady lower_us=1460 n=5[0m
[0;32mI (71698) forensics: [CALLBACK_HIST] fixture=2 class=true_steady lower_us=1465 n=2[0m
[0;32mI (71708) forensics: [CALLBACK_HIST] fixture=2 class=true_steady lower_us=1470 n=3[0m
[0;32mI (71718) forensics: [CALLBACK_HIST] fixture=2 class=true_steady lower_us=1475 n=4[0m
[0;32mI (71728) forensics: [CALLBACK_HIST] fixture=2 class=true_steady lower_us=1480 n=6[0m
[0;32mI (71738) forensics: [CALLBACK_HIST] fixture=2 class=true_steady lower_us=1485 n=8[0m
[0;32mI (71738) forensics: [CALLBACK_HIST] fixture=2 class=true_steady lower_us=1490 n=7[0m
[0;32mI (71748) forensics: [CALLBACK_HIST] fixture=2 class=true_steady lower_us=1495 n=4[0m
[0;32mI (71758) forensics: [CALLBACK_HIST] fixture=2 class=true_steady lower_us=1500 n=3[0m
[0;32mI (71768) forensics: [CALLBACK_HIST] fixture=2 class=true_steady lower_us=1505 n=2[0m
[0;32mI (71778) forensics: [CALLBACK_HIST] fixture=2 class=true_steady lower_us=1510 n=3[0m
[0;32mI (71788) forensics: [CALLBACK_HIST] fixture=2 class=true_steady lower_us=1515 n=3[0m
[0;32mI (71788) forensics: [CALLBACK_HIST] fixture=2 class=true_steady lower_us=1520 n=1[0m
[0;32mI (71798) forensics: [CALLBACK_HIST] fixture=2 class=true_steady lower_us=1525 n=3[0m
[0;32mI (71808) forensics: [CALLBACK_HIST] fixture=2 class=true_steady lower_us=1530 n=3[0m
[0;32mI (71818) forensics: [CALLBACK_HIST] fixture=2 class=true_steady lower_us=1535 n=1[0m
[0;32mI (71828) forensics: [CALLBACK_HIST] fixture=2 class=true_steady lower_us=1540 n=6[0m
[0;32mI (71828) forensics: [CALLBACK_HIST] fixture=2 class=true_steady lower_us=1550 n=4[0m
[0;32mI (71838) forensics: [CALLBACK_HIST] fixture=2 class=true_steady lower_us=1560 n=1[0m
[0;32mI (71848) forensics: [CALLBACK_HIST] fixture=2 class=true_steady lower_us=1565 n=1[0m
[0;32mI (71858) forensics: [CALLBACK_HIST] fixture=2 class=true_steady lower_us=1575 n=3[0m
[0;32mI (71868) forensics: [CALLBACK_HIST] fixture=2 class=true_steady lower_us=1615 n=1[0m
[0;32mI (71878) forensics: [CALLBACK_HIST] fixture=2 class=true_steady lower_us=1640 n=1[0m
[0;32mI (71878) forensics: [CURVE] model=VIBRAPHONE fixture=2 voices=8 class=attack_tail n=44 avg_us=1647.63 p95_us=1685 p99_us=1825 p995_us=1825 p999_us=1825 max_us=1820 deadline=0 bad_voices=0 ble_lost=0 hard=0 sat=0 bin_us=5 max_observed_voices=8[0m
[0;32mI (71908) forensics: [HIST] fixture=2 class=attack_tail lower_us=1625 n=1[0m
[0;32mI (71908) forensics: [HIST] fixture=2 class=attack_tail lower_us=1630 n=8[0m
[0;32mI (71918) forensics: [HIST] fixture=2 class=attack_tail lower_us=1635 n=13[0m
[0;32mI (71928) forensics: [HIST] fixture=2 class=attack_tail lower_us=1640 n=5[0m
[0;32mI (71938) forensics: [HIST] fixture=2 class=attack_tail lower_us=1645 n=9[0m
[0;32mI (71938) forensics: [HIST] fixture=2 class=attack_tail lower_us=1650 n=2[0m
[0;32mI (71948) forensics: [HIST] fixture=2 class=attack_tail lower_us=1655 n=1[0m
[0;32mI (71958) forensics: [HIST] fixture=2 class=attack_tail lower_us=1670 n=2[0m
[0;32mI (71968) forensics: [HIST] fixture=2 class=attack_tail lower_us=1680 n=1[0m
[0;32mI (71968) forensics: [HIST] fixture=2 class=attack_tail lower_us=1720 n=1[0m
[0;32mI (71978) forensics: [HIST] fixture=2 class=attack_tail lower_us=1820 n=1[0m
[0;32mI (71988) forensics: [CALLBACK_CURVE] model=VIBRAPHONE fixture=2 voices=8 class=attack_tail n=44 avg_us=1682.86 p95_us=1765 p99_us=1985 p995_us=1985 p999_us=1985 max_us=1982 deadline=0 overhead_avg_us=35.24[0m
[0;32mI (72008) forensics: [CALLBACK_HIST] fixture=2 class=attack_tail lower_us=1640 n=2[0m
[0;32mI (72018) forensics: [CALLBACK_HIST] fixture=2 class=attack_tail lower_us=1645 n=1[0m
[0;32mI (72018) forensics: [CALLBACK_HIST] fixture=2 class=attack_tail lower_us=1650 n=3[0m
[0;32mI (72028) forensics: [CALLBACK_HIST] fixture=2 class=attack_tail lower_us=1655 n=3[0m
[0;32mI (72038) forensics: [CALLBACK_HIST] fixture=2 class=attack_tail lower_us=1660 n=6[0m
[0;32mI (72048) forensics: [CALLBACK_HIST] fixture=2 class=attack_tail lower_us=1665 n=8[0m
[0;32mI (72058) forensics: [CALLBACK_HIST] fixture=2 class=attack_tail lower_us=1670 n=4[0m
[0;32mI (72068) forensics: [CALLBACK_HIST] fixture=2 class=attack_tail lower_us=1675 n=5[0m
[0;32mI (72068) forensics: [CALLBACK_HIST] fixture=2 class=attack_tail lower_us=1680 n=2[0m
[0;32mI (72078) forensics: [CALLBACK_HIST] fixture=2 class=attack_tail lower_us=1685 n=1[0m
[0;32mI (72088) forensics: [CALLBACK_HIST] fixture=2 class=attack_tail lower_us=1690 n=3[0m
[0;32mI (72098) forensics: [CALLBACK_HIST] fixture=2 class=attack_tail lower_us=1695 n=1[0m
[0;32mI (72108) forensics: [CALLBACK_HIST] fixture=2 class=attack_tail lower_us=1720 n=1[0m
[0;32mI (72118) forensics: [CALLBACK_HIST] fixture=2 class=attack_tail lower_us=1740 n=1[0m
[0;32mI (72118) forensics: [CALLBACK_HIST] fixture=2 class=attack_tail lower_us=1760 n=1[0m
[0;32mI (72128) forensics: [CALLBACK_HIST] fixture=2 class=attack_tail lower_us=1780 n=1[0m
[0;32mI (72138) forensics: [CALLBACK_HIST] fixture=2 class=attack_tail lower_us=1980 n=1[0m
[0;32mI (72148) forensics: [CURVE] model=VIBRAPHONE fixture=2 voices=8 class=event n=44 avg_us=2156.43 p95_us=2215 p99_us=2340 p995_us=2340 p999_us=2340 max_us=2335 deadline=0 bad_voices=0 ble_lost=0 hard=0 sat=0 bin_us=5 max_observed_voices=8[0m
[0;32mI (72168) forensics: [HIST] fixture=2 class=event lower_us=2115 n=1[0m
[0;32mI (72178) forensics: [HIST] fixture=2 class=event lower_us=2120 n=1[0m
[0;32mI (72178) forensics: [HIST] fixture=2 class=event lower_us=2125 n=6[0m
[0;32mI (72188) forensics: [HIST] fixture=2 class=event lower_us=2130 n=3[0m
[0;32mI (72198) forensics: [HIST] fixture=2 class=event lower_us=2135 n=3[0m
[0;32mI (72198) forensics: [HIST] fixture=2 class=event lower_us=2140 n=7[0m
[0;32mI (72208) forensics: [HIST] fixture=2 class=event lower_us=2145 n=4[0m
[0;32mI (72218) forensics: [HIST] fixture=2 class=event lower_us=2150 n=4[0m
[0;32mI (72228) forensics: [HIST] fixture=2 class=event lower_us=2155 n=3[0m
[0;32mI (72228) forensics: [HIST] fixture=2 class=event lower_us=2160 n=2[0m
[0;32mI (72238) forensics: [HIST] fixture=2 class=event lower_us=2165 n=1[0m
[0;32mI (72248) forensics: [HIST] fixture=2 class=event lower_us=2175 n=1[0m
[0;32mI (72248) forensics: [HIST] fixture=2 class=event lower_us=2180 n=1[0m
[0;32mI (72258) forensics: [HIST] fixture=2 class=event lower_us=2195 n=3[0m
[0;32mI (72268) forensics: [HIST] fixture=2 class=event lower_us=2205 n=1[0m
[0;32mI (72268) forensics: [HIST] fixture=2 class=event lower_us=2210 n=1[0m
[0;32mI (72278) forensics: [HIST] fixture=2 class=event lower_us=2230 n=1[0m
[0;32mI (72288) forensics: [HIST] fixture=2 class=event lower_us=2335 n=1[0m
[0;32mI (72288) forensics: [CALLBACK_CURVE] model=VIBRAPHONE fixture=2 voices=8 class=event n=44 avg_us=2280.84 p95_us=2360 p99_us=2510 p995_us=2510 p999_us=2510 max_us=2509 deadline=0 overhead_avg_us=124.41[0m
[0;32mI (72308) forensics: [CALLBACK_HIST] fixture=2 class=event lower_us=2225 n=1[0m
[0;32mI (72318) forensics: [CALLBACK_HIST] fixture=2 class=event lower_us=2230 n=1[0m
[0;32mI (72328) forensics: [CALLBACK_HIST] fixture=2 class=event lower_us=2235 n=1[0m
[0;32mI (72338) forensics: [CALLBACK_HIST] fixture=2 class=event lower_us=2240 n=3[0m
[0;32mI (72338) forensics: [CALLBACK_HIST] fixture=2 class=event lower_us=2245 n=4[0m
[0;32mI (72348) forensics: [CALLBACK_HIST] fixture=2 class=event lower_us=2250 n=5[0m
[0;32mI (72358) forensics: [CALLBACK_HIST] fixture=2 class=event lower_us=2255 n=1[0m
[0;32mI (72368) forensics: [CALLBACK_HIST] fixture=2 class=event lower_us=2260 n=4[0m
[0;32mI (72378) forensics: [CALLBACK_HIST] fixture=2 class=event lower_us=2265 n=4[0m
[0;32mI (72378) forensics: [CALLBACK_HIST] fixture=2 class=event lower_us=2270 n=1[0m
[0;32mI (72388) forensics: [CALLBACK_HIST] fixture=2 class=event lower_us=2275 n=3[0m
[0;32mI (72398) forensics: [CALLBACK_HIST] fixture=2 class=event lower_us=2280 n=2[0m
[0;32mI (72408) forensics: [CALLBACK_HIST] fixture=2 class=event lower_us=2285 n=4[0m
[0;32mI (72408) forensics: [CALLBACK_HIST] fixture=2 class=event lower_us=2300 n=2[0m
[0;32mI (72418) forensics: [CALLBACK_HIST] fixture=2 class=event lower_us=2305 n=1[0m
[0;32mI (72428) forensics: [CALLBACK_HIST] fixture=2 class=event lower_us=2330 n=2[0m
[0;32mI (72438) forensics: [CALLBACK_HIST] fixture=2 class=event lower_us=2335 n=1[0m
[0;32mI (72438) forensics: [CALLBACK_HIST] fixture=2 class=event lower_us=2345 n=1[0m
[0;32mI (72448) forensics: [CALLBACK_HIST] fixture=2 class=event lower_us=2355 n=1[0m
[0;32mI (72458) forensics: [CALLBACK_HIST] fixture=2 class=event lower_us=2370 n=1[0m
[0;32mI (72468) forensics: [CALLBACK_HIST] fixture=2 class=event lower_us=2505 n=1[0m
[0;32mI (72478) forensics: [CURVE] model=VIBRAPHONE fixture=2 voices=8 class=fixture_transition n=1 avg_us=524.16 p95_us=530 p99_us=530 p995_us=530 p999_us=530 max_us=525 deadline=0 bad_voices=0 ble_lost=0 hard=0 sat=0 bin_us=5 max_observed_voices=8[0m
[0;32mI (72498) forensics: [HIST] fixture=2 class=fixture_transition lower_us=525 n=1[0m
[0;32mI (72508) forensics: [CALLBACK_CURVE] model=VIBRAPHONE fixture=2 voices=8 class=fixture_transition n=1 avg_us=710.00 p95_us=715 p99_us=715 p995_us=715 p999_us=715 max_us=710 deadline=0 overhead_avg_us=185.84[0m
[0;32mI (72518) forensics: [CALLBACK_HIST] fixture=2 class=fixture_transition lower_us=710 n=1[0m
[0;32mI (72528) forensics: [FASTPATH] fixture=2 stable8=107 attack=16[0m
[0;32mI (72538) forensics: [OVERHEAD] fixture=2 blocks=8192 model_reset_avg_us=2.09 model_reset_max_us=21 queue_avg_us=2.10 queue_max_us=41 render_avg_us=1232.56 telem_avg_us=3.93 telem_max_us=123 telem_publishes=1024[0m
[0;32mI (72588) pocket_pan_main: [AUDIO] model=PAN blocks=26881 avg_us=10 p99_us=1650 max_us=2509 cpu_load=0.4 deadline=0 timeout=0 tx_error=0 short=0[0m
[0;32mI (72588) pocket_pan_main: [MIDI] push=4 pop=4 drop=0 hwm=1 last=(n=60 v=75 t=78 hex=903C4B)[0m
[0;32mI (72598) pocket_pan_main: [BLE] state=8 interval_ms=11.25 latency=0 rssi=-59 reconnects=0 last_disconnect=0[0m
[0;32mI (72608) pocket_pan_main: [MEM] internal_free=66079 largest_internal=32768[0m
[0;32mI (72618) pocket_pan_main: [UIREDRAW] urgent=29 telemetry=298 skip=1868[0m
[0;32mI (77608) pocket_pan_main: [AUDIO] model=PAN blocks=28762 avg_us=9 p99_us=25 max_us=2509 cpu_load=0.3 deadline=0 timeout=0 tx_error=0 short=0[0m
[0;32mI (77608) pocket_pan_main: [MIDI] push=4 pop=4 drop=0 hwm=1 last=(n=60 v=75 t=78 hex=903C4B)[0m
[0;32mI (77618) pocket_pan_main: [BLE] state=8 interval_ms=11.25 latency=0 rssi=-56 reconnects=0 last_disconnect=0[0m
[0;32mI (77628) pocket_pan_main: [MEM] internal_free=66079 largest_internal=32768[0m
[0;32mI (77638) pocket_pan_main: [UIREDRAW] urgent=29 telemetry=313 skip=2019[0m
