Executing action: flash
Running ninja in directory C:\progs\ESPan\build-ci-prod
Executing "ninja flash"...
[1/5] cmd.exe /C "cd /D C:\progs\ESPan\build-ci-prod\esp-idf\esptool_py && C:\Users\devx\.espressif\python_env\idf5.3_py3.14_env\Scripts\python.exe C:/Users/devx/esp/esp-idf/components/partition_table/check_sizes.py --offset 0x8000 partition --type app C:/progs/ESPan/build-ci-prod/partition_table/partition-table.bin C:/progs/ESPan/build-ci-prod/pocket_pan.bin"

pocket_pan.bin binary size 0xa93b0 bytes. Smallest app partition is 0x100000 bytes. 0x56c50 bytes (34%) free.


[2/5] Performing build step for 'bootloader'

[1/1] cmd.exe /C "cd /D C:\progs\ESPan\build-ci-prod\bootloader\esp-idf\esptool_py && C:\Users\devx\.espressif\python_env\idf5.3_py3.14_env\Scripts\python.exe C:/Users/devx/esp/esp-idf/components/partition_table/check_sizes.py --offset 0x8000 bootloader 0x0 C:/progs/ESPan/build-ci-prod/bootloader/bootloader.bin"


Bootloader binary size 0x5260 bytes. 0x2da0 bytes (36%) free.



[2/3] cmd.exe /C "cd /D C:\Users\devx\esp\esp-idf\components\esptool_py && C:\Users\devx\.espressif\tools\cmake\3.24.0\bin\cmaesptool.py --chip esp32s3 -p COM10 -b 460800 --before=default_reset --after=hard_reset write_flash --flash_mode dio --flash_freq 80m --flash_size 4MB 0x0 bootloader/bootloader.bin 0x10000 pocket_pan.bin 0x8000 partition_table/partition-table.bin

esptool.py v4.12.0

Serial port COM10

Connecting...

Chip is ESP32-S3 (QFN56) (revision v0.2)

Features: WiFi, BLE, Embedded Flash 4MB (XMC), Embedded PSRAM 2MB (AP_3v3)

Crystal is 40MHz

USB mode: USB-Serial/JTAG

MAC: b4:3a:45:ae:6f:28

Uploading stub...

Running stub...

Stub running...

Changing baud rate to 460800

Changed.

Configuring flash size...

Flash will be erased from 0x00000000 to 0x00005fff...

Flash will be erased from 0x00010000 to 0x000b9fff...

Flash will be erased from 0x00008000 to 0x00008fff...

SHA digest in image updated

Compressed 21088 bytes to 13056...

Writing at 0x00000000... (100 %)

Wrote 21088 bytes (13056 compressed) at 0x00000000 in 0.4 seconds (effective 414.8 kbit/s)...

Hash of data verified.

Compressed 693168 bytes to 426512...

Writing at 0x00010000... (3 %)

Writing at 0x0001db6c... (7 %)

Writing at 0x00027b61... (11 %)

Writing at 0x0002c88a... (14 %)

Writing at 0x000350a4... (18 %)

Writing at 0x0003b785... (22 %)

Writing at 0x00042a01... (25 %)

Writing at 0x0004826a... (29 %)

Writing at 0x0004db23... (33 %)

Writing at 0x000535ce... (37 %)

Writing at 0x00059411... (40 %)

Writing at 0x0005ec91... (44 %)

Writing at 0x000644ad... (48 %)

Writing at 0x00069ced... (51 %)

Writing at 0x0006f73e... (55 %)

Writing at 0x00075383... (59 %)

Writing at 0x0007ab52... (62 %)

Writing at 0x000802d5... (66 %)

Writing at 0x000859a5... (70 %)

Writing at 0x0008b6e2... (74 %)

Writing at 0x00090f7a... (77 %)

Writing at 0x00099147... (81 %)

Writing at 0x000a218b... (85 %)

Writing at 0x000a7ae4... (88 %)

Writing at 0x000acfcd... (92 %)

Writing at 0x000b2dd3... (96 %)

Writing at 0x000b9132... (100 %)

Wrote 693168 bytes (426512 compressed) at 0x00010000 in 6.3 seconds (effective 883.9 kbit/s)...

Hash of data verified.

Compressed 3072 bytes to 103...

Writing at 0x00008000... (100 %)

Wrote 3072 bytes (103 compressed) at 0x00008000 in 0.1 seconds (effective 303.5 kbit/s)...

Hash of data verified.



Leaving...

Hard resetting via RTS pin...

ke.exe -D IDF_PATH=C:/Users/devx/esp/esp-idf -D SERIAL_TOOL=C:/Users/devx/.espressif/python_env/idf5.3_py3.14_env/Scripts/python.exe;;C:/Users/devx/esp/esp-idf/components/esptool_py/esptool/esptool.py;--chip;esp32s3 -D SERIAL_TOOL_ARGS=--before=default_reset;--after=hard_reset;write_flash;@flash_args -D WORKING_DIRECTORY=C:/progs/ESPan/build-ci-prod -P C:/Users/devx/esp/esp-idf/components/esptool_py/run_serial_tool.cmake"

Done
